
============================================================
Evaluating: /root/Tokenizer.scala
============================================================

✓ File exists
✓ Source loaded (16105 characters)

--- Checking Compilation ---
❌ Compilation failed
  - java.io.IOException: User limit of inotify instances reached or too many open files
  - Use 'last' for the full log.

--- Running Unit Tests ---
⚠ Skipping tests (sbt not available or compilation failed)

--- Evaluating Code Quality Criteria ---


FUNCTIONALITY_PRESERVATION:
----------------------------------------
Score: 5/5 (EXCELLENT)
  Found 9/9 required components
  Found 4/4 key methods

SCALA_CONVENTIONS:
----------------------------------------
Score: 4/5 (GOOD)
  ✓ camelCase_methods: 28 occurrences
  ✓ PascalCase_classes: 34 occurrences
  ✓ immutable_val: 30 occurrences
  ✓ case_class: 12 occurrences
  ✓ sealed_trait: 3 occurrences
  Suggestions:
    → Consider refactoring: Null usage (prefer Option)
    → Consider refactoring: Explicit return statement (often unnecessary in Scala)

READABILITY:
----------------------------------------
Score: 5/5 (EXCELLENT)
  Total lines: 533
  Scaladoc blocks: 33
  Single-line comments: 31
  Type annotations: 86

PARADIGM_MATCH:
----------------------------------------
Score: 4/5 (GOOD)
  ✓ map: 6 occurrences
  ✓ flatMap: 1 occurrences
  ✓ higher_order_func: 14 occurrences
  ✓ immutable_collections: 9 occurrences
  Immutability ratio (val/total): 83.33%
  Suggestions:
    → Consider reducing mutable variables (6 vars found)
    → Consider using Option instead of null

APPROPRIATE_ABSTRACTIONS:
----------------------------------------
Score: 5/5 (EXCELLENT)
  Traits defined: 4
  ✓ Sealed hierarchies: 3
  Generic type usages: 45
  Objects/Companions: 6
  ✓ Type class instances: 5

============================================================
EVALUATION SUMMARY
============================================================
Overall Score: 23/25 (92.0%)
Status: ❌ NEEDS IMPROVEMENT
============================================================

