
============================================================
Evaluating: /root/Tokenizer.scala
============================================================

✓ File exists
✓ Source loaded (18253 characters)

--- Checking Compilation ---
❌ Compilation failed
  - java.io.IOException: User limit of inotify instances reached or too many open files
  - Use 'last' for the full log.

--- Running Unit Tests ---
⚠ Skipping tests (sbt not available or compilation failed)

--- Evaluating Code Quality Criteria ---


FUNCTIONALITY_PRESERVATION:
----------------------------------------
Score: 5/5 (EXCELLENT)
  Found 9/9 required components
  Found 4/4 key methods

SCALA_CONVENTIONS:
----------------------------------------
Score: 4/5 (GOOD)
  ✓ camelCase_methods: 67 occurrences
  ✓ PascalCase_classes: 36 occurrences
  ✓ immutable_val: 39 occurrences
  ✓ case_class: 6 occurrences
  ✓ sealed_trait: 2 occurrences
  Suggestions:
    → Consider refactoring: Null usage (prefer Option)
    → Consider refactoring: Explicit return statement (often unnecessary in Scala)

READABILITY:
----------------------------------------
Score: 5/5 (EXCELLENT)
  Total lines: 615
  Scaladoc blocks: 27
  Single-line comments: 41
  Type annotations: 151

PARADIGM_MATCH:
----------------------------------------
Score: 4/5 (GOOD)
  ✓ map: 14 occurrences
  ✓ flatMap: 3 occurrences
  ✓ filter: 1 occurrences
  ✓ higher_order_func: 23 occurrences
  ✓ immutable_collections: 19 occurrences
  Suggestions:
    → Consider reducing mutable variables (5 vars found)
    → Consider using Option instead of null

APPROPRIATE_ABSTRACTIONS:
----------------------------------------
Score: 5/5 (EXCELLENT)
  Traits defined: 5
  ✓ Sealed hierarchies: 2
  Generic type usages: 68
  Objects/Companions: 5
  ✓ Variance annotations: 4

============================================================
EVALUATION SUMMARY
============================================================
Overall Score: 23/25 (92.0%)
Status: ❌ NEEDS IMPROVEMENT
============================================================

