INFO: Instrumenting arrow
INFO: Instrumenting arrow._version
INFO: Instrumenting arrow.api
INFO: Instrumenting datetime
INFO: Instrumenting arrow.arrow
INFO: Instrumenting calendar
INFO: Instrumenting locale
INFO: Instrumenting _locale
WARNING: It looks like this module is imported by a custom loader. Atheris has experimental support for this. However, it may be incompatible with certain libraries. If you experience unusual errors or poor coverage collection, try atheris.instrument_all() instead, add enable_loader_override=False to instrument_imports(), or file an issue on GitHub.
INFO: Instrumenting dateutil
INFO: Instrumenting dateutil._version
INFO: Instrumenting dateutil.tz
INFO: Instrumenting dateutil.tz.tz
INFO: Instrumenting struct
INFO: Instrumenting six
INFO: Instrumenting __future__
INFO: Instrumenting importlib.util
INFO: Instrumenting six.moves
INFO: Instrumenting dateutil.tz._common
INFO: Instrumenting dateutil.tz._factories
INFO: Instrumenting dateutil.tz.win
INFO: Instrumenting dateutil.relativedelta
INFO: Instrumenting dateutil._common
INFO: Instrumenting arrow.formatter
INFO: Instrumenting arrow.locales
INFO: Instrumenting arrow.constants
INFO: Instrumenting arrow.parser
INFO: Instrumenting zoneinfo
INFO: Instrumenting zoneinfo._tzpath
INFO: Instrumenting sysconfig
INFO: Instrumenting _sysconfigdata__linux_x86_64-linux-gnu
INFO: Instrumenting zoneinfo._common
INFO: Instrumenting arrow.util
INFO: Instrumenting dateutil.rrule
INFO: Instrumenting heapq
INFO: Instrumenting arrow.factory
INFO: Instrumenting decimal
INFO: Instrumenting numbers
INFO: Using built-in libfuzzer
WARNING: Failed to find function "__sanitizer_acquire_crash_state".
WARNING: Failed to find function "__sanitizer_print_stack_trace".
WARNING: Failed to find function "__sanitizer_set_death_callback".
INFO: Running with entropic power schedule (0xFF, 100).
INFO: Seed: 1250327443
INFO: -max_len is not provided; libFuzzer will not generate inputs larger than 4096 bytes
INFO: A corpus is not provided, starting from an empty corpus
#2	INITED cov: 4 ft: 4 corp: 1/1b exec/s: 0 rss: 49Mb
#169	NEW    cov: 54 ft: 54 corp: 2/5b lim: 4 exec/s: 0 rss: 49Mb L: 4/4 MS: 2 InsertByte-CopyPart-
#605	NEW    cov: 57 ft: 57 corp: 3/11b lim: 8 exec/s: 0 rss: 49Mb L: 6/6 MS: 1 InsertRepeatedBytes-
#624	NEW    cov: 58 ft: 58 corp: 4/17b lim: 8 exec/s: 0 rss: 49Mb L: 6/6 MS: 4 ChangeByte-ChangeByte-ChangeByte-ShuffleBytes-
#717	REDUCE cov: 58 ft: 58 corp: 4/16b lim: 8 exec/s: 0 rss: 49Mb L: 5/6 MS: 3 ChangeBit-CopyPart-CrossOver-
#966	NEW    cov: 66 ft: 78 corp: 5/24b lim: 8 exec/s: 0 rss: 49Mb L: 8/8 MS: 4 ChangeBit-InsertRepeatedBytes-CopyPart-ChangeBinInt-
#1033	REDUCE cov: 66 ft: 78 corp: 5/23b lim: 8 exec/s: 0 rss: 49Mb L: 5/8 MS: 2 ChangeBit-EraseBytes-
#1113	NEW    cov: 71 ft: 83 corp: 6/29b lim: 8 exec/s: 0 rss: 49Mb L: 6/8 MS: 5 ChangeBit-EraseBytes-EraseBytes-InsertRepeatedBytes-ChangeBit-
#1159	NEW    cov: 71 ft: 86 corp: 7/37b lim: 8 exec/s: 0 rss: 49Mb L: 8/8 MS: 1 CrossOver-
#1387	NEW    cov: 72 ft: 87 corp: 8/45b lim: 8 exec/s: 0 rss: 49Mb L: 8/8 MS: 3 InsertByte-CopyPart-CopyPart-
#1759	REDUCE cov: 72 ft: 87 corp: 8/43b lim: 11 exec/s: 0 rss: 49Mb L: 4/8 MS: 2 ChangeBit-EraseBytes-
#2275	REDUCE cov: 72 ft: 87 corp: 8/41b lim: 14 exec/s: 0 rss: 49Mb L: 6/8 MS: 1 EraseBytes-
#2313	NEW    cov: 74 ft: 89 corp: 9/49b lim: 14 exec/s: 0 rss: 49Mb L: 8/8 MS: 3 ChangeByte-ShuffleBytes-ChangeByte-
#2344	REDUCE cov: 74 ft: 89 corp: 9/47b lim: 14 exec/s: 0 rss: 49Mb L: 6/8 MS: 1 EraseBytes-
#2481	REDUCE cov: 84 ft: 99 corp: 10/59b lim: 14 exec/s: 0 rss: 49Mb L: 12/12 MS: 2 CMP-InsertRepeatedBytes- DE: "\377\377\377\377"-
#2524	REDUCE cov: 84 ft: 99 corp: 10/56b lim: 14 exec/s: 0 rss: 49Mb L: 9/9 MS: 3 InsertByte-ChangeBit-EraseBytes-
#2626	REDUCE cov: 85 ft: 100 corp: 11/65b lim: 14 exec/s: 0 rss: 49Mb L: 9/9 MS: 2 ChangeASCIIInt-ShuffleBytes-
#2707	REDUCE cov: 86 ft: 101 corp: 12/71b lim: 14 exec/s: 0 rss: 49Mb L: 6/9 MS: 1 CopyPart-
#2815	REDUCE cov: 86 ft: 101 corp: 12/70b lim: 14 exec/s: 0 rss: 49Mb L: 5/9 MS: 3 ChangeBit-ChangeBit-EraseBytes-
#2977	REDUCE cov: 118 ft: 135 corp: 13/77b lim: 14 exec/s: 0 rss: 49Mb L: 7/9 MS: 2 ChangeBinInt-EraseBytes-
#3009	REDUCE cov: 118 ft: 135 corp: 13/76b lim: 14 exec/s: 0 rss: 49Mb L: 5/9 MS: 2 ChangeASCIIInt-EraseBytes-
#3315	REDUCE cov: 118 ft: 135 corp: 13/73b lim: 17 exec/s: 0 rss: 49Mb L: 6/9 MS: 1 EraseBytes-
#3356	NEW    cov: 119 ft: 136 corp: 14/83b lim: 17 exec/s: 0 rss: 49Mb L: 10/10 MS: 1 CrossOver-
#3358	NEW    cov: 120 ft: 137 corp: 15/92b lim: 17 exec/s: 0 rss: 49Mb L: 9/10 MS: 2 EraseBytes-InsertByte-
#3721	NEW    cov: 120 ft: 148 corp: 16/103b lim: 17 exec/s: 0 rss: 49Mb L: 11/11 MS: 3 ChangeBit-ChangeByte-CopyPart-
#4082	REDUCE cov: 130 ft: 165 corp: 17/113b lim: 17 exec/s: 0 rss: 49Mb L: 10/11 MS: 1 CopyPart-
#4771	NEW    cov: 155 ft: 202 corp: 18/123b lim: 21 exec/s: 0 rss: 49Mb L: 10/11 MS: 4 ChangeBit-ShuffleBytes-ChangeBit-CrossOver-
#4772	NEW    cov: 155 ft: 205 corp: 19/132b lim: 21 exec/s: 0 rss: 49Mb L: 9/11 MS: 1 InsertByte-
#5173	NEW    cov: 157 ft: 222 corp: 20/142b lim: 21 exec/s: 0 rss: 49Mb L: 10/11 MS: 1 ChangeASCIIInt-
#5360	NEW    cov: 159 ft: 224 corp: 21/153b lim: 21 exec/s: 0 rss: 49Mb L: 11/11 MS: 2 ChangeByte-InsertByte-
#5981	NEW    cov: 161 ft: 238 corp: 22/164b lim: 25 exec/s: 0 rss: 49Mb L: 11/11 MS: 1 CopyPart-
#5990	NEW    cov: 161 ft: 241 corp: 23/188b lim: 25 exec/s: 0 rss: 49Mb L: 24/24 MS: 4 InsertByte-CrossOver-ShuffleBytes-CopyPart-
#6157	REDUCE cov: 161 ft: 241 corp: 23/187b lim: 25 exec/s: 0 rss: 49Mb L: 23/23 MS: 2 CrossOver-EraseBytes-
#6169	REDUCE cov: 161 ft: 241 corp: 23/183b lim: 25 exec/s: 0 rss: 49Mb L: 7/23 MS: 2 CopyPart-EraseBytes-
#6608	NEW    cov: 161 ft: 244 corp: 24/196b lim: 29 exec/s: 0 rss: 49Mb L: 13/23 MS: 4 CrossOver-CrossOver-ChangeBit-InsertByte-
#6621	NEW    cov: 162 ft: 248 corp: 25/219b lim: 29 exec/s: 0 rss: 49Mb L: 23/23 MS: 3 EraseBytes-EraseBytes-InsertRepeatedBytes-
#6720	NEW    cov: 162 ft: 250 corp: 26/248b lim: 29 exec/s: 6720 rss: 49Mb L: 29/29 MS: 4 EraseBytes-ChangeBit-CrossOver-InsertRepeatedBytes-
#7236	REDUCE cov: 162 ft: 250 corp: 26/246b lim: 33 exec/s: 7236 rss: 49Mb L: 11/29 MS: 1 EraseBytes-
#7954	REDUCE cov: 162 ft: 250 corp: 26/245b lim: 38 exec/s: 7954 rss: 49Mb L: 28/28 MS: 3 EraseBytes-ChangeByte-CrossOver-
#8582	NEW    cov: 162 ft: 251 corp: 27/256b lim: 43 exec/s: 8582 rss: 49Mb L: 11/28 MS: 3 ShuffleBytes-CopyPart-ChangeByte-
#8590	REDUCE cov: 162 ft: 252 corp: 28/295b lim: 43 exec/s: 8590 rss: 49Mb L: 39/39 MS: 3 CopyPart-ChangeBit-InsertByte-
#8599	REDUCE cov: 162 ft: 252 corp: 28/294b lim: 43 exec/s: 8599 rss: 49Mb L: 38/38 MS: 4 ChangeBit-InsertByte-ChangeByte-EraseBytes-
#8898	REDUCE cov: 162 ft: 252 corp: 28/292b lim: 43 exec/s: 8898 rss: 49Mb L: 26/38 MS: 4 ShuffleBytes-ChangeBit-ChangeByte-EraseBytes-
#8950	REDUCE cov: 162 ft: 254 corp: 29/331b lim: 43 exec/s: 8950 rss: 49Mb L: 39/39 MS: 2 CrossOver-CopyPart-
#9816	REDUCE cov: 162 ft: 254 corp: 29/330b lim: 48 exec/s: 9816 rss: 49Mb L: 7/39 MS: 1 EraseBytes-
#10953	REDUCE cov: 162 ft: 254 corp: 29/329b lim: 58 exec/s: 10953 rss: 49Mb L: 4/39 MS: 2 CopyPart-EraseBytes-
#11295	REDUCE cov: 162 ft: 254 corp: 29/328b lim: 58 exec/s: 11295 rss: 49Mb L: 8/39 MS: 2 CopyPart-EraseBytes-
#13218	REDUCE cov: 162 ft: 254 corp: 29/327b lim: 74 exec/s: 6609 rss: 49Mb L: 38/38 MS: 3 ChangeBit-EraseBytes-ChangeByte-
#13508	REDUCE cov: 162 ft: 254 corp: 29/326b lim: 74 exec/s: 6754 rss: 49Mb L: 22/38 MS: 5 EraseBytes-InsertByte-CopyPart-CopyPart-InsertByte-
#13521	REDUCE cov: 162 ft: 254 corp: 29/322b lim: 74 exec/s: 6760 rss: 49Mb L: 22/38 MS: 3 ChangeByte-CopyPart-EraseBytes-
#14268	REDUCE cov: 162 ft: 254 corp: 29/321b lim: 80 exec/s: 7134 rss: 49Mb L: 10/38 MS: 2 CrossOver-EraseBytes-
#15082	REDUCE cov: 162 ft: 256 corp: 30/370b lim: 86 exec/s: 7541 rss: 49Mb L: 49/49 MS: 4 PersAutoDict-InsertByte-ChangeBit-CopyPart- DE: "\377\377\377\377"-
#15646	REDUCE cov: 162 ft: 256 corp: 30/369b lim: 86 exec/s: 7823 rss: 49Mb L: 22/49 MS: 4 ChangeASCIIInt-ChangeBinInt-ChangeASCIIInt-EraseBytes-
#15988	REDUCE cov: 162 ft: 256 corp: 30/355b lim: 86 exec/s: 7994 rss: 49Mb L: 35/38 MS: 2 ChangeBinInt-EraseBytes-
#16384	pulse  cov: 162 ft: 256 corp: 30/355b lim: 86 exec/s: 8192 rss: 49Mb
#16433	REDUCE cov: 162 ft: 256 corp: 30/353b lim: 86 exec/s: 8216 rss: 49Mb L: 9/38 MS: 5 CopyPart-ChangeByte-ChangeASCIIInt-ShuffleBytes-EraseBytes-
#16931	REDUCE cov: 162 ft: 257 corp: 31/432b lim: 86 exec/s: 8465 rss: 49Mb L: 79/79 MS: 3 ChangeByte-InsertByte-InsertRepeatedBytes-
#16938	REDUCE cov: 162 ft: 257 corp: 31/428b lim: 86 exec/s: 8469 rss: 49Mb L: 75/75 MS: 2 ChangeASCIIInt-EraseBytes-
#18036	REDUCE cov: 162 ft: 257 corp: 31/427b lim: 92 exec/s: 6012 rss: 49Mb L: 8/75 MS: 3 PersAutoDict-EraseBytes-EraseBytes- DE: "\377\377\377\377"-
#18234	REDUCE cov: 162 ft: 257 corp: 31/424b lim: 92 exec/s: 6078 rss: 49Mb L: 72/72 MS: 3 ChangeByte-CopyPart-EraseBytes-
#18462	NEW    cov: 162 ft: 258 corp: 32/437b lim: 92 exec/s: 6154 rss: 49Mb L: 13/72 MS: 3 ChangeBit-ShuffleBytes-CrossOver-
#18488	NEW    cov: 166 ft: 277 corp: 33/455b lim: 92 exec/s: 6162 rss: 49Mb L: 18/72 MS: 1 CrossOver-
#18901	REDUCE cov: 166 ft: 277 corp: 33/436b lim: 92 exec/s: 6300 rss: 49Mb L: 53/53 MS: 3 ChangeASCIIInt-CMP-EraseBytes- DE: "\001\000\000\000\000\000\000\002"-
#19324	REDUCE cov: 166 ft: 277 corp: 33/434b lim: 92 exec/s: 6441 rss: 49Mb L: 33/53 MS: 3 ChangeByte-CrossOver-EraseBytes-
#19390	REDUCE cov: 166 ft: 277 corp: 33/433b lim: 92 exec/s: 6463 rss: 49Mb L: 21/53 MS: 1 EraseBytes-
#20098	REDUCE cov: 166 ft: 277 corp: 33/431b lim: 98 exec/s: 6699 rss: 49Mb L: 19/53 MS: 3 PersAutoDict-EraseBytes-InsertByte- DE: "\377\377\377\377"-
#20195	REDUCE cov: 166 ft: 278 corp: 34/523b lim: 98 exec/s: 6731 rss: 49Mb L: 92/92 MS: 2 CopyPart-CopyPart-
#20762	REDUCE cov: 166 ft: 278 corp: 34/522b lim: 98 exec/s: 6920 rss: 49Mb L: 9/92 MS: 2 InsertByte-EraseBytes-
#20788	REDUCE cov: 166 ft: 278 corp: 34/521b lim: 98 exec/s: 6929 rss: 49Mb L: 37/92 MS: 1 EraseBytes-
#21421	NEW    cov: 167 ft: 279 corp: 35/540b lim: 104 exec/s: 7140 rss: 49Mb L: 19/92 MS: 3 CrossOver-CrossOver-ChangeBit-
#22309	REDUCE cov: 167 ft: 279 corp: 35/538b lim: 110 exec/s: 5577 rss: 49Mb L: 17/92 MS: 3 ChangeASCIIInt-ChangeBit-EraseBytes-
#22330	REDUCE cov: 167 ft: 279 corp: 35/537b lim: 110 exec/s: 5582 rss: 49Mb L: 37/92 MS: 1 EraseBytes-
#22816	REDUCE cov: 167 ft: 279 corp: 35/536b lim: 110 exec/s: 5704 rss: 49Mb L: 7/92 MS: 1 EraseBytes-
#23407	REDUCE cov: 167 ft: 279 corp: 35/533b lim: 110 exec/s: 5851 rss: 49Mb L: 89/89 MS: 1 EraseBytes-
#24328	NEW    cov: 167 ft: 289 corp: 36/548b lim: 116 exec/s: 6082 rss: 49Mb L: 15/89 MS: 1 CrossOver-
#24378	REDUCE cov: 167 ft: 289 corp: 36/542b lim: 116 exec/s: 6094 rss: 49Mb L: 27/89 MS: 5 ChangeASCIIInt-InsertByte-ChangeByte-ChangeBit-EraseBytes-
#24709	REDUCE cov: 167 ft: 289 corp: 36/541b lim: 116 exec/s: 6177 rss: 49Mb L: 26/89 MS: 1 EraseBytes-
#25770	REDUCE cov: 167 ft: 289 corp: 36/539b lim: 122 exec/s: 6442 rss: 49Mb L: 15/89 MS: 1 EraseBytes-
#25791	REDUCE cov: 167 ft: 289 corp: 36/521b lim: 122 exec/s: 6447 rss: 49Mb L: 71/71 MS: 1 EraseBytes-
#26348	REDUCE cov: 167 ft: 289 corp: 36/513b lim: 122 exec/s: 6587 rss: 49Mb L: 63/63 MS: 2 ShuffleBytes-EraseBytes-
#28464	REDUCE cov: 167 ft: 289 corp: 36/507b lim: 142 exec/s: 5692 rss: 49Mb L: 47/63 MS: 1 EraseBytes-
#29772	REDUCE cov: 167 ft: 289 corp: 36/505b lim: 149 exec/s: 5954 rss: 49Mb L: 17/63 MS: 3 ShuffleBytes-ShuffleBytes-EraseBytes-
#29793	NEW    cov: 167 ft: 290 corp: 37/522b lim: 149 exec/s: 5958 rss: 49Mb L: 17/63 MS: 1 EraseBytes-
#31574	REDUCE cov: 167 ft: 290 corp: 37/517b lim: 163 exec/s: 5262 rss: 49Mb L: 17/63 MS: 1 EraseBytes-
#32500	REDUCE cov: 167 ft: 290 corp: 37/516b lim: 170 exec/s: 5416 rss: 49Mb L: 7/63 MS: 1 EraseBytes-
#32768	pulse  cov: 167 ft: 290 corp: 37/516b lim: 170 exec/s: 5461 rss: 49Mb
#33412	REDUCE cov: 167 ft: 290 corp: 37/515b lim: 177 exec/s: 5568 rss: 49Mb L: 14/63 MS: 2 ChangeBinInt-EraseBytes-
#33448	REDUCE cov: 167 ft: 290 corp: 37/514b lim: 177 exec/s: 5574 rss: 49Mb L: 13/63 MS: 1 EraseBytes-
#33981	REDUCE cov: 167 ft: 290 corp: 37/513b lim: 177 exec/s: 5663 rss: 49Mb L: 62/62 MS: 3 ChangeByte-ChangeASCIIInt-EraseBytes-
#34938	REDUCE cov: 167 ft: 290 corp: 37/499b lim: 184 exec/s: 5823 rss: 49Mb L: 48/48 MS: 2 EraseBytes-PersAutoDict- DE: "\001\000\000\000\000\000\000\002"-
#36430	NEW    cov: 168 ft: 291 corp: 38/524b lim: 198 exec/s: 5204 rss: 49Mb L: 25/48 MS: 2 PersAutoDict-ChangeByte- DE: "\001\000\000\000\000\000\000\002"-
#36747	REDUCE cov: 168 ft: 291 corp: 38/520b lim: 198 exec/s: 5249 rss: 49Mb L: 21/48 MS: 2 InsertByte-EraseBytes-
#37589	REDUCE cov: 168 ft: 291 corp: 38/511b lim: 205 exec/s: 5369 rss: 49Mb L: 12/48 MS: 2 ChangeASCIIInt-EraseBytes-
#38995	REDUCE cov: 168 ft: 291 corp: 38/509b lim: 212 exec/s: 5570 rss: 49Mb L: 10/48 MS: 1 EraseBytes-
#39027	REDUCE cov: 168 ft: 291 corp: 38/504b lim: 212 exec/s: 5575 rss: 49Mb L: 43/47 MS: 2 EraseBytes-InsertByte-
