INFO: Instrumenting 3655 functions...
INFO: Using built-in libfuzzer
WARNING: Failed to find function "__sanitizer_acquire_crash_state".
WARNING: Failed to find function "__sanitizer_print_stack_trace".
WARNING: Failed to find function "__sanitizer_set_death_callback".
INFO: Running with entropic power schedule (0xFF, 100).
INFO: Seed: 1681800723
INFO: -max_len is not provided; libFuzzer will not generate inputs larger than 4096 bytes
INFO: A corpus is not provided, starting from an empty corpus
#2	INITED cov: 67 ft: 67 corp: 1/1b exec/s: 0 rss: 61Mb
#320	NEW    cov: 280 ft: 290 corp: 2/3b lim: 6 exec/s: 0 rss: 61Mb L: 2/2 MS: 3 InsertByte-ChangeBinInt-ChangeBit-
#359	NEW    cov: 312 ft: 324 corp: 3/8b lim: 6 exec/s: 0 rss: 61Mb L: 5/5 MS: 4 CrossOver-ChangeBit-ChangeByte-InsertRepeatedBytes-
#431	NEW    cov: 313 ft: 325 corp: 4/12b lim: 6 exec/s: 0 rss: 61Mb L: 4/5 MS: 2 ChangeBit-CrossOver-
#501	NEW    cov: 315 ft: 327 corp: 5/16b lim: 6 exec/s: 0 rss: 61Mb L: 4/5 MS: 5 InsertByte-ChangeBinInt-CopyPart-EraseBytes-ChangeBinInt-
#522	REDUCE cov: 315 ft: 327 corp: 5/15b lim: 6 exec/s: 0 rss: 61Mb L: 3/5 MS: 1 EraseBytes-
#554	REDUCE cov: 315 ft: 327 corp: 5/14b lim: 6 exec/s: 0 rss: 61Mb L: 2/5 MS: 2 CrossOver-EraseBytes-
#728	REDUCE cov: 315 ft: 327 corp: 5/13b lim: 6 exec/s: 0 rss: 61Mb L: 3/5 MS: 4 CopyPart-CrossOver-ShuffleBytes-EraseBytes-
#1074	NEW    cov: 747 ft: 980 corp: 6/21b lim: 8 exec/s: 0 rss: 61Mb L: 8/8 MS: 1 CopyPart-
#1095	NEW    cov: 748 ft: 983 corp: 7/29b lim: 8 exec/s: 0 rss: 61Mb L: 8/8 MS: 1 ChangeByte-
#1166	NEW    cov: 749 ft: 999 corp: 8/37b lim: 8 exec/s: 0 rss: 61Mb L: 8/8 MS: 1 ChangeASCIIInt-
#1406	NEW    cov: 847 ft: 1413 corp: 9/45b lim: 8 exec/s: 0 rss: 61Mb L: 8/8 MS: 5 CopyPart-EraseBytes-InsertByte-ChangeByte-CrossOver-
#1502	NEW    cov: 848 ft: 1529 corp: 10/53b lim: 8 exec/s: 0 rss: 61Mb L: 8/8 MS: 1 ChangeByte-
#1543	NEW    cov: 848 ft: 1558 corp: 11/59b lim: 8 exec/s: 0 rss: 61Mb L: 6/8 MS: 1 EraseBytes-
#1730	NEW    cov: 849 ft: 1570 corp: 12/67b lim: 8 exec/s: 0 rss: 61Mb L: 8/8 MS: 2 ChangeByte-ChangeBinInt-
#2381	NEW    cov: 851 ft: 1590 corp: 13/76b lim: 14 exec/s: 0 rss: 61Mb L: 9/9 MS: 1 CrossOver-
#3063	NEW    cov: 856 ft: 1595 corp: 14/84b lim: 17 exec/s: 3063 rss: 61Mb L: 8/9 MS: 2 ChangeASCIIInt-ShuffleBytes-
#3205	NEW    cov: 858 ft: 1612 corp: 15/100b lim: 17 exec/s: 3205 rss: 61Mb L: 16/16 MS: 2 ChangeBit-CrossOver-
#3521	NEW    cov: 859 ft: 1624 corp: 16/116b lim: 17 exec/s: 3521 rss: 61Mb L: 16/16 MS: 1 ShuffleBytes-
#3577	NEW    cov: 859 ft: 1625 corp: 17/127b lim: 17 exec/s: 3577 rss: 61Mb L: 11/16 MS: 1 CrossOver-
#3758	NEW    cov: 859 ft: 1643 corp: 18/142b lim: 17 exec/s: 3758 rss: 61Mb L: 15/16 MS: 1 CrossOver-
#3941	NEW    cov: 861 ft: 1645 corp: 19/158b lim: 17 exec/s: 3941 rss: 61Mb L: 16/16 MS: 3 ChangeASCIIInt-ChangeASCIIInt-ChangeASCIIInt-
#4662	NEW    cov: 1177 ft: 2170 corp: 20/175b lim: 21 exec/s: 4662 rss: 61Mb L: 17/17 MS: 1 InsertByte-
#4680	NEW    cov: 1180 ft: 2187 corp: 21/192b lim: 21 exec/s: 4680 rss: 61Mb L: 17/17 MS: 3 EraseBytes-ShuffleBytes-CrossOver-
#5744	NEW    cov: 1180 ft: 2191 corp: 22/204b lim: 29 exec/s: 2872 rss: 61Mb L: 12/17 MS: 4 ShuffleBytes-EraseBytes-ChangeByte-CrossOver-
#6887	NEW    cov: 1180 ft: 2192 corp: 23/214b lim: 38 exec/s: 3443 rss: 61Mb L: 10/17 MS: 3 ChangeBinInt-ChangeBit-EraseBytes-
==288== libFuzzer: run interrupted; exiting
