INFO: Instrumenting 3670 functions...
INFO: Using built-in libfuzzer
WARNING: Failed to find function "__sanitizer_acquire_crash_state".
WARNING: Failed to find function "__sanitizer_print_stack_trace".
WARNING: Failed to find function "__sanitizer_set_death_callback".
INFO: Running with entropic power schedule (0xFF, 100).
INFO: Seed: 3154910704
INFO: -max_len is not provided; libFuzzer will not generate inputs larger than 4096 bytes
INFO: A corpus is not provided, starting from an empty corpus
#2	INITED cov: 68 ft: 68 corp: 1/1b exec/s: 0 rss: 61Mb
#1287	NEW    cov: 100 ft: 102 corp: 2/6b lim: 14 exec/s: 0 rss: 61Mb L: 5/5 MS: 5 InsertRepeatedBytes-CrossOver-EraseBytes-ShuffleBytes-CopyPart-
#1340	NEW    cov: 102 ft: 112 corp: 3/15b lim: 14 exec/s: 0 rss: 61Mb L: 9/9 MS: 3 InsertByte-InsertRepeatedBytes-ChangeByte-
#1361	REDUCE cov: 102 ft: 112 corp: 3/12b lim: 14 exec/s: 0 rss: 61Mb L: 6/6 MS: 1 EraseBytes-
#1394	REDUCE cov: 314 ft: 326 corp: 4/24b lim: 14 exec/s: 0 rss: 61Mb L: 12/12 MS: 3 InsertRepeatedBytes-ChangeBit-CopyPart-
#1404	REDUCE cov: 314 ft: 326 corp: 4/22b lim: 14 exec/s: 0 rss: 61Mb L: 4/12 MS: 5 ChangeByte-ChangeByte-CopyPart-CrossOver-CrossOver-
#1570	NEW    cov: 528 ft: 737 corp: 5/27b lim: 14 exec/s: 0 rss: 61Mb L: 5/12 MS: 1 CrossOver-
#1879	NEW    cov: 529 ft: 777 corp: 6/35b lim: 17 exec/s: 0 rss: 61Mb L: 8/12 MS: 4 ChangeBit-ShuffleBytes-ChangeBit-CrossOver-
#1893	NEW    cov: 537 ft: 820 corp: 7/44b lim: 17 exec/s: 0 rss: 61Mb L: 9/12 MS: 4 CopyPart-ShuffleBytes-ChangeBit-CopyPart-
#1925	NEW    cov: 548 ft: 946 corp: 8/51b lim: 17 exec/s: 0 rss: 61Mb L: 7/12 MS: 2 EraseBytes-ChangeByte-
#2074	NEW    cov: 849 ft: 1562 corp: 9/59b lim: 17 exec/s: 0 rss: 61Mb L: 8/12 MS: 4 InsertByte-ChangeASCIIInt-ChangeBinInt-EraseBytes-
#2085	NEW    cov: 850 ft: 1574 corp: 10/68b lim: 17 exec/s: 0 rss: 61Mb L: 9/12 MS: 1 CrossOver-
#2096	REDUCE cov: 850 ft: 1574 corp: 10/67b lim: 17 exec/s: 0 rss: 61Mb L: 3/12 MS: 1 EraseBytes-
#2257	NEW    cov: 850 ft: 1589 corp: 11/75b lim: 17 exec/s: 2257 rss: 61Mb L: 8/12 MS: 1 ChangeASCIIInt-
#2683	NEW    cov: 855 ft: 1595 corp: 12/86b lim: 21 exec/s: 2683 rss: 61Mb L: 11/12 MS: 1 CrossOver-
#2770	NEW    cov: 856 ft: 1596 corp: 13/95b lim: 21 exec/s: 2770 rss: 61Mb L: 9/12 MS: 2 InsertRepeatedBytes-ChangeBinInt-
#2836	NEW    cov: 857 ft: 1597 corp: 14/103b lim: 21 exec/s: 2836 rss: 61Mb L: 8/12 MS: 1 ChangeBit-
#2983	NEW    cov: 858 ft: 1598 corp: 15/112b lim: 21 exec/s: 2983 rss: 61Mb L: 9/12 MS: 2 ChangeBinInt-ChangeByte-
#3073	NEW    cov: 859 ft: 1610 corp: 16/119b lim: 21 exec/s: 3073 rss: 61Mb L: 7/12 MS: 5 ChangeByte-ShuffleBytes-ChangeByte-ChangeByte-EraseBytes-
#3127	REDUCE cov: 859 ft: 1610 corp: 16/118b lim: 21 exec/s: 3127 rss: 61Mb L: 8/12 MS: 4 ChangeBit-CopyPart-ChangeBit-EraseBytes-
#3450	REDUCE cov: 859 ft: 1610 corp: 16/115b lim: 21 exec/s: 3450 rss: 61Mb L: 5/12 MS: 3 ChangeByte-ChangeBinInt-EraseBytes-
#3671	REDUCE cov: 859 ft: 1610 corp: 16/111b lim: 21 exec/s: 3671 rss: 61Mb L: 5/12 MS: 1 EraseBytes-
#3852	REDUCE cov: 859 ft: 1610 corp: 16/109b lim: 21 exec/s: 3852 rss: 61Mb L: 3/12 MS: 1 EraseBytes-
#4030	REDUCE cov: 859 ft: 1610 corp: 16/108b lim: 21 exec/s: 4030 rss: 61Mb L: 2/12 MS: 3 ChangeBit-ShuffleBytes-EraseBytes-
#4448	REDUCE cov: 859 ft: 1610 corp: 16/107b lim: 25 exec/s: 4448 rss: 61Mb L: 4/12 MS: 3 ShuffleBytes-EraseBytes-ShuffleBytes-
#4470	NEW    cov: 859 ft: 1615 corp: 17/115b lim: 25 exec/s: 4470 rss: 61Mb L: 8/12 MS: 2 ChangeBit-InsertByte-
#4616	REDUCE cov: 859 ft: 1615 corp: 17/114b lim: 25 exec/s: 4616 rss: 61Mb L: 3/12 MS: 1 EraseBytes-
#4857	NEW    cov: 859 ft: 1633 corp: 18/124b lim: 25 exec/s: 2428 rss: 61Mb L: 10/12 MS: 1 InsertByte-
#5089	REDUCE cov: 859 ft: 1633 corp: 18/123b lim: 25 exec/s: 2544 rss: 61Mb L: 2/12 MS: 2 EraseBytes-ChangeBit-
#5173	NEW    cov: 860 ft: 1647 corp: 19/135b lim: 25 exec/s: 2586 rss: 61Mb L: 12/12 MS: 4 ChangeBit-CopyPart-ChangeBit-ChangeByte-
#6090	NEW    cov: 860 ft: 1675 corp: 20/144b lim: 33 exec/s: 3045 rss: 61Mb L: 9/12 MS: 2 EraseBytes-InsertByte-
#6466	NEW    cov: 860 ft: 1685 corp: 21/156b lim: 33 exec/s: 3233 rss: 61Mb L: 12/12 MS: 1 CrossOver-
#6656	NEW    cov: 862 ft: 1687 corp: 22/181b lim: 33 exec/s: 3328 rss: 61Mb L: 25/25 MS: 5 ChangeBinInt-InsertRepeatedBytes-ChangeBit-InsertRepeatedBytes-ChangeByte-
#7337	NEW    cov: 862 ft: 1731 corp: 23/192b lim: 38 exec/s: 3668 rss: 61Mb L: 11/25 MS: 1 InsertByte-
#7432	NEW    cov: 862 ft: 1744 corp: 24/205b lim: 38 exec/s: 3716 rss: 61Mb L: 13/25 MS: 5 InsertRepeatedBytes-CopyPart-ChangeBit-CrossOver-CopyPart-
#8192	pulse  cov: 862 ft: 1744 corp: 24/205b lim: 43 exec/s: 2730 rss: 61Mb
#8499	NEW    cov: 864 ft: 1751 corp: 25/218b lim: 48 exec/s: 2833 rss: 61Mb L: 13/25 MS: 2 ChangeASCIIInt-CopyPart-
#9846	NEW    cov: 864 ft: 1755 corp: 26/232b lim: 58 exec/s: 3282 rss: 61Mb L: 14/25 MS: 2 EraseBytes-CrossOver-
#11516	NEW    cov: 866 ft: 1764 corp: 27/248b lim: 74 exec/s: 2879 rss: 61Mb L: 16/25 MS: 5 ShuffleBytes-ShuffleBytes-InsertByte-CrossOver-EraseBytes-
#11902	NEW    cov: 878 ft: 1776 corp: 28/265b lim: 74 exec/s: 2975 rss: 61Mb L: 17/25 MS: 1 InsertByte-
#14063	NEW    cov: 878 ft: 1781 corp: 29/290b lim: 92 exec/s: 2812 rss: 61Mb L: 25/25 MS: 1 CrossOver-
#16384	pulse  cov: 878 ft: 1781 corp: 29/290b lim: 110 exec/s: 3276 rss: 61Mb
#16599	NEW    cov: 885 ft: 1939 corp: 30/298b lim: 116 exec/s: 3319 rss: 61Mb L: 8/25 MS: 1 ChangeBinInt-
#19070	NEW    cov: 885 ft: 1945 corp: 31/315b lim: 135 exec/s: 3178 rss: 61Mb L: 17/25 MS: 1 ShuffleBytes-
#19806	NEW    cov: 886 ft: 1946 corp: 32/323b lim: 142 exec/s: 3301 rss: 61Mb L: 8/25 MS: 1 ShuffleBytes-
#20258	NEW    cov: 886 ft: 1965 corp: 33/333b lim: 142 exec/s: 2894 rss: 61Mb L: 10/25 MS: 2 ShuffleBytes-CrossOver-
#21002	NEW    cov: 886 ft: 1989 corp: 34/344b lim: 149 exec/s: 3000 rss: 61Mb L: 11/25 MS: 4 ShuffleBytes-ChangeBinInt-CrossOver-CopyPart-
#21153	NEW    cov: 887 ft: 1991 corp: 35/354b lim: 149 exec/s: 3021 rss: 61Mb L: 10/25 MS: 1 CrossOver-
#21179	NEW    cov: 887 ft: 1992 corp: 36/364b lim: 149 exec/s: 3025 rss: 61Mb L: 10/25 MS: 1 CrossOver-
#22781	NEW    cov: 888 ft: 1993 corp: 37/379b lim: 163 exec/s: 3254 rss: 61Mb L: 15/25 MS: 2 ChangeByte-EraseBytes-
#23201	NEW    cov: 888 ft: 1994 corp: 38/506b lim: 163 exec/s: 2900 rss: 61Mb L: 127/127 MS: 5 ChangeBit-ChangeBinInt-InsertRepeatedBytes-InsertByte-CrossOver-
#24612	NEW    cov: 888 ft: 2178 corp: 39/521b lim: 177 exec/s: 3076 rss: 61Mb L: 15/127 MS: 1 InsertByte-
#24969	NEW    cov: 1171 ft: 2661 corp: 40/537b lim: 177 exec/s: 3121 rss: 62Mb L: 16/127 MS: 2 CopyPart-CrossOver-
#25127	NEW    cov: 1171 ft: 2844 corp: 41/561b lim: 177 exec/s: 3140 rss: 62Mb L: 24/127 MS: 3 CopyPart-ShuffleBytes-CrossOver-
#25218	NEW    cov: 1174 ft: 2861 corp: 42/577b lim: 177 exec/s: 3152 rss: 62Mb L: 16/127 MS: 1 ChangeBit-
#27710	NEW    cov: 1175 ft: 2867 corp: 43/594b lim: 198 exec/s: 3078 rss: 62Mb L: 17/127 MS: 2 ShuffleBytes-InsertByte-
#27711	NEW    cov: 1193 ft: 2923 corp: 44/604b lim: 198 exec/s: 3079 rss: 62Mb L: 10/127 MS: 1 ChangeBit-
#27712	NEW    cov: 1193 ft: 2924 corp: 45/616b lim: 198 exec/s: 3079 rss: 62Mb L: 12/127 MS: 1 ShuffleBytes-
#27908	NEW    cov: 1193 ft: 2929 corp: 46/626b lim: 198 exec/s: 3100 rss: 62Mb L: 10/127 MS: 1 EraseBytes-
#28065	NEW    cov: 1193 ft: 2930 corp: 47/642b lim: 198 exec/s: 3118 rss: 62Mb L: 16/127 MS: 2 ChangeASCIIInt-ChangeByte-
#28078	NEW    cov: 1193 ft: 3079 corp: 48/652b lim: 198 exec/s: 3119 rss: 62Mb L: 10/127 MS: 3 ShuffleBytes-ChangeByte-ChangeByte-
#28629	REDUCE cov: 1193 ft: 3079 corp: 48/651b lim: 198 exec/s: 2862 rss: 62Mb L: 15/127 MS: 1 EraseBytes-
#28690	REDUCE cov: 1193 ft: 3079 corp: 48/648b lim: 198 exec/s: 2869 rss: 62Mb L: 4/127 MS: 1 EraseBytes-
#29047	NEW    cov: 1194 ft: 3080 corp: 49/657b lim: 198 exec/s: 2904 rss: 62Mb L: 9/127 MS: 2 CrossOver-InsertByte-
#29654	REDUCE cov: 1194 ft: 3080 corp: 49/656b lim: 198 exec/s: 2965 rss: 62Mb L: 16/127 MS: 2 ShuffleBytes-EraseBytes-
#30005	REDUCE cov: 1194 ft: 3080 corp: 49/652b lim: 198 exec/s: 3000 rss: 62Mb L: 11/127 MS: 1 EraseBytes-
#30692	NEW    cov: 1194 ft: 3093 corp: 50/668b lim: 198 exec/s: 3069 rss: 62Mb L: 16/127 MS: 2 CopyPart-ShuffleBytes-
#30892	DONE   cov: 1194 ft: 3093 corp: 50/668b lim: 198 exec/s: 2808 rss: 62Mb
Done 30892 runs in 11 second(s)
