INFO: Instrumenting 3656 functions...
INFO: Using built-in libfuzzer
WARNING: Failed to find function "__sanitizer_acquire_crash_state".
WARNING: Failed to find function "__sanitizer_print_stack_trace".
WARNING: Failed to find function "__sanitizer_set_death_callback".
INFO: Running with entropic power schedule (0xFF, 100).
INFO: Seed: 125483536
INFO: -max_len is not provided; libFuzzer will not generate inputs larger than 4096 bytes
INFO: A corpus is not provided, starting from an empty corpus
#2	INITED cov: 68 ft: 68 corp: 1/1b exec/s: 0 rss: 61Mb
#427	NEW    cov: 281 ft: 291 corp: 2/3b lim: 8 exec/s: 0 rss: 61Mb L: 2/2 MS: 5 ShuffleBytes-ChangeByte-InsertByte-CrossOver-ChangeBinInt-
#951	NEW    cov: 283 ft: 293 corp: 3/7b lim: 11 exec/s: 0 rss: 61Mb L: 4/4 MS: 4 ShuffleBytes-CrossOver-InsertByte-InsertByte-
#961	NEW    cov: 284 ft: 294 corp: 4/12b lim: 11 exec/s: 0 rss: 61Mb L: 5/5 MS: 5 ChangeByte-InsertByte-ChangeBit-ShuffleBytes-ChangeByte-
#1059	REDUCE cov: 284 ft: 294 corp: 4/10b lim: 11 exec/s: 0 rss: 61Mb L: 3/4 MS: 3 InsertByte-EraseBytes-CrossOver-
#1120	REDUCE cov: 284 ft: 294 corp: 4/9b lim: 11 exec/s: 0 rss: 61Mb L: 2/4 MS: 1 EraseBytes-
#2262	REDUCE cov: 284 ft: 294 corp: 4/8b lim: 21 exec/s: 0 rss: 61Mb L: 3/3 MS: 2 InsertByte-EraseBytes-
#4010	REDUCE cov: 498 ft: 705 corp: 5/12b lim: 38 exec/s: 0 rss: 61Mb L: 4/4 MS: 3 CrossOver-ChangeByte-ChangeByte-
#4783	NEW    cov: 509 ft: 843 corp: 6/18b lim: 43 exec/s: 0 rss: 61Mb L: 6/6 MS: 3 CopyPart-ChangeBinInt-InsertByte-
#4977	NEW    cov: 510 ft: 871 corp: 7/24b lim: 43 exec/s: 0 rss: 61Mb L: 6/6 MS: 4 ChangeBit-InsertByte-EraseBytes-InsertByte-
#5539	NEW    cov: 542 ft: 905 corp: 8/30b lim: 48 exec/s: 0 rss: 61Mb L: 6/6 MS: 2 InsertRepeatedBytes-EraseBytes-
#5637	REDUCE cov: 542 ft: 905 corp: 8/29b lim: 48 exec/s: 0 rss: 61Mb L: 5/6 MS: 3 ShuffleBytes-CrossOver-EraseBytes-
#6258	REDUCE cov: 846 ft: 1539 corp: 9/37b lim: 53 exec/s: 0 rss: 61Mb L: 8/8 MS: 1 CopyPart-
#6274	NEW    cov: 846 ft: 1556 corp: 10/45b lim: 53 exec/s: 0 rss: 61Mb L: 8/8 MS: 1 ChangeASCIIInt-
#6581	NEW    cov: 850 ft: 1578 corp: 11/54b lim: 53 exec/s: 6581 rss: 61Mb L: 9/9 MS: 2 ShuffleBytes-InsertByte-
#6754	NEW    cov: 851 ft: 1579 corp: 12/63b lim: 53 exec/s: 6754 rss: 61Mb L: 9/9 MS: 3 ChangeASCIIInt-ChangeByte-ChangeByte-
#6825	NEW    cov: 852 ft: 1591 corp: 13/77b lim: 53 exec/s: 6825 rss: 61Mb L: 14/14 MS: 1 CrossOver-
#7106	NEW    cov: 857 ft: 1596 corp: 14/85b lim: 53 exec/s: 7106 rss: 61Mb L: 8/14 MS: 1 CrossOver-
#7617	NEW    cov: 859 ft: 1604 corp: 15/95b lim: 58 exec/s: 7617 rss: 61Mb L: 10/14 MS: 1 CrossOver-
#8198	NEW    cov: 859 ft: 1622 corp: 16/110b lim: 63 exec/s: 8198 rss: 61Mb L: 15/15 MS: 1 CrossOver-
#8310	NEW    cov: 859 ft: 1651 corp: 17/127b lim: 63 exec/s: 8310 rss: 61Mb L: 17/17 MS: 2 ChangeASCIIInt-CrossOver-
#8432	REDUCE cov: 859 ft: 1651 corp: 17/126b lim: 63 exec/s: 8432 rss: 61Mb L: 8/17 MS: 2 EraseBytes-CopyPart-
#8969	NEW    cov: 860 ft: 1686 corp: 18/138b lim: 68 exec/s: 8969 rss: 61Mb L: 12/17 MS: 2 EraseBytes-InsertByte-
#9500	NEW    cov: 862 ft: 1704 corp: 19/153b lim: 68 exec/s: 9500 rss: 61Mb L: 15/17 MS: 1 EraseBytes-
Done 10000 in 2 second(s)
INFO: Instrumentation complete.
Exception ignored in: <function _removeHandlerRef at 0x7f1beb4db420>
Traceback (most recent call last):
  File "/usr/local/lib/python3.11/logging/__init__.py", line 853, in _removeHandlerRef
TypeError: 'NoneType' object is not callable
