INFO: Instrumenting IPython
INFO: Instrumenting IPython.core
INFO: Instrumenting IPython.core.getipython
INFO: Instrumenting IPython.core.release
INFO: Instrumenting IPython.core.application
INFO: Instrumenting traitlets
INFO: Instrumenting traitlets.traitlets
INFO: Instrumenting traitlets.utils
INFO: Instrumenting traitlets.utils.bunch
INFO: Instrumenting traitlets.utils.descriptions
INFO: Instrumenting traitlets.utils.getargspec
INFO: Instrumenting traitlets.utils.importstring
INFO: Instrumenting traitlets.utils.sentinel
INFO: Instrumenting traitlets.utils.warnings
INFO: Instrumenting traitlets._version
INFO: Instrumenting traitlets.utils.decorators
INFO: Instrumenting traitlets.config
INFO: Instrumenting traitlets.config.application
INFO: Instrumenting json
INFO: Instrumenting json.decoder
INFO: Instrumenting json.scanner
INFO: Instrumenting json.encoder
INFO: Instrumenting pprint
INFO: Instrumenting logging.config
INFO: Instrumenting logging.handlers
INFO: Instrumenting socket
INFO: Instrumenting selectors
INFO: Instrumenting pickle
INFO: Instrumenting struct
INFO: Instrumenting _compat_pickle
INFO: Instrumenting queue
INFO: Instrumenting heapq
INFO: Instrumenting socketserver
INFO: Instrumenting traitlets.config.configurable
INFO: Instrumenting traitlets.utils.text
INFO: Instrumenting traitlets.config.loader
INFO: Instrumenting argparse
INFO: Instrumenting gettext
INFO: Instrumenting traitlets.utils.nested_update
INFO: Instrumenting IPython.core.crashhandler
INFO: Instrumenting IPython.core.ultratb
INFO: Instrumenting stack_data
INFO: Instrumenting stack_data.core
INFO: Instrumenting html
INFO: Instrumenting html.entities
INFO: Instrumenting executing
INFO: Instrumenting executing.executing
INFO: Instrumenting executing._utils
INFO: Instrumenting executing._position_node_finder
INFO: Instrumenting executing._exceptions
INFO: Instrumenting executing._pytest_utils
INFO: Instrumenting executing.version
INFO: Instrumenting asttokens
INFO: Instrumenting asttokens.line_numbers
INFO: Instrumenting asttokens.asttokens
INFO: Instrumenting asttokens.util
INFO: Instrumenting pure_eval
INFO: Instrumenting pure_eval.core
INFO: Instrumenting pure_eval.my_getattr_static
INFO: Instrumenting pure_eval.utils
INFO: Instrumenting datetime
INFO: Instrumenting decimal
INFO: Instrumenting numbers
INFO: Instrumenting fractions
INFO: Instrumenting pure_eval.version
INFO: Instrumenting stack_data.utils
INFO: Instrumenting stack_data.formatting
INFO: Instrumenting stack_data.serializing
INFO: Instrumenting stack_data.version
INFO: Instrumenting pygments
INFO: Instrumenting pygments.formatters
INFO: Instrumenting pygments.formatters._mapping
INFO: Instrumenting pygments.plugin
INFO: Instrumenting importlib.metadata
INFO: Instrumenting csv
INFO: Instrumenting email
INFO: Instrumenting zipfile
INFO: Instrumenting importlib.metadata._adapters
INFO: Instrumenting email.message
INFO: Instrumenting quopri
INFO: Instrumenting email.utils
INFO: Instrumenting email._parseaddr
INFO: Instrumenting calendar
INFO: Instrumenting locale
INFO: Instrumenting _locale
WARNING: It looks like this module is imported by a custom loader. Atheris has experimental support for this. However, it may be incompatible with certain libraries. If you experience unusual errors or poor coverage collection, try atheris.instrument_all() instead, add enable_loader_override=False to instrument_imports(), or file an issue on GitHub.
INFO: Instrumenting email.charset
INFO: Instrumenting email.base64mime
INFO: Instrumenting base64
INFO: Instrumenting email.quoprimime
INFO: Instrumenting email.errors
INFO: Instrumenting email.encoders
INFO: Instrumenting email._policybase
INFO: Instrumenting email.header
INFO: Instrumenting email._encoded_words
INFO: Instrumenting email.iterators
INFO: Instrumenting importlib.metadata._text
INFO: Instrumenting importlib.metadata._functools
INFO: Instrumenting importlib.metadata._meta
INFO: Instrumenting importlib.metadata._collections
INFO: Instrumenting importlib.metadata._itertools
INFO: Instrumenting pygments.util
INFO: Instrumenting pygments.formatters.terminal256
INFO: Instrumenting pygments.formatter
INFO: Instrumenting pygments.styles
INFO: Instrumenting pygments.styles._mapping
INFO: Instrumenting pygments.console
INFO: Instrumenting pygments.style
INFO: Instrumenting pygments.token
INFO: Instrumenting IPython.utils
INFO: Instrumenting IPython.utils.path
INFO: Instrumenting glob
INFO: Instrumenting IPython.utils.process
INFO: Instrumenting IPython.utils._process_posix
INFO: Instrumenting subprocess
INFO: Instrumenting signal
INFO: Instrumenting IPython.utils._process_common
INFO: Instrumenting shlex
INFO: Instrumenting IPython.utils.py3compat
INFO: Instrumenting platform
INFO: Instrumenting IPython.utils.encoding
INFO: Instrumenting IPython.utils.PyColorize
INFO: Instrumenting pygments.styles.monokai
INFO: Instrumenting pygments.styles.default
INFO: Instrumenting pygments.styles.pastie
INFO: Instrumenting pygments.styles.gruvbox
INFO: Instrumenting IPython.utils.terminal
INFO: Instrumenting IPython.core.display_trap
INFO: Instrumenting IPython.core.doctb
INFO: Instrumenting IPython.core.tbtools
INFO: Instrumenting pydoc
INFO: Instrumenting pkgutil
INFO: Instrumenting sysconfig
INFO: Instrumenting _sysconfigdata__linux_x86_64-linux-gnu
INFO: Instrumenting IPython.core.debugger
INFO: Instrumenting IPython.core.debugger_backport
INFO: Instrumenting codeop
INFO: Instrumenting pdb
INFO: Instrumenting cmd
INFO: Instrumenting bdb
INFO: Instrumenting code
INFO: Instrumenting IPython.utils.sysinfo
INFO: Instrumenting IPython.utils._sysinfo
INFO: Instrumenting IPython.core.profiledir
INFO: Instrumenting IPython.paths
INFO: Instrumenting IPython.utils.importstring
INFO: Instrumenting IPython.terminal
INFO: Instrumenting IPython.terminal.embed
INFO: Instrumenting IPython.core.compilerop
INFO: Instrumenting hashlib
INFO: Instrumenting IPython.core.magic_arguments
INFO: Instrumenting IPython.core.error
INFO: Instrumenting IPython.utils.decorators
INFO: Instrumenting IPython.utils.docs
INFO: Instrumenting IPython.utils.text
INFO: Instrumenting IPython.core.magic
INFO: Instrumenting getopt
INFO: Instrumenting IPython.core.oinspect
INFO: Instrumenting IPython.core.page
INFO: Instrumenting IPython.display
INFO: Instrumenting IPython.core.display_functions
INFO: Instrumenting IPython.core.display
INFO: Instrumenting mimetypes
INFO: Instrumenting IPython.testing
INFO: Instrumenting IPython.testing.skipdoctest
INFO: Instrumenting IPython.lib
INFO: Instrumenting IPython.lib.display
INFO: Instrumenting IPython.utils.data
INFO: Instrumenting IPython.lib.pretty
INFO: Instrumenting IPython.utils.openpy
INFO: Instrumenting IPython.utils.dir2
INFO: Instrumenting IPython.utils.wildcard
INFO: Instrumenting pygments.lexers
INFO: Instrumenting pygments.lexers._mapping
INFO: Instrumenting pygments.modeline
INFO: Instrumenting pygments.lexers.python
INFO: Instrumenting pygments.lexer
INFO: Instrumenting pygments.filter
INFO: Instrumenting pygments.filters
INFO: Instrumenting pygments.regexopt
INFO: Instrumenting pygments.unistring
INFO: Instrumenting pygments.formatters.html
INFO: Instrumenting IPython.core.inputtransformer2
INFO: Instrumenting IPython.utils.tokenutil
INFO: Instrumenting IPython.utils.ipstruct
INFO: Instrumenting IPython.core.interactiveshell
INFO: Instrumenting runpy
INFO: Instrumenting IPython.external
INFO: Instrumenting IPython.external.pickleshare
INFO: Instrumenting IPython.core.hooks
INFO: Instrumenting IPython.core.prefilter
INFO: Instrumenting IPython.core.autocall
INFO: Instrumenting IPython.core.macro
INFO: Instrumenting IPython.core.splitinput
INFO: Instrumenting IPython.core.alias
INFO: Instrumenting IPython.core.builtin_trap
INFO: Instrumenting IPython.core.displayhook
INFO: Instrumenting IPython.core.history
INFO: Instrumenting decorator
INFO: Instrumenting sqlite3
INFO: Instrumenting sqlite3.dbapi2
INFO: Instrumenting IPython.core.displaypub
INFO: Instrumenting IPython.core.events
INFO: Instrumenting IPython.core.extensions
INFO: Instrumenting IPython.core.formatters
INFO: Instrumenting IPython.utils.sentinel
INFO: Instrumenting IPython.core.logger
INFO: Instrumenting IPython.core.payload
INFO: Instrumenting IPython.core.tips
INFO: Instrumenting IPython.core.usage
INFO: Instrumenting IPython.utils.io
INFO: Instrumenting IPython.utils.capture
INFO: Instrumenting IPython.utils.strdispatch
INFO: Instrumenting IPython.utils.syspathcontext
INFO: Instrumenting IPython.core.async_helpers
INFO: Instrumenting asyncio
INFO: Instrumenting asyncio.base_events
INFO: Instrumenting concurrent
INFO: Instrumenting concurrent.futures
INFO: Instrumenting concurrent.futures._base
INFO: Instrumenting ssl
INFO: Instrumenting asyncio.constants
INFO: Instrumenting asyncio.coroutines
INFO: Instrumenting asyncio.events
INFO: Instrumenting contextvars
INFO: Instrumenting asyncio.format_helpers
INFO: Instrumenting asyncio.base_futures
INFO: Instrumenting asyncio.exceptions
INFO: Instrumenting asyncio.base_tasks
INFO: Instrumenting asyncio.futures
INFO: Instrumenting asyncio.protocols
INFO: Instrumenting asyncio.sslproto
INFO: Instrumenting asyncio.transports
INFO: Instrumenting asyncio.log
INFO: Instrumenting asyncio.staggered
INFO: Instrumenting asyncio.locks
INFO: Instrumenting asyncio.mixins
INFO: Instrumenting asyncio.tasks
INFO: Instrumenting asyncio.trsock
INFO: Instrumenting asyncio.runners
INFO: Instrumenting asyncio.queues
INFO: Instrumenting asyncio.streams
INFO: Instrumenting asyncio.subprocess
INFO: Instrumenting asyncio.taskgroups
INFO: Instrumenting asyncio.timeouts
INFO: Instrumenting asyncio.threads
INFO: Instrumenting asyncio.unix_events
INFO: Instrumenting asyncio.base_subprocess
INFO: Instrumenting asyncio.selector_events
INFO: Instrumenting IPython.terminal.interactiveshell
INFO: Instrumenting prompt_toolkit
INFO: Instrumenting prompt_toolkit.application
INFO: Instrumenting prompt_toolkit.application.application
INFO: Instrumenting prompt_toolkit.buffer
INFO: Instrumenting prompt_toolkit.application.current
INFO: Instrumenting prompt_toolkit.application.run_in_terminal
INFO: Instrumenting prompt_toolkit.eventloop
INFO: Instrumenting prompt_toolkit.eventloop.async_generator
INFO: Instrumenting prompt_toolkit.eventloop.utils
INFO: Instrumenting prompt_toolkit.eventloop.inputhook
INFO: Instrumenting prompt_toolkit.auto_suggest
INFO: Instrumenting prompt_toolkit.document
INFO: Instrumenting prompt_toolkit.clipboard
INFO: Instrumenting prompt_toolkit.clipboard.base
INFO: Instrumenting prompt_toolkit.selection
INFO: Instrumenting prompt_toolkit.clipboard.in_memory
INFO: Instrumenting prompt_toolkit.filters
INFO: Instrumenting prompt_toolkit.filters.app
INFO: Instrumenting prompt_toolkit.cache
INFO: Instrumenting prompt_toolkit.enums
INFO: Instrumenting prompt_toolkit.filters.base
INFO: Instrumenting prompt_toolkit.filters.cli
INFO: Instrumenting prompt_toolkit.filters.utils
INFO: Instrumenting prompt_toolkit.completion
INFO: Instrumenting prompt_toolkit.completion.base
INFO: Instrumenting prompt_toolkit.formatted_text
INFO: Instrumenting prompt_toolkit.formatted_text.ansi
INFO: Instrumenting prompt_toolkit.output
INFO: Instrumenting prompt_toolkit.output.base
INFO: Instrumenting prompt_toolkit.cursor_shapes
INFO: Instrumenting prompt_toolkit.key_binding
INFO: Instrumenting prompt_toolkit.key_binding.key_bindings
INFO: Instrumenting prompt_toolkit.keys
INFO: Instrumenting prompt_toolkit.key_binding.key_processor
INFO: Instrumenting prompt_toolkit.utils
INFO: Instrumenting wcwidth
INFO: Instrumenting wcwidth.wcwidth
INFO: Instrumenting wcwidth.bisearch
INFO: Instrumenting wcwidth.grapheme
INFO: Instrumenting wcwidth.table_grapheme
INFO: Instrumenting wcwidth.sgr_state
INFO: Instrumenting wcwidth.table_vs16
INFO: Instrumenting wcwidth.table_wide
INFO: Instrumenting wcwidth.table_zero
INFO: Instrumenting wcwidth.control_codes
INFO: Instrumenting wcwidth.table_ambiguous
INFO: Instrumenting wcwidth.escape_sequences
INFO: Instrumenting wcwidth.unicode_versions
INFO: Instrumenting wcwidth.textwrap
INFO: Instrumenting secrets
INFO: Instrumenting hmac
INFO: Instrumenting prompt_toolkit.key_binding.vi_state
INFO: Instrumenting prompt_toolkit.data_structures
INFO: Instrumenting prompt_toolkit.styles
INFO: Instrumenting prompt_toolkit.styles.base
INFO: Instrumenting prompt_toolkit.styles.defaults
INFO: Instrumenting prompt_toolkit.styles.named_colors
INFO: Instrumenting prompt_toolkit.styles.style
INFO: Instrumenting prompt_toolkit.styles.pygments
INFO: Instrumenting prompt_toolkit.styles.style_transformation
INFO: Instrumenting colorsys
INFO: Instrumenting prompt_toolkit.output.color_depth
INFO: Instrumenting prompt_toolkit.output.defaults
INFO: Instrumenting prompt_toolkit.output.plain_text
INFO: Instrumenting prompt_toolkit.output.flush_stdout
INFO: Instrumenting prompt_toolkit.output.vt100
INFO: Instrumenting prompt_toolkit.formatted_text.base
INFO: Instrumenting prompt_toolkit.mouse_events
INFO: Instrumenting prompt_toolkit.formatted_text.html
INFO: Instrumenting xml
INFO: Instrumenting xml.dom
INFO: Instrumenting xml.dom.domreg
INFO: Instrumenting xml.dom.minidom
INFO: Instrumenting xml.dom.minicompat
INFO: Instrumenting xml.dom.xmlbuilder
INFO: Instrumenting xml.dom.NodeFilter
INFO: Instrumenting prompt_toolkit.formatted_text.pygments
INFO: Instrumenting prompt_toolkit.formatted_text.utils
INFO: Instrumenting prompt_toolkit.completion.deduplicate
INFO: Instrumenting prompt_toolkit.completion.filesystem
INFO: Instrumenting prompt_toolkit.completion.fuzzy_completer
INFO: Instrumenting prompt_toolkit.completion.word_completer
INFO: Instrumenting prompt_toolkit.completion.nested
INFO: Instrumenting prompt_toolkit.history
INFO: Instrumenting prompt_toolkit.search
INFO: Instrumenting prompt_toolkit.validation
INFO: Instrumenting prompt_toolkit.input
INFO: Instrumenting prompt_toolkit.input.base
INFO: Instrumenting prompt_toolkit.input.defaults
INFO: Instrumenting prompt_toolkit.input.typeahead
INFO: Instrumenting prompt_toolkit.key_binding.bindings
INFO: Instrumenting prompt_toolkit.key_binding.bindings.page_navigation
INFO: Instrumenting prompt_toolkit.key_binding.bindings.scroll
INFO: Instrumenting prompt_toolkit.key_binding.defaults
INFO: Instrumenting prompt_toolkit.key_binding.bindings.basic
INFO: Instrumenting prompt_toolkit.key_binding.bindings.named_commands
INFO: Instrumenting prompt_toolkit.layout
INFO: Instrumenting prompt_toolkit.layout.containers
INFO: Instrumenting prompt_toolkit.layout.controls
INFO: Instrumenting prompt_toolkit.lexers
INFO: Instrumenting prompt_toolkit.lexers.base
INFO: Instrumenting prompt_toolkit.lexers.pygments
INFO: Instrumenting prompt_toolkit.layout.processors
INFO: Instrumenting prompt_toolkit.layout.utils
INFO: Instrumenting prompt_toolkit.layout.dimension
INFO: Instrumenting prompt_toolkit.layout.margins
INFO: Instrumenting prompt_toolkit.layout.mouse_handlers
INFO: Instrumenting prompt_toolkit.layout.screen
INFO: Instrumenting prompt_toolkit.layout.layout
INFO: Instrumenting prompt_toolkit.layout.menus
INFO: Instrumenting prompt_toolkit.layout.scrollable_pane
INFO: Instrumenting prompt_toolkit.key_binding.bindings.completion
INFO: Instrumenting prompt_toolkit.key_binding.bindings.cpr
INFO: Instrumenting prompt_toolkit.key_binding.bindings.emacs
INFO: Instrumenting prompt_toolkit.key_binding.bindings.mouse
INFO: Instrumenting prompt_toolkit.key_binding.bindings.vi
INFO: Instrumenting prompt_toolkit.input.vt100_parser
INFO: Instrumenting prompt_toolkit.input.ansi_escape_sequences
INFO: Instrumenting prompt_toolkit.key_binding.digraphs
INFO: Instrumenting prompt_toolkit.key_binding.emacs_state
INFO: Instrumenting prompt_toolkit.layout.dummy
INFO: Instrumenting prompt_toolkit.renderer
INFO: Instrumenting prompt_toolkit.application.dummy
INFO: Instrumenting prompt_toolkit.shortcuts
INFO: Instrumenting prompt_toolkit.shortcuts.choice_input
INFO: Instrumenting prompt_toolkit.widgets
INFO: Instrumenting prompt_toolkit.widgets.base
INFO: Instrumenting prompt_toolkit.widgets.toolbars
INFO: Instrumenting prompt_toolkit.widgets.dialogs
INFO: Instrumenting prompt_toolkit.key_binding.bindings.focus
INFO: Instrumenting prompt_toolkit.widgets.menus
INFO: Instrumenting prompt_toolkit.shortcuts.dialogs
INFO: Instrumenting prompt_toolkit.shortcuts.progress_bar
INFO: Instrumenting prompt_toolkit.shortcuts.progress_bar.base
INFO: Instrumenting prompt_toolkit.shortcuts.progress_bar.formatters
INFO: Instrumenting xml.dom.expatbuilder
INFO: Instrumenting xml.parsers
INFO: Instrumenting xml.parsers.expat
INFO: Instrumenting prompt_toolkit.shortcuts.prompt
INFO: Instrumenting prompt_toolkit.key_binding.bindings.auto_suggest
INFO: Instrumenting prompt_toolkit.key_binding.bindings.open_in_editor
INFO: Instrumenting prompt_toolkit.shortcuts.utils
INFO: Instrumenting email.parser
INFO: Instrumenting email.feedparser
INFO: Instrumenting prompt_toolkit.patch_stdout
INFO: Instrumenting IPython.terminal.debugger
INFO: Instrumenting IPython.core.completer
INFO: Instrumenting uuid
INFO: Instrumenting IPython.core.guarded_eval
INFO: Instrumenting typing_extensions
INFO: Instrumenting IPython.core.latex_symbols
INFO: Instrumenting IPython.utils.generics
INFO: Instrumenting jedi
INFO: Instrumenting jedi.api
INFO: Instrumenting parso
INFO: Instrumenting parso.parser
INFO: Instrumenting parso.tree
INFO: Instrumenting parso.utils
INFO: Instrumenting parso.pgen2
INFO: Instrumenting parso.pgen2.generator
INFO: Instrumenting parso.pgen2.grammar_parser
INFO: Instrumenting parso.python
INFO: Instrumenting parso.python.tokenize
INFO: Instrumenting parso.python.token
INFO: Instrumenting parso.grammar
INFO: Instrumenting parso._compatibility
INFO: Instrumenting parso.python.diff
INFO: Instrumenting difflib
INFO: Instrumenting parso.python.parser
INFO: Instrumenting parso.python.tree
INFO: Instrumenting parso.python.prefix
INFO: Instrumenting parso.cache
INFO: Instrumenting parso.python.errors
INFO: Instrumenting parso.normalizer
INFO: Instrumenting parso.python.pep8
INFO: Instrumenting parso.file_io
INFO: Instrumenting jedi.parser_utils
INFO: Instrumenting jedi.debug
INFO: Instrumenting jedi.settings
INFO: Instrumenting jedi.cache
INFO: Instrumenting jedi.file_io
INFO: Instrumenting jedi.api.classes
INFO: Instrumenting jedi.inference
INFO: Instrumenting jedi.inference.imports
INFO: Instrumenting jedi.inference.sys_path
INFO: Instrumenting jedi.inference.cache
INFO: Instrumenting jedi.inference.base_value
INFO: Instrumenting jedi.inference.helpers
INFO: Instrumenting jedi.inference.utils
INFO: Instrumenting jedi.inference.compiled
INFO: Instrumenting jedi.inference.compiled.value
INFO: Instrumenting jedi.inference.filters
INFO: Instrumenting jedi.inference.flow_analysis
INFO: Instrumenting jedi.inference.recursion
INFO: Instrumenting jedi.inference.names
INFO: Instrumenting jedi.inference.docstrings
INFO: Instrumenting jedi.inference.lazy_value
INFO: Instrumenting jedi.common
INFO: Instrumenting jedi.plugins
INFO: Instrumenting jedi.inference.compiled.access
INFO: Instrumenting jedi.inference.compiled.getattr_static
INFO: Instrumenting jedi.inference.signature
INFO: Instrumenting jedi.inference.context
INFO: Instrumenting jedi.inference.analysis
INFO: Instrumenting jedi.inference.gradual
INFO: Instrumenting jedi.inference.gradual.typeshed
INFO: Instrumenting jedi.inference.gradual.stub_value
INFO: Instrumenting jedi.inference.value
INFO: Instrumenting jedi.inference.value.module
INFO: Instrumenting jedi.inference.value.klass
INFO: Instrumenting jedi.inference.arguments
INFO: Instrumenting jedi.inference.value.iterable
INFO: Instrumenting jedi.inference.value.dynamic_arrays
INFO: Instrumenting jedi.inference.value.function
INFO: Instrumenting jedi.inference.parser_cache
INFO: Instrumenting jedi.inference.gradual.generics
INFO: Instrumenting jedi.inference.value.instance
INFO: Instrumenting jedi.inference.gradual.typing
INFO: Instrumenting jedi.inference.gradual.base
INFO: Instrumenting jedi.inference.gradual.type_var
INFO: Instrumenting jedi.inference.compiled.subprocess
INFO: Instrumenting jedi._compatibility
INFO: Instrumenting jedi.inference.compiled.subprocess.functions
INFO: Instrumenting jedi.api.exceptions
INFO: Instrumenting jedi.inference.syntax_tree
INFO: Instrumenting jedi.inference.gradual.annotation
INFO: Instrumenting jedi.inference.param
INFO: Instrumenting jedi.inference.value.decorator
INFO: Instrumenting jedi.inference.compiled.mixed
INFO: Instrumenting jedi.inference.gradual.conversion
INFO: Instrumenting jedi.api.keywords
INFO: Instrumenting pydoc_data
INFO: Instrumenting pydoc_data.topics
INFO: Instrumenting jedi.api.completion_cache
INFO: Instrumenting jedi.api.helpers
INFO: Instrumenting jedi.api.interpreter
INFO: Instrumenting jedi.api.completion
INFO: Instrumenting jedi.api.strings
INFO: Instrumenting jedi.api.file_name
INFO: Instrumenting jedi.inference.docstring_utils
INFO: Instrumenting jedi.api.environment
INFO: Instrumenting filecmp
INFO: Instrumenting jedi.api.project
INFO: Instrumenting jedi.inference.references
INFO: Instrumenting jedi.api.errors
INFO: Instrumenting jedi.api.refactoring
INFO: Instrumenting jedi.inference.value.namespace
INFO: Instrumenting jedi.api.refactoring.extract
INFO: Instrumenting jedi.inference.gradual.utils
INFO: Instrumenting jedi.plugins.registry
INFO: Instrumenting jedi.plugins.stdlib
INFO: Instrumenting jedi.plugins.flask
INFO: Instrumenting jedi.plugins.pytest
INFO: Instrumenting jedi.plugins.django
INFO: Instrumenting IPython.terminal.ptutils
INFO: Instrumenting IPython.terminal.shortcuts
INFO: Instrumenting IPython.terminal.shortcuts.auto_match
INFO: Instrumenting IPython.terminal.shortcuts.auto_suggest
INFO: Instrumenting IPython.terminal.shortcuts.filters
INFO: Instrumenting concurrent.futures.thread
INFO: Instrumenting IPython.terminal.magics
INFO: Instrumenting IPython.lib.clipboard
INFO: Instrumenting IPython.terminal.pt_inputhooks
INFO: Instrumenting IPython.terminal.prompts
INFO: Instrumenting IPython.terminal.ipapp
INFO: Instrumenting IPython.core.magics
INFO: Instrumenting IPython.core.magics.auto
INFO: Instrumenting IPython.core.magics.basic
INFO: Instrumenting IPython.core.magics.code
INFO: Instrumenting urllib.request
INFO: Instrumenting http
INFO: Instrumenting http.client
INFO: Instrumenting urllib.error
INFO: Instrumenting urllib.response
INFO: Instrumenting IPython.utils.contexts
INFO: Instrumenting IPython.core.magics.config
INFO: Instrumenting IPython.core.magics.display
INFO: Instrumenting IPython.core.magics.execution
INFO: Instrumenting cProfile
INFO: Instrumenting profile
INFO: Instrumenting pstats
INFO: Instrumenting timeit
INFO: Instrumenting IPython.utils.module_paths
INFO: Instrumenting IPython.utils.timing
INFO: Instrumenting IPython.core.magics.ast_mod
INFO: Instrumenting IPython.core.magics.extension
INFO: Instrumenting IPython.core.magics.history
INFO: Instrumenting IPython.core.magics.logging
INFO: Instrumenting IPython.core.magics.namespace
INFO: Instrumenting IPython.core.magics.osm
INFO: Instrumenting IPython.core.magics.packaging
INFO: Instrumenting IPython.core.magics.pylab
INFO: Instrumenting IPython.core.magics.script
INFO: Instrumenting IPython.core.shellapp
INFO: Instrumenting IPython.extensions
INFO: Instrumenting IPython.extensions.storemagic
INFO: Instrumenting IPython.utils.frame
INFO: Using built-in libfuzzer
WARNING: Failed to find function "__sanitizer_acquire_crash_state".
WARNING: Failed to find function "__sanitizer_print_stack_trace".
WARNING: Failed to find function "__sanitizer_set_death_callback".
INFO: Running with entropic power schedule (0xFF, 100).
INFO: Seed: 3008111173
INFO: -max_len is not provided; libFuzzer will not generate inputs larger than 4096 bytes
INFO: A corpus is not provided, starting from an empty corpus
#2	INITED cov: 94 ft: 94 corp: 1/1b exec/s: 0 rss: 84Mb
#27	NEW    cov: 95 ft: 103 corp: 2/3b lim: 4 exec/s: 0 rss: 84Mb L: 2/2 MS: 5 CopyPart-ChangeBinInt-CopyPart-ShuffleBytes-CopyPart-
#28	NEW    cov: 96 ft: 114 corp: 3/6b lim: 4 exec/s: 0 rss: 84Mb L: 3/3 MS: 1 InsertByte-
#74	NEW    cov: 96 ft: 118 corp: 4/10b lim: 4 exec/s: 0 rss: 84Mb L: 4/4 MS: 1 CopyPart-
#99	NEW    cov: 96 ft: 120 corp: 5/14b lim: 4 exec/s: 0 rss: 84Mb L: 4/4 MS: 5 InsertByte-ChangeBit-ShuffleBytes-ChangeBit-CrossOver-
#116	NEW    cov: 102 ft: 144 corp: 6/18b lim: 4 exec/s: 0 rss: 84Mb L: 4/4 MS: 2 CopyPart-ChangeBinInt-
#137	NEW    cov: 102 ft: 146 corp: 7/20b lim: 4 exec/s: 0 rss: 84Mb L: 2/4 MS: 1 EraseBytes-
#138	REDUCE cov: 102 ft: 146 corp: 7/19b lim: 4 exec/s: 0 rss: 84Mb L: 3/4 MS: 1 EraseBytes-
#139	REDUCE cov: 102 ft: 146 corp: 7/17b lim: 4 exec/s: 0 rss: 84Mb L: 2/4 MS: 1 EraseBytes-
#160	NEW    cov: 124 ft: 228 corp: 8/20b lim: 4 exec/s: 0 rss: 84Mb L: 3/4 MS: 1 ChangeByte-
#258	NEW    cov: 129 ft: 253 corp: 9/24b lim: 4 exec/s: 0 rss: 84Mb L: 4/4 MS: 3 ChangeBit-ChangeByte-CrossOver-
#260	NEW    cov: 129 ft: 262 corp: 10/28b lim: 4 exec/s: 0 rss: 84Mb L: 4/4 MS: 2 ChangeByte-ShuffleBytes-
#374	NEW    cov: 130 ft: 263 corp: 11/30b lim: 4 exec/s: 0 rss: 84Mb L: 2/4 MS: 4 ChangeBit-ChangeBit-ChangeBit-ChangeByte-
#380	NEW    cov: 130 ft: 314 corp: 12/33b lim: 4 exec/s: 0 rss: 84Mb L: 3/4 MS: 1 InsertByte-
#408	NEW    cov: 130 ft: 322 corp: 13/36b lim: 4 exec/s: 0 rss: 84Mb L: 3/4 MS: 3 CrossOver-InsertByte-ChangeByte-
#412	NEW    cov: 135 ft: 327 corp: 14/38b lim: 4 exec/s: 0 rss: 84Mb L: 2/4 MS: 4 EraseBytes-EraseBytes-CrossOver-InsertByte-
#450	NEW    cov: 137 ft: 329 corp: 15/42b lim: 4 exec/s: 0 rss: 84Mb L: 4/4 MS: 3 InsertByte-CrossOver-InsertByte-
#454	NEW    cov: 137 ft: 333 corp: 16/46b lim: 4 exec/s: 0 rss: 84Mb L: 4/4 MS: 4 ChangeBinInt-ChangeByte-CopyPart-CrossOver-
#466	NEW    cov: 137 ft: 396 corp: 17/50b lim: 4 exec/s: 0 rss: 84Mb L: 4/4 MS: 2 InsertByte-CopyPart-
#472	NEW    cov: 137 ft: 397 corp: 18/54b lim: 4 exec/s: 0 rss: 84Mb L: 4/4 MS: 1 CopyPart-
#519	NEW    cov: 137 ft: 398 corp: 19/57b lim: 4 exec/s: 0 rss: 84Mb L: 3/4 MS: 2 CopyPart-EraseBytes-
#532	NEW    cov: 137 ft: 402 corp: 20/61b lim: 4 exec/s: 0 rss: 84Mb L: 4/4 MS: 3 ChangeBinInt-CrossOver-ChangeBinInt-
#568	NEW    cov: 139 ft: 404 corp: 21/65b lim: 4 exec/s: 0 rss: 84Mb L: 4/4 MS: 1 CopyPart-
#624	NEW    cov: 139 ft: 410 corp: 22/67b lim: 4 exec/s: 0 rss: 84Mb L: 2/4 MS: 1 EraseBytes-
#632	NEW    cov: 141 ft: 412 corp: 23/71b lim: 4 exec/s: 0 rss: 84Mb L: 4/4 MS: 3 CrossOver-CopyPart-InsertByte-
/app/ipython/IPython/core/inputtransformer2.py:608: UserWarning: `make_tokens_by_line` received a list of lines which do not have lineending markers ('\n', '\r', '\r\n', '\x0b', '\x0c'), behavior will be unspecified
  tokens_by_line = make_tokens_by_line(lines)
#669	NEW    cov: 142 ft: 414 corp: 24/74b lim: 4 exec/s: 0 rss: 84Mb L: 3/4 MS: 2 ChangeBit-ChangeBit-
#735	NEW    cov: 142 ft: 418 corp: 25/77b lim: 4 exec/s: 0 rss: 84Mb L: 3/4 MS: 1 ChangeByte-
#751	NEW    cov: 142 ft: 419 corp: 26/81b lim: 4 exec/s: 0 rss: 84Mb L: 4/4 MS: 1 ShuffleBytes-
#752	NEW    cov: 143 ft: 420 corp: 27/85b lim: 4 exec/s: 0 rss: 84Mb L: 4/4 MS: 1 CrossOver-
#779	NEW    cov: 143 ft: 425 corp: 28/88b lim: 4 exec/s: 0 rss: 84Mb L: 3/4 MS: 2 ShuffleBytes-CrossOver-
#806	NEW    cov: 143 ft: 427 corp: 29/90b lim: 4 exec/s: 0 rss: 84Mb L: 2/4 MS: 2 ChangeBit-EraseBytes-
#897	NEW    cov: 147 ft: 431 corp: 30/94b lim: 4 exec/s: 0 rss: 84Mb L: 4/4 MS: 1 ChangeByte-
#970	NEW    cov: 148 ft: 432 corp: 31/98b lim: 4 exec/s: 0 rss: 84Mb L: 4/4 MS: 3 ChangeByte-ChangeBit-CrossOver-
#1050	NEW    cov: 153 ft: 437 corp: 32/102b lim: 4 exec/s: 0 rss: 84Mb L: 4/4 MS: 5 InsertByte-InsertByte-ChangeBinInt-ShuffleBytes-ChangeBinInt-
#1056	REDUCE cov: 153 ft: 437 corp: 32/101b lim: 4 exec/s: 0 rss: 84Mb L: 3/4 MS: 1 EraseBytes-
#1122	NEW    cov: 153 ft: 438 corp: 33/105b lim: 4 exec/s: 0 rss: 84Mb L: 4/4 MS: 1 CrossOver-
#1143	NEW    cov: 158 ft: 443 corp: 34/109b lim: 4 exec/s: 0 rss: 84Mb L: 4/4 MS: 1 CopyPart-
#1265	NEW    cov: 158 ft: 444 corp: 35/113b lim: 4 exec/s: 0 rss: 84Mb L: 4/4 MS: 2 ChangeBit-CopyPart-
#1331	NEW    cov: 158 ft: 446 corp: 36/117b lim: 4 exec/s: 0 rss: 84Mb L: 4/4 MS: 1 InsertByte-
#1383	NEW    cov: 164 ft: 453 corp: 37/121b lim: 4 exec/s: 0 rss: 84Mb L: 4/4 MS: 2 ShuffleBytes-ChangeByte-
#1449	NEW    cov: 166 ft: 455 corp: 38/125b lim: 4 exec/s: 0 rss: 84Mb L: 4/4 MS: 1 ChangeByte-
#1453	NEW    cov: 167 ft: 456 corp: 39/129b lim: 4 exec/s: 0 rss: 84Mb L: 4/4 MS: 4 CopyPart-CrossOver-CrossOver-ShuffleBytes-
#1463	NEW    cov: 169 ft: 458 corp: 40/133b lim: 4 exec/s: 0 rss: 84Mb L: 4/4 MS: 5 EraseBytes-ChangeBit-ChangeByte-EraseBytes-CrossOver-
#1531	REDUCE cov: 169 ft: 458 corp: 40/131b lim: 4 exec/s: 0 rss: 84Mb L: 2/4 MS: 3 CopyPart-ChangeByte-EraseBytes-
#1830	NEW    cov: 169 ft: 459 corp: 41/136b lim: 6 exec/s: 0 rss: 84Mb L: 5/5 MS: 4 ShuffleBytes-ShuffleBytes-EraseBytes-CopyPart-
#1835	NEW    cov: 171 ft: 461 corp: 42/142b lim: 6 exec/s: 0 rss: 84Mb L: 6/6 MS: 5 ChangeByte-InsertByte-CopyPart-ChangeByte-ChangeBit-
#1921	REDUCE cov: 171 ft: 461 corp: 42/141b lim: 6 exec/s: 0 rss: 84Mb L: 3/6 MS: 1 EraseBytes-
#1953	NEW    cov: 172 ft: 462 corp: 43/145b lim: 6 exec/s: 0 rss: 84Mb L: 4/6 MS: 2 CopyPart-CrossOver-
#2004	NEW    cov: 172 ft: 465 corp: 44/150b lim: 6 exec/s: 0 rss: 84Mb L: 5/6 MS: 1 CopyPart-
#2080	NEW    cov: 172 ft: 470 corp: 45/155b lim: 6 exec/s: 0 rss: 84Mb L: 5/6 MS: 1 InsertByte-
#2087	NEW    cov: 172 ft: 475 corp: 46/161b lim: 6 exec/s: 0 rss: 84Mb L: 6/6 MS: 2 ChangeBinInt-InsertByte-
#2113	NEW    cov: 172 ft: 476 corp: 47/167b lim: 6 exec/s: 0 rss: 84Mb L: 6/6 MS: 1 CopyPart-
#2150	REDUCE cov: 172 ft: 476 corp: 47/166b lim: 6 exec/s: 0 rss: 84Mb L: 3/6 MS: 2 CrossOver-CrossOver-
#2212	NEW    cov: 172 ft: 502 corp: 48/171b lim: 6 exec/s: 0 rss: 84Mb L: 5/6 MS: 2 ShuffleBytes-CopyPart-
#2220	NEW    cov: 172 ft: 503 corp: 49/177b lim: 6 exec/s: 0 rss: 84Mb L: 6/6 MS: 3 CopyPart-CrossOver-InsertByte-
#2302	NEW    cov: 172 ft: 506 corp: 50/183b lim: 6 exec/s: 0 rss: 84Mb L: 6/6 MS: 2 EraseBytes-CopyPart-
#2376	NEW    cov: 172 ft: 508 corp: 51/189b lim: 6 exec/s: 0 rss: 84Mb L: 6/6 MS: 4 EraseBytes-ShuffleBytes-ChangeBit-CopyPart-
#2427	REDUCE cov: 172 ft: 508 corp: 51/187b lim: 6 exec/s: 0 rss: 84Mb L: 2/6 MS: 1 EraseBytes-
#2485	REDUCE cov: 172 ft: 512 corp: 52/193b lim: 6 exec/s: 0 rss: 84Mb L: 6/6 MS: 3 EraseBytes-EraseBytes-InsertRepeatedBytes-
#2513	REDUCE cov: 172 ft: 512 corp: 52/192b lim: 6 exec/s: 0 rss: 84Mb L: 3/6 MS: 3 CrossOver-ChangeByte-EraseBytes-
#2554	NEW    cov: 172 ft: 522 corp: 53/198b lim: 6 exec/s: 0 rss: 84Mb L: 6/6 MS: 1 CrossOver-
#2606	NEW    cov: 172 ft: 524 corp: 54/204b lim: 6 exec/s: 0 rss: 84Mb L: 6/6 MS: 2 ChangeBit-CopyPart-
#2662	NEW    cov: 172 ft: 527 corp: 55/210b lim: 6 exec/s: 0 rss: 84Mb L: 6/6 MS: 1 ChangeBinInt-
#2854	NEW    cov: 172 ft: 528 corp: 56/216b lim: 6 exec/s: 0 rss: 84Mb L: 6/6 MS: 2 CopyPart-ShuffleBytes-
#2857	REDUCE cov: 173 ft: 529 corp: 57/220b lim: 6 exec/s: 0 rss: 84Mb L: 4/6 MS: 3 ChangeByte-CopyPart-ChangeByte-
#3090	REDUCE cov: 173 ft: 530 corp: 58/226b lim: 8 exec/s: 0 rss: 84Mb L: 6/6 MS: 3 InsertRepeatedBytes-EraseBytes-InsertByte-
#3166	NEW    cov: 173 ft: 534 corp: 59/233b lim: 8 exec/s: 0 rss: 84Mb L: 7/7 MS: 1 InsertRepeatedBytes-
#3182	NEW    cov: 173 ft: 542 corp: 60/240b lim: 8 exec/s: 0 rss: 84Mb L: 7/7 MS: 1 CopyPart-
#3331	NEW    cov: 175 ft: 544 corp: 61/245b lim: 8 exec/s: 0 rss: 84Mb L: 5/7 MS: 4 CrossOver-ChangeBit-ShuffleBytes-CopyPart-
#3332	NEW    cov: 175 ft: 546 corp: 62/251b lim: 8 exec/s: 0 rss: 84Mb L: 6/7 MS: 1 EraseBytes-
#3378	NEW    cov: 175 ft: 547 corp: 63/258b lim: 8 exec/s: 0 rss: 84Mb L: 7/7 MS: 1 CopyPart-
#3395	NEW    cov: 175 ft: 548 corp: 64/266b lim: 8 exec/s: 0 rss: 84Mb L: 8/8 MS: 2 InsertByte-CopyPart-
#3396	NEW    cov: 175 ft: 551 corp: 65/272b lim: 8 exec/s: 0 rss: 84Mb L: 6/8 MS: 1 ChangeByte-
#3397	NEW    cov: 175 ft: 552 corp: 66/280b lim: 8 exec/s: 0 rss: 84Mb L: 8/8 MS: 1 CopyPart-
#3415	REDUCE cov: 175 ft: 552 corp: 66/277b lim: 8 exec/s: 0 rss: 84Mb L: 4/8 MS: 3 ChangeBit-ChangeBit-EraseBytes-
#3457	NEW    cov: 175 ft: 553 corp: 67/285b lim: 8 exec/s: 0 rss: 84Mb L: 8/8 MS: 2 InsertByte-InsertByte-
#3483	NEW    cov: 175 ft: 554 corp: 68/293b lim: 8 exec/s: 0 rss: 84Mb L: 8/8 MS: 1 CopyPart-
#3989	NEW    cov: 175 ft: 559 corp: 69/299b lim: 11 exec/s: 0 rss: 84Mb L: 6/8 MS: 1 CrossOver-
#4010	NEW    cov: 175 ft: 561 corp: 70/306b lim: 11 exec/s: 0 rss: 84Mb L: 7/8 MS: 1 CrossOver-
#4032	NEW    cov: 175 ft: 563 corp: 71/313b lim: 11 exec/s: 0 rss: 84Mb L: 7/8 MS: 2 CrossOver-CopyPart-
#4063	NEW    cov: 175 ft: 574 corp: 72/323b lim: 11 exec/s: 0 rss: 84Mb L: 10/10 MS: 1 CopyPart-
#4123	NEW    cov: 175 ft: 575 corp: 73/331b lim: 11 exec/s: 0 rss: 84Mb L: 8/10 MS: 5 ChangeByte-CrossOver-EraseBytes-CrossOver-CrossOver-
#4144	NEW    cov: 175 ft: 592 corp: 74/342b lim: 11 exec/s: 0 rss: 84Mb L: 11/11 MS: 1 InsertByte-
#4175	REDUCE cov: 175 ft: 592 corp: 74/340b lim: 11 exec/s: 0 rss: 84Mb L: 6/11 MS: 1 EraseBytes-
#4196	NEW    cov: 175 ft: 594 corp: 75/346b lim: 11 exec/s: 0 rss: 84Mb L: 6/11 MS: 1 CrossOver-
#4377	NEW    cov: 175 ft: 644 corp: 76/356b lim: 11 exec/s: 0 rss: 84Mb L: 10/11 MS: 1 CopyPart-
#4676	NEW    cov: 175 ft: 645 corp: 77/367b lim: 11 exec/s: 4676 rss: 84Mb L: 11/11 MS: 4 InsertRepeatedBytes-ShuffleBytes-EraseBytes-InsertByte-
#4705	REDUCE cov: 177 ft: 647 corp: 78/377b lim: 11 exec/s: 4705 rss: 84Mb L: 10/11 MS: 4 CopyPart-InsertRepeatedBytes-CrossOver-InsertByte-
#4861	NEW    cov: 177 ft: 649 corp: 79/388b lim: 11 exec/s: 4861 rss: 84Mb L: 11/11 MS: 1 CrossOver-
#4899	REDUCE cov: 177 ft: 649 corp: 79/385b lim: 11 exec/s: 4899 rss: 84Mb L: 7/11 MS: 3 ChangeBinInt-ChangeBinInt-EraseBytes-
#5006	NEW    cov: 177 ft: 650 corp: 80/394b lim: 11 exec/s: 5006 rss: 84Mb L: 9/11 MS: 2 CopyPart-CopyPart-
#5153	REDUCE cov: 177 ft: 650 corp: 80/393b lim: 11 exec/s: 5153 rss: 84Mb L: 10/11 MS: 2 ChangeBit-EraseBytes-
#5191	REDUCE cov: 177 ft: 652 corp: 81/403b lim: 11 exec/s: 5191 rss: 84Mb L: 10/11 MS: 3 ChangeByte-ChangeBinInt-ChangeBit-
#5271	REDUCE cov: 177 ft: 652 corp: 81/398b lim: 11 exec/s: 5271 rss: 84Mb L: 3/11 MS: 5 EraseBytes-InsertByte-EraseBytes-ShuffleBytes-EraseBytes-
#5323	NEW    cov: 177 ft: 656 corp: 82/409b lim: 11 exec/s: 5323 rss: 84Mb L: 11/11 MS: 2 ShuffleBytes-CrossOver-
#5339	NEW    cov: 177 ft: 658 corp: 83/418b lim: 11 exec/s: 5339 rss: 84Mb L: 9/11 MS: 1 ChangeBinInt-
#5345	REDUCE cov: 177 ft: 664 corp: 84/429b lim: 11 exec/s: 5345 rss: 84Mb L: 11/11 MS: 1 CrossOver-
#5756	REDUCE cov: 177 ft: 664 corp: 84/428b lim: 14 exec/s: 5756 rss: 84Mb L: 4/11 MS: 1 EraseBytes-
#5817	NEW    cov: 177 ft: 670 corp: 85/435b lim: 14 exec/s: 5817 rss: 84Mb L: 7/11 MS: 1 InsertByte-
#5870	REDUCE cov: 177 ft: 670 corp: 85/434b lim: 14 exec/s: 5870 rss: 84Mb L: 6/11 MS: 3 CopyPart-CopyPart-EraseBytes-
#5987	REDUCE cov: 177 ft: 670 corp: 85/433b lim: 14 exec/s: 5987 rss: 84Mb L: 8/11 MS: 2 ChangeBit-EraseBytes-
#6119	NEW    cov: 177 ft: 672 corp: 86/447b lim: 14 exec/s: 6119 rss: 84Mb L: 14/14 MS: 2 CrossOver-InsertRepeatedBytes-
#6164	NEW    cov: 177 ft: 673 corp: 87/460b lim: 14 exec/s: 6164 rss: 84Mb L: 13/14 MS: 5 EraseBytes-InsertByte-CrossOver-ShuffleBytes-CopyPart-
#6235	NEW    cov: 177 ft: 680 corp: 88/473b lim: 14 exec/s: 6235 rss: 84Mb L: 13/14 MS: 1 CopyPart-
#6241	NEW    cov: 178 ft: 681 corp: 89/479b lim: 14 exec/s: 6241 rss: 84Mb L: 6/14 MS: 1 CrossOver-
#6292	NEW    cov: 178 ft: 683 corp: 90/490b lim: 14 exec/s: 6292 rss: 84Mb L: 11/14 MS: 1 CopyPart-
#6354	NEW    cov: 178 ft: 686 corp: 91/504b lim: 14 exec/s: 6354 rss: 84Mb L: 14/14 MS: 2 CopyPart-CopyPart-
#6355	NEW    cov: 178 ft: 689 corp: 92/518b lim: 14 exec/s: 6355 rss: 84Mb L: 14/14 MS: 1 CrossOver-
#6361	NEW    cov: 178 ft: 692 corp: 93/526b lim: 14 exec/s: 6361 rss: 84Mb L: 8/14 MS: 1 CrossOver-
#6457	REDUCE cov: 178 ft: 692 corp: 93/524b lim: 14 exec/s: 6457 rss: 84Mb L: 12/14 MS: 1 EraseBytes-
#6723	NEW    cov: 178 ft: 695 corp: 94/536b lim: 14 exec/s: 6723 rss: 84Mb L: 12/14 MS: 1 CopyPart-
#6836	REDUCE cov: 178 ft: 696 corp: 95/546b lim: 14 exec/s: 6836 rss: 84Mb L: 10/14 MS: 3 ChangeBit-ShuffleBytes-ShuffleBytes-
#7062	NEW    cov: 179 ft: 697 corp: 96/550b lim: 14 exec/s: 7062 rss: 84Mb L: 4/14 MS: 1 ChangeByte-
#7078	REDUCE cov: 179 ft: 697 corp: 96/549b lim: 14 exec/s: 7078 rss: 84Mb L: 3/14 MS: 1 EraseBytes-
#7244	NEW    cov: 179 ft: 700 corp: 97/562b lim: 14 exec/s: 7244 rss: 84Mb L: 13/14 MS: 1 CrossOver-
#7263	REDUCE cov: 179 ft: 701 corp: 98/575b lim: 14 exec/s: 7263 rss: 84Mb L: 13/14 MS: 4 InsertRepeatedBytes-ShuffleBytes-CrossOver-CopyPart-
#7475	NEW    cov: 179 ft: 708 corp: 99/589b lim: 14 exec/s: 3737 rss: 84Mb L: 14/14 MS: 2 ShuffleBytes-CrossOver-
#7527	REDUCE cov: 179 ft: 708 corp: 99/587b lim: 14 exec/s: 3763 rss: 84Mb L: 12/14 MS: 2 ChangeBit-EraseBytes-
#7573	NEW    cov: 179 ft: 709 corp: 100/595b lim: 14 exec/s: 3786 rss: 84Mb L: 8/14 MS: 1 InsertRepeatedBytes-
#8192	pulse  cov: 179 ft: 709 corp: 100/595b lim: 17 exec/s: 4096 rss: 84Mb
#8349	NEW    cov: 179 ft: 714 corp: 101/615b lim: 21 exec/s: 4174 rss: 84Mb L: 20/20 MS: 1 CopyPart-
#8463	NEW    cov: 179 ft: 715 corp: 102/630b lim: 21 exec/s: 4231 rss: 84Mb L: 15/20 MS: 4 ChangeBit-ChangeBit-CrossOver-CopyPart-
#8654	REDUCE cov: 179 ft: 715 corp: 102/627b lim: 21 exec/s: 4327 rss: 84Mb L: 9/20 MS: 1 EraseBytes-
#8692	NEW    cov: 179 ft: 761 corp: 103/648b lim: 21 exec/s: 4346 rss: 84Mb L: 21/21 MS: 3 CopyPart-CopyPart-CopyPart-
#9124	REDUCE cov: 179 ft: 761 corp: 103/646b lim: 25 exec/s: 4562 rss: 84Mb L: 4/21 MS: 2 ChangeBit-CrossOver-
#9166	NEW    cov: 179 ft: 762 corp: 104/659b lim: 25 exec/s: 4583 rss: 84Mb L: 13/21 MS: 2 InsertByte-CopyPart-
#9192	NEW    cov: 179 ft: 771 corp: 105/684b lim: 25 exec/s: 4596 rss: 84Mb L: 25/25 MS: 1 CrossOver-
#9244	REDUCE cov: 179 ft: 771 corp: 105/682b lim: 25 exec/s: 4622 rss: 84Mb L: 8/25 MS: 2 CopyPart-EraseBytes-
#9443	NEW    cov: 179 ft: 774 corp: 106/701b lim: 25 exec/s: 4721 rss: 84Mb L: 19/25 MS: 4 CrossOver-ShuffleBytes-EraseBytes-InsertRepeatedBytes-
#9454	NEW    cov: 179 ft: 778 corp: 107/723b lim: 25 exec/s: 4727 rss: 84Mb L: 22/25 MS: 1 InsertRepeatedBytes-
#9541	NEW    cov: 179 ft: 779 corp: 108/735b lim: 25 exec/s: 4770 rss: 84Mb L: 12/25 MS: 2 InsertByte-CrossOver-
#9552	NEW    cov: 179 ft: 782 corp: 109/757b lim: 25 exec/s: 4776 rss: 84Mb L: 22/25 MS: 1 ChangeBinInt-
#9603	NEW    cov: 179 ft: 783 corp: 110/781b lim: 25 exec/s: 4801 rss: 84Mb L: 24/25 MS: 1 CopyPart-
#9749	REDUCE cov: 179 ft: 783 corp: 110/778b lim: 25 exec/s: 3249 rss: 84Mb L: 5/25 MS: 1 EraseBytes-
#10166	NEW    cov: 179 ft: 784 corp: 111/807b lim: 29 exec/s: 3388 rss: 84Mb L: 29/29 MS: 2 ShuffleBytes-CrossOver-
#10258	NEW    cov: 179 ft: 785 corp: 112/831b lim: 29 exec/s: 3419 rss: 84Mb L: 24/29 MS: 2 ShuffleBytes-CrossOver-
#10369	REDUCE cov: 179 ft: 785 corp: 112/829b lim: 29 exec/s: 3456 rss: 84Mb L: 17/29 MS: 1 EraseBytes-
#10617	REDUCE cov: 179 ft: 785 corp: 112/824b lim: 29 exec/s: 3539 rss: 84Mb L: 19/29 MS: 3 CrossOver-ChangeByte-InsertRepeatedBytes-
#10629	NEW    cov: 179 ft: 786 corp: 113/837b lim: 29 exec/s: 3543 rss: 84Mb L: 13/29 MS: 2 EraseBytes-CrossOver-
#10890	REDUCE cov: 179 ft: 786 corp: 113/836b lim: 29 exec/s: 3630 rss: 84Mb L: 3/29 MS: 1 EraseBytes-
#11016	NEW    cov: 179 ft: 794 corp: 114/858b lim: 29 exec/s: 3672 rss: 84Mb L: 22/29 MS: 1 CopyPart-
#11277	REDUCE cov: 179 ft: 794 corp: 114/856b lim: 29 exec/s: 3759 rss: 84Mb L: 20/29 MS: 1 EraseBytes-
#11509	NEW    cov: 182 ft: 798 corp: 115/863b lim: 29 exec/s: 2877 rss: 84Mb L: 7/29 MS: 2 CopyPart-CrossOver-
#11580	REDUCE cov: 182 ft: 798 corp: 115/860b lim: 29 exec/s: 2895 rss: 84Mb L: 6/29 MS: 1 EraseBytes-
#11777	NEW    cov: 182 ft: 807 corp: 116/887b lim: 29 exec/s: 2944 rss: 84Mb L: 27/29 MS: 2 CopyPart-ChangeByte-
#11853	NEW    cov: 182 ft: 812 corp: 117/901b lim: 29 exec/s: 2963 rss: 84Mb L: 14/29 MS: 1 CopyPart-
#11961	REDUCE cov: 182 ft: 812 corp: 117/900b lim: 29 exec/s: 2990 rss: 84Mb L: 12/29 MS: 3 CopyPart-InsertByte-EraseBytes-
#11992	NEW    cov: 182 ft: 814 corp: 118/922b lim: 29 exec/s: 2998 rss: 84Mb L: 22/29 MS: 1 ChangeBinInt-
#12034	NEW    cov: 182 ft: 815 corp: 119/947b lim: 29 exec/s: 3008 rss: 84Mb L: 25/29 MS: 2 ShuffleBytes-CopyPart-
#12055	NEW    cov: 182 ft: 816 corp: 120/957b lim: 29 exec/s: 3013 rss: 84Mb L: 10/29 MS: 1 CrossOver-
#12279	REDUCE cov: 182 ft: 816 corp: 120/949b lim: 29 exec/s: 3069 rss: 84Mb L: 17/29 MS: 4 CopyPart-ChangeBinInt-InsertByte-EraseBytes-
#12757	REDUCE cov: 182 ft: 816 corp: 120/947b lim: 33 exec/s: 3189 rss: 84Mb L: 8/29 MS: 3 CMP-InsertByte-EraseBytes- DE: "\000\000\000\000"-
#13103	NEW    cov: 182 ft: 817 corp: 121/971b lim: 33 exec/s: 2620 rss: 84Mb L: 24/29 MS: 1 CopyPart-
#13129	REDUCE cov: 182 ft: 817 corp: 121/969b lim: 33 exec/s: 2625 rss: 84Mb L: 6/29 MS: 1 EraseBytes-
#13380	NEW    cov: 182 ft: 822 corp: 122/996b lim: 33 exec/s: 2676 rss: 84Mb L: 27/29 MS: 1 CopyPart-
#13433	REDUCE cov: 182 ft: 822 corp: 122/995b lim: 33 exec/s: 2686 rss: 84Mb L: 21/29 MS: 3 ChangeBit-PersAutoDict-CrossOver- DE: "\000\000\000\000"-
#13815	NEW    cov: 182 ft: 832 corp: 123/1025b lim: 33 exec/s: 2763 rss: 84Mb L: 30/30 MS: 2 CMP-CrossOver- DE: "\000\000"-
#14046	REDUCE cov: 182 ft: 832 corp: 123/1022b lim: 33 exec/s: 2809 rss: 84Mb L: 11/30 MS: 1 EraseBytes-
#14067	REDUCE cov: 182 ft: 833 corp: 124/1034b lim: 33 exec/s: 2813 rss: 84Mb L: 12/30 MS: 1 CrossOver-
#14278	REDUCE cov: 182 ft: 833 corp: 124/1033b lim: 33 exec/s: 2855 rss: 84Mb L: 5/30 MS: 1 EraseBytes-
#14365	NEW    cov: 182 ft: 834 corp: 125/1046b lim: 33 exec/s: 2873 rss: 84Mb L: 13/30 MS: 2 ChangeByte-InsertByte-
#14526	REDUCE cov: 182 ft: 834 corp: 125/1044b lim: 33 exec/s: 2421 rss: 84Mb L: 8/30 MS: 1 EraseBytes-
#14637	REDUCE cov: 182 ft: 834 corp: 125/1041b lim: 33 exec/s: 2439 rss: 84Mb L: 24/30 MS: 1 EraseBytes-
#14745	NEW    cov: 182 ft: 836 corp: 126/1060b lim: 33 exec/s: 2457 rss: 84Mb L: 19/30 MS: 3 PersAutoDict-InsertByte-CopyPart- DE: "\000\000\000\000"-
#14836	REDUCE cov: 182 ft: 836 corp: 126/1053b lim: 33 exec/s: 2472 rss: 84Mb L: 15/30 MS: 1 EraseBytes-
#15012	NEW    cov: 182 ft: 837 corp: 127/1068b lim: 33 exec/s: 2502 rss: 84Mb L: 15/30 MS: 1 CopyPart-
#15040	NEW    cov: 182 ft: 838 corp: 128/1099b lim: 33 exec/s: 2506 rss: 84Mb L: 31/31 MS: 3 CopyPart-CrossOver-CopyPart-
#15101	REDUCE cov: 182 ft: 838 corp: 128/1097b lim: 33 exec/s: 2516 rss: 84Mb L: 11/31 MS: 1 EraseBytes-
#15213	REDUCE cov: 182 ft: 838 corp: 128/1093b lim: 33 exec/s: 2535 rss: 84Mb L: 13/31 MS: 2 ChangeBit-EraseBytes-
#15452	NEW    cov: 184 ft: 840 corp: 129/1103b lim: 33 exec/s: 2575 rss: 84Mb L: 10/31 MS: 4 PersAutoDict-ChangeByte-ChangeBit-CrossOver- DE: "\000\000"-
#15666	NEW    cov: 184 ft: 842 corp: 130/1123b lim: 33 exec/s: 2238 rss: 84Mb L: 20/31 MS: 4 ChangeByte-CrossOver-ChangeBit-CopyPart-
#15887	NEW    cov: 184 ft: 850 corp: 131/1155b lim: 33 exec/s: 2269 rss: 84Mb L: 32/32 MS: 1 CrossOver-
#16033	NEW    cov: 184 ft: 853 corp: 132/1187b lim: 33 exec/s: 2290 rss: 84Mb L: 32/32 MS: 1 CrossOver-
#16115	REDUCE cov: 184 ft: 853 corp: 132/1186b lim: 33 exec/s: 2302 rss: 84Mb L: 3/32 MS: 2 ChangeBit-EraseBytes-
#16151	REDUCE cov: 184 ft: 853 corp: 132/1185b lim: 33 exec/s: 2307 rss: 84Mb L: 9/32 MS: 1 EraseBytes-
#16280	REDUCE cov: 184 ft: 854 corp: 133/1201b lim: 33 exec/s: 2325 rss: 84Mb L: 16/32 MS: 4 InsertByte-CopyPart-ChangeBinInt-InsertByte-
#16346	NEW    cov: 184 ft: 856 corp: 134/1221b lim: 33 exec/s: 2335 rss: 84Mb L: 20/32 MS: 1 ChangeBit-
#16384	pulse  cov: 184 ft: 856 corp: 134/1221b lim: 33 exec/s: 2340 rss: 84Mb
#16429	REDUCE cov: 184 ft: 856 corp: 134/1220b lim: 33 exec/s: 2347 rss: 84Mb L: 12/32 MS: 3 ChangeBit-ShuffleBytes-EraseBytes-
#16482	NEW    cov: 184 ft: 858 corp: 135/1246b lim: 33 exec/s: 2354 rss: 84Mb L: 26/32 MS: 3 CopyPart-InsertByte-CopyPart-
#16485	NEW    cov: 184 ft: 863 corp: 136/1277b lim: 33 exec/s: 2355 rss: 84Mb L: 31/32 MS: 3 InsertRepeatedBytes-ChangeBinInt-CopyPart-
#16511	REDUCE cov: 184 ft: 863 corp: 136/1276b lim: 33 exec/s: 2358 rss: 84Mb L: 12/32 MS: 1 EraseBytes-
#16532	REDUCE cov: 184 ft: 863 corp: 136/1274b lim: 33 exec/s: 2361 rss: 84Mb L: 23/32 MS: 1 EraseBytes-
#16625	REDUCE cov: 184 ft: 863 corp: 136/1271b lim: 33 exec/s: 2078 rss: 84Mb L: 29/32 MS: 3 CopyPart-ShuffleBytes-EraseBytes-
#16861	NEW    cov: 184 ft: 866 corp: 137/1302b lim: 33 exec/s: 2107 rss: 84Mb L: 31/32 MS: 1 InsertRepeatedBytes-
#16877	REDUCE cov: 184 ft: 867 corp: 138/1312b lim: 33 exec/s: 2109 rss: 84Mb L: 10/32 MS: 1 CopyPart-
#16958	REDUCE cov: 184 ft: 868 corp: 139/1332b lim: 33 exec/s: 2119 rss: 84Mb L: 20/32 MS: 1 CrossOver-
#17099	REDUCE cov: 184 ft: 868 corp: 139/1327b lim: 33 exec/s: 2137 rss: 84Mb L: 15/32 MS: 1 EraseBytes-
#17296	REDUCE cov: 184 ft: 868 corp: 139/1323b lim: 33 exec/s: 2162 rss: 84Mb L: 20/32 MS: 2 ChangeBit-EraseBytes-
#17728	REDUCE cov: 184 ft: 868 corp: 139/1322b lim: 33 exec/s: 1969 rss: 84Mb L: 23/32 MS: 2 CopyPart-EraseBytes-
#17859	REDUCE cov: 184 ft: 869 corp: 140/1354b lim: 33 exec/s: 1984 rss: 84Mb L: 32/32 MS: 1 CrossOver-
#17867	REDUCE cov: 184 ft: 869 corp: 140/1352b lim: 33 exec/s: 1985 rss: 84Mb L: 17/32 MS: 3 CrossOver-ShuffleBytes-EraseBytes-
#17883	REDUCE cov: 184 ft: 869 corp: 140/1351b lim: 33 exec/s: 1987 rss: 84Mb L: 12/32 MS: 1 EraseBytes-
#17955	REDUCE cov: 184 ft: 869 corp: 140/1344b lim: 33 exec/s: 1995 rss: 84Mb L: 14/32 MS: 2 InsertByte-EraseBytes-
#18221	REDUCE cov: 184 ft: 869 corp: 140/1343b lim: 33 exec/s: 2024 rss: 84Mb L: 7/32 MS: 1 EraseBytes-
#18255	REDUCE cov: 184 ft: 869 corp: 140/1341b lim: 33 exec/s: 2028 rss: 84Mb L: 5/32 MS: 4 ChangeBinInt-CopyPart-ShuffleBytes-EraseBytes-
#19088	NEW    cov: 184 ft: 872 corp: 141/1379b lim: 38 exec/s: 1908 rss: 84Mb L: 38/38 MS: 3 InsertRepeatedBytes-CopyPart-CopyPart-
#19249	REDUCE cov: 184 ft: 872 corp: 141/1378b lim: 38 exec/s: 1924 rss: 84Mb L: 16/38 MS: 1 EraseBytes-
#19275	REDUCE cov: 184 ft: 872 corp: 141/1377b lim: 38 exec/s: 1927 rss: 84Mb L: 5/38 MS: 1 EraseBytes-
#19298	REDUCE cov: 184 ft: 872 corp: 141/1376b lim: 38 exec/s: 1929 rss: 84Mb L: 6/38 MS: 3 ChangeByte-ChangeBit-EraseBytes-
#19496	REDUCE cov: 184 ft: 872 corp: 141/1375b lim: 38 exec/s: 1949 rss: 84Mb L: 11/38 MS: 3 ChangeBinInt-ShuffleBytes-EraseBytes-
#19766	DONE   cov: 184 ft: 872 corp: 141/1375b lim: 38 exec/s: 1796 rss: 84Mb
###### Recommended dictionary. ######
"\000\000\000\000" # Uses: 336
"\000\000" # Uses: 286
###### End of recommended dictionary. ######
Done 19766 runs in 11 second(s)
