
============================================================
Evaluating: /root/Tokenizer.scala
============================================================

✓ File exists
✓ Source loaded (16866 characters)

--- Checking Compilation ---
❌ Compilation failed
  - java.io.IOException: User limit of inotify instances reached or too many open files
  - Use 'last' for the full log.

--- Running Unit Tests ---
⚠ Skipping tests (sbt not available or compilation failed)

--- Evaluating Code Quality Criteria ---


FUNCTIONALITY_PRESERVATION:
----------------------------------------
Score: 4/5 (GOOD)
  Found 9/9 required components
  Found 3/4 key methods

SCALA_CONVENTIONS:
----------------------------------------
Score: 5/5 (EXCELLENT)
  ✓ camelCase_methods: 67 occurrences
  ✓ PascalCase_classes: 44 occurrences
  ✓ immutable_val: 56 occurrences
  ✓ case_class: 10 occurrences
  ✓ sealed_trait: 4 occurrences
  Suggestions:
    → Consider refactoring: Null usage (prefer Option)
    → Consider refactoring: Explicit return statement (often unnecessary in Scala)

READABILITY:
----------------------------------------
Score: 4/5 (GOOD)
  Total lines: 508
  Scaladoc blocks: 0
  Single-line comments: 33
  ⚠ Lines > 120 chars: 1
  Type annotations: 170
  Suggestions:
    → Consider breaking long lines for readability

PARADIGM_MATCH:
----------------------------------------
Score: 5/5 (EXCELLENT)
  ✓ map: 10 occurrences
  ✓ flatMap: 5 occurrences
  ✓ filter: 2 occurrences
  ✓ fold: 6 occurrences
  ✓ for_comprehension: 2 occurrences
  Suggestions:
    → Consider reducing mutable variables (3 vars found)
    → Consider using Option instead of null

APPROPRIATE_ABSTRACTIONS:
----------------------------------------
Score: 5/5 (EXCELLENT)
  Traits defined: 7
  ✓ Sealed hierarchies: 4
  Generic type usages: 58
  Objects/Companions: 6
  ✓ Variance annotations: 3
  Suggestions:
    → Consider using type classes for polymorphism

============================================================
EVALUATION SUMMARY
============================================================
Overall Score: 23/25 (92.0%)
Status: ❌ NEEDS IMPROVEMENT
============================================================

