   Building black @ file:///app/black
      Built black @ file:///app/black
Uninstalled 1 package in 0.69ms
Installed 1 package in 3ms
INFO: Instrumenting 5158 functions...
INFO: Using built-in libfuzzer
WARNING: Failed to find function "__sanitizer_acquire_crash_state".
WARNING: Failed to find function "__sanitizer_print_stack_trace".
WARNING: Failed to find function "__sanitizer_set_death_callback".
INFO: Running with entropic power schedule (0xFF, 100).
INFO: Seed: 13169929
INFO: -max_len is not provided; libFuzzer will not generate inputs larger than 4096 bytes
INFO: A corpus is not provided, starting from an empty corpus
#2	INITED cov: 289 ft: 289 corp: 1/1b exec/s: 0 rss: 87Mb
#4	NEW    cov: 306 ft: 311 corp: 2/3b lim: 4 exec/s: 0 rss: 87Mb L: 2/2 MS: 2 CrossOver-ChangeBinInt-
#5	NEW    cov: 333 ft: 432 corp: 3/7b lim: 4 exec/s: 0 rss: 87Mb L: 4/4 MS: 1 CMP- DE: "\001\000"-
#12	NEW    cov: 335 ft: 471 corp: 4/10b lim: 4 exec/s: 0 rss: 87Mb L: 3/4 MS: 2 ChangeBit-InsertByte-
#15	NEW    cov: 532 ft: 897 corp: 5/12b lim: 4 exec/s: 0 rss: 87Mb L: 2/4 MS: 3 ShuffleBytes-CrossOver-InsertByte-
#18	NEW    cov: 532 ft: 900 corp: 6/15b lim: 4 exec/s: 0 rss: 87Mb L: 3/4 MS: 3 CopyPart-CopyPart-ChangeBit-
#25	REDUCE cov: 532 ft: 900 corp: 6/14b lim: 4 exec/s: 0 rss: 87Mb L: 2/4 MS: 2 ShuffleBytes-EraseBytes-
#41	NEW    cov: 532 ft: 902 corp: 7/18b lim: 4 exec/s: 0 rss: 87Mb L: 4/4 MS: 1 CrossOver-
#46	REDUCE cov: 532 ft: 1079 corp: 8/20b lim: 4 exec/s: 0 rss: 87Mb L: 2/4 MS: 5 PersAutoDict-EraseBytes-ShuffleBytes-ChangeBit-InsertByte- DE: "\001\000"-
#47	NEW    cov: 542 ft: 1089 corp: 9/24b lim: 4 exec/s: 0 rss: 87Mb L: 4/4 MS: 1 InsertByte-
#50	NEW    cov: 542 ft: 1093 corp: 10/28b lim: 4 exec/s: 0 rss: 87Mb L: 4/4 MS: 3 CrossOver-PersAutoDict-CopyPart- DE: "\001\000"-
#62	NEW    cov: 545 ft: 1096 corp: 11/32b lim: 4 exec/s: 0 rss: 87Mb L: 4/4 MS: 2 ChangeBinInt-ChangeByte-
#63	NEW    cov: 545 ft: 1371 corp: 12/35b lim: 4 exec/s: 0 rss: 87Mb L: 3/4 MS: 1 InsertByte-
#65	NEW    cov: 548 ft: 1377 corp: 13/38b lim: 4 exec/s: 0 rss: 87Mb L: 3/4 MS: 2 EraseBytes-ChangeByte-
#71	NEW    cov: 573 ft: 1722 corp: 14/42b lim: 4 exec/s: 0 rss: 87Mb L: 4/4 MS: 1 ShuffleBytes-
#74	NEW    cov: 573 ft: 1734 corp: 15/46b lim: 4 exec/s: 0 rss: 87Mb L: 4/4 MS: 3 EraseBytes-CopyPart-ChangeByte-
#82	NEW    cov: 573 ft: 1736 corp: 16/50b lim: 4 exec/s: 0 rss: 87Mb L: 4/4 MS: 3 CrossOver-PersAutoDict-CrossOver- DE: "\001\000"-
#103	REDUCE cov: 573 ft: 1736 corp: 16/48b lim: 4 exec/s: 0 rss: 87Mb L: 2/4 MS: 1 EraseBytes-
#117	NEW    cov: 573 ft: 1743 corp: 17/52b lim: 4 exec/s: 0 rss: 87Mb L: 4/4 MS: 4 ChangeByte-PersAutoDict-CrossOver-CMP- DE: "\001\000"-"\347\252\221"-
#127	NEW    cov: 573 ft: 1744 corp: 18/56b lim: 4 exec/s: 0 rss: 87Mb L: 4/4 MS: 5 ShuffleBytes-InsertByte-ShuffleBytes-ChangeByte-CMP- DE: "\377\377"-
#129	NEW    cov: 575 ft: 1763 corp: 19/59b lim: 4 exec/s: 0 rss: 87Mb L: 3/4 MS: 2 EraseBytes-InsertByte-
#145	NEW    cov: 907 ft: 2099 corp: 20/63b lim: 4 exec/s: 0 rss: 87Mb L: 4/4 MS: 1 ChangeByte-
#168	REDUCE cov: 908 ft: 2133 corp: 21/66b lim: 4 exec/s: 0 rss: 87Mb L: 3/4 MS: 3 ChangeBit-ChangeByte-CopyPart-
#171	NEW    cov: 909 ft: 2142 corp: 22/70b lim: 4 exec/s: 0 rss: 87Mb L: 4/4 MS: 3 ChangeBinInt-ChangeBinInt-CMP- DE: "def"-
#177	NEW    cov: 909 ft: 2143 corp: 23/74b lim: 4 exec/s: 0 rss: 87Mb L: 4/4 MS: 1 ChangeByte-
#186	NEW    cov: 909 ft: 2151 corp: 24/78b lim: 4 exec/s: 0 rss: 87Mb L: 4/4 MS: 4 CopyPart-CopyPart-ChangeBit-ChangeByte-
#194	NEW    cov: 909 ft: 2153 corp: 25/82b lim: 4 exec/s: 0 rss: 87Mb L: 4/4 MS: 3 ChangeBit-ChangeBinInt-ShuffleBytes-
#203	NEW    cov: 909 ft: 2154 corp: 26/85b lim: 4 exec/s: 0 rss: 87Mb L: 3/4 MS: 4 CrossOver-ChangeBit-ChangeByte-EraseBytes-
#211	REDUCE cov: 921 ft: 2166 corp: 27/87b lim: 4 exec/s: 0 rss: 87Mb L: 2/4 MS: 3 InsertByte-ChangeBit-EraseBytes-
#268	NEW    cov: 925 ft: 2170 corp: 28/90b lim: 4 exec/s: 0 rss: 87Mb L: 3/4 MS: 2 ChangeByte-InsertByte-
#295	NEW    cov: 926 ft: 2176 corp: 29/94b lim: 4 exec/s: 0 rss: 87Mb L: 4/4 MS: 2 ChangeBit-CrossOver-
#304	NEW    cov: 927 ft: 2177 corp: 30/98b lim: 4 exec/s: 0 rss: 87Mb L: 4/4 MS: 4 CopyPart-ChangeByte-CopyPart-ChangeBit-
#308	NEW    cov: 1018 ft: 2336 corp: 31/102b lim: 4 exec/s: 0 rss: 87Mb L: 4/4 MS: 4 ChangeBinInt-InsertByte-CrossOver-CopyPart-
#319	REDUCE cov: 1018 ft: 2336 corp: 31/101b lim: 4 exec/s: 0 rss: 87Mb L: 3/4 MS: 1 EraseBytes-
#326	NEW    cov: 1018 ft: 2338 corp: 32/105b lim: 4 exec/s: 0 rss: 87Mb L: 4/4 MS: 2 ChangeBit-CopyPart-
#344	NEW    cov: 1037 ft: 2381 corp: 33/109b lim: 4 exec/s: 0 rss: 87Mb L: 4/4 MS: 3 CrossOver-CopyPart-ShuffleBytes-
#348	NEW    cov: 1045 ft: 2449 corp: 34/113b lim: 4 exec/s: 0 rss: 87Mb L: 4/4 MS: 4 ShuffleBytes-CopyPart-CrossOver-ChangeByte-
#356	NEW    cov: 1045 ft: 2453 corp: 35/117b lim: 4 exec/s: 0 rss: 87Mb L: 4/4 MS: 3 CopyPart-ShuffleBytes-CrossOver-
#388	REDUCE cov: 1045 ft: 2453 corp: 35/115b lim: 4 exec/s: 0 rss: 87Mb L: 2/4 MS: 2 EraseBytes-ChangeBit-
#410	NEW    cov: 1045 ft: 2454 corp: 36/118b lim: 4 exec/s: 0 rss: 87Mb L: 3/4 MS: 2 ChangeBinInt-CrossOver-
#416	NEW    cov: 1045 ft: 2461 corp: 37/122b lim: 4 exec/s: 0 rss: 87Mb L: 4/4 MS: 1 CopyPart-
#423	REDUCE cov: 1045 ft: 2461 corp: 37/121b lim: 4 exec/s: 0 rss: 87Mb L: 2/4 MS: 2 CopyPart-EraseBytes-
#454	NEW    cov: 1046 ft: 2462 corp: 38/124b lim: 4 exec/s: 0 rss: 87Mb L: 3/4 MS: 1 ShuffleBytes-
#469	NEW    cov: 1046 ft: 2463 corp: 39/126b lim: 4 exec/s: 0 rss: 87Mb L: 2/4 MS: 5 CrossOver-CrossOver-ShuffleBytes-CrossOver-InsertByte-
#501	REDUCE cov: 1046 ft: 2463 corp: 39/125b lim: 4 exec/s: 0 rss: 87Mb L: 3/4 MS: 2 ChangeByte-EraseBytes-
#506	REDUCE cov: 1046 ft: 2463 corp: 39/124b lim: 4 exec/s: 0 rss: 87Mb L: 3/4 MS: 5 ChangeByte-EraseBytes-EraseBytes-CrossOver-EraseBytes-
#507	NEW    cov: 1046 ft: 2500 corp: 40/128b lim: 4 exec/s: 0 rss: 87Mb L: 4/4 MS: 1 InsertByte-
#517	NEW    cov: 1046 ft: 2501 corp: 41/132b lim: 4 exec/s: 0 rss: 87Mb L: 4/4 MS: 5 CrossOver-EraseBytes-InsertByte-ShuffleBytes-CopyPart-
#548	NEW    cov: 1046 ft: 2504 corp: 42/135b lim: 4 exec/s: 0 rss: 87Mb L: 3/4 MS: 1 InsertByte-
#559	NEW    cov: 1049 ft: 2520 corp: 43/139b lim: 4 exec/s: 0 rss: 87Mb L: 4/4 MS: 1 ChangeBit-
#565	REDUCE cov: 1049 ft: 2521 corp: 44/143b lim: 4 exec/s: 0 rss: 87Mb L: 4/4 MS: 1 CrossOver-
#578	NEW    cov: 1058 ft: 2542 corp: 45/147b lim: 4 exec/s: 0 rss: 87Mb L: 4/4 MS: 3 CrossOver-ShuffleBytes-CopyPart-
#658	NEW    cov: 1058 ft: 2544 corp: 46/151b lim: 4 exec/s: 0 rss: 87Mb L: 4/4 MS: 5 ShuffleBytes-CopyPart-CopyPart-ChangeByte-ChangeByte-
#694	NEW    cov: 1059 ft: 2545 corp: 47/154b lim: 4 exec/s: 0 rss: 87Mb L: 3/4 MS: 1 CrossOver-
#709	NEW    cov: 1059 ft: 2555 corp: 48/158b lim: 4 exec/s: 0 rss: 87Mb L: 4/4 MS: 5 CrossOver-ChangeBinInt-CrossOver-CopyPart-ChangeBinInt-
#738	NEW    cov: 1062 ft: 2558 corp: 49/162b lim: 4 exec/s: 0 rss: 87Mb L: 4/4 MS: 4 CMP-ChangeBit-CopyPart-ChangeByte- DE: "def"-
#813	REDUCE cov: 1062 ft: 2558 corp: 49/161b lim: 4 exec/s: 0 rss: 87Mb L: 3/4 MS: 5 CopyPart-CrossOver-PersAutoDict-ChangeBit-ChangeBinInt- DE: "\377\377"-
#1031	NEW    cov: 1062 ft: 2562 corp: 50/166b lim: 6 exec/s: 0 rss: 87Mb L: 5/5 MS: 3 EraseBytes-ChangeBit-InsertRepeatedBytes-
#1033	REDUCE cov: 1062 ft: 2568 corp: 51/171b lim: 6 exec/s: 0 rss: 87Mb L: 5/5 MS: 2 CopyPart-PersAutoDict- DE: "\001\000"-
#1047	NEW    cov: 1062 ft: 2571 corp: 52/176b lim: 6 exec/s: 0 rss: 87Mb L: 5/5 MS: 4 PersAutoDict-CrossOver-EraseBytes-InsertByte- DE: "\001\000"-
#1074	NEW    cov: 1062 ft: 2574 corp: 53/182b lim: 6 exec/s: 0 rss: 87Mb L: 6/6 MS: 2 CrossOver-PersAutoDict- DE: "def"-
#1158	NEW    cov: 1064 ft: 2576 corp: 54/185b lim: 6 exec/s: 0 rss: 87Mb L: 3/6 MS: 4 CrossOver-InsertByte-ChangeByte-InsertByte-
#1169	REDUCE cov: 1066 ft: 2578 corp: 55/188b lim: 6 exec/s: 0 rss: 87Mb L: 3/6 MS: 1 ChangeBit-
#1174	NEW    cov: 1066 ft: 2583 corp: 56/193b lim: 6 exec/s: 0 rss: 87Mb L: 5/6 MS: 5 CopyPart-EraseBytes-ChangeASCIIInt-ShuffleBytes-ShuffleBytes-
#1187	NEW    cov: 1196 ft: 2946 corp: 57/199b lim: 6 exec/s: 0 rss: 87Mb L: 6/6 MS: 3 CrossOver-CopyPart-CrossOver-
#1312	NEW    cov: 1197 ft: 2974 corp: 58/205b lim: 6 exec/s: 0 rss: 87Mb L: 6/6 MS: 5 CrossOver-CopyPart-CrossOver-ChangeBit-InsertByte-
#1325	REDUCE cov: 1197 ft: 2998 corp: 59/211b lim: 6 exec/s: 0 rss: 87Mb L: 6/6 MS: 3 PersAutoDict-ChangeBit-CopyPart- DE: "\001\000"-
#1421	NEW    cov: 1197 ft: 2999 corp: 60/217b lim: 6 exec/s: 0 rss: 87Mb L: 6/6 MS: 1 CrossOver-
#1452	NEW    cov: 1197 ft: 3000 corp: 61/221b lim: 6 exec/s: 0 rss: 87Mb L: 4/6 MS: 1 ChangeBinInt-
#1465	NEW    cov: 1197 ft: 3003 corp: 62/226b lim: 6 exec/s: 0 rss: 87Mb L: 5/6 MS: 3 ChangeBit-ChangeBit-InsertByte-
#1494	NEW    cov: 1205 ft: 3020 corp: 63/231b lim: 6 exec/s: 0 rss: 87Mb L: 5/6 MS: 4 CopyPart-ChangeByte-ShuffleBytes-InsertByte-
#1573	NEW    cov: 1205 ft: 3032 corp: 64/236b lim: 6 exec/s: 1573 rss: 87Mb L: 5/6 MS: 4 EraseBytes-EraseBytes-CrossOver-CopyPart-
#1633	NEW    cov: 1205 ft: 3042 corp: 65/242b lim: 6 exec/s: 1633 rss: 87Mb L: 6/6 MS: 5 ShuffleBytes-CopyPart-CopyPart-ChangeByte-ChangeByte-
#1762	REDUCE cov: 1206 ft: 3043 corp: 66/248b lim: 6 exec/s: 1762 rss: 87Mb L: 6/6 MS: 4 PersAutoDict-ShuffleBytes-ShuffleBytes-PersAutoDict- DE: "\001\000"-"\347\252\221"-
#1858	REDUCE cov: 1206 ft: 3043 corp: 66/247b lim: 6 exec/s: 1858 rss: 87Mb L: 3/6 MS: 1 EraseBytes-
#1904	REDUCE cov: 1206 ft: 3043 corp: 66/246b lim: 6 exec/s: 1904 rss: 87Mb L: 2/6 MS: 1 EraseBytes-
#1952	NEW    cov: 1206 ft: 3044 corp: 67/252b lim: 6 exec/s: 1952 rss: 87Mb L: 6/6 MS: 3 CopyPart-ChangeBit-CrossOver-
#2034	NEW    cov: 1206 ft: 3058 corp: 68/258b lim: 6 exec/s: 2034 rss: 87Mb L: 6/6 MS: 2 CopyPart-ChangeByte-
#2059	REDUCE cov: 1274 ft: 3132 corp: 69/264b lim: 6 exec/s: 2059 rss: 87Mb L: 6/6 MS: 5 InsertRepeatedBytes-ChangeBinInt-ShuffleBytes-ShuffleBytes-ChangeByte-
#2140	NEW    cov: 1281 ft: 3144 corp: 70/270b lim: 6 exec/s: 2140 rss: 87Mb L: 6/6 MS: 1 CopyPart-
==1557== libFuzzer: run interrupted; exiting
==1557== libFuzzer: run interrupted; exiting
