INFO: Instrumenting arrow
INFO: Instrumenting arrow._version
INFO: Instrumenting arrow.api
INFO: Instrumenting datetime
INFO: Instrumenting arrow.arrow
INFO: Instrumenting calendar
INFO: Instrumenting locale
INFO: Instrumenting _locale
WARNING: It looks like this module is imported by a custom loader. Atheris has experimental support for this. However, it may be incompatible with certain libraries. If you experience unusual errors or poor coverage collection, try atheris.instrument_all() instead, add enable_loader_override=False to instrument_imports(), or file an issue on GitHub.
INFO: Instrumenting dateutil
INFO: Instrumenting dateutil._version
INFO: Instrumenting dateutil.tz
INFO: Instrumenting dateutil.tz.tz
INFO: Instrumenting struct
INFO: Instrumenting six
INFO: Instrumenting __future__
INFO: Instrumenting importlib.util
INFO: Instrumenting six.moves
INFO: Instrumenting dateutil.tz._common
INFO: Instrumenting dateutil.tz._factories
INFO: Instrumenting dateutil.tz.win
INFO: Instrumenting dateutil.relativedelta
INFO: Instrumenting dateutil._common
INFO: Instrumenting arrow.formatter
INFO: Instrumenting arrow.locales
INFO: Instrumenting arrow.constants
INFO: Instrumenting arrow.parser
INFO: Instrumenting zoneinfo
INFO: Instrumenting zoneinfo._tzpath
INFO: Instrumenting sysconfig
INFO: Instrumenting _sysconfigdata__linux_x86_64-linux-gnu
INFO: Instrumenting zoneinfo._common
INFO: Instrumenting arrow.util
INFO: Instrumenting dateutil.rrule
INFO: Instrumenting heapq
INFO: Instrumenting arrow.factory
INFO: Instrumenting decimal
INFO: Instrumenting numbers
INFO: Using built-in libfuzzer
WARNING: Failed to find function "__sanitizer_acquire_crash_state".
WARNING: Failed to find function "__sanitizer_print_stack_trace".
WARNING: Failed to find function "__sanitizer_set_death_callback".
INFO: Running with entropic power schedule (0xFF, 100).
INFO: Seed: 2898403191
INFO: -max_len is not provided; libFuzzer will not generate inputs larger than 4096 bytes
INFO: A corpus is not provided, starting from an empty corpus
#2	INITED cov: 48 ft: 48 corp: 1/1b exec/s: 0 rss: 48Mb
#366	NEW    cov: 53 ft: 53 corp: 2/7b lim: 6 exec/s: 0 rss: 48Mb L: 6/6 MS: 4 CMP-InsertByte-CopyPart-ChangeBit- DE: "\001\000\000\000"-
#367	NEW    cov: 54 ft: 54 corp: 3/13b lim: 6 exec/s: 0 rss: 48Mb L: 6/6 MS: 1 ChangeBit-
#486	REDUCE cov: 54 ft: 54 corp: 3/11b lim: 6 exec/s: 0 rss: 48Mb L: 4/6 MS: 4 ChangeBinInt-CrossOver-CopyPart-EraseBytes-
#503	REDUCE cov: 54 ft: 54 corp: 3/10b lim: 6 exec/s: 0 rss: 48Mb L: 5/5 MS: 2 ChangeByte-EraseBytes-
#509	REDUCE cov: 54 ft: 54 corp: 3/9b lim: 6 exec/s: 0 rss: 48Mb L: 4/4 MS: 1 EraseBytes-
#727	REDUCE cov: 54 ft: 54 corp: 3/8b lim: 8 exec/s: 0 rss: 48Mb L: 3/4 MS: 3 InsertRepeatedBytes-CopyPart-CrossOver-
#1088	REDUCE cov: 54 ft: 54 corp: 3/7b lim: 11 exec/s: 0 rss: 48Mb L: 2/4 MS: 1 EraseBytes-
#1720	REDUCE cov: 54 ft: 54 corp: 3/6b lim: 17 exec/s: 0 rss: 48Mb L: 3/3 MS: 2 CopyPart-EraseBytes-
#3277	NEW    cov: 56 ft: 56 corp: 4/12b lim: 29 exec/s: 0 rss: 48Mb L: 6/6 MS: 2 CMP-InsertByte- DE: "\001\000\000\000"-
#3318	REDUCE cov: 56 ft: 56 corp: 4/11b lim: 29 exec/s: 0 rss: 48Mb L: 5/5 MS: 1 EraseBytes-
#4049	REDUCE cov: 56 ft: 56 corp: 4/10b lim: 33 exec/s: 4049 rss: 48Mb L: 4/4 MS: 1 EraseBytes-
#4475	REDUCE cov: 56 ft: 56 corp: 4/9b lim: 33 exec/s: 4475 rss: 48Mb L: 3/3 MS: 1 EraseBytes-
#4514	REDUCE cov: 56 ft: 56 corp: 4/8b lim: 33 exec/s: 4514 rss: 48Mb L: 2/3 MS: 4 CopyPart-EraseBytes-InsertByte-EraseBytes-
#5540	NEW    cov: 86 ft: 102 corp: 5/18b lim: 43 exec/s: 5540 rss: 48Mb L: 10/10 MS: 1 InsertRepeatedBytes-
#5681	NEW    cov: 96 ft: 119 corp: 6/24b lim: 43 exec/s: 5681 rss: 48Mb L: 6/10 MS: 1 EraseBytes-
#5687	REDUCE cov: 96 ft: 119 corp: 6/23b lim: 43 exec/s: 5687 rss: 48Mb L: 5/10 MS: 1 EraseBytes-
#5903	REDUCE cov: 106 ft: 129 corp: 7/29b lim: 43 exec/s: 5903 rss: 48Mb L: 6/10 MS: 1 InsertByte-
#6217	REDUCE cov: 131 ft: 164 corp: 8/38b lim: 43 exec/s: 6217 rss: 48Mb L: 9/10 MS: 4 CrossOver-ChangeByte-CopyPart-CopyPart-
#6248	NEW    cov: 131 ft: 179 corp: 9/47b lim: 43 exec/s: 6248 rss: 48Mb L: 9/10 MS: 1 ChangeBit-
#6279	NEW    cov: 132 ft: 180 corp: 10/55b lim: 43 exec/s: 6279 rss: 48Mb L: 8/10 MS: 1 CopyPart-
#6371	REDUCE cov: 133 ft: 181 corp: 11/67b lim: 43 exec/s: 6371 rss: 48Mb L: 12/12 MS: 2 ChangeByte-CrossOver-
#6489	NEW    cov: 135 ft: 183 corp: 12/77b lim: 43 exec/s: 6489 rss: 48Mb L: 10/12 MS: 3 CrossOver-CopyPart-EraseBytes-
#6580	REDUCE cov: 135 ft: 183 corp: 12/75b lim: 43 exec/s: 6580 rss: 48Mb L: 6/12 MS: 1 EraseBytes-
==1478== libFuzzer: run interrupted; exiting
