INFO: Instrumenting black
INFO: Instrumenting json
INFO: Instrumenting json.decoder
INFO: Instrumenting json.scanner
INFO: Instrumenting json.encoder
INFO: Instrumenting platform
INFO: Instrumenting datetime
INFO: Instrumenting click
INFO: Instrumenting __future__
INFO: Instrumenting click.core
INFO: Instrumenting gettext
INFO: Instrumenting click.types
INFO: Instrumenting click._compat
INFO: Instrumenting click.exceptions
INFO: Instrumenting click.globals
INFO: Instrumenting click.utils
INFO: Instrumenting click._utils
INFO: Instrumenting click.formatting
INFO: Instrumenting click.parser
INFO: Instrumenting click.termui
INFO: Instrumenting click.decorators
INFO: Instrumenting mypy_extensions
INFO: Instrumenting pathspec
INFO: Instrumenting pathspec.gitignore
INFO: Instrumenting pathspec.backend
INFO: Instrumenting pathspec._backends
INFO: Instrumenting pathspec._backends.agg
INFO: Instrumenting pathspec.pattern
INFO: Instrumenting pathspec._typing
INFO: Instrumenting pathspec._backends.hyperscan
INFO: Instrumenting pathspec._backends.hyperscan.base
INFO: Instrumenting pathspec._backends.hyperscan.gitignore
INFO: Instrumenting pathspec.patterns
INFO: Instrumenting pathspec.patterns.gitignore
INFO: Instrumenting pathspec.patterns.gitignore.base
INFO: Instrumenting pathspec.patterns.gitignore.basic
INFO: Instrumenting pathspec.util
INFO: Instrumenting pathspec.patterns.gitignore.spec
INFO: Instrumenting pathspec.patterns.gitwildmatch
INFO: Instrumenting pathspec._backends.hyperscan._base
INFO: Instrumenting pathspec._backends.hyperscan.pathspec
INFO: Instrumenting pathspec._backends._utils
INFO: Instrumenting pathspec._backends.re2
INFO: Instrumenting pathspec._backends.re2.base
INFO: Instrumenting pathspec._backends.re2._base
INFO: Instrumenting pathspec._backends.re2.gitignore
INFO: Instrumenting pathspec._backends.re2.pathspec
INFO: Instrumenting pathspec._backends.simple
INFO: Instrumenting pathspec._backends.simple.gitignore
INFO: Instrumenting pathspec._backends.simple.pathspec
INFO: Instrumenting pathspec.pathspec
INFO: Instrumenting pathspec._meta
INFO: Instrumenting pathspec._version
INFO: Instrumenting _black_version
INFO: Instrumenting black.cache
INFO: Instrumenting hashlib
INFO: Instrumenting pickle
INFO: Instrumenting struct
INFO: Instrumenting _compat_pickle
INFO: Instrumenting platformdirs
INFO: Instrumenting platformdirs.api
INFO: Instrumenting platformdirs.version
INFO: Instrumenting platformdirs.unix
INFO: Instrumenting configparser
INFO: Instrumenting black.mode
INFO: Instrumenting black.const
INFO: Instrumenting black.output
INFO: Instrumenting black.comments
INFO: Instrumenting black.nodes
INFO: Instrumenting black.strings
INFO: Instrumenting black._width_table
INFO: Instrumenting blib2to3
INFO: Instrumenting blib2to3.pytree
INFO: Instrumenting blib2to3.pgen2
INFO: Instrumenting blib2to3.pgen2.grammar
INFO: Instrumenting blib2to3.pgen2.token
INFO: Instrumenting blib2to3.pygram
INFO: Instrumenting blib2to3.pgen2.driver
INFO: Instrumenting pkgutil
INFO: Instrumenting importlib.util
WARNING: It looks like this module is imported by a custom loader. Atheris has experimental support for this. However, it may be incompatible with certain libraries. If you experience unusual errors or poor coverage collection, try atheris.instrument_all() instead, add enable_loader_override=False to instrument_imports(), or file an issue on GitHub.
INFO: Instrumenting blib2to3.pgen2.tokenize
INFO: Instrumenting blib2to3.pgen2.parse
INFO: Instrumenting blib2to3.pgen2.pgen
INFO: Instrumenting black.files
INFO: Instrumenting packaging
INFO: Instrumenting packaging.specifiers
INFO: Instrumenting packaging.utils
INFO: Instrumenting packaging.tags
INFO: Instrumenting subprocess
INFO: Instrumenting locale
INFO: Instrumenting _locale
INFO: Instrumenting signal
INFO: Instrumenting selectors
INFO: Instrumenting sysconfig
INFO: Instrumenting packaging._manylinux
INFO: Instrumenting packaging._elffile
INFO: Instrumenting packaging._musllinux
INFO: Instrumenting packaging.version
INFO: Instrumenting packaging._structures
INFO: Instrumenting tomllib
INFO: Instrumenting tomllib._parser
INFO: Instrumenting tomllib._re
INFO: Instrumenting tomllib._types
INFO: Instrumenting black.handle_ipynb_magics
INFO: Instrumenting secrets
INFO: Instrumenting base64
INFO: Instrumenting hmac
INFO: Instrumenting black.report
INFO: Instrumenting black.linegen
INFO: Instrumenting black.brackets
INFO: Instrumenting black.lines
INFO: Instrumenting black.numerics
INFO: Instrumenting black.trans
INFO: Instrumenting black.rusty
INFO: Instrumenting black.parsing
INFO: Instrumenting black.ranges
INFO: Instrumenting difflib
INFO: Instrumenting heapq
INFO: Using built-in libfuzzer
WARNING: Failed to find function "__sanitizer_acquire_crash_state".
WARNING: Failed to find function "__sanitizer_print_stack_trace".
WARNING: Failed to find function "__sanitizer_set_death_callback".
INFO: Running with entropic power schedule (0xFF, 100).
INFO: Seed: 3970138074
INFO: -max_len is not provided; libFuzzer will not generate inputs larger than 4096 bytes
INFO: A corpus is not provided, starting from an empty corpus
#2	INITED cov: 234 ft: 234 corp: 1/1b exec/s: 0 rss: 57Mb
#47	NEW    cov: 245 ft: 324 corp: 2/5b lim: 4 exec/s: 0 rss: 57Mb L: 4/4 MS: 5 InsertByte-EraseBytes-InsertByte-CrossOver-InsertByte-
#49	NEW    cov: 256 ft: 377 corp: 3/9b lim: 4 exec/s: 0 rss: 57Mb L: 4/4 MS: 2 CopyPart-ShuffleBytes-
#52	NEW    cov: 257 ft: 405 corp: 4/13b lim: 4 exec/s: 0 rss: 57Mb L: 4/4 MS: 3 ChangeByte-ChangeBit-ChangeBinInt-
#59	NEW    cov: 269 ft: 445 corp: 5/17b lim: 4 exec/s: 0 rss: 57Mb L: 4/4 MS: 2 CopyPart-ChangeBinInt-
#67	NEW    cov: 269 ft: 465 corp: 6/21b lim: 4 exec/s: 0 rss: 57Mb L: 4/4 MS: 3 ShuffleBytes-ChangeBinInt-CMP- DE: "\001\000\000\000"-
#192	NEW    cov: 270 ft: 466 corp: 7/25b lim: 4 exec/s: 0 rss: 57Mb L: 4/4 MS: 5 CrossOver-CrossOver-ShuffleBytes-ChangeBit-InsertByte-
#210	NEW    cov: 270 ft: 467 corp: 8/29b lim: 4 exec/s: 0 rss: 57Mb L: 4/4 MS: 3 EraseBytes-ChangeByte-CopyPart-
#265	NEW    cov: 270 ft: 469 corp: 9/33b lim: 4 exec/s: 0 rss: 57Mb L: 4/4 MS: 5 ChangeByte-CrossOver-CrossOver-ChangeBinInt-ChangeByte-
#387	NEW    cov: 270 ft: 470 corp: 10/37b lim: 4 exec/s: 0 rss: 57Mb L: 4/4 MS: 2 EraseBytes-InsertByte-
#399	NEW    cov: 276 ft: 476 corp: 11/41b lim: 4 exec/s: 0 rss: 57Mb L: 4/4 MS: 2 ShuffleBytes-ChangeBinInt-
#622	NEW    cov: 276 ft: 502 corp: 12/47b lim: 6 exec/s: 0 rss: 57Mb L: 6/6 MS: 3 CrossOver-CrossOver-ChangeByte-
#656	NEW    cov: 276 ft: 543 corp: 13/53b lim: 6 exec/s: 0 rss: 57Mb L: 6/6 MS: 4 ChangeBinInt-ShuffleBytes-InsertByte-InsertByte-
#662	REDUCE cov: 276 ft: 543 corp: 13/52b lim: 6 exec/s: 0 rss: 57Mb L: 5/6 MS: 1 EraseBytes-
#758	REDUCE cov: 276 ft: 546 corp: 14/57b lim: 6 exec/s: 0 rss: 57Mb L: 5/6 MS: 1 ShuffleBytes-
#794	REDUCE cov: 276 ft: 546 corp: 14/56b lim: 6 exec/s: 0 rss: 57Mb L: 4/6 MS: 1 EraseBytes-
#807	NEW    cov: 280 ft: 557 corp: 15/62b lim: 6 exec/s: 0 rss: 57Mb L: 6/6 MS: 3 EraseBytes-CopyPart-ChangeBinInt-
#826	NEW    cov: 280 ft: 567 corp: 16/68b lim: 6 exec/s: 0 rss: 57Mb L: 6/6 MS: 4 ChangeByte-CrossOver-ChangeBinInt-ShuffleBytes-
#831	REDUCE cov: 280 ft: 583 corp: 17/74b lim: 6 exec/s: 0 rss: 57Mb L: 6/6 MS: 5 CrossOver-ChangeByte-ChangeBit-CrossOver-ChangeByte-
#925	NEW    cov: 280 ft: 584 corp: 18/79b lim: 6 exec/s: 0 rss: 57Mb L: 5/6 MS: 4 ChangeBit-ChangeByte-InsertByte-ShuffleBytes-
#936	NEW    cov: 280 ft: 587 corp: 19/85b lim: 6 exec/s: 0 rss: 57Mb L: 6/6 MS: 1 CopyPart-
#959	NEW    cov: 280 ft: 588 corp: 20/90b lim: 6 exec/s: 0 rss: 57Mb L: 5/6 MS: 3 ShuffleBytes-CrossOver-CopyPart-
Done 1000 in 0 second(s)
