
============================================================
Evaluating: /root/Tokenizer.scala
============================================================

✓ File exists
✓ Source loaded (11001 characters)

--- Checking Compilation ---
✓ Compilation successful

--- Running Unit Tests ---
Tests passed: 0/0

--- Evaluating Code Quality Criteria ---


FUNCTIONALITY_PRESERVATION:
----------------------------------------
Score: 5/5 (EXCELLENT)
  Found 9/9 required components
  Found 4/4 key methods

SCALA_CONVENTIONS:
----------------------------------------
Score: 5/5 (EXCELLENT)
  ✓ camelCase_methods: 44 occurrences
  ✓ PascalCase_classes: 29 occurrences
  ✓ immutable_val: 42 occurrences
  ✓ case_class: 2 occurrences
  ✓ sealed_trait: 1 occurrences
  Suggestions:
    → Consider refactoring: Null usage (prefer Option)
    → Consider refactoring: Explicit return statement (often unnecessary in Scala)

READABILITY:
----------------------------------------
Score: 5/5 (EXCELLENT)
  Total lines: 358
  Scaladoc blocks: 0
  Single-line comments: 33
  ⚠ Lines > 120 chars: 1
  Type annotations: 100
  Suggestions:
    → Consider breaking long lines for readability

PARADIGM_MATCH:
----------------------------------------
Score: 5/5 (EXCELLENT)
  ✓ map: 7 occurrences
  ✓ flatMap: 7 occurrences
  ✓ filter: 2 occurrences
  ✓ fold: 2 occurrences
  ✓ higher_order_func: 20 occurrences
  Suggestions:
    → Consider reducing mutable variables (4 vars found)
    → Consider using Option instead of null

APPROPRIATE_ABSTRACTIONS:
----------------------------------------
Score: 5/5 (EXCELLENT)
  Traits defined: 5
  ✓ Sealed hierarchies: 1
  Generic type usages: 53
  Objects/Companions: 3
  ✓ Variance annotations: 3
  Suggestions:
    → Consider using type classes for polymorphism

============================================================
EVALUATION SUMMARY
============================================================
Overall Score: 25/25 (100.0%)
Status: ❌ NEEDS IMPROVEMENT
============================================================

