INFO: Instrumenting black
INFO: Instrumenting json
INFO: Instrumenting json.decoder
INFO: Instrumenting json.scanner
INFO: Instrumenting json.encoder
INFO: Instrumenting platform
INFO: Instrumenting datetime
INFO: Instrumenting click
INFO: Instrumenting __future__
INFO: Instrumenting click.core
INFO: Instrumenting gettext
INFO: Instrumenting click.types
INFO: Instrumenting click._compat
INFO: Instrumenting click.exceptions
INFO: Instrumenting click.globals
INFO: Instrumenting click.utils
INFO: Instrumenting click._utils
INFO: Instrumenting click.formatting
INFO: Instrumenting click.parser
INFO: Instrumenting click.termui
INFO: Instrumenting click.decorators
INFO: Instrumenting mypy_extensions
INFO: Instrumenting pathspec
INFO: Instrumenting pathspec.gitignore
INFO: Instrumenting pathspec.backend
INFO: Instrumenting pathspec._backends
INFO: Instrumenting pathspec._backends.agg
INFO: Instrumenting pathspec.pattern
INFO: Instrumenting pathspec._typing
INFO: Instrumenting pathspec._backends.hyperscan
INFO: Instrumenting pathspec._backends.hyperscan.base
INFO: Instrumenting pathspec._backends.hyperscan.gitignore
INFO: Instrumenting pathspec.patterns
INFO: Instrumenting pathspec.patterns.gitignore
INFO: Instrumenting pathspec.patterns.gitignore.base
INFO: Instrumenting pathspec.patterns.gitignore.basic
INFO: Instrumenting pathspec.util
INFO: Instrumenting pathspec.patterns.gitignore.spec
INFO: Instrumenting pathspec.patterns.gitwildmatch
INFO: Instrumenting pathspec._backends.hyperscan._base
INFO: Instrumenting pathspec._backends.hyperscan.pathspec
INFO: Instrumenting pathspec._backends._utils
INFO: Instrumenting pathspec._backends.re2
INFO: Instrumenting pathspec._backends.re2.base
INFO: Instrumenting pathspec._backends.re2._base
INFO: Instrumenting pathspec._backends.re2.gitignore
INFO: Instrumenting pathspec._backends.re2.pathspec
INFO: Instrumenting pathspec._backends.simple
INFO: Instrumenting pathspec._backends.simple.gitignore
INFO: Instrumenting pathspec._backends.simple.pathspec
INFO: Instrumenting pathspec.pathspec
INFO: Instrumenting pathspec._meta
INFO: Instrumenting pathspec._version
INFO: Instrumenting _black_version
INFO: Instrumenting black.cache
INFO: Instrumenting hashlib
INFO: Instrumenting pickle
INFO: Instrumenting struct
INFO: Instrumenting _compat_pickle
INFO: Instrumenting platformdirs
INFO: Instrumenting platformdirs.api
INFO: Instrumenting platformdirs.version
INFO: Instrumenting platformdirs.unix
INFO: Instrumenting configparser
INFO: Instrumenting black.mode
INFO: Instrumenting black.const
INFO: Instrumenting black.output
INFO: Instrumenting black.comments
INFO: Instrumenting black.nodes
INFO: Instrumenting black.strings
INFO: Instrumenting black._width_table
INFO: Instrumenting blib2to3
INFO: Instrumenting blib2to3.pytree
INFO: Instrumenting blib2to3.pgen2
INFO: Instrumenting blib2to3.pgen2.grammar
INFO: Instrumenting blib2to3.pgen2.token
INFO: Instrumenting blib2to3.pygram
INFO: Instrumenting blib2to3.pgen2.driver
INFO: Instrumenting pkgutil
INFO: Instrumenting importlib.util
WARNING: It looks like this module is imported by a custom loader. Atheris has experimental support for this. However, it may be incompatible with certain libraries. If you experience unusual errors or poor coverage collection, try atheris.instrument_all() instead, add enable_loader_override=False to instrument_imports(), or file an issue on GitHub.
INFO: Instrumenting blib2to3.pgen2.tokenize
INFO: Instrumenting blib2to3.pgen2.parse
INFO: Instrumenting blib2to3.pgen2.pgen
INFO: Instrumenting black.files
INFO: Instrumenting packaging
INFO: Instrumenting packaging.specifiers
INFO: Instrumenting packaging.utils
INFO: Instrumenting packaging.tags
INFO: Instrumenting subprocess
INFO: Instrumenting locale
INFO: Instrumenting _locale
INFO: Instrumenting signal
INFO: Instrumenting selectors
INFO: Instrumenting sysconfig
INFO: Instrumenting packaging._manylinux
INFO: Instrumenting packaging._elffile
INFO: Instrumenting packaging._musllinux
INFO: Instrumenting packaging.version
INFO: Instrumenting packaging._structures
INFO: Instrumenting tomllib
INFO: Instrumenting tomllib._parser
INFO: Instrumenting tomllib._re
INFO: Instrumenting tomllib._types
INFO: Instrumenting black.handle_ipynb_magics
INFO: Instrumenting secrets
INFO: Instrumenting base64
INFO: Instrumenting hmac
INFO: Instrumenting black.report
INFO: Instrumenting black.linegen
INFO: Instrumenting black.brackets
INFO: Instrumenting black.lines
INFO: Instrumenting black.numerics
INFO: Instrumenting black.trans
INFO: Instrumenting black.rusty
INFO: Instrumenting black.parsing
INFO: Instrumenting black.ranges
INFO: Instrumenting difflib
INFO: Instrumenting heapq
INFO: Using built-in libfuzzer
WARNING: Failed to find function "__sanitizer_acquire_crash_state".
WARNING: Failed to find function "__sanitizer_print_stack_trace".
WARNING: Failed to find function "__sanitizer_set_death_callback".
INFO: Running with entropic power schedule (0xFF, 100).
INFO: Seed: 2274731766
INFO: -max_len is not provided; libFuzzer will not generate inputs larger than 4096 bytes
INFO: A corpus is not provided, starting from an empty corpus
#2	INITED cov: 238 ft: 238 corp: 1/1b exec/s: 0 rss: 59Mb
#3	NEW    cov: 242 ft: 471 corp: 2/2b lim: 4 exec/s: 0 rss: 59Mb L: 1/1 MS: 1 ChangeBinInt-
#5	NEW    cov: 454 ft: 824 corp: 3/3b lim: 4 exec/s: 0 rss: 59Mb L: 1/1 MS: 2 ShuffleBytes-ChangeBit-
#6	NEW    cov: 460 ft: 881 corp: 4/6b lim: 4 exec/s: 0 rss: 59Mb L: 3/3 MS: 1 CMP- DE: "\000\000"-
#15	NEW    cov: 464 ft: 911 corp: 5/7b lim: 4 exec/s: 0 rss: 59Mb L: 1/3 MS: 4 InsertByte-EraseBytes-ChangeBinInt-ChangeByte-
#16	NEW    cov: 464 ft: 934 corp: 6/9b lim: 4 exec/s: 0 rss: 59Mb L: 2/3 MS: 1 CrossOver-
#27	NEW    cov: 464 ft: 965 corp: 7/12b lim: 4 exec/s: 0 rss: 59Mb L: 3/3 MS: 1 CrossOver-
#36	REDUCE cov: 464 ft: 965 corp: 7/11b lim: 4 exec/s: 0 rss: 59Mb L: 2/3 MS: 4 CopyPart-PersAutoDict-ShuffleBytes-EraseBytes- DE: "\000\000"-
#37	NEW    cov: 465 ft: 969 corp: 8/13b lim: 4 exec/s: 0 rss: 59Mb L: 2/3 MS: 1 InsertByte-
#43	NEW    cov: 465 ft: 1236 corp: 9/15b lim: 4 exec/s: 0 rss: 59Mb L: 2/3 MS: 1 CrossOver-
#51	NEW    cov: 465 ft: 1242 corp: 10/17b lim: 4 exec/s: 0 rss: 59Mb L: 2/3 MS: 3 EraseBytes-CrossOver-CrossOver-
#55	NEW    cov: 475 ft: 1252 corp: 11/20b lim: 4 exec/s: 0 rss: 59Mb L: 3/3 MS: 4 CopyPart-CrossOver-ChangeBinInt-ChangeBit-
#56	NEW    cov: 475 ft: 1253 corp: 12/23b lim: 4 exec/s: 0 rss: 59Mb L: 3/3 MS: 1 InsertByte-
#63	NEW    cov: 475 ft: 1269 corp: 13/27b lim: 4 exec/s: 0 rss: 59Mb L: 4/4 MS: 2 ShuffleBytes-PersAutoDict- DE: "\000\000"-
#65	NEW    cov: 475 ft: 1276 corp: 14/29b lim: 4 exec/s: 0 rss: 59Mb L: 2/4 MS: 2 EraseBytes-InsertByte-
#72	NEW    cov: 500 ft: 1547 corp: 15/33b lim: 4 exec/s: 0 rss: 59Mb L: 4/4 MS: 2 ShuffleBytes-CopyPart-
#84	NEW    cov: 513 ft: 1560 corp: 16/34b lim: 4 exec/s: 0 rss: 59Mb L: 1/4 MS: 2 ChangeByte-ChangeByte-
#102	NEW    cov: 514 ft: 1561 corp: 17/35b lim: 4 exec/s: 0 rss: 59Mb L: 1/4 MS: 3 ChangeBinInt-ShuffleBytes-ChangeByte-
#164	REDUCE cov: 514 ft: 1561 corp: 17/34b lim: 4 exec/s: 0 rss: 59Mb L: 1/4 MS: 2 ShuffleBytes-EraseBytes-
#178	NEW    cov: 596 ft: 1720 corp: 18/37b lim: 4 exec/s: 0 rss: 59Mb L: 3/4 MS: 4 CopyPart-InsertByte-EraseBytes-ChangeByte-
#204	NEW    cov: 637 ft: 1766 corp: 19/38b lim: 4 exec/s: 0 rss: 59Mb L: 1/4 MS: 1 ChangeBit-
#205	NEW    cov: 639 ft: 1776 corp: 20/40b lim: 4 exec/s: 0 rss: 59Mb L: 2/4 MS: 1 CrossOver-
#217	NEW    cov: 648 ft: 1831 corp: 21/43b lim: 4 exec/s: 0 rss: 59Mb L: 3/4 MS: 2 ShuffleBytes-ChangeBit-
#221	NEW    cov: 648 ft: 1838 corp: 22/47b lim: 4 exec/s: 0 rss: 59Mb L: 4/4 MS: 4 CMP-ChangeBinInt-ChangeBit-CrossOver- DE: "not"-
#227	NEW    cov: 651 ft: 1867 corp: 23/49b lim: 4 exec/s: 0 rss: 59Mb L: 2/4 MS: 1 CrossOver-
#228	NEW    cov: 651 ft: 1871 corp: 24/53b lim: 4 exec/s: 0 rss: 59Mb L: 4/4 MS: 1 CrossOver-
#229	NEW    cov: 652 ft: 1874 corp: 25/57b lim: 4 exec/s: 0 rss: 59Mb L: 4/4 MS: 1 PersAutoDict- DE: "not"-
#268	NEW    cov: 654 ft: 1876 corp: 26/59b lim: 4 exec/s: 0 rss: 59Mb L: 2/4 MS: 4 InsertByte-EraseBytes-ChangeBit-ChangeByte-
#409	NEW    cov: 654 ft: 1891 corp: 27/63b lim: 4 exec/s: 0 rss: 59Mb L: 4/4 MS: 1 CrossOver-
#419	NEW    cov: 654 ft: 1893 corp: 28/66b lim: 4 exec/s: 0 rss: 59Mb L: 3/4 MS: 5 InsertByte-ChangeBit-EraseBytes-ShuffleBytes-InsertByte-
#440	REDUCE cov: 654 ft: 1893 corp: 28/65b lim: 4 exec/s: 0 rss: 59Mb L: 3/4 MS: 1 EraseBytes-
#443	NEW    cov: 727 ft: 1970 corp: 29/67b lim: 4 exec/s: 0 rss: 59Mb L: 2/4 MS: 3 ChangeBit-ChangeBit-CopyPart-
#485	NEW    cov: 727 ft: 2029 corp: 30/71b lim: 4 exec/s: 0 rss: 59Mb L: 4/4 MS: 2 CrossOver-CopyPart-
#552	NEW    cov: 746 ft: 2054 corp: 31/75b lim: 4 exec/s: 0 rss: 59Mb L: 4/4 MS: 2 ChangeBinInt-CrossOver-
#613	NEW    cov: 746 ft: 2067 corp: 32/79b lim: 4 exec/s: 0 rss: 59Mb L: 4/4 MS: 1 ChangeByte-
#733	REDUCE cov: 746 ft: 2067 corp: 32/78b lim: 4 exec/s: 0 rss: 59Mb L: 1/4 MS: 5 ShuffleBytes-CrossOver-ChangeBit-ChangeBit-EraseBytes-
#742	NEW    cov: 746 ft: 2068 corp: 33/82b lim: 4 exec/s: 0 rss: 59Mb L: 4/4 MS: 4 CopyPart-CrossOver-InsertByte-CrossOver-
#880	REDUCE cov: 756 ft: 2078 corp: 34/85b lim: 4 exec/s: 0 rss: 59Mb L: 3/4 MS: 3 ChangeBinInt-EraseBytes-InsertByte-
#915	NEW    cov: 756 ft: 2079 corp: 35/87b lim: 4 exec/s: 0 rss: 59Mb L: 2/4 MS: 5 ShuffleBytes-CopyPart-ChangeBit-ChangeByte-ChangeByte-
#1024	NEW    cov: 756 ft: 2085 corp: 36/90b lim: 4 exec/s: 0 rss: 59Mb L: 3/4 MS: 4 ShuffleBytes-CMP-CrossOver-CMP- DE: "not"-"for"-
#1296	NEW    cov: 756 ft: 2086 corp: 37/92b lim: 6 exec/s: 0 rss: 59Mb L: 2/4 MS: 2 EraseBytes-InsertByte-
#1317	NEW    cov: 756 ft: 2088 corp: 38/95b lim: 6 exec/s: 0 rss: 59Mb L: 3/4 MS: 1 ChangeBinInt-
#1329	NEW    cov: 756 ft: 2095 corp: 39/100b lim: 6 exec/s: 0 rss: 59Mb L: 5/5 MS: 2 ChangeBit-CMP- DE: "if"-
#1345	NEW    cov: 756 ft: 2126 corp: 40/104b lim: 6 exec/s: 0 rss: 59Mb L: 4/5 MS: 1 CopyPart-
#1368	REDUCE cov: 762 ft: 2136 corp: 41/108b lim: 6 exec/s: 0 rss: 59Mb L: 4/5 MS: 3 EraseBytes-ChangeBit-CrossOver-
#1539	REDUCE cov: 763 ft: 2184 corp: 42/114b lim: 6 exec/s: 1539 rss: 59Mb L: 6/6 MS: 1 CopyPart-
#1551	NEW    cov: 763 ft: 2196 corp: 43/119b lim: 6 exec/s: 1551 rss: 59Mb L: 5/6 MS: 2 InsertByte-ChangeBit-
#1693	NEW    cov: 763 ft: 2225 corp: 44/125b lim: 6 exec/s: 1693 rss: 59Mb L: 6/6 MS: 2 ChangeBinInt-CopyPart-
#1739	NEW    cov: 774 ft: 2260 corp: 45/131b lim: 6 exec/s: 1739 rss: 59Mb L: 6/6 MS: 1 CrossOver-
#1747	NEW    cov: 776 ft: 2262 corp: 46/134b lim: 6 exec/s: 1747 rss: 59Mb L: 3/6 MS: 3 ChangeByte-CrossOver-EraseBytes-
#1781	REDUCE cov: 776 ft: 2262 corp: 46/133b lim: 6 exec/s: 1781 rss: 59Mb L: 3/6 MS: 4 CrossOver-CrossOver-PersAutoDict-EraseBytes- DE: "if"-
#1840	NEW    cov: 779 ft: 2265 corp: 47/138b lim: 6 exec/s: 1840 rss: 59Mb L: 5/6 MS: 4 PersAutoDict-ChangeByte-PersAutoDict-ChangeBit- DE: "\000\000"-"for"-
#1887	NEW    cov: 846 ft: 2339 corp: 48/141b lim: 6 exec/s: 1887 rss: 59Mb L: 3/6 MS: 2 ChangeByte-CopyPart-
#1919	NEW    cov: 846 ft: 2340 corp: 49/144b lim: 6 exec/s: 1919 rss: 59Mb L: 3/6 MS: 2 ChangeBit-ChangeByte-
#2017	NEW    cov: 846 ft: 2350 corp: 50/150b lim: 6 exec/s: 2017 rss: 59Mb L: 6/6 MS: 3 CopyPart-CrossOver-CMP- DE: "\000\000"-
#2028	NEW    cov: 846 ft: 2351 corp: 51/156b lim: 6 exec/s: 2028 rss: 59Mb L: 6/6 MS: 1 CrossOver-
#2046	NEW    cov: 846 ft: 2353 corp: 52/159b lim: 6 exec/s: 2046 rss: 59Mb L: 3/6 MS: 3 EraseBytes-PersAutoDict-ChangeBinInt- DE: "if"-
#2122	NEW    cov: 849 ft: 2370 corp: 53/162b lim: 6 exec/s: 2122 rss: 59Mb L: 3/6 MS: 1 InsertByte-
#2213	NEW    cov: 853 ft: 2374 corp: 54/166b lim: 6 exec/s: 2213 rss: 59Mb L: 4/6 MS: 1 CrossOver-
#2315	REDUCE cov: 853 ft: 2375 corp: 55/169b lim: 6 exec/s: 2315 rss: 59Mb L: 3/6 MS: 2 CopyPart-CopyPart-
#2387	NEW    cov: 854 ft: 2403 corp: 56/173b lim: 6 exec/s: 2387 rss: 59Mb L: 4/6 MS: 2 ShuffleBytes-CrossOver-
#2413	NEW    cov: 854 ft: 2415 corp: 57/177b lim: 6 exec/s: 2413 rss: 59Mb L: 4/6 MS: 1 CopyPart-
#2417	NEW    cov: 854 ft: 2418 corp: 58/183b lim: 6 exec/s: 2417 rss: 59Mb L: 6/6 MS: 4 ChangeByte-PersAutoDict-CrossOver-CrossOver- DE: "not"-
#2422	NEW    cov: 854 ft: 2422 corp: 59/189b lim: 6 exec/s: 2422 rss: 59Mb L: 6/6 MS: 5 ShuffleBytes-ShuffleBytes-CrossOver-ShuffleBytes-CopyPart-
#2690	REDUCE cov: 854 ft: 2422 corp: 59/188b lim: 8 exec/s: 2690 rss: 59Mb L: 1/6 MS: 3 CrossOver-EraseBytes-EraseBytes-
#2741	NEW    cov: 854 ft: 2538 corp: 60/196b lim: 8 exec/s: 2741 rss: 59Mb L: 8/8 MS: 1 CopyPart-
#2962	NEW    cov: 854 ft: 2539 corp: 61/202b lim: 8 exec/s: 1481 rss: 59Mb L: 6/8 MS: 1 CopyPart-
#2964	NEW    cov: 854 ft: 2541 corp: 62/208b lim: 8 exec/s: 1482 rss: 59Mb L: 6/8 MS: 2 CrossOver-CopyPart-
#2989	NEW    cov: 854 ft: 2551 corp: 63/215b lim: 8 exec/s: 1494 rss: 59Mb L: 7/8 MS: 5 CrossOver-ChangeBinInt-ShuffleBytes-ShuffleBytes-CrossOver-
#2996	NEW    cov: 855 ft: 2577 corp: 64/223b lim: 8 exec/s: 1498 rss: 59Mb L: 8/8 MS: 2 PersAutoDict-InsertByte- DE: "not"-
#3029	REDUCE cov: 855 ft: 2577 corp: 64/222b lim: 8 exec/s: 1514 rss: 59Mb L: 4/8 MS: 3 CopyPart-ChangeBit-EraseBytes-
#3056	NEW    cov: 855 ft: 2580 corp: 65/230b lim: 8 exec/s: 1528 rss: 59Mb L: 8/8 MS: 2 CopyPart-CrossOver-
#3129	NEW    cov: 855 ft: 2588 corp: 66/238b lim: 8 exec/s: 1564 rss: 59Mb L: 8/8 MS: 3 CMP-ChangeBinInt-CopyPart- DE: "is"-
#3132	NEW    cov: 857 ft: 2592 corp: 67/246b lim: 8 exec/s: 1566 rss: 59Mb L: 8/8 MS: 3 CopyPart-PersAutoDict-CMP- DE: "not"-"fAr"-
#3208	NEW    cov: 858 ft: 2593 corp: 68/250b lim: 8 exec/s: 1604 rss: 59Mb L: 4/8 MS: 1 ChangeBit-
#3424	NEW    cov: 862 ft: 2597 corp: 69/252b lim: 8 exec/s: 1712 rss: 59Mb L: 2/8 MS: 1 InsertByte-
#3455	NEW    cov: 862 ft: 2609 corp: 70/260b lim: 8 exec/s: 1727 rss: 59Mb L: 8/8 MS: 1 CMP- DE: "sA"-
#3487	NEW    cov: 862 ft: 2626 corp: 71/264b lim: 8 exec/s: 1743 rss: 59Mb L: 4/8 MS: 2 ChangeByte-CrossOver-
#3556	NEW    cov: 862 ft: 2627 corp: 72/272b lim: 8 exec/s: 1778 rss: 59Mb L: 8/8 MS: 4 ShuffleBytes-PersAutoDict-CrossOver-ShuffleBytes- DE: "sA"-
#3697	NEW    cov: 862 ft: 2629 corp: 73/275b lim: 8 exec/s: 1848 rss: 59Mb L: 3/8 MS: 1 ChangeBinInt-
#3753	NEW    cov: 862 ft: 2669 corp: 74/278b lim: 8 exec/s: 1876 rss: 59Mb L: 3/8 MS: 1 ShuffleBytes-
#3859	NEW    cov: 863 ft: 2670 corp: 75/282b lim: 8 exec/s: 1929 rss: 59Mb L: 4/8 MS: 1 ChangeBit-
#4096	pulse  cov: 863 ft: 2670 corp: 75/282b lim: 8 exec/s: 2048 rss: 59Mb
#4191	NEW    cov: 863 ft: 2672 corp: 76/293b lim: 11 exec/s: 2095 rss: 59Mb L: 11/11 MS: 2 InsertByte-CopyPart-
#4213	NEW    cov: 863 ft: 2677 corp: 77/302b lim: 11 exec/s: 2106 rss: 59Mb L: 9/11 MS: 2 CrossOver-CopyPart-
#4287	NEW    cov: 863 ft: 2718 corp: 78/313b lim: 11 exec/s: 1429 rss: 59Mb L: 11/11 MS: 4 CopyPart-InsertRepeatedBytes-CopyPart-ChangeByte-
#4370	NEW    cov: 864 ft: 2719 corp: 79/315b lim: 11 exec/s: 1456 rss: 59Mb L: 2/11 MS: 3 CMP-EraseBytes-ChangeByte- DE: "\036i"-
#4433	NEW    cov: 873 ft: 2755 corp: 80/321b lim: 11 exec/s: 1477 rss: 59Mb L: 6/11 MS: 3 CMP-PersAutoDict-CopyPart- DE: "\"\"\""-"if"-
#4505	NEW    cov: 873 ft: 2756 corp: 81/332b lim: 11 exec/s: 1501 rss: 59Mb L: 11/11 MS: 2 CMP-CMP- DE: "\001\000"-"for"-
#4580	NEW    cov: 873 ft: 2757 corp: 82/341b lim: 11 exec/s: 1526 rss: 59Mb L: 9/11 MS: 5 CopyPart-InsertByte-CrossOver-ChangeByte-EraseBytes-
#4596	NEW    cov: 873 ft: 2763 corp: 83/347b lim: 11 exec/s: 1532 rss: 59Mb L: 6/11 MS: 1 CopyPart-
#4674	NEW    cov: 873 ft: 2765 corp: 84/358b lim: 11 exec/s: 1558 rss: 59Mb L: 11/11 MS: 3 ChangeBinInt-ChangeBit-ChangeByte-
#4681	NEW    cov: 939 ft: 2848 corp: 85/362b lim: 11 exec/s: 1560 rss: 59Mb L: 4/11 MS: 2 CopyPart-ChangeBit-
#4687	REDUCE cov: 939 ft: 2848 corp: 85/361b lim: 11 exec/s: 1562 rss: 59Mb L: 2/11 MS: 1 EraseBytes-
#4709	NEW    cov: 939 ft: 2852 corp: 86/368b lim: 11 exec/s: 1569 rss: 59Mb L: 7/11 MS: 2 CopyPart-CopyPart-
#4741	NEW    cov: 946 ft: 2861 corp: 87/374b lim: 11 exec/s: 1580 rss: 59Mb L: 6/11 MS: 2 EraseBytes-CrossOver-
#4773	NEW    cov: 950 ft: 2870 corp: 88/380b lim: 11 exec/s: 1591 rss: 59Mb L: 6/11 MS: 2 CrossOver-CrossOver-
#4775	REDUCE cov: 951 ft: 2871 corp: 89/383b lim: 11 exec/s: 1591 rss: 59Mb L: 3/11 MS: 2 ChangeBit-ChangeByte-
#4782	NEW    cov: 951 ft: 2941 corp: 90/394b lim: 11 exec/s: 1594 rss: 59Mb L: 11/11 MS: 2 CopyPart-CopyPart-
#4806	NEW    cov: 951 ft: 2949 corp: 91/404b lim: 11 exec/s: 1602 rss: 59Mb L: 10/11 MS: 4 CrossOver-ChangeByte-InsertRepeatedBytes-ChangeByte-
#4890	NEW    cov: 953 ft: 2952 corp: 92/411b lim: 11 exec/s: 1630 rss: 59Mb L: 7/11 MS: 4 ShuffleBytes-PersAutoDict-EraseBytes-CopyPart- DE: "\"\"\""-
#4962	REDUCE cov: 953 ft: 2952 corp: 92/410b lim: 11 exec/s: 1654 rss: 59Mb L: 3/11 MS: 2 ShuffleBytes-EraseBytes-
#4999	NEW    cov: 953 ft: 3038 corp: 93/419b lim: 11 exec/s: 1666 rss: 59Mb L: 9/11 MS: 2 ChangeBinInt-CrossOver-
#5062	NEW    cov: 964 ft: 3050 corp: 94/424b lim: 11 exec/s: 1687 rss: 59Mb L: 5/11 MS: 3 CrossOver-ChangeBit-EraseBytes-
#5093	NEW    cov: 964 ft: 3051 corp: 95/435b lim: 11 exec/s: 1697 rss: 59Mb L: 11/11 MS: 1 CrossOver-
#5104	NEW    cov: 964 ft: 3096 corp: 96/444b lim: 11 exec/s: 1701 rss: 59Mb L: 9/11 MS: 1 ShuffleBytes-
#5115	NEW    cov: 964 ft: 3100 corp: 97/452b lim: 11 exec/s: 1705 rss: 59Mb L: 8/11 MS: 1 CopyPart-
#5371	NEW    cov: 965 ft: 3101 corp: 98/454b lim: 11 exec/s: 1790 rss: 59Mb L: 2/11 MS: 1 ChangeByte-
#5437	NEW    cov: 965 ft: 3162 corp: 99/464b lim: 11 exec/s: 1812 rss: 59Mb L: 10/11 MS: 1 CopyPart-
#5483	NEW    cov: 966 ft: 3171 corp: 100/471b lim: 11 exec/s: 1827 rss: 59Mb L: 7/11 MS: 1 InsertByte-
#5699	NEW    cov: 966 ft: 3174 corp: 101/480b lim: 11 exec/s: 1899 rss: 59Mb L: 9/11 MS: 1 CrossOver-
#5915	REDUCE cov: 966 ft: 3174 corp: 101/479b lim: 11 exec/s: 1478 rss: 59Mb L: 8/11 MS: 1 EraseBytes-
#5976	NEW    cov: 969 ft: 3179 corp: 102/482b lim: 11 exec/s: 1494 rss: 59Mb L: 3/11 MS: 1 ChangeBit-
#6097	REDUCE cov: 969 ft: 3179 corp: 102/477b lim: 11 exec/s: 1524 rss: 59Mb L: 5/11 MS: 1 EraseBytes-
#6119	NEW    cov: 969 ft: 3180 corp: 103/484b lim: 11 exec/s: 1529 rss: 59Mb L: 7/11 MS: 2 CMP-PersAutoDict- DE: "for"-"not"-
#6175	NEW    cov: 969 ft: 3181 corp: 104/490b lim: 11 exec/s: 1543 rss: 59Mb L: 6/11 MS: 1 ChangeBinInt-
#6211	NEW    cov: 969 ft: 3183 corp: 105/497b lim: 11 exec/s: 1552 rss: 59Mb L: 7/11 MS: 1 ChangeByte-
#6593	NEW    cov: 971 ft: 3188 corp: 106/500b lim: 14 exec/s: 1648 rss: 59Mb L: 3/11 MS: 2 ChangeBit-CrossOver-
#6599	NEW    cov: 971 ft: 3197 corp: 107/510b lim: 14 exec/s: 1649 rss: 59Mb L: 10/11 MS: 1 CrossOver-
#6620	NEW    cov: 983 ft: 3212 corp: 108/514b lim: 14 exec/s: 1655 rss: 59Mb L: 4/11 MS: 1 ChangeBit-
#6787	NEW    cov: 1015 ft: 3244 corp: 109/521b lim: 14 exec/s: 1696 rss: 59Mb L: 7/11 MS: 2 CopyPart-CrossOver-
#6803	NEW    cov: 1015 ft: 3260 corp: 110/528b lim: 14 exec/s: 1700 rss: 59Mb L: 7/11 MS: 1 ShuffleBytes-
#6861	NEW    cov: 1018 ft: 3263 corp: 111/533b lim: 14 exec/s: 1715 rss: 59Mb L: 5/11 MS: 3 ChangeASCIIInt-CopyPart-CrossOver-
#6913	NEW    cov: 1018 ft: 3264 corp: 112/545b lim: 14 exec/s: 1728 rss: 59Mb L: 12/12 MS: 2 CopyPart-CopyPart-
#6944	NEW    cov: 1018 ft: 3270 corp: 113/559b lim: 14 exec/s: 1736 rss: 59Mb L: 14/14 MS: 1 CrossOver-
#7155	REDUCE cov: 1018 ft: 3270 corp: 113/558b lim: 14 exec/s: 1431 rss: 59Mb L: 5/14 MS: 1 EraseBytes-
#7325	REDUCE cov: 1018 ft: 3270 corp: 113/556b lim: 14 exec/s: 1465 rss: 59Mb L: 5/14 MS: 5 CopyPart-ShuffleBytes-InsertByte-InsertByte-EraseBytes-
#7496	REDUCE cov: 1018 ft: 3270 corp: 113/553b lim: 14 exec/s: 1499 rss: 59Mb L: 5/14 MS: 1 EraseBytes-
#7507	NEW    cov: 1018 ft: 3279 corp: 114/564b lim: 14 exec/s: 1501 rss: 59Mb L: 11/14 MS: 1 CopyPart-
#7616	NEW    cov: 1018 ft: 3280 corp: 115/577b lim: 14 exec/s: 1523 rss: 59Mb L: 13/14 MS: 4 ChangeBinInt-ChangeBit-InsertByte-CrossOver-
#7622	REDUCE cov: 1018 ft: 3280 corp: 115/576b lim: 14 exec/s: 1524 rss: 59Mb L: 7/14 MS: 1 EraseBytes-
#7623	REDUCE cov: 1018 ft: 3280 corp: 115/575b lim: 14 exec/s: 1524 rss: 59Mb L: 6/14 MS: 1 EraseBytes-
#7706	NEW    cov: 1018 ft: 3281 corp: 116/589b lim: 14 exec/s: 1541 rss: 59Mb L: 14/14 MS: 3 CMP-CopyPart-CopyPart- DE: "def"-
#7710	NEW    cov: 1022 ft: 3301 corp: 117/593b lim: 14 exec/s: 1542 rss: 59Mb L: 4/14 MS: 4 ChangeBinInt-ShuffleBytes-ChangeByte-ChangeBit-
#7741	NEW    cov: 1022 ft: 3302 corp: 118/596b lim: 14 exec/s: 1548 rss: 59Mb L: 3/14 MS: 1 ChangeBinInt-
#8192	pulse  cov: 1022 ft: 3302 corp: 118/596b lim: 17 exec/s: 1638 rss: 59Mb
#8198	REDUCE cov: 1022 ft: 3302 corp: 118/595b lim: 17 exec/s: 1639 rss: 59Mb L: 2/14 MS: 2 EraseBytes-CopyPart-
#8314	REDUCE cov: 1022 ft: 3302 corp: 118/592b lim: 17 exec/s: 1662 rss: 59Mb L: 5/14 MS: 1 EraseBytes-
#8481	NEW    cov: 1022 ft: 3346 corp: 119/603b lim: 17 exec/s: 1413 rss: 59Mb L: 11/14 MS: 2 PersAutoDict-InsertRepeatedBytes- DE: "sA"-
#8523	NEW    cov: 1023 ft: 3347 corp: 120/605b lim: 17 exec/s: 1420 rss: 59Mb L: 2/14 MS: 2 CopyPart-EraseBytes-
#8586	NEW    cov: 1023 ft: 3348 corp: 121/612b lim: 17 exec/s: 1431 rss: 59Mb L: 7/14 MS: 3 CrossOver-CrossOver-EraseBytes-
#8617	NEW    cov: 1023 ft: 3349 corp: 122/625b lim: 17 exec/s: 1436 rss: 59Mb L: 13/14 MS: 1 ChangeBinInt-
#9004	NEW    cov: 1023 ft: 3351 corp: 123/640b lim: 17 exec/s: 1500 rss: 59Mb L: 15/15 MS: 2 EraseBytes-CopyPart-
#9095	NEW    cov: 1023 ft: 3355 corp: 124/650b lim: 17 exec/s: 1515 rss: 59Mb L: 10/15 MS: 1 ChangeBinInt-
#9174	NEW    cov: 1023 ft: 3360 corp: 125/657b lim: 17 exec/s: 1529 rss: 59Mb L: 7/15 MS: 4 CopyPart-InsertByte-InsertByte-CrossOver-
#9330	REDUCE cov: 1023 ft: 3360 corp: 125/656b lim: 17 exec/s: 1555 rss: 59Mb L: 7/15 MS: 1 EraseBytes-
#9341	NEW    cov: 1023 ft: 3361 corp: 126/658b lim: 17 exec/s: 1556 rss: 59Mb L: 2/15 MS: 1 ChangeByte-
#9363	NEW    cov: 1023 ft: 3376 corp: 127/667b lim: 17 exec/s: 1560 rss: 59Mb L: 9/15 MS: 2 CrossOver-EraseBytes-
#9571	NEW    cov: 1023 ft: 3379 corp: 128/682b lim: 17 exec/s: 1595 rss: 59Mb L: 15/15 MS: 3 ChangeBinInt-CopyPart-PersAutoDict- DE: "\001\000"-
#9816	NEW    cov: 1023 ft: 3381 corp: 129/688b lim: 17 exec/s: 1636 rss: 59Mb L: 6/15 MS: 5 ChangeBit-CrossOver-InsertByte-ShuffleBytes-CrossOver-
#9847	NEW    cov: 1026 ft: 3385 corp: 130/697b lim: 17 exec/s: 1641 rss: 59Mb L: 9/15 MS: 1 InsertByte-
#9919	NEW    cov: 1026 ft: 3387 corp: 131/711b lim: 17 exec/s: 1653 rss: 59Mb L: 14/15 MS: 2 ShuffleBytes-ChangeByte-
#10030	NEW    cov: 1026 ft: 3416 corp: 132/728b lim: 17 exec/s: 1432 rss: 59Mb L: 17/17 MS: 1 CopyPart-
#10090	NEW    cov: 1026 ft: 3422 corp: 133/739b lim: 17 exec/s: 1441 rss: 59Mb L: 11/17 MS: 5 ShuffleBytes-EraseBytes-CopyPart-CrossOver-CopyPart-
#10143	NEW    cov: 1029 ft: 3448 corp: 134/750b lim: 17 exec/s: 1449 rss: 59Mb L: 11/17 MS: 3 CopyPart-PersAutoDict-CopyPart- DE: "\"\"\""-
#10149	REDUCE cov: 1029 ft: 3448 corp: 134/748b lim: 17 exec/s: 1449 rss: 59Mb L: 4/17 MS: 1 EraseBytes-
#10707	REDUCE cov: 1029 ft: 3448 corp: 134/744b lim: 21 exec/s: 1529 rss: 59Mb L: 3/17 MS: 3 EraseBytes-EraseBytes-EraseBytes-
#10873	REDUCE cov: 1029 ft: 3448 corp: 134/740b lim: 21 exec/s: 1553 rss: 59Mb L: 8/17 MS: 1 EraseBytes-
#10874	NEW    cov: 1029 ft: 3457 corp: 135/759b lim: 21 exec/s: 1553 rss: 59Mb L: 19/19 MS: 1 CopyPart-
#10917	NEW    cov: 1029 ft: 3458 corp: 136/772b lim: 21 exec/s: 1559 rss: 59Mb L: 13/19 MS: 3 CopyPart-ShuffleBytes-ChangeByte-
#11058	REDUCE cov: 1030 ft: 3459 corp: 137/780b lim: 21 exec/s: 1579 rss: 59Mb L: 8/19 MS: 1 ChangeBinInt-
#11064	NEW    cov: 1030 ft: 3460 corp: 138/794b lim: 21 exec/s: 1580 rss: 59Mb L: 14/19 MS: 1 ChangeByte-
#11085	NEW    cov: 1030 ft: 3461 corp: 139/815b lim: 21 exec/s: 1583 rss: 59Mb L: 21/21 MS: 1 CopyPart-
#11247	REDUCE cov: 1030 ft: 3461 corp: 139/813b lim: 21 exec/s: 1606 rss: 59Mb L: 9/21 MS: 2 InsertByte-EraseBytes-
#11357	NEW    cov: 1031 ft: 3462 corp: 140/822b lim: 21 exec/s: 1622 rss: 59Mb L: 9/21 MS: 5 CMP-ChangeByte-ChangeBinInt-ChangeBinInt-CrossOver- DE: "Dno"-
#11554	REDUCE cov: 1031 ft: 3462 corp: 140/821b lim: 21 exec/s: 1444 rss: 59Mb L: 4/21 MS: 2 CopyPart-EraseBytes-
#11608	REDUCE cov: 1031 ft: 3464 corp: 141/832b lim: 21 exec/s: 1451 rss: 59Mb L: 11/21 MS: 4 CMP-EraseBytes-CMP-CrossOver- DE: "nt"-"def"-
#11614	REDUCE cov: 1031 ft: 3464 corp: 141/831b lim: 21 exec/s: 1451 rss: 59Mb L: 5/21 MS: 1 EraseBytes-
#11741	NEW    cov: 1031 ft: 3465 corp: 142/835b lim: 21 exec/s: 1467 rss: 59Mb L: 4/21 MS: 2 CMP-ChangeBit- DE: "\331\227f"-
#11743	NEW    cov: 1031 ft: 3466 corp: 143/841b lim: 21 exec/s: 1467 rss: 59Mb L: 6/21 MS: 2 ChangeBit-CopyPart-
#11975	REDUCE cov: 1031 ft: 3466 corp: 143/839b lim: 21 exec/s: 1496 rss: 59Mb L: 6/21 MS: 2 InsertByte-EraseBytes-
#12056	REDUCE cov: 1031 ft: 3475 corp: 144/848b lim: 21 exec/s: 1507 rss: 59Mb L: 9/21 MS: 1 ShuffleBytes-
#12083	NEW    cov: 1031 ft: 3484 corp: 145/858b lim: 21 exec/s: 1510 rss: 59Mb L: 10/21 MS: 2 ShuffleBytes-CopyPart-
#12154	NEW    cov: 1031 ft: 3494 corp: 146/866b lim: 21 exec/s: 1519 rss: 59Mb L: 8/21 MS: 1 CrossOver-
#12200	REDUCE cov: 1031 ft: 3494 corp: 146/864b lim: 21 exec/s: 1525 rss: 59Mb L: 4/21 MS: 1 EraseBytes-
#12292	NEW    cov: 1031 ft: 3519 corp: 147/882b lim: 21 exec/s: 1536 rss: 59Mb L: 18/21 MS: 2 CopyPart-CopyPart-
#12313	REDUCE cov: 1031 ft: 3553 corp: 148/888b lim: 21 exec/s: 1539 rss: 59Mb L: 6/21 MS: 1 CopyPart-
#12389	NEW    cov: 1033 ft: 3555 corp: 149/900b lim: 21 exec/s: 1548 rss: 59Mb L: 12/21 MS: 1 CrossOver-
#12505	NEW    cov: 1033 ft: 3556 corp: 150/904b lim: 21 exec/s: 1563 rss: 59Mb L: 4/21 MS: 1 CrossOver-
#12627	NEW    cov: 1033 ft: 3560 corp: 151/922b lim: 21 exec/s: 1578 rss: 59Mb L: 18/21 MS: 2 ShuffleBytes-InsertRepeatedBytes-
#12743	REDUCE cov: 1033 ft: 3560 corp: 151/920b lim: 21 exec/s: 1415 rss: 59Mb L: 12/21 MS: 1 EraseBytes-
#12780	NEW    cov: 1038 ft: 3589 corp: 152/928b lim: 21 exec/s: 1420 rss: 59Mb L: 8/21 MS: 2 ShuffleBytes-ChangeByte-
#12846	REDUCE cov: 1038 ft: 3589 corp: 152/927b lim: 21 exec/s: 1427 rss: 59Mb L: 6/21 MS: 1 EraseBytes-
#13197	NEW    cov: 1038 ft: 3590 corp: 153/932b lim: 21 exec/s: 1466 rss: 59Mb L: 5/21 MS: 1 InsertByte-
#13315	NEW    cov: 1044 ft: 3619 corp: 154/948b lim: 21 exec/s: 1479 rss: 59Mb L: 16/21 MS: 3 CrossOver-InsertRepeatedBytes-CrossOver-
#13371	REDUCE cov: 1044 ft: 3622 corp: 155/952b lim: 21 exec/s: 1485 rss: 59Mb L: 4/21 MS: 1 ShuffleBytes-
#13405	NEW    cov: 1044 ft: 3625 corp: 156/958b lim: 21 exec/s: 1489 rss: 59Mb L: 6/21 MS: 4 CrossOver-PersAutoDict-ChangeBit-EraseBytes- DE: "\036i"-
#13441	REDUCE cov: 1044 ft: 3628 corp: 157/963b lim: 21 exec/s: 1493 rss: 59Mb L: 5/21 MS: 1 CopyPart-
#13609	NEW    cov: 1045 ft: 3630 corp: 158/968b lim: 21 exec/s: 1512 rss: 59Mb L: 5/21 MS: 3 InsertByte-CMP-ChangeByte- DE: "'\0143"-
#13660	NEW    cov: 1045 ft: 3632 corp: 159/989b lim: 21 exec/s: 1517 rss: 59Mb L: 21/21 MS: 1 PersAutoDict- DE: "sA"-
#13836	NEW    cov: 1045 ft: 3674 corp: 160/1005b lim: 21 exec/s: 1537 rss: 59Mb L: 16/21 MS: 1 CopyPart-
#13897	NEW    cov: 1045 ft: 3686 corp: 161/1015b lim: 21 exec/s: 1544 rss: 59Mb L: 10/21 MS: 1 CrossOver-
#13993	NEW    cov: 1048 ft: 3691 corp: 162/1022b lim: 21 exec/s: 1399 rss: 59Mb L: 7/21 MS: 1 CopyPart-
#14049	NEW    cov: 1048 ft: 3693 corp: 163/1043b lim: 21 exec/s: 1404 rss: 59Mb L: 21/21 MS: 1 PersAutoDict- DE: "\036i"-
#14180	NEW    cov: 1053 ft: 3698 corp: 164/1054b lim: 21 exec/s: 1418 rss: 59Mb L: 11/21 MS: 1 InsertRepeatedBytes-
#14416	NEW    cov: 1053 ft: 3811 corp: 165/1073b lim: 21 exec/s: 1441 rss: 59Mb L: 19/21 MS: 1 CopyPart-
#14468	NEW    cov: 1053 ft: 3823 corp: 166/1079b lim: 21 exec/s: 1446 rss: 59Mb L: 6/21 MS: 2 CopyPart-CrossOver-
#14514	REDUCE cov: 1053 ft: 3823 corp: 166/1078b lim: 21 exec/s: 1451 rss: 59Mb L: 8/21 MS: 1 EraseBytes-
#14550	NEW    cov: 1054 ft: 3853 corp: 167/1088b lim: 21 exec/s: 1455 rss: 59Mb L: 10/21 MS: 1 ShuffleBytes-
#14552	NEW    cov: 1055 ft: 3854 corp: 168/1096b lim: 21 exec/s: 1455 rss: 59Mb L: 8/21 MS: 2 ShuffleBytes-ChangeByte-
#14678	NEW    cov: 1055 ft: 3880 corp: 169/1098b lim: 21 exec/s: 1467 rss: 59Mb L: 2/21 MS: 1 CrossOver-
#14746	NEW    cov: 1055 ft: 3882 corp: 170/1114b lim: 21 exec/s: 1474 rss: 59Mb L: 16/21 MS: 3 CrossOver-ChangeBit-PersAutoDict- DE: "sA"-
#14764	NEW    cov: 1055 ft: 3883 corp: 171/1125b lim: 21 exec/s: 1476 rss: 59Mb L: 11/21 MS: 3 CopyPart-CrossOver-ChangeBit-
#14865	NEW    cov: 1055 ft: 3884 corp: 172/1139b lim: 21 exec/s: 1486 rss: 59Mb L: 14/21 MS: 1 CopyPart-
#14889	NEW    cov: 1055 ft: 3897 corp: 173/1149b lim: 21 exec/s: 1488 rss: 59Mb L: 10/21 MS: 4 ChangeBit-ShuffleBytes-CrossOver-CopyPart-
#15010	NEW    cov: 1055 ft: 3921 corp: 174/1166b lim: 21 exec/s: 1501 rss: 59Mb L: 17/21 MS: 1 ChangeByte-
#15089	NEW    cov: 1055 ft: 3927 corp: 175/1186b lim: 21 exec/s: 1371 rss: 59Mb L: 20/21 MS: 4 CopyPart-InsertByte-ChangeBinInt-ChangeByte-
#15089	DONE   cov: 1055 ft: 3927 corp: 175/1186b lim: 21 exec/s: 1371 rss: 59Mb
###### Recommended dictionary. ######
"\000\000" # Uses: 204
"not" # Uses: 148
"for" # Uses: 136
"if" # Uses: 136
"is" # Uses: 96
"fAr" # Uses: 86
"sA" # Uses: 110
"\036i" # Uses: 81
"\"\"\"" # Uses: 74
"\001\000" # Uses: 76
"def" # Uses: 59
"Dno" # Uses: 31
"nt" # Uses: 20
"\331\227f" # Uses: 22
"'\0143" # Uses: 7
###### End of recommended dictionary. ######
Done 15089 runs in 11 second(s)
