INFO: Instrumenting arrow
INFO: Instrumenting arrow._version
INFO: Instrumenting arrow.api
INFO: Instrumenting datetime
INFO: Instrumenting arrow.arrow
INFO: Instrumenting calendar
INFO: Instrumenting locale
INFO: Instrumenting _locale
WARNING: It looks like this module is imported by a custom loader. Atheris has experimental support for this. However, it may be incompatible with certain libraries. If you experience unusual errors or poor coverage collection, try atheris.instrument_all() instead, add enable_loader_override=False to instrument_imports(), or file an issue on GitHub.
INFO: Instrumenting dateutil
INFO: Instrumenting dateutil._version
INFO: Instrumenting dateutil.tz
INFO: Instrumenting dateutil.tz.tz
INFO: Instrumenting struct
INFO: Instrumenting six
INFO: Instrumenting __future__
INFO: Instrumenting importlib.util
INFO: Instrumenting six.moves
INFO: Instrumenting dateutil.tz._common
INFO: Instrumenting dateutil.tz._factories
INFO: Instrumenting dateutil.tz.win
INFO: Instrumenting dateutil.relativedelta
INFO: Instrumenting dateutil._common
INFO: Instrumenting arrow.formatter
INFO: Instrumenting arrow.locales
INFO: Instrumenting arrow.constants
INFO: Instrumenting arrow.parser
INFO: Instrumenting zoneinfo
INFO: Instrumenting zoneinfo._tzpath
INFO: Instrumenting sysconfig
INFO: Instrumenting _sysconfigdata__linux_x86_64-linux-gnu
INFO: Instrumenting zoneinfo._common
INFO: Instrumenting arrow.util
INFO: Instrumenting dateutil.rrule
INFO: Instrumenting heapq
INFO: Instrumenting arrow.factory
INFO: Instrumenting decimal
INFO: Instrumenting numbers
INFO: Using built-in libfuzzer
WARNING: Failed to find function "__sanitizer_acquire_crash_state".
WARNING: Failed to find function "__sanitizer_print_stack_trace".
WARNING: Failed to find function "__sanitizer_set_death_callback".
INFO: Running with entropic power schedule (0xFF, 100).
INFO: Seed: 964912720
INFO: -max_len is not provided; libFuzzer will not generate inputs larger than 4096 bytes
INFO: A corpus is not provided, starting from an empty corpus
#2	INITED cov: 60 ft: 60 corp: 1/1b exec/s: 0 rss: 49Mb
#322	NEW    cov: 66 ft: 96 corp: 2/7b lim: 6 exec/s: 0 rss: 49Mb L: 6/6 MS: 5 ChangeBit-InsertRepeatedBytes-ShuffleBytes-CrossOver-ChangeBinInt-
#339	NEW    cov: 67 ft: 97 corp: 3/13b lim: 6 exec/s: 0 rss: 49Mb L: 6/6 MS: 2 ChangeBit-ChangeByte-
#347	NEW    cov: 71 ft: 101 corp: 4/19b lim: 6 exec/s: 0 rss: 49Mb L: 6/6 MS: 3 ChangeBinInt-ChangeByte-ShuffleBytes-
#348	NEW    cov: 76 ft: 106 corp: 5/25b lim: 6 exec/s: 0 rss: 49Mb L: 6/6 MS: 1 ChangeBit-
#366	NEW    cov: 79 ft: 109 corp: 6/31b lim: 6 exec/s: 0 rss: 49Mb L: 6/6 MS: 3 ChangeByte-ChangeByte-ChangeBinInt-
#508	REDUCE cov: 79 ft: 109 corp: 6/30b lim: 6 exec/s: 0 rss: 49Mb L: 5/6 MS: 2 ChangeByte-EraseBytes-
#634	REDUCE cov: 79 ft: 109 corp: 6/29b lim: 6 exec/s: 0 rss: 49Mb L: 5/6 MS: 1 EraseBytes-
#756	REDUCE cov: 82 ft: 112 corp: 7/35b lim: 6 exec/s: 0 rss: 49Mb L: 6/6 MS: 2 ShuffleBytes-InsertByte-
#833	REDUCE cov: 82 ft: 112 corp: 7/34b lim: 6 exec/s: 0 rss: 49Mb L: 5/6 MS: 2 ShuffleBytes-EraseBytes-
#917	REDUCE cov: 82 ft: 112 corp: 7/33b lim: 6 exec/s: 0 rss: 49Mb L: 5/6 MS: 4 ChangeByte-ChangeByte-ChangeByte-EraseBytes-
Done 1000 in 0 second(s)
