INFO: Instrumenting decimal
INFO: Instrumenting numbers
INFO: Using built-in libfuzzer
WARNING: Failed to find function "__sanitizer_acquire_crash_state".
WARNING: Failed to find function "__sanitizer_print_stack_trace".
WARNING: Failed to find function "__sanitizer_set_death_callback".
INFO: Running with entropic power schedule (0xFF, 100).
INFO: Seed: 265019930
INFO: -max_len is not provided; libFuzzer will not generate inputs larger than 4096 bytes
INFO: A corpus is not provided, starting from an empty corpus
#2	INITED cov: 4 ft: 4 corp: 1/1b exec/s: 0 rss: 45Mb
#9	NEW    cov: 9 ft: 9 corp: 2/2b lim: 4 exec/s: 0 rss: 45Mb L: 1/1 MS: 2 CopyPart-ChangeByte-
#17	NEW    cov: 12 ft: 12 corp: 3/4b lim: 4 exec/s: 0 rss: 45Mb L: 2/2 MS: 3 CopyPart-ChangeBit-InsertByte-
#24	NEW    cov: 16 ft: 16 corp: 4/6b lim: 4 exec/s: 0 rss: 45Mb L: 2/2 MS: 2 ChangeBit-InsertByte-
#26	NEW    cov: 18 ft: 18 corp: 5/8b lim: 4 exec/s: 0 rss: 45Mb L: 2/2 MS: 2 ChangeBinInt-ChangeBinInt-
#27	NEW    cov: 20 ft: 20 corp: 6/11b lim: 4 exec/s: 0 rss: 45Mb L: 3/3 MS: 1 InsertByte-
#35	NEW    cov: 23 ft: 23 corp: 7/13b lim: 4 exec/s: 0 rss: 45Mb L: 2/3 MS: 3 ChangeBit-CrossOver-InsertByte-
#37	NEW    cov: 24 ft: 24 corp: 8/16b lim: 4 exec/s: 0 rss: 45Mb L: 3/3 MS: 2 ChangeBit-CrossOver-
#48	NEW    cov: 26 ft: 27 corp: 9/19b lim: 4 exec/s: 0 rss: 45Mb L: 3/3 MS: 1 InsertByte-
#59	NEW    cov: 27 ft: 28 corp: 10/21b lim: 4 exec/s: 0 rss: 45Mb L: 2/3 MS: 1 EraseBytes-
#64	NEW    cov: 27 ft: 31 corp: 11/25b lim: 4 exec/s: 0 rss: 45Mb L: 4/4 MS: 5 CopyPart-ShuffleBytes-ChangeBinInt-CopyPart-CopyPart-
#111	NEW    cov: 27 ft: 34 corp: 12/29b lim: 4 exec/s: 0 rss: 45Mb L: 4/4 MS: 2 ChangeByte-CopyPart-
#126	NEW    cov: 27 ft: 36 corp: 13/32b lim: 4 exec/s: 0 rss: 45Mb L: 3/4 MS: 5 ShuffleBytes-ChangeBit-InsertByte-ChangeBinInt-CrossOver-
#222	REDUCE cov: 27 ft: 36 corp: 13/31b lim: 4 exec/s: 0 rss: 45Mb L: 3/4 MS: 1 EraseBytes-
#254	NEW    cov: 27 ft: 39 corp: 14/34b lim: 4 exec/s: 0 rss: 45Mb L: 3/4 MS: 2 ChangeByte-InsertByte-
#469	NEW    cov: 29 ft: 41 corp: 15/40b lim: 6 exec/s: 0 rss: 45Mb L: 6/6 MS: 5 CopyPart-ShuffleBytes-ChangeByte-CrossOver-InsertByte-
#496	NEW    cov: 30 ft: 42 corp: 16/46b lim: 6 exec/s: 0 rss: 45Mb L: 6/6 MS: 2 CrossOver-CopyPart-
#509	REDUCE cov: 30 ft: 42 corp: 16/45b lim: 6 exec/s: 0 rss: 45Mb L: 5/6 MS: 3 ChangeBit-EraseBytes-InsertByte-
#524	NEW    cov: 30 ft: 45 corp: 17/49b lim: 6 exec/s: 0 rss: 45Mb L: 4/6 MS: 5 ChangeByte-InsertByte-CopyPart-ShuffleBytes-ChangeByte-
#582	REDUCE cov: 30 ft: 45 corp: 17/48b lim: 6 exec/s: 0 rss: 45Mb L: 3/6 MS: 3 CopyPart-ShuffleBytes-EraseBytes-
#759	REDUCE cov: 30 ft: 45 corp: 17/47b lim: 6 exec/s: 0 rss: 45Mb L: 3/6 MS: 2 CrossOver-EraseBytes-
#2526	NEW    cov: 30 ft: 46 corp: 18/68b lim: 21 exec/s: 0 rss: 45Mb L: 21/21 MS: 2 CMP-InsertRepeatedBytes- DE: "\001\000\000\000\000\000\000\020"-
#2797	REDUCE cov: 30 ft: 46 corp: 18/66b lim: 21 exec/s: 0 rss: 45Mb L: 19/19 MS: 1 EraseBytes-
#3171	REDUCE cov: 30 ft: 47 corp: 19/87b lim: 21 exec/s: 0 rss: 45Mb L: 21/21 MS: 4 CopyPart-ChangeBinInt-CopyPart-CopyPart-
#3295	REDUCE cov: 30 ft: 47 corp: 19/86b lim: 21 exec/s: 0 rss: 45Mb L: 18/21 MS: 4 InsertByte-CopyPart-ShuffleBytes-EraseBytes-
#4060	NEW    cov: 30 ft: 48 corp: 20/111b lim: 25 exec/s: 0 rss: 45Mb L: 25/25 MS: 5 ChangeBit-CMP-ChangeBinInt-ShuffleBytes-InsertRepeatedBytes- DE: "\377\377\377\377"-
#4199	REDUCE cov: 30 ft: 48 corp: 20/107b lim: 25 exec/s: 0 rss: 45Mb L: 14/25 MS: 4 ChangeBit-ChangeByte-InsertRepeatedBytes-EraseBytes-
#6951	REDUCE cov: 30 ft: 48 corp: 20/105b lim: 48 exec/s: 0 rss: 45Mb L: 12/25 MS: 2 EraseBytes-InsertByte-
#7542	REDUCE cov: 30 ft: 48 corp: 20/101b lim: 53 exec/s: 0 rss: 45Mb L: 21/21 MS: 1 EraseBytes-
#7784	REDUCE cov: 30 ft: 48 corp: 20/100b lim: 53 exec/s: 0 rss: 45Mb L: 20/21 MS: 2 CrossOver-EraseBytes-
#8287	REDUCE cov: 30 ft: 49 corp: 21/149b lim: 53 exec/s: 0 rss: 45Mb L: 49/49 MS: 3 InsertRepeatedBytes-EraseBytes-InsertRepeatedBytes-
#9091	REDUCE cov: 30 ft: 49 corp: 21/147b lim: 58 exec/s: 0 rss: 45Mb L: 47/47 MS: 4 InsertByte-ChangeByte-ShuffleBytes-EraseBytes-
#10532	REDUCE cov: 30 ft: 49 corp: 21/142b lim: 68 exec/s: 0 rss: 45Mb L: 42/42 MS: 1 EraseBytes-
#10826	REDUCE cov: 30 ft: 49 corp: 21/138b lim: 68 exec/s: 0 rss: 45Mb L: 38/38 MS: 4 ChangeByte-ChangeByte-InsertRepeatedBytes-EraseBytes-
#12878	REDUCE cov: 30 ft: 49 corp: 21/137b lim: 86 exec/s: 0 rss: 45Mb L: 37/37 MS: 2 InsertRepeatedBytes-EraseBytes-
#14821	REDUCE cov: 30 ft: 50 corp: 22/228b lim: 104 exec/s: 0 rss: 45Mb L: 91/91 MS: 3 InsertRepeatedBytes-CMP-InsertRepeatedBytes- DE: "\001\000\000\000\000\000\000\001"-
#15803	REDUCE cov: 30 ft: 50 corp: 22/227b lim: 110 exec/s: 0 rss: 45Mb L: 11/91 MS: 2 InsertByte-EraseBytes-
#17337	REDUCE cov: 30 ft: 50 corp: 22/226b lim: 122 exec/s: 0 rss: 45Mb L: 10/91 MS: 4 PersAutoDict-EraseBytes-ChangeByte-CrossOver- DE: "\001\000\000\000\000\000\000\020"-
#17500	REDUCE cov: 30 ft: 50 corp: 22/222b lim: 122 exec/s: 0 rss: 45Mb L: 87/87 MS: 3 ShuffleBytes-ChangeBinInt-EraseBytes-
#20841	REDUCE cov: 30 ft: 50 corp: 22/217b lim: 149 exec/s: 0 rss: 45Mb L: 82/82 MS: 1 EraseBytes-
#28533	REDUCE cov: 30 ft: 50 corp: 22/215b lim: 219 exec/s: 0 rss: 45Mb L: 18/82 MS: 2 EraseBytes-PersAutoDict- DE: "\001\000\000\000\000\000\000\001"-
#32409	REDUCE cov: 30 ft: 50 corp: 22/214b lim: 254 exec/s: 0 rss: 45Mb L: 17/82 MS: 1 EraseBytes-
#32420	REDUCE cov: 30 ft: 50 corp: 22/213b lim: 254 exec/s: 0 rss: 45Mb L: 81/81 MS: 1 EraseBytes-
#62952	REDUCE cov: 30 ft: 50 corp: 22/211b lim: 553 exec/s: 62952 rss: 45Mb L: 79/79 MS: 2 ChangeBinInt-EraseBytes-
#89485	REDUCE cov: 30 ft: 50 corp: 22/208b lim: 814 exec/s: 44742 rss: 45Mb L: 34/79 MS: 3 PersAutoDict-ChangeBit-EraseBytes- DE: "\377\377\377\377"-
#117353	REDUCE cov: 30 ft: 50 corp: 22/205b lim: 1090 exec/s: 58676 rss: 45Mb L: 14/79 MS: 3 CMP-CMP-EraseBytes- DE: "\377\377\377\377\377\377\377\001"-"\000\000\000\000"-
#131072	pulse  cov: 30 ft: 50 corp: 22/205b lim: 1220 exec/s: 43690 rss: 45Mb
#169705	REDUCE cov: 30 ft: 50 corp: 22/202b lim: 1610 exec/s: 56568 rss: 45Mb L: 76/76 MS: 2 EraseBytes-CrossOver-
#226827	REDUCE cov: 30 ft: 50 corp: 22/201b lim: 2171 exec/s: 56706 rss: 45Mb L: 75/75 MS: 2 ChangeByte-EraseBytes-
#231429	REDUCE cov: 30 ft: 50 corp: 22/199b lim: 2215 exec/s: 46285 rss: 45Mb L: 73/73 MS: 2 EraseBytes-PersAutoDict- DE: "\377\377\377\377"-
#262144	pulse  cov: 30 ft: 50 corp: 22/199b lim: 2512 exec/s: 52428 rss: 45Mb
#275206	REDUCE cov: 30 ft: 50 corp: 22/197b lim: 2644 exec/s: 55041 rss: 45Mb L: 71/71 MS: 2 InsertRepeatedBytes-EraseBytes-
#309362	REDUCE cov: 30 ft: 50 corp: 22/196b lim: 2974 exec/s: 51560 rss: 45Mb L: 70/70 MS: 1 EraseBytes-
#319335	REDUCE cov: 30 ft: 50 corp: 22/195b lim: 3073 exec/s: 53222 rss: 45Mb L: 69/69 MS: 3 PersAutoDict-EraseBytes-ShuffleBytes- DE: "\377\377\377\377"-
