INFO: Instrumenting black
INFO: Instrumenting json
INFO: Instrumenting json.decoder
INFO: Instrumenting json.scanner
INFO: Instrumenting json.encoder
INFO: Instrumenting platform
INFO: Instrumenting datetime
INFO: Instrumenting click
INFO: Instrumenting __future__
INFO: Instrumenting click.core
INFO: Instrumenting gettext
INFO: Instrumenting click.types
INFO: Instrumenting click._compat
INFO: Instrumenting click.exceptions
INFO: Instrumenting click.globals
INFO: Instrumenting click.utils
INFO: Instrumenting click._utils
INFO: Instrumenting click.formatting
INFO: Instrumenting click.parser
INFO: Instrumenting click.termui
INFO: Instrumenting click.decorators
INFO: Instrumenting mypy_extensions
INFO: Instrumenting pathspec
INFO: Instrumenting pathspec.gitignore
INFO: Instrumenting pathspec.backend
INFO: Instrumenting pathspec._backends
INFO: Instrumenting pathspec._backends.agg
INFO: Instrumenting pathspec.pattern
INFO: Instrumenting pathspec._typing
INFO: Instrumenting typing_extensions
INFO: Instrumenting asyncio
INFO: Instrumenting asyncio.base_events
INFO: Instrumenting concurrent
INFO: Instrumenting concurrent.futures
INFO: Instrumenting concurrent.futures._base
INFO: Instrumenting heapq
INFO: Instrumenting socket
INFO: Instrumenting selectors
INFO: Instrumenting subprocess
INFO: Instrumenting locale
INFO: Instrumenting _locale
WARNING: It looks like this module is imported by a custom loader. Atheris has experimental support for this. However, it may be incompatible with certain libraries. If you experience unusual errors or poor coverage collection, try atheris.instrument_all() instead, add enable_loader_override=False to instrument_imports(), or file an issue on GitHub.
INFO: Instrumenting signal
INFO: Instrumenting ssl
INFO: Instrumenting base64
INFO: Instrumenting struct
INFO: Instrumenting asyncio.constants
INFO: Instrumenting asyncio.coroutines
INFO: Instrumenting asyncio.events
INFO: Instrumenting contextvars
INFO: Instrumenting asyncio.format_helpers
INFO: Instrumenting asyncio.base_futures
INFO: Instrumenting asyncio.exceptions
INFO: Instrumenting asyncio.base_tasks
INFO: Instrumenting asyncio.futures
INFO: Instrumenting asyncio.protocols
INFO: Instrumenting asyncio.sslproto
INFO: Instrumenting asyncio.transports
INFO: Instrumenting asyncio.log
INFO: Instrumenting asyncio.staggered
INFO: Instrumenting asyncio.locks
INFO: Instrumenting asyncio.mixins
INFO: Instrumenting asyncio.tasks
INFO: Instrumenting asyncio.trsock
INFO: Instrumenting asyncio.runners
INFO: Instrumenting asyncio.queues
INFO: Instrumenting asyncio.streams
INFO: Instrumenting asyncio.subprocess
INFO: Instrumenting asyncio.taskgroups
INFO: Instrumenting asyncio.timeouts
INFO: Instrumenting asyncio.threads
INFO: Instrumenting asyncio.unix_events
INFO: Instrumenting asyncio.base_subprocess
INFO: Instrumenting asyncio.selector_events
INFO: Instrumenting pathspec._backends.hyperscan
INFO: Instrumenting pathspec._backends.hyperscan.base
INFO: Instrumenting pathspec._backends.hyperscan.gitignore
INFO: Instrumenting pathspec.patterns
INFO: Instrumenting pathspec.patterns.gitignore
INFO: Instrumenting pathspec.patterns.gitignore.base
INFO: Instrumenting pathspec.patterns.gitignore.basic
INFO: Instrumenting pathspec.util
INFO: Instrumenting pathspec.patterns.gitignore.spec
INFO: Instrumenting pathspec.patterns.gitwildmatch
INFO: Instrumenting pathspec._backends.hyperscan._base
INFO: Instrumenting pathspec._backends.hyperscan.pathspec
INFO: Instrumenting pathspec._backends._utils
INFO: Instrumenting pathspec._backends.re2
INFO: Instrumenting pathspec._backends.re2.base
INFO: Instrumenting pathspec._backends.re2._base
INFO: Instrumenting pathspec._backends.re2.gitignore
INFO: Instrumenting pathspec._backends.re2.pathspec
INFO: Instrumenting pathspec._backends.simple
INFO: Instrumenting pathspec._backends.simple.gitignore
INFO: Instrumenting pathspec._backends.simple.pathspec
INFO: Instrumenting pathspec.pathspec
INFO: Instrumenting pathspec._meta
INFO: Instrumenting pathspec._version
INFO: Instrumenting _black_version
INFO: Instrumenting black.cache
INFO: Instrumenting hashlib
INFO: Instrumenting pickle
INFO: Instrumenting _compat_pickle
INFO: Instrumenting platformdirs
INFO: Instrumenting platformdirs.api
INFO: Instrumenting platformdirs.version
INFO: Instrumenting platformdirs.unix
INFO: Instrumenting configparser
INFO: Instrumenting black.mode
INFO: Instrumenting black.const
INFO: Instrumenting black.output
INFO: Instrumenting black.comments
INFO: Instrumenting black.nodes
INFO: Instrumenting black.strings
INFO: Instrumenting black._width_table
INFO: Instrumenting blib2to3
INFO: Instrumenting blib2to3.pytree
INFO: Instrumenting blib2to3.pgen2
INFO: Instrumenting blib2to3.pgen2.grammar
INFO: Instrumenting blib2to3.pgen2.token
INFO: Instrumenting blib2to3.pygram
INFO: Instrumenting blib2to3.pgen2.driver
INFO: Instrumenting pkgutil
INFO: Instrumenting importlib.util
INFO: Instrumenting blib2to3.pgen2.tokenize
INFO: Instrumenting blib2to3.pgen2.parse
INFO: Instrumenting blib2to3.pgen2.pgen
INFO: Instrumenting black.files
INFO: Instrumenting packaging
INFO: Instrumenting packaging.specifiers
INFO: Instrumenting packaging.utils
INFO: Instrumenting packaging.tags
INFO: Instrumenting sysconfig
INFO: Instrumenting packaging._manylinux
INFO: Instrumenting packaging._elffile
INFO: Instrumenting packaging._musllinux
INFO: Instrumenting packaging.version
INFO: Instrumenting packaging._structures
INFO: Instrumenting tomllib
INFO: Instrumenting tomllib._parser
INFO: Instrumenting tomllib._re
INFO: Instrumenting tomllib._types
INFO: Instrumenting black.handle_ipynb_magics
INFO: Instrumenting secrets
INFO: Instrumenting hmac
INFO: Instrumenting black.report
INFO: Instrumenting black.linegen
INFO: Instrumenting black.brackets
INFO: Instrumenting black.lines
INFO: Instrumenting black.numerics
INFO: Instrumenting black.trans
INFO: Instrumenting black.rusty
INFO: Instrumenting black.parsing
INFO: Instrumenting black.ranges
INFO: Instrumenting difflib
INFO: Using built-in libfuzzer
WARNING: Failed to find function "__sanitizer_acquire_crash_state".
WARNING: Failed to find function "__sanitizer_print_stack_trace".
WARNING: Failed to find function "__sanitizer_set_death_callback".
INFO: Running with entropic power schedule (0xFF, 100).
INFO: Seed: 1983655193
INFO: -max_len is not provided; libFuzzer will not generate inputs larger than 4096 bytes
INFO: A corpus is not provided, starting from an empty corpus
#2	INITED cov: 234 ft: 234 corp: 1/1b exec/s: 0 rss: 59Mb
#206	NEW    cov: 448 ft: 668 corp: 2/7b lim: 6 exec/s: 0 rss: 59Mb L: 6/6 MS: 4 InsertByte-CopyPart-CrossOver-InsertRepeatedBytes-
#208	NEW    cov: 454 ft: 725 corp: 3/13b lim: 6 exec/s: 0 rss: 59Mb L: 6/6 MS: 2 ChangeBinInt-CMP- DE: "\377\377"-
#220	NEW    cov: 465 ft: 736 corp: 4/18b lim: 6 exec/s: 0 rss: 59Mb L: 5/6 MS: 2 CrossOver-EraseBytes-
#225	REDUCE cov: 465 ft: 736 corp: 4/17b lim: 6 exec/s: 0 rss: 59Mb L: 5/6 MS: 5 PersAutoDict-EraseBytes-CopyPart-CrossOver-InsertRepeatedBytes- DE: "\377\377"-
#229	NEW    cov: 467 ft: 739 corp: 5/23b lim: 6 exec/s: 0 rss: 59Mb L: 6/6 MS: 4 ChangeBit-ShuffleBytes-CrossOver-CrossOver-
#232	NEW    cov: 469 ft: 744 corp: 6/29b lim: 6 exec/s: 0 rss: 59Mb L: 6/6 MS: 3 ChangeBit-ChangeByte-ChangeByte-
#233	NEW    cov: 469 ft: 780 corp: 7/34b lim: 6 exec/s: 0 rss: 59Mb L: 5/6 MS: 1 EraseBytes-
#239	REDUCE cov: 469 ft: 780 corp: 7/33b lim: 6 exec/s: 0 rss: 59Mb L: 4/6 MS: 1 EraseBytes-
#254	NEW    cov: 469 ft: 783 corp: 8/39b lim: 6 exec/s: 0 rss: 59Mb L: 6/6 MS: 5 ChangeByte-ShuffleBytes-ChangeBit-ChangeByte-ChangeBit-
#265	NEW    cov: 469 ft: 786 corp: 9/44b lim: 6 exec/s: 0 rss: 59Mb L: 5/6 MS: 1 CrossOver-
#283	NEW    cov: 515 ft: 957 corp: 10/49b lim: 6 exec/s: 0 rss: 59Mb L: 5/6 MS: 3 CopyPart-CopyPart-ChangeBit-
#287	NEW    cov: 515 ft: 959 corp: 11/55b lim: 6 exec/s: 0 rss: 59Mb L: 6/6 MS: 4 ChangeByte-ChangeByte-ChangeBinInt-PersAutoDict- DE: "\377\377"-
#295	NEW    cov: 515 ft: 988 corp: 12/60b lim: 6 exec/s: 0 rss: 59Mb L: 5/6 MS: 3 PersAutoDict-CrossOver-ChangeByte- DE: "\377\377"-
#301	NEW    cov: 515 ft: 993 corp: 13/65b lim: 6 exec/s: 0 rss: 59Mb L: 5/6 MS: 1 ChangeBit-
#310	NEW    cov: 515 ft: 996 corp: 14/71b lim: 6 exec/s: 0 rss: 59Mb L: 6/6 MS: 4 InsertByte-ChangeByte-ChangeByte-ShuffleBytes-
#311	NEW    cov: 552 ft: 1079 corp: 15/77b lim: 6 exec/s: 0 rss: 59Mb L: 6/6 MS: 1 CrossOver-
#322	REDUCE cov: 552 ft: 1084 corp: 16/81b lim: 6 exec/s: 0 rss: 59Mb L: 4/6 MS: 1 ChangeBit-
#364	REDUCE cov: 552 ft: 1084 corp: 16/80b lim: 6 exec/s: 0 rss: 59Mb L: 4/6 MS: 2 ChangeByte-CrossOver-
#393	NEW    cov: 592 ft: 1205 corp: 17/86b lim: 6 exec/s: 0 rss: 59Mb L: 6/6 MS: 4 ChangeBinInt-ShuffleBytes-CopyPart-InsertByte-
#405	NEW    cov: 604 ft: 1218 corp: 18/90b lim: 6 exec/s: 0 rss: 59Mb L: 4/6 MS: 2 EraseBytes-InsertByte-
#423	NEW    cov: 714 ft: 1486 corp: 19/96b lim: 6 exec/s: 0 rss: 59Mb L: 6/6 MS: 3 ChangeByte-PersAutoDict-ChangeBinInt- DE: "\377\377"-
#429	NEW    cov: 714 ft: 1495 corp: 20/102b lim: 6 exec/s: 0 rss: 59Mb L: 6/6 MS: 1 CopyPart-
#435	NEW    cov: 714 ft: 1725 corp: 21/108b lim: 6 exec/s: 0 rss: 59Mb L: 6/6 MS: 1 CrossOver-
#448	REDUCE cov: 714 ft: 1725 corp: 21/107b lim: 6 exec/s: 0 rss: 59Mb L: 5/6 MS: 3 EraseBytes-CopyPart-CrossOver-
#462	NEW    cov: 714 ft: 1726 corp: 22/112b lim: 6 exec/s: 0 rss: 59Mb L: 5/6 MS: 4 ChangeByte-CrossOver-ChangeBinInt-CrossOver-
#463	NEW    cov: 714 ft: 1727 corp: 23/118b lim: 6 exec/s: 0 rss: 59Mb L: 6/6 MS: 1 ChangeBinInt-
#482	REDUCE cov: 714 ft: 1729 corp: 24/124b lim: 6 exec/s: 0 rss: 59Mb L: 6/6 MS: 4 EraseBytes-ShuffleBytes-CopyPart-InsertByte-
#504	NEW    cov: 717 ft: 1733 corp: 25/130b lim: 6 exec/s: 0 rss: 59Mb L: 6/6 MS: 2 ChangeBinInt-ChangeByte-
#514	NEW    cov: 718 ft: 1736 corp: 26/135b lim: 6 exec/s: 0 rss: 59Mb L: 5/6 MS: 5 ChangeByte-CrossOver-InsertByte-ChangeBit-CMP- DE: "if"-
#522	NEW    cov: 722 ft: 1750 corp: 27/140b lim: 6 exec/s: 0 rss: 59Mb L: 5/6 MS: 3 ChangeBinInt-CopyPart-InsertByte-
#535	NEW    cov: 724 ft: 1752 corp: 28/145b lim: 6 exec/s: 0 rss: 59Mb L: 5/6 MS: 3 EraseBytes-CopyPart-ChangeBinInt-
#536	NEW    cov: 730 ft: 1802 corp: 29/151b lim: 6 exec/s: 0 rss: 59Mb L: 6/6 MS: 1 CrossOver-
#557	NEW    cov: 730 ft: 1810 corp: 30/157b lim: 6 exec/s: 0 rss: 59Mb L: 6/6 MS: 1 ChangeBit-
#575	NEW    cov: 730 ft: 1813 corp: 31/163b lim: 6 exec/s: 0 rss: 59Mb L: 6/6 MS: 3 CopyPart-PersAutoDict-ChangeByte- DE: "if"-
#583	REDUCE cov: 730 ft: 1816 corp: 32/169b lim: 6 exec/s: 0 rss: 59Mb L: 6/6 MS: 3 EraseBytes-ChangeByte-PersAutoDict- DE: "if"-
#586	NEW    cov: 730 ft: 1824 corp: 33/173b lim: 6 exec/s: 0 rss: 59Mb L: 4/6 MS: 3 CrossOver-CrossOver-ShuffleBytes-
#619	NEW    cov: 730 ft: 1826 corp: 34/179b lim: 6 exec/s: 0 rss: 59Mb L: 6/6 MS: 3 CopyPart-PersAutoDict-CrossOver- DE: "if"-
#625	NEW    cov: 730 ft: 1829 corp: 35/185b lim: 6 exec/s: 0 rss: 59Mb L: 6/6 MS: 1 PersAutoDict- DE: "\377\377"-
#626	NEW    cov: 733 ft: 1841 corp: 36/191b lim: 6 exec/s: 0 rss: 59Mb L: 6/6 MS: 1 ChangeByte-
#632	NEW    cov: 736 ft: 1844 corp: 37/196b lim: 6 exec/s: 0 rss: 59Mb L: 5/6 MS: 1 ShuffleBytes-
#649	NEW    cov: 736 ft: 1845 corp: 38/202b lim: 6 exec/s: 0 rss: 59Mb L: 6/6 MS: 2 ShuffleBytes-ChangeBit-
#670	REDUCE cov: 736 ft: 1845 corp: 38/200b lim: 6 exec/s: 0 rss: 59Mb L: 4/6 MS: 1 EraseBytes-
#712	REDUCE cov: 736 ft: 1845 corp: 38/199b lim: 6 exec/s: 0 rss: 59Mb L: 4/6 MS: 2 CrossOver-EraseBytes-
#719	NEW    cov: 736 ft: 1846 corp: 39/205b lim: 6 exec/s: 0 rss: 59Mb L: 6/6 MS: 2 ShuffleBytes-ShuffleBytes-
#730	NEW    cov: 736 ft: 1847 corp: 40/211b lim: 6 exec/s: 0 rss: 59Mb L: 6/6 MS: 1 ChangeByte-
#740	NEW    cov: 763 ft: 1990 corp: 41/217b lim: 6 exec/s: 0 rss: 59Mb L: 6/6 MS: 5 CMP-CopyPart-ShuffleBytes-ChangeBinInt-ChangeBit- DE: "Xa"-
#786	NEW    cov: 763 ft: 1997 corp: 42/223b lim: 6 exec/s: 0 rss: 59Mb L: 6/6 MS: 1 CrossOver-
#798	NEW    cov: 776 ft: 2022 corp: 43/229b lim: 6 exec/s: 0 rss: 59Mb L: 6/6 MS: 2 CrossOver-CrossOver-
#874	REDUCE cov: 776 ft: 2022 corp: 43/228b lim: 6 exec/s: 0 rss: 59Mb L: 5/6 MS: 1 CrossOver-
#966	NEW    cov: 801 ft: 2047 corp: 44/234b lim: 6 exec/s: 0 rss: 59Mb L: 6/6 MS: 2 ChangeByte-ChangeByte-
#981	REDUCE cov: 801 ft: 2048 corp: 45/240b lim: 6 exec/s: 0 rss: 59Mb L: 6/6 MS: 5 CrossOver-ShuffleBytes-ShuffleBytes-ShuffleBytes-ChangeByte-
#988	NEW    cov: 801 ft: 2049 corp: 46/246b lim: 6 exec/s: 0 rss: 59Mb L: 6/6 MS: 2 ChangeByte-PersAutoDict- DE: "\377\377"-
#1020	REDUCE cov: 802 ft: 2050 corp: 47/251b lim: 6 exec/s: 0 rss: 59Mb L: 5/6 MS: 2 ChangeBinInt-CrossOver-
#1184	NEW    cov: 808 ft: 2060 corp: 48/255b lim: 6 exec/s: 1184 rss: 59Mb L: 4/6 MS: 4 ChangeBit-ChangeBit-EraseBytes-InsertByte-
#1251	NEW    cov: 808 ft: 2089 corp: 49/259b lim: 6 exec/s: 1251 rss: 59Mb L: 4/6 MS: 2 ShuffleBytes-EraseBytes-
#1358	NEW    cov: 810 ft: 2094 corp: 50/265b lim: 6 exec/s: 1358 rss: 59Mb L: 6/6 MS: 2 ChangeByte-ChangeByte-
#1504	NEW    cov: 810 ft: 2181 corp: 51/271b lim: 6 exec/s: 1504 rss: 59Mb L: 6/6 MS: 1 PersAutoDict- DE: "Xa"-
#1568	NEW    cov: 810 ft: 2187 corp: 52/277b lim: 6 exec/s: 1568 rss: 59Mb L: 6/6 MS: 4 CopyPart-ChangeBit-CopyPart-ShuffleBytes-
#1760	REDUCE cov: 810 ft: 2187 corp: 52/276b lim: 6 exec/s: 1760 rss: 59Mb L: 5/6 MS: 2 ChangeByte-EraseBytes-
#1883	NEW    cov: 814 ft: 2208 corp: 53/282b lim: 6 exec/s: 1883 rss: 59Mb L: 6/6 MS: 3 ChangeBit-ChangeBit-CrossOver-
#1940	REDUCE cov: 814 ft: 2208 corp: 53/281b lim: 6 exec/s: 1940 rss: 59Mb L: 5/6 MS: 2 EraseBytes-InsertByte-
#2051	NEW    cov: 814 ft: 2215 corp: 54/287b lim: 6 exec/s: 2051 rss: 59Mb L: 6/6 MS: 1 CrossOver-
#2093	NEW    cov: 814 ft: 2216 corp: 55/293b lim: 6 exec/s: 2093 rss: 59Mb L: 6/6 MS: 2 CopyPart-ChangeBinInt-
#2198	NEW    cov: 814 ft: 2228 corp: 56/299b lim: 6 exec/s: 2198 rss: 59Mb L: 6/6 MS: 5 EraseBytes-ShuffleBytes-ChangeByte-CopyPart-CrossOver-
#2316	REDUCE cov: 814 ft: 2228 corp: 56/298b lim: 6 exec/s: 2316 rss: 59Mb L: 5/6 MS: 3 PersAutoDict-ChangeBit-EraseBytes- DE: "if"-
#2343	NEW    cov: 814 ft: 2241 corp: 57/304b lim: 6 exec/s: 2343 rss: 59Mb L: 6/6 MS: 2 CopyPart-ChangeByte-
#2345	NEW    cov: 814 ft: 2242 corp: 58/310b lim: 6 exec/s: 1172 rss: 59Mb L: 6/6 MS: 2 ShuffleBytes-ShuffleBytes-
#2458	NEW    cov: 814 ft: 2244 corp: 59/315b lim: 6 exec/s: 1229 rss: 59Mb L: 5/6 MS: 3 ChangeByte-ShuffleBytes-ChangeByte-
#2530	NEW    cov: 814 ft: 2250 corp: 60/320b lim: 6 exec/s: 1265 rss: 59Mb L: 5/6 MS: 2 ShuffleBytes-EraseBytes-
#2755	REDUCE cov: 814 ft: 2258 corp: 61/327b lim: 8 exec/s: 1377 rss: 59Mb L: 7/7 MS: 5 ChangeByte-InsertByte-PersAutoDict-CopyPart-InsertByte- DE: "\377\377"-
#2803	REDUCE cov: 814 ft: 2262 corp: 62/335b lim: 8 exec/s: 1401 rss: 59Mb L: 8/8 MS: 3 CrossOver-InsertByte-CMP- DE: "BX\012"-
#2834	NEW    cov: 814 ft: 2273 corp: 63/343b lim: 8 exec/s: 1417 rss: 59Mb L: 8/8 MS: 1 CopyPart-
#3033	NEW    cov: 814 ft: 2285 corp: 64/351b lim: 8 exec/s: 1516 rss: 59Mb L: 8/8 MS: 4 ShuffleBytes-ShuffleBytes-CrossOver-PersAutoDict- DE: "BX\012"-
#3039	NEW    cov: 814 ft: 2311 corp: 65/358b lim: 8 exec/s: 1519 rss: 59Mb L: 7/8 MS: 1 CopyPart-
#3051	NEW    cov: 890 ft: 2418 corp: 66/366b lim: 8 exec/s: 1525 rss: 59Mb L: 8/8 MS: 2 CrossOver-ChangeBit-
#3153	NEW    cov: 890 ft: 2419 corp: 67/374b lim: 8 exec/s: 1576 rss: 59Mb L: 8/8 MS: 2 PersAutoDict-CrossOver- DE: "Xa"-
#3194	NEW    cov: 890 ft: 2463 corp: 68/382b lim: 8 exec/s: 1597 rss: 59Mb L: 8/8 MS: 1 CopyPart-
#3204	REDUCE cov: 890 ft: 2463 corp: 68/381b lim: 8 exec/s: 1602 rss: 59Mb L: 7/8 MS: 5 ChangeByte-ChangeBit-CopyPart-ChangeByte-EraseBytes-
#3277	NEW    cov: 890 ft: 2466 corp: 69/388b lim: 8 exec/s: 1638 rss: 59Mb L: 7/8 MS: 3 InsertByte-ChangeByte-CrossOver-
#3322	NEW    cov: 890 ft: 2468 corp: 70/396b lim: 8 exec/s: 1661 rss: 59Mb L: 8/8 MS: 5 ChangeBit-CopyPart-ChangeBit-ChangeBit-InsertByte-
#3490	NEW    cov: 890 ft: 2470 corp: 71/404b lim: 8 exec/s: 1163 rss: 59Mb L: 8/8 MS: 3 PersAutoDict-ShuffleBytes-CrossOver- DE: "Xa"-
#3596	NEW    cov: 890 ft: 2481 corp: 72/411b lim: 8 exec/s: 1198 rss: 59Mb L: 7/8 MS: 1 CopyPart-
#3648	NEW    cov: 890 ft: 2482 corp: 73/419b lim: 8 exec/s: 1216 rss: 59Mb L: 8/8 MS: 2 EraseBytes-CopyPart-
#3697	NEW    cov: 890 ft: 2487 corp: 74/427b lim: 8 exec/s: 1232 rss: 59Mb L: 8/8 MS: 4 InsertByte-CrossOver-ChangeBinInt-ChangeBinInt-
#3890	NEW    cov: 890 ft: 2506 corp: 75/435b lim: 8 exec/s: 1296 rss: 59Mb L: 8/8 MS: 3 ChangeByte-ChangeBit-CopyPart-
#3903	NEW    cov: 891 ft: 2507 corp: 76/441b lim: 8 exec/s: 1301 rss: 59Mb L: 6/8 MS: 3 PersAutoDict-ShuffleBytes-ChangeBinInt- DE: "Xa"-
#4096	pulse  cov: 891 ft: 2507 corp: 76/441b lim: 8 exec/s: 1365 rss: 59Mb
#4177	REDUCE cov: 891 ft: 2507 corp: 76/440b lim: 8 exec/s: 1392 rss: 59Mb L: 6/8 MS: 4 InsertByte-EraseBytes-ChangeBit-ChangeByte-
#4483	NEW    cov: 891 ft: 2549 corp: 77/449b lim: 11 exec/s: 1494 rss: 59Mb L: 9/9 MS: 1 InsertByte-
#4559	NEW    cov: 891 ft: 2566 corp: 78/460b lim: 11 exec/s: 1519 rss: 59Mb L: 11/11 MS: 1 CrossOver-
#4611	NEW    cov: 891 ft: 2582 corp: 79/471b lim: 11 exec/s: 1537 rss: 59Mb L: 11/11 MS: 2 PersAutoDict-InsertByte- DE: "if"-
#4617	NEW    cov: 891 ft: 2583 corp: 80/482b lim: 11 exec/s: 1539 rss: 59Mb L: 11/11 MS: 1 CrossOver-
#4660	NEW    cov: 892 ft: 2619 corp: 81/491b lim: 11 exec/s: 1165 rss: 59Mb L: 9/11 MS: 3 InsertByte-ChangeBit-PersAutoDict- DE: "BX\012"-
#4731	NEW    cov: 892 ft: 2621 corp: 82/502b lim: 11 exec/s: 1182 rss: 59Mb L: 11/11 MS: 1 ShuffleBytes-
#4787	NEW    cov: 894 ft: 2625 corp: 83/510b lim: 11 exec/s: 1196 rss: 59Mb L: 8/11 MS: 1 CopyPart-
#4793	NEW    cov: 894 ft: 2628 corp: 84/519b lim: 11 exec/s: 1198 rss: 59Mb L: 9/11 MS: 1 InsertByte-
#4824	NEW    cov: 894 ft: 2631 corp: 85/530b lim: 11 exec/s: 1206 rss: 59Mb L: 11/11 MS: 1 CopyPart-
#4863	NEW    cov: 894 ft: 2632 corp: 86/541b lim: 11 exec/s: 1215 rss: 59Mb L: 11/11 MS: 4 ChangeBit-ChangeByte-ShuffleBytes-InsertRepeatedBytes-
#5037	NEW    cov: 894 ft: 2634 corp: 87/551b lim: 11 exec/s: 1259 rss: 59Mb L: 10/11 MS: 4 CopyPart-InsertRepeatedBytes-ChangeBinInt-ChangeByte-
#5054	NEW    cov: 894 ft: 2635 corp: 88/560b lim: 11 exec/s: 1263 rss: 59Mb L: 9/11 MS: 2 PersAutoDict-ChangeBit- DE: "BX\012"-
#5152	NEW    cov: 896 ft: 2657 corp: 89/570b lim: 11 exec/s: 1288 rss: 59Mb L: 10/11 MS: 3 CrossOver-PersAutoDict-InsertByte- DE: "BX\012"-
#5229	NEW    cov: 896 ft: 2658 corp: 90/580b lim: 11 exec/s: 1307 rss: 59Mb L: 10/11 MS: 2 ChangeByte-CrossOver-
#5261	NEW    cov: 896 ft: 2792 corp: 91/591b lim: 11 exec/s: 1315 rss: 59Mb L: 11/11 MS: 2 InsertByte-CopyPart-
#5272	NEW    cov: 896 ft: 2793 corp: 92/602b lim: 11 exec/s: 1318 rss: 59Mb L: 11/11 MS: 1 CrossOver-
#5313	NEW    cov: 898 ft: 2839 corp: 93/611b lim: 11 exec/s: 1328 rss: 59Mb L: 9/11 MS: 1 ChangeBit-
#5334	NEW    cov: 898 ft: 2845 corp: 94/621b lim: 11 exec/s: 1333 rss: 59Mb L: 10/11 MS: 1 CopyPart-
#5356	REDUCE cov: 898 ft: 2846 corp: 95/631b lim: 11 exec/s: 1339 rss: 59Mb L: 10/11 MS: 2 ChangeByte-CrossOver-
#5382	NEW    cov: 903 ft: 2896 corp: 96/641b lim: 11 exec/s: 1345 rss: 59Mb L: 10/11 MS: 1 CopyPart-
#5421	REDUCE cov: 903 ft: 2896 corp: 96/640b lim: 11 exec/s: 1355 rss: 59Mb L: 5/11 MS: 4 CopyPart-InsertByte-PersAutoDict-EraseBytes- DE: "Xa"-
#5472	REDUCE cov: 903 ft: 2896 corp: 96/639b lim: 11 exec/s: 1368 rss: 59Mb L: 4/11 MS: 1 EraseBytes-
#5548	NEW    cov: 903 ft: 2897 corp: 97/648b lim: 11 exec/s: 1387 rss: 59Mb L: 9/11 MS: 1 ChangeByte-
#5585	NEW    cov: 903 ft: 2903 corp: 98/658b lim: 11 exec/s: 1396 rss: 59Mb L: 10/11 MS: 2 ChangeBit-CopyPart-
#5773	NEW    cov: 903 ft: 2904 corp: 99/668b lim: 11 exec/s: 1154 rss: 60Mb L: 10/11 MS: 3 ChangeBit-CMP-ShuffleBytes- DE: "\341\255\240"-
#5775	NEW    cov: 903 ft: 2910 corp: 100/678b lim: 11 exec/s: 1155 rss: 60Mb L: 10/11 MS: 2 InsertByte-PersAutoDict- DE: "\341\255\240"-
#5812	REDUCE cov: 903 ft: 2911 corp: 101/689b lim: 11 exec/s: 1162 rss: 60Mb L: 11/11 MS: 2 ChangeByte-InsertRepeatedBytes-
#5829	NEW    cov: 903 ft: 2913 corp: 102/698b lim: 11 exec/s: 1165 rss: 60Mb L: 9/11 MS: 2 ChangeBinInt-EraseBytes-
#6023	NEW    cov: 906 ft: 2916 corp: 103/708b lim: 11 exec/s: 1204 rss: 60Mb L: 10/11 MS: 4 InsertByte-CrossOver-InsertByte-ShuffleBytes-
#6070	NEW    cov: 912 ft: 2928 corp: 104/717b lim: 11 exec/s: 1214 rss: 60Mb L: 9/11 MS: 2 CopyPart-ChangeByte-
#6086	REDUCE cov: 915 ft: 2932 corp: 105/724b lim: 11 exec/s: 1217 rss: 60Mb L: 7/11 MS: 1 PersAutoDict- DE: "BX\012"-
#6091	NEW    cov: 919 ft: 2939 corp: 106/735b lim: 11 exec/s: 1218 rss: 60Mb L: 11/11 MS: 5 ShuffleBytes-CrossOver-InsertByte-CrossOver-ChangeByte-
#6098	NEW    cov: 919 ft: 2942 corp: 107/745b lim: 11 exec/s: 1219 rss: 60Mb L: 10/11 MS: 2 ChangeBit-CopyPart-
#6239	NEW    cov: 919 ft: 2947 corp: 108/756b lim: 11 exec/s: 1247 rss: 60Mb L: 11/11 MS: 1 CrossOver-
#6286	REDUCE cov: 925 ft: 2953 corp: 109/762b lim: 11 exec/s: 1257 rss: 60Mb L: 6/11 MS: 2 InsertByte-InsertByte-
#6306	NEW    cov: 926 ft: 2954 corp: 110/770b lim: 11 exec/s: 1261 rss: 60Mb L: 8/11 MS: 5 ChangeByte-CrossOver-CopyPart-ChangeByte-ShuffleBytes-
#6437	NEW    cov: 926 ft: 2958 corp: 111/778b lim: 11 exec/s: 1287 rss: 60Mb L: 8/11 MS: 1 InsertByte-
#6448	REDUCE cov: 926 ft: 2958 corp: 111/777b lim: 11 exec/s: 1289 rss: 60Mb L: 10/11 MS: 1 EraseBytes-
#6846	NEW    cov: 926 ft: 2997 corp: 112/789b lim: 14 exec/s: 1141 rss: 60Mb L: 12/12 MS: 3 EraseBytes-ShuffleBytes-CrossOver-
#6918	NEW    cov: 926 ft: 2998 corp: 113/802b lim: 14 exec/s: 1153 rss: 60Mb L: 13/13 MS: 2 CrossOver-InsertRepeatedBytes-
#6925	NEW    cov: 926 ft: 3038 corp: 114/812b lim: 14 exec/s: 1154 rss: 60Mb L: 10/13 MS: 2 InsertByte-PersAutoDict- DE: "BX\012"-
#6951	NEW    cov: 928 ft: 3082 corp: 115/823b lim: 14 exec/s: 1158 rss: 60Mb L: 11/13 MS: 1 ChangeByte-
#7078	NEW    cov: 929 ft: 3109 corp: 116/835b lim: 14 exec/s: 1179 rss: 60Mb L: 12/13 MS: 2 ChangeASCIIInt-CopyPart-
#7209	REDUCE cov: 929 ft: 3109 corp: 116/834b lim: 14 exec/s: 1201 rss: 60Mb L: 9/13 MS: 1 EraseBytes-
#7210	REDUCE cov: 929 ft: 3109 corp: 116/833b lim: 14 exec/s: 1201 rss: 60Mb L: 5/13 MS: 1 EraseBytes-
#7306	REDUCE cov: 929 ft: 3109 corp: 116/828b lim: 14 exec/s: 1217 rss: 60Mb L: 6/13 MS: 1 EraseBytes-
#7314	REDUCE cov: 929 ft: 3109 corp: 116/827b lim: 14 exec/s: 1219 rss: 60Mb L: 5/13 MS: 3 InsertByte-CrossOver-ShuffleBytes-
#7351	NEW    cov: 929 ft: 3149 corp: 117/841b lim: 14 exec/s: 1225 rss: 60Mb L: 14/14 MS: 2 ChangeByte-CopyPart-
#7372	NEW    cov: 929 ft: 3150 corp: 118/854b lim: 14 exec/s: 1228 rss: 60Mb L: 13/14 MS: 1 ShuffleBytes-
#7551	NEW    cov: 929 ft: 3216 corp: 119/865b lim: 14 exec/s: 1078 rss: 60Mb L: 11/14 MS: 4 ChangeByte-PersAutoDict-ShuffleBytes-PersAutoDict- DE: "if"-"BX\012"-
#7564	NEW    cov: 929 ft: 3217 corp: 120/875b lim: 14 exec/s: 1080 rss: 60Mb L: 10/14 MS: 3 CopyPart-CrossOver-CrossOver-
#7601	NEW    cov: 1004 ft: 3292 corp: 121/882b lim: 14 exec/s: 1085 rss: 60Mb L: 7/14 MS: 2 CopyPart-ShuffleBytes-
#7624	REDUCE cov: 1004 ft: 3292 corp: 121/881b lim: 14 exec/s: 1089 rss: 60Mb L: 10/14 MS: 3 ChangeByte-PersAutoDict-EraseBytes- DE: "\377\377"-
#7731	NEW    cov: 1004 ft: 3293 corp: 122/895b lim: 14 exec/s: 1104 rss: 60Mb L: 14/14 MS: 2 InsertByte-CopyPart-
#7732	NEW    cov: 1004 ft: 3294 corp: 123/908b lim: 14 exec/s: 1104 rss: 60Mb L: 13/14 MS: 1 InsertRepeatedBytes-
#7953	REDUCE cov: 1004 ft: 3294 corp: 123/905b lim: 14 exec/s: 1136 rss: 60Mb L: 7/14 MS: 1 EraseBytes-
#8049	REDUCE cov: 1004 ft: 3294 corp: 123/903b lim: 14 exec/s: 1149 rss: 60Mb L: 8/14 MS: 1 EraseBytes-
#8055	REDUCE cov: 1004 ft: 3294 corp: 123/902b lim: 14 exec/s: 1150 rss: 60Mb L: 9/14 MS: 1 EraseBytes-
#8086	NEW    cov: 1004 ft: 3298 corp: 124/913b lim: 14 exec/s: 1155 rss: 60Mb L: 11/14 MS: 1 ShuffleBytes-
#8192	pulse  cov: 1004 ft: 3298 corp: 124/913b lim: 14 exec/s: 1170 rss: 60Mb
#8195	NEW    cov: 1004 ft: 3300 corp: 125/927b lim: 14 exec/s: 1170 rss: 60Mb L: 14/14 MS: 4 ChangeBinInt-InsertRepeatedBytes-CopyPart-PersAutoDict- DE: "BX\012"-
#8368	REDUCE cov: 1004 ft: 3300 corp: 125/926b lim: 14 exec/s: 1195 rss: 60Mb L: 5/14 MS: 3 PersAutoDict-ChangeBinInt-EraseBytes- DE: "if"-
#8498	NEW    cov: 1004 ft: 3337 corp: 126/939b lim: 14 exec/s: 1062 rss: 60Mb L: 13/14 MS: 5 EraseBytes-PersAutoDict-CrossOver-EraseBytes-CopyPart- DE: "Xa"-
#8549	NEW    cov: 1004 ft: 3338 corp: 127/947b lim: 14 exec/s: 1068 rss: 60Mb L: 8/14 MS: 1 ChangeBit-
#8620	NEW    cov: 1008 ft: 3347 corp: 128/959b lim: 14 exec/s: 1077 rss: 60Mb L: 12/14 MS: 1 CrossOver-
#8646	NEW    cov: 1008 ft: 3348 corp: 129/971b lim: 14 exec/s: 1080 rss: 60Mb L: 12/14 MS: 1 ChangeByte-
#9123	NEW    cov: 1008 ft: 3350 corp: 130/983b lim: 17 exec/s: 1140 rss: 60Mb L: 12/14 MS: 2 CopyPart-CopyPart-
#9259	NEW    cov: 1008 ft: 3352 corp: 131/996b lim: 17 exec/s: 1157 rss: 60Mb L: 13/14 MS: 1 CrossOver-
#9309	NEW    cov: 1008 ft: 3357 corp: 132/1013b lim: 17 exec/s: 1034 rss: 60Mb L: 17/17 MS: 5 EraseBytes-CopyPart-ChangeBinInt-CopyPart-CrossOver-
#9420	NEW    cov: 1008 ft: 3364 corp: 133/1028b lim: 17 exec/s: 1046 rss: 60Mb L: 15/17 MS: 1 CrossOver-
#9556	REDUCE cov: 1008 ft: 3365 corp: 134/1045b lim: 17 exec/s: 1061 rss: 60Mb L: 17/17 MS: 1 InsertRepeatedBytes-
#9603	REDUCE cov: 1008 ft: 3373 corp: 135/1057b lim: 17 exec/s: 1067 rss: 60Mb L: 12/17 MS: 2 CopyPart-CopyPart-
#9649	NEW    cov: 1009 ft: 3374 corp: 136/1066b lim: 17 exec/s: 1072 rss: 60Mb L: 9/17 MS: 1 CMP- DE: "\345\254\213"-
#10026	NEW    cov: 1009 ft: 3375 corp: 137/1083b lim: 17 exec/s: 1114 rss: 60Mb L: 17/17 MS: 2 InsertByte-CopyPart-
#10113	NEW    cov: 1009 ft: 3376 corp: 138/1095b lim: 17 exec/s: 1123 rss: 60Mb L: 12/17 MS: 2 CMP-EraseBytes- DE: "for"-
#10239	NEW    cov: 1009 ft: 3379 corp: 139/1112b lim: 17 exec/s: 1023 rss: 60Mb L: 17/17 MS: 1 CopyPart-
#10261	NEW    cov: 1010 ft: 3380 corp: 140/1122b lim: 17 exec/s: 1026 rss: 60Mb L: 10/17 MS: 2 InsertByte-PersAutoDict- DE: "BX\012"-
#10315	NEW    cov: 1010 ft: 3383 corp: 141/1139b lim: 17 exec/s: 1031 rss: 60Mb L: 17/17 MS: 4 InsertByte-ChangeBit-ChangeBit-CopyPart-
#10407	NEW    cov: 1010 ft: 3526 corp: 142/1156b lim: 17 exec/s: 1040 rss: 60Mb L: 17/17 MS: 2 ShuffleBytes-CopyPart-
#10603	NEW    cov: 1010 ft: 3527 corp: 143/1173b lim: 17 exec/s: 1060 rss: 60Mb L: 17/17 MS: 1 CMP- DE: "def"-
#10644	REDUCE cov: 1010 ft: 3527 corp: 143/1171b lim: 17 exec/s: 1064 rss: 60Mb L: 11/17 MS: 1 EraseBytes-
#10757	NEW    cov: 1010 ft: 3536 corp: 144/1183b lim: 17 exec/s: 1075 rss: 60Mb L: 12/17 MS: 3 EraseBytes-ShuffleBytes-CopyPart-
#10839	REDUCE cov: 1010 ft: 3536 corp: 144/1182b lim: 17 exec/s: 1083 rss: 60Mb L: 16/17 MS: 2 ChangeBit-EraseBytes-
#10850	NEW    cov: 1010 ft: 3546 corp: 145/1199b lim: 17 exec/s: 1085 rss: 60Mb L: 17/17 MS: 1 PersAutoDict- DE: "def"-
#10962	REDUCE cov: 1010 ft: 3546 corp: 145/1197b lim: 17 exec/s: 1096 rss: 60Mb L: 12/17 MS: 2 CopyPart-EraseBytes-
#11003	REDUCE cov: 1010 ft: 3546 corp: 145/1196b lim: 17 exec/s: 1100 rss: 60Mb L: 16/17 MS: 1 EraseBytes-
#11008	NEW    cov: 1010 ft: 3549 corp: 146/1203b lim: 17 exec/s: 1100 rss: 60Mb L: 7/17 MS: 5 CopyPart-PersAutoDict-ChangeBit-CopyPart-ChangeBit- DE: "for"-
#11108	DONE   cov: 1010 ft: 3549 corp: 146/1203b lim: 17 exec/s: 1009 rss: 60Mb
###### Recommended dictionary. ######
"\377\377" # Uses: 209
"if" # Uses: 186
"Xa" # Uses: 225
"BX\012" # Uses: 143
"\341\255\240" # Uses: 92
"\345\254\213" # Uses: 13
"for" # Uses: 11
"def" # Uses: 3
###### End of recommended dictionary. ######
Done 11108 runs in 11 second(s)
