
============================================================
Evaluating: /root/Tokenizer.scala
============================================================

✓ File exists
✓ Source loaded (11156 characters)

--- Checking Compilation ---
❌ Compilation failed
  - /root/localtest/src/main/scala/tokenizer/Tokenizer.scala:89:30: Missing conversion operator in '%'; use %% for literal %, %n for newline
  - f"${bd.doubleValue()}%.${precision}f"
  - ^
  - /root/localtest/src/main/scala/tokenizer/Tokenizer.scala:90:15: pattern type is incompatible with expected type;
  - found   : Double

--- Running Unit Tests ---
⚠ Skipping tests (sbt not available or compilation failed)

--- Evaluating Code Quality Criteria ---


FUNCTIONALITY_PRESERVATION:
----------------------------------------
Score: 5/5 (EXCELLENT)
  Found 9/9 required components
  Found 4/4 key methods

SCALA_CONVENTIONS:
----------------------------------------
Score: 5/5 (EXCELLENT)
  ✓ camelCase_methods: 34 occurrences
  ✓ PascalCase_classes: 27 occurrences
  ✓ immutable_val: 24 occurrences
  ✓ case_class: 1 occurrences
  ✓ sealed_trait: 1 occurrences
  Suggestions:
    → Consider refactoring: Null usage (prefer Option)
    → Consider refactoring: Explicit return statement (often unnecessary in Scala)

READABILITY:
----------------------------------------
Score: 5/5 (EXCELLENT)
  Total lines: 374
  Scaladoc blocks: 0
  Single-line comments: 39
  Type annotations: 85

PARADIGM_MATCH:
----------------------------------------
Score: 4/5 (GOOD)
  ✓ map: 7 occurrences
  ✓ flatMap: 3 occurrences
  ✓ higher_order_func: 14 occurrences
  ✓ immutable_collections: 13 occurrences
  Immutability ratio (val/total): 80.00%
  Suggestions:
    → Consider reducing mutable variables (6 vars found)
    → Consider using Option instead of null

APPROPRIATE_ABSTRACTIONS:
----------------------------------------
Score: 4/5 (GOOD)
  Traits defined: 4
  ✓ Sealed hierarchies: 1
  Generic type usages: 21
  Objects/Companions: 9
  Encapsulation modifiers: 14
  Suggestions:
    → Consider using type classes for polymorphism

============================================================
EVALUATION SUMMARY
============================================================
Overall Score: 23/25 (92.0%)
Status: ❌ NEEDS IMPROVEMENT
============================================================

