
============================================================
Evaluating: /root/Tokenizer.scala
============================================================

✓ File exists
✓ Source loaded (13528 characters)

--- Checking Compilation ---
✓ Compilation successful

--- Running Unit Tests ---
[info] welcome to sbt 1.12.0 (Ubuntu Java 21.0.9)
[info] loading project definition from /root/localtest/project
[info] loading settings for project root from build.sbt...
[info] set current project to scala-tokenizer (in build file:/root/localtest/)
[info] compiling 1 Scala source to /root/localtest/target/scala-2.13/test-classes ...
[error] /root/localtest/src/test/scala/tokenizer/Tokenizertest.scala:19:22: value value is not a member of object tokenizer.TokenType.STRING
[error]     TokenType.STRING.value shouldBe "string"
[error]                      ^
[error] /root/localtest/src/test/scala/tokenizer/Tokenizertest.scala:20:23: value value is not a member of object tokenizer.TokenType.NUMERIC
[error]     TokenType.NUMERIC.value shouldBe "numeric"
[error]                       ^
[error] /root/localtest/src/test/scala/tokenizer/Tokenizertest.scala:21:24: value value is not a member of object tokenizer.TokenType.TEMPORAL
[error]     TokenType.TEMPORAL.value shouldBe "temporal"
[error]                        ^
[error] /root/localtest/src/test/scala/tokenizer/Tokenizertest.scala:22:26: value value is not a member of object tokenizer.TokenType.STRUCTURED
[error]     TokenType.STRUCTURED.value shouldBe "structured"
[error]                          ^
[error] /root/localtest/src/test/scala/tokenizer/Tokenizertest.scala:23:22: value value is not a member of object tokenizer.TokenType.BINARY
[error]     TokenType.BINARY.value shouldBe "binary"
[error]                      ^
[error] /root/localtest/src/test/scala/tokenizer/Tokenizertest.scala:24:20: value value is not a member of object tokenizer.TokenType.NULL
[error]     TokenType.NULL.value shouldBe "null"
[error]                    ^
[error] /root/localtest/src/test/scala/tokenizer/Tokenizertest.scala:50:15: value size is not a member of tokenizer.TokenContainer[String]
[error]     container.size shouldBe 3
[error]               ^
[error] /root/localtest/src/test/scala/tokenizer/Tokenizertest.scala:60:27: value tokenizeNull is not a member of tokenizer.UniversalTokenizer
[error]     val token = tokenizer.tokenizeNull
[error]                           ^
[error] /root/localtest/src/test/scala/tokenizer/Tokenizertest.scala:103:12: value get is not a member of tokenizer.TokenFunctor[Int]
[error]     mapped.get shouldBe 10
[error]            ^
[error] /root/localtest/src/test/scala/tokenizer/Tokenizertest.scala:114:36: type mismatch;
[error]  found   : io.circe.Json
[error]  required: tokenizer.JsonValue
[error]     val token = tokenizer.tokenize(json)
[error]                                    ^
[error] /root/localtest/src/test/scala/tokenizer/Tokenizertest.scala:143:21: not found: value TokenizerBuilder
[error]     val tokenizer = TokenizerBuilder[String]()
[error]                     ^
[error] 11 errors found
[error] (Test / compileIncremental) Compilation failed
[error] Total time: 4 s, completed Jan 26, 2026, 5:21:55 AM

Tests passed: 0/0

--- Evaluating Code Quality Criteria ---


FUNCTIONALITY_PRESERVATION:
----------------------------------------
Score: 4/5 (GOOD)
  Found 9/9 required components
  Found 3/4 key methods

SCALA_CONVENTIONS:
----------------------------------------
Score: 5/5 (EXCELLENT)
  ✓ camelCase_methods: 43 occurrences
  ✓ PascalCase_classes: 35 occurrences
  ✓ immutable_val: 40 occurrences
  ✓ case_class: 6 occurrences
  ✓ sealed_trait: 2 occurrences
  Suggestions:
    → Consider refactoring: Null usage (prefer Option)
    → Consider refactoring: Explicit return statement (often unnecessary in Scala)

READABILITY:
----------------------------------------
Score: 4/5 (GOOD)
  Total lines: 462
  Scaladoc blocks: 0
  Single-line comments: 39
  Type annotations: 108

PARADIGM_MATCH:
----------------------------------------
Score: 4/5 (GOOD)
  ✓ map: 11 occurrences
  ✓ flatMap: 2 occurrences
  ✓ filter: 1 occurrences
  ✓ higher_order_func: 22 occurrences
  ✓ immutable_collections: 14 occurrences
  Suggestions:
    → Consider reducing mutable variables (6 vars found)
    → Consider using Option instead of null

APPROPRIATE_ABSTRACTIONS:
----------------------------------------
Score: 5/5 (EXCELLENT)
  Traits defined: 5
  ✓ Sealed hierarchies: 2
  Generic type usages: 60
  Objects/Companions: 2
  ✓ Variance annotations: 3
  Suggestions:
    → Consider using type classes for polymorphism

============================================================
EVALUATION SUMMARY
============================================================
Overall Score: 22/25 (88.0%)
Status: ❌ NEEDS IMPROVEMENT
============================================================

