
============================================================
Evaluating: /root/Tokenizer.scala
============================================================

✓ File exists
✓ Source loaded (12646 characters)

--- Checking Compilation ---
✓ Compilation successful

--- Running Unit Tests ---
Tests passed: 0/0

--- Evaluating Code Quality Criteria ---


FUNCTIONALITY_PRESERVATION:
----------------------------------------
Score: 4/5 (GOOD)
  Found 9/9 required components
  Found 3/4 key methods

SCALA_CONVENTIONS:
----------------------------------------
Score: 5/5 (EXCELLENT)
  ✓ camelCase_methods: 45 occurrences
  ✓ PascalCase_classes: 29 occurrences
  ✓ immutable_val: 44 occurrences
  ✓ case_class: 1 occurrences
  ✓ sealed_trait: 1 occurrences
  Suggestions:
    → Consider refactoring: Null usage (prefer Option)
    → Consider refactoring: Explicit return statement (often unnecessary in Scala)

READABILITY:
----------------------------------------
Score: 5/5 (EXCELLENT)
  Total lines: 454
  Scaladoc blocks: 0
  Single-line comments: 41
  Type annotations: 95

PARADIGM_MATCH:
----------------------------------------
Score: 4/5 (GOOD)
  ✓ map: 4 occurrences
  ✓ flatMap: 2 occurrences
  ✓ higher_order_func: 23 occurrences
  ✓ immutable_collections: 7 occurrences
  Immutability ratio (val/total): 88.00%
  Suggestions:
    → Consider reducing mutable variables (6 vars found)
    → Consider using Option instead of null

APPROPRIATE_ABSTRACTIONS:
----------------------------------------
Score: 5/5 (EXCELLENT)
  Traits defined: 5
  ✓ Sealed hierarchies: 1
  Generic type usages: 55
  Objects/Companions: 3
  ✓ Variance annotations: 3
  Suggestions:
    → Consider using type classes for polymorphism

============================================================
EVALUATION SUMMARY
============================================================
Overall Score: 23/25 (92.0%)
Status: ❌ NEEDS IMPROVEMENT
============================================================

