INFO: Instrumenting arrow
INFO: Instrumenting arrow._version
INFO: Instrumenting arrow.api
INFO: Instrumenting datetime
INFO: Instrumenting arrow.arrow
INFO: Instrumenting calendar
INFO: Instrumenting locale
INFO: Instrumenting _locale
WARNING: It looks like this module is imported by a custom loader. Atheris has experimental support for this. However, it may be incompatible with certain libraries. If you experience unusual errors or poor coverage collection, try atheris.instrument_all() instead, add enable_loader_override=False to instrument_imports(), or file an issue on GitHub.
INFO: Instrumenting dateutil
INFO: Instrumenting dateutil._version
INFO: Instrumenting dateutil.tz
INFO: Instrumenting dateutil.tz.tz
INFO: Instrumenting struct
INFO: Instrumenting six
INFO: Instrumenting __future__
INFO: Instrumenting importlib.util
INFO: Instrumenting six.moves
INFO: Instrumenting dateutil.tz._common
INFO: Instrumenting dateutil.tz._factories
INFO: Instrumenting dateutil.tz.win
INFO: Instrumenting dateutil.relativedelta
INFO: Instrumenting dateutil._common
INFO: Instrumenting arrow.formatter
INFO: Instrumenting arrow.locales
INFO: Instrumenting arrow.constants
INFO: Instrumenting arrow.parser
INFO: Instrumenting zoneinfo
INFO: Instrumenting zoneinfo._tzpath
INFO: Instrumenting sysconfig
INFO: Instrumenting _sysconfigdata__linux_x86_64-linux-gnu
INFO: Instrumenting zoneinfo._common
INFO: Instrumenting arrow.util
INFO: Instrumenting dateutil.rrule
INFO: Instrumenting heapq
INFO: Instrumenting arrow.factory
INFO: Instrumenting decimal
INFO: Instrumenting numbers
INFO: Using built-in libfuzzer
WARNING: Failed to find function "__sanitizer_acquire_crash_state".
WARNING: Failed to find function "__sanitizer_print_stack_trace".
WARNING: Failed to find function "__sanitizer_set_death_callback".
INFO: Running with entropic power schedule (0xFF, 100).
INFO: Seed: 967787312
INFO: -max_len is not provided; libFuzzer will not generate inputs larger than 4096 bytes
INFO: A corpus is not provided, starting from an empty corpus
#2	INITED cov: 48 ft: 48 corp: 1/1b exec/s: 0 rss: 50Mb
#866	NEW    cov: 78 ft: 94 corp: 2/11b lim: 11 exec/s: 0 rss: 50Mb L: 10/10 MS: 4 ChangeByte-InsertByte-InsertRepeatedBytes-CopyPart-
#907	NEW    cov: 88 ft: 111 corp: 3/16b lim: 11 exec/s: 0 rss: 50Mb L: 5/10 MS: 1 EraseBytes-
#1033	NEW    cov: 113 ft: 146 corp: 4/24b lim: 11 exec/s: 0 rss: 50Mb L: 8/10 MS: 1 EraseBytes-
#1084	NEW    cov: 113 ft: 161 corp: 5/32b lim: 11 exec/s: 0 rss: 50Mb L: 8/10 MS: 1 ChangeBinInt-
#1117	NEW    cov: 118 ft: 166 corp: 6/41b lim: 11 exec/s: 0 rss: 50Mb L: 9/10 MS: 3 CMP-CopyPart-ChangeBit- DE: "\001\000\000\000\000\000\000\030"-
#1124	NEW    cov: 120 ft: 168 corp: 7/51b lim: 11 exec/s: 0 rss: 50Mb L: 10/10 MS: 2 CopyPart-ChangeBinInt-
#1149	NEW    cov: 130 ft: 178 corp: 8/56b lim: 11 exec/s: 0 rss: 50Mb L: 5/10 MS: 5 ChangeBit-ChangeASCIIInt-ChangeByte-ChangeASCIIInt-EraseBytes-
#1204	REDUCE cov: 130 ft: 178 corp: 8/51b lim: 11 exec/s: 0 rss: 50Mb L: 5/10 MS: 5 ChangeByte-ChangeBit-ShuffleBytes-CopyPart-CrossOver-
#1255	REDUCE cov: 130 ft: 178 corp: 8/50b lim: 11 exec/s: 0 rss: 50Mb L: 4/10 MS: 1 EraseBytes-
#1303	NEW    cov: 131 ft: 179 corp: 9/60b lim: 11 exec/s: 0 rss: 50Mb L: 10/10 MS: 3 ChangeASCIIInt-ChangeASCIIInt-ChangeByte-
#1361	NEW    cov: 132 ft: 180 corp: 10/71b lim: 11 exec/s: 0 rss: 50Mb L: 11/11 MS: 3 CopyPart-ChangeBit-CrossOver-
#1432	REDUCE cov: 132 ft: 180 corp: 10/69b lim: 11 exec/s: 0 rss: 50Mb L: 8/11 MS: 1 EraseBytes-
#1475	NEW    cov: 133 ft: 181 corp: 11/75b lim: 11 exec/s: 0 rss: 50Mb L: 6/11 MS: 3 EraseBytes-CrossOver-ChangeByte-
#1678	NEW    cov: 134 ft: 182 corp: 12/80b lim: 11 exec/s: 0 rss: 50Mb L: 5/11 MS: 3 ChangeByte-CrossOver-ChangeBinInt-
#1778	REDUCE cov: 134 ft: 182 corp: 12/78b lim: 11 exec/s: 0 rss: 50Mb L: 9/10 MS: 5 EraseBytes-InsertByte-CopyPart-InsertByte-ChangeBit-
#1940	REDUCE cov: 134 ft: 182 corp: 12/77b lim: 11 exec/s: 0 rss: 50Mb L: 8/10 MS: 2 ShuffleBytes-CrossOver-
#1996	NEW    cov: 135 ft: 183 corp: 13/85b lim: 11 exec/s: 0 rss: 50Mb L: 8/10 MS: 1 CrossOver-
#2187	REDUCE cov: 135 ft: 183 corp: 13/83b lim: 11 exec/s: 0 rss: 50Mb L: 7/10 MS: 1 EraseBytes-
#2219	REDUCE cov: 135 ft: 183 corp: 13/82b lim: 11 exec/s: 0 rss: 50Mb L: 6/10 MS: 2 ChangeBit-EraseBytes-
#2225	REDUCE cov: 135 ft: 183 corp: 13/81b lim: 11 exec/s: 0 rss: 50Mb L: 5/10 MS: 1 EraseBytes-
#2267	NEW    cov: 137 ft: 185 corp: 14/87b lim: 11 exec/s: 0 rss: 50Mb L: 6/10 MS: 2 CrossOver-ChangeByte-
#2299	REDUCE cov: 137 ft: 185 corp: 14/86b lim: 11 exec/s: 0 rss: 50Mb L: 4/10 MS: 2 ChangeASCIIInt-EraseBytes-
#2457	REDUCE cov: 137 ft: 185 corp: 14/84b lim: 11 exec/s: 0 rss: 50Mb L: 6/10 MS: 3 CrossOver-CopyPart-CrossOver-
#2681	REDUCE cov: 137 ft: 185 corp: 14/83b lim: 11 exec/s: 0 rss: 50Mb L: 5/10 MS: 4 ChangeBit-ShuffleBytes-ChangeBinInt-EraseBytes-
#2709	REDUCE cov: 137 ft: 185 corp: 14/82b lim: 11 exec/s: 0 rss: 50Mb L: 3/10 MS: 3 CrossOver-CopyPart-EraseBytes-
#3061	REDUCE cov: 137 ft: 185 corp: 14/81b lim: 14 exec/s: 3061 rss: 50Mb L: 4/10 MS: 2 ChangeByte-CrossOver-
#4367	REDUCE cov: 137 ft: 185 corp: 14/80b lim: 25 exec/s: 4367 rss: 50Mb L: 4/10 MS: 1 EraseBytes-
#4429	REDUCE cov: 137 ft: 185 corp: 14/78b lim: 25 exec/s: 4429 rss: 50Mb L: 2/10 MS: 2 CopyPart-EraseBytes-
#4886	REDUCE cov: 137 ft: 185 corp: 14/77b lim: 29 exec/s: 4886 rss: 50Mb L: 2/10 MS: 2 EraseBytes-ChangeBit-
#6607	REDUCE cov: 137 ft: 185 corp: 14/76b lim: 43 exec/s: 6607 rss: 50Mb L: 3/10 MS: 1 EraseBytes-
#8192	pulse  cov: 137 ft: 185 corp: 14/76b lim: 58 exec/s: 4096 rss: 50Mb
#8208	NEW    cov: 138 ft: 186 corp: 15/83b lim: 58 exec/s: 4104 rss: 50Mb L: 7/10 MS: 1 InsertByte-
#8535	REDUCE cov: 143 ft: 191 corp: 16/91b lim: 58 exec/s: 4267 rss: 50Mb L: 8/10 MS: 2 ChangeBit-CrossOver-
#9156	NEW    cov: 143 ft: 192 corp: 17/102b lim: 63 exec/s: 4578 rss: 50Mb L: 11/11 MS: 1 CopyPart-
#11802	NEW    cov: 143 ft: 202 corp: 18/114b lim: 86 exec/s: 3934 rss: 50Mb L: 12/12 MS: 1 CopyPart-
#12388	NEW    cov: 147 ft: 212 corp: 19/126b lim: 86 exec/s: 4129 rss: 50Mb L: 12/12 MS: 1 ShuffleBytes-
#13014	REDUCE cov: 147 ft: 212 corp: 19/125b lim: 92 exec/s: 4338 rss: 50Mb L: 5/12 MS: 1 EraseBytes-
#16384	pulse  cov: 147 ft: 212 corp: 19/125b lim: 122 exec/s: 4096 rss: 50Mb
#18192	NEW    cov: 147 ft: 216 corp: 20/140b lim: 142 exec/s: 4548 rss: 50Mb L: 15/15 MS: 3 ChangeByte-ShuffleBytes-CopyPart-
#19013	NEW    cov: 147 ft: 217 corp: 21/148b lim: 149 exec/s: 4753 rss: 50Mb L: 8/15 MS: 1 InsertByte-
#20272	REDUCE cov: 147 ft: 218 corp: 22/164b lim: 156 exec/s: 4054 rss: 50Mb L: 16/16 MS: 4 ShuffleBytes-EraseBytes-CrossOver-EraseBytes-
#20295	NEW    cov: 148 ft: 219 corp: 23/171b lim: 156 exec/s: 4059 rss: 50Mb L: 7/16 MS: 3 ChangeBinInt-ChangeBinInt-ChangeByte-
#20591	NEW    cov: 148 ft: 224 corp: 24/185b lim: 156 exec/s: 4118 rss: 50Mb L: 14/16 MS: 1 EraseBytes-
#20802	REDUCE cov: 148 ft: 224 corp: 24/184b lim: 156 exec/s: 4160 rss: 50Mb L: 4/16 MS: 1 EraseBytes-
#25743	REDUCE cov: 148 ft: 224 corp: 24/183b lim: 205 exec/s: 4290 rss: 50Mb L: 9/16 MS: 1 EraseBytes-
#26329	REDUCE cov: 148 ft: 224 corp: 24/179b lim: 205 exec/s: 4388 rss: 50Mb L: 10/16 MS: 1 EraseBytes-
#29885	NEW    cov: 159 ft: 235 corp: 25/195b lim: 240 exec/s: 4269 rss: 50Mb L: 16/16 MS: 1 InsertByte-
#30752	NEW    cov: 163 ft: 239 corp: 26/203b lim: 247 exec/s: 4393 rss: 50Mb L: 8/16 MS: 2 ChangeASCIIInt-ChangeASCIIInt-
#31143	REDUCE cov: 163 ft: 239 corp: 26/202b lim: 247 exec/s: 4449 rss: 50Mb L: 6/16 MS: 1 EraseBytes-
#31689	NEW    cov: 165 ft: 241 corp: 27/218b lim: 247 exec/s: 4527 rss: 50Mb L: 16/16 MS: 1 ChangeASCIIInt-
#32160	REDUCE cov: 165 ft: 241 corp: 27/215b lim: 247 exec/s: 4020 rss: 50Mb L: 13/16 MS: 1 EraseBytes-
#32268	REDUCE cov: 165 ft: 247 corp: 28/232b lim: 247 exec/s: 4033 rss: 50Mb L: 17/17 MS: 3 CrossOver-ChangeBit-ShuffleBytes-
#32329	NEW    cov: 166 ft: 248 corp: 29/242b lim: 247 exec/s: 4041 rss: 50Mb L: 10/17 MS: 1 EraseBytes-
#32768	pulse  cov: 166 ft: 248 corp: 29/242b lim: 247 exec/s: 4096 rss: 50Mb
#33958	NEW    cov: 167 ft: 249 corp: 30/286b lim: 261 exec/s: 4244 rss: 50Mb L: 44/44 MS: 4 ChangeASCIIInt-ChangeASCIIInt-InsertRepeatedBytes-ChangeByte-
#34079	REDUCE cov: 167 ft: 249 corp: 30/279b lim: 261 exec/s: 4259 rss: 50Mb L: 37/37 MS: 1 CrossOver-
#34976	REDUCE cov: 168 ft: 250 corp: 31/290b lim: 269 exec/s: 4372 rss: 50Mb L: 11/37 MS: 2 ChangeASCIIInt-EraseBytes-
#37862	REDUCE cov: 168 ft: 250 corp: 31/287b lim: 293 exec/s: 4206 rss: 50Mb L: 34/34 MS: 1 EraseBytes-
#37863	REDUCE cov: 168 ft: 250 corp: 31/283b lim: 293 exec/s: 4207 rss: 50Mb L: 30/30 MS: 1 EraseBytes-
#39204	REDUCE cov: 168 ft: 250 corp: 31/280b lim: 301 exec/s: 4356 rss: 50Mb L: 13/30 MS: 1 EraseBytes-
#39650	REDUCE cov: 168 ft: 250 corp: 31/278b lim: 301 exec/s: 4405 rss: 50Mb L: 11/30 MS: 1 EraseBytes-
#39991	REDUCE cov: 168 ft: 250 corp: 31/269b lim: 301 exec/s: 4443 rss: 50Mb L: 21/21 MS: 1 EraseBytes-
#41292	REDUCE cov: 168 ft: 250 corp: 31/267b lim: 309 exec/s: 4129 rss: 50Mb L: 11/21 MS: 1 EraseBytes-
#42568	REDUCE cov: 169 ft: 251 corp: 32/278b lim: 317 exec/s: 4256 rss: 50Mb L: 11/21 MS: 1 CopyPart-
#45528	DONE   cov: 169 ft: 251 corp: 32/278b lim: 341 exec/s: 4138 rss: 50Mb
###### Recommended dictionary. ######
"\001\000\000\000\000\000\000\030" # Uses: 3391
###### End of recommended dictionary. ######
Done 45528 runs in 11 second(s)
