
============================================================
Evaluating: /root/Tokenizer.scala
============================================================

✓ File exists
✓ Source loaded (13904 characters)

--- Checking Compilation ---
❌ Compilation failed
  - /root/localtest/src/main/scala/tokenizer/Tokenizer.scala:290:45: illegal inheritance from final class TokenFunctor
  - final class TokenMonad[T](value: T) extends TokenFunctor[T](value) {
  - ^
  - one error found
  - (Compile / compileIncremental) Compilation failed

--- Running Unit Tests ---
⚠ Skipping tests (sbt not available or compilation failed)

--- Evaluating Code Quality Criteria ---


FUNCTIONALITY_PRESERVATION:
----------------------------------------
Score: 4/5 (GOOD)
  Found 8/9 required components
  Missing components: TokenType
  Found 3/4 key methods
  Suggestions:
    → Implement missing components: TokenType

SCALA_CONVENTIONS:
----------------------------------------
Score: 5/5 (EXCELLENT)
  ✓ camelCase_methods: 54 occurrences
  ✓ PascalCase_classes: 33 occurrences
  ✓ immutable_val: 41 occurrences
  ✓ case_class: 3 occurrences
  ✓ sealed_trait: 2 occurrences
  Suggestions:
    → Consider refactoring: Null usage (prefer Option)
    → Consider refactoring: Explicit return statement (often unnecessary in Scala)

READABILITY:
----------------------------------------
Score: 4/5 (GOOD)
  Total lines: 447
  Scaladoc blocks: 0
  Single-line comments: 33
  ⚠ Lines > 120 chars: 1
  Type annotations: 134
  Suggestions:
    → Consider breaking long lines for readability

PARADIGM_MATCH:
----------------------------------------
Score: 5/5 (EXCELLENT)
  ✓ map: 8 occurrences
  ✓ flatMap: 4 occurrences
  ✓ filter: 3 occurrences
  ✓ fold: 1 occurrences
  ✓ higher_order_func: 20 occurrences
  Suggestions:
    → Consider reducing mutable variables (4 vars found)
    → Consider using Option instead of null

APPROPRIATE_ABSTRACTIONS:
----------------------------------------
Score: 5/5 (EXCELLENT)
  Traits defined: 4
  ✓ Sealed hierarchies: 2
  Generic type usages: 57
  Objects/Companions: 4
  ✓ Variance annotations: 3
  Suggestions:
    → Consider using type classes for polymorphism

============================================================
EVALUATION SUMMARY
============================================================
Overall Score: 23/25 (92.0%)
Status: ❌ NEEDS IMPROVEMENT
============================================================

