INFO: Instrumenting minisgl.utils
INFO: Instrumenting minisgl.utils.arch
INFO: Instrumenting __future__
INFO: Instrumenting minisgl.utils.hf
INFO: Instrumenting minisgl.utils.logger
INFO: Instrumenting minisgl.utils.misc
INFO: Instrumenting minisgl.utils.mp
INFO: Instrumenting msgpack
INFO: Instrumenting msgpack.exceptions
INFO: Instrumenting msgpack.ext
INFO: Instrumenting datetime
INFO: Instrumenting struct
INFO: Instrumenting zmq
INFO: Instrumenting zmq.backend
INFO: Instrumenting platform
INFO: Instrumenting zmq.backend.select
INFO: Instrumenting zmq.backend.cython
INFO: Instrumenting zmq.constants
INFO: Instrumenting zmq.error
INFO: Instrumenting zmq.sugar
INFO: Instrumenting zmq.sugar.context
INFO: Instrumenting zmq._typing
INFO: Instrumenting zmq.utils
INFO: Instrumenting zmq.utils.interop
INFO: Instrumenting zmq.sugar.attrsettr
INFO: Instrumenting zmq.sugar.socket
INFO: Instrumenting pickle
INFO: Instrumenting _compat_pickle
INFO: Instrumenting zmq.utils.jsonapi
INFO: Instrumenting json
INFO: Instrumenting json.decoder
INFO: Instrumenting json.scanner
INFO: Instrumenting json.encoder
INFO: Instrumenting zmq.sugar.poll
INFO: Instrumenting zmq.sugar.frame
INFO: Instrumenting zmq.sugar.tracker
INFO: Instrumenting zmq.sugar.version
INFO: Instrumenting zmq.sugar.stopwatch
INFO: Instrumenting zmq.asyncio
INFO: Instrumenting asyncio
INFO: Instrumenting asyncio.base_events
INFO: Instrumenting concurrent
INFO: Instrumenting concurrent.futures
INFO: Instrumenting concurrent.futures._base
INFO: Instrumenting heapq
INFO: Instrumenting socket
INFO: Instrumenting selectors
INFO: Instrumenting subprocess
INFO: Instrumenting locale
INFO: Instrumenting _locale
WARNING: It looks like this module is imported by a custom loader. Atheris has experimental support for this. However, it may be incompatible with certain libraries. If you experience unusual errors or poor coverage collection, try atheris.instrument_all() instead, add enable_loader_override=False to instrument_imports(), or file an issue on GitHub.
INFO: Instrumenting signal
INFO: Instrumenting ssl
INFO: Instrumenting base64
INFO: Instrumenting asyncio.constants
INFO: Instrumenting asyncio.coroutines
INFO: Instrumenting asyncio.events
INFO: Instrumenting contextvars
INFO: Instrumenting asyncio.format_helpers
INFO: Instrumenting asyncio.base_futures
INFO: Instrumenting asyncio.exceptions
INFO: Instrumenting asyncio.base_tasks
INFO: Instrumenting asyncio.futures
INFO: Instrumenting asyncio.protocols
INFO: Instrumenting asyncio.sslproto
INFO: Instrumenting asyncio.transports
INFO: Instrumenting asyncio.log
INFO: Instrumenting asyncio.staggered
INFO: Instrumenting asyncio.locks
INFO: Instrumenting asyncio.mixins
INFO: Instrumenting asyncio.tasks
INFO: Instrumenting asyncio.trsock
INFO: Instrumenting asyncio.runners
INFO: Instrumenting asyncio.queues
INFO: Instrumenting asyncio.streams
INFO: Instrumenting asyncio.subprocess
INFO: Instrumenting asyncio.taskgroups
INFO: Instrumenting asyncio.timeouts
INFO: Instrumenting asyncio.threads
INFO: Instrumenting asyncio.unix_events
INFO: Instrumenting asyncio.base_subprocess
INFO: Instrumenting asyncio.selector_events
INFO: Instrumenting zmq._future
INFO: Instrumenting minisgl.utils.registry
INFO: Instrumenting minisgl.utils.torch_utils
INFO: Using built-in libfuzzer
WARNING: Failed to find function "__sanitizer_acquire_crash_state".
WARNING: Failed to find function "__sanitizer_print_stack_trace".
WARNING: Failed to find function "__sanitizer_set_death_callback".
INFO: Running with entropic power schedule (0xFF, 100).
INFO: Seed: 1367237006
INFO: -max_len is not provided; libFuzzer will not generate inputs larger than 4096 bytes
INFO: A corpus is not provided, starting from an empty corpus
#2	INITED cov: 17 ft: 17 corp: 1/1b exec/s: 0 rss: 52Mb
#16	NEW    cov: 20 ft: 20 corp: 2/4b lim: 4 exec/s: 0 rss: 52Mb L: 3/3 MS: 4 CrossOver-ChangeBinInt-ChangeBit-InsertByte-
#206	REDUCE cov: 20 ft: 20 corp: 2/3b lim: 4 exec/s: 0 rss: 52Mb L: 2/2 MS: 5 CrossOver-ChangeByte-ShuffleBytes-InsertByte-ShuffleBytes-
#5609	REDUCE cov: 21 ft: 21 corp: 3/54b lim: 53 exec/s: 0 rss: 52Mb L: 51/51 MS: 3 ChangeBinInt-EraseBytes-InsertRepeatedBytes-
#6097	REDUCE cov: 21 ft: 21 corp: 3/53b lim: 53 exec/s: 0 rss: 52Mb L: 50/50 MS: 3 CopyPart-CopyPart-EraseBytes-
#6686	REDUCE cov: 26 ft: 26 corp: 4/111b lim: 58 exec/s: 0 rss: 52Mb L: 58/58 MS: 4 ChangeByte-ChangeBit-ChangeBit-CMP- DE: "\377\377\377\377\377\377\377\377"-
#9541	REDUCE cov: 28 ft: 28 corp: 5/193b lim: 86 exec/s: 0 rss: 52Mb L: 82/82 MS: 5 InsertByte-InsertRepeatedBytes-CrossOver-ChangeBit-CopyPart-
#262144	pulse  cov: 28 ft: 28 corp: 5/193b lim: 2589 exec/s: 87381 rss: 52Mb
#524288	pulse  cov: 28 ft: 28 corp: 5/193b lim: 4096 exec/s: 74898 rss: 52Mb
#792636	DONE   cov: 28 ft: 28 corp: 5/193b lim: 4096 exec/s: 72057 rss: 52Mb
###### Recommended dictionary. ######
"\377\377\377\377\377\377\377\377" # Uses: 65758
###### End of recommended dictionary. ######
Done 792636 runs in 11 second(s)
