
============================================================
Evaluating: /root/Tokenizer.scala
============================================================

✓ File exists
✓ Source loaded (15462 characters)

--- Checking Compilation ---
❌ Compilation failed
  - /root/localtest/src/main/scala/tokenizer/Tokenizer.scala:159:16: bridge generated for member method tokenize: (value: scala.math.BigDecimal): tokenizer.Token in class NumericTokenizer
  - which overrides method tokenize: (value: T): tokenizer.Token in trait BaseTokenizer
  - clashes with definition of method tokenize: (value: Any): tokenizer.Token in class NumericTokenizer;
  - both have erased type (value: Object): tokenizer.Token
  - override def tokenize(value: BigDecimal): Token =

--- Running Unit Tests ---
⚠ Skipping tests (sbt not available or compilation failed)

--- Evaluating Code Quality Criteria ---


FUNCTIONALITY_PRESERVATION:
----------------------------------------
Score: 4/5 (GOOD)
  Found 8/9 required components
  Missing components: TokenType
  Found 3/4 key methods
  Suggestions:
    → Implement missing components: TokenType

SCALA_CONVENTIONS:
----------------------------------------
Score: 5/5 (EXCELLENT)
  ✓ camelCase_methods: 71 occurrences
  ✓ PascalCase_classes: 29 occurrences
  ✓ immutable_val: 52 occurrences
  ✓ case_class: 2 occurrences
  ✓ sealed_trait: 1 occurrences
  Suggestions:
    → Consider refactoring: Null usage (prefer Option)
    → Consider refactoring: Explicit return statement (often unnecessary in Scala)

READABILITY:
----------------------------------------
Score: 4/5 (GOOD)
  Total lines: 485
  Scaladoc blocks: 0
  Single-line comments: 33
  Type annotations: 166

PARADIGM_MATCH:
----------------------------------------
Score: 4/5 (GOOD)
  ✓ map: 6 occurrences
  ✓ flatMap: 3 occurrences
  ✓ fold: 1 occurrences
  ✓ higher_order_func: 17 occurrences
  ✓ immutable_collections: 18 occurrences
  Suggestions:
    → Consider reducing mutable variables (3 vars found)
    → Consider using Option instead of null

APPROPRIATE_ABSTRACTIONS:
----------------------------------------
Score: 5/5 (EXCELLENT)
  Traits defined: 4
  ✓ Sealed hierarchies: 1
  Generic type usages: 59
  Objects/Companions: 3
  ✓ Variance annotations: 3
  Suggestions:
    → Consider using type classes for polymorphism

============================================================
EVALUATION SUMMARY
============================================================
Overall Score: 22/25 (88.0%)
Status: ❌ NEEDS IMPROVEMENT
============================================================

