INFO: Instrumenting black
INFO: Instrumenting json
INFO: Instrumenting json.decoder
INFO: Instrumenting json.scanner
INFO: Instrumenting json.encoder
INFO: Instrumenting platform
INFO: Instrumenting datetime
INFO: Instrumenting click
INFO: Instrumenting __future__
INFO: Instrumenting click.core
INFO: Instrumenting gettext
INFO: Instrumenting click.types
INFO: Instrumenting click._compat
INFO: Instrumenting click.exceptions
INFO: Instrumenting click.globals
INFO: Instrumenting click.utils
INFO: Instrumenting click._utils
INFO: Instrumenting click.formatting
INFO: Instrumenting click.parser
INFO: Instrumenting click.termui
INFO: Instrumenting click.decorators
INFO: Instrumenting mypy_extensions
INFO: Instrumenting pathspec
INFO: Instrumenting pathspec.gitignore
INFO: Instrumenting pathspec.backend
INFO: Instrumenting pathspec._backends
INFO: Instrumenting pathspec._backends.agg
INFO: Instrumenting pathspec.pattern
INFO: Instrumenting pathspec._typing
INFO: Instrumenting pathspec._backends.hyperscan
INFO: Instrumenting pathspec._backends.hyperscan.base
INFO: Instrumenting pathspec._backends.hyperscan.gitignore
INFO: Instrumenting pathspec.patterns
INFO: Instrumenting pathspec.patterns.gitignore
INFO: Instrumenting pathspec.patterns.gitignore.base
INFO: Instrumenting pathspec.patterns.gitignore.basic
INFO: Instrumenting pathspec.util
INFO: Instrumenting pathspec.patterns.gitignore.spec
INFO: Instrumenting pathspec.patterns.gitwildmatch
INFO: Instrumenting pathspec._backends.hyperscan._base
INFO: Instrumenting pathspec._backends.hyperscan.pathspec
INFO: Instrumenting pathspec._backends._utils
INFO: Instrumenting pathspec._backends.re2
INFO: Instrumenting pathspec._backends.re2.base
INFO: Instrumenting pathspec._backends.re2._base
INFO: Instrumenting pathspec._backends.re2.gitignore
INFO: Instrumenting pathspec._backends.re2.pathspec
INFO: Instrumenting pathspec._backends.simple
INFO: Instrumenting pathspec._backends.simple.gitignore
INFO: Instrumenting pathspec._backends.simple.pathspec
INFO: Instrumenting pathspec.pathspec
INFO: Instrumenting pathspec._meta
INFO: Instrumenting pathspec._version
INFO: Instrumenting _black_version
INFO: Instrumenting black.cache
INFO: Instrumenting hashlib
INFO: Instrumenting pickle
INFO: Instrumenting struct
INFO: Instrumenting _compat_pickle
INFO: Instrumenting platformdirs
INFO: Instrumenting platformdirs.api
INFO: Instrumenting platformdirs.version
INFO: Instrumenting platformdirs.unix
INFO: Instrumenting configparser
INFO: Instrumenting black.mode
INFO: Instrumenting black.const
INFO: Instrumenting black.output
INFO: Instrumenting black.comments
INFO: Instrumenting black.nodes
INFO: Instrumenting black.strings
INFO: Instrumenting black._width_table
INFO: Instrumenting blib2to3
INFO: Instrumenting blib2to3.pytree
INFO: Instrumenting blib2to3.pgen2
INFO: Instrumenting blib2to3.pgen2.grammar
INFO: Instrumenting blib2to3.pgen2.token
INFO: Instrumenting blib2to3.pygram
INFO: Instrumenting blib2to3.pgen2.driver
INFO: Instrumenting pkgutil
INFO: Instrumenting importlib.util
WARNING: It looks like this module is imported by a custom loader. Atheris has experimental support for this. However, it may be incompatible with certain libraries. If you experience unusual errors or poor coverage collection, try atheris.instrument_all() instead, add enable_loader_override=False to instrument_imports(), or file an issue on GitHub.
INFO: Instrumenting blib2to3.pgen2.tokenize
INFO: Instrumenting blib2to3.pgen2.parse
INFO: Instrumenting blib2to3.pgen2.pgen
INFO: Instrumenting black.files
INFO: Instrumenting packaging
INFO: Instrumenting packaging.specifiers
INFO: Instrumenting packaging.utils
INFO: Instrumenting packaging.tags
INFO: Instrumenting subprocess
INFO: Instrumenting locale
INFO: Instrumenting _locale
INFO: Instrumenting signal
INFO: Instrumenting selectors
INFO: Instrumenting sysconfig
INFO: Instrumenting packaging._manylinux
INFO: Instrumenting packaging._elffile
INFO: Instrumenting packaging._musllinux
INFO: Instrumenting packaging.version
INFO: Instrumenting packaging._structures
INFO: Instrumenting tomllib
INFO: Instrumenting tomllib._parser
INFO: Instrumenting tomllib._re
INFO: Instrumenting tomllib._types
INFO: Instrumenting black.handle_ipynb_magics
INFO: Instrumenting secrets
INFO: Instrumenting base64
INFO: Instrumenting hmac
INFO: Instrumenting black.report
INFO: Instrumenting black.linegen
INFO: Instrumenting black.brackets
INFO: Instrumenting black.lines
INFO: Instrumenting black.numerics
INFO: Instrumenting black.trans
INFO: Instrumenting black.rusty
INFO: Instrumenting black.parsing
INFO: Instrumenting black.ranges
INFO: Instrumenting difflib
INFO: Instrumenting heapq
INFO: Using built-in libfuzzer
WARNING: Failed to find function "__sanitizer_acquire_crash_state".
WARNING: Failed to find function "__sanitizer_print_stack_trace".
WARNING: Failed to find function "__sanitizer_set_death_callback".
INFO: Running with entropic power schedule (0xFF, 100).
INFO: Seed: 2463364046
INFO: -max_len is not provided; libFuzzer will not generate inputs larger than 4096 bytes
INFO: A corpus is not provided, starting from an empty corpus
#2	INITED cov: 238 ft: 238 corp: 1/1b exec/s: 0 rss: 54Mb
#5	NEW    cov: 259 ft: 330 corp: 2/3b lim: 4 exec/s: 0 rss: 54Mb L: 2/2 MS: 3 CMP-EraseBytes-ChangeBit- DE: "\377\377"-
#6	NEW    cov: 267 ft: 405 corp: 3/6b lim: 4 exec/s: 0 rss: 54Mb L: 3/3 MS: 1 InsertByte-
#7	NEW    cov: 460 ft: 779 corp: 4/8b lim: 4 exec/s: 0 rss: 54Mb L: 2/3 MS: 1 ChangeByte-
#9	NEW    cov: 460 ft: 1116 corp: 5/11b lim: 4 exec/s: 0 rss: 54Mb L: 3/3 MS: 2 CopyPart-CrossOver-
#14	NEW    cov: 460 ft: 1123 corp: 6/13b lim: 4 exec/s: 0 rss: 54Mb L: 2/3 MS: 5 PersAutoDict-CrossOver-EraseBytes-CrossOver-ChangeBinInt- DE: "\377\377"-
#16	NEW    cov: 460 ft: 1155 corp: 7/17b lim: 4 exec/s: 0 rss: 54Mb L: 4/4 MS: 2 CopyPart-ChangeBit-
#18	REDUCE cov: 460 ft: 1155 corp: 7/16b lim: 4 exec/s: 0 rss: 54Mb L: 1/4 MS: 2 ShuffleBytes-EraseBytes-
#23	NEW    cov: 460 ft: 1157 corp: 8/20b lim: 4 exec/s: 0 rss: 54Mb L: 4/4 MS: 5 CopyPart-CopyPart-CopyPart-ChangeASCIIInt-ChangeBinInt-
#26	NEW    cov: 462 ft: 1163 corp: 9/23b lim: 4 exec/s: 0 rss: 54Mb L: 3/4 MS: 3 ShuffleBytes-CrossOver-ChangeBinInt-
#36	REDUCE cov: 462 ft: 1163 corp: 9/22b lim: 4 exec/s: 0 rss: 54Mb L: 2/4 MS: 5 CopyPart-ChangeBinInt-PersAutoDict-CopyPart-EraseBytes- DE: "\377\377"-
#39	NEW    cov: 519 ft: 1304 corp: 10/25b lim: 4 exec/s: 0 rss: 54Mb L: 3/4 MS: 3 ChangeBit-CopyPart-ShuffleBytes-
#41	REDUCE cov: 519 ft: 1388 corp: 11/26b lim: 4 exec/s: 0 rss: 54Mb L: 1/4 MS: 2 CopyPart-ChangeBinInt-
#49	NEW    cov: 519 ft: 1394 corp: 12/30b lim: 4 exec/s: 0 rss: 54Mb L: 4/4 MS: 3 CopyPart-PersAutoDict-InsertByte- DE: "\377\377"-
#63	NEW    cov: 519 ft: 1396 corp: 13/33b lim: 4 exec/s: 0 rss: 54Mb L: 3/4 MS: 4 ShuffleBytes-ChangeByte-EraseBytes-InsertByte-
#66	NEW    cov: 522 ft: 1409 corp: 14/36b lim: 4 exec/s: 0 rss: 54Mb L: 3/4 MS: 3 ShuffleBytes-ChangeByte-ChangeByte-
#68	REDUCE cov: 522 ft: 1411 corp: 15/37b lim: 4 exec/s: 0 rss: 54Mb L: 1/4 MS: 2 ChangeByte-ChangeBinInt-
#72	NEW    cov: 524 ft: 1413 corp: 16/41b lim: 4 exec/s: 0 rss: 54Mb L: 4/4 MS: 4 ChangeBinInt-ChangeBit-PersAutoDict-ChangeBit- DE: "\377\377"-
#102	REDUCE cov: 524 ft: 1413 corp: 16/40b lim: 4 exec/s: 0 rss: 54Mb L: 1/4 MS: 5 ChangeByte-EraseBytes-CrossOver-InsertByte-CrossOver-
#103	NEW    cov: 534 ft: 1423 corp: 17/43b lim: 4 exec/s: 0 rss: 54Mb L: 3/4 MS: 1 ChangeBinInt-
#110	NEW    cov: 539 ft: 1428 corp: 18/46b lim: 4 exec/s: 0 rss: 54Mb L: 3/4 MS: 2 ShuffleBytes-ShuffleBytes-
#139	REDUCE cov: 539 ft: 1428 corp: 18/45b lim: 4 exec/s: 0 rss: 54Mb L: 2/4 MS: 4 CopyPart-ChangeBinInt-CopyPart-EraseBytes-
#153	REDUCE cov: 539 ft: 1429 corp: 19/49b lim: 4 exec/s: 0 rss: 54Mb L: 4/4 MS: 4 ShuffleBytes-PersAutoDict-EraseBytes-CrossOver- DE: "\377\377"-
#171	NEW    cov: 541 ft: 1439 corp: 20/52b lim: 4 exec/s: 0 rss: 54Mb L: 3/4 MS: 3 PersAutoDict-ChangeByte-ChangeByte- DE: "\377\377"-
#174	NEW    cov: 541 ft: 1445 corp: 21/55b lim: 4 exec/s: 0 rss: 54Mb L: 3/4 MS: 3 ChangeByte-ChangeByte-ChangeBit-
#185	REDUCE cov: 541 ft: 1445 corp: 21/53b lim: 4 exec/s: 0 rss: 54Mb L: 2/4 MS: 1 EraseBytes-
#188	NEW    cov: 542 ft: 1458 corp: 22/55b lim: 4 exec/s: 0 rss: 54Mb L: 2/4 MS: 3 ShuffleBytes-InsertByte-ChangeBit-
#191	REDUCE cov: 542 ft: 1458 corp: 22/54b lim: 4 exec/s: 0 rss: 54Mb L: 3/4 MS: 3 ShuffleBytes-EraseBytes-CMP- DE: "AA"-
#194	NEW    cov: 552 ft: 1468 corp: 23/58b lim: 4 exec/s: 0 rss: 54Mb L: 4/4 MS: 3 InsertByte-PersAutoDict-ChangeBinInt- DE: "AA"-
#196	NEW    cov: 553 ft: 1469 corp: 24/62b lim: 4 exec/s: 0 rss: 54Mb L: 4/4 MS: 2 ChangeBinInt-ChangeByte-
#197	REDUCE cov: 553 ft: 1469 corp: 24/61b lim: 4 exec/s: 0 rss: 54Mb L: 3/4 MS: 1 EraseBytes-
#241	REDUCE cov: 553 ft: 1476 corp: 25/65b lim: 4 exec/s: 0 rss: 54Mb L: 4/4 MS: 4 ShuffleBytes-ShuffleBytes-InsertByte-CopyPart-
#273	REDUCE cov: 553 ft: 1476 corp: 25/64b lim: 4 exec/s: 0 rss: 54Mb L: 2/4 MS: 2 ChangeByte-EraseBytes-
#275	NEW    cov: 554 ft: 1482 corp: 26/67b lim: 4 exec/s: 0 rss: 54Mb L: 3/4 MS: 2 ShuffleBytes-CMP- DE: "def"-
#321	REDUCE cov: 554 ft: 1482 corp: 26/66b lim: 4 exec/s: 0 rss: 54Mb L: 1/4 MS: 1 EraseBytes-
#329	NEW    cov: 598 ft: 1532 corp: 27/69b lim: 4 exec/s: 0 rss: 54Mb L: 3/4 MS: 3 CMP-ShuffleBytes-ChangeByte- DE: "not"-
#330	NEW    cov: 598 ft: 1535 corp: 28/73b lim: 4 exec/s: 0 rss: 54Mb L: 4/4 MS: 1 ChangeBit-
#335	REDUCE cov: 598 ft: 1535 corp: 28/72b lim: 4 exec/s: 0 rss: 54Mb L: 2/4 MS: 5 InsertByte-ShuffleBytes-CopyPart-PersAutoDict-EraseBytes- DE: "AA"-
#398	REDUCE cov: 598 ft: 1535 corp: 28/71b lim: 4 exec/s: 0 rss: 54Mb L: 2/4 MS: 3 CrossOver-CopyPart-InsertByte-
#410	NEW    cov: 617 ft: 1581 corp: 29/75b lim: 4 exec/s: 0 rss: 54Mb L: 4/4 MS: 2 CopyPart-ChangeByte-
#427	NEW    cov: 618 ft: 1582 corp: 30/78b lim: 4 exec/s: 0 rss: 54Mb L: 3/4 MS: 2 ChangeBit-ChangeBinInt-
#445	REDUCE cov: 618 ft: 1582 corp: 30/77b lim: 4 exec/s: 0 rss: 54Mb L: 3/4 MS: 3 ChangeByte-ShuffleBytes-EraseBytes-
#504	REDUCE cov: 618 ft: 1582 corp: 30/76b lim: 4 exec/s: 0 rss: 54Mb L: 3/4 MS: 4 CopyPart-CrossOver-CopyPart-CrossOver-
#517	REDUCE cov: 618 ft: 1583 corp: 31/78b lim: 4 exec/s: 0 rss: 54Mb L: 2/4 MS: 3 ShuffleBytes-ChangeByte-CrossOver-
#535	REDUCE cov: 618 ft: 1601 corp: 32/82b lim: 4 exec/s: 0 rss: 54Mb L: 4/4 MS: 3 InsertByte-CMP-CrossOver- DE: "Y\012"-
#560	NEW    cov: 618 ft: 1603 corp: 33/86b lim: 4 exec/s: 0 rss: 54Mb L: 4/4 MS: 5 CopyPart-ShuffleBytes-EraseBytes-ShuffleBytes-InsertByte-
#657	NEW    cov: 618 ft: 1611 corp: 34/88b lim: 4 exec/s: 0 rss: 54Mb L: 2/4 MS: 2 InsertByte-ChangeByte-
#663	REDUCE cov: 693 ft: 1688 corp: 35/91b lim: 4 exec/s: 663 rss: 54Mb L: 3/4 MS: 1 ChangeBit-
#666	NEW    cov: 693 ft: 1716 corp: 36/95b lim: 4 exec/s: 666 rss: 54Mb L: 4/4 MS: 3 ShuffleBytes-InsertByte-CrossOver-
#722	REDUCE cov: 693 ft: 1716 corp: 36/94b lim: 4 exec/s: 722 rss: 54Mb L: 2/4 MS: 1 EraseBytes-
#724	REDUCE cov: 693 ft: 1716 corp: 36/93b lim: 4 exec/s: 724 rss: 54Mb L: 2/4 MS: 2 ChangeByte-EraseBytes-
#738	NEW    cov: 693 ft: 1783 corp: 37/97b lim: 4 exec/s: 738 rss: 54Mb L: 4/4 MS: 4 ShuffleBytes-ChangeByte-ChangeByte-PersAutoDict- DE: "Y\012"-
#749	REDUCE cov: 693 ft: 1783 corp: 37/96b lim: 4 exec/s: 749 rss: 54Mb L: 2/4 MS: 1 CrossOver-
#776	REDUCE cov: 699 ft: 1803 corp: 38/100b lim: 4 exec/s: 776 rss: 54Mb L: 4/4 MS: 2 CopyPart-ChangeBinInt-
#846	NEW    cov: 708 ft: 1830 corp: 39/104b lim: 4 exec/s: 846 rss: 54Mb L: 4/4 MS: 5 ShuffleBytes-CrossOver-CrossOver-ChangeByte-CopyPart-
#859	REDUCE cov: 731 ft: 2015 corp: 40/108b lim: 4 exec/s: 859 rss: 54Mb L: 4/4 MS: 3 CrossOver-PersAutoDict-InsertByte- DE: "Y\012"-
#883	NEW    cov: 738 ft: 2048 corp: 41/111b lim: 4 exec/s: 883 rss: 54Mb L: 3/4 MS: 4 CopyPart-PersAutoDict-PersAutoDict-ChangeBit- DE: "not"-"AA"-
#943	NEW    cov: 738 ft: 2049 corp: 42/115b lim: 4 exec/s: 943 rss: 54Mb L: 4/4 MS: 5 CrossOver-ChangeBinInt-ChangeBit-ChangeBinInt-ChangeByte-
#990	REDUCE cov: 738 ft: 2052 corp: 43/118b lim: 4 exec/s: 990 rss: 54Mb L: 3/4 MS: 2 InsertByte-CMP- DE: "\307\276"-
#1021	NEW    cov: 738 ft: 2070 corp: 44/122b lim: 4 exec/s: 1021 rss: 54Mb L: 4/4 MS: 1 ShuffleBytes-
#1031	REDUCE cov: 740 ft: 2072 corp: 45/126b lim: 4 exec/s: 1031 rss: 54Mb L: 4/4 MS: 5 PersAutoDict-CMP-EraseBytes-ChangeByte-CrossOver- DE: "Y\012"-"\377\377"-
#1067	NEW    cov: 740 ft: 2094 corp: 46/129b lim: 4 exec/s: 1067 rss: 54Mb L: 3/4 MS: 1 CopyPart-
#1075	NEW    cov: 763 ft: 2158 corp: 47/133b lim: 4 exec/s: 1075 rss: 54Mb L: 4/4 MS: 3 ShuffleBytes-ShuffleBytes-CMP- DE: "~1 "-
#1133	REDUCE cov: 763 ft: 2158 corp: 47/132b lim: 4 exec/s: 1133 rss: 54Mb L: 3/4 MS: 3 CopyPart-EraseBytes-PersAutoDict- DE: "AA"-
#1165	NEW    cov: 763 ft: 2200 corp: 48/136b lim: 4 exec/s: 1165 rss: 54Mb L: 4/4 MS: 2 ChangeBit-CopyPart-
#1166	NEW    cov: 766 ft: 2222 corp: 49/140b lim: 4 exec/s: 1166 rss: 54Mb L: 4/4 MS: 1 CrossOver-
#1186	NEW    cov: 799 ft: 2308 corp: 50/143b lim: 4 exec/s: 1186 rss: 54Mb L: 3/4 MS: 5 ShuffleBytes-ShuffleBytes-PersAutoDict-CopyPart-ChangeByte- DE: "AA"-
#1233	REDUCE cov: 799 ft: 2308 corp: 50/142b lim: 4 exec/s: 1233 rss: 54Mb L: 3/4 MS: 2 ShuffleBytes-EraseBytes-
#1248	NEW    cov: 799 ft: 2313 corp: 51/146b lim: 4 exec/s: 1248 rss: 54Mb L: 4/4 MS: 5 CrossOver-CrossOver-EraseBytes-CrossOver-CopyPart-
#1274	NEW    cov: 802 ft: 2326 corp: 52/150b lim: 4 exec/s: 637 rss: 54Mb L: 4/4 MS: 1 CrossOver-
#1325	REDUCE cov: 802 ft: 2326 corp: 52/149b lim: 4 exec/s: 662 rss: 54Mb L: 2/4 MS: 1 EraseBytes-
#1471	NEW    cov: 802 ft: 2335 corp: 53/151b lim: 4 exec/s: 735 rss: 54Mb L: 2/4 MS: 1 EraseBytes-
#1488	REDUCE cov: 802 ft: 2335 corp: 53/150b lim: 4 exec/s: 744 rss: 54Mb L: 1/4 MS: 2 ShuffleBytes-EraseBytes-
#1617	REDUCE cov: 802 ft: 2340 corp: 54/154b lim: 4 exec/s: 808 rss: 54Mb L: 4/4 MS: 4 CopyPart-ShuffleBytes-ShuffleBytes-CrossOver-
#1636	REDUCE cov: 802 ft: 2341 corp: 55/158b lim: 4 exec/s: 818 rss: 54Mb L: 4/4 MS: 4 InsertByte-CopyPart-CrossOver-PersAutoDict- DE: "\307\276"-
#1768	REDUCE cov: 802 ft: 2341 corp: 55/157b lim: 4 exec/s: 884 rss: 54Mb L: 3/4 MS: 2 CrossOver-EraseBytes-
#1776	NEW    cov: 802 ft: 2343 corp: 56/161b lim: 4 exec/s: 888 rss: 54Mb L: 4/4 MS: 3 PersAutoDict-PersAutoDict-PersAutoDict- DE: "AA"-"not"-"Y\012"-
#1782	NEW    cov: 802 ft: 2351 corp: 57/165b lim: 4 exec/s: 891 rss: 54Mb L: 4/4 MS: 1 PersAutoDict- DE: "\307\276"-
#1791	REDUCE cov: 828 ft: 2377 corp: 58/169b lim: 4 exec/s: 895 rss: 54Mb L: 4/4 MS: 4 CopyPart-ShuffleBytes-ChangeBinInt-CrossOver-
#1802	NEW    cov: 828 ft: 2390 corp: 59/173b lim: 4 exec/s: 901 rss: 54Mb L: 4/4 MS: 1 CrossOver-
#1808	NEW    cov: 829 ft: 2394 corp: 60/177b lim: 4 exec/s: 904 rss: 54Mb L: 4/4 MS: 1 CopyPart-
#1884	NEW    cov: 830 ft: 2395 corp: 61/180b lim: 4 exec/s: 942 rss: 54Mb L: 3/4 MS: 1 ChangeBit-
#1890	REDUCE cov: 830 ft: 2395 corp: 61/179b lim: 4 exec/s: 945 rss: 54Mb L: 3/4 MS: 1 EraseBytes-
#1909	REDUCE cov: 832 ft: 2400 corp: 62/183b lim: 4 exec/s: 954 rss: 54Mb L: 4/4 MS: 4 InsertByte-ChangeBinInt-CrossOver-CrossOver-
#1984	NEW    cov: 835 ft: 2403 corp: 63/187b lim: 4 exec/s: 992 rss: 54Mb L: 4/4 MS: 5 ShuffleBytes-EraseBytes-InsertByte-CopyPart-ChangeByte-
#1994	REDUCE cov: 838 ft: 2406 corp: 64/189b lim: 4 exec/s: 997 rss: 54Mb L: 2/4 MS: 5 CrossOver-ShuffleBytes-CrossOver-ShuffleBytes-ChangeBinInt-
#2020	NEW    cov: 838 ft: 2425 corp: 65/193b lim: 4 exec/s: 1010 rss: 54Mb L: 4/4 MS: 1 CopyPart-
#2048	pulse  cov: 838 ft: 2425 corp: 65/193b lim: 4 exec/s: 1024 rss: 54Mb
#2087	REDUCE cov: 838 ft: 2425 corp: 65/192b lim: 4 exec/s: 1043 rss: 54Mb L: 1/4 MS: 2 ShuffleBytes-EraseBytes-
#2350	NEW    cov: 838 ft: 2429 corp: 66/198b lim: 6 exec/s: 783 rss: 54Mb L: 6/6 MS: 3 ChangeByte-PersAutoDict-ChangeBit- DE: "def"-
#2365	NEW    cov: 839 ft: 2470 corp: 67/204b lim: 6 exec/s: 788 rss: 54Mb L: 6/6 MS: 5 CMP-ShuffleBytes-CrossOver-ShuffleBytes-CopyPart- DE: "AA"-
#2372	NEW    cov: 839 ft: 2474 corp: 68/208b lim: 6 exec/s: 790 rss: 54Mb L: 4/6 MS: 2 ShuffleBytes-CopyPart-
#2435	REDUCE cov: 839 ft: 2474 corp: 68/207b lim: 6 exec/s: 811 rss: 54Mb L: 2/6 MS: 3 CMP-ChangeBit-EraseBytes- DE: "\000\000"-
#2446	REDUCE cov: 840 ft: 2475 corp: 69/211b lim: 6 exec/s: 815 rss: 54Mb L: 4/6 MS: 1 InsertByte-
#2458	NEW    cov: 840 ft: 2478 corp: 70/216b lim: 6 exec/s: 819 rss: 54Mb L: 5/6 MS: 2 CopyPart-ChangeByte-
#2509	NEW    cov: 840 ft: 2488 corp: 71/219b lim: 6 exec/s: 836 rss: 54Mb L: 3/6 MS: 1 EraseBytes-
#2543	NEW    cov: 900 ft: 2557 corp: 72/223b lim: 6 exec/s: 847 rss: 54Mb L: 4/6 MS: 4 EraseBytes-InsertByte-ChangeByte-InsertByte-
#2552	NEW    cov: 900 ft: 2610 corp: 73/229b lim: 6 exec/s: 850 rss: 54Mb L: 6/6 MS: 4 CrossOver-CopyPart-ChangeByte-CrossOver-
#2605	NEW    cov: 900 ft: 2611 corp: 74/234b lim: 6 exec/s: 868 rss: 54Mb L: 5/6 MS: 3 InsertByte-CopyPart-CrossOver-
#2638	NEW    cov: 900 ft: 2618 corp: 75/240b lim: 6 exec/s: 879 rss: 54Mb L: 6/6 MS: 3 InsertByte-CrossOver-CopyPart-
#2651	REDUCE cov: 904 ft: 2641 corp: 76/246b lim: 6 exec/s: 883 rss: 54Mb L: 6/6 MS: 3 PersAutoDict-CopyPart-CopyPart- DE: "Y\012"-
#2706	REDUCE cov: 904 ft: 2642 corp: 77/252b lim: 6 exec/s: 902 rss: 54Mb L: 6/6 MS: 5 PersAutoDict-ShuffleBytes-CopyPart-ChangeBit-CopyPart- DE: "Y\012"-
#2832	NEW    cov: 904 ft: 2643 corp: 78/258b lim: 6 exec/s: 944 rss: 54Mb L: 6/6 MS: 1 ChangeBit-
#2913	REDUCE cov: 904 ft: 2643 corp: 78/257b lim: 6 exec/s: 971 rss: 54Mb L: 2/6 MS: 1 EraseBytes-
#2929	NEW    cov: 905 ft: 2644 corp: 79/263b lim: 6 exec/s: 976 rss: 54Mb L: 6/6 MS: 1 ChangeBinInt-
#2996	NEW    cov: 906 ft: 2652 corp: 80/267b lim: 6 exec/s: 998 rss: 54Mb L: 4/6 MS: 2 ChangeBit-ShuffleBytes-
#3000	REDUCE cov: 906 ft: 2674 corp: 81/273b lim: 6 exec/s: 750 rss: 54Mb L: 6/6 MS: 4 CrossOver-ChangeByte-ChangeByte-CrossOver-
#3014	NEW    cov: 906 ft: 2675 corp: 82/279b lim: 6 exec/s: 753 rss: 54Mb L: 6/6 MS: 4 ShuffleBytes-ChangeByte-PersAutoDict-CrossOver- DE: "AA"-
#3040	NEW    cov: 906 ft: 2676 corp: 83/280b lim: 6 exec/s: 760 rss: 54Mb L: 1/6 MS: 1 ChangeByte-
#3117	NEW    cov: 907 ft: 2677 corp: 84/283b lim: 6 exec/s: 779 rss: 54Mb L: 3/6 MS: 2 ShuffleBytes-CMP- DE: "2\012"-
#3256	NEW    cov: 907 ft: 2679 corp: 85/289b lim: 6 exec/s: 814 rss: 54Mb L: 6/6 MS: 4 PersAutoDict-CrossOver-ShuffleBytes-CMP- DE: "\000\000"-"Qy"-
#3293	NEW    cov: 907 ft: 2694 corp: 86/295b lim: 6 exec/s: 823 rss: 54Mb L: 6/6 MS: 2 InsertByte-CrossOver-
#3395	NEW    cov: 907 ft: 2695 corp: 87/301b lim: 6 exec/s: 848 rss: 54Mb L: 6/6 MS: 2 InsertByte-CrossOver-
#3465	NEW    cov: 907 ft: 2697 corp: 88/307b lim: 6 exec/s: 866 rss: 54Mb L: 6/6 MS: 5 ChangeByte-CMP-CMP-ChangeASCIIInt-ChangeBinInt- DE: "\001\000"-"AA2"-
#3514	NEW    cov: 907 ft: 2703 corp: 89/311b lim: 6 exec/s: 878 rss: 54Mb L: 4/6 MS: 4 CrossOver-EraseBytes-ShuffleBytes-ShuffleBytes-
#3732	NEW    cov: 907 ft: 2706 corp: 90/316b lim: 8 exec/s: 933 rss: 54Mb L: 5/6 MS: 3 CopyPart-CrossOver-ChangeBinInt-
#3816	NEW    cov: 910 ft: 2709 corp: 91/321b lim: 8 exec/s: 954 rss: 54Mb L: 5/6 MS: 4 ChangeASCIIInt-CopyPart-ChangeByte-CMP- DE: " h"-
#3857	REDUCE cov: 910 ft: 2709 corp: 91/320b lim: 8 exec/s: 964 rss: 54Mb L: 4/6 MS: 1 EraseBytes-
#3864	NEW    cov: 910 ft: 2754 corp: 92/327b lim: 8 exec/s: 966 rss: 54Mb L: 7/7 MS: 2 ShuffleBytes-CrossOver-
#3866	NEW    cov: 910 ft: 2768 corp: 93/331b lim: 8 exec/s: 966 rss: 54Mb L: 4/7 MS: 2 ChangeByte-ShuffleBytes-
#3901	NEW    cov: 910 ft: 2773 corp: 94/335b lim: 8 exec/s: 975 rss: 54Mb L: 4/7 MS: 5 InsertRepeatedBytes-ShuffleBytes-EraseBytes-EraseBytes-ChangeByte-
#4096	pulse  cov: 910 ft: 2773 corp: 94/335b lim: 8 exec/s: 819 rss: 54Mb
#4136	NEW    cov: 910 ft: 2774 corp: 95/343b lim: 8 exec/s: 827 rss: 54Mb L: 8/8 MS: 5 ChangeByte-CopyPart-PersAutoDict-InsertByte-CrossOver- DE: "\377\377"-
#4148	NEW    cov: 910 ft: 2775 corp: 96/350b lim: 8 exec/s: 829 rss: 54Mb L: 7/8 MS: 2 CopyPart-CrossOver-
#4289	NEW    cov: 917 ft: 2816 corp: 97/358b lim: 8 exec/s: 857 rss: 54Mb L: 8/8 MS: 1 CopyPart-
#4310	NEW    cov: 917 ft: 2837 corp: 98/362b lim: 8 exec/s: 862 rss: 54Mb L: 4/8 MS: 1 PersAutoDict- DE: "2\012"-
#4316	REDUCE cov: 917 ft: 2837 corp: 98/361b lim: 8 exec/s: 863 rss: 54Mb L: 3/8 MS: 1 EraseBytes-
#4363	NEW    cov: 918 ft: 2838 corp: 99/366b lim: 8 exec/s: 872 rss: 54Mb L: 5/8 MS: 2 ChangeBit-InsertByte-
#4434	REDUCE cov: 918 ft: 2838 corp: 99/365b lim: 8 exec/s: 886 rss: 54Mb L: 2/8 MS: 1 EraseBytes-
#4550	NEW    cov: 918 ft: 2843 corp: 100/373b lim: 8 exec/s: 910 rss: 54Mb L: 8/8 MS: 1 CopyPart-
#4609	NEW    cov: 919 ft: 2844 corp: 101/381b lim: 8 exec/s: 921 rss: 54Mb L: 8/8 MS: 4 InsertRepeatedBytes-CopyPart-ChangeBit-ChangeBinInt-
#4669	REDUCE cov: 919 ft: 2849 corp: 102/387b lim: 8 exec/s: 933 rss: 54Mb L: 6/8 MS: 5 InsertRepeatedBytes-PersAutoDict-ChangeByte-ChangeASCIIInt-ChangeByte- DE: "~1 "-
#4720	NEW    cov: 920 ft: 2854 corp: 103/391b lim: 8 exec/s: 944 rss: 54Mb L: 4/8 MS: 1 CrossOver-
#4812	NEW    cov: 920 ft: 2860 corp: 104/398b lim: 8 exec/s: 962 rss: 54Mb L: 7/8 MS: 2 CopyPart-CopyPart-
#4855	NEW    cov: 921 ft: 2861 corp: 105/404b lim: 8 exec/s: 809 rss: 54Mb L: 6/8 MS: 3 InsertRepeatedBytes-ChangeByte-ShuffleBytes-
#4917	NEW    cov: 921 ft: 2862 corp: 106/407b lim: 8 exec/s: 819 rss: 54Mb L: 3/8 MS: 2 InsertByte-EraseBytes-
#4923	NEW    cov: 921 ft: 2863 corp: 107/415b lim: 8 exec/s: 820 rss: 54Mb L: 8/8 MS: 1 CrossOver-
#4967	NEW    cov: 921 ft: 2865 corp: 108/423b lim: 8 exec/s: 827 rss: 54Mb L: 8/8 MS: 4 InsertByte-InsertByte-PersAutoDict-CopyPart- DE: "Y\012"-
#5134	NEW    cov: 925 ft: 2871 corp: 109/430b lim: 8 exec/s: 855 rss: 54Mb L: 7/8 MS: 2 ChangeBinInt-InsertByte-
#5236	NEW    cov: 925 ft: 2873 corp: 110/437b lim: 8 exec/s: 872 rss: 54Mb L: 7/8 MS: 2 ChangeBit-CopyPart-
#5252	NEW    cov: 925 ft: 2876 corp: 111/443b lim: 8 exec/s: 875 rss: 54Mb L: 6/8 MS: 1 CopyPart-
#5259	REDUCE cov: 925 ft: 2876 corp: 111/442b lim: 8 exec/s: 876 rss: 54Mb L: 5/8 MS: 2 ChangeBit-EraseBytes-
#5610	NEW    cov: 925 ft: 2877 corp: 112/448b lim: 11 exec/s: 935 rss: 55Mb L: 6/8 MS: 1 CrossOver-
#5623	NEW    cov: 926 ft: 3011 corp: 113/457b lim: 11 exec/s: 937 rss: 55Mb L: 9/9 MS: 3 CopyPart-CMP-ShuffleBytes- DE: "in"-
#5649	REDUCE cov: 926 ft: 3011 corp: 113/456b lim: 11 exec/s: 941 rss: 55Mb L: 4/9 MS: 1 EraseBytes-
#5655	REDUCE cov: 926 ft: 3011 corp: 113/454b lim: 11 exec/s: 942 rss: 55Mb L: 6/9 MS: 1 EraseBytes-
#5756	NEW    cov: 930 ft: 3015 corp: 114/458b lim: 11 exec/s: 959 rss: 55Mb L: 4/9 MS: 1 CrossOver-
#5779	NEW    cov: 930 ft: 3074 corp: 115/468b lim: 11 exec/s: 963 rss: 55Mb L: 10/10 MS: 3 EraseBytes-CopyPart-InsertRepeatedBytes-
#5790	NEW    cov: 930 ft: 3082 corp: 116/477b lim: 11 exec/s: 827 rss: 55Mb L: 9/10 MS: 1 PersAutoDict- DE: "AA2"-
#5801	REDUCE cov: 930 ft: 3082 corp: 116/476b lim: 11 exec/s: 828 rss: 55Mb L: 2/10 MS: 1 EraseBytes-
#5869	REDUCE cov: 930 ft: 3082 corp: 116/475b lim: 11 exec/s: 838 rss: 55Mb L: 5/10 MS: 3 InsertRepeatedBytes-ShuffleBytes-EraseBytes-
#5900	REDUCE cov: 930 ft: 3083 corp: 117/484b lim: 11 exec/s: 842 rss: 55Mb L: 9/10 MS: 1 CopyPart-
#5982	REDUCE cov: 930 ft: 3083 corp: 117/483b lim: 11 exec/s: 854 rss: 55Mb L: 2/10 MS: 2 CrossOver-EraseBytes-
#5988	NEW    cov: 930 ft: 3085 corp: 118/492b lim: 11 exec/s: 855 rss: 55Mb L: 9/10 MS: 1 InsertByte-
#6004	REDUCE cov: 930 ft: 3085 corp: 118/491b lim: 11 exec/s: 857 rss: 55Mb L: 7/10 MS: 1 EraseBytes-
#6006	NEW    cov: 930 ft: 3087 corp: 119/498b lim: 11 exec/s: 858 rss: 55Mb L: 7/10 MS: 2 ChangeByte-CopyPart-
#6112	NEW    cov: 930 ft: 3088 corp: 120/506b lim: 11 exec/s: 873 rss: 55Mb L: 8/10 MS: 1 PersAutoDict- DE: "Y\012"-
#6115	NEW    cov: 930 ft: 3089 corp: 121/512b lim: 11 exec/s: 873 rss: 55Mb L: 6/10 MS: 3 CrossOver-ChangeASCIIInt-CrossOver-
#6242	NEW    cov: 930 ft: 3101 corp: 122/518b lim: 11 exec/s: 891 rss: 55Mb L: 6/10 MS: 2 CrossOver-CopyPart-
#6294	NEW    cov: 930 ft: 3104 corp: 123/524b lim: 11 exec/s: 899 rss: 55Mb L: 6/10 MS: 2 CopyPart-ChangeBinInt-
#6310	REDUCE cov: 930 ft: 3104 corp: 123/520b lim: 11 exec/s: 901 rss: 55Mb L: 4/10 MS: 1 EraseBytes-
#6316	REDUCE cov: 930 ft: 3107 corp: 124/528b lim: 11 exec/s: 902 rss: 55Mb L: 8/10 MS: 1 CopyPart-
#6422	NEW    cov: 930 ft: 3110 corp: 125/534b lim: 11 exec/s: 917 rss: 55Mb L: 6/10 MS: 1 CopyPart-
#6424	NEW    cov: 930 ft: 3146 corp: 126/540b lim: 11 exec/s: 917 rss: 55Mb L: 6/10 MS: 2 ShuffleBytes-CopyPart-
#6453	NEW    cov: 985 ft: 3226 corp: 127/548b lim: 11 exec/s: 921 rss: 55Mb L: 8/10 MS: 4 CopyPart-ChangeBit-InsertRepeatedBytes-ChangeBit-
#6464	NEW    cov: 986 ft: 3231 corp: 128/554b lim: 11 exec/s: 923 rss: 55Mb L: 6/10 MS: 1 ShuffleBytes-
#6475	REDUCE cov: 986 ft: 3231 corp: 128/553b lim: 11 exec/s: 925 rss: 55Mb L: 3/10 MS: 1 EraseBytes-
#6580	NEW    cov: 993 ft: 3253 corp: 129/564b lim: 11 exec/s: 940 rss: 55Mb L: 11/11 MS: 5 InsertByte-CrossOver-CopyPart-CopyPart-CopyPart-
#6612	REDUCE cov: 993 ft: 3256 corp: 130/570b lim: 11 exec/s: 944 rss: 55Mb L: 6/11 MS: 2 ShuffleBytes-CrossOver-
#6688	REDUCE cov: 993 ft: 3256 corp: 130/567b lim: 11 exec/s: 836 rss: 55Mb L: 3/11 MS: 1 EraseBytes-
#6759	NEW    cov: 993 ft: 3261 corp: 131/577b lim: 11 exec/s: 844 rss: 55Mb L: 10/11 MS: 1 CopyPart-
#6785	REDUCE cov: 993 ft: 3261 corp: 131/576b lim: 11 exec/s: 848 rss: 55Mb L: 3/11 MS: 1 CrossOver-
#6796	NEW    cov: 993 ft: 3264 corp: 132/585b lim: 11 exec/s: 849 rss: 55Mb L: 9/11 MS: 1 CrossOver-
#6883	NEW    cov: 994 ft: 3265 corp: 133/588b lim: 11 exec/s: 860 rss: 55Mb L: 3/11 MS: 2 ChangeBit-ChangeByte-
#6904	NEW    cov: 994 ft: 3361 corp: 134/598b lim: 11 exec/s: 863 rss: 55Mb L: 10/11 MS: 1 CrossOver-
#6941	NEW    cov: 999 ft: 3366 corp: 135/609b lim: 11 exec/s: 867 rss: 55Mb L: 11/11 MS: 2 InsertByte-InsertRepeatedBytes-
#6943	REDUCE cov: 999 ft: 3366 corp: 135/606b lim: 11 exec/s: 867 rss: 55Mb L: 8/11 MS: 2 ChangeBit-EraseBytes-
#6986	NEW    cov: 999 ft: 3469 corp: 136/615b lim: 11 exec/s: 873 rss: 55Mb L: 9/11 MS: 3 ChangeBit-EraseBytes-CrossOver-
#6991	NEW    cov: 999 ft: 3559 corp: 137/626b lim: 11 exec/s: 873 rss: 55Mb L: 11/11 MS: 5 ChangeBit-CrossOver-ChangeBit-ChangeBit-CopyPart-
#7002	NEW    cov: 999 ft: 3561 corp: 138/634b lim: 11 exec/s: 875 rss: 55Mb L: 8/11 MS: 1 ChangeByte-
#7048	NEW    cov: 999 ft: 3562 corp: 139/640b lim: 11 exec/s: 881 rss: 55Mb L: 6/11 MS: 1 CopyPart-
#7064	NEW    cov: 1000 ft: 3563 corp: 140/649b lim: 11 exec/s: 883 rss: 55Mb L: 9/11 MS: 1 ChangeByte-
#7171	NEW    cov: 1000 ft: 3609 corp: 141/659b lim: 11 exec/s: 896 rss: 55Mb L: 10/11 MS: 2 ChangeByte-CrossOver-
#7173	REDUCE cov: 1000 ft: 3610 corp: 142/669b lim: 11 exec/s: 896 rss: 55Mb L: 10/11 MS: 2 ChangeBit-CrossOver-
#7197	REDUCE cov: 1000 ft: 3610 corp: 142/668b lim: 11 exec/s: 899 rss: 55Mb L: 4/11 MS: 4 ChangeByte-CopyPart-InsertRepeatedBytes-CrossOver-
#7263	NEW    cov: 1002 ft: 3612 corp: 143/677b lim: 11 exec/s: 807 rss: 55Mb L: 9/11 MS: 1 CrossOver-
#7266	REDUCE cov: 1002 ft: 3613 corp: 144/681b lim: 11 exec/s: 807 rss: 55Mb L: 4/11 MS: 3 CopyPart-InsertByte-EraseBytes-
#7502	REDUCE cov: 1002 ft: 3613 corp: 144/678b lim: 11 exec/s: 833 rss: 55Mb L: 6/11 MS: 1 EraseBytes-
#7534	NEW    cov: 1005 ft: 3616 corp: 145/681b lim: 11 exec/s: 837 rss: 55Mb L: 3/11 MS: 2 ChangeBinInt-ChangeBit-
#7595	REDUCE cov: 1005 ft: 3616 corp: 145/680b lim: 11 exec/s: 843 rss: 55Mb L: 3/11 MS: 1 EraseBytes-
#7711	NEW    cov: 1005 ft: 3625 corp: 146/691b lim: 11 exec/s: 856 rss: 55Mb L: 11/11 MS: 1 CrossOver-
#7813	NEW    cov: 1005 ft: 3631 corp: 147/702b lim: 11 exec/s: 868 rss: 55Mb L: 11/11 MS: 2 ChangeByte-ChangeBit-
#8004	NEW    cov: 1005 ft: 3656 corp: 148/713b lim: 11 exec/s: 889 rss: 55Mb L: 11/11 MS: 1 CrossOver-
#8030	NEW    cov: 1005 ft: 3657 corp: 149/724b lim: 11 exec/s: 892 rss: 55Mb L: 11/11 MS: 1 ShuffleBytes-
#8040	REDUCE cov: 1005 ft: 3657 corp: 149/722b lim: 11 exec/s: 893 rss: 55Mb L: 6/11 MS: 5 PersAutoDict-CrossOver-CopyPart-ChangeBinInt-EraseBytes- DE: "Qy"-
#8173	NEW    cov: 1005 ft: 3697 corp: 150/731b lim: 11 exec/s: 908 rss: 55Mb L: 9/11 MS: 3 EraseBytes-InsertRepeatedBytes-CrossOver-
#8192	pulse  cov: 1005 ft: 3697 corp: 150/731b lim: 11 exec/s: 819 rss: 55Mb
#8249	NEW    cov: 1007 ft: 3699 corp: 151/735b lim: 11 exec/s: 824 rss: 55Mb L: 4/11 MS: 1 ChangeBit-
#8289	NEW    cov: 1039 ft: 3731 corp: 152/740b lim: 11 exec/s: 828 rss: 55Mb L: 5/11 MS: 5 ChangeBit-ChangeBit-CopyPart-CrossOver-ChangeBinInt-
#8320	NEW    cov: 1040 ft: 3737 corp: 153/745b lim: 11 exec/s: 832 rss: 55Mb L: 5/11 MS: 1 PersAutoDict- DE: "2\012"-
#8348	REDUCE cov: 1040 ft: 3737 corp: 153/743b lim: 11 exec/s: 834 rss: 55Mb L: 4/11 MS: 3 ShuffleBytes-ChangeBit-EraseBytes-
#8379	REDUCE cov: 1040 ft: 3737 corp: 153/742b lim: 11 exec/s: 837 rss: 55Mb L: 3/11 MS: 1 EraseBytes-
#8807	REDUCE cov: 1040 ft: 3740 corp: 154/756b lim: 14 exec/s: 880 rss: 55Mb L: 14/14 MS: 3 ChangeBit-CrossOver-ChangeByte-
#8823	NEW    cov: 1040 ft: 3746 corp: 155/764b lim: 14 exec/s: 882 rss: 55Mb L: 8/14 MS: 1 ShuffleBytes-
#8840	NEW    cov: 1042 ft: 3762 corp: 156/771b lim: 14 exec/s: 884 rss: 55Mb L: 7/14 MS: 2 ChangeBinInt-CopyPart-
#8859	REDUCE cov: 1042 ft: 3764 corp: 157/780b lim: 14 exec/s: 885 rss: 55Mb L: 9/14 MS: 4 EraseBytes-ChangeByte-ChangeByte-InsertRepeatedBytes-
#8906	NEW    cov: 1042 ft: 3765 corp: 158/792b lim: 14 exec/s: 890 rss: 55Mb L: 12/14 MS: 2 InsertByte-PersAutoDict- DE: "Y\012"-
#8912	NEW    cov: 1042 ft: 3775 corp: 159/803b lim: 14 exec/s: 891 rss: 55Mb L: 11/14 MS: 1 CopyPart-
#8983	NEW    cov: 1042 ft: 3779 corp: 160/808b lim: 14 exec/s: 898 rss: 55Mb L: 5/14 MS: 1 InsertByte-
#9008	NEW    cov: 1042 ft: 3781 corp: 161/820b lim: 14 exec/s: 900 rss: 55Mb L: 12/14 MS: 5 CopyPart-ChangeByte-ChangeBit-CopyPart-ChangeBit-
#9023	DONE   cov: 1042 ft: 3781 corp: 161/820b lim: 14 exec/s: 820 rss: 55Mb
###### Recommended dictionary. ######
"\377\377" # Uses: 93
"AA" # Uses: 91
"def" # Uses: 75
"not" # Uses: 69
"Y\012" # Uses: 68
"\307\276" # Uses: 65
"~1 " # Uses: 45
"\000\000" # Uses: 43
"2\012" # Uses: 42
"Qy" # Uses: 40
"\001\000" # Uses: 32
"AA2" # Uses: 30
" h" # Uses: 30
"in" # Uses: 21
###### End of recommended dictionary. ######
Done 9023 runs in 11 second(s)
