
============================================================
Evaluating: /root/Tokenizer.scala
============================================================

✓ File exists
✓ Source loaded (11878 characters)

--- Checking Compilation ---
✓ Compilation successful

--- Running Unit Tests ---
Tests passed: 0/0

--- Evaluating Code Quality Criteria ---


FUNCTIONALITY_PRESERVATION:
----------------------------------------
Score: 4/5 (GOOD)
  Found 8/9 required components
  Missing components: TokenType
  Found 3/4 key methods
  Suggestions:
    → Implement missing components: TokenType

SCALA_CONVENTIONS:
----------------------------------------
Score: 5/5 (EXCELLENT)
  ✓ camelCase_methods: 43 occurrences
  ✓ PascalCase_classes: 29 occurrences
  ✓ immutable_val: 35 occurrences
  ✓ case_class: 1 occurrences
  ✓ sealed_trait: 1 occurrences
  Suggestions:
    → Consider refactoring: Null usage (prefer Option)
    → Consider refactoring: Explicit return statement (often unnecessary in Scala)

READABILITY:
----------------------------------------
Score: 5/5 (EXCELLENT)
  Total lines: 415
  Scaladoc blocks: 0
  Single-line comments: 36
  Type annotations: 108

PARADIGM_MATCH:
----------------------------------------
Score: 4/5 (GOOD)
  ✓ map: 8 occurrences
  ✓ flatMap: 4 occurrences
  ✓ filter: 2 occurrences
  ✓ higher_order_func: 17 occurrences
  ✓ immutable_collections: 11 occurrences
  Suggestions:
    → Consider reducing mutable variables (7 vars found)
    → Consider using Option instead of null

APPROPRIATE_ABSTRACTIONS:
----------------------------------------
Score: 5/5 (EXCELLENT)
  Traits defined: 4
  ✓ Sealed hierarchies: 1
  Generic type usages: 52
  Objects/Companions: 3
  ✓ Variance annotations: 3
  Suggestions:
    → Consider using type classes for polymorphism

============================================================
EVALUATION SUMMARY
============================================================
Overall Score: 23/25 (92.0%)
Status: ❌ NEEDS IMPROVEMENT
============================================================

