INFO: Instrumenting black
INFO: Instrumenting json
INFO: Instrumenting json.decoder
INFO: Instrumenting json.scanner
INFO: Instrumenting json.encoder
INFO: Instrumenting platform
INFO: Instrumenting datetime
INFO: Instrumenting click
INFO: Instrumenting __future__
INFO: Instrumenting click.core
INFO: Instrumenting gettext
INFO: Instrumenting click.types
INFO: Instrumenting click._compat
INFO: Instrumenting click.exceptions
INFO: Instrumenting click.globals
INFO: Instrumenting click.utils
INFO: Instrumenting click._utils
INFO: Instrumenting click.formatting
INFO: Instrumenting click.parser
INFO: Instrumenting click.termui
INFO: Instrumenting click.decorators
INFO: Instrumenting mypy_extensions
INFO: Instrumenting pathspec
INFO: Instrumenting pathspec.gitignore
INFO: Instrumenting pathspec.backend
INFO: Instrumenting pathspec._backends
INFO: Instrumenting pathspec._backends.agg
INFO: Instrumenting pathspec.pattern
INFO: Instrumenting pathspec._typing
INFO: Instrumenting pathspec._backends.hyperscan
INFO: Instrumenting pathspec._backends.hyperscan.base
INFO: Instrumenting pathspec._backends.hyperscan.gitignore
INFO: Instrumenting pathspec.patterns
INFO: Instrumenting pathspec.patterns.gitignore
INFO: Instrumenting pathspec.patterns.gitignore.base
INFO: Instrumenting pathspec.patterns.gitignore.basic
INFO: Instrumenting pathspec.util
INFO: Instrumenting pathspec.patterns.gitignore.spec
INFO: Instrumenting pathspec.patterns.gitwildmatch
INFO: Instrumenting pathspec._backends.hyperscan._base
INFO: Instrumenting pathspec._backends.hyperscan.pathspec
INFO: Instrumenting pathspec._backends._utils
INFO: Instrumenting pathspec._backends.re2
INFO: Instrumenting pathspec._backends.re2.base
INFO: Instrumenting pathspec._backends.re2._base
INFO: Instrumenting pathspec._backends.re2.gitignore
INFO: Instrumenting pathspec._backends.re2.pathspec
INFO: Instrumenting pathspec._backends.simple
INFO: Instrumenting pathspec._backends.simple.gitignore
INFO: Instrumenting pathspec._backends.simple.pathspec
INFO: Instrumenting pathspec.pathspec
INFO: Instrumenting pathspec._meta
INFO: Instrumenting pathspec._version
INFO: Instrumenting _black_version
INFO: Instrumenting black.cache
INFO: Instrumenting hashlib
INFO: Instrumenting pickle
INFO: Instrumenting struct
INFO: Instrumenting _compat_pickle
INFO: Instrumenting platformdirs
INFO: Instrumenting platformdirs.api
INFO: Instrumenting platformdirs.version
INFO: Instrumenting platformdirs.unix
INFO: Instrumenting configparser
INFO: Instrumenting black.mode
INFO: Instrumenting black.const
INFO: Instrumenting black.output
INFO: Instrumenting black.comments
INFO: Instrumenting black.nodes
INFO: Instrumenting black.strings
INFO: Instrumenting black._width_table
INFO: Instrumenting blib2to3
INFO: Instrumenting blib2to3.pytree
INFO: Instrumenting blib2to3.pgen2
INFO: Instrumenting blib2to3.pgen2.grammar
INFO: Instrumenting blib2to3.pgen2.token
INFO: Instrumenting blib2to3.pygram
INFO: Instrumenting blib2to3.pgen2.driver
INFO: Instrumenting pkgutil
INFO: Instrumenting importlib.util
WARNING: It looks like this module is imported by a custom loader. Atheris has experimental support for this. However, it may be incompatible with certain libraries. If you experience unusual errors or poor coverage collection, try atheris.instrument_all() instead, add enable_loader_override=False to instrument_imports(), or file an issue on GitHub.
INFO: Instrumenting blib2to3.pgen2.tokenize
INFO: Instrumenting blib2to3.pgen2.parse
INFO: Instrumenting blib2to3.pgen2.pgen
INFO: Instrumenting black.files
INFO: Instrumenting packaging
INFO: Instrumenting packaging.specifiers
INFO: Instrumenting packaging.utils
INFO: Instrumenting packaging.tags
INFO: Instrumenting subprocess
INFO: Instrumenting locale
INFO: Instrumenting _locale
INFO: Instrumenting signal
INFO: Instrumenting selectors
INFO: Instrumenting sysconfig
INFO: Instrumenting packaging._manylinux
INFO: Instrumenting packaging._elffile
INFO: Instrumenting packaging._musllinux
INFO: Instrumenting packaging.version
INFO: Instrumenting packaging._structures
INFO: Instrumenting tomllib
INFO: Instrumenting tomllib._parser
INFO: Instrumenting tomllib._re
INFO: Instrumenting tomllib._types
INFO: Instrumenting black.handle_ipynb_magics
INFO: Instrumenting secrets
INFO: Instrumenting base64
INFO: Instrumenting hmac
INFO: Instrumenting black.report
INFO: Instrumenting black.linegen
INFO: Instrumenting black.brackets
INFO: Instrumenting black.lines
INFO: Instrumenting black.numerics
INFO: Instrumenting black.trans
INFO: Instrumenting black.rusty
INFO: Instrumenting black.parsing
INFO: Instrumenting black.ranges
INFO: Instrumenting difflib
INFO: Instrumenting heapq
INFO: Using built-in libfuzzer
WARNING: Failed to find function "__sanitizer_acquire_crash_state".
WARNING: Failed to find function "__sanitizer_print_stack_trace".
WARNING: Failed to find function "__sanitizer_set_death_callback".
INFO: Running with entropic power schedule (0xFF, 100).
INFO: Seed: 3135509378
INFO: -max_len is not provided; libFuzzer will not generate inputs larger than 4096 bytes
INFO: A corpus is not provided, starting from an empty corpus
#2	INITED cov: 237 ft: 237 corp: 1/1b exec/s: 0 rss: 57Mb
#97	NEW    cov: 241 ft: 241 corp: 2/5b lim: 4 exec/s: 0 rss: 57Mb L: 4/4 MS: 5 InsertByte-ChangeBit-InsertByte-ChangeByte-InsertByte-
#339	NEW    cov: 262 ft: 328 corp: 3/11b lim: 6 exec/s: 0 rss: 57Mb L: 6/6 MS: 2 ChangeBit-CrossOver-
#344	NEW    cov: 265 ft: 355 corp: 4/17b lim: 6 exec/s: 0 rss: 57Mb L: 6/6 MS: 5 CopyPart-ChangeBit-ChangeBinInt-CrossOver-ShuffleBytes-
#350	NEW    cov: 279 ft: 389 corp: 5/23b lim: 6 exec/s: 0 rss: 57Mb L: 6/6 MS: 1 CMP- DE: "\377\377\377\377"-
#361	NEW    cov: 470 ft: 773 corp: 6/29b lim: 6 exec/s: 0 rss: 57Mb L: 6/6 MS: 1 ChangeByte-
#362	NEW    cov: 473 ft: 780 corp: 7/35b lim: 6 exec/s: 0 rss: 57Mb L: 6/6 MS: 1 CrossOver-
#368	NEW    cov: 474 ft: 781 corp: 8/41b lim: 6 exec/s: 0 rss: 57Mb L: 6/6 MS: 1 CrossOver-
#370	NEW    cov: 474 ft: 804 corp: 9/47b lim: 6 exec/s: 0 rss: 57Mb L: 6/6 MS: 2 ChangeByte-ShuffleBytes-
#386	NEW    cov: 482 ft: 823 corp: 10/53b lim: 6 exec/s: 0 rss: 57Mb L: 6/6 MS: 1 ChangeByte-
#392	NEW    cov: 486 ft: 827 corp: 11/59b lim: 6 exec/s: 0 rss: 57Mb L: 6/6 MS: 1 CopyPart-
#564	NEW    cov: 499 ft: 842 corp: 12/65b lim: 6 exec/s: 0 rss: 57Mb L: 6/6 MS: 2 ChangeBit-ChangeByte-
#779	NEW    cov: 509 ft: 852 corp: 13/72b lim: 8 exec/s: 0 rss: 57Mb L: 7/7 MS: 5 InsertRepeatedBytes-ChangeByte-ChangeBit-ShuffleBytes-CopyPart-
#796	NEW    cov: 509 ft: 855 corp: 14/79b lim: 8 exec/s: 0 rss: 57Mb L: 7/7 MS: 2 CrossOver-InsertByte-
#802	NEW    cov: 515 ft: 940 corp: 15/85b lim: 8 exec/s: 0 rss: 57Mb L: 6/7 MS: 1 ChangeBit-
#803	NEW    cov: 518 ft: 944 corp: 16/92b lim: 8 exec/s: 0 rss: 57Mb L: 7/7 MS: 1 InsertByte-
#806	NEW    cov: 518 ft: 960 corp: 17/100b lim: 8 exec/s: 0 rss: 57Mb L: 8/8 MS: 3 CrossOver-CopyPart-ChangeByte-
#813	NEW    cov: 519 ft: 961 corp: 18/107b lim: 8 exec/s: 0 rss: 57Mb L: 7/8 MS: 2 CrossOver-ChangeBit-
#822	NEW    cov: 520 ft: 963 corp: 19/113b lim: 8 exec/s: 0 rss: 57Mb L: 6/8 MS: 4 ChangeBinInt-ChangeByte-ChangeBit-CMP- DE: "\015\012"-
#823	NEW    cov: 520 ft: 964 corp: 20/120b lim: 8 exec/s: 0 rss: 57Mb L: 7/8 MS: 1 ChangeByte-
#824	NEW    cov: 593 ft: 1159 corp: 21/127b lim: 8 exec/s: 0 rss: 57Mb L: 7/8 MS: 1 InsertByte-
#830	NEW    cov: 593 ft: 1160 corp: 22/134b lim: 8 exec/s: 0 rss: 57Mb L: 7/8 MS: 1 CopyPart-
#842	NEW    cov: 594 ft: 1161 corp: 23/141b lim: 8 exec/s: 0 rss: 57Mb L: 7/8 MS: 2 EraseBytes-PersAutoDict- DE: "\015\012"-
#846	NEW    cov: 594 ft: 1167 corp: 24/149b lim: 8 exec/s: 0 rss: 57Mb L: 8/8 MS: 4 ChangeByte-EraseBytes-ChangeBinInt-CrossOver-
#859	NEW    cov: 594 ft: 1169 corp: 25/157b lim: 8 exec/s: 0 rss: 57Mb L: 8/8 MS: 3 CrossOver-ChangeByte-InsertByte-
#863	NEW    cov: 594 ft: 1173 corp: 26/165b lim: 8 exec/s: 0 rss: 57Mb L: 8/8 MS: 4 EraseBytes-ChangeBit-ChangeByte-CopyPart-
#889	NEW    cov: 594 ft: 1174 corp: 27/172b lim: 8 exec/s: 0 rss: 57Mb L: 7/8 MS: 1 InsertByte-
#899	NEW    cov: 594 ft: 1175 corp: 28/180b lim: 8 exec/s: 0 rss: 57Mb L: 8/8 MS: 5 ChangeBinInt-EraseBytes-CrossOver-CMP-ChangeBit- DE: "\001\000\000\000"-
#908	NEW    cov: 594 ft: 1186 corp: 29/187b lim: 8 exec/s: 0 rss: 57Mb L: 7/8 MS: 4 InsertByte-ChangeBit-ChangeByte-ShuffleBytes-
#927	NEW    cov: 594 ft: 1192 corp: 30/195b lim: 8 exec/s: 0 rss: 57Mb L: 8/8 MS: 4 ShuffleBytes-ChangeByte-EraseBytes-CopyPart-
#928	NEW    cov: 594 ft: 1195 corp: 31/202b lim: 8 exec/s: 0 rss: 57Mb L: 7/8 MS: 1 PersAutoDict- DE: "\377\377\377\377"-
#971	NEW    cov: 594 ft: 1206 corp: 32/210b lim: 8 exec/s: 0 rss: 57Mb L: 8/8 MS: 3 CrossOver-CopyPart-CopyPart-
#993	NEW    cov: 594 ft: 1209 corp: 33/218b lim: 8 exec/s: 0 rss: 57Mb L: 8/8 MS: 2 ChangeBit-CopyPart-
#996	NEW    cov: 594 ft: 1213 corp: 34/226b lim: 8 exec/s: 0 rss: 57Mb L: 8/8 MS: 3 CopyPart-CopyPart-ShuffleBytes-
#1067	NEW    cov: 594 ft: 1219 corp: 35/233b lim: 8 exec/s: 1067 rss: 57Mb L: 7/8 MS: 1 ChangeBit-
#1078	NEW    cov: 594 ft: 1226 corp: 36/241b lim: 8 exec/s: 1078 rss: 57Mb L: 8/8 MS: 1 ChangeByte-
#1086	NEW    cov: 594 ft: 1230 corp: 37/249b lim: 8 exec/s: 1086 rss: 57Mb L: 8/8 MS: 3 ChangeBinInt-ChangeBinInt-CMP- DE: "\015\012"-
#1098	NEW    cov: 594 ft: 1231 corp: 38/257b lim: 8 exec/s: 1098 rss: 57Mb L: 8/8 MS: 2 ChangeByte-ShuffleBytes-
#1100	NEW    cov: 594 ft: 1232 corp: 39/265b lim: 8 exec/s: 1100 rss: 57Mb L: 8/8 MS: 2 ShuffleBytes-InsertByte-
#1166	NEW    cov: 594 ft: 1235 corp: 40/272b lim: 8 exec/s: 1166 rss: 57Mb L: 7/8 MS: 1 InsertByte-
#1253	NEW    cov: 594 ft: 1236 corp: 41/280b lim: 8 exec/s: 1253 rss: 57Mb L: 8/8 MS: 2 CopyPart-CrossOver-
#1275	NEW    cov: 596 ft: 1241 corp: 42/288b lim: 8 exec/s: 1275 rss: 57Mb L: 8/8 MS: 2 ChangeByte-PersAutoDict- DE: "\015\012"-
#1317	NEW    cov: 596 ft: 1243 corp: 43/295b lim: 8 exec/s: 1317 rss: 57Mb L: 7/8 MS: 2 CopyPart-ChangeBinInt-
#1323	NEW    cov: 637 ft: 1301 corp: 44/301b lim: 8 exec/s: 1323 rss: 57Mb L: 6/8 MS: 1 CopyPart-
#1354	NEW    cov: 637 ft: 1498 corp: 45/308b lim: 8 exec/s: 1354 rss: 57Mb L: 7/8 MS: 1 CrossOver-
#1355	NEW    cov: 643 ft: 1504 corp: 46/315b lim: 8 exec/s: 1355 rss: 57Mb L: 7/8 MS: 1 ShuffleBytes-
#1396	REDUCE cov: 643 ft: 1504 corp: 46/314b lim: 8 exec/s: 1396 rss: 57Mb L: 6/8 MS: 1 EraseBytes-
#1414	NEW    cov: 643 ft: 1509 corp: 47/322b lim: 8 exec/s: 1414 rss: 57Mb L: 8/8 MS: 3 ChangeBit-ChangeBit-ChangeByte-
#1442	NEW    cov: 643 ft: 1510 corp: 48/330b lim: 8 exec/s: 1442 rss: 57Mb L: 8/8 MS: 3 CrossOver-CrossOver-ChangeBinInt-
#1463	REDUCE cov: 648 ft: 1516 corp: 49/337b lim: 8 exec/s: 1463 rss: 57Mb L: 7/8 MS: 1 CrossOver-
#1514	NEW    cov: 650 ft: 1524 corp: 50/345b lim: 8 exec/s: 1514 rss: 57Mb L: 8/8 MS: 1 InsertByte-
#1525	NEW    cov: 654 ft: 1528 corp: 51/352b lim: 8 exec/s: 1525 rss: 57Mb L: 7/8 MS: 1 CrossOver-
#1536	NEW    cov: 654 ft: 1529 corp: 52/359b lim: 8 exec/s: 1536 rss: 57Mb L: 7/8 MS: 1 ShuffleBytes-
#1538	NEW    cov: 656 ft: 1531 corp: 53/367b lim: 8 exec/s: 1538 rss: 57Mb L: 8/8 MS: 2 ChangeByte-CrossOver-
#1574	NEW    cov: 656 ft: 1532 corp: 54/374b lim: 8 exec/s: 1574 rss: 57Mb L: 7/8 MS: 1 ChangeBit-
#1590	NEW    cov: 656 ft: 1536 corp: 55/382b lim: 8 exec/s: 1590 rss: 57Mb L: 8/8 MS: 1 CrossOver-
#1593	NEW    cov: 678 ft: 1570 corp: 56/390b lim: 8 exec/s: 1593 rss: 57Mb L: 8/8 MS: 3 ChangeBit-ChangeBinInt-CopyPart-
#1595	NEW    cov: 678 ft: 1573 corp: 57/397b lim: 8 exec/s: 1595 rss: 57Mb L: 7/8 MS: 2 CrossOver-InsertByte-
#1601	NEW    cov: 678 ft: 1575 corp: 58/404b lim: 8 exec/s: 1601 rss: 57Mb L: 7/8 MS: 1 ShuffleBytes-
#1748	NEW    cov: 682 ft: 1645 corp: 59/412b lim: 8 exec/s: 1748 rss: 57Mb L: 8/8 MS: 2 ChangeASCIIInt-InsertByte-
#1877	NEW    cov: 682 ft: 1646 corp: 60/418b lim: 8 exec/s: 1877 rss: 57Mb L: 6/8 MS: 4 EraseBytes-ChangeBinInt-ChangeBit-InsertByte-
#1893	NEW    cov: 682 ft: 1651 corp: 61/425b lim: 8 exec/s: 1893 rss: 57Mb L: 7/8 MS: 1 ChangeBinInt-
#1924	NEW    cov: 682 ft: 1655 corp: 62/432b lim: 8 exec/s: 1924 rss: 57Mb L: 7/8 MS: 1 InsertByte-
#1958	NEW    cov: 682 ft: 1656 corp: 63/440b lim: 8 exec/s: 979 rss: 57Mb L: 8/8 MS: 4 ShuffleBytes-CopyPart-ShuffleBytes-CopyPart-
#1969	NEW    cov: 682 ft: 1658 corp: 64/448b lim: 8 exec/s: 984 rss: 57Mb L: 8/8 MS: 1 CrossOver-
#2029	NEW    cov: 687 ft: 1691 corp: 65/456b lim: 8 exec/s: 1014 rss: 57Mb L: 8/8 MS: 5 CMP-InsertByte-ChangeByte-ShuffleBytes-InsertByte- DE: "\015\012"-
#2045	NEW    cov: 687 ft: 1744 corp: 66/464b lim: 8 exec/s: 1022 rss: 57Mb L: 8/8 MS: 1 InsertByte-
#2048	pulse  cov: 687 ft: 1744 corp: 66/464b lim: 8 exec/s: 1024 rss: 57Mb
#2055	NEW    cov: 687 ft: 1764 corp: 67/471b lim: 8 exec/s: 1027 rss: 57Mb L: 7/8 MS: 5 PersAutoDict-ChangeBit-ChangeBit-ChangeByte-CrossOver- DE: "\377\377\377\377"-
#2171	NEW    cov: 687 ft: 1765 corp: 68/479b lim: 8 exec/s: 1085 rss: 57Mb L: 8/8 MS: 1 CrossOver-
#2218	NEW    cov: 687 ft: 1768 corp: 69/487b lim: 8 exec/s: 1109 rss: 57Mb L: 8/8 MS: 2 ChangeBit-ShuffleBytes-
#2237	NEW    cov: 688 ft: 1769 corp: 70/495b lim: 8 exec/s: 1118 rss: 57Mb L: 8/8 MS: 4 ChangeByte-ShuffleBytes-ChangeByte-InsertByte-
#2443	NEW    cov: 703 ft: 1811 corp: 71/503b lim: 8 exec/s: 1221 rss: 57Mb L: 8/8 MS: 1 CrossOver-
#2465	NEW    cov: 704 ft: 1812 corp: 72/511b lim: 8 exec/s: 1232 rss: 57Mb L: 8/8 MS: 2 ChangeByte-CrossOver-
#2693	NEW    cov: 704 ft: 1819 corp: 73/519b lim: 8 exec/s: 1346 rss: 57Mb L: 8/8 MS: 3 EraseBytes-ShuffleBytes-CrossOver-
#2767	NEW    cov: 704 ft: 1821 corp: 74/527b lim: 8 exec/s: 1383 rss: 57Mb L: 8/8 MS: 4 ShuffleBytes-ChangeByte-ChangeByte-ChangeBinInt-
#2830	NEW    cov: 735 ft: 1929 corp: 75/535b lim: 8 exec/s: 1415 rss: 57Mb L: 8/8 MS: 3 ShuffleBytes-ShuffleBytes-CrossOver-
#2893	NEW    cov: 735 ft: 1930 corp: 76/543b lim: 8 exec/s: 1446 rss: 57Mb L: 8/8 MS: 3 ChangeBinInt-ShuffleBytes-CrossOver-
#2951	NEW    cov: 735 ft: 1932 corp: 77/550b lim: 8 exec/s: 1475 rss: 57Mb L: 7/8 MS: 3 CMP-EraseBytes-InsertByte- DE: "\377\377"-
#2955	NEW    cov: 735 ft: 1942 corp: 78/557b lim: 8 exec/s: 1477 rss: 57Mb L: 7/8 MS: 4 ChangeByte-EraseBytes-CopyPart-CrossOver-
#2980	NEW    cov: 735 ft: 1945 corp: 79/565b lim: 8 exec/s: 1490 rss: 57Mb L: 8/8 MS: 5 CrossOver-ChangeBit-ShuffleBytes-CrossOver-CopyPart-
#2997	NEW    cov: 736 ft: 1948 corp: 80/573b lim: 8 exec/s: 1498 rss: 57Mb L: 8/8 MS: 2 PersAutoDict-CMP- DE: "\015\012"-"for"-
#3104	NEW    cov: 736 ft: 1949 corp: 81/581b lim: 8 exec/s: 1034 rss: 57Mb L: 8/8 MS: 2 ShuffleBytes-InsertByte-
#3136	NEW    cov: 736 ft: 1952 corp: 82/589b lim: 8 exec/s: 1045 rss: 57Mb L: 8/8 MS: 2 CMP-ChangeByte- DE: "def"-
#3471	NEW    cov: 736 ft: 1954 corp: 83/600b lim: 11 exec/s: 1157 rss: 57Mb L: 11/11 MS: 5 InsertRepeatedBytes-CrossOver-ShuffleBytes-ShuffleBytes-ChangeBinInt-
#3486	NEW    cov: 736 ft: 1955 corp: 84/611b lim: 11 exec/s: 1162 rss: 57Mb L: 11/11 MS: 5 ChangeByte-CopyPart-ChangeBit-ShuffleBytes-CMP- DE: "uuu"-
#3491	NEW    cov: 736 ft: 1962 corp: 85/622b lim: 11 exec/s: 1163 rss: 57Mb L: 11/11 MS: 5 ChangeByte-ChangeByte-PersAutoDict-ShuffleBytes-CopyPart- DE: "def"-
#3507	NEW    cov: 736 ft: 1974 corp: 86/633b lim: 11 exec/s: 1169 rss: 57Mb L: 11/11 MS: 1 ShuffleBytes-
#3518	NEW    cov: 736 ft: 1978 corp: 87/642b lim: 11 exec/s: 1172 rss: 57Mb L: 9/11 MS: 1 CrossOver-
#3528	NEW    cov: 736 ft: 1981 corp: 88/653b lim: 11 exec/s: 1176 rss: 57Mb L: 11/11 MS: 5 ChangeByte-PersAutoDict-PersAutoDict-ChangeBinInt-ShuffleBytes- DE: "def"-"\001\000\000\000"-
#3545	NEW    cov: 736 ft: 1983 corp: 89/664b lim: 11 exec/s: 1181 rss: 57Mb L: 11/11 MS: 2 CMP-ShuffleBytes- DE: "\343\201\233"-
#3646	NEW    cov: 737 ft: 1984 corp: 90/674b lim: 11 exec/s: 1215 rss: 57Mb L: 10/11 MS: 1 CopyPart-
#3654	NEW    cov: 737 ft: 1991 corp: 91/683b lim: 11 exec/s: 1218 rss: 57Mb L: 9/11 MS: 3 ChangeBit-EraseBytes-CopyPart-
#3664	NEW    cov: 737 ft: 1992 corp: 92/694b lim: 11 exec/s: 1221 rss: 57Mb L: 11/11 MS: 5 ChangeByte-ChangeBit-InsertByte-CopyPart-ChangeBinInt-
#3690	NEW    cov: 737 ft: 2002 corp: 93/702b lim: 11 exec/s: 1230 rss: 57Mb L: 8/11 MS: 1 PersAutoDict- DE: "uuu"-
#3843	NEW    cov: 737 ft: 2004 corp: 94/711b lim: 11 exec/s: 1281 rss: 57Mb L: 9/11 MS: 3 CrossOver-ChangeBit-CrossOver-
#3898	NEW    cov: 737 ft: 2006 corp: 95/722b lim: 11 exec/s: 1299 rss: 57Mb L: 11/11 MS: 5 ChangeBinInt-PersAutoDict-CrossOver-ChangeBit-ShuffleBytes- DE: "for"-
#3900	NEW    cov: 762 ft: 2183 corp: 96/732b lim: 11 exec/s: 1300 rss: 57Mb L: 10/11 MS: 2 ChangeBinInt-CopyPart-
#4096	pulse  cov: 762 ft: 2183 corp: 96/732b lim: 11 exec/s: 1024 rss: 57Mb
#4114	NEW    cov: 762 ft: 2184 corp: 97/742b lim: 11 exec/s: 1028 rss: 57Mb L: 10/11 MS: 4 ChangeByte-EraseBytes-InsertByte-CrossOver-
#4279	NEW    cov: 773 ft: 2275 corp: 98/752b lim: 11 exec/s: 1069 rss: 57Mb L: 10/11 MS: 5 CopyPart-ChangeBit-InsertByte-InsertByte-CopyPart-
#4330	NEW    cov: 773 ft: 2277 corp: 99/763b lim: 11 exec/s: 1082 rss: 57Mb L: 11/11 MS: 1 CopyPart-
#4350	NEW    cov: 773 ft: 2278 corp: 100/774b lim: 11 exec/s: 1087 rss: 57Mb L: 11/11 MS: 5 CrossOver-ChangeBit-CopyPart-InsertByte-ChangeBinInt-
#4426	NEW    cov: 773 ft: 2279 corp: 101/785b lim: 11 exec/s: 1106 rss: 57Mb L: 11/11 MS: 1 ShuffleBytes-
#4673	NEW    cov: 780 ft: 2368 corp: 102/796b lim: 11 exec/s: 1168 rss: 57Mb L: 11/11 MS: 2 CrossOver-ChangeByte-
#4924	NEW    cov: 839 ft: 2466 corp: 103/807b lim: 11 exec/s: 984 rss: 57Mb L: 11/11 MS: 1 ChangeByte-
#4985	NEW    cov: 839 ft: 2478 corp: 104/818b lim: 11 exec/s: 997 rss: 57Mb L: 11/11 MS: 1 ChangeByte-
#5021	NEW    cov: 840 ft: 2484 corp: 105/828b lim: 11 exec/s: 1004 rss: 57Mb L: 10/11 MS: 1 ShuffleBytes-
#5023	REDUCE cov: 840 ft: 2484 corp: 105/827b lim: 11 exec/s: 1004 rss: 57Mb L: 7/11 MS: 2 EraseBytes-InsertByte-
#5117	NEW    cov: 843 ft: 2491 corp: 106/837b lim: 11 exec/s: 1023 rss: 57Mb L: 10/11 MS: 4 InsertByte-CopyPart-ShuffleBytes-CopyPart-
#5125	REDUCE cov: 843 ft: 2491 corp: 106/836b lim: 11 exec/s: 1025 rss: 57Mb L: 9/11 MS: 3 ChangeBit-ChangeBinInt-EraseBytes-
#5222	NEW    cov: 843 ft: 2514 corp: 107/847b lim: 11 exec/s: 1044 rss: 57Mb L: 11/11 MS: 2 ChangeByte-InsertByte-
#5223	NEW    cov: 843 ft: 2526 corp: 108/854b lim: 11 exec/s: 1044 rss: 57Mb L: 7/11 MS: 1 CopyPart-
#5481	NEW    cov: 843 ft: 2527 corp: 109/863b lim: 11 exec/s: 1096 rss: 57Mb L: 9/11 MS: 3 ChangeBinInt-ShuffleBytes-InsertByte-
#5492	NEW    cov: 843 ft: 2529 corp: 110/874b lim: 11 exec/s: 1098 rss: 57Mb L: 11/11 MS: 1 CopyPart-
#5515	NEW    cov: 843 ft: 2530 corp: 111/883b lim: 11 exec/s: 1103 rss: 57Mb L: 9/11 MS: 3 ChangeBit-ShuffleBytes-CopyPart-
#5525	NEW    cov: 843 ft: 2560 corp: 112/894b lim: 11 exec/s: 920 rss: 57Mb L: 11/11 MS: 5 ChangeBinInt-InsertByte-InsertByte-ChangeBinInt-CrossOver-
#5540	NEW    cov: 843 ft: 2565 corp: 113/905b lim: 11 exec/s: 923 rss: 57Mb L: 11/11 MS: 5 ChangeBit-CMP-ShuffleBytes-ShuffleBytes-CrossOver- DE: "Rd"-
#5604	NEW    cov: 843 ft: 2574 corp: 114/914b lim: 11 exec/s: 934 rss: 57Mb L: 9/11 MS: 4 ShuffleBytes-EraseBytes-CMP-InsertByte- DE: "[+"-
#5988	NEW    cov: 843 ft: 2577 corp: 115/928b lim: 14 exec/s: 998 rss: 57Mb L: 14/14 MS: 4 InsertByte-CopyPart-ChangeBit-ChangeByte-
#6021	NEW    cov: 844 ft: 2642 corp: 116/941b lim: 14 exec/s: 1003 rss: 57Mb L: 13/14 MS: 3 InsertByte-CrossOver-InsertRepeatedBytes-
#6070	NEW    cov: 844 ft: 2656 corp: 117/954b lim: 14 exec/s: 1011 rss: 57Mb L: 13/14 MS: 4 PersAutoDict-CopyPart-ChangeBinInt-PersAutoDict- DE: "def"-"\377\377"-
#6298	NEW    cov: 844 ft: 2662 corp: 118/965b lim: 14 exec/s: 899 rss: 57Mb L: 11/14 MS: 3 ChangeBit-ChangeBit-ChangeBinInt-
#6315	NEW    cov: 844 ft: 2667 corp: 119/976b lim: 14 exec/s: 902 rss: 57Mb L: 11/14 MS: 2 PersAutoDict-ShuffleBytes- DE: "[+"-
#6367	NEW    cov: 845 ft: 2722 corp: 120/990b lim: 14 exec/s: 909 rss: 57Mb L: 14/14 MS: 2 ChangeBinInt-CopyPart-
#6405	NEW    cov: 846 ft: 2723 corp: 121/999b lim: 14 exec/s: 915 rss: 57Mb L: 9/14 MS: 3 CrossOver-PersAutoDict-ChangeByte- DE: "def"-
#6410	NEW    cov: 847 ft: 2724 corp: 122/1011b lim: 14 exec/s: 915 rss: 57Mb L: 12/14 MS: 5 ChangeBit-ChangeByte-CopyPart-ChangeBinInt-ChangeBinInt-
#6463	NEW    cov: 848 ft: 2725 corp: 123/1019b lim: 14 exec/s: 923 rss: 57Mb L: 8/14 MS: 3 EraseBytes-EraseBytes-InsertByte-
#6505	NEW    cov: 848 ft: 2727 corp: 124/1032b lim: 14 exec/s: 929 rss: 57Mb L: 13/14 MS: 2 CopyPart-InsertRepeatedBytes-
#6708	REDUCE cov: 848 ft: 2732 corp: 125/1040b lim: 14 exec/s: 958 rss: 57Mb L: 8/14 MS: 3 CopyPart-ShuffleBytes-CopyPart-
#6709	NEW    cov: 848 ft: 2758 corp: 126/1052b lim: 14 exec/s: 958 rss: 57Mb L: 12/14 MS: 1 CopyPart-
#6772	NEW    cov: 848 ft: 2770 corp: 127/1065b lim: 14 exec/s: 967 rss: 57Mb L: 13/14 MS: 3 InsertByte-ShuffleBytes-EraseBytes-
#6825	NEW    cov: 869 ft: 2791 corp: 128/1079b lim: 14 exec/s: 975 rss: 57Mb L: 14/14 MS: 3 CopyPart-InsertByte-ShuffleBytes-
#6897	NEW    cov: 872 ft: 2794 corp: 129/1088b lim: 14 exec/s: 985 rss: 57Mb L: 9/14 MS: 2 EraseBytes-InsertByte-
#7003	NEW    cov: 873 ft: 2795 corp: 130/1097b lim: 14 exec/s: 875 rss: 57Mb L: 9/14 MS: 1 InsertByte-
#7023	NEW    cov: 873 ft: 2818 corp: 131/1111b lim: 14 exec/s: 877 rss: 57Mb L: 14/14 MS: 5 ChangeByte-ShuffleBytes-CrossOver-ChangeByte-CopyPart-
#7116	NEW    cov: 873 ft: 2820 corp: 132/1124b lim: 14 exec/s: 889 rss: 57Mb L: 13/14 MS: 3 ChangeByte-CMP-CMP- DE: "\377\377\377\377"-"lambda"-
#7407	NEW    cov: 874 ft: 2882 corp: 133/1135b lim: 14 exec/s: 925 rss: 57Mb L: 11/14 MS: 1 CopyPart-
#7484	NEW    cov: 874 ft: 2883 corp: 134/1149b lim: 14 exec/s: 935 rss: 57Mb L: 14/14 MS: 2 CopyPart-PersAutoDict- DE: "for"-
#7498	NEW    cov: 875 ft: 2884 corp: 135/1158b lim: 14 exec/s: 937 rss: 57Mb L: 9/14 MS: 4 ChangeBit-CopyPart-InsertRepeatedBytes-ChangeBinInt-
#7705	NEW    cov: 875 ft: 2902 corp: 136/1171b lim: 14 exec/s: 856 rss: 57Mb L: 13/14 MS: 2 PersAutoDict-ChangeBinInt- DE: "lambda"-
#7868	REDUCE cov: 875 ft: 2902 corp: 136/1170b lim: 14 exec/s: 874 rss: 57Mb L: 12/14 MS: 3 InsertByte-ShuffleBytes-EraseBytes-
#7925	NEW    cov: 875 ft: 2903 corp: 137/1184b lim: 14 exec/s: 880 rss: 57Mb L: 14/14 MS: 2 ShuffleBytes-InsertRepeatedBytes-
#8192	pulse  cov: 875 ft: 2903 corp: 137/1184b lim: 14 exec/s: 910 rss: 57Mb
#8266	REDUCE cov: 875 ft: 2903 corp: 137/1178b lim: 17 exec/s: 918 rss: 57Mb L: 8/14 MS: 1 EraseBytes-
#8318	NEW    cov: 875 ft: 2925 corp: 138/1195b lim: 17 exec/s: 831 rss: 57Mb L: 17/17 MS: 2 PersAutoDict-CopyPart- DE: "for"-
#8355	NEW    cov: 875 ft: 2929 corp: 139/1209b lim: 17 exec/s: 835 rss: 57Mb L: 14/17 MS: 2 ShuffleBytes-CopyPart-
#8506	NEW    cov: 875 ft: 2933 corp: 140/1225b lim: 17 exec/s: 850 rss: 57Mb L: 16/17 MS: 1 InsertRepeatedBytes-
#8517	NEW    cov: 875 ft: 2934 corp: 141/1239b lim: 17 exec/s: 851 rss: 57Mb L: 14/17 MS: 1 ShuffleBytes-
#8583	REDUCE cov: 875 ft: 2934 corp: 141/1238b lim: 17 exec/s: 858 rss: 57Mb L: 11/17 MS: 1 EraseBytes-
#8604	NEW    cov: 875 ft: 2937 corp: 142/1253b lim: 17 exec/s: 860 rss: 57Mb L: 15/17 MS: 1 CopyPart-
#8734	NEW    cov: 875 ft: 2938 corp: 143/1267b lim: 17 exec/s: 873 rss: 57Mb L: 14/17 MS: 5 CopyPart-InsertByte-PersAutoDict-InsertRepeatedBytes-InsertByte- DE: "\377\377\377\377"-
#8846	NEW    cov: 876 ft: 2939 corp: 144/1277b lim: 17 exec/s: 884 rss: 57Mb L: 10/17 MS: 2 InsertByte-EraseBytes-
#8932	REDUCE cov: 876 ft: 2939 corp: 144/1274b lim: 17 exec/s: 893 rss: 57Mb L: 11/17 MS: 1 EraseBytes-
#8932	DONE   cov: 876 ft: 2939 corp: 144/1274b lim: 17 exec/s: 812 rss: 57Mb
###### Recommended dictionary. ######
"\377\377\377\377" # Uses: 133
"\015\012" # Uses: 114
"\001\000\000\000" # Uses: 86
"\377\377" # Uses: 68
"for" # Uses: 67
"def" # Uses: 57
"uuu" # Uses: 46
"\343\201\233" # Uses: 41
"Rd" # Uses: 28
"[+" # Uses: 31
"lambda" # Uses: 8
###### End of recommended dictionary. ######
Done 8932 runs in 11 second(s)
