INFO: Instrumenting torch
INFO: Instrumenting ctypes
INFO: Instrumenting struct
INFO: Instrumenting ctypes._endian
INFO: Instrumenting glob
INFO: Instrumenting platform
INFO: Instrumenting typing_extensions
INFO: Instrumenting torch._utils
INFO: Instrumenting torch._utils_internal
INFO: Instrumenting torch._strobelight
INFO: Instrumenting torch._strobelight.compile_time_profiler
INFO: Instrumenting json
INFO: Instrumenting json.decoder
INFO: Instrumenting json.scanner
INFO: Instrumenting json.encoder
INFO: Instrumenting subprocess
INFO: Instrumenting locale
INFO: Instrumenting _locale
WARNING: It looks like this module is imported by a custom loader. Atheris has experimental support for this. However, it may be incompatible with certain libraries. If you experience unusual errors or poor coverage collection, try atheris.instrument_all() instead, add enable_loader_override=False to instrument_imports(), or file an issue on GitHub.
INFO: Instrumenting signal
INFO: Instrumenting selectors
INFO: Instrumenting datetime
INFO: Instrumenting socket
INFO: Instrumenting torch._strobelight.cli_function_profiler
INFO: Instrumenting timeit
INFO: Instrumenting torch.torch_version
INFO: Instrumenting torch._vendor
INFO: Instrumenting torch._vendor.packaging
INFO: Instrumenting torch._vendor.packaging.version
INFO: Instrumenting torch._vendor.packaging._structures
INFO: Instrumenting torch.version
INFO: Instrumenting numpy
INFO: Instrumenting numpy.version
INFO: Instrumenting numpy._expired_attrs_2_0
INFO: Instrumenting numpy._globals
INFO: Instrumenting numpy._utils
INFO: Instrumenting numpy._utils._convertions
INFO: Instrumenting numpy._distributor_init
INFO: Instrumenting numpy.__config__
INFO: Instrumenting numpy._core
INFO: Instrumenting numpy._core.multiarray
INFO: Instrumenting numpy.exceptions
INFO: Instrumenting numpy._core._exceptions
INFO: Instrumenting numpy._core.printoptions
INFO: Instrumenting contextvars
INFO: Instrumenting numpy.dtypes
INFO: Instrumenting numpy._core.overrides
INFO: Instrumenting numpy._utils._inspect
INFO: Instrumenting numpy._core.umath
INFO: Instrumenting numpy._core.numerictypes
INFO: Instrumenting numbers
INFO: Instrumenting numpy._core._dtype
INFO: Instrumenting numpy._core._string_helpers
INFO: Instrumenting numpy._core._type_aliases
INFO: Instrumenting numpy._core.einsumfunc
INFO: Instrumenting numpy._core.numeric
INFO: Instrumenting numpy._core.shape_base
INFO: Instrumenting numpy._core.fromnumeric
INFO: Instrumenting numpy._core._methods
INFO: Instrumenting pickle
INFO: Instrumenting _compat_pickle
INFO: Instrumenting numpy._core._ufunc_config
INFO: Instrumenting numpy._core._asarray
INFO: Instrumenting numpy._core.arrayprint
INFO: Instrumenting numpy._core.function_base
INFO: Instrumenting numpy._core.getlimits
INFO: Instrumenting numpy._core.memmap
INFO: Instrumenting numpy._core.records
INFO: Instrumenting numpy._core._add_newdocs
INFO: Instrumenting numpy._core._add_newdocs_scalars
INFO: Instrumenting numpy._core._dtype_ctypes
INFO: Instrumenting numpy._core._internal
INFO: Instrumenting numpy._pytesttester
INFO: Instrumenting numpy.lib
INFO: Instrumenting numpy.lib._arraypad_impl
INFO: Instrumenting numpy.lib._index_tricks_impl
INFO: Instrumenting numpy.matrixlib
INFO: Instrumenting numpy.matrixlib.defmatrix
INFO: Instrumenting numpy.linalg
INFO: Instrumenting numpy.linalg._linalg
INFO: Instrumenting numpy._typing
INFO: Instrumenting numpy._typing._array_like
INFO: Instrumenting numpy._typing._nbit_base
INFO: Instrumenting numpy._typing._nested_sequence
INFO: Instrumenting numpy._typing._shape
INFO: Instrumenting numpy._typing._char_codes
INFO: Instrumenting numpy._typing._dtype_like
INFO: Instrumenting numpy._typing._nbit
INFO: Instrumenting numpy._typing._scalars
INFO: Instrumenting numpy._typing._ufunc
INFO: Instrumenting numpy.lib._twodim_base_impl
INFO: Instrumenting numpy.lib._stride_tricks_impl
INFO: Instrumenting numpy.lib.array_utils
INFO: Instrumenting numpy.lib._array_utils_impl
INFO: Instrumenting numpy.lib._function_base_impl
INFO: Instrumenting numpy.lib._histograms_impl
INFO: Instrumenting numpy.lib._arraysetops_impl
INFO: Instrumenting numpy.lib._arrayterator_impl
INFO: Instrumenting numpy.lib._nanfunctions_impl
INFO: Instrumenting numpy.lib._npyio_impl
INFO: Instrumenting numpy.lib.format
INFO: Instrumenting numpy.lib._format_impl
INFO: Instrumenting numpy.lib._utils_impl
INFO: Instrumenting numpy.lib._datasource
INFO: Instrumenting numpy.lib._iotools
INFO: Instrumenting numpy.lib._polynomial_impl
INFO: Instrumenting numpy.lib._type_check_impl
INFO: Instrumenting numpy.lib._ufunclike_impl
INFO: Instrumenting numpy.lib._shape_base_impl
INFO: Instrumenting numpy.lib._version
INFO: Instrumenting numpy.lib.introspect
INFO: Instrumenting numpy.lib.mixins
INFO: Instrumenting numpy.lib.npyio
INFO: Instrumenting numpy.lib.scimath
INFO: Instrumenting numpy.lib._scimath_impl
INFO: Instrumenting numpy.lib.stride_tricks
INFO: Instrumenting numpy._array_api_info
INFO: Instrumenting torch._tensor
INFO: Instrumenting torch._namedtensor_internals
INFO: Instrumenting torch.overrides
INFO: Instrumenting __future__
INFO: Instrumenting torch.storage
INFO: Instrumenting torch.types
INFO: Instrumenting torch.amp
INFO: Instrumenting torch.amp.autocast_mode
INFO: Instrumenting torch.amp.grad_scaler
INFO: Instrumenting torch.random
INFO: Instrumenting torch.serialization
INFO: Instrumenting difflib
INFO: Instrumenting heapq
INFO: Instrumenting tarfile
INFO: Instrumenting pwd
INFO: Instrumenting torch._weights_only_unpickler
INFO: Instrumenting torch._sources
INFO: Instrumenting torch._tensor_str
INFO: Instrumenting torch.cuda
INFO: Instrumenting torch.cuda.gds
INFO: Instrumenting torch.cuda._utils
INFO: Instrumenting torch.cuda.graphs
INFO: Instrumenting torch.cuda.streams
INFO: Instrumenting pynvml
INFO: Instrumenting ctypes.util
INFO: Instrumenting torch.cuda.memory
INFO: Instrumenting torch.cuda._memory_viz
INFO: Instrumenting base64
INFO: Instrumenting asyncio
INFO: Instrumenting asyncio.base_events
INFO: Instrumenting concurrent
INFO: Instrumenting concurrent.futures
INFO: Instrumenting concurrent.futures._base
INFO: Instrumenting ssl
INFO: Instrumenting asyncio.constants
INFO: Instrumenting asyncio.coroutines
INFO: Instrumenting asyncio.events
INFO: Instrumenting asyncio.format_helpers
INFO: Instrumenting asyncio.base_futures
INFO: Instrumenting asyncio.exceptions
INFO: Instrumenting asyncio.base_tasks
INFO: Instrumenting asyncio.futures
INFO: Instrumenting asyncio.protocols
INFO: Instrumenting asyncio.sslproto
INFO: Instrumenting asyncio.transports
INFO: Instrumenting asyncio.log
INFO: Instrumenting asyncio.staggered
INFO: Instrumenting asyncio.locks
INFO: Instrumenting asyncio.mixins
INFO: Instrumenting asyncio.tasks
INFO: Instrumenting asyncio.trsock
INFO: Instrumenting asyncio.runners
INFO: Instrumenting asyncio.queues
INFO: Instrumenting asyncio.streams
INFO: Instrumenting asyncio.subprocess
INFO: Instrumenting asyncio.taskgroups
INFO: Instrumenting asyncio.timeouts
INFO: Instrumenting asyncio.threads
INFO: Instrumenting asyncio.unix_events
INFO: Instrumenting asyncio.base_subprocess
INFO: Instrumenting asyncio.selector_events
INFO: Instrumenting torch.cuda.random
INFO: Instrumenting torch.cuda.amp
INFO: Instrumenting torch.cuda.amp.autocast_mode
INFO: Instrumenting torch.cuda.amp.common
INFO: Instrumenting importlib.util
INFO: Instrumenting torch.cuda.amp.grad_scaler
INFO: Instrumenting torch.cuda.jiterator
INFO: Instrumenting torch.cuda.nvtx
INFO: Instrumenting torch.cuda.profiler
INFO: Instrumenting torch.cuda.sparse
INFO: Instrumenting torch.cuda.tunable
INFO: Instrumenting multiprocessing
INFO: Instrumenting multiprocessing.context
INFO: Instrumenting multiprocessing.process
INFO: Instrumenting multiprocessing.reduction
INFO: Instrumenting torch.sparse
INFO: Instrumenting torch.sparse.semi_structured
INFO: Instrumenting torch.sparse._semi_structured_conversions
INFO: Instrumenting torch.sparse._semi_structured_ops
INFO: Instrumenting torch._compile
INFO: Instrumenting torch._VF
INFO: Instrumenting torch.functional
INFO: Instrumenting torch.nn
INFO: Instrumenting torch.nn.parameter
INFO: Instrumenting torch.nn.modules
INFO: Instrumenting torch.nn.modules.module
INFO: Instrumenting torch._prims_common
INFO: Instrumenting torch.utils
INFO: Instrumenting torch.utils.backcompat
INFO: Instrumenting torch.utils.collect_env
INFO: Instrumenting torch.utils.data
INFO: Instrumenting torch.utils.data.dataloader
INFO: Instrumenting queue
INFO: Instrumenting torch.distributed
INFO: Instrumenting pdb
INFO: Instrumenting cmd
INFO: Instrumenting bdb
INFO: Instrumenting code
INFO: Instrumenting codeop
INFO: Instrumenting pprint
INFO: Instrumenting torch.distributed.device_mesh
INFO: Instrumenting torch.utils._typing_utils
INFO: Instrumenting torch.distributed.distributed_c10d
INFO: Instrumenting hashlib
INFO: Instrumenting torch.monitor
INFO: Instrumenting torch.distributed.c10d_logger
INFO: Instrumenting torch.distributed.logging_handlers
INFO: Instrumenting torch.distributed.constants
INFO: Instrumenting torch.distributed.rendezvous
INFO: Instrumenting torch.distributed.remote_device
INFO: Instrumenting torch.utils.data.graph_settings
INFO: Instrumenting torch.utils.data.datapipes
INFO: Instrumenting torch.utils.data.datapipes.dataframe
INFO: Instrumenting torch.utils.data.datapipes.dataframe.dataframes
INFO: Instrumenting torch.utils.data.datapipes._decorator
INFO: Instrumenting torch.utils.data.datapipes._typing
INFO: Instrumenting torch.utils.data.datapipes._hook_iterator
INFO: Instrumenting torch.utils.data.datapipes.datapipe
INFO: Instrumenting torch.utils._import_utils
INFO: Instrumenting torch.utils.data.datapipes.utils
INFO: Instrumenting torch.utils.data.datapipes.utils.common
INFO: Instrumenting torch.utils.data.dataset
INFO: Instrumenting torch.utils.data.datapipes.dataframe.structures
INFO: Instrumenting torch.utils.data.datapipes.dataframe.dataframe_wrapper
INFO: Instrumenting torch.utils.data.datapipes.dataframe.datapipes
INFO: Instrumenting torch.utils.data.datapipes.iter
INFO: Instrumenting torch.utils.data.datapipes.iter.callable
INFO: Instrumenting torch.utils.data._utils
INFO: Instrumenting torch.utils.data._utils.collate
INFO: Instrumenting torch.utils.data._utils.fetch
INFO: Instrumenting torch.utils.data._utils.pin_memory
INFO: Instrumenting torch.utils.data._utils.signal_handling
INFO: Instrumenting torch.utils.data._utils.worker
INFO: Instrumenting torch.utils.data.datapipes.iter.combinatorics
INFO: Instrumenting torch.utils.data.sampler
INFO: Instrumenting torch.utils.data.datapipes.iter.combining
INFO: Instrumenting torch.utils.data.datapipes.iter.filelister
INFO: Instrumenting torch.utils.data.datapipes.iter.utils
INFO: Instrumenting torch.utils.data.datapipes.iter.fileopener
INFO: Instrumenting torch.utils.data.datapipes.iter.grouping
INFO: Instrumenting torch.utils.data.datapipes.iter.sharding
INFO: Instrumenting torch.utils.data.datapipes.iter.routeddecoder
INFO: Instrumenting torch.utils.data.datapipes.utils.decoder
INFO: Instrumenting torch.utils.data.datapipes.iter.selecting
INFO: Instrumenting torch.utils.data.datapipes.iter.streamreader
INFO: Instrumenting torch.utils.data.datapipes.map
INFO: Instrumenting torch.utils.data.datapipes.map.callable
INFO: Instrumenting torch.utils.data.datapipes.map.combinatorics
INFO: Instrumenting torch.utils.data.datapipes.map.combining
INFO: Instrumenting torch.utils.data.datapipes.map.grouping
INFO: Instrumenting torch.utils.data.datapipes.map.utils
INFO: Instrumenting torch.utils.data.graph
INFO: Instrumenting torch.utils.data.distributed
INFO: Instrumenting torch.utils.deterministic
INFO: Instrumenting torch.utils.hooks
INFO: Instrumenting torch.utils.backend_registration
INFO: Instrumenting torch.utils.cpp_backtrace
INFO: Instrumenting torch.utils.throughput_benchmark
INFO: Instrumenting torch.utils._python_dispatch
INFO: Instrumenting torchgen
INFO: Instrumenting torchgen.model
INFO: Instrumenting torchgen.utils
INFO: Instrumenting torchgen.code_template
INFO: Instrumenting torch.nn.modules.linear
INFO: Instrumenting torch.nn.functional
INFO: Instrumenting torch._jit_internal
INFO: Instrumenting torch.distributed.rpc
INFO: Instrumenting torch.distributed.autograd
INFO: Instrumenting torch.distributed.rpc.api
INFO: Instrumenting torch.futures
INFO: Instrumenting torch.distributed.rpc._utils
INFO: Instrumenting torch.distributed.rpc.constants
INFO: Instrumenting torch.distributed.rpc.internal
INFO: Instrumenting torch.distributed.rpc.backend_registry
INFO: Instrumenting torch.distributed.rpc.functions
INFO: Instrumenting torch.distributed.rpc.options
INFO: Instrumenting torch.distributed.rpc.server_process_global_profiler
INFO: Instrumenting torch.autograd
INFO: Instrumenting torch._vmap_internals
INFO: Instrumenting torch.utils._pytree
INFO: Instrumenting importlib.metadata
INFO: Instrumenting csv
INFO: Instrumenting email
INFO: Instrumenting zipfile
INFO: Instrumenting importlib.metadata._adapters
INFO: Instrumenting email.message
INFO: Instrumenting quopri
INFO: Instrumenting email.utils
INFO: Instrumenting email._parseaddr
INFO: Instrumenting calendar
INFO: Instrumenting email.charset
INFO: Instrumenting email.base64mime
INFO: Instrumenting email.quoprimime
INFO: Instrumenting email.errors
INFO: Instrumenting email.encoders
INFO: Instrumenting email._policybase
INFO: Instrumenting email.header
INFO: Instrumenting email._encoded_words
INFO: Instrumenting email.iterators
INFO: Instrumenting importlib.metadata._text
INFO: Instrumenting importlib.metadata._functools
INFO: Instrumenting importlib.metadata._meta
INFO: Instrumenting importlib.metadata._collections
INFO: Instrumenting importlib.metadata._itertools
INFO: Instrumenting torch.autograd.forward_ad
INFO: Instrumenting torch.autograd.grad_mode
INFO: Instrumenting torch.utils._contextlib
INFO: Instrumenting torch.autograd.functional
INFO: Instrumenting torch.autograd.graph
INFO: Instrumenting torch.autograd.variable
INFO: Instrumenting torch.autograd.anomaly_mode
INFO: Instrumenting torch.autograd.function
INFO: Instrumenting torch._functorch
INFO: Instrumenting torch._functorch.autograd_function
INFO: Instrumenting torch._functorch.apis
INFO: Instrumenting torch._functorch.utils
INFO: Instrumenting torch.utils._exposed_in
INFO: Instrumenting torch._functorch.vmap
INFO: Instrumenting torch._functorch.predispatch
INFO: Instrumenting torch._ops
INFO: Instrumenting torch._functorch.pyfunctorch
INFO: Instrumenting torch.autograd.gradcheck
INFO: Instrumenting torch.testing
INFO: Instrumenting torch.testing._utils
INFO: Instrumenting torch.testing._comparison
INFO: Instrumenting torch.testing._creation
INFO: Instrumenting torch.autograd.profiler
INFO: Instrumenting uuid
INFO: Instrumenting torch.autograd.profiler_util
INFO: Instrumenting torch.autograd.profiler_legacy
INFO: Instrumenting torch.package
INFO: Instrumenting torch.package.analyze
INFO: Instrumenting torch.package.analyze.find_first_use_of_broken_modules
INFO: Instrumenting torch.package.package_exporter
INFO: Instrumenting pickletools
INFO: Instrumenting torch.package._digraph
INFO: Instrumenting torch.package._importlib
INFO: Instrumenting torch.package._mangling
INFO: Instrumenting torch.package._package_pickler
INFO: Instrumenting torch.package.importer
INFO: Instrumenting torch.package._stdlib
INFO: Instrumenting torch.package.find_file_dependencies
INFO: Instrumenting torch.package.glob_group
INFO: Instrumenting torch.package.analyze.trace_dependencies
INFO: Instrumenting torch.package.analyze.is_from_package
INFO: Instrumenting torch.package.file_structure_representation
INFO: Instrumenting torch.package.package_importer
INFO: Instrumenting torch.package._directory_reader
INFO: Instrumenting torch.package._package_unpickler
INFO: Instrumenting torch._awaits
INFO: Instrumenting torch._torch_docs
INFO: Instrumenting torch.nn._reduction
INFO: Instrumenting torch.nn.grad
INFO: Instrumenting torch.nn.modules.utils
INFO: Instrumenting torch.nn.init
INFO: Instrumenting torch.nn.modules.lazy
INFO: Instrumenting torch.nn.modules.activation
INFO: Instrumenting torch.nn.modules.adaptive
INFO: Instrumenting torch.nn.modules.container
INFO: Instrumenting torch.nn.modules.batchnorm
INFO: Instrumenting torch.nn.modules._functions
INFO: Instrumenting torch.nn.modules.channelshuffle
INFO: Instrumenting torch.nn.modules.conv
INFO: Instrumenting torch.nn.common_types
INFO: Instrumenting torch.nn.modules.distance
INFO: Instrumenting torch.nn.modules.dropout
INFO: Instrumenting torch.nn.modules.flatten
INFO: Instrumenting torch.nn.modules.fold
INFO: Instrumenting torch.nn.modules.instancenorm
INFO: Instrumenting torch.nn.modules.loss
INFO: Instrumenting torch.nn.modules.normalization
INFO: Instrumenting torch.nn.modules.padding
INFO: Instrumenting torch.nn.modules.pixelshuffle
INFO: Instrumenting torch.nn.modules.pooling
INFO: Instrumenting torch.nn.modules.rnn
INFO: Instrumenting torch.nn.utils
INFO: Instrumenting torch.nn.utils.parametrizations
INFO: Instrumenting torch.nn.utils.parametrize
INFO: Instrumenting torch.__future__
INFO: Instrumenting torch.nn.utils.rnn
INFO: Instrumenting torch.nn.utils.stateless
INFO: Instrumenting torch.nn.utils._named_member_accessor
INFO: Instrumenting torch.nn.utils.clip_grad
INFO: Instrumenting torch.utils._foreach_utils
INFO: Instrumenting torch.nn.utils.convert_parameters
INFO: Instrumenting torch.nn.utils.fusion
INFO: Instrumenting torch.nn.utils.init
INFO: Instrumenting torch.nn.utils.memory_format
INFO: Instrumenting torch.nn.utils.spectral_norm
INFO: Instrumenting torch.nn.utils.weight_norm
INFO: Instrumenting torch.nn.modules.sparse
INFO: Instrumenting torch.nn.modules.transformer
INFO: Instrumenting torch.nn.modules.upsampling
INFO: Instrumenting torch.nn.attention
INFO: Instrumenting torch.backends
INFO: Instrumenting torch.backends.cpu
INFO: Instrumenting torch.backends.cuda
INFO: Instrumenting torch.backends.cudnn
INFO: Instrumenting torch.backends.cusparselt
INFO: Instrumenting torch.backends.kleidiai
INFO: Instrumenting torch.backends.mha
INFO: Instrumenting torch.backends.miopen
INFO: Instrumenting torch.backends.mkl
INFO: Instrumenting torch.backends.mkldnn
INFO: Instrumenting torch.backends.mps
INFO: Instrumenting torch.library
INFO: Instrumenting torch._library
INFO: Instrumenting torch._library.autograd
INFO: Instrumenting torch._library.utils
INFO: Instrumenting torch._library.fake_impl
INFO: Instrumenting torch._library.simple_registry
INFO: Instrumenting torch._library.fake_class_registry
INFO: Instrumenting torch._library.triton
INFO: Instrumenting torch._library.custom_ops
INFO: Instrumenting torch._library.infer_schema
INFO: Instrumenting torch.backends.nnpack
INFO: Instrumenting torch.backends.openmp
INFO: Instrumenting torch.backends.opt_einsum
INFO: Instrumenting torch.backends.quantized
INFO: Instrumenting torch.nn.parallel
INFO: Instrumenting torch.nn.parallel.data_parallel
INFO: Instrumenting torch.nn.parallel.parallel_apply
INFO: Instrumenting torch.nn.parallel.replicate
INFO: Instrumenting torch.nn.parallel.comm
INFO: Instrumenting torch.cuda.nccl
INFO: Instrumenting torch.nn.parallel.scatter_gather
INFO: Instrumenting torch.nn.parallel._functions
INFO: Instrumenting torch.nn.parallel.distributed
INFO: Instrumenting torch.distributed.algorithms
INFO: Instrumenting torch.distributed.algorithms.join
INFO: Instrumenting torch.distributed.utils
INFO: Instrumenting torch._lowrank
INFO: Instrumenting torch._linalg_utils
INFO: Instrumenting torch.__config__
INFO: Instrumenting torch.accelerator
INFO: Instrumenting torch.accelerator._utils
INFO: Instrumenting torch.accelerator.memory
INFO: Instrumenting torch.cpu
INFO: Instrumenting torch.cpu.amp
INFO: Instrumenting torch.cpu.amp.autocast_mode
INFO: Instrumenting torch.cpu.amp.grad_scaler
INFO: Instrumenting torch.distributions
INFO: Instrumenting torch.distributions.transforms
INFO: Instrumenting torch.distributions.constraints
INFO: Instrumenting torch.distributions.distribution
INFO: Instrumenting torch.distributions.utils
INFO: Instrumenting torch.distributions.bernoulli
INFO: Instrumenting torch.distributions.exp_family
INFO: Instrumenting torch.distributions.beta
INFO: Instrumenting torch.distributions.dirichlet
INFO: Instrumenting torch.distributions.binomial
INFO: Instrumenting torch.distributions.categorical
INFO: Instrumenting torch.distributions.cauchy
INFO: Instrumenting torch.distributions.chi2
INFO: Instrumenting torch.distributions.gamma
INFO: Instrumenting torch.distributions.constraint_registry
INFO: Instrumenting torch.distributions.continuous_bernoulli
INFO: Instrumenting torch.distributions.exponential
INFO: Instrumenting torch.distributions.fishersnedecor
INFO: Instrumenting torch.distributions.generalized_pareto
INFO: Instrumenting torch.distributions.geometric
INFO: Instrumenting torch.distributions.gumbel
INFO: Instrumenting torch.distributions.transformed_distribution
INFO: Instrumenting torch.distributions.independent
INFO: Instrumenting torch.distributions.uniform
INFO: Instrumenting torch.distributions.half_cauchy
INFO: Instrumenting torch.distributions.half_normal
INFO: Instrumenting torch.distributions.normal
INFO: Instrumenting torch.distributions.inverse_gamma
INFO: Instrumenting torch.distributions.kl
INFO: Instrumenting torch.distributions.laplace
INFO: Instrumenting torch.distributions.lowrank_multivariate_normal
INFO: Instrumenting torch.distributions.multivariate_normal
INFO: Instrumenting torch.distributions.one_hot_categorical
INFO: Instrumenting torch.distributions.pareto
INFO: Instrumenting torch.distributions.poisson
INFO: Instrumenting torch.distributions.kumaraswamy
INFO: Instrumenting torch.distributions.lkj_cholesky
INFO: Instrumenting torch.distributions.log_normal
INFO: Instrumenting torch.distributions.logistic_normal
INFO: Instrumenting torch.distributions.mixture_same_family
INFO: Instrumenting torch.distributions.multinomial
INFO: Instrumenting torch.distributions.negative_binomial
INFO: Instrumenting torch.distributions.relaxed_bernoulli
INFO: Instrumenting torch.distributions.relaxed_categorical
INFO: Instrumenting torch.distributions.studentT
INFO: Instrumenting torch.distributions.von_mises
INFO: Instrumenting torch.jit
INFO: Instrumenting torch.jit._async
INFO: Instrumenting torch.jit._builtins
INFO: Instrumenting torch.jit._await
INFO: Instrumenting torch.jit._decomposition_utils
INFO: Instrumenting torch.jit._freeze
INFO: Instrumenting torch.jit._script
INFO: Instrumenting torch._classes
INFO: Instrumenting torch.jit._fuser
INFO: Instrumenting torch.jit._monkeytype_config
INFO: Instrumenting torch.jit._recursive
INFO: Instrumenting torch.jit._check
INFO: Instrumenting torch.jit._state
INFO: Instrumenting torch.jit.frontend
INFO: Instrumenting torch.jit.annotations
INFO: Instrumenting torch.jit._dataclass_impls
INFO: Instrumenting torch.jit._serialization
INFO: Instrumenting torch.jit._ir_utils
INFO: Instrumenting torch.jit._trace
INFO: Instrumenting torch.distributions.weibull
INFO: Instrumenting torch.distributions.wishart
INFO: Instrumenting torch.fft
INFO: Instrumenting torch.hub
INFO: Instrumenting urllib.error
INFO: Instrumenting urllib.response
INFO: Instrumenting urllib.request
INFO: Instrumenting http
INFO: Instrumenting http.client
INFO: Instrumenting email.parser
INFO: Instrumenting email.feedparser
INFO: Instrumenting tqdm
INFO: Instrumenting tqdm._monitor
INFO: Instrumenting tqdm._tqdm_pandas
INFO: Instrumenting tqdm.cli
INFO: Instrumenting tqdm.std
INFO: Instrumenting tqdm.utils
INFO: Instrumenting tqdm.version
INFO: Instrumenting tqdm._dist_ver
INFO: Instrumenting tqdm.gui
INFO: Instrumenting torch.linalg
INFO: Instrumenting torch.mps
INFO: Instrumenting torch.mps.profiler
INFO: Instrumenting torch.mps.event
INFO: Instrumenting torch.mtia
INFO: Instrumenting torch.mtia._utils
INFO: Instrumenting torch.mtia.memory
INFO: Instrumenting torch.multiprocessing
INFO: Instrumenting torch.multiprocessing.reductions
INFO: Instrumenting multiprocessing.util
INFO: Instrumenting multiprocessing.resource_sharer
INFO: Instrumenting torch.multiprocessing.spawn
INFO: Instrumenting multiprocessing.connection
INFO: Instrumenting concurrent.futures.thread
INFO: Instrumenting torch.numa
INFO: Instrumenting torch.numa.binding
INFO: Instrumenting multiprocessing.resource_tracker
INFO: Instrumenting multiprocessing.spawn
INFO: Instrumenting runpy
INFO: Instrumenting torch.nested
INFO: Instrumenting torch.nested._internal
INFO: Instrumenting torch.nested._internal.nested_tensor
INFO: Instrumenting torch.nested._internal.nested_int
INFO: Instrumenting torch.fx
INFO: Instrumenting torch.fx.immutable_collections
INFO: Instrumenting torch.fx._compatibility
INFO: Instrumenting torch.fx._symbolic_trace
INFO: Instrumenting torch.fx._lazy_graph_module
INFO: Instrumenting torch.fx.graph_module
INFO: Instrumenting torch.fx.graph
INFO: Instrumenting torch.utils._dtype_abbrs
INFO: Instrumenting torch.fx._pytree
INFO: Instrumenting torch.return_types
INFO: Instrumenting torch.fx.node
INFO: Instrumenting torch.fx.operator_schemas
INFO: Instrumenting torch.fx.proxy
INFO: Instrumenting torch.fx.traceback
INFO: Instrumenting torch.utils._traceback
INFO: Instrumenting torch.fx.interpreter
INFO: Instrumenting torch._logging
INFO: Instrumenting torch._logging._registrations
INFO: Instrumenting torch._logging._internal
INFO: Instrumenting torch._logging.structured
INFO: Instrumenting torch._guards
INFO: Instrumenting unittest
INFO: Instrumenting unittest.result
INFO: Instrumenting unittest.util
INFO: Instrumenting unittest.case
INFO: Instrumenting unittest.suite
INFO: Instrumenting unittest.loader
INFO: Instrumenting unittest.main
INFO: Instrumenting argparse
INFO: Instrumenting gettext
INFO: Instrumenting unittest.runner
INFO: Instrumenting unittest.signals
INFO: Instrumenting unittest.mock
INFO: Instrumenting pkgutil
INFO: Instrumenting torch.utils._backport_slots
INFO: Instrumenting torch.utils.weak
INFO: Instrumenting torch.fx.config
INFO: Instrumenting torch.fx.subgraph_rewriter
INFO: Instrumenting torch.fx.experimental
INFO: Instrumenting torch.fx.experimental._constant_symnode
INFO: Instrumenting torch.optim
INFO: Instrumenting torch.optim.lr_scheduler
INFO: Instrumenting torch.optim.optimizer
INFO: Instrumenting torch.optim.swa_utils
INFO: Instrumenting torch.optim._adafactor
INFO: Instrumenting torch.optim._muon
INFO: Instrumenting torch.optim.adadelta
INFO: Instrumenting torch.optim.adagrad
INFO: Instrumenting torch.optim.adam
INFO: Instrumenting torch.optim.adamax
INFO: Instrumenting torch.optim.adamw
INFO: Instrumenting torch.optim.asgd
INFO: Instrumenting torch.optim.lbfgs
INFO: Instrumenting torch.optim.nadam
INFO: Instrumenting torch.optim.radam
INFO: Instrumenting torch.optim.rmsprop
INFO: Instrumenting torch.optim.rprop
INFO: Instrumenting torch.optim.sgd
INFO: Instrumenting torch.optim.sparse_adam
INFO: Instrumenting torch.optim._functional
INFO: Instrumenting torch.profiler
INFO: Instrumenting torch._environment
INFO: Instrumenting torch.profiler.profiler
INFO: Instrumenting gzip
INFO: Instrumenting torch.profiler._memory_profiler
INFO: Instrumenting torch.profiler._utils
INFO: Instrumenting torch.profiler.itt
INFO: Instrumenting torch.special
INFO: Instrumenting torch.xpu
INFO: Instrumenting torch.xpu._utils
INFO: Instrumenting torch.xpu.streams
INFO: Instrumenting torch.xpu.memory
INFO: Instrumenting torch.xpu.random
INFO: Instrumenting torch.signal
INFO: Instrumenting torch.signal.windows
INFO: Instrumenting torch.signal.windows.windows
INFO: Instrumenting torch.ao
INFO: Instrumenting torch.nn.intrinsic
INFO: Instrumenting torch.ao.nn
INFO: Instrumenting torch.ao.nn.intrinsic
INFO: Instrumenting torch.ao.nn.intrinsic.modules
INFO: Instrumenting torch.ao.nn.intrinsic.modules.fused
INFO: Instrumenting torch.nn.intrinsic.modules
INFO: Instrumenting torch.nn.intrinsic.modules.fused
INFO: Instrumenting torch.nn.intrinsic.qat
INFO: Instrumenting torch.nn.intrinsic.qat.modules
INFO: Instrumenting torch.nn.intrinsic.qat.modules.conv_fused
INFO: Instrumenting torch.ao.nn.intrinsic.qat
INFO: Instrumenting torch.ao.nn.intrinsic.qat.modules
INFO: Instrumenting torch.ao.nn.intrinsic.qat.modules.conv_fused
INFO: Instrumenting torch.ao.nn.qat
INFO: Instrumenting torch.ao.nn.qat.modules
INFO: Instrumenting torch.ao.nn.qat.modules.conv
INFO: Instrumenting torch.ao.nn.qat.modules.embedding_ops
INFO: Instrumenting torch.ao.nn.qat.modules.linear
INFO: Instrumenting torch.ao.nn.intrinsic.qat.modules.linear_fused
INFO: Instrumenting torch.ao.nn.intrinsic.qat.modules.linear_relu
INFO: Instrumenting torch.nn.intrinsic.qat.modules.linear_fused
INFO: Instrumenting torch.nn.intrinsic.qat.modules.linear_relu
INFO: Instrumenting torch.nn.intrinsic.quantized
INFO: Instrumenting torch.nn.intrinsic.quantized.dynamic
INFO: Instrumenting torch.nn.intrinsic.quantized.dynamic.modules
INFO: Instrumenting torch.nn.intrinsic.quantized.dynamic.modules.linear_relu
INFO: Instrumenting torch.ao.nn.intrinsic.quantized
INFO: Instrumenting torch.ao.nn.intrinsic.quantized.modules
INFO: Instrumenting torch.ao.nn.intrinsic.quantized.modules.bn_relu
INFO: Instrumenting torch.ao.nn.quantized
INFO: Instrumenting torch.ao.nn.quantized.functional
INFO: Instrumenting torch.ao.nn.quantized.modules
INFO: Instrumenting torch.ao.nn.quantizable
INFO: Instrumenting torch.ao.nn.quantizable.modules
INFO: Instrumenting torch.ao.nn.quantizable.modules.activation
INFO: Instrumenting torch.ao.nn.quantizable.modules.rnn
INFO: Instrumenting torch.ao.nn.quantized.modules.activation
INFO: Instrumenting torch.ao.nn.quantized.modules.batchnorm
INFO: Instrumenting torch.ao.nn.quantized.modules.conv
INFO: Instrumenting torch.ao.nn.quantized.modules.utils
INFO: Instrumenting torch.ao.nn.quantized.modules.dropout
INFO: Instrumenting torch.ao.nn.quantized.modules.embedding_ops
INFO: Instrumenting torch.ao.nn.quantized.modules.functional_modules
INFO: Instrumenting torch.ao.nn.quantized.modules.linear
INFO: Instrumenting torch.ao.nn.quantized.modules.normalization
INFO: Instrumenting torch.ao.nn.quantized.modules.rnn
INFO: Instrumenting torch.ao.nn.intrinsic.quantized.modules.conv_add
INFO: Instrumenting torch.ao.nn.intrinsic.quantized.modules.conv_relu
INFO: Instrumenting torch.ao.nn.intrinsic.quantized.modules.linear_relu
INFO: Instrumenting torch.ao.nn.intrinsic.quantized.dynamic
INFO: Instrumenting torch.ao.nn.intrinsic.quantized.dynamic.modules
INFO: Instrumenting torch.ao.nn.intrinsic.quantized.dynamic.modules.linear_relu
INFO: Instrumenting torch.ao.nn.quantized.dynamic
INFO: Instrumenting torch.ao.nn.quantized.dynamic.modules
INFO: Instrumenting torch.ao.nn.quantized.dynamic.modules.conv
INFO: Instrumenting torch.ao.nn.quantized.dynamic.modules.linear
INFO: Instrumenting torch.ao.nn.quantized.dynamic.modules.rnn
INFO: Instrumenting torch.nn.intrinsic.quantized.modules
INFO: Instrumenting torch.nn.intrinsic.quantized.modules.bn_relu
INFO: Instrumenting torch.nn.intrinsic.quantized.modules.conv_relu
INFO: Instrumenting torch.nn.intrinsic.quantized.modules.linear_relu
INFO: Instrumenting torch.nn.qat
INFO: Instrumenting torch.nn.qat.dynamic
INFO: Instrumenting torch.nn.qat.dynamic.modules
INFO: Instrumenting torch.nn.qat.dynamic.modules.linear
INFO: Instrumenting torch.ao.nn.qat.dynamic
INFO: Instrumenting torch.ao.nn.qat.dynamic.modules
INFO: Instrumenting torch.ao.nn.qat.dynamic.modules.linear
INFO: Instrumenting torch.nn.qat.modules
INFO: Instrumenting torch.nn.qat.modules.conv
INFO: Instrumenting torch.nn.qat.modules.embedding_ops
INFO: Instrumenting torch.nn.qat.modules.linear
INFO: Instrumenting torch.nn.quantizable
INFO: Instrumenting torch.nn.quantizable.modules
INFO: Instrumenting torch.nn.quantized
INFO: Instrumenting torch.nn.quantized.dynamic
INFO: Instrumenting torch.nn.quantized.functional
INFO: Instrumenting torch.nn.quantized.modules
INFO: Instrumenting torch._size_docs
INFO: Instrumenting torch._storage_docs
INFO: Instrumenting torch._tensor_docs
INFO: Instrumenting torch.quantization
INFO: Instrumenting torch.quantization.fake_quantize
INFO: Instrumenting torch.ao.quantization
INFO: Instrumenting torch.ao.quantization.fake_quantize
INFO: Instrumenting torch.ao.quantization.observer
INFO: Instrumenting torch.ao.quantization.utils
INFO: Instrumenting torch.ao.quantization.quant_type
INFO: Instrumenting torch.ao.quantization.fuse_modules
INFO: Instrumenting torch.ao.quantization.fuser_method_mappings
INFO: Instrumenting torch.ao.quantization.pt2e
INFO: Instrumenting torch.ao.quantization.pt2e._numeric_debugger
INFO: Instrumenting torch.ao.ns
INFO: Instrumenting torch.ao.ns.fx
INFO: Instrumenting torch.ao.ns.fx.utils
INFO: Instrumenting torch.ao.ns.fx.ns_types
INFO: Instrumenting torch.ao.quantization.pt2e.graph_utils
INFO: Instrumenting torch.export
INFO: Instrumenting torch.fx.passes
INFO: Instrumenting torch.fx.passes.graph_drawer
INFO: Instrumenting torch.fx.passes.shape_prop
INFO: Instrumenting torch._dispatch
INFO: Instrumenting torch._dispatch.python
INFO: Instrumenting torch._subclasses
INFO: Instrumenting torch._subclasses.fake_tensor
INFO: Instrumenting torch._library.fake_profile
INFO: Instrumenting torch._subclasses.meta_utils
INFO: Instrumenting torch.utils._mode_utils
INFO: Instrumenting torch.utils._stats
INFO: Instrumenting torch._subclasses._fake_tensor_utils
INFO: Instrumenting torch.fx.experimental.sym_node
INFO: Instrumenting torch._subclasses.fake_impls
INFO: Instrumenting torch._custom_op
INFO: Instrumenting torch._subclasses.fake_utils
INFO: Instrumenting torch.fx.passes.graph_manipulation
INFO: Instrumenting torch.fx.passes.net_min_base
INFO: Instrumenting torch.fx.passes.split_utils
INFO: Instrumenting torch.fx.passes.utils
INFO: Instrumenting torch.fx.passes.utils.common
INFO: Instrumenting torch.fx.passes.utils.matcher_utils
INFO: Instrumenting torch.fx.passes.tools_common
INFO: Instrumenting torch.fx.passes.operator_support
INFO: Instrumenting torch.fx.passes.param_fetch
INFO: Instrumenting torch.fx.passes.reinplace
INFO: Instrumenting torch.fx.passes.runtime_assert
INFO: Instrumenting torch.fx._utils
INFO: Instrumenting torch.fx.experimental.proxy_tensor
INFO: Instrumenting torch.utils._thunk
INFO: Instrumenting torch.fx.experimental._backward_state
INFO: Instrumenting torch.fx.passes.split_module
INFO: Instrumenting torch.fx.passes.splitter_base
INFO: Instrumenting torch.fx.passes.infra
INFO: Instrumenting torch.fx.passes.infra.pass_manager
INFO: Instrumenting torch.fx.passes.infra.pass_base
INFO: Instrumenting torch.export.custom_ops
INFO: Instrumenting torch.export.decomp_utils
INFO: Instrumenting torch._export
INFO: Instrumenting torch.export._tree_utils
INFO: Instrumenting torch.export.graph_signature
INFO: Instrumenting torch._export.wrappers
INFO: Instrumenting torch._custom_ops
INFO: Instrumenting torch._custom_op.impl
INFO: Instrumenting torch._custom_op.autograd
INFO: Instrumenting torch._export.utils
INFO: Instrumenting torch._subclasses.functional_tensor
INFO: Instrumenting torch._higher_order_ops
INFO: Instrumenting torch._higher_order_ops._invoke_quant
INFO: Instrumenting torch._higher_order_ops.base_hop
INFO: Instrumenting torch._higher_order_ops.auto_functionalize
INFO: Instrumenting torch._higher_order_ops.utils
INFO: Instrumenting torch._higher_order_ops.schema
INFO: Instrumenting torch._higher_order_ops.aoti_call_delegate
INFO: Instrumenting torch._higher_order_ops.associative_scan
INFO: Instrumenting torch._higher_order_ops.cond
INFO: Instrumenting torch._higher_order_ops.effects
INFO: Instrumenting torch._higher_order_ops.torchbind
INFO: Instrumenting torch._functorch._aot_autograd
INFO: Instrumenting torch._functorch._aot_autograd.utils
INFO: Instrumenting torch._functorch._aot_autograd.descriptors
INFO: Instrumenting torch._higher_order_ops.executorch_call_delegate
INFO: Instrumenting torch._higher_order_ops.flat_apply
INFO: Instrumenting torch._higher_order_ops.flex_attention
INFO: Instrumenting torch.utils.checkpoint
INFO: Instrumenting torch.testing._internal
INFO: Instrumenting torch.testing._internal.logging_tensor
INFO: Instrumenting torch._higher_order_ops.foreach_map
INFO: Instrumenting torch._higher_order_ops.hints_wrap
INFO: Instrumenting torch._higher_order_ops.invoke_subgraph
INFO: Instrumenting torch._higher_order_ops.map
INFO: Instrumenting torch._higher_order_ops.out_dtype
INFO: Instrumenting torch._higher_order_ops.run_const_graph
INFO: Instrumenting torch._higher_order_ops.scan
INFO: Instrumenting torch._higher_order_ops.strict_mode
INFO: Instrumenting torch._higher_order_ops.while_loop
INFO: Instrumenting torch._higher_order_ops.wrap
INFO: Instrumenting torch.export.dynamic_shapes
INFO: Instrumenting torch.export.exported_program
INFO: Instrumenting torch._export.verifier
INFO: Instrumenting torch.export.unflatten
INFO: Instrumenting torch.export._remove_effect_tokens_pass
INFO: Instrumenting torch.fx.passes.utils.source_matcher_utils
INFO: Instrumenting torch.ao.quantization.pt2e.export_utils
INFO: Instrumenting torch.ao.quantization.qconfig
INFO: Instrumenting torch.ao.quantization.qconfig_mapping
INFO: Instrumenting torch.ao.quantization.quantization_mappings
INFO: Instrumenting torch.ao.nn.quantized.reference
INFO: Instrumenting torch.ao.nn.quantized.reference.modules
INFO: Instrumenting torch.ao.nn.quantized.reference.modules.conv
INFO: Instrumenting torch.ao.nn.quantized.reference.modules.utils
INFO: Instrumenting torch.ao.nn.quantized.reference.modules.linear
INFO: Instrumenting torch.ao.nn.quantized.reference.modules.rnn
INFO: Instrumenting torch.ao.nn.quantized.reference.modules.sparse
INFO: Instrumenting torch.ao.nn.sparse
INFO: Instrumenting torch.ao.nn.sparse.quantized
INFO: Instrumenting torch.ao.nn.sparse.quantized.dynamic
INFO: Instrumenting torch.ao.nn.sparse.quantized.dynamic.linear
INFO: Instrumenting torch.ao.nn.sparse.quantized.linear
INFO: Instrumenting torch.ao.nn.sparse.quantized.utils
INFO: Instrumenting torch.ao.quantization.stubs
INFO: Instrumenting torch.ao.quantization.quantize
INFO: Instrumenting torch.ao.quantization.quantize_jit
INFO: Instrumenting torch.quantization.fuse_modules
INFO: Instrumenting torch.quantization.fuser_method_mappings
INFO: Instrumenting torch.quantization.observer
INFO: Instrumenting torch.quantization.qconfig
INFO: Instrumenting torch.quantization.quant_type
INFO: Instrumenting torch.quantization.quantization_mappings
INFO: Instrumenting torch.quantization.quantize
INFO: Instrumenting torch.quantization.quantize_jit
INFO: Instrumenting torch.quantization.stubs
INFO: Instrumenting torch.quasirandom
INFO: Instrumenting torch.multiprocessing._atfork
INFO: Instrumenting torch._lobpcg
INFO: Instrumenting torch.masked
INFO: Instrumenting torch.masked._ops
INFO: Instrumenting torch.masked._docs
INFO: Instrumenting torch.masked.maskedtensor
INFO: Instrumenting torch.masked.maskedtensor.binary
INFO: Instrumenting torch.masked.maskedtensor.core
INFO: Instrumenting torch.masked.maskedtensor.passthrough
INFO: Instrumenting torch.masked.maskedtensor.reductions
INFO: Instrumenting torch.masked.maskedtensor.creation
INFO: Instrumenting torch.masked.maskedtensor.unary
INFO: Instrumenting torch.utils.dlpack
INFO: Instrumenting torch.func
INFO: Instrumenting torch._functorch.batch_norm_replacement
INFO: Instrumenting torch._functorch.eager_transforms
INFO: Instrumenting torch.fx.experimental.const_fold
INFO: Instrumenting torch._functorch.functional_call
INFO: Instrumenting torch._meta_registrations
INFO: Instrumenting torch._decomp
INFO: Instrumenting torch._decomp.decompositions
INFO: Instrumenting torch._prims
INFO: Instrumenting torch._prims.debug_prims
INFO: Instrumenting torch.utils._content_store
INFO: Instrumenting torch._prims.rng_prims
INFO: Instrumenting torch._prims_common.wrappers
INFO: Instrumenting torch._refs
INFO: Instrumenting torch._refs._conversions
INFO: Instrumenting torch._refs.fft
INFO: Instrumenting torch._refs.linalg
INFO: Instrumenting torch._refs.nn
INFO: Instrumenting torch._refs.nn.functional
INFO: Instrumenting torch._refs.special
INFO: Instrumenting torch.fx.experimental._config
INFO: Instrumenting torch.utils._config_module
INFO: Instrumenting torch.compiler
INFO: Instrumenting torch.compiler.config
INFO: Instrumenting minisgl.core
INFO: Instrumenting minisgl.message
INFO: Instrumenting minisgl.message.backend
INFO: Instrumenting minisgl.message.utils
INFO: Instrumenting minisgl.message.frontend
INFO: Instrumenting minisgl.message.tokenizer
INFO: Using built-in libfuzzer
WARNING: Failed to find function "__sanitizer_acquire_crash_state".
WARNING: Failed to find function "__sanitizer_print_stack_trace".
WARNING: Failed to find function "__sanitizer_set_death_callback".
INFO: Running with entropic power schedule (0xFF, 100).
INFO: Seed: 4143052129
INFO: -max_len is not provided; libFuzzer will not generate inputs larger than 4096 bytes
INFO: A corpus is not provided, starting from an empty corpus
#2	INITED cov: 33 ft: 33 corp: 1/1b exec/s: 0 rss: 558Mb
#2711	NEW    cov: 35 ft: 44 corp: 2/30b lim: 29 exec/s: 0 rss: 558Mb L: 29/29 MS: 4 InsertRepeatedBytes-ChangeBit-ShuffleBytes-InsertRepeatedBytes-
#2845	NEW    cov: 35 ft: 47 corp: 3/59b lim: 29 exec/s: 0 rss: 558Mb L: 29/29 MS: 4 EraseBytes-InsertByte-CopyPart-CMP- DE: "\377\377\377\377"-
#2916	REDUCE cov: 35 ft: 47 corp: 3/57b lim: 29 exec/s: 0 rss: 558Mb L: 27/29 MS: 1 EraseBytes-
#2980	REDUCE cov: 35 ft: 47 corp: 3/54b lim: 29 exec/s: 0 rss: 558Mb L: 26/27 MS: 4 ChangeByte-EraseBytes-InsertByte-ShuffleBytes-
#3104	REDUCE cov: 35 ft: 47 corp: 3/53b lim: 29 exec/s: 0 rss: 558Mb L: 26/26 MS: 4 ChangeByte-EraseBytes-EraseBytes-CrossOver-
#3275	REDUCE cov: 35 ft: 50 corp: 4/79b lim: 29 exec/s: 0 rss: 558Mb L: 26/26 MS: 1 ChangeByte-
#16384	pulse  cov: 35 ft: 50 corp: 4/79b lim: 156 exec/s: 8192 rss: 558Mb
#32768	pulse  cov: 35 ft: 50 corp: 4/79b lim: 317 exec/s: 6553 rss: 558Mb
#65536	pulse  cov: 35 ft: 50 corp: 4/79b lim: 643 exec/s: 6553 rss: 558Mb
#72250	DONE   cov: 35 ft: 50 corp: 4/79b lim: 706 exec/s: 6568 rss: 558Mb
###### Recommended dictionary. ######
"\377\377\377\377" # Uses: 6202
###### End of recommended dictionary. ######
Done 72250 runs in 11 second(s)
