INFO: Instrumenting IPython
INFO: Instrumenting IPython.core
INFO: Instrumenting IPython.core.getipython
INFO: Instrumenting IPython.core.release
INFO: Instrumenting IPython.core.application
INFO: Instrumenting traitlets
INFO: Instrumenting traitlets.traitlets
INFO: Instrumenting traitlets.utils
INFO: Instrumenting traitlets.utils.bunch
INFO: Instrumenting traitlets.utils.descriptions
INFO: Instrumenting traitlets.utils.getargspec
INFO: Instrumenting traitlets.utils.importstring
INFO: Instrumenting traitlets.utils.sentinel
INFO: Instrumenting traitlets.utils.warnings
INFO: Instrumenting traitlets._version
INFO: Instrumenting traitlets.utils.decorators
INFO: Instrumenting traitlets.config
INFO: Instrumenting traitlets.config.application
INFO: Instrumenting json
INFO: Instrumenting json.decoder
INFO: Instrumenting json.scanner
INFO: Instrumenting json.encoder
INFO: Instrumenting pprint
INFO: Instrumenting logging.config
INFO: Instrumenting logging.handlers
INFO: Instrumenting socket
INFO: Instrumenting selectors
INFO: Instrumenting pickle
INFO: Instrumenting struct
INFO: Instrumenting _compat_pickle
INFO: Instrumenting queue
INFO: Instrumenting heapq
INFO: Instrumenting socketserver
INFO: Instrumenting traitlets.config.configurable
INFO: Instrumenting traitlets.utils.text
INFO: Instrumenting traitlets.config.loader
INFO: Instrumenting argparse
INFO: Instrumenting gettext
INFO: Instrumenting traitlets.utils.nested_update
INFO: Instrumenting IPython.core.crashhandler
INFO: Instrumenting IPython.core.ultratb
INFO: Instrumenting stack_data
INFO: Instrumenting stack_data.core
INFO: Instrumenting html
INFO: Instrumenting html.entities
INFO: Instrumenting executing
INFO: Instrumenting executing.executing
INFO: Instrumenting executing._utils
INFO: Instrumenting executing._position_node_finder
INFO: Instrumenting executing._exceptions
INFO: Instrumenting executing._pytest_utils
INFO: Instrumenting executing.version
INFO: Instrumenting asttokens
INFO: Instrumenting asttokens.line_numbers
INFO: Instrumenting asttokens.asttokens
INFO: Instrumenting asttokens.util
INFO: Instrumenting pure_eval
INFO: Instrumenting pure_eval.core
INFO: Instrumenting pure_eval.my_getattr_static
INFO: Instrumenting pure_eval.utils
INFO: Instrumenting datetime
INFO: Instrumenting decimal
INFO: Instrumenting numbers
INFO: Instrumenting fractions
INFO: Instrumenting pure_eval.version
INFO: Instrumenting stack_data.utils
INFO: Instrumenting stack_data.formatting
INFO: Instrumenting stack_data.serializing
INFO: Instrumenting stack_data.version
INFO: Instrumenting pygments
INFO: Instrumenting pygments.formatters
INFO: Instrumenting pygments.formatters._mapping
INFO: Instrumenting pygments.plugin
INFO: Instrumenting importlib.metadata
INFO: Instrumenting csv
INFO: Instrumenting email
INFO: Instrumenting zipfile
INFO: Instrumenting importlib.metadata._adapters
INFO: Instrumenting email.message
INFO: Instrumenting quopri
INFO: Instrumenting email.utils
INFO: Instrumenting email._parseaddr
INFO: Instrumenting calendar
INFO: Instrumenting locale
INFO: Instrumenting _locale
WARNING: It looks like this module is imported by a custom loader. Atheris has experimental support for this. However, it may be incompatible with certain libraries. If you experience unusual errors or poor coverage collection, try atheris.instrument_all() instead, add enable_loader_override=False to instrument_imports(), or file an issue on GitHub.
INFO: Instrumenting email.charset
INFO: Instrumenting email.base64mime
INFO: Instrumenting base64
INFO: Instrumenting email.quoprimime
INFO: Instrumenting email.errors
INFO: Instrumenting email.encoders
INFO: Instrumenting email._policybase
INFO: Instrumenting email.header
INFO: Instrumenting email._encoded_words
INFO: Instrumenting email.iterators
INFO: Instrumenting importlib.metadata._text
INFO: Instrumenting importlib.metadata._functools
INFO: Instrumenting importlib.metadata._meta
INFO: Instrumenting importlib.metadata._collections
INFO: Instrumenting importlib.metadata._itertools
INFO: Instrumenting pygments.util
INFO: Instrumenting pygments.formatters.terminal256
INFO: Instrumenting pygments.formatter
INFO: Instrumenting pygments.styles
INFO: Instrumenting pygments.styles._mapping
INFO: Instrumenting pygments.console
INFO: Instrumenting pygments.style
INFO: Instrumenting pygments.token
INFO: Instrumenting IPython.utils
INFO: Instrumenting IPython.utils.path
INFO: Instrumenting glob
INFO: Instrumenting IPython.utils.process
INFO: Instrumenting IPython.utils._process_posix
INFO: Instrumenting subprocess
INFO: Instrumenting signal
INFO: Instrumenting IPython.utils._process_common
INFO: Instrumenting shlex
INFO: Instrumenting IPython.utils.py3compat
INFO: Instrumenting platform
INFO: Instrumenting IPython.utils.encoding
INFO: Instrumenting IPython.utils.PyColorize
INFO: Instrumenting pygments.styles.monokai
INFO: Instrumenting pygments.styles.default
INFO: Instrumenting pygments.styles.pastie
INFO: Instrumenting pygments.styles.gruvbox
INFO: Instrumenting IPython.utils.terminal
INFO: Instrumenting IPython.core.display_trap
INFO: Instrumenting IPython.core.doctb
INFO: Instrumenting IPython.core.tbtools
INFO: Instrumenting pydoc
INFO: Instrumenting pkgutil
INFO: Instrumenting sysconfig
INFO: Instrumenting _sysconfigdata__linux_x86_64-linux-gnu
INFO: Instrumenting IPython.core.debugger
INFO: Instrumenting IPython.core.debugger_backport
INFO: Instrumenting codeop
INFO: Instrumenting pdb
INFO: Instrumenting cmd
INFO: Instrumenting bdb
INFO: Instrumenting code
INFO: Instrumenting IPython.utils.sysinfo
INFO: Instrumenting IPython.utils._sysinfo
INFO: Instrumenting IPython.core.profiledir
INFO: Instrumenting IPython.paths
INFO: Instrumenting IPython.utils.importstring
INFO: Instrumenting IPython.terminal
INFO: Instrumenting IPython.terminal.embed
INFO: Instrumenting IPython.core.compilerop
INFO: Instrumenting hashlib
INFO: Instrumenting IPython.core.magic_arguments
INFO: Instrumenting IPython.core.error
INFO: Instrumenting IPython.utils.decorators
INFO: Instrumenting IPython.utils.docs
INFO: Instrumenting IPython.utils.text
INFO: Instrumenting IPython.core.magic
INFO: Instrumenting getopt
INFO: Instrumenting IPython.core.oinspect
INFO: Instrumenting IPython.core.page
INFO: Instrumenting IPython.display
INFO: Instrumenting IPython.core.display_functions
INFO: Instrumenting IPython.core.display
INFO: Instrumenting mimetypes
INFO: Instrumenting IPython.testing
INFO: Instrumenting IPython.testing.skipdoctest
INFO: Instrumenting IPython.lib
INFO: Instrumenting IPython.lib.display
INFO: Instrumenting IPython.utils.data
INFO: Instrumenting IPython.lib.pretty
INFO: Instrumenting IPython.utils.openpy
INFO: Instrumenting IPython.utils.dir2
INFO: Instrumenting IPython.utils.wildcard
INFO: Instrumenting pygments.lexers
INFO: Instrumenting pygments.lexers._mapping
INFO: Instrumenting pygments.modeline
INFO: Instrumenting pygments.lexers.python
INFO: Instrumenting pygments.lexer
INFO: Instrumenting pygments.filter
INFO: Instrumenting pygments.filters
INFO: Instrumenting pygments.regexopt
INFO: Instrumenting pygments.unistring
INFO: Instrumenting pygments.formatters.html
INFO: Instrumenting IPython.core.inputtransformer2
INFO: Instrumenting IPython.utils.tokenutil
INFO: Instrumenting IPython.utils.ipstruct
INFO: Instrumenting IPython.core.interactiveshell
INFO: Instrumenting runpy
INFO: Instrumenting IPython.external
INFO: Instrumenting IPython.external.pickleshare
INFO: Instrumenting IPython.core.hooks
INFO: Instrumenting IPython.core.prefilter
INFO: Instrumenting IPython.core.autocall
INFO: Instrumenting IPython.core.macro
INFO: Instrumenting IPython.core.splitinput
INFO: Instrumenting IPython.core.alias
INFO: Instrumenting IPython.core.builtin_trap
INFO: Instrumenting IPython.core.displayhook
INFO: Instrumenting IPython.core.history
INFO: Instrumenting decorator
INFO: Instrumenting sqlite3
INFO: Instrumenting sqlite3.dbapi2
INFO: Instrumenting IPython.core.displaypub
INFO: Instrumenting IPython.core.events
INFO: Instrumenting IPython.core.extensions
INFO: Instrumenting IPython.core.formatters
INFO: Instrumenting IPython.utils.sentinel
INFO: Instrumenting IPython.core.logger
INFO: Instrumenting IPython.core.payload
INFO: Instrumenting IPython.core.tips
INFO: Instrumenting IPython.core.usage
INFO: Instrumenting IPython.utils.io
INFO: Instrumenting IPython.utils.capture
INFO: Instrumenting IPython.utils.strdispatch
INFO: Instrumenting IPython.utils.syspathcontext
INFO: Instrumenting IPython.core.async_helpers
INFO: Instrumenting asyncio
INFO: Instrumenting asyncio.base_events
INFO: Instrumenting concurrent
INFO: Instrumenting concurrent.futures
INFO: Instrumenting concurrent.futures._base
INFO: Instrumenting ssl
INFO: Instrumenting asyncio.constants
INFO: Instrumenting asyncio.coroutines
INFO: Instrumenting asyncio.events
INFO: Instrumenting contextvars
INFO: Instrumenting asyncio.format_helpers
INFO: Instrumenting asyncio.base_futures
INFO: Instrumenting asyncio.exceptions
INFO: Instrumenting asyncio.base_tasks
INFO: Instrumenting asyncio.futures
INFO: Instrumenting asyncio.protocols
INFO: Instrumenting asyncio.sslproto
INFO: Instrumenting asyncio.transports
INFO: Instrumenting asyncio.log
INFO: Instrumenting asyncio.staggered
INFO: Instrumenting asyncio.locks
INFO: Instrumenting asyncio.mixins
INFO: Instrumenting asyncio.tasks
INFO: Instrumenting asyncio.trsock
INFO: Instrumenting asyncio.runners
INFO: Instrumenting asyncio.queues
INFO: Instrumenting asyncio.streams
INFO: Instrumenting asyncio.subprocess
INFO: Instrumenting asyncio.taskgroups
INFO: Instrumenting asyncio.timeouts
INFO: Instrumenting asyncio.threads
INFO: Instrumenting asyncio.unix_events
INFO: Instrumenting asyncio.base_subprocess
INFO: Instrumenting asyncio.selector_events
INFO: Instrumenting IPython.terminal.interactiveshell
INFO: Instrumenting prompt_toolkit
INFO: Instrumenting prompt_toolkit.application
INFO: Instrumenting prompt_toolkit.application.application
INFO: Instrumenting prompt_toolkit.buffer
INFO: Instrumenting prompt_toolkit.application.current
INFO: Instrumenting prompt_toolkit.application.run_in_terminal
INFO: Instrumenting prompt_toolkit.eventloop
INFO: Instrumenting prompt_toolkit.eventloop.async_generator
INFO: Instrumenting prompt_toolkit.eventloop.utils
INFO: Instrumenting prompt_toolkit.eventloop.inputhook
INFO: Instrumenting prompt_toolkit.auto_suggest
INFO: Instrumenting prompt_toolkit.document
INFO: Instrumenting prompt_toolkit.clipboard
INFO: Instrumenting prompt_toolkit.clipboard.base
INFO: Instrumenting prompt_toolkit.selection
INFO: Instrumenting prompt_toolkit.clipboard.in_memory
INFO: Instrumenting prompt_toolkit.filters
INFO: Instrumenting prompt_toolkit.filters.app
INFO: Instrumenting prompt_toolkit.cache
INFO: Instrumenting prompt_toolkit.enums
INFO: Instrumenting prompt_toolkit.filters.base
INFO: Instrumenting prompt_toolkit.filters.cli
INFO: Instrumenting prompt_toolkit.filters.utils
INFO: Instrumenting prompt_toolkit.completion
INFO: Instrumenting prompt_toolkit.completion.base
INFO: Instrumenting prompt_toolkit.formatted_text
INFO: Instrumenting prompt_toolkit.formatted_text.ansi
INFO: Instrumenting prompt_toolkit.output
INFO: Instrumenting prompt_toolkit.output.base
INFO: Instrumenting prompt_toolkit.cursor_shapes
INFO: Instrumenting prompt_toolkit.key_binding
INFO: Instrumenting prompt_toolkit.key_binding.key_bindings
INFO: Instrumenting prompt_toolkit.keys
INFO: Instrumenting prompt_toolkit.key_binding.key_processor
INFO: Instrumenting prompt_toolkit.utils
INFO: Instrumenting wcwidth
INFO: Instrumenting wcwidth.wcwidth
INFO: Instrumenting wcwidth.bisearch
INFO: Instrumenting wcwidth.grapheme
INFO: Instrumenting wcwidth.table_grapheme
INFO: Instrumenting wcwidth.sgr_state
INFO: Instrumenting wcwidth.table_vs16
INFO: Instrumenting wcwidth.table_wide
INFO: Instrumenting wcwidth.table_zero
INFO: Instrumenting wcwidth.control_codes
INFO: Instrumenting wcwidth.table_ambiguous
INFO: Instrumenting wcwidth.escape_sequences
INFO: Instrumenting wcwidth.unicode_versions
INFO: Instrumenting wcwidth.textwrap
INFO: Instrumenting secrets
INFO: Instrumenting hmac
INFO: Instrumenting prompt_toolkit.key_binding.vi_state
INFO: Instrumenting prompt_toolkit.data_structures
INFO: Instrumenting prompt_toolkit.styles
INFO: Instrumenting prompt_toolkit.styles.base
INFO: Instrumenting prompt_toolkit.styles.defaults
INFO: Instrumenting prompt_toolkit.styles.named_colors
INFO: Instrumenting prompt_toolkit.styles.style
INFO: Instrumenting prompt_toolkit.styles.pygments
INFO: Instrumenting prompt_toolkit.styles.style_transformation
INFO: Instrumenting colorsys
INFO: Instrumenting prompt_toolkit.output.color_depth
INFO: Instrumenting prompt_toolkit.output.defaults
INFO: Instrumenting prompt_toolkit.output.plain_text
INFO: Instrumenting prompt_toolkit.output.flush_stdout
INFO: Instrumenting prompt_toolkit.output.vt100
INFO: Instrumenting prompt_toolkit.formatted_text.base
INFO: Instrumenting prompt_toolkit.mouse_events
INFO: Instrumenting prompt_toolkit.formatted_text.html
INFO: Instrumenting xml
INFO: Instrumenting xml.dom
INFO: Instrumenting xml.dom.domreg
INFO: Instrumenting xml.dom.minidom
INFO: Instrumenting xml.dom.minicompat
INFO: Instrumenting xml.dom.xmlbuilder
INFO: Instrumenting xml.dom.NodeFilter
INFO: Instrumenting prompt_toolkit.formatted_text.pygments
INFO: Instrumenting prompt_toolkit.formatted_text.utils
INFO: Instrumenting prompt_toolkit.completion.deduplicate
INFO: Instrumenting prompt_toolkit.completion.filesystem
INFO: Instrumenting prompt_toolkit.completion.fuzzy_completer
INFO: Instrumenting prompt_toolkit.completion.word_completer
INFO: Instrumenting prompt_toolkit.completion.nested
INFO: Instrumenting prompt_toolkit.history
INFO: Instrumenting prompt_toolkit.search
INFO: Instrumenting prompt_toolkit.validation
INFO: Instrumenting prompt_toolkit.input
INFO: Instrumenting prompt_toolkit.input.base
INFO: Instrumenting prompt_toolkit.input.defaults
INFO: Instrumenting prompt_toolkit.input.typeahead
INFO: Instrumenting prompt_toolkit.key_binding.bindings
INFO: Instrumenting prompt_toolkit.key_binding.bindings.page_navigation
INFO: Instrumenting prompt_toolkit.key_binding.bindings.scroll
INFO: Instrumenting prompt_toolkit.key_binding.defaults
INFO: Instrumenting prompt_toolkit.key_binding.bindings.basic
INFO: Instrumenting prompt_toolkit.key_binding.bindings.named_commands
INFO: Instrumenting prompt_toolkit.layout
INFO: Instrumenting prompt_toolkit.layout.containers
INFO: Instrumenting prompt_toolkit.layout.controls
INFO: Instrumenting prompt_toolkit.lexers
INFO: Instrumenting prompt_toolkit.lexers.base
INFO: Instrumenting prompt_toolkit.lexers.pygments
INFO: Instrumenting prompt_toolkit.layout.processors
INFO: Instrumenting prompt_toolkit.layout.utils
INFO: Instrumenting prompt_toolkit.layout.dimension
INFO: Instrumenting prompt_toolkit.layout.margins
INFO: Instrumenting prompt_toolkit.layout.mouse_handlers
INFO: Instrumenting prompt_toolkit.layout.screen
INFO: Instrumenting prompt_toolkit.layout.layout
INFO: Instrumenting prompt_toolkit.layout.menus
INFO: Instrumenting prompt_toolkit.layout.scrollable_pane
INFO: Instrumenting prompt_toolkit.key_binding.bindings.completion
INFO: Instrumenting prompt_toolkit.key_binding.bindings.cpr
INFO: Instrumenting prompt_toolkit.key_binding.bindings.emacs
INFO: Instrumenting prompt_toolkit.key_binding.bindings.mouse
INFO: Instrumenting prompt_toolkit.key_binding.bindings.vi
INFO: Instrumenting prompt_toolkit.input.vt100_parser
INFO: Instrumenting prompt_toolkit.input.ansi_escape_sequences
INFO: Instrumenting prompt_toolkit.key_binding.digraphs
INFO: Instrumenting prompt_toolkit.key_binding.emacs_state
INFO: Instrumenting prompt_toolkit.layout.dummy
INFO: Instrumenting prompt_toolkit.renderer
INFO: Instrumenting prompt_toolkit.application.dummy
INFO: Instrumenting prompt_toolkit.shortcuts
INFO: Instrumenting prompt_toolkit.shortcuts.choice_input
INFO: Instrumenting prompt_toolkit.widgets
INFO: Instrumenting prompt_toolkit.widgets.base
INFO: Instrumenting prompt_toolkit.widgets.toolbars
INFO: Instrumenting prompt_toolkit.widgets.dialogs
INFO: Instrumenting prompt_toolkit.key_binding.bindings.focus
INFO: Instrumenting prompt_toolkit.widgets.menus
INFO: Instrumenting prompt_toolkit.shortcuts.dialogs
INFO: Instrumenting prompt_toolkit.shortcuts.progress_bar
INFO: Instrumenting prompt_toolkit.shortcuts.progress_bar.base
INFO: Instrumenting prompt_toolkit.shortcuts.progress_bar.formatters
INFO: Instrumenting xml.dom.expatbuilder
INFO: Instrumenting xml.parsers
INFO: Instrumenting xml.parsers.expat
INFO: Instrumenting prompt_toolkit.shortcuts.prompt
INFO: Instrumenting prompt_toolkit.key_binding.bindings.auto_suggest
INFO: Instrumenting prompt_toolkit.key_binding.bindings.open_in_editor
INFO: Instrumenting prompt_toolkit.shortcuts.utils
INFO: Instrumenting email.parser
INFO: Instrumenting email.feedparser
INFO: Instrumenting prompt_toolkit.patch_stdout
INFO: Instrumenting IPython.terminal.debugger
INFO: Instrumenting IPython.core.completer
INFO: Instrumenting uuid
INFO: Instrumenting IPython.core.guarded_eval
INFO: Instrumenting typing_extensions
INFO: Instrumenting IPython.core.latex_symbols
INFO: Instrumenting IPython.utils.generics
INFO: Instrumenting jedi
INFO: Instrumenting jedi.api
INFO: Instrumenting parso
INFO: Instrumenting parso.parser
INFO: Instrumenting parso.tree
INFO: Instrumenting parso.utils
INFO: Instrumenting parso.pgen2
INFO: Instrumenting parso.pgen2.generator
INFO: Instrumenting parso.pgen2.grammar_parser
INFO: Instrumenting parso.python
INFO: Instrumenting parso.python.tokenize
INFO: Instrumenting parso.python.token
INFO: Instrumenting parso.grammar
INFO: Instrumenting parso._compatibility
INFO: Instrumenting parso.python.diff
INFO: Instrumenting difflib
INFO: Instrumenting parso.python.parser
INFO: Instrumenting parso.python.tree
INFO: Instrumenting parso.python.prefix
INFO: Instrumenting parso.cache
INFO: Instrumenting parso.python.errors
INFO: Instrumenting parso.normalizer
INFO: Instrumenting parso.python.pep8
INFO: Instrumenting parso.file_io
INFO: Instrumenting jedi.parser_utils
INFO: Instrumenting jedi.debug
INFO: Instrumenting jedi.settings
INFO: Instrumenting jedi.cache
INFO: Instrumenting jedi.file_io
INFO: Instrumenting jedi.api.classes
INFO: Instrumenting jedi.inference
INFO: Instrumenting jedi.inference.imports
INFO: Instrumenting jedi.inference.sys_path
INFO: Instrumenting jedi.inference.cache
INFO: Instrumenting jedi.inference.base_value
INFO: Instrumenting jedi.inference.helpers
INFO: Instrumenting jedi.inference.utils
INFO: Instrumenting jedi.inference.compiled
INFO: Instrumenting jedi.inference.compiled.value
INFO: Instrumenting jedi.inference.filters
INFO: Instrumenting jedi.inference.flow_analysis
INFO: Instrumenting jedi.inference.recursion
INFO: Instrumenting jedi.inference.names
INFO: Instrumenting jedi.inference.docstrings
INFO: Instrumenting jedi.inference.lazy_value
INFO: Instrumenting jedi.common
INFO: Instrumenting jedi.plugins
INFO: Instrumenting jedi.inference.compiled.access
INFO: Instrumenting jedi.inference.compiled.getattr_static
INFO: Instrumenting jedi.inference.signature
INFO: Instrumenting jedi.inference.context
INFO: Instrumenting jedi.inference.analysis
INFO: Instrumenting jedi.inference.gradual
INFO: Instrumenting jedi.inference.gradual.typeshed
INFO: Instrumenting jedi.inference.gradual.stub_value
INFO: Instrumenting jedi.inference.value
INFO: Instrumenting jedi.inference.value.module
INFO: Instrumenting jedi.inference.value.klass
INFO: Instrumenting jedi.inference.arguments
INFO: Instrumenting jedi.inference.value.iterable
INFO: Instrumenting jedi.inference.value.dynamic_arrays
INFO: Instrumenting jedi.inference.value.function
INFO: Instrumenting jedi.inference.parser_cache
INFO: Instrumenting jedi.inference.gradual.generics
INFO: Instrumenting jedi.inference.value.instance
INFO: Instrumenting jedi.inference.gradual.typing
INFO: Instrumenting jedi.inference.gradual.base
INFO: Instrumenting jedi.inference.gradual.type_var
INFO: Instrumenting jedi.inference.compiled.subprocess
INFO: Instrumenting jedi._compatibility
INFO: Instrumenting jedi.inference.compiled.subprocess.functions
INFO: Instrumenting jedi.api.exceptions
INFO: Instrumenting jedi.inference.syntax_tree
INFO: Instrumenting jedi.inference.gradual.annotation
INFO: Instrumenting jedi.inference.param
INFO: Instrumenting jedi.inference.value.decorator
INFO: Instrumenting jedi.inference.compiled.mixed
INFO: Instrumenting jedi.inference.gradual.conversion
INFO: Instrumenting jedi.api.keywords
INFO: Instrumenting pydoc_data
INFO: Instrumenting pydoc_data.topics
INFO: Instrumenting jedi.api.completion_cache
INFO: Instrumenting jedi.api.helpers
INFO: Instrumenting jedi.api.interpreter
INFO: Instrumenting jedi.api.completion
INFO: Instrumenting jedi.api.strings
INFO: Instrumenting jedi.api.file_name
INFO: Instrumenting jedi.inference.docstring_utils
INFO: Instrumenting jedi.api.environment
INFO: Instrumenting filecmp
INFO: Instrumenting jedi.api.project
INFO: Instrumenting jedi.inference.references
INFO: Instrumenting jedi.api.errors
INFO: Instrumenting jedi.api.refactoring
INFO: Instrumenting jedi.inference.value.namespace
INFO: Instrumenting jedi.api.refactoring.extract
INFO: Instrumenting jedi.inference.gradual.utils
INFO: Instrumenting jedi.plugins.registry
INFO: Instrumenting jedi.plugins.stdlib
INFO: Instrumenting jedi.plugins.flask
INFO: Instrumenting jedi.plugins.pytest
INFO: Instrumenting jedi.plugins.django
INFO: Instrumenting IPython.terminal.ptutils
INFO: Instrumenting IPython.terminal.shortcuts
INFO: Instrumenting IPython.terminal.shortcuts.auto_match
INFO: Instrumenting IPython.terminal.shortcuts.auto_suggest
INFO: Instrumenting IPython.terminal.shortcuts.filters
INFO: Instrumenting concurrent.futures.thread
INFO: Instrumenting IPython.terminal.magics
INFO: Instrumenting IPython.lib.clipboard
INFO: Instrumenting IPython.terminal.pt_inputhooks
INFO: Instrumenting IPython.terminal.prompts
INFO: Instrumenting IPython.terminal.ipapp
INFO: Instrumenting IPython.core.magics
INFO: Instrumenting IPython.core.magics.auto
INFO: Instrumenting IPython.core.magics.basic
INFO: Instrumenting IPython.core.magics.code
INFO: Instrumenting urllib.request
INFO: Instrumenting http
INFO: Instrumenting http.client
INFO: Instrumenting urllib.error
INFO: Instrumenting urllib.response
INFO: Instrumenting IPython.utils.contexts
INFO: Instrumenting IPython.core.magics.config
INFO: Instrumenting IPython.core.magics.display
INFO: Instrumenting IPython.core.magics.execution
INFO: Instrumenting cProfile
INFO: Instrumenting profile
INFO: Instrumenting pstats
INFO: Instrumenting timeit
INFO: Instrumenting IPython.utils.module_paths
INFO: Instrumenting IPython.utils.timing
INFO: Instrumenting IPython.core.magics.ast_mod
INFO: Instrumenting IPython.core.magics.extension
INFO: Instrumenting IPython.core.magics.history
INFO: Instrumenting IPython.core.magics.logging
INFO: Instrumenting IPython.core.magics.namespace
INFO: Instrumenting IPython.core.magics.osm
INFO: Instrumenting IPython.core.magics.packaging
INFO: Instrumenting IPython.core.magics.pylab
INFO: Instrumenting IPython.core.magics.script
INFO: Instrumenting IPython.core.shellapp
INFO: Instrumenting IPython.extensions
INFO: Instrumenting IPython.extensions.storemagic
INFO: Instrumenting IPython.utils.frame
INFO: Using built-in libfuzzer
WARNING: Failed to find function "__sanitizer_acquire_crash_state".
WARNING: Failed to find function "__sanitizer_print_stack_trace".
WARNING: Failed to find function "__sanitizer_set_death_callback".
INFO: Running with entropic power schedule (0xFF, 100).
INFO: Seed: 3681551343
INFO: -max_len is not provided; libFuzzer will not generate inputs larger than 4096 bytes
INFO: A corpus is not provided, starting from an empty corpus
#2	INITED cov: 86 ft: 86 corp: 1/1b exec/s: 0 rss: 84Mb
#7	NEW    cov: 88 ft: 115 corp: 2/4b lim: 4 exec/s: 0 rss: 84Mb L: 3/3 MS: 5 ChangeByte-ChangeBit-ChangeByte-CrossOver-CrossOver-
#13	NEW    cov: 88 ft: 143 corp: 3/8b lim: 4 exec/s: 0 rss: 84Mb L: 4/4 MS: 1 CrossOver-
#15	NEW    cov: 95 ft: 170 corp: 4/12b lim: 4 exec/s: 0 rss: 84Mb L: 4/4 MS: 2 CopyPart-InsertByte-
#16	NEW    cov: 95 ft: 174 corp: 5/16b lim: 4 exec/s: 0 rss: 84Mb L: 4/4 MS: 1 ShuffleBytes-
#42	NEW    cov: 96 ft: 178 corp: 6/19b lim: 4 exec/s: 0 rss: 84Mb L: 3/4 MS: 1 CMP- DE: "\377\377"-
#52	REDUCE cov: 96 ft: 178 corp: 6/18b lim: 4 exec/s: 0 rss: 84Mb L: 3/4 MS: 5 ShuffleBytes-PersAutoDict-ChangeBinInt-ChangeBit-EraseBytes- DE: "\377\377"-
#53	NEW    cov: 117 ft: 234 corp: 7/21b lim: 4 exec/s: 0 rss: 84Mb L: 3/4 MS: 1 ChangeByte-
#59	NEW    cov: 118 ft: 240 corp: 8/24b lim: 4 exec/s: 0 rss: 84Mb L: 3/4 MS: 1 ChangeBit-
#91	REDUCE cov: 130 ft: 313 corp: 9/28b lim: 4 exec/s: 0 rss: 84Mb L: 4/4 MS: 2 CopyPart-CrossOver-
#113	NEW    cov: 132 ft: 315 corp: 10/31b lim: 4 exec/s: 0 rss: 84Mb L: 3/4 MS: 2 ChangeBit-ChangeByte-
#129	NEW    cov: 132 ft: 320 corp: 11/35b lim: 4 exec/s: 0 rss: 84Mb L: 4/4 MS: 1 InsertByte-
#155	NEW    cov: 132 ft: 327 corp: 12/39b lim: 4 exec/s: 0 rss: 84Mb L: 4/4 MS: 1 ChangeBit-
#156	NEW    cov: 136 ft: 331 corp: 13/43b lim: 4 exec/s: 0 rss: 84Mb L: 4/4 MS: 1 CopyPart-
#172	REDUCE cov: 136 ft: 331 corp: 13/42b lim: 4 exec/s: 0 rss: 84Mb L: 3/4 MS: 1 EraseBytes-
#178	NEW    cov: 137 ft: 332 corp: 14/45b lim: 4 exec/s: 0 rss: 84Mb L: 3/4 MS: 1 ChangeBinInt-
#204	NEW    cov: 137 ft: 391 corp: 15/49b lim: 4 exec/s: 0 rss: 84Mb L: 4/4 MS: 1 CopyPart-
#222	NEW    cov: 138 ft: 393 corp: 16/53b lim: 4 exec/s: 0 rss: 84Mb L: 4/4 MS: 3 ShuffleBytes-CrossOver-ChangeByte-
#254	REDUCE cov: 138 ft: 395 corp: 17/55b lim: 4 exec/s: 0 rss: 84Mb L: 2/4 MS: 2 ChangeByte-EraseBytes-
#278	NEW    cov: 139 ft: 397 corp: 18/57b lim: 4 exec/s: 0 rss: 84Mb L: 2/4 MS: 4 ChangeByte-PersAutoDict-EraseBytes-ShuffleBytes- DE: "\377\377"-
#325	NEW    cov: 141 ft: 400 corp: 19/61b lim: 4 exec/s: 0 rss: 84Mb L: 4/4 MS: 2 CrossOver-ChangeBit-
#341	NEW    cov: 141 ft: 404 corp: 20/64b lim: 4 exec/s: 0 rss: 84Mb L: 3/4 MS: 1 ChangeByte-
#418	NEW    cov: 146 ft: 410 corp: 21/67b lim: 4 exec/s: 0 rss: 84Mb L: 3/4 MS: 2 ChangeByte-ShuffleBytes-
#442	NEW    cov: 147 ft: 411 corp: 22/71b lim: 4 exec/s: 0 rss: 84Mb L: 4/4 MS: 4 ChangeBit-ChangeByte-CopyPart-ChangeBit-
#453	NEW    cov: 147 ft: 412 corp: 23/75b lim: 4 exec/s: 0 rss: 84Mb L: 4/4 MS: 1 CopyPart-
#473	NEW    cov: 148 ft: 413 corp: 24/77b lim: 4 exec/s: 0 rss: 84Mb L: 2/4 MS: 5 CopyPart-ChangeByte-ChangeBit-ChangeBit-EraseBytes-
#482	REDUCE cov: 150 ft: 415 corp: 25/81b lim: 4 exec/s: 0 rss: 84Mb L: 4/4 MS: 4 PersAutoDict-ChangeBinInt-InsertByte-ChangeBinInt- DE: "\377\377"-
#498	NEW    cov: 150 ft: 422 corp: 26/85b lim: 4 exec/s: 0 rss: 84Mb L: 4/4 MS: 1 CrossOver-
#506	NEW    cov: 151 ft: 423 corp: 27/88b lim: 4 exec/s: 0 rss: 84Mb L: 3/4 MS: 3 EraseBytes-ChangeBit-CopyPart-
#549	NEW    cov: 151 ft: 426 corp: 28/92b lim: 4 exec/s: 0 rss: 84Mb L: 4/4 MS: 3 PersAutoDict-CrossOver-ChangeBinInt- DE: "\377\377"-
#610	REDUCE cov: 151 ft: 426 corp: 28/91b lim: 4 exec/s: 0 rss: 84Mb L: 2/4 MS: 1 EraseBytes-
#822	NEW    cov: 156 ft: 431 corp: 29/96b lim: 6 exec/s: 0 rss: 84Mb L: 5/5 MS: 2 ChangeByte-CrossOver-
#826	NEW    cov: 156 ft: 436 corp: 30/100b lim: 6 exec/s: 0 rss: 84Mb L: 4/5 MS: 4 ShuffleBytes-ChangeBinInt-CrossOver-PersAutoDict- DE: "\377\377"-
#878	REDUCE cov: 156 ft: 436 corp: 30/99b lim: 6 exec/s: 0 rss: 84Mb L: 2/5 MS: 2 ShuffleBytes-EraseBytes-
#946	NEW    cov: 156 ft: 445 corp: 31/105b lim: 6 exec/s: 0 rss: 84Mb L: 6/6 MS: 3 PersAutoDict-ShuffleBytes-CrossOver- DE: "\377\377"-
#978	NEW    cov: 158 ft: 447 corp: 32/109b lim: 6 exec/s: 0 rss: 84Mb L: 4/6 MS: 2 ChangeBit-InsertByte-
#997	REDUCE cov: 158 ft: 449 corp: 33/115b lim: 6 exec/s: 0 rss: 84Mb L: 6/6 MS: 4 CopyPart-CopyPart-InsertRepeatedBytes-CopyPart-
#1045	NEW    cov: 158 ft: 481 corp: 34/121b lim: 6 exec/s: 0 rss: 84Mb L: 6/6 MS: 3 ChangeBinInt-CrossOver-CrossOver-
#1051	NEW    cov: 158 ft: 485 corp: 35/127b lim: 6 exec/s: 0 rss: 84Mb L: 6/6 MS: 1 CrossOver-
#1069	REDUCE cov: 158 ft: 485 corp: 35/126b lim: 6 exec/s: 0 rss: 84Mb L: 3/6 MS: 3 EraseBytes-ShuffleBytes-InsertByte-
#1115	NEW    cov: 158 ft: 486 corp: 36/132b lim: 6 exec/s: 0 rss: 84Mb L: 6/6 MS: 1 CrossOver-
#1135	REDUCE cov: 158 ft: 488 corp: 37/137b lim: 6 exec/s: 0 rss: 84Mb L: 5/6 MS: 5 InsertByte-ChangeBit-ChangeBit-PersAutoDict-ChangeByte- DE: "\377\377"-
#1206	NEW    cov: 158 ft: 489 corp: 38/143b lim: 6 exec/s: 0 rss: 84Mb L: 6/6 MS: 1 CopyPart-
#1207	NEW    cov: 158 ft: 490 corp: 39/147b lim: 6 exec/s: 0 rss: 84Mb L: 4/6 MS: 1 InsertByte-
#1224	REDUCE cov: 158 ft: 490 corp: 39/146b lim: 6 exec/s: 0 rss: 84Mb L: 3/6 MS: 2 PersAutoDict-EraseBytes- DE: "\377\377"-
#1240	NEW    cov: 158 ft: 496 corp: 40/152b lim: 6 exec/s: 0 rss: 84Mb L: 6/6 MS: 1 CrossOver-
#1311	NEW    cov: 159 ft: 497 corp: 41/156b lim: 6 exec/s: 0 rss: 84Mb L: 4/6 MS: 1 ChangeBit-
#1514	NEW    cov: 160 ft: 498 corp: 42/159b lim: 6 exec/s: 0 rss: 84Mb L: 3/6 MS: 3 ShuffleBytes-ShuffleBytes-ChangeByte-
#1795	NEW    cov: 160 ft: 499 corp: 43/165b lim: 8 exec/s: 0 rss: 84Mb L: 6/6 MS: 1 CopyPart-
#1834	NEW    cov: 160 ft: 504 corp: 44/170b lim: 8 exec/s: 0 rss: 84Mb L: 5/6 MS: 4 ChangeByte-ChangeBit-ChangeBit-CopyPart-
#1849	NEW    cov: 160 ft: 506 corp: 45/178b lim: 8 exec/s: 0 rss: 84Mb L: 8/8 MS: 5 ChangeBinInt-InsertByte-ShuffleBytes-CrossOver-CrossOver-
#1865	NEW    cov: 160 ft: 508 corp: 46/186b lim: 8 exec/s: 0 rss: 84Mb L: 8/8 MS: 1 CopyPart-
#1868	REDUCE cov: 160 ft: 508 corp: 46/185b lim: 8 exec/s: 0 rss: 84Mb L: 3/8 MS: 3 ShuffleBytes-ChangeBit-EraseBytes-
#1905	REDUCE cov: 160 ft: 508 corp: 46/184b lim: 8 exec/s: 0 rss: 84Mb L: 3/8 MS: 2 InsertByte-EraseBytes-
#1936	NEW    cov: 160 ft: 511 corp: 47/190b lim: 8 exec/s: 0 rss: 84Mb L: 6/8 MS: 1 ChangeByte-
#2116	NEW    cov: 160 ft: 514 corp: 48/195b lim: 8 exec/s: 0 rss: 84Mb L: 5/8 MS: 5 InsertRepeatedBytes-ShuffleBytes-CopyPart-EraseBytes-PersAutoDict- DE: "\377\377"-
#2148	REDUCE cov: 160 ft: 514 corp: 48/194b lim: 8 exec/s: 0 rss: 84Mb L: 2/8 MS: 2 ShuffleBytes-EraseBytes-
#2201	NEW    cov: 160 ft: 516 corp: 49/202b lim: 8 exec/s: 0 rss: 84Mb L: 8/8 MS: 3 ChangeBit-ChangeBit-CopyPart-
#2303	NEW    cov: 163 ft: 519 corp: 50/210b lim: 8 exec/s: 0 rss: 84Mb L: 8/8 MS: 2 PersAutoDict-ShuffleBytes- DE: "\377\377"-
#2337	NEW    cov: 163 ft: 521 corp: 51/218b lim: 8 exec/s: 0 rss: 84Mb L: 8/8 MS: 4 ChangeBinInt-CopyPart-CopyPart-CrossOver-
#2388	NEW    cov: 164 ft: 522 corp: 52/226b lim: 8 exec/s: 0 rss: 84Mb L: 8/8 MS: 1 ChangeBit-
#2474	NEW    cov: 164 ft: 529 corp: 53/234b lim: 8 exec/s: 0 rss: 84Mb L: 8/8 MS: 1 CopyPart-
#2571	NEW    cov: 164 ft: 530 corp: 54/242b lim: 8 exec/s: 0 rss: 84Mb L: 8/8 MS: 2 ChangeBit-ChangeByte-
#2812	REDUCE cov: 164 ft: 530 corp: 54/241b lim: 8 exec/s: 0 rss: 84Mb L: 2/8 MS: 1 EraseBytes-
#2824	REDUCE cov: 164 ft: 530 corp: 54/240b lim: 8 exec/s: 0 rss: 84Mb L: 7/8 MS: 2 ShuffleBytes-EraseBytes-
#3082	REDUCE cov: 164 ft: 533 corp: 55/247b lim: 8 exec/s: 0 rss: 84Mb L: 7/8 MS: 3 ShuffleBytes-ChangeByte-CrossOver-
#3097	NEW    cov: 164 ft: 534 corp: 56/254b lim: 8 exec/s: 0 rss: 84Mb L: 7/8 MS: 5 ChangeBinInt-CopyPart-CMP-ChangeByte-CrossOver- DE: "\000\000"-
#3191	NEW    cov: 164 ft: 536 corp: 57/262b lim: 8 exec/s: 0 rss: 84Mb L: 8/8 MS: 4 ShuffleBytes-CrossOver-CrossOver-CrossOver-
#3207	REDUCE cov: 164 ft: 536 corp: 57/261b lim: 8 exec/s: 0 rss: 84Mb L: 4/8 MS: 1 EraseBytes-
#3273	REDUCE cov: 164 ft: 536 corp: 57/259b lim: 8 exec/s: 0 rss: 84Mb L: 6/8 MS: 1 EraseBytes-
#3280	REDUCE cov: 166 ft: 538 corp: 58/264b lim: 8 exec/s: 0 rss: 84Mb L: 5/8 MS: 2 ShuffleBytes-CrossOver-
#3337	NEW    cov: 166 ft: 546 corp: 59/272b lim: 8 exec/s: 0 rss: 84Mb L: 8/8 MS: 2 CopyPart-ShuffleBytes-
#3404	NEW    cov: 166 ft: 548 corp: 60/280b lim: 8 exec/s: 0 rss: 84Mb L: 8/8 MS: 2 ShuffleBytes-ChangeByte-
#3438	REDUCE cov: 166 ft: 549 corp: 61/288b lim: 8 exec/s: 0 rss: 84Mb L: 8/8 MS: 4 ChangeBinInt-InsertRepeatedBytes-InsertByte-CrossOver-
#3891	NEW    cov: 166 ft: 550 corp: 62/298b lim: 11 exec/s: 0 rss: 84Mb L: 10/10 MS: 3 PersAutoDict-ChangeBit-CrossOver- DE: "\377\377"-
#4092	NEW    cov: 166 ft: 556 corp: 63/306b lim: 11 exec/s: 0 rss: 84Mb L: 8/10 MS: 1 CopyPart-
#4104	NEW    cov: 166 ft: 590 corp: 64/317b lim: 11 exec/s: 0 rss: 84Mb L: 11/11 MS: 2 EraseBytes-CopyPart-
#4131	NEW    cov: 166 ft: 593 corp: 65/327b lim: 11 exec/s: 0 rss: 84Mb L: 10/11 MS: 2 InsertByte-CopyPart-
#4148	NEW    cov: 166 ft: 599 corp: 66/337b lim: 11 exec/s: 0 rss: 84Mb L: 10/11 MS: 2 ChangeByte-CrossOver-
#4165	NEW    cov: 166 ft: 601 corp: 67/346b lim: 11 exec/s: 0 rss: 84Mb L: 9/11 MS: 2 ChangeBit-InsertByte-
#4168	REDUCE cov: 166 ft: 601 corp: 67/344b lim: 11 exec/s: 0 rss: 84Mb L: 6/11 MS: 3 ChangeBinInt-ChangeBit-EraseBytes-
#4169	NEW    cov: 166 ft: 617 corp: 68/353b lim: 11 exec/s: 0 rss: 84Mb L: 9/11 MS: 1 CopyPart-
#4180	NEW    cov: 166 ft: 618 corp: 69/364b lim: 11 exec/s: 0 rss: 84Mb L: 11/11 MS: 1 CrossOver-
#4191	NEW    cov: 166 ft: 623 corp: 70/373b lim: 11 exec/s: 0 rss: 84Mb L: 9/11 MS: 1 CopyPart-
#4374	REDUCE cov: 166 ft: 623 corp: 70/372b lim: 11 exec/s: 0 rss: 84Mb L: 3/11 MS: 3 CopyPart-ChangeByte-EraseBytes-
#4427	REDUCE cov: 166 ft: 623 corp: 70/371b lim: 11 exec/s: 0 rss: 84Mb L: 3/11 MS: 3 ShuffleBytes-ShuffleBytes-EraseBytes-
#4432	NEW    cov: 166 ft: 625 corp: 71/380b lim: 11 exec/s: 0 rss: 84Mb L: 9/11 MS: 5 ChangeBinInt-ShuffleBytes-ChangeByte-ChangeByte-CrossOver-
#4453	NEW    cov: 166 ft: 630 corp: 72/388b lim: 11 exec/s: 0 rss: 84Mb L: 8/11 MS: 1 PersAutoDict- DE: "\377\377"-
#4527	NEW    cov: 166 ft: 634 corp: 73/398b lim: 11 exec/s: 0 rss: 84Mb L: 10/11 MS: 4 InsertByte-ChangeBinInt-CrossOver-ChangeByte-
#4711	REDUCE cov: 166 ft: 635 corp: 74/408b lim: 11 exec/s: 0 rss: 84Mb L: 10/11 MS: 4 ChangeBit-PersAutoDict-CrossOver-ChangeBit- DE: "\377\377"-
#4807	NEW    cov: 166 ft: 636 corp: 75/416b lim: 11 exec/s: 0 rss: 84Mb L: 8/11 MS: 1 CopyPart-
#4838	REDUCE cov: 166 ft: 636 corp: 75/415b lim: 11 exec/s: 0 rss: 84Mb L: 2/11 MS: 1 EraseBytes-
#5006	NEW    cov: 166 ft: 639 corp: 76/425b lim: 11 exec/s: 0 rss: 84Mb L: 10/11 MS: 3 ChangeBit-ChangeBit-CrossOver-
#5032	NEW    cov: 166 ft: 642 corp: 77/435b lim: 11 exec/s: 0 rss: 84Mb L: 10/11 MS: 1 InsertByte-
#5153	NEW    cov: 166 ft: 643 corp: 78/445b lim: 11 exec/s: 0 rss: 84Mb L: 10/11 MS: 1 CopyPart-
#5309	REDUCE cov: 166 ft: 643 corp: 78/444b lim: 11 exec/s: 0 rss: 84Mb L: 4/11 MS: 1 EraseBytes-
#5370	REDUCE cov: 166 ft: 643 corp: 78/443b lim: 11 exec/s: 0 rss: 84Mb L: 9/11 MS: 1 EraseBytes-
#5386	NEW    cov: 166 ft: 645 corp: 79/454b lim: 11 exec/s: 0 rss: 84Mb L: 11/11 MS: 1 InsertByte-
#5407	NEW    cov: 166 ft: 646 corp: 80/463b lim: 11 exec/s: 0 rss: 84Mb L: 9/11 MS: 1 CrossOver-
#5425	NEW    cov: 166 ft: 647 corp: 81/474b lim: 11 exec/s: 0 rss: 84Mb L: 11/11 MS: 3 ShuffleBytes-ChangeByte-CopyPart-
#5730	REDUCE cov: 166 ft: 648 corp: 82/482b lim: 11 exec/s: 5730 rss: 84Mb L: 8/11 MS: 5 EraseBytes-InsertRepeatedBytes-ChangeBinInt-CrossOver-InsertRepeatedBytes-
#5771	REDUCE cov: 166 ft: 652 corp: 83/491b lim: 11 exec/s: 5771 rss: 84Mb L: 9/11 MS: 1 ChangeBinInt-
#5806	NEW    cov: 166 ft: 655 corp: 84/502b lim: 11 exec/s: 5806 rss: 84Mb L: 11/11 MS: 5 CrossOver-ShuffleBytes-ChangeBit-CopyPart-CrossOver-
#5854	NEW    cov: 166 ft: 658 corp: 85/511b lim: 11 exec/s: 5854 rss: 84Mb L: 9/11 MS: 3 CopyPart-CrossOver-InsertByte-
#5866	REDUCE cov: 166 ft: 658 corp: 85/508b lim: 11 exec/s: 5866 rss: 84Mb L: 8/11 MS: 2 ChangeBit-EraseBytes-
#5932	NEW    cov: 169 ft: 661 corp: 86/514b lim: 11 exec/s: 5932 rss: 84Mb L: 6/11 MS: 1 CrossOver-
#5963	REDUCE cov: 169 ft: 661 corp: 86/513b lim: 11 exec/s: 5963 rss: 84Mb L: 7/11 MS: 1 EraseBytes-
#6109	REDUCE cov: 169 ft: 661 corp: 86/511b lim: 11 exec/s: 6109 rss: 84Mb L: 6/11 MS: 1 EraseBytes-
#6167	NEW    cov: 169 ft: 664 corp: 87/522b lim: 11 exec/s: 6167 rss: 84Mb L: 11/11 MS: 3 ChangeByte-ShuffleBytes-ChangeBit-
#6214	NEW    cov: 169 ft: 670 corp: 88/533b lim: 11 exec/s: 6214 rss: 84Mb L: 11/11 MS: 2 ChangeByte-CopyPart-
#6358	NEW    cov: 169 ft: 673 corp: 89/541b lim: 11 exec/s: 6358 rss: 84Mb L: 8/11 MS: 4 InsertByte-EraseBytes-CopyPart-EraseBytes-
#6583	NEW    cov: 169 ft: 677 corp: 90/545b lim: 11 exec/s: 6583 rss: 84Mb L: 4/11 MS: 5 CrossOver-CopyPart-ChangeBit-CopyPart-ChangeBinInt-
#6694	REDUCE cov: 169 ft: 677 corp: 90/543b lim: 11 exec/s: 6694 rss: 84Mb L: 8/11 MS: 1 EraseBytes-
#6780	REDUCE cov: 169 ft: 677 corp: 90/541b lim: 11 exec/s: 6780 rss: 84Mb L: 2/11 MS: 1 EraseBytes-
#6883	NEW    cov: 170 ft: 678 corp: 91/550b lim: 11 exec/s: 6883 rss: 84Mb L: 9/11 MS: 3 CrossOver-CopyPart-ChangeBinInt-
#7029	REDUCE cov: 170 ft: 678 corp: 91/549b lim: 11 exec/s: 7029 rss: 84Mb L: 3/11 MS: 1 EraseBytes-
#7215	NEW    cov: 170 ft: 679 corp: 92/560b lim: 11 exec/s: 7215 rss: 84Mb L: 11/11 MS: 1 CrossOver-
#7237	REDUCE cov: 170 ft: 679 corp: 92/559b lim: 11 exec/s: 7237 rss: 84Mb L: 8/11 MS: 2 ChangeBit-EraseBytes-
#7278	REDUCE cov: 170 ft: 679 corp: 92/557b lim: 11 exec/s: 7278 rss: 84Mb L: 5/11 MS: 1 EraseBytes-
#7392	REDUCE cov: 170 ft: 679 corp: 92/555b lim: 11 exec/s: 7392 rss: 84Mb L: 4/11 MS: 4 ChangeBit-CopyPart-ChangeBit-EraseBytes-
#7693	NEW    cov: 170 ft: 680 corp: 93/564b lim: 11 exec/s: 7693 rss: 84Mb L: 9/11 MS: 1 InsertRepeatedBytes-
#7799	NEW    cov: 170 ft: 683 corp: 94/573b lim: 11 exec/s: 7799 rss: 84Mb L: 9/11 MS: 1 CopyPart-
#7900	NEW    cov: 170 ft: 688 corp: 95/583b lim: 11 exec/s: 7900 rss: 84Mb L: 10/11 MS: 1 CopyPart-
#8141	REDUCE cov: 170 ft: 688 corp: 95/581b lim: 11 exec/s: 8141 rss: 84Mb L: 6/11 MS: 1 EraseBytes-
#8152	REDUCE cov: 170 ft: 688 corp: 95/579b lim: 11 exec/s: 8152 rss: 84Mb L: 8/11 MS: 1 EraseBytes-
#8533	REDUCE cov: 170 ft: 692 corp: 96/582b lim: 14 exec/s: 8533 rss: 84Mb L: 3/11 MS: 1 ChangeByte-
#8625	NEW    cov: 170 ft: 694 corp: 97/594b lim: 14 exec/s: 8625 rss: 84Mb L: 12/12 MS: 2 CopyPart-CopyPart-
#8842	NEW    cov: 170 ft: 698 corp: 98/606b lim: 14 exec/s: 8842 rss: 84Mb L: 12/12 MS: 2 ChangeBinInt-CopyPart-
#8898	NEW    cov: 170 ft: 700 corp: 99/617b lim: 14 exec/s: 8898 rss: 84Mb L: 11/12 MS: 1 InsertByte-
#8959	NEW    cov: 170 ft: 702 corp: 100/627b lim: 14 exec/s: 8959 rss: 84Mb L: 10/12 MS: 1 InsertByte-
#8995	REDUCE cov: 170 ft: 702 corp: 100/626b lim: 14 exec/s: 8995 rss: 84Mb L: 10/12 MS: 1 EraseBytes-
#9273	REDUCE cov: 170 ft: 702 corp: 100/625b lim: 14 exec/s: 4636 rss: 84Mb L: 2/12 MS: 3 EraseBytes-ShuffleBytes-CMP- DE: "\377\377"-
#9286	NEW    cov: 170 ft: 704 corp: 101/638b lim: 14 exec/s: 4643 rss: 84Mb L: 13/13 MS: 3 CopyPart-InsertByte-CMP- DE: "\377\377\377\377"-
#9412	REDUCE cov: 170 ft: 704 corp: 101/637b lim: 14 exec/s: 4706 rss: 84Mb L: 2/13 MS: 1 EraseBytes-
#9583	NEW    cov: 170 ft: 706 corp: 102/647b lim: 14 exec/s: 4791 rss: 84Mb L: 10/13 MS: 1 CopyPart-
#9639	NEW    cov: 170 ft: 707 corp: 103/656b lim: 14 exec/s: 4819 rss: 84Mb L: 9/13 MS: 1 ChangeBit-
#9795	REDUCE cov: 170 ft: 707 corp: 103/654b lim: 14 exec/s: 4897 rss: 84Mb L: 6/13 MS: 1 EraseBytes-
#9968	NEW    cov: 170 ft: 708 corp: 104/666b lim: 14 exec/s: 4984 rss: 84Mb L: 12/13 MS: 3 ChangeByte-CopyPart-CrossOver-
#10439	NEW    cov: 170 ft: 709 corp: 105/680b lim: 17 exec/s: 5219 rss: 84Mb L: 14/14 MS: 1 InsertRepeatedBytes-
#10835	REDUCE cov: 170 ft: 709 corp: 105/679b lim: 17 exec/s: 5417 rss: 84Mb L: 5/14 MS: 1 EraseBytes-
#10851	REDUCE cov: 170 ft: 709 corp: 105/678b lim: 17 exec/s: 5425 rss: 84Mb L: 9/14 MS: 1 EraseBytes-
#10877	NEW    cov: 170 ft: 710 corp: 106/695b lim: 17 exec/s: 5438 rss: 84Mb L: 17/17 MS: 1 CopyPart-
#11113	REDUCE cov: 170 ft: 710 corp: 106/694b lim: 17 exec/s: 5556 rss: 84Mb L: 5/17 MS: 1 EraseBytes-
#11156	REDUCE cov: 172 ft: 712 corp: 107/697b lim: 17 exec/s: 5578 rss: 84Mb L: 3/17 MS: 3 EraseBytes-CopyPart-CopyPart-
#11192	NEW    cov: 172 ft: 713 corp: 108/711b lim: 17 exec/s: 5596 rss: 84Mb L: 14/17 MS: 1 ChangeBinInt-
#11318	NEW    cov: 172 ft: 714 corp: 109/726b lim: 17 exec/s: 5659 rss: 84Mb L: 15/17 MS: 1 CrossOver-
#11434	NEW    cov: 172 ft: 715 corp: 110/741b lim: 17 exec/s: 5717 rss: 84Mb L: 15/17 MS: 1 EraseBytes-
#11533	REDUCE cov: 172 ft: 715 corp: 110/740b lim: 17 exec/s: 5766 rss: 84Mb L: 5/17 MS: 4 ChangeBinInt-CopyPart-EraseBytes-CopyPart-
#11684	REDUCE cov: 172 ft: 716 corp: 111/748b lim: 17 exec/s: 5842 rss: 84Mb L: 8/17 MS: 1 CrossOver-
#11985	REDUCE cov: 172 ft: 716 corp: 111/746b lim: 17 exec/s: 5992 rss: 84Mb L: 12/17 MS: 1 EraseBytes-
#12031	NEW    cov: 172 ft: 720 corp: 112/761b lim: 17 exec/s: 6015 rss: 84Mb L: 15/17 MS: 1 CopyPart-
#12062	NEW    cov: 172 ft: 726 corp: 113/778b lim: 17 exec/s: 6031 rss: 84Mb L: 17/17 MS: 1 CopyPart-
#12118	REDUCE cov: 172 ft: 727 corp: 114/792b lim: 17 exec/s: 6059 rss: 84Mb L: 14/17 MS: 1 CrossOver-
#12286	REDUCE cov: 172 ft: 729 corp: 115/805b lim: 17 exec/s: 6143 rss: 84Mb L: 13/17 MS: 3 CopyPart-ShuffleBytes-InsertByte-
#12453	NEW    cov: 172 ft: 731 corp: 116/822b lim: 17 exec/s: 4151 rss: 84Mb L: 17/17 MS: 2 ShuffleBytes-CrossOver-
#12609	NEW    cov: 172 ft: 735 corp: 117/837b lim: 17 exec/s: 4203 rss: 84Mb L: 15/17 MS: 1 CopyPart-
#12780	REDUCE cov: 172 ft: 735 corp: 117/835b lim: 17 exec/s: 4260 rss: 84Mb L: 4/17 MS: 1 EraseBytes-
#12827	REDUCE cov: 174 ft: 737 corp: 118/840b lim: 17 exec/s: 4275 rss: 84Mb L: 5/17 MS: 2 PersAutoDict-ChangeByte- DE: "\000\000"-
#12901	NEW    cov: 174 ft: 739 corp: 119/854b lim: 17 exec/s: 4300 rss: 84Mb L: 14/17 MS: 4 InsertByte-InsertByte-ShuffleBytes-CopyPart-
#13523	REDUCE cov: 174 ft: 739 corp: 119/853b lim: 21 exec/s: 4507 rss: 84Mb L: 7/17 MS: 2 ChangeBit-EraseBytes-
#13525	REDUCE cov: 174 ft: 741 corp: 120/867b lim: 21 exec/s: 4508 rss: 84Mb L: 14/17 MS: 2 ShuffleBytes-CopyPart-
#13626	NEW    cov: 174 ft: 764 corp: 121/883b lim: 21 exec/s: 4542 rss: 84Mb L: 16/17 MS: 1 CrossOver-
#13637	REDUCE cov: 174 ft: 765 corp: 122/891b lim: 21 exec/s: 4545 rss: 84Mb L: 8/17 MS: 1 CrossOver-
#13664	NEW    cov: 174 ft: 771 corp: 123/911b lim: 21 exec/s: 4554 rss: 84Mb L: 20/20 MS: 2 ChangeBit-CrossOver-
#13671	REDUCE cov: 174 ft: 771 corp: 123/907b lim: 21 exec/s: 4557 rss: 84Mb L: 10/20 MS: 2 ShuffleBytes-EraseBytes-
#13678	NEW    cov: 174 ft: 772 corp: 124/922b lim: 21 exec/s: 4559 rss: 84Mb L: 15/20 MS: 2 CopyPart-CrossOver-
#13698	NEW    cov: 174 ft: 773 corp: 125/943b lim: 21 exec/s: 4566 rss: 84Mb L: 21/21 MS: 5 CrossOver-CrossOver-CrossOver-ShuffleBytes-PersAutoDict- DE: "\377\377\377\377"-
#13959	NEW    cov: 174 ft: 779 corp: 126/963b lim: 21 exec/s: 4653 rss: 84Mb L: 20/21 MS: 1 CopyPart-
#13990	NEW    cov: 174 ft: 780 corp: 127/981b lim: 21 exec/s: 4663 rss: 84Mb L: 18/21 MS: 1 CopyPart-
#14012	REDUCE cov: 174 ft: 780 corp: 127/980b lim: 21 exec/s: 4670 rss: 84Mb L: 3/21 MS: 2 ChangeBinInt-EraseBytes-
#14128	REDUCE cov: 174 ft: 786 corp: 128/997b lim: 21 exec/s: 4709 rss: 84Mb L: 17/21 MS: 1 CopyPart-
#14204	NEW    cov: 174 ft: 789 corp: 129/1015b lim: 21 exec/s: 4734 rss: 84Mb L: 18/21 MS: 1 CrossOver-
#14205	REDUCE cov: 174 ft: 789 corp: 129/1013b lim: 21 exec/s: 4735 rss: 84Mb L: 18/21 MS: 1 EraseBytes-
#14321	REDUCE cov: 174 ft: 789 corp: 129/1012b lim: 21 exec/s: 4773 rss: 84Mb L: 13/21 MS: 1 EraseBytes-
#14492	NEW    cov: 174 ft: 790 corp: 130/1029b lim: 21 exec/s: 4830 rss: 84Mb L: 17/21 MS: 1 ChangeBit-
#14829	NEW    cov: 174 ft: 792 corp: 131/1046b lim: 21 exec/s: 3707 rss: 84Mb L: 17/21 MS: 2 InsertRepeatedBytes-CrossOver-
#15325	REDUCE cov: 174 ft: 793 corp: 132/1059b lim: 25 exec/s: 3831 rss: 84Mb L: 13/21 MS: 1 CopyPart-
#15381	NEW    cov: 174 ft: 795 corp: 133/1077b lim: 25 exec/s: 3845 rss: 84Mb L: 18/21 MS: 1 CopyPart-
#15882	REDUCE cov: 174 ft: 795 corp: 133/1075b lim: 29 exec/s: 3970 rss: 84Mb L: 7/21 MS: 1 EraseBytes-
#15975	NEW    cov: 174 ft: 796 corp: 134/1087b lim: 29 exec/s: 3993 rss: 84Mb L: 12/21 MS: 3 EraseBytes-InsertByte-InsertRepeatedBytes-
#16016	NEW    cov: 174 ft: 814 corp: 135/1114b lim: 29 exec/s: 4004 rss: 84Mb L: 27/27 MS: 1 CrossOver-
#16247	REDUCE cov: 174 ft: 814 corp: 135/1112b lim: 29 exec/s: 4061 rss: 84Mb L: 5/27 MS: 1 EraseBytes-
#16343	NEW    cov: 174 ft: 815 corp: 136/1133b lim: 29 exec/s: 4085 rss: 84Mb L: 21/27 MS: 1 ChangeBit-
#16384	pulse  cov: 174 ft: 815 corp: 136/1133b lim: 29 exec/s: 4096 rss: 84Mb
#16419	REDUCE cov: 174 ft: 815 corp: 136/1131b lim: 29 exec/s: 4104 rss: 84Mb L: 13/27 MS: 1 EraseBytes-
#16433	NEW    cov: 174 ft: 816 corp: 137/1158b lim: 29 exec/s: 4108 rss: 84Mb L: 27/27 MS: 4 ShuffleBytes-InsertRepeatedBytes-PersAutoDict-CopyPart- DE: "\000\000"-
#16453	NEW    cov: 174 ft: 818 corp: 138/1181b lim: 29 exec/s: 4113 rss: 84Mb L: 23/27 MS: 5 CMP-ChangeBinInt-ChangeByte-EraseBytes-CrossOver- DE: "\001\000"-
#16510	NEW    cov: 174 ft: 827 corp: 139/1204b lim: 29 exec/s: 3302 rss: 84Mb L: 23/27 MS: 2 ShuffleBytes-InsertRepeatedBytes-
#16581	NEW    cov: 174 ft: 828 corp: 140/1227b lim: 29 exec/s: 3316 rss: 84Mb L: 23/27 MS: 1 CrossOver-
#16582	REDUCE cov: 174 ft: 829 corp: 141/1244b lim: 29 exec/s: 3316 rss: 84Mb L: 17/27 MS: 1 CrossOver-
#16584	NEW    cov: 174 ft: 832 corp: 142/1266b lim: 29 exec/s: 3316 rss: 84Mb L: 22/27 MS: 2 CMP-CopyPart- DE: "\000\000\000\000"-
#16639	NEW    cov: 174 ft: 833 corp: 143/1284b lim: 29 exec/s: 3327 rss: 84Mb L: 18/27 MS: 5 CopyPart-CrossOver-ShuffleBytes-ShuffleBytes-CrossOver-
#16650	NEW    cov: 174 ft: 835 corp: 144/1304b lim: 29 exec/s: 3330 rss: 84Mb L: 20/27 MS: 1 CrossOver-
#16683	NEW    cov: 174 ft: 836 corp: 145/1333b lim: 29 exec/s: 3336 rss: 84Mb L: 29/29 MS: 3 ChangeByte-CrossOver-InsertByte-
#16787	REDUCE cov: 174 ft: 836 corp: 145/1331b lim: 29 exec/s: 3357 rss: 84Mb L: 10/29 MS: 4 InsertByte-InsertByte-ChangeBit-EraseBytes-
#16945	REDUCE cov: 174 ft: 836 corp: 145/1328b lim: 29 exec/s: 3389 rss: 84Mb L: 10/29 MS: 3 ChangeBinInt-EraseBytes-InsertByte-
#17052	NEW    cov: 174 ft: 837 corp: 146/1349b lim: 29 exec/s: 3410 rss: 84Mb L: 21/29 MS: 2 EraseBytes-InsertRepeatedBytes-
#17151	NEW    cov: 174 ft: 838 corp: 147/1369b lim: 29 exec/s: 3430 rss: 84Mb L: 20/29 MS: 4 CrossOver-ChangeBinInt-PersAutoDict-CrossOver- DE: "\000\000"-
#17344	REDUCE cov: 174 ft: 842 corp: 148/1398b lim: 29 exec/s: 3468 rss: 84Mb L: 29/29 MS: 3 InsertByte-InsertRepeatedBytes-CrossOver-
#17727	REDUCE cov: 174 ft: 842 corp: 148/1388b lim: 29 exec/s: 3545 rss: 84Mb L: 13/29 MS: 3 EraseBytes-ChangeBinInt-CrossOver-
#17911	NEW    cov: 174 ft: 843 corp: 149/1413b lim: 29 exec/s: 3582 rss: 84Mb L: 25/29 MS: 4 ChangeBinInt-PersAutoDict-ChangeBit-CrossOver- DE: "\001\000"-
#17973	NEW    cov: 174 ft: 844 corp: 150/1440b lim: 29 exec/s: 2995 rss: 84Mb L: 27/29 MS: 2 ChangeByte-CopyPart-
#18254	REDUCE cov: 174 ft: 844 corp: 150/1436b lim: 29 exec/s: 3042 rss: 84Mb L: 18/29 MS: 1 EraseBytes-
#18910	NEW    cov: 174 ft: 846 corp: 151/1452b lim: 33 exec/s: 3151 rss: 84Mb L: 16/29 MS: 1 CopyPart-
#18940	REDUCE cov: 174 ft: 847 corp: 152/1483b lim: 33 exec/s: 3156 rss: 84Mb L: 31/31 MS: 5 ShuffleBytes-PersAutoDict-InsertRepeatedBytes-CrossOver-CrossOver- DE: "\000\000\000\000"-
#18956	NEW    cov: 174 ft: 851 corp: 153/1509b lim: 33 exec/s: 3159 rss: 84Mb L: 26/31 MS: 1 CopyPart-
#19193	NEW    cov: 174 ft: 852 corp: 154/1528b lim: 33 exec/s: 3198 rss: 84Mb L: 19/31 MS: 2 CrossOver-CrossOver-
#19252	REDUCE cov: 174 ft: 854 corp: 155/1551b lim: 33 exec/s: 3208 rss: 84Mb L: 23/31 MS: 4 ChangeBinInt-InsertByte-CopyPart-CrossOver-
#19363	NEW    cov: 174 ft: 855 corp: 156/1576b lim: 33 exec/s: 3227 rss: 84Mb L: 25/31 MS: 1 CrossOver-
#19727	NEW    cov: 174 ft: 856 corp: 157/1607b lim: 33 exec/s: 2818 rss: 84Mb L: 31/31 MS: 4 InsertByte-PersAutoDict-InsertRepeatedBytes-CMP- DE: "\000\000\000\000"-"\377\377\377\377\377\377\377\000"-
#19738	REDUCE cov: 174 ft: 856 corp: 157/1604b lim: 33 exec/s: 2819 rss: 84Mb L: 5/31 MS: 1 EraseBytes-
#19744	REDUCE cov: 174 ft: 856 corp: 157/1602b lim: 33 exec/s: 2820 rss: 84Mb L: 21/31 MS: 1 EraseBytes-
#19805	REDUCE cov: 174 ft: 856 corp: 157/1601b lim: 33 exec/s: 2829 rss: 84Mb L: 20/31 MS: 1 EraseBytes-
#19910	NEW    cov: 174 ft: 859 corp: 158/1629b lim: 33 exec/s: 2844 rss: 84Mb L: 28/31 MS: 5 ShuffleBytes-CopyPart-EraseBytes-CopyPart-CrossOver-
#19991	REDUCE cov: 174 ft: 859 corp: 158/1627b lim: 33 exec/s: 2855 rss: 84Mb L: 15/31 MS: 1 EraseBytes-
#20241	REDUCE cov: 174 ft: 859 corp: 158/1625b lim: 33 exec/s: 2891 rss: 84Mb L: 25/31 MS: 5 CrossOver-CrossOver-ChangeBit-EraseBytes-PersAutoDict- DE: "\377\377"-
#20389	REDUCE cov: 174 ft: 859 corp: 158/1618b lim: 33 exec/s: 2912 rss: 84Mb L: 12/31 MS: 3 ChangeBit-ChangeBit-EraseBytes-
#20396	REDUCE cov: 174 ft: 859 corp: 158/1614b lim: 33 exec/s: 2913 rss: 84Mb L: 7/31 MS: 2 ChangeByte-EraseBytes-
#20443	NEW    cov: 174 ft: 860 corp: 159/1630b lim: 33 exec/s: 2920 rss: 84Mb L: 16/31 MS: 2 ShuffleBytes-CopyPart-
#20505	REDUCE cov: 174 ft: 860 corp: 159/1629b lim: 33 exec/s: 2929 rss: 84Mb L: 11/31 MS: 2 ShuffleBytes-EraseBytes-
#20650	NEW    cov: 174 ft: 862 corp: 160/1660b lim: 33 exec/s: 2950 rss: 84Mb L: 31/31 MS: 5 EraseBytes-CrossOver-ShuffleBytes-CopyPart-InsertRepeatedBytes-
#21036	NEW    cov: 174 ft: 864 corp: 161/1688b lim: 33 exec/s: 3005 rss: 84Mb L: 28/31 MS: 1 CopyPart-
#21308	REDUCE cov: 174 ft: 864 corp: 161/1687b lim: 33 exec/s: 2663 rss: 84Mb L: 3/31 MS: 2 CopyPart-EraseBytes-
#21384	NEW    cov: 174 ft: 866 corp: 162/1720b lim: 33 exec/s: 2673 rss: 84Mb L: 33/33 MS: 1 CopyPart-
#21454	NEW    cov: 174 ft: 873 corp: 163/1752b lim: 33 exec/s: 2681 rss: 84Mb L: 32/33 MS: 5 InsertByte-ChangeBinInt-ChangeBit-ChangeBit-CopyPart-
#21550	REDUCE cov: 174 ft: 873 corp: 163/1749b lim: 33 exec/s: 2693 rss: 84Mb L: 25/33 MS: 1 EraseBytes-
#21576	REDUCE cov: 174 ft: 875 corp: 164/1776b lim: 33 exec/s: 2697 rss: 84Mb L: 27/33 MS: 1 InsertRepeatedBytes-
#21906	NEW    cov: 174 ft: 876 corp: 165/1797b lim: 33 exec/s: 2738 rss: 84Mb L: 21/33 MS: 5 InsertRepeatedBytes-CrossOver-EraseBytes-CrossOver-CrossOver-
#22017	NEW    cov: 174 ft: 902 corp: 166/1829b lim: 33 exec/s: 2752 rss: 84Mb L: 32/33 MS: 1 CopyPart-
#22063	NEW    cov: 174 ft: 903 corp: 167/1857b lim: 33 exec/s: 2757 rss: 84Mb L: 28/33 MS: 1 CopyPart-
#22164	REDUCE cov: 174 ft: 903 corp: 167/1856b lim: 33 exec/s: 2770 rss: 84Mb L: 14/33 MS: 1 EraseBytes-
#22316	NEW    cov: 174 ft: 914 corp: 168/1879b lim: 33 exec/s: 2479 rss: 84Mb L: 23/33 MS: 2 ChangeByte-EraseBytes-
#22377	REDUCE cov: 174 ft: 914 corp: 168/1878b lim: 33 exec/s: 2486 rss: 84Mb L: 8/33 MS: 1 EraseBytes-
#22417	NEW    cov: 174 ft: 915 corp: 169/1910b lim: 33 exec/s: 2490 rss: 84Mb L: 32/33 MS: 5 InsertByte-InsertRepeatedBytes-ShuffleBytes-CrossOver-ShuffleBytes-
#23109	REDUCE cov: 174 ft: 916 corp: 170/1928b lim: 38 exec/s: 2567 rss: 84Mb L: 18/33 MS: 2 ShuffleBytes-ChangeBinInt-
#23135	REDUCE cov: 174 ft: 916 corp: 170/1927b lim: 38 exec/s: 2570 rss: 84Mb L: 11/33 MS: 1 EraseBytes-
#23283	NEW    cov: 174 ft: 917 corp: 171/1947b lim: 38 exec/s: 2587 rss: 84Mb L: 20/33 MS: 3 ChangeBinInt-ShuffleBytes-ChangeByte-
#23429	REDUCE cov: 174 ft: 917 corp: 171/1945b lim: 38 exec/s: 2342 rss: 84Mb L: 7/33 MS: 1 EraseBytes-
#23685	REDUCE cov: 174 ft: 917 corp: 171/1940b lim: 38 exec/s: 2368 rss: 84Mb L: 27/33 MS: 1 EraseBytes-
#23751	REDUCE cov: 174 ft: 917 corp: 171/1927b lim: 38 exec/s: 2375 rss: 84Mb L: 14/33 MS: 1 CrossOver-
#23777	REDUCE cov: 174 ft: 917 corp: 171/1926b lim: 38 exec/s: 2377 rss: 84Mb L: 5/33 MS: 1 EraseBytes-
#23901	REDUCE cov: 174 ft: 917 corp: 171/1923b lim: 38 exec/s: 2390 rss: 84Mb L: 24/33 MS: 4 ShuffleBytes-EraseBytes-EraseBytes-CopyPart-
#23929	NEW    cov: 174 ft: 918 corp: 172/1952b lim: 38 exec/s: 2392 rss: 84Mb L: 29/33 MS: 3 CrossOver-CrossOver-ChangeBit-
#24125	REDUCE cov: 174 ft: 918 corp: 172/1951b lim: 38 exec/s: 2412 rss: 84Mb L: 12/33 MS: 1 EraseBytes-
#24206	REDUCE cov: 174 ft: 918 corp: 172/1949b lim: 38 exec/s: 2420 rss: 84Mb L: 19/33 MS: 1 EraseBytes-
#24472	REDUCE cov: 174 ft: 918 corp: 172/1948b lim: 38 exec/s: 2447 rss: 84Mb L: 13/33 MS: 1 EraseBytes-
#24472	DONE   cov: 174 ft: 918 corp: 172/1948b lim: 38 exec/s: 2224 rss: 84Mb
###### Recommended dictionary. ######
"\377\377" # Uses: 934
"\000\000" # Uses: 626
"\377\377\377\377" # Uses: 319
"\001\000" # Uses: 138
"\000\000\000\000" # Uses: 119
"\377\377\377\377\377\377\377\000" # Uses: 58
###### End of recommended dictionary. ######
Done 24472 runs in 11 second(s)
