INFO: Instrumenting arrow
INFO: Instrumenting arrow._version
INFO: Instrumenting arrow.api
INFO: Instrumenting datetime
INFO: Instrumenting arrow.arrow
INFO: Instrumenting calendar
INFO: Instrumenting locale
INFO: Instrumenting _locale
WARNING: It looks like this module is imported by a custom loader. Atheris has experimental support for this. However, it may be incompatible with certain libraries. If you experience unusual errors or poor coverage collection, try atheris.instrument_all() instead, add enable_loader_override=False to instrument_imports(), or file an issue on GitHub.
INFO: Instrumenting dateutil
INFO: Instrumenting dateutil._version
INFO: Instrumenting dateutil.tz
INFO: Instrumenting dateutil.tz.tz
INFO: Instrumenting struct
INFO: Instrumenting six
INFO: Instrumenting __future__
INFO: Instrumenting importlib.util
INFO: Instrumenting six.moves
INFO: Instrumenting dateutil.tz._common
INFO: Instrumenting dateutil.tz._factories
INFO: Instrumenting dateutil.tz.win
INFO: Instrumenting dateutil.relativedelta
INFO: Instrumenting dateutil._common
INFO: Instrumenting arrow.formatter
INFO: Instrumenting arrow.locales
INFO: Instrumenting arrow.constants
INFO: Instrumenting arrow.parser
INFO: Instrumenting zoneinfo
INFO: Instrumenting zoneinfo._tzpath
INFO: Instrumenting sysconfig
INFO: Instrumenting _sysconfigdata__linux_x86_64-linux-gnu
INFO: Instrumenting zoneinfo._common
INFO: Instrumenting arrow.util
INFO: Instrumenting dateutil.rrule
INFO: Instrumenting heapq
INFO: Instrumenting arrow.factory
INFO: Instrumenting decimal
INFO: Instrumenting numbers
INFO: Using built-in libfuzzer
WARNING: Failed to find function "__sanitizer_acquire_crash_state".
WARNING: Failed to find function "__sanitizer_print_stack_trace".
WARNING: Failed to find function "__sanitizer_set_death_callback".
INFO: Running with entropic power schedule (0xFF, 100).
INFO: Seed: 3331266162
INFO: -max_len is not provided; libFuzzer will not generate inputs larger than 4096 bytes
INFO: A corpus is not provided, starting from an empty corpus
#2	INITED cov: 49 ft: 49 corp: 1/1b exec/s: 0 rss: 50Mb
#826	NEW    cov: 57 ft: 74 corp: 2/7b lim: 11 exec/s: 0 rss: 50Mb L: 6/6 MS: 4 InsertByte-ShuffleBytes-ShuffleBytes-InsertRepeatedBytes-
#898	NEW    cov: 65 ft: 103 corp: 3/18b lim: 11 exec/s: 0 rss: 50Mb L: 11/11 MS: 2 ChangeBit-CopyPart-
#930	NEW    cov: 90 ft: 137 corp: 4/27b lim: 11 exec/s: 0 rss: 50Mb L: 9/11 MS: 2 CopyPart-EraseBytes-
#958	NEW    cov: 91 ft: 153 corp: 5/36b lim: 11 exec/s: 0 rss: 50Mb L: 9/11 MS: 3 ShuffleBytes-CrossOver-CrossOver-
#1587	NEW    cov: 96 ft: 169 corp: 6/47b lim: 17 exec/s: 0 rss: 50Mb L: 11/11 MS: 4 InsertByte-CopyPart-ChangeBinInt-ChangeBit-
#1599	NEW    cov: 98 ft: 171 corp: 7/62b lim: 17 exec/s: 0 rss: 50Mb L: 15/15 MS: 2 ChangeBinInt-InsertRepeatedBytes-
#1688	NEW    cov: 99 ft: 172 corp: 8/74b lim: 17 exec/s: 0 rss: 50Mb L: 12/15 MS: 4 ChangeByte-InsertByte-ChangeByte-ChangeBit-
#1697	REDUCE cov: 99 ft: 172 corp: 8/72b lim: 17 exec/s: 0 rss: 50Mb L: 9/15 MS: 4 ShuffleBytes-ChangeBit-ChangeASCIIInt-CrossOver-
#1720	REDUCE cov: 99 ft: 172 corp: 8/71b lim: 17 exec/s: 0 rss: 50Mb L: 14/14 MS: 3 InsertByte-ChangeASCIIInt-EraseBytes-
#1793	REDUCE cov: 99 ft: 172 corp: 8/67b lim: 17 exec/s: 0 rss: 50Mb L: 10/12 MS: 3 CopyPart-CopyPart-EraseBytes-
#1827	REDUCE cov: 99 ft: 172 corp: 8/65b lim: 17 exec/s: 0 rss: 50Mb L: 8/12 MS: 4 CrossOver-ChangeByte-ChangeByte-CrossOver-
#1838	REDUCE cov: 99 ft: 172 corp: 8/63b lim: 17 exec/s: 0 rss: 50Mb L: 6/12 MS: 1 EraseBytes-
#1890	REDUCE cov: 99 ft: 172 corp: 8/62b lim: 17 exec/s: 0 rss: 50Mb L: 5/12 MS: 2 InsertByte-EraseBytes-
#1894	REDUCE cov: 99 ft: 172 corp: 8/60b lim: 17 exec/s: 0 rss: 50Mb L: 10/11 MS: 4 ShuffleBytes-ChangeASCIIInt-ChangeBit-EraseBytes-
#1906	REDUCE cov: 99 ft: 172 corp: 8/59b lim: 17 exec/s: 0 rss: 50Mb L: 4/11 MS: 2 ChangeBit-EraseBytes-
#1962	REDUCE cov: 99 ft: 172 corp: 8/58b lim: 17 exec/s: 0 rss: 50Mb L: 3/11 MS: 1 EraseBytes-
#2038	REDUCE cov: 99 ft: 172 corp: 8/57b lim: 17 exec/s: 0 rss: 50Mb L: 2/11 MS: 1 EraseBytes-
#2089	REDUCE cov: 99 ft: 172 corp: 8/56b lim: 17 exec/s: 0 rss: 50Mb L: 9/11 MS: 1 EraseBytes-
#2240	REDUCE cov: 99 ft: 172 corp: 8/55b lim: 17 exec/s: 0 rss: 50Mb L: 8/11 MS: 1 EraseBytes-
#2601	REDUCE cov: 99 ft: 172 corp: 8/54b lim: 17 exec/s: 0 rss: 50Mb L: 8/11 MS: 1 EraseBytes-
#2723	REDUCE cov: 99 ft: 172 corp: 8/52b lim: 17 exec/s: 0 rss: 50Mb L: 6/11 MS: 2 InsertByte-EraseBytes-
#2729	REDUCE cov: 99 ft: 172 corp: 8/49b lim: 17 exec/s: 0 rss: 50Mb L: 5/11 MS: 1 EraseBytes-
#2994	NEW    cov: 109 ft: 182 corp: 9/63b lim: 17 exec/s: 2994 rss: 50Mb L: 14/14 MS: 5 ShuffleBytes-ChangeByte-InsertByte-ChangeBinInt-CrossOver-
#3040	REDUCE cov: 109 ft: 182 corp: 9/62b lim: 17 exec/s: 3040 rss: 50Mb L: 4/14 MS: 1 EraseBytes-
#3326	REDUCE cov: 109 ft: 182 corp: 9/61b lim: 17 exec/s: 3326 rss: 50Mb L: 13/13 MS: 1 EraseBytes-
#3499	REDUCE cov: 109 ft: 182 corp: 9/60b lim: 17 exec/s: 3499 rss: 50Mb L: 12/12 MS: 3 InsertRepeatedBytes-ShuffleBytes-EraseBytes-
#3635	REDUCE cov: 109 ft: 182 corp: 9/59b lim: 17 exec/s: 3635 rss: 50Mb L: 3/12 MS: 1 EraseBytes-
#3646	REDUCE cov: 109 ft: 182 corp: 9/54b lim: 17 exec/s: 3646 rss: 50Mb L: 7/11 MS: 1 EraseBytes-
#3857	NEW    cov: 111 ft: 184 corp: 10/65b lim: 17 exec/s: 3857 rss: 50Mb L: 11/11 MS: 1 CrossOver-
#3969	REDUCE cov: 111 ft: 184 corp: 10/63b lim: 17 exec/s: 3969 rss: 50Mb L: 9/11 MS: 2 ChangeBit-EraseBytes-
#4120	REDUCE cov: 111 ft: 184 corp: 10/61b lim: 17 exec/s: 4120 rss: 50Mb L: 5/11 MS: 1 EraseBytes-
#4239	REDUCE cov: 111 ft: 184 corp: 10/60b lim: 17 exec/s: 4239 rss: 50Mb L: 2/11 MS: 4 ChangeByte-CopyPart-ChangeBinInt-EraseBytes-
#4942	REDUCE cov: 111 ft: 184 corp: 10/59b lim: 21 exec/s: 4942 rss: 50Mb L: 10/10 MS: 3 ChangeASCIIInt-ShuffleBytes-EraseBytes-
#4984	REDUCE cov: 111 ft: 184 corp: 10/58b lim: 21 exec/s: 4984 rss: 50Mb L: 5/10 MS: 2 ChangeASCIIInt-EraseBytes-
#5338	REDUCE cov: 113 ft: 186 corp: 11/66b lim: 21 exec/s: 5338 rss: 50Mb L: 8/10 MS: 4 ChangeByte-ShuffleBytes-EraseBytes-CrossOver-
#5416	REDUCE cov: 113 ft: 186 corp: 11/65b lim: 21 exec/s: 5416 rss: 50Mb L: 7/10 MS: 3 ShuffleBytes-InsertByte-EraseBytes-
#6028	REDUCE cov: 113 ft: 186 corp: 11/63b lim: 25 exec/s: 6028 rss: 50Mb L: 4/10 MS: 2 ChangeASCIIInt-EraseBytes-
#6294	REDUCE cov: 114 ft: 188 corp: 12/74b lim: 25 exec/s: 3147 rss: 50Mb L: 11/11 MS: 1 InsertRepeatedBytes-
#6950	NEW    cov: 115 ft: 189 corp: 13/86b lim: 29 exec/s: 3475 rss: 50Mb L: 12/12 MS: 1 InsertByte-
#6961	REDUCE cov: 115 ft: 189 corp: 13/85b lim: 29 exec/s: 3480 rss: 50Mb L: 8/12 MS: 1 EraseBytes-
#7512	REDUCE cov: 115 ft: 189 corp: 13/84b lim: 33 exec/s: 3756 rss: 50Mb L: 11/11 MS: 1 EraseBytes-
#8192	pulse  cov: 115 ft: 189 corp: 13/84b lim: 38 exec/s: 4096 rss: 50Mb
#8293	REDUCE cov: 115 ft: 189 corp: 13/83b lim: 38 exec/s: 4146 rss: 50Mb L: 6/11 MS: 1 EraseBytes-
#9010	REDUCE cov: 115 ft: 189 corp: 13/80b lim: 43 exec/s: 4505 rss: 50Mb L: 8/11 MS: 2 CopyPart-EraseBytes-
#9121	REDUCE cov: 115 ft: 189 corp: 13/78b lim: 43 exec/s: 4560 rss: 50Mb L: 6/11 MS: 1 EraseBytes-
#9264	REDUCE cov: 115 ft: 189 corp: 13/77b lim: 43 exec/s: 4632 rss: 50Mb L: 3/11 MS: 3 ChangeASCIIInt-EraseBytes-CopyPart-
#9420	REDUCE cov: 115 ft: 189 corp: 13/76b lim: 43 exec/s: 4710 rss: 50Mb L: 4/11 MS: 1 EraseBytes-
#9850	REDUCE cov: 115 ft: 189 corp: 13/75b lim: 43 exec/s: 4925 rss: 50Mb L: 9/11 MS: 5 InsertByte-ChangeASCIIInt-ChangeBit-EraseBytes-CopyPart-
#10398	REDUCE cov: 116 ft: 190 corp: 14/100b lim: 48 exec/s: 3466 rss: 50Mb L: 25/25 MS: 3 InsertRepeatedBytes-ChangeByte-ChangeBit-
#10455	REDUCE cov: 117 ft: 191 corp: 15/109b lim: 48 exec/s: 3485 rss: 50Mb L: 9/25 MS: 2 ChangeBit-InsertByte-
#10595	REDUCE cov: 117 ft: 191 corp: 15/106b lim: 48 exec/s: 3531 rss: 50Mb L: 22/22 MS: 5 ChangeBinInt-ChangeByte-CopyPart-ChangeBit-EraseBytes-
#11576	REDUCE cov: 117 ft: 191 corp: 15/103b lim: 53 exec/s: 3858 rss: 50Mb L: 19/19 MS: 1 EraseBytes-
#12737	REDUCE cov: 117 ft: 191 corp: 15/102b lim: 63 exec/s: 4245 rss: 50Mb L: 5/19 MS: 1 EraseBytes-
#12750	REDUCE cov: 117 ft: 191 corp: 15/101b lim: 63 exec/s: 4250 rss: 50Mb L: 10/19 MS: 3 ChangeASCIIInt-ChangeByte-EraseBytes-
#12871	REDUCE cov: 117 ft: 191 corp: 15/98b lim: 63 exec/s: 4290 rss: 50Mb L: 16/16 MS: 1 EraseBytes-
#12952	REDUCE cov: 117 ft: 191 corp: 15/97b lim: 63 exec/s: 4317 rss: 50Mb L: 8/16 MS: 1 EraseBytes-
#14603	REDUCE cov: 117 ft: 191 corp: 15/93b lim: 74 exec/s: 3650 rss: 50Mb L: 12/12 MS: 1 EraseBytes-
#14784	REDUCE cov: 117 ft: 191 corp: 15/92b lim: 74 exec/s: 3696 rss: 50Mb L: 9/12 MS: 1 EraseBytes-
#15050	REDUCE cov: 117 ft: 191 corp: 15/90b lim: 74 exec/s: 3762 rss: 50Mb L: 6/12 MS: 1 EraseBytes-
#15141	REDUCE cov: 117 ft: 191 corp: 15/88b lim: 74 exec/s: 3785 rss: 50Mb L: 7/12 MS: 1 EraseBytes-
#16384	pulse  cov: 117 ft: 191 corp: 15/88b lim: 86 exec/s: 4096 rss: 50Mb
#16709	REDUCE cov: 117 ft: 191 corp: 15/83b lim: 86 exec/s: 4177 rss: 50Mb L: 7/9 MS: 3 InsertByte-CopyPart-EraseBytes-
#16995	REDUCE cov: 117 ft: 191 corp: 15/82b lim: 86 exec/s: 4248 rss: 50Mb L: 6/9 MS: 1 EraseBytes-
#17591	REDUCE cov: 147 ft: 223 corp: 16/91b lim: 86 exec/s: 4397 rss: 50Mb L: 9/9 MS: 1 ShuffleBytes-
#18533	NEW    cov: 147 ft: 234 corp: 17/104b lim: 92 exec/s: 3706 rss: 50Mb L: 13/13 MS: 2 ChangeBit-CopyPart-
#19104	NEW    cov: 147 ft: 237 corp: 18/116b lim: 92 exec/s: 3820 rss: 50Mb L: 12/13 MS: 1 CopyPart-
#19545	NEW    cov: 149 ft: 247 corp: 19/129b lim: 92 exec/s: 3909 rss: 50Mb L: 13/13 MS: 1 ShuffleBytes-
#19721	NEW    cov: 149 ft: 251 corp: 20/137b lim: 92 exec/s: 3944 rss: 50Mb L: 8/13 MS: 1 EraseBytes-
#21277	REDUCE cov: 149 ft: 252 corp: 21/154b lim: 104 exec/s: 3546 rss: 50Mb L: 17/17 MS: 1 CrossOver-
#21278	NEW    cov: 149 ft: 257 corp: 22/166b lim: 104 exec/s: 3546 rss: 50Mb L: 12/17 MS: 1 CopyPart-
#22059	NEW    cov: 151 ft: 259 corp: 23/178b lim: 110 exec/s: 3676 rss: 50Mb L: 12/17 MS: 1 ChangeBit-
#24713	NEW    cov: 151 ft: 260 corp: 24/310b lim: 135 exec/s: 3530 rss: 50Mb L: 132/132 MS: 4 ChangeBit-CopyPart-CrossOver-InsertRepeatedBytes-
#25064	NEW    cov: 151 ft: 263 corp: 25/445b lim: 135 exec/s: 3580 rss: 50Mb L: 135/135 MS: 1 InsertRepeatedBytes-
#25184	NEW    cov: 153 ft: 265 corp: 26/579b lim: 135 exec/s: 3597 rss: 50Mb L: 134/135 MS: 5 EraseBytes-ChangeByte-InsertRepeatedBytes-ChangeASCIIInt-CopyPart-
#25897	NEW    cov: 153 ft: 268 corp: 27/716b lim: 142 exec/s: 3699 rss: 50Mb L: 137/137 MS: 3 ShuffleBytes-ShuffleBytes-CrossOver-
#25917	NEW    cov: 154 ft: 269 corp: 28/854b lim: 142 exec/s: 3702 rss: 50Mb L: 138/138 MS: 5 CMP-CrossOver-EraseBytes-CrossOver-CopyPart- DE: "\000\000\000\000\000\000\000\000"-
#26015	NEW    cov: 154 ft: 272 corp: 29/996b lim: 142 exec/s: 3716 rss: 50Mb L: 142/142 MS: 3 InsertRepeatedBytes-PersAutoDict-CrossOver- DE: "\000\000\000\000\000\000\000\000"-
#26863	NEW    cov: 154 ft: 274 corp: 30/1141b lim: 149 exec/s: 3837 rss: 50Mb L: 145/145 MS: 3 InsertRepeatedBytes-CMP-InsertByte- DE: "\000\000\000\000\000\000\000\030"-
#27188	REDUCE cov: 154 ft: 274 corp: 30/1138b lim: 149 exec/s: 3884 rss: 50Mb L: 135/145 MS: 5 PersAutoDict-CopyPart-ShuffleBytes-ChangeBit-EraseBytes- DE: "\000\000\000\000\000\000\000\000"-
#27454	NEW    cov: 154 ft: 277 corp: 31/1285b lim: 149 exec/s: 3922 rss: 50Mb L: 147/147 MS: 1 InsertRepeatedBytes-
#28550	REDUCE cov: 154 ft: 277 corp: 31/1284b lim: 156 exec/s: 3568 rss: 50Mb L: 146/146 MS: 1 EraseBytes-
#29013	REDUCE cov: 154 ft: 280 corp: 32/1439b lim: 156 exec/s: 3626 rss: 50Mb L: 155/155 MS: 3 ChangeBit-ChangeBinInt-InsertRepeatedBytes-
#29017	REDUCE cov: 154 ft: 282 corp: 33/1590b lim: 156 exec/s: 3627 rss: 50Mb L: 151/155 MS: 4 ChangeByte-ChangeByte-CrossOver-CMP- DE: "\031\000\000\000\000\000\000\000"-
#29290	REDUCE cov: 154 ft: 282 corp: 33/1582b lim: 156 exec/s: 3661 rss: 50Mb L: 147/151 MS: 3 ChangeByte-ChangeBinInt-EraseBytes-
#29536	REDUCE cov: 154 ft: 285 corp: 34/1728b lim: 156 exec/s: 3692 rss: 50Mb L: 146/151 MS: 1 ChangeBinInt-
#31396	REDUCE cov: 154 ft: 285 corp: 34/1726b lim: 170 exec/s: 3924 rss: 50Mb L: 133/151 MS: 5 PersAutoDict-InsertByte-ShuffleBytes-ShuffleBytes-EraseBytes- DE: "\031\000\000\000\000\000\000\000"-
#32472	REDUCE cov: 154 ft: 285 corp: 34/1723b lim: 177 exec/s: 3608 rss: 50Mb L: 9/151 MS: 1 EraseBytes-
#32768	pulse  cov: 154 ft: 285 corp: 34/1723b lim: 177 exec/s: 3640 rss: 50Mb
#33184	REDUCE cov: 154 ft: 285 corp: 34/1718b lim: 184 exec/s: 3687 rss: 50Mb L: 142/151 MS: 2 InsertByte-EraseBytes-
#34321	REDUCE cov: 154 ft: 286 corp: 35/1890b lim: 191 exec/s: 3813 rss: 50Mb L: 172/172 MS: 2 CopyPart-CopyPart-
#34440	REDUCE cov: 154 ft: 287 corp: 36/2063b lim: 191 exec/s: 3826 rss: 50Mb L: 173/173 MS: 4 ChangeBit-InsertRepeatedBytes-CopyPart-CopyPart-
#35732	REDUCE cov: 154 ft: 287 corp: 36/2056b lim: 198 exec/s: 3573 rss: 50Mb L: 166/172 MS: 2 CrossOver-EraseBytes-
#35913	REDUCE cov: 154 ft: 287 corp: 36/2045b lim: 198 exec/s: 3591 rss: 50Mb L: 155/172 MS: 1 EraseBytes-
#35946	REDUCE cov: 154 ft: 287 corp: 36/2042b lim: 198 exec/s: 3594 rss: 50Mb L: 169/169 MS: 3 ChangeBit-EraseBytes-InsertRepeatedBytes-
#36469	REDUCE cov: 154 ft: 287 corp: 36/2040b lim: 198 exec/s: 3646 rss: 50Mb L: 153/169 MS: 3 CrossOver-EraseBytes-InsertRepeatedBytes-
#36608	REDUCE cov: 154 ft: 287 corp: 36/2031b lim: 198 exec/s: 3660 rss: 50Mb L: 137/169 MS: 4 CopyPart-EraseBytes-CrossOver-CrossOver-
#37157	REDUCE cov: 155 ft: 288 corp: 37/2228b lim: 198 exec/s: 3715 rss: 50Mb L: 197/197 MS: 4 InsertRepeatedBytes-InsertRepeatedBytes-InsertByte-ChangeBit-
#39038	REDUCE cov: 155 ft: 288 corp: 37/2227b lim: 212 exec/s: 3903 rss: 50Mb L: 150/197 MS: 1 CrossOver-
#39521	REDUCE cov: 155 ft: 288 corp: 37/2224b lim: 212 exec/s: 3952 rss: 50Mb L: 147/197 MS: 3 PersAutoDict-InsertByte-EraseBytes- DE: "\000\000\000\000\000\000\000\000"-
#39751	DONE   cov: 155 ft: 288 corp: 37/2224b lim: 212 exec/s: 3613 rss: 50Mb
###### Recommended dictionary. ######
"\000\000\000\000\000\000\000\000" # Uses: 439
"\000\000\000\000\000\000\000\030" # Uses: 378
"\031\000\000\000\000\000\000\000" # Uses: 297
###### End of recommended dictionary. ######
Done 39751 runs in 11 second(s)
