INFO: Instrumenting black
INFO: Instrumenting json
INFO: Instrumenting json.decoder
INFO: Instrumenting json.scanner
INFO: Instrumenting json.encoder
INFO: Instrumenting platform
INFO: Instrumenting datetime
INFO: Instrumenting click
INFO: Instrumenting __future__
INFO: Instrumenting click.core
INFO: Instrumenting gettext
INFO: Instrumenting click.types
INFO: Instrumenting click._compat
INFO: Instrumenting click.exceptions
INFO: Instrumenting click.globals
INFO: Instrumenting click.utils
INFO: Instrumenting click._utils
INFO: Instrumenting click.formatting
INFO: Instrumenting click.parser
INFO: Instrumenting click.termui
INFO: Instrumenting click.decorators
INFO: Instrumenting mypy_extensions
INFO: Instrumenting pathspec
INFO: Instrumenting pathspec.gitignore
INFO: Instrumenting pathspec.backend
INFO: Instrumenting pathspec._backends
INFO: Instrumenting pathspec._backends.agg
INFO: Instrumenting pathspec.pattern
INFO: Instrumenting pathspec._typing
INFO: Instrumenting pathspec._backends.hyperscan
INFO: Instrumenting pathspec._backends.hyperscan.base
INFO: Instrumenting pathspec._backends.hyperscan.gitignore
INFO: Instrumenting pathspec.patterns
INFO: Instrumenting pathspec.patterns.gitignore
INFO: Instrumenting pathspec.patterns.gitignore.base
INFO: Instrumenting pathspec.patterns.gitignore.basic
INFO: Instrumenting pathspec.util
INFO: Instrumenting pathspec.patterns.gitignore.spec
INFO: Instrumenting pathspec.patterns.gitwildmatch
INFO: Instrumenting pathspec._backends.hyperscan._base
INFO: Instrumenting pathspec._backends.hyperscan.pathspec
INFO: Instrumenting pathspec._backends._utils
INFO: Instrumenting pathspec._backends.re2
INFO: Instrumenting pathspec._backends.re2.base
INFO: Instrumenting pathspec._backends.re2.gitignore
INFO: Instrumenting pathspec._backends.re2._base
INFO: Instrumenting pathspec._backends.re2.pathspec
INFO: Instrumenting pathspec._backends.simple
INFO: Instrumenting pathspec._backends.simple.gitignore
INFO: Instrumenting pathspec._backends.simple.pathspec
INFO: Instrumenting pathspec.pathspec
INFO: Instrumenting pathspec._meta
INFO: Instrumenting pathspec._version
INFO: Instrumenting _black_version
INFO: Instrumenting black.cache
INFO: Instrumenting hashlib
INFO: Instrumenting pickle
INFO: Instrumenting struct
INFO: Instrumenting _compat_pickle
INFO: Instrumenting platformdirs
INFO: Instrumenting platformdirs.api
INFO: Instrumenting platformdirs.version
INFO: Instrumenting platformdirs.unix
INFO: Instrumenting configparser
INFO: Instrumenting black.mode
INFO: Instrumenting black.const
INFO: Instrumenting black.output
INFO: Instrumenting black.comments
INFO: Instrumenting black.nodes
INFO: Instrumenting black.strings
INFO: Instrumenting black._width_table
INFO: Instrumenting blib2to3
INFO: Instrumenting blib2to3.pytree
INFO: Instrumenting blib2to3.pgen2
INFO: Instrumenting blib2to3.pgen2.grammar
INFO: Instrumenting blib2to3.pgen2.token
INFO: Instrumenting blib2to3.pygram
INFO: Instrumenting blib2to3.pgen2.driver
INFO: Instrumenting pkgutil
INFO: Instrumenting importlib.util
WARNING: It looks like this module is imported by a custom loader. Atheris has experimental support for this. However, it may be incompatible with certain libraries. If you experience unusual errors or poor coverage collection, try atheris.instrument_all() instead, add enable_loader_override=False to instrument_imports(), or file an issue on GitHub.
INFO: Instrumenting blib2to3.pgen2.tokenize
INFO: Instrumenting blib2to3.pgen2.parse
INFO: Instrumenting blib2to3.pgen2.pgen
INFO: Instrumenting black.files
INFO: Instrumenting packaging
INFO: Instrumenting packaging.specifiers
INFO: Instrumenting packaging.utils
INFO: Instrumenting packaging.tags
INFO: Instrumenting subprocess
INFO: Instrumenting locale
INFO: Instrumenting _locale
INFO: Instrumenting signal
INFO: Instrumenting selectors
INFO: Instrumenting sysconfig
INFO: Instrumenting packaging._manylinux
INFO: Instrumenting packaging._elffile
INFO: Instrumenting packaging._musllinux
INFO: Instrumenting packaging.version
INFO: Instrumenting packaging._structures
INFO: Instrumenting tomllib
INFO: Instrumenting tomllib._parser
INFO: Instrumenting tomllib._re
INFO: Instrumenting tomllib._types
INFO: Instrumenting black.handle_ipynb_magics
INFO: Instrumenting secrets
INFO: Instrumenting base64
INFO: Instrumenting hmac
INFO: Instrumenting black.report
INFO: Instrumenting black.linegen
INFO: Instrumenting black.brackets
INFO: Instrumenting black.lines
INFO: Instrumenting black.numerics
INFO: Instrumenting black.trans
INFO: Instrumenting black.rusty
INFO: Instrumenting black.parsing
INFO: Instrumenting black.ranges
INFO: Instrumenting difflib
INFO: Instrumenting heapq
INFO: Using built-in libfuzzer
WARNING: Failed to find function "__sanitizer_acquire_crash_state".
WARNING: Failed to find function "__sanitizer_print_stack_trace".
WARNING: Failed to find function "__sanitizer_set_death_callback".
INFO: Running with entropic power schedule (0xFF, 100).
INFO: Seed: 3495270801
INFO: -max_len is not provided; libFuzzer will not generate inputs larger than 4096 bytes
INFO: A corpus is not provided, starting from an empty corpus
#2	INITED cov: 3 ft: 3 corp: 1/1b exec/s: 0 rss: 53Mb
#7	NEW    cov: 116 ft: 116 corp: 2/3b lim: 4 exec/s: 0 rss: 53Mb L: 2/2 MS: 5 CopyPart-EraseBytes-ShuffleBytes-CrossOver-ChangeByte-
#8	NEW    cov: 118 ft: 118 corp: 3/4b lim: 4 exec/s: 0 rss: 53Mb L: 1/2 MS: 1 CrossOver-
#9	NEW    cov: 143 ft: 177 corp: 4/6b lim: 4 exec/s: 0 rss: 53Mb L: 2/2 MS: 1 ChangeBit-
#11	NEW    cov: 146 ft: 191 corp: 5/9b lim: 4 exec/s: 0 rss: 53Mb L: 3/3 MS: 2 InsertByte-InsertByte-
#12	NEW    cov: 514 ft: 608 corp: 6/10b lim: 4 exec/s: 0 rss: 53Mb L: 1/3 MS: 1 ChangeByte-
#14	NEW    cov: 514 ft: 615 corp: 7/14b lim: 4 exec/s: 0 rss: 53Mb L: 4/4 MS: 2 CrossOver-CMP- DE: "\001\000"-
#20	NEW    cov: 514 ft: 648 corp: 8/17b lim: 4 exec/s: 0 rss: 53Mb L: 3/4 MS: 1 InsertByte-
#24	NEW    cov: 514 ft: 680 corp: 9/20b lim: 4 exec/s: 0 rss: 53Mb L: 3/4 MS: 4 PersAutoDict-EraseBytes-ChangeByte-InsertByte- DE: "\001\000"-
#27	NEW    cov: 528 ft: 713 corp: 10/21b lim: 4 exec/s: 0 rss: 53Mb L: 1/4 MS: 3 ChangeByte-CrossOver-ChangeBit-
#29	NEW    cov: 528 ft: 718 corp: 11/23b lim: 4 exec/s: 0 rss: 53Mb L: 2/4 MS: 2 EraseBytes-ChangeByte-
#31	REDUCE cov: 528 ft: 718 corp: 11/21b lim: 4 exec/s: 0 rss: 53Mb L: 2/3 MS: 2 CopyPart-EraseBytes-
#32	NEW    cov: 528 ft: 731 corp: 12/23b lim: 4 exec/s: 0 rss: 53Mb L: 2/3 MS: 1 ChangeByte-
#37	NEW    cov: 528 ft: 734 corp: 13/26b lim: 4 exec/s: 0 rss: 53Mb L: 3/3 MS: 5 CrossOver-InsertByte-CrossOver-InsertByte-ChangeByte-
#63	NEW    cov: 528 ft: 738 corp: 14/28b lim: 4 exec/s: 0 rss: 53Mb L: 2/3 MS: 1 InsertByte-
#65	NEW    cov: 530 ft: 747 corp: 15/31b lim: 4 exec/s: 0 rss: 53Mb L: 3/3 MS: 2 InsertByte-ChangeBinInt-
#72	NEW    cov: 531 ft: 751 corp: 16/34b lim: 4 exec/s: 0 rss: 53Mb L: 3/3 MS: 2 CrossOver-CrossOver-
#80	NEW    cov: 531 ft: 752 corp: 17/38b lim: 4 exec/s: 0 rss: 53Mb L: 4/4 MS: 3 CopyPart-CopyPart-CrossOver-
#96	NEW    cov: 531 ft: 755 corp: 18/41b lim: 4 exec/s: 0 rss: 54Mb L: 3/4 MS: 1 InsertByte-
#98	NEW    cov: 533 ft: 757 corp: 19/44b lim: 4 exec/s: 0 rss: 54Mb L: 3/4 MS: 2 InsertByte-CMP- DE: "\015\012"-
#122	NEW    cov: 536 ft: 764 corp: 20/48b lim: 4 exec/s: 0 rss: 54Mb L: 4/4 MS: 4 ChangeBit-ShuffleBytes-CrossOver-ChangeBinInt-
#126	NEW    cov: 536 ft: 765 corp: 21/50b lim: 4 exec/s: 0 rss: 54Mb L: 2/4 MS: 4 ChangeBinInt-EraseBytes-ShuffleBytes-InsertByte-
#127	NEW    cov: 543 ft: 772 corp: 22/53b lim: 4 exec/s: 0 rss: 54Mb L: 3/4 MS: 1 ChangeByte-
#129	NEW    cov: 543 ft: 838 corp: 23/55b lim: 4 exec/s: 0 rss: 54Mb L: 2/4 MS: 2 PersAutoDict-EraseBytes- DE: "\015\012"-
#135	NEW    cov: 543 ft: 845 corp: 24/59b lim: 4 exec/s: 0 rss: 54Mb L: 4/4 MS: 1 InsertByte-
#140	NEW    cov: 543 ft: 847 corp: 25/62b lim: 4 exec/s: 0 rss: 54Mb L: 3/4 MS: 5 CopyPart-ChangeBit-CrossOver-PersAutoDict-InsertByte- DE: "\015\012"-
#141	NEW    cov: 543 ft: 856 corp: 26/65b lim: 4 exec/s: 0 rss: 54Mb L: 3/4 MS: 1 ChangeByte-
#164	NEW    cov: 543 ft: 857 corp: 27/68b lim: 4 exec/s: 0 rss: 54Mb L: 3/4 MS: 3 CrossOver-ChangeBinInt-CrossOver-
#199	NEW    cov: 591 ft: 982 corp: 28/70b lim: 4 exec/s: 0 rss: 54Mb L: 2/4 MS: 5 PersAutoDict-ShuffleBytes-ChangeBit-ChangeBinInt-ChangeBit- DE: "\015\012"-
#218	NEW    cov: 591 ft: 989 corp: 29/74b lim: 4 exec/s: 0 rss: 54Mb L: 4/4 MS: 4 PersAutoDict-ChangeBinInt-ChangeByte-InsertByte- DE: "\015\012"-
#236	NEW    cov: 591 ft: 992 corp: 30/77b lim: 4 exec/s: 0 rss: 54Mb L: 3/4 MS: 3 EraseBytes-InsertByte-ChangeBinInt-
#250	NEW    cov: 592 ft: 1000 corp: 31/81b lim: 4 exec/s: 0 rss: 54Mb L: 4/4 MS: 4 ChangeBinInt-PersAutoDict-PersAutoDict-ShuffleBytes- DE: "\015\012"-"\015\012"-
#251	NEW    cov: 595 ft: 1015 corp: 32/84b lim: 4 exec/s: 251 rss: 54Mb L: 3/4 MS: 1 InsertByte-
#260	NEW    cov: 595 ft: 1016 corp: 33/88b lim: 4 exec/s: 260 rss: 54Mb L: 4/4 MS: 4 InsertByte-ChangeByte-CrossOver-ChangeByte-
#269	NEW    cov: 595 ft: 1017 corp: 34/91b lim: 4 exec/s: 269 rss: 54Mb L: 3/4 MS: 4 CrossOver-CrossOver-PersAutoDict-ChangeByte- DE: "\015\012"-
#287	NEW    cov: 598 ft: 1024 corp: 35/94b lim: 4 exec/s: 287 rss: 54Mb L: 3/4 MS: 3 ChangeBinInt-ShuffleBytes-ShuffleBytes-
#290	REDUCE cov: 598 ft: 1024 corp: 35/93b lim: 4 exec/s: 290 rss: 54Mb L: 3/4 MS: 3 ChangeBit-ChangeBit-EraseBytes-
#293	NEW    cov: 624 ft: 1210 corp: 36/96b lim: 4 exec/s: 293 rss: 54Mb L: 3/4 MS: 3 ChangeBit-CrossOver-CopyPart-
#300	NEW    cov: 624 ft: 1217 corp: 37/100b lim: 4 exec/s: 300 rss: 54Mb L: 4/4 MS: 2 PersAutoDict-ChangeBinInt- DE: "\015\012"-
#308	NEW    cov: 667 ft: 1343 corp: 38/104b lim: 4 exec/s: 308 rss: 54Mb L: 4/4 MS: 3 ShuffleBytes-InsertByte-CrossOver-
#338	REDUCE cov: 667 ft: 1343 corp: 38/102b lim: 4 exec/s: 338 rss: 54Mb L: 1/4 MS: 5 ChangeBit-ShuffleBytes-ChangeByte-EraseBytes-EraseBytes-
#343	NEW    cov: 667 ft: 1344 corp: 39/105b lim: 4 exec/s: 343 rss: 54Mb L: 3/4 MS: 5 CrossOver-InsertByte-PersAutoDict-ChangeBit-ChangeByte- DE: "\015\012"-
#364	NEW    cov: 667 ft: 1384 corp: 40/107b lim: 4 exec/s: 364 rss: 54Mb L: 2/4 MS: 1 EraseBytes-
#370	NEW    cov: 667 ft: 1386 corp: 41/111b lim: 4 exec/s: 370 rss: 54Mb L: 4/4 MS: 1 InsertByte-
#403	REDUCE cov: 667 ft: 1389 corp: 42/115b lim: 4 exec/s: 403 rss: 54Mb L: 4/4 MS: 3 ShuffleBytes-CopyPart-PersAutoDict- DE: "\001\000"-
#404	NEW    cov: 667 ft: 1390 corp: 43/119b lim: 4 exec/s: 404 rss: 54Mb L: 4/4 MS: 1 CopyPart-
#405	NEW    cov: 667 ft: 1393 corp: 44/123b lim: 4 exec/s: 405 rss: 54Mb L: 4/4 MS: 1 CopyPart-
#431	REDUCE cov: 711 ft: 1510 corp: 45/124b lim: 4 exec/s: 431 rss: 54Mb L: 1/4 MS: 1 ChangeByte-
#477	NEW    cov: 711 ft: 1511 corp: 46/127b lim: 4 exec/s: 477 rss: 54Mb L: 3/4 MS: 1 ShuffleBytes-
#491	NEW    cov: 711 ft: 1512 corp: 47/130b lim: 4 exec/s: 491 rss: 54Mb L: 3/4 MS: 4 ChangeBinInt-EraseBytes-ChangeBit-ChangeBit-
#512	pulse  cov: 711 ft: 1512 corp: 47/130b lim: 4 exec/s: 256 rss: 54Mb
#527	NEW    cov: 711 ft: 1513 corp: 48/134b lim: 4 exec/s: 263 rss: 54Mb L: 4/4 MS: 1 InsertByte-
#543	NEW    cov: 711 ft: 1515 corp: 49/137b lim: 4 exec/s: 271 rss: 54Mb L: 3/4 MS: 1 CopyPart-
#549	NEW    cov: 711 ft: 1518 corp: 50/141b lim: 4 exec/s: 274 rss: 54Mb L: 4/4 MS: 1 CopyPart-
#557	REDUCE cov: 711 ft: 1518 corp: 50/140b lim: 4 exec/s: 278 rss: 54Mb L: 1/4 MS: 3 CopyPart-ChangeBinInt-EraseBytes-
#560	REDUCE cov: 711 ft: 1518 corp: 50/139b lim: 4 exec/s: 280 rss: 54Mb L: 2/4 MS: 3 InsertByte-ChangeBit-EraseBytes-
#626	REDUCE cov: 711 ft: 1518 corp: 50/138b lim: 4 exec/s: 313 rss: 54Mb L: 2/4 MS: 1 CrossOver-
#628	NEW    cov: 711 ft: 1521 corp: 51/142b lim: 4 exec/s: 314 rss: 54Mb L: 4/4 MS: 2 InsertByte-CrossOver-
#651	NEW    cov: 712 ft: 1522 corp: 52/145b lim: 4 exec/s: 325 rss: 54Mb L: 3/4 MS: 3 CopyPart-PersAutoDict-ChangeByte- DE: "\015\012"-
#693	REDUCE cov: 712 ft: 1534 corp: 53/149b lim: 4 exec/s: 346 rss: 54Mb L: 4/4 MS: 2 ShuffleBytes-CMP- DE: "\015\012"-
#821	REDUCE cov: 722 ft: 1570 corp: 54/153b lim: 4 exec/s: 273 rss: 54Mb L: 4/4 MS: 3 CrossOver-ChangeBinInt-InsertByte-
#830	NEW    cov: 722 ft: 1571 corp: 55/155b lim: 4 exec/s: 276 rss: 54Mb L: 2/4 MS: 4 ChangeBinInt-ChangeBit-ChangeByte-ShuffleBytes-
#837	NEW    cov: 724 ft: 1573 corp: 56/159b lim: 4 exec/s: 279 rss: 54Mb L: 4/4 MS: 2 InsertByte-ShuffleBytes-
#886	NEW    cov: 724 ft: 1576 corp: 57/161b lim: 4 exec/s: 295 rss: 54Mb L: 2/4 MS: 4 ShuffleBytes-EraseBytes-CrossOver-ChangeByte-
#898	NEW    cov: 724 ft: 1577 corp: 58/163b lim: 4 exec/s: 299 rss: 54Mb L: 2/4 MS: 2 EraseBytes-ChangeBit-
#909	NEW    cov: 726 ft: 1607 corp: 59/167b lim: 4 exec/s: 303 rss: 54Mb L: 4/4 MS: 1 CopyPart-
#911	NEW    cov: 727 ft: 1608 corp: 60/171b lim: 4 exec/s: 303 rss: 54Mb L: 4/4 MS: 2 PersAutoDict-CopyPart- DE: "\015\012"-
#912	NEW    cov: 727 ft: 1609 corp: 61/175b lim: 4 exec/s: 304 rss: 54Mb L: 4/4 MS: 1 InsertByte-
#915	NEW    cov: 727 ft: 1610 corp: 62/179b lim: 4 exec/s: 305 rss: 54Mb L: 4/4 MS: 3 CrossOver-ChangeBit-CrossOver-
#925	NEW    cov: 727 ft: 1616 corp: 63/182b lim: 4 exec/s: 308 rss: 54Mb L: 3/4 MS: 5 CMP-PersAutoDict-PersAutoDict-PersAutoDict-CopyPart- DE: "\377\377"-"\001\000"-"\015\012"-"\015\012"-
#952	NEW    cov: 733 ft: 1745 corp: 64/185b lim: 4 exec/s: 317 rss: 54Mb L: 3/4 MS: 2 EraseBytes-InsertByte-
#963	REDUCE cov: 733 ft: 1745 corp: 64/184b lim: 4 exec/s: 321 rss: 54Mb L: 3/4 MS: 1 EraseBytes-
#984	NEW    cov: 733 ft: 1749 corp: 65/187b lim: 4 exec/s: 328 rss: 54Mb L: 3/4 MS: 1 ChangeByte-
#985	NEW    cov: 733 ft: 1751 corp: 66/190b lim: 4 exec/s: 328 rss: 54Mb L: 3/4 MS: 1 ChangeBit-
#989	NEW    cov: 733 ft: 1759 corp: 67/194b lim: 4 exec/s: 329 rss: 54Mb L: 4/4 MS: 4 CrossOver-ShuffleBytes-CopyPart-ShuffleBytes-
#1024	pulse  cov: 733 ft: 1759 corp: 67/194b lim: 4 exec/s: 341 rss: 54Mb
#1031	NEW    cov: 733 ft: 1812 corp: 68/198b lim: 4 exec/s: 343 rss: 54Mb L: 4/4 MS: 2 ShuffleBytes-ChangeBinInt-
#1037	REDUCE cov: 733 ft: 1812 corp: 68/197b lim: 4 exec/s: 345 rss: 54Mb L: 3/4 MS: 1 EraseBytes-
#1073	NEW    cov: 734 ft: 1813 corp: 69/201b lim: 4 exec/s: 268 rss: 54Mb L: 4/4 MS: 1 ChangeBit-
#1113	NEW    cov: 734 ft: 1814 corp: 70/205b lim: 4 exec/s: 278 rss: 54Mb L: 4/4 MS: 5 CopyPart-CrossOver-PersAutoDict-CrossOver-ChangeBit- DE: "\015\012"-
#1120	NEW    cov: 747 ft: 1848 corp: 71/208b lim: 4 exec/s: 280 rss: 54Mb L: 3/4 MS: 2 ChangeBinInt-CrossOver-
#1148	REDUCE cov: 753 ft: 1865 corp: 72/212b lim: 4 exec/s: 287 rss: 54Mb L: 4/4 MS: 3 InsertByte-ChangeByte-CrossOver-
#1190	NEW    cov: 755 ft: 1873 corp: 73/216b lim: 4 exec/s: 297 rss: 54Mb L: 4/4 MS: 2 ChangeBit-CrossOver-
#1193	NEW    cov: 755 ft: 1875 corp: 74/220b lim: 4 exec/s: 298 rss: 54Mb L: 4/4 MS: 3 PersAutoDict-ChangeByte-CrossOver- DE: "\377\377"-
#1199	NEW    cov: 755 ft: 1881 corp: 75/222b lim: 4 exec/s: 299 rss: 54Mb L: 2/4 MS: 1 CopyPart-
#1200	REDUCE cov: 755 ft: 1881 corp: 75/221b lim: 4 exec/s: 300 rss: 54Mb L: 1/4 MS: 1 EraseBytes-
#1202	NEW    cov: 755 ft: 1884 corp: 76/225b lim: 4 exec/s: 300 rss: 54Mb L: 4/4 MS: 2 ShuffleBytes-CrossOver-
#1218	NEW    cov: 756 ft: 1885 corp: 77/228b lim: 4 exec/s: 304 rss: 54Mb L: 3/4 MS: 1 InsertByte-
#1242	NEW    cov: 756 ft: 1905 corp: 78/232b lim: 4 exec/s: 310 rss: 54Mb L: 4/4 MS: 4 CopyPart-ShuffleBytes-ChangeBinInt-InsertByte-
#1244	NEW    cov: 756 ft: 1909 corp: 79/236b lim: 4 exec/s: 311 rss: 54Mb L: 4/4 MS: 2 ChangeByte-CopyPart-
#1251	NEW    cov: 756 ft: 1968 corp: 80/239b lim: 4 exec/s: 312 rss: 54Mb L: 3/4 MS: 2 ChangeBinInt-ChangeByte-
#1255	NEW    cov: 756 ft: 1969 corp: 81/242b lim: 4 exec/s: 313 rss: 54Mb L: 3/4 MS: 4 ChangeBinInt-ChangeBinInt-ChangeByte-EraseBytes-
#1277	REDUCE cov: 756 ft: 1969 corp: 81/241b lim: 4 exec/s: 319 rss: 54Mb L: 2/4 MS: 2 InsertByte-EraseBytes-
#1288	REDUCE cov: 756 ft: 1969 corp: 81/240b lim: 4 exec/s: 322 rss: 54Mb L: 3/4 MS: 1 EraseBytes-
#1291	NEW    cov: 756 ft: 1970 corp: 82/244b lim: 4 exec/s: 258 rss: 54Mb L: 4/4 MS: 3 CrossOver-CrossOver-CopyPart-
#1294	NEW    cov: 756 ft: 1978 corp: 83/248b lim: 4 exec/s: 258 rss: 54Mb L: 4/4 MS: 3 ChangeBinInt-PersAutoDict-CMP- DE: "\377\377"-"\015\002"-
#1339	NEW    cov: 831 ft: 2063 corp: 84/252b lim: 4 exec/s: 267 rss: 54Mb L: 4/4 MS: 5 CopyPart-ChangeByte-CopyPart-EraseBytes-InsertByte-
#1358	NEW    cov: 831 ft: 2066 corp: 85/256b lim: 4 exec/s: 271 rss: 54Mb L: 4/4 MS: 4 InsertByte-ChangeBit-ChangeBinInt-CrossOver-
#1427	NEW    cov: 831 ft: 2067 corp: 86/260b lim: 4 exec/s: 285 rss: 54Mb L: 4/4 MS: 4 PersAutoDict-ChangeByte-CopyPart-ShuffleBytes- DE: "\015\012"-
#1449	NEW    cov: 847 ft: 2095 corp: 87/264b lim: 4 exec/s: 289 rss: 54Mb L: 4/4 MS: 2 CopyPart-CopyPart-
#1451	NEW    cov: 854 ft: 2127 corp: 88/268b lim: 4 exec/s: 290 rss: 54Mb L: 4/4 MS: 2 ChangeBit-CopyPart-
#1456	NEW    cov: 854 ft: 2128 corp: 89/271b lim: 4 exec/s: 291 rss: 54Mb L: 3/4 MS: 5 CopyPart-ChangeByte-EraseBytes-InsertByte-ChangeByte-
#1476	NEW    cov: 854 ft: 2157 corp: 90/275b lim: 4 exec/s: 295 rss: 54Mb L: 4/4 MS: 5 ShuffleBytes-CrossOver-EraseBytes-ShuffleBytes-CopyPart-
#1490	NEW    cov: 855 ft: 2158 corp: 91/279b lim: 4 exec/s: 298 rss: 54Mb L: 4/4 MS: 4 ChangeBit-CrossOver-CopyPart-CMP- DE: "for"-
#1550	NEW    cov: 855 ft: 2162 corp: 92/283b lim: 4 exec/s: 310 rss: 54Mb L: 4/4 MS: 5 CopyPart-CrossOver-ChangeByte-ChangeBit-PersAutoDict- DE: "for"-
#1653	NEW    cov: 855 ft: 2165 corp: 93/287b lim: 4 exec/s: 275 rss: 54Mb L: 4/4 MS: 3 ShuffleBytes-ChangeBit-ShuffleBytes-
#1676	NEW    cov: 855 ft: 2167 corp: 94/290b lim: 4 exec/s: 279 rss: 54Mb L: 3/4 MS: 3 PersAutoDict-ChangeBit-ChangeByte- DE: "\015\002"-
#1707	NEW    cov: 855 ft: 2170 corp: 95/294b lim: 4 exec/s: 284 rss: 54Mb L: 4/4 MS: 1 CopyPart-
#1740	NEW    cov: 855 ft: 2171 corp: 96/298b lim: 4 exec/s: 290 rss: 54Mb L: 4/4 MS: 3 ChangeBinInt-PersAutoDict-ChangeBinInt- DE: "for"-
#1799	NEW    cov: 858 ft: 2179 corp: 97/301b lim: 4 exec/s: 299 rss: 54Mb L: 3/4 MS: 4 ChangeBit-CrossOver-ShuffleBytes-CrossOver-
#1840	REDUCE cov: 858 ft: 2179 corp: 97/300b lim: 4 exec/s: 262 rss: 54Mb L: 3/4 MS: 1 EraseBytes-
#2048	pulse  cov: 858 ft: 2179 corp: 97/300b lim: 6 exec/s: 292 rss: 54Mb
#2097	NEW    cov: 858 ft: 2181 corp: 98/306b lim: 6 exec/s: 262 rss: 54Mb L: 6/6 MS: 2 ChangeBit-PersAutoDict- DE: "\377\377"-
#2125	NEW    cov: 858 ft: 2213 corp: 99/312b lim: 6 exec/s: 265 rss: 54Mb L: 6/6 MS: 3 CopyPart-CrossOver-ChangeByte-
#2200	NEW    cov: 866 ft: 2301 corp: 100/318b lim: 6 exec/s: 275 rss: 54Mb L: 6/6 MS: 5 CMP-CopyPart-ShuffleBytes-ChangeBit-ChangeByte- DE: "\000\000"-
#2203	NEW    cov: 866 ft: 2303 corp: 101/323b lim: 6 exec/s: 275 rss: 54Mb L: 5/6 MS: 3 ChangeByte-InsertByte-CrossOver-
#2214	NEW    cov: 866 ft: 2309 corp: 102/327b lim: 6 exec/s: 276 rss: 54Mb L: 4/6 MS: 1 InsertByte-
#2235	NEW    cov: 867 ft: 2313 corp: 103/333b lim: 6 exec/s: 279 rss: 54Mb L: 6/6 MS: 1 CopyPart-
#2371	REDUCE cov: 867 ft: 2313 corp: 103/332b lim: 6 exec/s: 263 rss: 54Mb L: 3/6 MS: 1 EraseBytes-
#2427	NEW    cov: 867 ft: 2315 corp: 104/336b lim: 6 exec/s: 269 rss: 54Mb L: 4/6 MS: 1 CrossOver-
#2438	NEW    cov: 867 ft: 2319 corp: 105/340b lim: 6 exec/s: 270 rss: 54Mb L: 4/6 MS: 1 ChangeASCIIInt-
#2484	NEW    cov: 867 ft: 2324 corp: 106/344b lim: 6 exec/s: 276 rss: 54Mb L: 4/6 MS: 1 ChangeBit-
#2499	NEW    cov: 867 ft: 2326 corp: 107/350b lim: 6 exec/s: 277 rss: 54Mb L: 6/6 MS: 5 CrossOver-ChangeByte-CopyPart-ChangeBit-ChangeByte-
#2510	REDUCE cov: 867 ft: 2326 corp: 107/349b lim: 6 exec/s: 278 rss: 54Mb L: 2/6 MS: 1 EraseBytes-
#2516	REDUCE cov: 867 ft: 2326 corp: 107/348b lim: 6 exec/s: 279 rss: 54Mb L: 2/6 MS: 1 EraseBytes-
#2571	REDUCE cov: 867 ft: 2326 corp: 107/347b lim: 6 exec/s: 257 rss: 54Mb L: 3/6 MS: 5 ChangeASCIIInt-CopyPart-PersAutoDict-ChangeByte-EraseBytes- DE: "\000\000"-
#2593	NEW    cov: 867 ft: 2445 corp: 108/353b lim: 6 exec/s: 259 rss: 54Mb L: 6/6 MS: 2 ChangeBit-CopyPart-
#2627	NEW    cov: 867 ft: 2449 corp: 109/359b lim: 6 exec/s: 262 rss: 54Mb L: 6/6 MS: 4 CrossOver-ShuffleBytes-ChangeBit-InsertByte-
#2632	REDUCE cov: 867 ft: 2459 corp: 110/365b lim: 6 exec/s: 263 rss: 54Mb L: 6/6 MS: 5 CrossOver-ChangeByte-ChangeBit-CopyPart-ShuffleBytes-
#2638	NEW    cov: 868 ft: 2460 corp: 111/369b lim: 6 exec/s: 263 rss: 54Mb L: 4/6 MS: 1 ChangeBit-
#2653	NEW    cov: 868 ft: 2462 corp: 112/371b lim: 6 exec/s: 265 rss: 54Mb L: 2/6 MS: 5 ChangeByte-EraseBytes-EraseBytes-InsertByte-ChangeBinInt-
#2673	NEW    cov: 869 ft: 2463 corp: 113/376b lim: 6 exec/s: 267 rss: 54Mb L: 5/6 MS: 5 CopyPart-ChangeBinInt-CrossOver-ChangeBinInt-ChangeBinInt-
#2690	NEW    cov: 869 ft: 2652 corp: 114/382b lim: 6 exec/s: 269 rss: 54Mb L: 6/6 MS: 2 CopyPart-CopyPart-
#2775	NEW    cov: 869 ft: 2680 corp: 115/388b lim: 6 exec/s: 277 rss: 54Mb L: 6/6 MS: 5 ChangeASCIIInt-ChangeBinInt-CrossOver-PersAutoDict-ShuffleBytes- DE: "\015\012"-
#2799	NEW    cov: 869 ft: 2684 corp: 116/394b lim: 6 exec/s: 279 rss: 54Mb L: 6/6 MS: 4 ShuffleBytes-CrossOver-ShuffleBytes-InsertByte-
#2814	DONE   cov: 869 ft: 2684 corp: 116/394b lim: 6 exec/s: 255 rss: 54Mb
###### Recommended dictionary. ######
"\001\000" # Uses: 79
"\015\012" # Uses: 63
"\377\377" # Uses: 30
"\015\002" # Uses: 19
"for" # Uses: 22
"\000\000" # Uses: 13
###### End of recommended dictionary. ######
Done 2814 runs in 11 second(s)
