INFO: Instrumenting IPython
INFO: Instrumenting IPython.core
INFO: Instrumenting IPython.core.getipython
INFO: Instrumenting IPython.core.release
INFO: Instrumenting IPython.core.application
INFO: Instrumenting traitlets
INFO: Instrumenting __future__
INFO: Instrumenting traitlets.traitlets
INFO: Instrumenting traitlets.utils
INFO: Instrumenting traitlets.utils.bunch
INFO: Instrumenting traitlets.utils.descriptions
INFO: Instrumenting traitlets.utils.getargspec
INFO: Instrumenting traitlets.utils.importstring
INFO: Instrumenting traitlets.utils.sentinel
INFO: Instrumenting traitlets.utils.warnings
INFO: Instrumenting traitlets._version
INFO: Instrumenting traitlets.utils.decorators
INFO: Instrumenting traitlets.config
INFO: Instrumenting traitlets.config.application
INFO: Instrumenting json
INFO: Instrumenting json.decoder
INFO: Instrumenting json.scanner
INFO: Instrumenting json.encoder
INFO: Instrumenting pprint
INFO: Instrumenting logging.config
INFO: Instrumenting logging.handlers
INFO: Instrumenting socket
INFO: Instrumenting selectors
INFO: Instrumenting pickle
INFO: Instrumenting struct
INFO: Instrumenting _compat_pickle
INFO: Instrumenting queue
INFO: Instrumenting heapq
INFO: Instrumenting socketserver
INFO: Instrumenting traitlets.config.configurable
INFO: Instrumenting traitlets.utils.text
INFO: Instrumenting traitlets.config.loader
INFO: Instrumenting argparse
INFO: Instrumenting gettext
INFO: Instrumenting traitlets.utils.nested_update
INFO: Instrumenting IPython.core.crashhandler
INFO: Instrumenting IPython.core.ultratb
INFO: Instrumenting stack_data
INFO: Instrumenting stack_data.core
INFO: Instrumenting html
INFO: Instrumenting html.entities
INFO: Instrumenting executing
INFO: Instrumenting executing.executing
INFO: Instrumenting executing._utils
INFO: Instrumenting executing._position_node_finder
INFO: Instrumenting executing._exceptions
INFO: Instrumenting executing._pytest_utils
INFO: Instrumenting executing.version
INFO: Instrumenting asttokens
INFO: Instrumenting asttokens.line_numbers
INFO: Instrumenting asttokens.asttokens
INFO: Instrumenting asttokens.util
INFO: Instrumenting pure_eval
INFO: Instrumenting pure_eval.core
INFO: Instrumenting pure_eval.my_getattr_static
INFO: Instrumenting pure_eval.utils
INFO: Instrumenting datetime
INFO: Instrumenting decimal
INFO: Instrumenting numbers
INFO: Instrumenting fractions
INFO: Instrumenting pure_eval.version
INFO: Instrumenting stack_data.utils
INFO: Instrumenting stack_data.formatting
INFO: Instrumenting stack_data.serializing
INFO: Instrumenting stack_data.version
INFO: Instrumenting pygments
INFO: Instrumenting pygments.formatters
INFO: Instrumenting pygments.formatters._mapping
INFO: Instrumenting pygments.plugin
INFO: Instrumenting importlib.metadata
INFO: Instrumenting csv
INFO: Instrumenting email
INFO: Instrumenting zipfile
INFO: Instrumenting importlib.util
WARNING: It looks like this module is imported by a custom loader. Atheris has experimental support for this. However, it may be incompatible with certain libraries. If you experience unusual errors or poor coverage collection, try atheris.instrument_all() instead, add enable_loader_override=False to instrument_imports(), or file an issue on GitHub.
INFO: Instrumenting importlib.metadata._adapters
INFO: Instrumenting email.message
INFO: Instrumenting quopri
INFO: Instrumenting email.utils
INFO: Instrumenting email._parseaddr
INFO: Instrumenting calendar
INFO: Instrumenting locale
INFO: Instrumenting _locale
INFO: Instrumenting email.charset
INFO: Instrumenting email.base64mime
INFO: Instrumenting base64
INFO: Instrumenting email.quoprimime
INFO: Instrumenting email.errors
INFO: Instrumenting email.encoders
INFO: Instrumenting email._policybase
INFO: Instrumenting email.header
INFO: Instrumenting email._encoded_words
INFO: Instrumenting email.iterators
INFO: Instrumenting importlib.metadata._text
INFO: Instrumenting importlib.metadata._functools
INFO: Instrumenting importlib.metadata._meta
INFO: Instrumenting importlib.metadata._collections
INFO: Instrumenting importlib.metadata._itertools
INFO: Instrumenting pygments.util
INFO: Instrumenting pygments.formatters.terminal256
INFO: Instrumenting pygments.formatter
INFO: Instrumenting pygments.styles
INFO: Instrumenting pygments.styles._mapping
INFO: Instrumenting pygments.console
INFO: Instrumenting pygments.style
INFO: Instrumenting pygments.token
INFO: Instrumenting IPython.utils
INFO: Instrumenting IPython.utils.path
INFO: Instrumenting glob
INFO: Instrumenting IPython.utils.process
INFO: Instrumenting IPython.utils._process_posix
INFO: Instrumenting subprocess
INFO: Instrumenting signal
INFO: Instrumenting IPython.utils._process_common
INFO: Instrumenting shlex
INFO: Instrumenting IPython.utils.py3compat
INFO: Instrumenting platform
INFO: Instrumenting IPython.utils.encoding
INFO: Instrumenting IPython.utils.PyColorize
INFO: Instrumenting pygments.styles.monokai
INFO: Instrumenting pygments.styles.default
INFO: Instrumenting pygments.styles.pastie
INFO: Instrumenting pygments.styles.gruvbox
INFO: Instrumenting IPython.utils.terminal
INFO: Instrumenting IPython.core.display_trap
INFO: Instrumenting IPython.core.doctb
INFO: Instrumenting IPython.core.tbtools
INFO: Instrumenting pydoc
INFO: Instrumenting pkgutil
INFO: Instrumenting sysconfig
INFO: Instrumenting _sysconfigdata__linux_x86_64-linux-gnu
INFO: Instrumenting IPython.core.debugger
INFO: Instrumenting IPython.core.debugger_backport
INFO: Instrumenting codeop
INFO: Instrumenting pdb
INFO: Instrumenting cmd
INFO: Instrumenting bdb
INFO: Instrumenting code
INFO: Instrumenting IPython.utils.sysinfo
INFO: Instrumenting IPython.utils._sysinfo
INFO: Instrumenting IPython.core.profiledir
INFO: Instrumenting IPython.paths
INFO: Instrumenting IPython.utils.importstring
INFO: Instrumenting IPython.terminal
INFO: Instrumenting IPython.terminal.embed
INFO: Instrumenting IPython.core.compilerop
INFO: Instrumenting hashlib
INFO: Instrumenting IPython.core.magic_arguments
INFO: Instrumenting IPython.core.error
INFO: Instrumenting IPython.utils.decorators
INFO: Instrumenting IPython.utils.docs
INFO: Instrumenting IPython.utils.text
INFO: Instrumenting IPython.core.magic
INFO: Instrumenting getopt
INFO: Instrumenting IPython.core.oinspect
INFO: Instrumenting IPython.core.page
INFO: Instrumenting IPython.display
INFO: Instrumenting IPython.core.display_functions
INFO: Instrumenting IPython.core.display
INFO: Instrumenting mimetypes
INFO: Instrumenting IPython.testing
INFO: Instrumenting IPython.testing.skipdoctest
INFO: Instrumenting IPython.lib
INFO: Instrumenting IPython.lib.display
INFO: Instrumenting IPython.utils.data
INFO: Instrumenting IPython.lib.pretty
INFO: Instrumenting IPython.utils.openpy
INFO: Instrumenting IPython.utils.dir2
INFO: Instrumenting IPython.utils.wildcard
INFO: Instrumenting pygments.lexers
INFO: Instrumenting pygments.lexers._mapping
INFO: Instrumenting pygments.modeline
INFO: Instrumenting pygments.lexers.python
INFO: Instrumenting pygments.lexer
INFO: Instrumenting pygments.filter
INFO: Instrumenting pygments.filters
INFO: Instrumenting pygments.regexopt
INFO: Instrumenting pygments.unistring
INFO: Instrumenting pygments.formatters.html
INFO: Instrumenting IPython.core.inputtransformer2
INFO: Instrumenting IPython.utils.tokenutil
INFO: Instrumenting IPython.utils.ipstruct
INFO: Instrumenting IPython.core.interactiveshell
INFO: Instrumenting runpy
INFO: Instrumenting IPython.external
INFO: Instrumenting IPython.external.pickleshare
INFO: Instrumenting IPython.core.hooks
INFO: Instrumenting IPython.core.prefilter
INFO: Instrumenting IPython.core.autocall
INFO: Instrumenting IPython.core.macro
INFO: Instrumenting IPython.core.splitinput
INFO: Instrumenting IPython.core.alias
INFO: Instrumenting IPython.core.builtin_trap
INFO: Instrumenting IPython.core.displayhook
INFO: Instrumenting IPython.core.history
INFO: Instrumenting decorator
INFO: Instrumenting sqlite3
INFO: Instrumenting sqlite3.dbapi2
INFO: Instrumenting IPython.core.displaypub
INFO: Instrumenting IPython.core.events
INFO: Instrumenting IPython.core.extensions
INFO: Instrumenting IPython.core.formatters
INFO: Instrumenting IPython.utils.sentinel
INFO: Instrumenting IPython.core.logger
INFO: Instrumenting IPython.core.payload
INFO: Instrumenting IPython.core.tips
INFO: Instrumenting IPython.core.usage
INFO: Instrumenting IPython.utils.io
INFO: Instrumenting IPython.utils.capture
INFO: Instrumenting IPython.utils.strdispatch
INFO: Instrumenting IPython.utils.syspathcontext
INFO: Instrumenting IPython.core.async_helpers
INFO: Instrumenting asyncio
INFO: Instrumenting asyncio.base_events
INFO: Instrumenting concurrent
INFO: Instrumenting concurrent.futures
INFO: Instrumenting concurrent.futures._base
INFO: Instrumenting ssl
INFO: Instrumenting asyncio.constants
INFO: Instrumenting asyncio.coroutines
INFO: Instrumenting asyncio.events
INFO: Instrumenting contextvars
INFO: Instrumenting asyncio.format_helpers
INFO: Instrumenting asyncio.base_futures
INFO: Instrumenting asyncio.exceptions
INFO: Instrumenting asyncio.base_tasks
INFO: Instrumenting asyncio.futures
INFO: Instrumenting asyncio.protocols
INFO: Instrumenting asyncio.sslproto
INFO: Instrumenting asyncio.transports
INFO: Instrumenting asyncio.log
INFO: Instrumenting asyncio.staggered
INFO: Instrumenting asyncio.locks
INFO: Instrumenting asyncio.mixins
INFO: Instrumenting asyncio.tasks
INFO: Instrumenting asyncio.trsock
INFO: Instrumenting asyncio.runners
INFO: Instrumenting asyncio.queues
INFO: Instrumenting asyncio.streams
INFO: Instrumenting asyncio.subprocess
INFO: Instrumenting asyncio.taskgroups
INFO: Instrumenting asyncio.timeouts
INFO: Instrumenting asyncio.threads
INFO: Instrumenting asyncio.unix_events
INFO: Instrumenting asyncio.base_subprocess
INFO: Instrumenting asyncio.selector_events
INFO: Instrumenting IPython.terminal.interactiveshell
INFO: Instrumenting prompt_toolkit
INFO: Instrumenting prompt_toolkit.application
INFO: Instrumenting prompt_toolkit.application.application
INFO: Instrumenting prompt_toolkit.buffer
INFO: Instrumenting prompt_toolkit.application.current
INFO: Instrumenting prompt_toolkit.application.run_in_terminal
INFO: Instrumenting prompt_toolkit.eventloop
INFO: Instrumenting prompt_toolkit.eventloop.async_generator
INFO: Instrumenting prompt_toolkit.eventloop.utils
INFO: Instrumenting prompt_toolkit.eventloop.inputhook
INFO: Instrumenting prompt_toolkit.auto_suggest
INFO: Instrumenting prompt_toolkit.document
INFO: Instrumenting prompt_toolkit.clipboard
INFO: Instrumenting prompt_toolkit.clipboard.base
INFO: Instrumenting prompt_toolkit.selection
INFO: Instrumenting prompt_toolkit.clipboard.in_memory
INFO: Instrumenting prompt_toolkit.filters
INFO: Instrumenting prompt_toolkit.filters.app
INFO: Instrumenting prompt_toolkit.cache
INFO: Instrumenting prompt_toolkit.enums
INFO: Instrumenting prompt_toolkit.filters.base
INFO: Instrumenting prompt_toolkit.filters.cli
INFO: Instrumenting prompt_toolkit.filters.utils
INFO: Instrumenting prompt_toolkit.completion
INFO: Instrumenting prompt_toolkit.completion.base
INFO: Instrumenting prompt_toolkit.formatted_text
INFO: Instrumenting prompt_toolkit.formatted_text.ansi
INFO: Instrumenting prompt_toolkit.output
INFO: Instrumenting prompt_toolkit.output.base
INFO: Instrumenting prompt_toolkit.cursor_shapes
INFO: Instrumenting prompt_toolkit.key_binding
INFO: Instrumenting prompt_toolkit.key_binding.key_bindings
INFO: Instrumenting prompt_toolkit.keys
INFO: Instrumenting prompt_toolkit.key_binding.key_processor
INFO: Instrumenting prompt_toolkit.utils
INFO: Instrumenting wcwidth
INFO: Instrumenting wcwidth.wcwidth
INFO: Instrumenting wcwidth.bisearch
INFO: Instrumenting wcwidth.grapheme
INFO: Instrumenting wcwidth.table_grapheme
INFO: Instrumenting wcwidth.table_vs16
INFO: Instrumenting wcwidth.table_wide
INFO: Instrumenting wcwidth.table_zero
INFO: Instrumenting wcwidth.control_codes
INFO: Instrumenting wcwidth.table_ambiguous
INFO: Instrumenting wcwidth.escape_sequences
INFO: Instrumenting wcwidth.unicode_versions
INFO: Instrumenting wcwidth.textwrap
INFO: Instrumenting prompt_toolkit.key_binding.vi_state
INFO: Instrumenting prompt_toolkit.data_structures
INFO: Instrumenting prompt_toolkit.styles
INFO: Instrumenting prompt_toolkit.styles.base
INFO: Instrumenting prompt_toolkit.styles.defaults
INFO: Instrumenting prompt_toolkit.styles.named_colors
INFO: Instrumenting prompt_toolkit.styles.style
INFO: Instrumenting prompt_toolkit.styles.pygments
INFO: Instrumenting prompt_toolkit.styles.style_transformation
INFO: Instrumenting colorsys
INFO: Instrumenting prompt_toolkit.output.color_depth
INFO: Instrumenting prompt_toolkit.output.defaults
INFO: Instrumenting prompt_toolkit.output.plain_text
INFO: Instrumenting prompt_toolkit.output.flush_stdout
INFO: Instrumenting prompt_toolkit.output.vt100
INFO: Instrumenting prompt_toolkit.formatted_text.base
INFO: Instrumenting prompt_toolkit.mouse_events
INFO: Instrumenting prompt_toolkit.formatted_text.html
INFO: Instrumenting xml
INFO: Instrumenting xml.dom
INFO: Instrumenting xml.dom.domreg
INFO: Instrumenting xml.dom.minidom
INFO: Instrumenting xml.dom.minicompat
INFO: Instrumenting xml.dom.xmlbuilder
INFO: Instrumenting xml.dom.NodeFilter
INFO: Instrumenting prompt_toolkit.formatted_text.pygments
INFO: Instrumenting prompt_toolkit.formatted_text.utils
INFO: Instrumenting prompt_toolkit.completion.deduplicate
INFO: Instrumenting prompt_toolkit.completion.filesystem
INFO: Instrumenting prompt_toolkit.completion.fuzzy_completer
INFO: Instrumenting prompt_toolkit.completion.word_completer
INFO: Instrumenting prompt_toolkit.completion.nested
INFO: Instrumenting prompt_toolkit.history
INFO: Instrumenting prompt_toolkit.search
INFO: Instrumenting prompt_toolkit.validation
INFO: Instrumenting prompt_toolkit.input
INFO: Instrumenting prompt_toolkit.input.base
INFO: Instrumenting prompt_toolkit.input.defaults
INFO: Instrumenting prompt_toolkit.input.typeahead
INFO: Instrumenting prompt_toolkit.key_binding.bindings
INFO: Instrumenting prompt_toolkit.key_binding.bindings.page_navigation
INFO: Instrumenting prompt_toolkit.key_binding.bindings.scroll
INFO: Instrumenting prompt_toolkit.key_binding.defaults
INFO: Instrumenting prompt_toolkit.key_binding.bindings.basic
INFO: Instrumenting prompt_toolkit.key_binding.bindings.named_commands
INFO: Instrumenting prompt_toolkit.layout
INFO: Instrumenting prompt_toolkit.layout.containers
INFO: Instrumenting prompt_toolkit.layout.controls
INFO: Instrumenting prompt_toolkit.lexers
INFO: Instrumenting prompt_toolkit.lexers.base
INFO: Instrumenting prompt_toolkit.lexers.pygments
INFO: Instrumenting prompt_toolkit.layout.processors
INFO: Instrumenting prompt_toolkit.layout.utils
INFO: Instrumenting prompt_toolkit.layout.dimension
INFO: Instrumenting prompt_toolkit.layout.margins
INFO: Instrumenting prompt_toolkit.layout.mouse_handlers
INFO: Instrumenting prompt_toolkit.layout.screen
INFO: Instrumenting prompt_toolkit.layout.layout
INFO: Instrumenting prompt_toolkit.layout.menus
INFO: Instrumenting prompt_toolkit.layout.scrollable_pane
INFO: Instrumenting prompt_toolkit.key_binding.bindings.completion
INFO: Instrumenting prompt_toolkit.key_binding.bindings.cpr
INFO: Instrumenting prompt_toolkit.key_binding.bindings.emacs
INFO: Instrumenting prompt_toolkit.key_binding.bindings.mouse
INFO: Instrumenting prompt_toolkit.key_binding.bindings.vi
INFO: Instrumenting prompt_toolkit.input.vt100_parser
INFO: Instrumenting prompt_toolkit.input.ansi_escape_sequences
INFO: Instrumenting prompt_toolkit.key_binding.digraphs
INFO: Instrumenting prompt_toolkit.key_binding.emacs_state
INFO: Instrumenting prompt_toolkit.layout.dummy
INFO: Instrumenting prompt_toolkit.renderer
INFO: Instrumenting prompt_toolkit.application.dummy
INFO: Instrumenting prompt_toolkit.shortcuts
INFO: Instrumenting prompt_toolkit.shortcuts.choice_input
INFO: Instrumenting prompt_toolkit.widgets
INFO: Instrumenting prompt_toolkit.widgets.base
INFO: Instrumenting prompt_toolkit.widgets.toolbars
INFO: Instrumenting prompt_toolkit.widgets.dialogs
INFO: Instrumenting prompt_toolkit.key_binding.bindings.focus
INFO: Instrumenting prompt_toolkit.widgets.menus
INFO: Instrumenting prompt_toolkit.shortcuts.dialogs
INFO: Instrumenting prompt_toolkit.shortcuts.progress_bar
INFO: Instrumenting prompt_toolkit.shortcuts.progress_bar.base
INFO: Instrumenting prompt_toolkit.shortcuts.progress_bar.formatters
INFO: Instrumenting xml.dom.expatbuilder
INFO: Instrumenting xml.parsers
INFO: Instrumenting xml.parsers.expat
INFO: Instrumenting prompt_toolkit.shortcuts.prompt
INFO: Instrumenting prompt_toolkit.key_binding.bindings.auto_suggest
INFO: Instrumenting prompt_toolkit.key_binding.bindings.open_in_editor
INFO: Instrumenting prompt_toolkit.shortcuts.utils
INFO: Instrumenting email.parser
INFO: Instrumenting email.feedparser
INFO: Instrumenting prompt_toolkit.patch_stdout
INFO: Instrumenting IPython.terminal.debugger
INFO: Instrumenting IPython.core.completer
INFO: Instrumenting uuid
INFO: Instrumenting IPython.core.guarded_eval
INFO: Instrumenting typing_extensions
INFO: Instrumenting IPython.core.latex_symbols
INFO: Instrumenting IPython.utils.generics
INFO: Instrumenting jedi
INFO: Instrumenting jedi.api
INFO: Instrumenting parso
INFO: Instrumenting parso.parser
INFO: Instrumenting parso.tree
INFO: Instrumenting parso.utils
INFO: Instrumenting parso.pgen2
INFO: Instrumenting parso.pgen2.generator
INFO: Instrumenting parso.pgen2.grammar_parser
INFO: Instrumenting parso.python
INFO: Instrumenting parso.python.tokenize
INFO: Instrumenting parso.python.token
INFO: Instrumenting parso.grammar
INFO: Instrumenting parso._compatibility
INFO: Instrumenting parso.python.diff
INFO: Instrumenting difflib
INFO: Instrumenting parso.python.parser
INFO: Instrumenting parso.python.tree
INFO: Instrumenting parso.python.prefix
INFO: Instrumenting parso.cache
INFO: Instrumenting parso.python.errors
INFO: Instrumenting parso.normalizer
INFO: Instrumenting parso.python.pep8
INFO: Instrumenting parso.file_io
INFO: Instrumenting jedi.parser_utils
INFO: Instrumenting jedi.debug
INFO: Instrumenting jedi.settings
INFO: Instrumenting jedi.cache
INFO: Instrumenting jedi.file_io
INFO: Instrumenting jedi.api.classes
INFO: Instrumenting jedi.inference
INFO: Instrumenting jedi.inference.imports
INFO: Instrumenting jedi.inference.sys_path
INFO: Instrumenting jedi.inference.cache
INFO: Instrumenting jedi.inference.base_value
INFO: Instrumenting jedi.inference.helpers
INFO: Instrumenting jedi.inference.utils
INFO: Instrumenting jedi.inference.compiled
INFO: Instrumenting jedi.inference.compiled.value
INFO: Instrumenting jedi.inference.filters
INFO: Instrumenting jedi.inference.flow_analysis
INFO: Instrumenting jedi.inference.recursion
INFO: Instrumenting jedi.inference.names
INFO: Instrumenting jedi.inference.docstrings
INFO: Instrumenting jedi.inference.lazy_value
INFO: Instrumenting jedi.common
INFO: Instrumenting jedi.plugins
INFO: Instrumenting jedi.inference.compiled.access
INFO: Instrumenting jedi.inference.compiled.getattr_static
INFO: Instrumenting jedi.inference.signature
INFO: Instrumenting jedi.inference.context
INFO: Instrumenting jedi.inference.analysis
INFO: Instrumenting jedi.inference.gradual
INFO: Instrumenting jedi.inference.gradual.typeshed
INFO: Instrumenting jedi.inference.gradual.stub_value
INFO: Instrumenting jedi.inference.value
INFO: Instrumenting jedi.inference.value.module
INFO: Instrumenting jedi.inference.value.klass
INFO: Instrumenting jedi.inference.arguments
INFO: Instrumenting jedi.inference.value.iterable
INFO: Instrumenting jedi.inference.value.dynamic_arrays
INFO: Instrumenting jedi.inference.value.function
INFO: Instrumenting jedi.inference.parser_cache
INFO: Instrumenting jedi.inference.gradual.generics
INFO: Instrumenting jedi.inference.value.instance
INFO: Instrumenting jedi.inference.gradual.typing
INFO: Instrumenting jedi.inference.gradual.base
INFO: Instrumenting jedi.inference.gradual.type_var
INFO: Instrumenting jedi.inference.compiled.subprocess
INFO: Instrumenting jedi._compatibility
INFO: Instrumenting jedi.inference.compiled.subprocess.functions
INFO: Instrumenting jedi.api.exceptions
INFO: Instrumenting jedi.inference.syntax_tree
INFO: Instrumenting jedi.inference.gradual.annotation
INFO: Instrumenting jedi.inference.param
INFO: Instrumenting jedi.inference.value.decorator
INFO: Instrumenting jedi.inference.compiled.mixed
INFO: Instrumenting jedi.inference.gradual.conversion
INFO: Instrumenting jedi.api.keywords
INFO: Instrumenting pydoc_data
INFO: Instrumenting pydoc_data.topics
INFO: Instrumenting jedi.api.completion_cache
INFO: Instrumenting jedi.api.helpers
INFO: Instrumenting jedi.api.interpreter
INFO: Instrumenting jedi.api.completion
INFO: Instrumenting jedi.api.strings
INFO: Instrumenting jedi.api.file_name
INFO: Instrumenting jedi.inference.docstring_utils
INFO: Instrumenting jedi.api.environment
INFO: Instrumenting filecmp
INFO: Instrumenting jedi.api.project
INFO: Instrumenting jedi.inference.references
INFO: Instrumenting jedi.api.errors
INFO: Instrumenting jedi.api.refactoring
INFO: Instrumenting jedi.inference.value.namespace
INFO: Instrumenting jedi.api.refactoring.extract
INFO: Instrumenting jedi.inference.gradual.utils
INFO: Instrumenting jedi.plugins.registry
INFO: Instrumenting jedi.plugins.stdlib
INFO: Instrumenting jedi.plugins.flask
INFO: Instrumenting jedi.plugins.pytest
INFO: Instrumenting jedi.plugins.django
INFO: Instrumenting IPython.terminal.ptutils
INFO: Instrumenting IPython.terminal.shortcuts
INFO: Instrumenting IPython.terminal.shortcuts.auto_match
INFO: Instrumenting IPython.terminal.shortcuts.auto_suggest
INFO: Instrumenting IPython.terminal.shortcuts.filters
INFO: Instrumenting concurrent.futures.thread
INFO: Instrumenting IPython.terminal.magics
INFO: Instrumenting IPython.lib.clipboard
INFO: Instrumenting IPython.terminal.pt_inputhooks
INFO: Instrumenting IPython.terminal.prompts
INFO: Instrumenting IPython.terminal.ipapp
INFO: Instrumenting IPython.core.magics
INFO: Instrumenting IPython.core.magics.auto
INFO: Instrumenting IPython.core.magics.basic
INFO: Instrumenting IPython.core.magics.code
INFO: Instrumenting urllib.request
INFO: Instrumenting http
INFO: Instrumenting http.client
INFO: Instrumenting urllib.error
INFO: Instrumenting urllib.response
INFO: Instrumenting IPython.utils.contexts
INFO: Instrumenting IPython.core.magics.config
INFO: Instrumenting IPython.core.magics.display
INFO: Instrumenting IPython.core.magics.execution
INFO: Instrumenting cProfile
INFO: Instrumenting profile
INFO: Instrumenting pstats
INFO: Instrumenting timeit
INFO: Instrumenting IPython.utils.module_paths
INFO: Instrumenting IPython.utils.timing
INFO: Instrumenting IPython.core.magics.ast_mod
INFO: Instrumenting IPython.core.magics.extension
INFO: Instrumenting IPython.core.magics.history
INFO: Instrumenting IPython.core.magics.logging
INFO: Instrumenting IPython.core.magics.namespace
INFO: Instrumenting IPython.core.magics.osm
INFO: Instrumenting IPython.core.magics.packaging
INFO: Instrumenting IPython.core.magics.pylab
INFO: Instrumenting IPython.core.magics.script
INFO: Instrumenting IPython.core.shellapp
INFO: Instrumenting IPython.extensions
INFO: Instrumenting IPython.extensions.storemagic
INFO: Instrumenting IPython.utils.frame
INFO: Using built-in libfuzzer
WARNING: Failed to find function "__sanitizer_acquire_crash_state".
WARNING: Failed to find function "__sanitizer_print_stack_trace".
WARNING: Failed to find function "__sanitizer_set_death_callback".
INFO: Running with entropic power schedule (0xFF, 100).
INFO: Seed: 512089665
INFO: -max_len is not provided; libFuzzer will not generate inputs larger than 4096 bytes
INFO: A corpus is not provided, starting from an empty corpus
#2	INITED cov: 86 ft: 86 corp: 1/1b exec/s: 0 rss: 86Mb
#4	NEW    cov: 87 ft: 95 corp: 2/3b lim: 4 exec/s: 0 rss: 86Mb L: 2/2 MS: 2 InsertByte-CMP- DE: "\377\377"-
#7	NEW    cov: 92 ft: 121 corp: 3/5b lim: 4 exec/s: 0 rss: 86Mb L: 2/2 MS: 3 ShuffleBytes-ShuffleBytes-ChangeByte-
#12	NEW    cov: 115 ft: 203 corp: 4/7b lim: 4 exec/s: 0 rss: 86Mb L: 2/2 MS: 5 ShuffleBytes-CrossOver-ShuffleBytes-PersAutoDict-ChangeBit- DE: "\377\377"-
#18	NEW    cov: 122 ft: 222 corp: 5/11b lim: 4 exec/s: 0 rss: 86Mb L: 4/4 MS: 1 PersAutoDict- DE: "\377\377"-
#25	NEW    cov: 122 ft: 226 corp: 6/14b lim: 4 exec/s: 0 rss: 86Mb L: 3/4 MS: 2 ShuffleBytes-InsertByte-
#59	NEW    cov: 122 ft: 230 corp: 7/18b lim: 4 exec/s: 0 rss: 86Mb L: 4/4 MS: 4 CrossOver-EraseBytes-InsertByte-PersAutoDict- DE: "\377\377"-
#68	NEW    cov: 124 ft: 240 corp: 8/22b lim: 4 exec/s: 0 rss: 86Mb L: 4/4 MS: 4 PersAutoDict-InsertByte-EraseBytes-CrossOver- DE: "\377\377"-
#81	NEW    cov: 130 ft: 253 corp: 9/26b lim: 4 exec/s: 0 rss: 86Mb L: 4/4 MS: 3 CrossOver-EraseBytes-CrossOver-
#94	NEW    cov: 130 ft: 255 corp: 10/30b lim: 4 exec/s: 0 rss: 86Mb L: 4/4 MS: 3 ChangeByte-ChangeBit-CrossOver-
#120	NEW    cov: 130 ft: 266 corp: 11/34b lim: 4 exec/s: 0 rss: 86Mb L: 4/4 MS: 1 ChangeBit-
#158	NEW    cov: 131 ft: 267 corp: 12/36b lim: 4 exec/s: 0 rss: 86Mb L: 2/4 MS: 3 EraseBytes-ChangeByte-ChangeByte-
#160	NEW    cov: 132 ft: 269 corp: 13/40b lim: 4 exec/s: 0 rss: 86Mb L: 4/4 MS: 2 ShuffleBytes-CrossOver-
#164	NEW    cov: 137 ft: 275 corp: 14/42b lim: 4 exec/s: 0 rss: 86Mb L: 2/4 MS: 4 EraseBytes-CopyPart-ChangeByte-CopyPart-
#169	NEW    cov: 139 ft: 278 corp: 15/46b lim: 4 exec/s: 0 rss: 86Mb L: 4/4 MS: 5 PersAutoDict-CopyPart-ChangeByte-ChangeBit-ChangeBit- DE: "\377\377"-
#207	NEW    cov: 139 ft: 280 corp: 16/48b lim: 4 exec/s: 0 rss: 86Mb L: 2/4 MS: 3 ChangeByte-EraseBytes-ChangeBit-
#220	NEW    cov: 139 ft: 324 corp: 17/51b lim: 4 exec/s: 0 rss: 86Mb L: 3/4 MS: 3 CrossOver-ChangeBit-EraseBytes-
#222	NEW    cov: 141 ft: 327 corp: 18/53b lim: 4 exec/s: 0 rss: 86Mb L: 2/4 MS: 2 ChangeByte-CopyPart-
#228	REDUCE cov: 141 ft: 327 corp: 18/52b lim: 4 exec/s: 0 rss: 86Mb L: 3/4 MS: 1 EraseBytes-
#250	NEW    cov: 143 ft: 329 corp: 19/56b lim: 4 exec/s: 0 rss: 86Mb L: 4/4 MS: 2 ChangeBit-CrossOver-
#274	NEW    cov: 144 ft: 332 corp: 20/60b lim: 4 exec/s: 0 rss: 86Mb L: 4/4 MS: 4 CrossOver-CrossOver-ChangeBit-ChangeByte-
#276	NEW    cov: 145 ft: 333 corp: 21/63b lim: 4 exec/s: 0 rss: 86Mb L: 3/4 MS: 2 EraseBytes-CrossOver-
#282	NEW    cov: 146 ft: 334 corp: 22/65b lim: 4 exec/s: 0 rss: 86Mb L: 2/4 MS: 1 ChangeByte-
#286	NEW    cov: 146 ft: 336 corp: 23/69b lim: 4 exec/s: 0 rss: 86Mb L: 4/4 MS: 4 CrossOver-ChangeByte-PersAutoDict-ChangeByte- DE: "\377\377"-
#307	REDUCE cov: 146 ft: 336 corp: 23/68b lim: 4 exec/s: 0 rss: 86Mb L: 3/4 MS: 1 EraseBytes-
#318	NEW    cov: 146 ft: 337 corp: 24/71b lim: 4 exec/s: 0 rss: 86Mb L: 3/4 MS: 1 EraseBytes-
#384	NEW    cov: 146 ft: 343 corp: 25/75b lim: 4 exec/s: 0 rss: 86Mb L: 4/4 MS: 1 ShuffleBytes-
#423	NEW    cov: 146 ft: 346 corp: 26/79b lim: 4 exec/s: 0 rss: 86Mb L: 4/4 MS: 4 ChangeBit-InsertByte-ChangeByte-CrossOver-
#550	NEW    cov: 146 ft: 348 corp: 27/83b lim: 4 exec/s: 0 rss: 86Mb L: 4/4 MS: 2 PersAutoDict-ChangeBit- DE: "\377\377"-
#591	NEW    cov: 146 ft: 350 corp: 28/86b lim: 4 exec/s: 0 rss: 86Mb L: 3/4 MS: 1 CopyPart-
#638	REDUCE cov: 146 ft: 350 corp: 28/85b lim: 4 exec/s: 0 rss: 86Mb L: 3/4 MS: 2 ShuffleBytes-CrossOver-
#685	NEW    cov: 146 ft: 410 corp: 29/89b lim: 4 exec/s: 0 rss: 86Mb L: 4/4 MS: 2 ChangeBit-CrossOver-
#715	NEW    cov: 148 ft: 412 corp: 30/93b lim: 4 exec/s: 0 rss: 86Mb L: 4/4 MS: 5 ChangeByte-CrossOver-ChangeByte-ChangeByte-CopyPart-
#911	NEW    cov: 148 ft: 415 corp: 31/97b lim: 4 exec/s: 0 rss: 86Mb L: 4/4 MS: 1 CopyPart-
#936	NEW    cov: 151 ft: 418 corp: 32/101b lim: 4 exec/s: 0 rss: 86Mb L: 4/4 MS: 5 ShuffleBytes-PersAutoDict-ShuffleBytes-CopyPart-CopyPart- DE: "\377\377"-
#952	NEW    cov: 151 ft: 419 corp: 33/105b lim: 4 exec/s: 0 rss: 86Mb L: 4/4 MS: 1 ChangeByte-
#998	NEW    cov: 153 ft: 421 corp: 34/109b lim: 4 exec/s: 0 rss: 86Mb L: 4/4 MS: 1 ChangeBinInt-
#1047	REDUCE cov: 153 ft: 421 corp: 34/108b lim: 4 exec/s: 0 rss: 86Mb L: 3/4 MS: 4 ChangeBinInt-ChangeBinInt-ChangeBit-EraseBytes-
/app/ipython/IPython/core/inputtransformer2.py:608: UserWarning: `make_tokens_by_line` received a list of lines which do not have lineending markers ('\n', '\r', '\r\n', '\x0b', '\x0c'), behavior will be unspecified
  tokens_by_line = make_tokens_by_line(lines)
#1052	NEW    cov: 154 ft: 422 corp: 35/111b lim: 4 exec/s: 0 rss: 86Mb L: 3/4 MS: 5 PersAutoDict-CopyPart-ShuffleBytes-ChangeBit-InsertByte- DE: "\377\377"-
#1138	REDUCE cov: 154 ft: 426 corp: 36/113b lim: 4 exec/s: 0 rss: 86Mb L: 2/4 MS: 1 EraseBytes-
#1141	NEW    cov: 154 ft: 429 corp: 37/117b lim: 4 exec/s: 0 rss: 86Mb L: 4/4 MS: 3 ShuffleBytes-CopyPart-CopyPart-
#1227	REDUCE cov: 154 ft: 429 corp: 37/116b lim: 4 exec/s: 0 rss: 86Mb L: 2/4 MS: 1 EraseBytes-
#1341	NEW    cov: 154 ft: 433 corp: 38/118b lim: 4 exec/s: 0 rss: 86Mb L: 2/4 MS: 4 ChangeByte-EraseBytes-ChangeByte-EraseBytes-
#1517	REDUCE cov: 154 ft: 433 corp: 38/117b lim: 4 exec/s: 0 rss: 86Mb L: 3/4 MS: 1 EraseBytes-
#1818	NEW    cov: 159 ft: 438 corp: 39/121b lim: 6 exec/s: 0 rss: 86Mb L: 4/4 MS: 1 ShuffleBytes-
#1936	REDUCE cov: 159 ft: 441 corp: 40/126b lim: 6 exec/s: 0 rss: 86Mb L: 5/5 MS: 3 EraseBytes-ChangeBit-InsertRepeatedBytes-
#2092	NEW    cov: 159 ft: 448 corp: 41/132b lim: 6 exec/s: 0 rss: 86Mb L: 6/6 MS: 1 PersAutoDict- DE: "\377\377"-
#2098	NEW    cov: 159 ft: 452 corp: 42/136b lim: 6 exec/s: 0 rss: 86Mb L: 4/6 MS: 1 ShuffleBytes-
#2165	NEW    cov: 159 ft: 453 corp: 43/142b lim: 6 exec/s: 0 rss: 86Mb L: 6/6 MS: 2 CopyPart-ShuffleBytes-
#2254	REDUCE cov: 159 ft: 454 corp: 44/148b lim: 6 exec/s: 0 rss: 86Mb L: 6/6 MS: 4 InsertByte-CrossOver-CrossOver-ChangeBit-
#2410	REDUCE cov: 159 ft: 454 corp: 44/147b lim: 6 exec/s: 0 rss: 86Mb L: 2/6 MS: 1 EraseBytes-
#2481	NEW    cov: 159 ft: 485 corp: 45/153b lim: 6 exec/s: 0 rss: 86Mb L: 6/6 MS: 1 CrossOver-
#2627	NEW    cov: 159 ft: 497 corp: 46/159b lim: 6 exec/s: 0 rss: 86Mb L: 6/6 MS: 1 CopyPart-
#2715	REDUCE cov: 159 ft: 498 corp: 47/162b lim: 6 exec/s: 0 rss: 86Mb L: 3/6 MS: 3 CrossOver-ChangeBit-CrossOver-
#2759	NEW    cov: 159 ft: 503 corp: 48/168b lim: 6 exec/s: 0 rss: 86Mb L: 6/6 MS: 4 PersAutoDict-ChangeBit-CopyPart-ChangeBit- DE: "\377\377"-
#2937	NEW    cov: 160 ft: 504 corp: 49/172b lim: 6 exec/s: 0 rss: 86Mb L: 4/6 MS: 3 ChangeByte-ChangeByte-ChangeBit-
#2982	REDUCE cov: 160 ft: 504 corp: 49/171b lim: 6 exec/s: 0 rss: 86Mb L: 5/6 MS: 5 PersAutoDict-CopyPart-ChangeBinInt-CrossOver-EraseBytes- DE: "\377\377"-
#2983	NEW    cov: 160 ft: 505 corp: 50/177b lim: 6 exec/s: 0 rss: 86Mb L: 6/6 MS: 1 ShuffleBytes-
#3174	REDUCE cov: 160 ft: 505 corp: 50/176b lim: 6 exec/s: 0 rss: 86Mb L: 3/6 MS: 1 EraseBytes-
#3266	REDUCE cov: 160 ft: 505 corp: 50/175b lim: 6 exec/s: 0 rss: 86Mb L: 3/6 MS: 2 CrossOver-EraseBytes-
#3476	REDUCE cov: 160 ft: 507 corp: 51/180b lim: 8 exec/s: 0 rss: 86Mb L: 5/6 MS: 5 CrossOver-CrossOver-ShuffleBytes-InsertByte-ChangeByte-
#3485	REDUCE cov: 160 ft: 509 corp: 52/185b lim: 8 exec/s: 0 rss: 86Mb L: 5/6 MS: 4 CrossOver-EraseBytes-CrossOver-InsertByte-
#3489	NEW    cov: 160 ft: 510 corp: 53/192b lim: 8 exec/s: 0 rss: 86Mb L: 7/7 MS: 4 PersAutoDict-ShuffleBytes-ChangeByte-CopyPart- DE: "\377\377"-
#3591	REDUCE cov: 160 ft: 510 corp: 53/191b lim: 8 exec/s: 0 rss: 86Mb L: 5/7 MS: 2 ChangeBit-EraseBytes-
#3701	NEW    cov: 160 ft: 511 corp: 54/199b lim: 8 exec/s: 0 rss: 86Mb L: 8/8 MS: 5 ShuffleBytes-InsertByte-ShuffleBytes-ChangeByte-CopyPart-
#3822	NEW    cov: 160 ft: 512 corp: 55/207b lim: 8 exec/s: 0 rss: 86Mb L: 8/8 MS: 1 CopyPart-
#3834	NEW    cov: 160 ft: 521 corp: 56/215b lim: 8 exec/s: 0 rss: 86Mb L: 8/8 MS: 2 ShuffleBytes-CopyPart-
#3950	NEW    cov: 160 ft: 524 corp: 57/221b lim: 8 exec/s: 0 rss: 86Mb L: 6/8 MS: 1 ChangeBit-
#3971	NEW    cov: 160 ft: 526 corp: 58/229b lim: 8 exec/s: 0 rss: 86Mb L: 8/8 MS: 1 CopyPart-
#4188	NEW    cov: 160 ft: 527 corp: 59/234b lim: 8 exec/s: 0 rss: 86Mb L: 5/8 MS: 2 InsertByte-ChangeByte-
#4218	NEW    cov: 162 ft: 529 corp: 60/241b lim: 8 exec/s: 0 rss: 86Mb L: 7/8 MS: 5 CMP-ChangeBit-PersAutoDict-InsertByte-CrossOver- DE: "\000\000\000\000"-"\377\377"-
#4282	NEW    cov: 162 ft: 530 corp: 61/249b lim: 8 exec/s: 0 rss: 86Mb L: 8/8 MS: 4 ChangeBit-ShuffleBytes-CopyPart-CrossOver-
#4482	NEW    cov: 162 ft: 534 corp: 62/254b lim: 8 exec/s: 0 rss: 86Mb L: 5/8 MS: 5 CopyPart-CopyPart-ChangeByte-EraseBytes-InsertByte-
#4613	NEW    cov: 162 ft: 536 corp: 63/262b lim: 8 exec/s: 0 rss: 86Mb L: 8/8 MS: 1 CrossOver-
#4696	REDUCE cov: 162 ft: 547 corp: 64/269b lim: 8 exec/s: 0 rss: 86Mb L: 7/8 MS: 3 InsertByte-CrossOver-InsertByte-
#5053	NEW    cov: 162 ft: 552 corp: 65/280b lim: 11 exec/s: 0 rss: 86Mb L: 11/11 MS: 2 CrossOver-CrossOver-
#5394	REDUCE cov: 162 ft: 552 corp: 65/279b lim: 14 exec/s: 0 rss: 86Mb L: 4/11 MS: 1 EraseBytes-
#5551	NEW    cov: 162 ft: 553 corp: 66/292b lim: 14 exec/s: 0 rss: 86Mb L: 13/13 MS: 2 ShuffleBytes-CrossOver-
#5683	NEW    cov: 162 ft: 554 corp: 67/306b lim: 14 exec/s: 0 rss: 86Mb L: 14/14 MS: 2 CopyPart-InsertRepeatedBytes-
#5724	REDUCE cov: 162 ft: 554 corp: 67/305b lim: 14 exec/s: 0 rss: 86Mb L: 6/14 MS: 1 EraseBytes-
#5733	NEW    cov: 162 ft: 558 corp: 68/315b lim: 14 exec/s: 0 rss: 86Mb L: 10/14 MS: 4 CrossOver-InsertByte-ChangeByte-EraseBytes-
#5737	NEW    cov: 164 ft: 560 corp: 69/325b lim: 14 exec/s: 0 rss: 86Mb L: 10/14 MS: 4 ChangeBit-CrossOver-CopyPart-CrossOver-
#5858	REDUCE cov: 164 ft: 568 corp: 70/334b lim: 14 exec/s: 0 rss: 86Mb L: 9/14 MS: 1 CrossOver-
#5878	REDUCE cov: 167 ft: 574 corp: 71/344b lim: 14 exec/s: 0 rss: 86Mb L: 10/14 MS: 5 ChangeBit-InsertRepeatedBytes-ShuffleBytes-ShuffleBytes-CrossOver-
#5948	REDUCE cov: 167 ft: 574 corp: 71/340b lim: 14 exec/s: 0 rss: 86Mb L: 4/14 MS: 5 ShuffleBytes-ChangeBit-CrossOver-EraseBytes-EraseBytes-
#6005	REDUCE cov: 167 ft: 620 corp: 72/349b lim: 14 exec/s: 0 rss: 86Mb L: 9/14 MS: 2 EraseBytes-InsertRepeatedBytes-
#6106	REDUCE cov: 167 ft: 620 corp: 72/348b lim: 14 exec/s: 0 rss: 86Mb L: 3/14 MS: 1 CrossOver-
#6142	NEW    cov: 169 ft: 627 corp: 73/362b lim: 14 exec/s: 0 rss: 86Mb L: 14/14 MS: 1 InsertRepeatedBytes-
#6150	NEW    cov: 169 ft: 628 corp: 74/368b lim: 14 exec/s: 0 rss: 86Mb L: 6/14 MS: 3 ChangeByte-CMP-EraseBytes- DE: "\000\000"-
#6159	REDUCE cov: 169 ft: 628 corp: 74/365b lim: 14 exec/s: 0 rss: 86Mb L: 7/14 MS: 4 ShuffleBytes-ChangeBit-ChangeByte-EraseBytes-
#6447	NEW    cov: 169 ft: 629 corp: 75/379b lim: 14 exec/s: 0 rss: 86Mb L: 14/14 MS: 3 ShuffleBytes-ShuffleBytes-ChangeByte-
#6494	NEW    cov: 169 ft: 630 corp: 76/384b lim: 14 exec/s: 0 rss: 86Mb L: 5/14 MS: 2 ChangeBit-EraseBytes-
#6515	REDUCE cov: 169 ft: 630 corp: 76/383b lim: 14 exec/s: 0 rss: 86Mb L: 13/14 MS: 1 EraseBytes-
#6536	REDUCE cov: 169 ft: 630 corp: 76/382b lim: 14 exec/s: 0 rss: 86Mb L: 12/14 MS: 1 EraseBytes-
#6564	REDUCE cov: 169 ft: 630 corp: 76/380b lim: 14 exec/s: 0 rss: 86Mb L: 11/14 MS: 3 EraseBytes-InsertByte-InsertByte-
#6620	REDUCE cov: 169 ft: 630 corp: 76/379b lim: 14 exec/s: 6620 rss: 86Mb L: 5/14 MS: 1 EraseBytes-
#6639	REDUCE cov: 169 ft: 633 corp: 77/390b lim: 14 exec/s: 6639 rss: 86Mb L: 11/14 MS: 4 PersAutoDict-ChangeBinInt-ChangeBit-ChangeBinInt- DE: "\000\000\000\000"-
#6896	NEW    cov: 169 ft: 634 corp: 78/399b lim: 14 exec/s: 6896 rss: 86Mb L: 9/14 MS: 2 ChangeByte-ShuffleBytes-
#6911	NEW    cov: 169 ft: 642 corp: 79/412b lim: 14 exec/s: 6911 rss: 86Mb L: 13/14 MS: 5 CMP-ChangeBit-EraseBytes-InsertByte-InsertRepeatedBytes- DE: "\001\000"-
#6998	NEW    cov: 169 ft: 643 corp: 80/426b lim: 14 exec/s: 6998 rss: 86Mb L: 14/14 MS: 2 InsertRepeatedBytes-CopyPart-
#7020	NEW    cov: 169 ft: 644 corp: 81/439b lim: 14 exec/s: 7020 rss: 86Mb L: 13/14 MS: 2 PersAutoDict-InsertByte- DE: "\377\377"-
#7196	REDUCE cov: 169 ft: 644 corp: 81/438b lim: 14 exec/s: 7196 rss: 86Mb L: 13/14 MS: 1 EraseBytes-
#7228	NEW    cov: 169 ft: 646 corp: 82/445b lim: 14 exec/s: 7228 rss: 86Mb L: 7/14 MS: 2 EraseBytes-InsertByte-
#7294	REDUCE cov: 169 ft: 646 corp: 82/444b lim: 14 exec/s: 7294 rss: 86Mb L: 3/14 MS: 1 EraseBytes-
#7345	REDUCE cov: 169 ft: 646 corp: 82/440b lim: 14 exec/s: 7345 rss: 86Mb L: 5/14 MS: 1 EraseBytes-
#7483	REDUCE cov: 169 ft: 646 corp: 82/439b lim: 14 exec/s: 7483 rss: 86Mb L: 5/14 MS: 3 ChangeBinInt-EraseBytes-ChangeByte-
#7678	NEW    cov: 169 ft: 649 corp: 83/453b lim: 14 exec/s: 7678 rss: 86Mb L: 14/14 MS: 5 InsertRepeatedBytes-CrossOver-CopyPart-ChangeBit-CrossOver-
#7714	NEW    cov: 169 ft: 654 corp: 84/467b lim: 14 exec/s: 7714 rss: 86Mb L: 14/14 MS: 1 CopyPart-
#7744	REDUCE cov: 169 ft: 654 corp: 84/466b lim: 14 exec/s: 7744 rss: 86Mb L: 12/14 MS: 5 CopyPart-ChangeByte-ChangeBit-CopyPart-EraseBytes-
#7759	NEW    cov: 169 ft: 657 corp: 85/479b lim: 14 exec/s: 7759 rss: 86Mb L: 13/14 MS: 5 EraseBytes-ShuffleBytes-ChangeBit-CrossOver-InsertRepeatedBytes-
#7787	NEW    cov: 169 ft: 659 corp: 86/493b lim: 14 exec/s: 7787 rss: 86Mb L: 14/14 MS: 3 ChangeBit-CrossOver-CrossOver-
#7815	NEW    cov: 169 ft: 666 corp: 87/507b lim: 14 exec/s: 7815 rss: 86Mb L: 14/14 MS: 3 CopyPart-EraseBytes-CrossOver-
#7846	REDUCE cov: 169 ft: 666 corp: 87/505b lim: 14 exec/s: 7846 rss: 86Mb L: 4/14 MS: 1 EraseBytes-
#8047	NEW    cov: 169 ft: 667 corp: 88/519b lim: 14 exec/s: 8047 rss: 86Mb L: 14/14 MS: 1 ShuffleBytes-
#8110	REDUCE cov: 169 ft: 667 corp: 88/517b lim: 14 exec/s: 8110 rss: 86Mb L: 11/14 MS: 3 InsertByte-EraseBytes-EraseBytes-
#8118	NEW    cov: 169 ft: 668 corp: 89/531b lim: 14 exec/s: 8118 rss: 86Mb L: 14/14 MS: 3 ChangeBinInt-ShuffleBytes-PersAutoDict- DE: "\001\000"-
#8305	REDUCE cov: 169 ft: 672 corp: 90/542b lim: 14 exec/s: 8305 rss: 86Mb L: 11/14 MS: 2 CMP-InsertRepeatedBytes- DE: "\001\000"-
#8451	REDUCE cov: 169 ft: 672 corp: 90/539b lim: 14 exec/s: 8451 rss: 86Mb L: 5/14 MS: 1 EraseBytes-
#8487	NEW    cov: 169 ft: 673 corp: 91/553b lim: 14 exec/s: 8487 rss: 86Mb L: 14/14 MS: 1 CopyPart-
#8528	NEW    cov: 169 ft: 674 corp: 92/565b lim: 14 exec/s: 8528 rss: 86Mb L: 12/14 MS: 1 CrossOver-
#8603	REDUCE cov: 170 ft: 675 corp: 93/574b lim: 14 exec/s: 8603 rss: 86Mb L: 9/14 MS: 5 ChangeBinInt-ChangeBit-CopyPart-ShuffleBytes-InsertByte-
#8834	REDUCE cov: 170 ft: 675 corp: 93/573b lim: 14 exec/s: 8834 rss: 86Mb L: 5/14 MS: 1 EraseBytes-
#8945	NEW    cov: 170 ft: 678 corp: 94/585b lim: 14 exec/s: 8945 rss: 86Mb L: 12/14 MS: 1 InsertByte-
#9247	NEW    cov: 170 ft: 683 corp: 95/599b lim: 14 exec/s: 9247 rss: 86Mb L: 14/14 MS: 2 CopyPart-ShuffleBytes-
#9305	NEW    cov: 170 ft: 684 corp: 96/611b lim: 14 exec/s: 9305 rss: 86Mb L: 12/14 MS: 3 CopyPart-ChangeBinInt-ChangeBit-
#9455	NEW    cov: 170 ft: 685 corp: 97/619b lim: 14 exec/s: 9455 rss: 86Mb L: 8/14 MS: 5 ChangeByte-EraseBytes-CrossOver-ChangeBit-ChangeBit-
#9495	NEW    cov: 170 ft: 689 corp: 98/633b lim: 14 exec/s: 9495 rss: 86Mb L: 14/14 MS: 5 PersAutoDict-ChangeByte-ChangeBit-ChangeByte-CopyPart- DE: "\377\377"-
#9558	NEW    cov: 171 ft: 690 corp: 99/641b lim: 14 exec/s: 9558 rss: 86Mb L: 8/14 MS: 3 CrossOver-CopyPart-EraseBytes-
#9559	NEW    cov: 171 ft: 691 corp: 100/655b lim: 14 exec/s: 9559 rss: 86Mb L: 14/14 MS: 1 CrossOver-
#9560	NEW    cov: 171 ft: 692 corp: 101/669b lim: 14 exec/s: 9560 rss: 86Mb L: 14/14 MS: 1 InsertByte-
#9606	NEW    cov: 171 ft: 694 corp: 102/676b lim: 14 exec/s: 9606 rss: 86Mb L: 7/14 MS: 1 ShuffleBytes-
#9822	REDUCE cov: 171 ft: 694 corp: 102/674b lim: 14 exec/s: 9822 rss: 86Mb L: 9/14 MS: 1 EraseBytes-
#9828	REDUCE cov: 171 ft: 694 corp: 102/673b lim: 14 exec/s: 9828 rss: 86Mb L: 10/14 MS: 1 EraseBytes-
#9842	REDUCE cov: 171 ft: 694 corp: 102/672b lim: 14 exec/s: 9842 rss: 86Mb L: 8/14 MS: 4 InsertByte-EraseBytes-CrossOver-EraseBytes-
#9923	REDUCE cov: 174 ft: 697 corp: 103/681b lim: 14 exec/s: 9923 rss: 86Mb L: 9/14 MS: 1 InsertByte-
#9934	NEW    cov: 174 ft: 698 corp: 104/687b lim: 14 exec/s: 9934 rss: 86Mb L: 6/14 MS: 1 ChangeByte-
#10150	REDUCE cov: 174 ft: 698 corp: 104/686b lim: 14 exec/s: 10150 rss: 86Mb L: 11/14 MS: 1 EraseBytes-
#10156	REDUCE cov: 174 ft: 702 corp: 105/700b lim: 14 exec/s: 10156 rss: 86Mb L: 14/14 MS: 1 InsertRepeatedBytes-
#10232	REDUCE cov: 174 ft: 702 corp: 105/699b lim: 14 exec/s: 10232 rss: 86Mb L: 8/14 MS: 1 EraseBytes-
#10240	NEW    cov: 174 ft: 708 corp: 106/713b lim: 14 exec/s: 10240 rss: 86Mb L: 14/14 MS: 3 ChangeBit-ShuffleBytes-CrossOver-
#10304	REDUCE cov: 174 ft: 709 corp: 107/727b lim: 14 exec/s: 10304 rss: 86Mb L: 14/14 MS: 4 CopyPart-EraseBytes-CopyPart-CopyPart-
#10520	REDUCE cov: 174 ft: 709 corp: 107/726b lim: 14 exec/s: 10520 rss: 86Mb L: 13/14 MS: 1 EraseBytes-
#11071	REDUCE cov: 174 ft: 709 corp: 107/725b lim: 17 exec/s: 5535 rss: 86Mb L: 6/14 MS: 1 EraseBytes-
#11522	NEW    cov: 174 ft: 712 corp: 108/743b lim: 21 exec/s: 5761 rss: 86Mb L: 18/18 MS: 1 CopyPart-
#11559	NEW    cov: 174 ft: 714 corp: 109/754b lim: 21 exec/s: 5779 rss: 86Mb L: 11/18 MS: 2 ShuffleBytes-CrossOver-
#11711	REDUCE cov: 174 ft: 714 corp: 109/753b lim: 21 exec/s: 5855 rss: 86Mb L: 9/18 MS: 2 PersAutoDict-EraseBytes- DE: "\000\000"-
#11767	REDUCE cov: 174 ft: 714 corp: 109/751b lim: 21 exec/s: 5883 rss: 86Mb L: 10/18 MS: 1 EraseBytes-
#11804	NEW    cov: 174 ft: 717 corp: 110/771b lim: 21 exec/s: 5902 rss: 86Mb L: 20/20 MS: 2 CopyPart-CopyPart-
#11815	REDUCE cov: 174 ft: 717 corp: 110/770b lim: 21 exec/s: 5907 rss: 86Mb L: 9/20 MS: 1 EraseBytes-
#11851	NEW    cov: 174 ft: 725 corp: 111/791b lim: 21 exec/s: 5925 rss: 86Mb L: 21/21 MS: 1 CrossOver-
#11867	REDUCE cov: 174 ft: 725 corp: 111/788b lim: 21 exec/s: 5933 rss: 86Mb L: 11/21 MS: 1 EraseBytes-
#11878	NEW    cov: 174 ft: 728 corp: 112/809b lim: 21 exec/s: 5939 rss: 86Mb L: 21/21 MS: 1 CopyPart-
#11879	NEW    cov: 174 ft: 772 corp: 113/829b lim: 21 exec/s: 5939 rss: 86Mb L: 20/21 MS: 1 CrossOver-
#11991	REDUCE cov: 174 ft: 772 corp: 113/827b lim: 21 exec/s: 5995 rss: 86Mb L: 12/21 MS: 2 CrossOver-EraseBytes-
#12230	REDUCE cov: 174 ft: 776 corp: 114/846b lim: 21 exec/s: 6115 rss: 86Mb L: 19/21 MS: 4 InsertRepeatedBytes-ChangeBit-ChangeBinInt-CrossOver-
#12276	REDUCE cov: 174 ft: 781 corp: 115/861b lim: 21 exec/s: 6138 rss: 86Mb L: 15/21 MS: 1 CrossOver-
#12468	NEW    cov: 174 ft: 782 corp: 116/874b lim: 21 exec/s: 6234 rss: 86Mb L: 13/21 MS: 2 InsertByte-CopyPart-
#12481	NEW    cov: 175 ft: 783 corp: 117/895b lim: 21 exec/s: 6240 rss: 86Mb L: 21/21 MS: 3 ChangeBit-CrossOver-CopyPart-
#12691	REDUCE cov: 175 ft: 783 corp: 117/893b lim: 21 exec/s: 6345 rss: 86Mb L: 11/21 MS: 5 ChangeBit-CopyPart-CopyPart-CrossOver-EraseBytes-
#12708	REDUCE cov: 175 ft: 783 corp: 117/892b lim: 21 exec/s: 6354 rss: 86Mb L: 11/21 MS: 2 ShuffleBytes-EraseBytes-
#13029	REDUCE cov: 175 ft: 783 corp: 117/889b lim: 21 exec/s: 6514 rss: 86Mb L: 8/21 MS: 1 EraseBytes-
#13155	REDUCE cov: 175 ft: 783 corp: 117/888b lim: 21 exec/s: 6577 rss: 86Mb L: 13/21 MS: 1 EraseBytes-
#13372	NEW    cov: 175 ft: 784 corp: 118/904b lim: 21 exec/s: 6686 rss: 86Mb L: 16/21 MS: 2 CrossOver-CopyPart-
#13523	NEW    cov: 175 ft: 789 corp: 119/918b lim: 21 exec/s: 6761 rss: 86Mb L: 14/21 MS: 1 ShuffleBytes-
#13679	REDUCE cov: 175 ft: 790 corp: 120/925b lim: 21 exec/s: 6839 rss: 86Mb L: 7/21 MS: 1 CopyPart-
#13815	REDUCE cov: 175 ft: 790 corp: 120/923b lim: 21 exec/s: 4605 rss: 86Mb L: 7/21 MS: 1 EraseBytes-
#14092	REDUCE cov: 175 ft: 790 corp: 120/922b lim: 21 exec/s: 4697 rss: 86Mb L: 12/21 MS: 2 CrossOver-EraseBytes-
#14163	REDUCE cov: 175 ft: 790 corp: 120/920b lim: 21 exec/s: 4721 rss: 86Mb L: 10/21 MS: 1 EraseBytes-
#14182	NEW    cov: 175 ft: 791 corp: 121/939b lim: 21 exec/s: 4727 rss: 86Mb L: 19/21 MS: 4 InsertRepeatedBytes-CopyPart-CrossOver-ShuffleBytes-
#14219	REDUCE cov: 175 ft: 792 corp: 122/952b lim: 21 exec/s: 4739 rss: 86Mb L: 13/21 MS: 2 CrossOver-ChangeBinInt-
#14336	NEW    cov: 175 ft: 798 corp: 123/969b lim: 21 exec/s: 4778 rss: 86Mb L: 17/21 MS: 2 PersAutoDict-CopyPart- DE: "\000\000"-
#14367	NEW    cov: 175 ft: 802 corp: 124/988b lim: 21 exec/s: 4789 rss: 86Mb L: 19/21 MS: 1 CrossOver-
#14469	NEW    cov: 175 ft: 803 corp: 125/1005b lim: 21 exec/s: 4823 rss: 86Mb L: 17/21 MS: 2 CopyPart-CopyPart-
#14601	REDUCE cov: 175 ft: 803 corp: 125/1004b lim: 21 exec/s: 4867 rss: 86Mb L: 10/21 MS: 2 ChangeBit-EraseBytes-
#14652	NEW    cov: 175 ft: 805 corp: 126/1022b lim: 21 exec/s: 4884 rss: 86Mb L: 18/21 MS: 1 CrossOver-
#14669	NEW    cov: 175 ft: 807 corp: 127/1042b lim: 21 exec/s: 4889 rss: 86Mb L: 20/21 MS: 2 PersAutoDict-CrossOver- DE: "\001\000"-
#14702	NEW    cov: 175 ft: 808 corp: 128/1061b lim: 21 exec/s: 4900 rss: 86Mb L: 19/21 MS: 3 PersAutoDict-ChangeBinInt-PersAutoDict- DE: "\000\000"-"\000\000\000\000"-
#14783	REDUCE cov: 175 ft: 809 corp: 129/1081b lim: 21 exec/s: 4927 rss: 86Mb L: 20/21 MS: 1 InsertRepeatedBytes-
#14835	REDUCE cov: 175 ft: 809 corp: 129/1080b lim: 21 exec/s: 4945 rss: 86Mb L: 19/21 MS: 2 EraseBytes-CrossOver-
#14881	REDUCE cov: 175 ft: 809 corp: 129/1079b lim: 21 exec/s: 4960 rss: 86Mb L: 20/21 MS: 1 CrossOver-
#14912	REDUCE cov: 175 ft: 810 corp: 130/1089b lim: 21 exec/s: 4970 rss: 86Mb L: 10/21 MS: 1 ShuffleBytes-
#15051	REDUCE cov: 175 ft: 810 corp: 130/1088b lim: 21 exec/s: 5017 rss: 86Mb L: 5/21 MS: 4 CopyPart-ShuffleBytes-PersAutoDict-EraseBytes- DE: "\001\000"-
#15147	REDUCE cov: 175 ft: 810 corp: 130/1087b lim: 21 exec/s: 5049 rss: 86Mb L: 13/21 MS: 1 EraseBytes-
#15250	NEW    cov: 175 ft: 811 corp: 131/1102b lim: 21 exec/s: 5083 rss: 86Mb L: 15/21 MS: 3 InsertByte-CrossOver-CopyPart-
#15273	REDUCE cov: 175 ft: 813 corp: 132/1121b lim: 21 exec/s: 5091 rss: 86Mb L: 19/21 MS: 3 ChangeBit-InsertByte-CrossOver-
#15434	NEW    cov: 175 ft: 815 corp: 133/1138b lim: 21 exec/s: 5144 rss: 86Mb L: 17/21 MS: 1 CopyPart-
#15520	NEW    cov: 175 ft: 816 corp: 134/1159b lim: 21 exec/s: 5173 rss: 86Mb L: 21/21 MS: 1 CopyPart-
#15797	REDUCE cov: 175 ft: 816 corp: 134/1155b lim: 21 exec/s: 3949 rss: 86Mb L: 10/21 MS: 2 ChangeBinInt-EraseBytes-
#15848	REDUCE cov: 175 ft: 816 corp: 134/1149b lim: 21 exec/s: 3962 rss: 86Mb L: 12/21 MS: 1 EraseBytes-
#15894	NEW    cov: 175 ft: 817 corp: 135/1168b lim: 21 exec/s: 3973 rss: 86Mb L: 19/21 MS: 1 InsertRepeatedBytes-
#15931	NEW    cov: 175 ft: 818 corp: 136/1185b lim: 21 exec/s: 3982 rss: 86Mb L: 17/21 MS: 2 ChangeBit-ChangeBit-
#16197	REDUCE cov: 175 ft: 818 corp: 136/1180b lim: 21 exec/s: 4049 rss: 86Mb L: 9/21 MS: 1 EraseBytes-
#16243	NEW    cov: 175 ft: 821 corp: 137/1193b lim: 21 exec/s: 4060 rss: 86Mb L: 13/21 MS: 1 CrossOver-
#16304	REDUCE cov: 175 ft: 821 corp: 137/1192b lim: 21 exec/s: 4076 rss: 86Mb L: 8/21 MS: 1 EraseBytes-
#16384	pulse  cov: 175 ft: 821 corp: 137/1192b lim: 21 exec/s: 4096 rss: 86Mb
#16450	REDUCE cov: 175 ft: 821 corp: 137/1190b lim: 21 exec/s: 4112 rss: 86Mb L: 5/21 MS: 1 EraseBytes-
#16471	REDUCE cov: 175 ft: 821 corp: 137/1185b lim: 21 exec/s: 4117 rss: 86Mb L: 7/21 MS: 1 EraseBytes-
#16532	NEW    cov: 175 ft: 822 corp: 138/1205b lim: 21 exec/s: 4133 rss: 86Mb L: 20/21 MS: 1 CrossOver-
#16684	REDUCE cov: 175 ft: 822 corp: 138/1204b lim: 21 exec/s: 4171 rss: 86Mb L: 7/21 MS: 2 ChangeByte-EraseBytes-
#16791	REDUCE cov: 175 ft: 822 corp: 138/1203b lim: 21 exec/s: 4197 rss: 86Mb L: 13/21 MS: 2 ChangeByte-EraseBytes-
#17333	REDUCE cov: 175 ft: 822 corp: 138/1201b lim: 25 exec/s: 4333 rss: 86Mb L: 17/21 MS: 2 ChangeByte-EraseBytes-
#17757	NEW    cov: 175 ft: 823 corp: 139/1221b lim: 29 exec/s: 3551 rss: 86Mb L: 20/21 MS: 4 CopyPart-ChangeBit-ChangeByte-CopyPart-
#17758	REDUCE cov: 175 ft: 823 corp: 139/1220b lim: 29 exec/s: 3551 rss: 86Mb L: 10/21 MS: 1 EraseBytes-
#17932	NEW    cov: 175 ft: 824 corp: 140/1239b lim: 29 exec/s: 3586 rss: 86Mb L: 19/21 MS: 4 PersAutoDict-CopyPart-InsertByte-PersAutoDict- DE: "\000\000\000\000"-"\377\377"-
#18085	NEW    cov: 175 ft: 826 corp: 141/1264b lim: 29 exec/s: 3617 rss: 86Mb L: 25/25 MS: 3 CrossOver-ShuffleBytes-CopyPart-
#18181	REDUCE cov: 175 ft: 826 corp: 141/1263b lim: 29 exec/s: 3636 rss: 86Mb L: 10/25 MS: 1 EraseBytes-
#18569	REDUCE cov: 175 ft: 826 corp: 141/1261b lim: 29 exec/s: 3713 rss: 86Mb L: 15/25 MS: 3 ChangeBit-EraseBytes-InsertByte-
#18571	NEW    cov: 175 ft: 828 corp: 142/1286b lim: 29 exec/s: 3714 rss: 86Mb L: 25/25 MS: 2 PersAutoDict-CrossOver- DE: "\000\000\000\000"-
#19118	NEW    cov: 175 ft: 829 corp: 143/1311b lim: 33 exec/s: 3823 rss: 86Mb L: 25/25 MS: 2 PersAutoDict-PersAutoDict- DE: "\001\000"-"\000\000\000\000"-
#19159	REDUCE cov: 175 ft: 829 corp: 143/1310b lim: 33 exec/s: 3831 rss: 86Mb L: 7/25 MS: 1 EraseBytes-
#19402	NEW    cov: 175 ft: 836 corp: 144/1315b lim: 33 exec/s: 3880 rss: 86Mb L: 5/25 MS: 3 EraseBytes-InsertByte-ChangeByte-
#19409	REDUCE cov: 175 ft: 836 corp: 144/1314b lim: 33 exec/s: 3881 rss: 86Mb L: 8/25 MS: 2 CopyPart-EraseBytes-
#19807	NEW    cov: 175 ft: 837 corp: 145/1335b lim: 33 exec/s: 3301 rss: 86Mb L: 21/25 MS: 3 ChangeBinInt-ChangeBit-CopyPart-
#20334	REDUCE cov: 175 ft: 837 corp: 145/1331b lim: 38 exec/s: 3389 rss: 86Mb L: 4/25 MS: 2 CopyPart-EraseBytes-
#20450	NEW    cov: 175 ft: 838 corp: 146/1356b lim: 38 exec/s: 3408 rss: 86Mb L: 25/25 MS: 1 ChangeBinInt-
#20566	NEW    cov: 175 ft: 840 corp: 147/1390b lim: 38 exec/s: 3427 rss: 86Mb L: 34/34 MS: 1 CopyPart-
#20572	REDUCE cov: 175 ft: 840 corp: 147/1389b lim: 38 exec/s: 3428 rss: 86Mb L: 6/34 MS: 1 EraseBytes-
#20628	REDUCE cov: 175 ft: 840 corp: 147/1388b lim: 38 exec/s: 3438 rss: 86Mb L: 10/34 MS: 1 EraseBytes-
#20663	NEW    cov: 175 ft: 841 corp: 148/1405b lim: 38 exec/s: 3443 rss: 86Mb L: 17/34 MS: 5 InsertByte-PersAutoDict-CrossOver-InsertByte-EraseBytes- DE: "\001\000"-
#20720	REDUCE cov: 175 ft: 842 corp: 149/1431b lim: 38 exec/s: 3453 rss: 86Mb L: 26/34 MS: 2 ChangeBinInt-CrossOver-
#20751	REDUCE cov: 175 ft: 842 corp: 149/1426b lim: 38 exec/s: 3458 rss: 86Mb L: 16/34 MS: 1 EraseBytes-
#20958	REDUCE cov: 175 ft: 843 corp: 150/1455b lim: 38 exec/s: 3493 rss: 86Mb L: 29/34 MS: 2 CrossOver-CopyPart-
#20964	REDUCE cov: 175 ft: 843 corp: 150/1448b lim: 38 exec/s: 3494 rss: 86Mb L: 19/34 MS: 1 EraseBytes-
#21068	REDUCE cov: 175 ft: 844 corp: 151/1479b lim: 38 exec/s: 3511 rss: 86Mb L: 31/34 MS: 4 InsertByte-CopyPart-InsertRepeatedBytes-CopyPart-
#21352	REDUCE cov: 175 ft: 844 corp: 151/1476b lim: 38 exec/s: 3050 rss: 86Mb L: 18/34 MS: 4 InsertRepeatedBytes-EraseBytes-CrossOver-EraseBytes-
#21374	NEW    cov: 175 ft: 845 corp: 152/1494b lim: 38 exec/s: 3053 rss: 86Mb L: 18/34 MS: 2 EraseBytes-CopyPart-
#21392	REDUCE cov: 175 ft: 858 corp: 153/1521b lim: 38 exec/s: 3056 rss: 86Mb L: 27/34 MS: 3 ShuffleBytes-PersAutoDict-CrossOver- DE: "\000\000"-
#21418	NEW    cov: 175 ft: 860 corp: 154/1528b lim: 38 exec/s: 3059 rss: 86Mb L: 7/34 MS: 1 PersAutoDict- DE: "\377\377"-
#21419	REDUCE cov: 175 ft: 860 corp: 154/1526b lim: 38 exec/s: 3059 rss: 86Mb L: 12/34 MS: 1 EraseBytes-
#21546	NEW    cov: 175 ft: 861 corp: 155/1553b lim: 38 exec/s: 3078 rss: 86Mb L: 27/34 MS: 2 ChangeBit-CopyPart-
#21813	REDUCE cov: 175 ft: 861 corp: 155/1546b lim: 38 exec/s: 3116 rss: 86Mb L: 14/34 MS: 2 CopyPart-EraseBytes-
#21919	REDUCE cov: 175 ft: 864 corp: 156/1566b lim: 38 exec/s: 3131 rss: 86Mb L: 20/34 MS: 1 ChangeBinInt-
#21958	NEW    cov: 175 ft: 868 corp: 157/1589b lim: 38 exec/s: 3136 rss: 86Mb L: 23/34 MS: 4 EraseBytes-ChangeByte-CrossOver-InsertRepeatedBytes-
#22369	REDUCE cov: 175 ft: 868 corp: 157/1588b lim: 38 exec/s: 3195 rss: 86Mb L: 13/34 MS: 1 EraseBytes-
#22716	NEW    cov: 175 ft: 870 corp: 158/1611b lim: 38 exec/s: 3245 rss: 86Mb L: 23/34 MS: 2 ChangeBit-CrossOver-
#22872	REDUCE cov: 175 ft: 870 corp: 158/1609b lim: 38 exec/s: 2859 rss: 86Mb L: 27/34 MS: 1 EraseBytes-
#22913	REDUCE cov: 175 ft: 870 corp: 158/1608b lim: 38 exec/s: 2864 rss: 86Mb L: 33/33 MS: 1 EraseBytes-
#22959	REDUCE cov: 175 ft: 870 corp: 158/1607b lim: 38 exec/s: 2869 rss: 86Mb L: 7/33 MS: 1 EraseBytes-
#23000	NEW    cov: 175 ft: 871 corp: 159/1612b lim: 38 exec/s: 2875 rss: 86Mb L: 5/33 MS: 1 ChangeBit-
#23201	REDUCE cov: 175 ft: 871 corp: 159/1611b lim: 38 exec/s: 2900 rss: 86Mb L: 6/33 MS: 1 EraseBytes-
#23477	NEW    cov: 175 ft: 874 corp: 160/1643b lim: 38 exec/s: 2934 rss: 86Mb L: 32/33 MS: 1 CopyPart-
#23488	NEW    cov: 175 ft: 875 corp: 161/1681b lim: 38 exec/s: 2936 rss: 86Mb L: 38/38 MS: 1 CopyPart-
#23536	NEW    cov: 175 ft: 876 corp: 162/1703b lim: 38 exec/s: 2942 rss: 86Mb L: 22/38 MS: 3 ChangeBinInt-CrossOver-ShuffleBytes-
#23592	REDUCE cov: 175 ft: 876 corp: 162/1702b lim: 38 exec/s: 2949 rss: 86Mb L: 4/38 MS: 1 EraseBytes-
#23618	REDUCE cov: 175 ft: 876 corp: 162/1701b lim: 38 exec/s: 2952 rss: 86Mb L: 21/38 MS: 1 EraseBytes-
#23666	REDUCE cov: 175 ft: 878 corp: 163/1734b lim: 38 exec/s: 2958 rss: 86Mb L: 33/38 MS: 3 CrossOver-CopyPart-CopyPart-
#23678	REDUCE cov: 175 ft: 879 corp: 164/1762b lim: 38 exec/s: 2959 rss: 86Mb L: 28/38 MS: 2 ChangeBit-CrossOver-
#23949	REDUCE cov: 175 ft: 879 corp: 164/1760b lim: 38 exec/s: 2993 rss: 86Mb L: 8/38 MS: 1 EraseBytes-
#24239	REDUCE cov: 175 ft: 879 corp: 164/1759b lim: 38 exec/s: 2693 rss: 86Mb L: 9/38 MS: 5 CopyPart-ShuffleBytes-CopyPart-ChangeBit-EraseBytes-
#24375	NEW    cov: 175 ft: 887 corp: 165/1786b lim: 38 exec/s: 2708 rss: 86Mb L: 27/38 MS: 1 ChangeByte-
#24977	REDUCE cov: 175 ft: 887 corp: 165/1772b lim: 43 exec/s: 2775 rss: 86Mb L: 24/33 MS: 2 ChangeBit-EraseBytes-
#25306	NEW    cov: 175 ft: 888 corp: 166/1792b lim: 43 exec/s: 2811 rss: 86Mb L: 20/33 MS: 4 ChangeBit-ChangeBit-CrossOver-ChangeByte-
#25360	NEW    cov: 176 ft: 889 corp: 167/1818b lim: 43 exec/s: 2817 rss: 86Mb L: 26/33 MS: 4 PersAutoDict-ShuffleBytes-CrossOver-CopyPart- DE: "\001\000"-
#25386	REDUCE cov: 176 ft: 889 corp: 167/1816b lim: 43 exec/s: 2820 rss: 86Mb L: 6/33 MS: 1 EraseBytes-
#26052	REDUCE cov: 176 ft: 889 corp: 167/1814b lim: 48 exec/s: 2605 rss: 86Mb L: 11/33 MS: 1 EraseBytes-
#26224	NEW    cov: 176 ft: 898 corp: 168/1857b lim: 48 exec/s: 2622 rss: 86Mb L: 43/43 MS: 2 CrossOver-CopyPart-
#26295	REDUCE cov: 176 ft: 899 corp: 169/1864b lim: 48 exec/s: 2629 rss: 86Mb L: 7/43 MS: 1 ChangeByte-
#26396	NEW    cov: 176 ft: 900 corp: 170/1891b lim: 48 exec/s: 2639 rss: 86Mb L: 27/43 MS: 1 CopyPart-
#26595	REDUCE cov: 176 ft: 900 corp: 170/1887b lim: 48 exec/s: 2659 rss: 86Mb L: 19/43 MS: 4 ChangeBit-PersAutoDict-InsertByte-EraseBytes- DE: "\001\000"-
#26596	REDUCE cov: 176 ft: 900 corp: 170/1880b lim: 48 exec/s: 2659 rss: 86Mb L: 19/43 MS: 1 EraseBytes-
#26931	DONE   cov: 176 ft: 900 corp: 170/1880b lim: 48 exec/s: 2448 rss: 86Mb
###### Recommended dictionary. ######
"\377\377" # Uses: 995
"\000\000\000\000" # Uses: 535
"\000\000" # Uses: 472
"\001\000" # Uses: 468
###### End of recommended dictionary. ######
Done 26931 runs in 11 second(s)
