
============================================================
Evaluating: /root/Tokenizer.scala
============================================================

✓ File exists
✓ Source loaded (13049 characters)

--- Checking Compilation ---
✓ Compilation successful

--- Running Unit Tests ---
Tests passed: 0/0

--- Evaluating Code Quality Criteria ---


FUNCTIONALITY_PRESERVATION:
----------------------------------------
Score: 4/5 (GOOD)
  Found 9/9 required components
  Found 3/4 key methods

SCALA_CONVENTIONS:
----------------------------------------
Score: 4/5 (GOOD)
  ✓ camelCase_methods: 45 occurrences
  ✓ PascalCase_classes: 26 occurrences
  ✓ immutable_val: 45 occurrences
  ✓ case_class: 2 occurrences
  ✓ sealed_trait: 1 occurrences
  Suggestions:
    → Consider refactoring: Null usage (prefer Option)
    → Consider refactoring: Explicit return statement (often unnecessary in Scala)

READABILITY:
----------------------------------------
Score: 5/5 (EXCELLENT)
  Total lines: 451
  Scaladoc blocks: 29
  Single-line comments: 32
  Type annotations: 101

PARADIGM_MATCH:
----------------------------------------
Score: 5/5 (EXCELLENT)
  ✓ map: 8 occurrences
  ✓ flatMap: 6 occurrences
  ✓ filter: 2 occurrences
  ✓ fold: 1 occurrences
  ✓ higher_order_func: 20 occurrences
  Suggestions:
    → Consider reducing mutable variables (5 vars found)
    → Consider using Option instead of null

APPROPRIATE_ABSTRACTIONS:
----------------------------------------
Score: 5/5 (EXCELLENT)
  Traits defined: 3
  ✓ Sealed hierarchies: 1
  Generic type usages: 49
  Objects/Companions: 2
  ✓ Variance annotations: 2
  Suggestions:
    → Consider using type classes for polymorphism

============================================================
EVALUATION SUMMARY
============================================================
Overall Score: 23/25 (92.0%)
Status: ❌ NEEDS IMPROVEMENT
============================================================

