INFO: Instrumenting arrow
INFO: Instrumenting arrow._version
INFO: Instrumenting arrow.api
INFO: Instrumenting datetime
INFO: Instrumenting arrow.arrow
INFO: Instrumenting calendar
INFO: Instrumenting locale
INFO: Instrumenting _locale
WARNING: It looks like this module is imported by a custom loader. Atheris has experimental support for this. However, it may be incompatible with certain libraries. If you experience unusual errors or poor coverage collection, try atheris.instrument_all() instead, add enable_loader_override=False to instrument_imports(), or file an issue on GitHub.
INFO: Instrumenting dateutil
INFO: Instrumenting dateutil._version
INFO: Instrumenting dateutil.tz
INFO: Instrumenting dateutil.tz.tz
INFO: Instrumenting struct
INFO: Instrumenting six
INFO: Instrumenting __future__
INFO: Instrumenting importlib.util
INFO: Instrumenting six.moves
INFO: Instrumenting dateutil.tz._common
INFO: Instrumenting dateutil.tz._factories
INFO: Instrumenting dateutil.tz.win
INFO: Instrumenting dateutil.relativedelta
INFO: Instrumenting dateutil._common
INFO: Instrumenting arrow.formatter
INFO: Instrumenting arrow.locales
INFO: Instrumenting arrow.constants
INFO: Instrumenting arrow.parser
INFO: Instrumenting zoneinfo
INFO: Instrumenting zoneinfo._tzpath
INFO: Instrumenting sysconfig
INFO: Instrumenting _sysconfigdata__linux_x86_64-linux-gnu
INFO: Instrumenting zoneinfo._common
INFO: Instrumenting arrow.util
INFO: Instrumenting dateutil.rrule
INFO: Instrumenting heapq
INFO: Instrumenting arrow.factory
INFO: Instrumenting decimal
INFO: Instrumenting numbers
INFO: Using built-in libfuzzer
WARNING: Failed to find function "__sanitizer_acquire_crash_state".
WARNING: Failed to find function "__sanitizer_print_stack_trace".
WARNING: Failed to find function "__sanitizer_set_death_callback".
INFO: Running with entropic power schedule (0xFF, 100).
INFO: Seed: 3082800274
INFO: -max_len is not provided; libFuzzer will not generate inputs larger than 4096 bytes
INFO: A corpus is not provided, starting from an empty corpus
#2	INITED cov: 8 ft: 8 corp: 1/1b exec/s: 0 rss: 48Mb
#4	NEW    cov: 33 ft: 33 corp: 2/2b lim: 4 exec/s: 0 rss: 48Mb L: 1/1 MS: 2 ShuffleBytes-ChangeByte-
#7	NEW    cov: 80 ft: 85 corp: 3/4b lim: 4 exec/s: 0 rss: 48Mb L: 2/2 MS: 3 CopyPart-CrossOver-ChangeBinInt-
#14	NEW    cov: 99 ft: 117 corp: 4/8b lim: 4 exec/s: 0 rss: 48Mb L: 4/4 MS: 2 CMP-InsertByte- DE: "\001\000"-
#43	NEW    cov: 99 ft: 120 corp: 5/11b lim: 4 exec/s: 0 rss: 48Mb L: 3/4 MS: 4 CrossOver-ShuffleBytes-CopyPart-CrossOver-
#58	REDUCE cov: 99 ft: 120 corp: 5/9b lim: 4 exec/s: 0 rss: 48Mb L: 2/3 MS: 5 ChangeBit-ShuffleBytes-ChangeByte-CrossOver-EraseBytes-
#71	REDUCE cov: 99 ft: 120 corp: 5/8b lim: 4 exec/s: 0 rss: 48Mb L: 1/3 MS: 3 ChangeBinInt-ChangeByte-EraseBytes-
#423	REDUCE cov: 99 ft: 120 corp: 5/7b lim: 6 exec/s: 0 rss: 48Mb L: 1/3 MS: 2 CrossOver-EraseBytes-
#520	NEW    cov: 182 ft: 208 corp: 6/13b lim: 6 exec/s: 0 rss: 48Mb L: 6/6 MS: 2 CrossOver-InsertRepeatedBytes-
#709	NEW    cov: 185 ft: 211 corp: 7/19b lim: 6 exec/s: 0 rss: 48Mb L: 6/6 MS: 4 CopyPart-CopyPart-InsertByte-CMP- DE: "\377\377"-
#919	NEW    cov: 204 ft: 241 corp: 8/27b lim: 8 exec/s: 0 rss: 48Mb L: 8/8 MS: 5 InsertByte-ChangeBinInt-CrossOver-ChangeByte-CrossOver-
#988	NEW    cov: 206 ft: 243 corp: 9/34b lim: 8 exec/s: 0 rss: 48Mb L: 7/8 MS: 4 CMP-ChangeByte-CrossOver-CrossOver- DE: "\001\000\000\000"-
#1297	NEW    cov: 207 ft: 244 corp: 10/45b lim: 11 exec/s: 0 rss: 48Mb L: 11/11 MS: 4 InsertRepeatedBytes-ChangeByte-ShuffleBytes-CopyPart-
#1304	REDUCE cov: 207 ft: 244 corp: 10/44b lim: 11 exec/s: 0 rss: 48Mb L: 10/10 MS: 2 CopyPart-EraseBytes-
#1326	NEW    cov: 209 ft: 246 corp: 11/55b lim: 11 exec/s: 0 rss: 48Mb L: 11/11 MS: 2 ChangeBinInt-CopyPart-
#1377	REDUCE cov: 209 ft: 246 corp: 11/51b lim: 11 exec/s: 0 rss: 48Mb L: 6/11 MS: 1 EraseBytes-
#1425	REDUCE cov: 209 ft: 246 corp: 11/50b lim: 11 exec/s: 0 rss: 48Mb L: 6/11 MS: 3 ChangeBinInt-EraseBytes-PersAutoDict- DE: "\001\000"-
#1668	NEW    cov: 245 ft: 297 corp: 12/59b lim: 11 exec/s: 0 rss: 48Mb L: 9/11 MS: 3 ShuffleBytes-ChangeByte-InsertRepeatedBytes-
#1799	NEW    cov: 245 ft: 304 corp: 13/68b lim: 11 exec/s: 0 rss: 48Mb L: 9/11 MS: 1 ChangeBinInt-
#1860	NEW    cov: 245 ft: 319 corp: 14/77b lim: 11 exec/s: 0 rss: 48Mb L: 9/11 MS: 1 ChangeBinInt-
#1976	NEW    cov: 250 ft: 324 corp: 15/86b lim: 11 exec/s: 0 rss: 48Mb L: 9/11 MS: 1 CrossOver-
#2027	NEW    cov: 252 ft: 326 corp: 16/95b lim: 11 exec/s: 0 rss: 48Mb L: 9/11 MS: 1 ShuffleBytes-
#2269	NEW    cov: 252 ft: 333 corp: 17/105b lim: 11 exec/s: 0 rss: 48Mb L: 10/11 MS: 2 CrossOver-PersAutoDict- DE: "\001\000\000\000"-
#2464	NEW    cov: 257 ft: 338 corp: 18/113b lim: 11 exec/s: 0 rss: 48Mb L: 8/11 MS: 5 ChangeByte-ChangeByte-ChangeBinInt-EraseBytes-InsertByte-
#2520	REDUCE cov: 257 ft: 338 corp: 18/112b lim: 11 exec/s: 2520 rss: 48Mb L: 9/11 MS: 1 EraseBytes-
#2551	NEW    cov: 260 ft: 353 corp: 19/122b lim: 11 exec/s: 2551 rss: 48Mb L: 10/11 MS: 1 CopyPart-
#2577	REDUCE cov: 260 ft: 353 corp: 19/120b lim: 11 exec/s: 2577 rss: 48Mb L: 6/11 MS: 1 EraseBytes-
#3354	REDUCE cov: 261 ft: 354 corp: 20/130b lim: 17 exec/s: 3354 rss: 48Mb L: 10/11 MS: 2 InsertByte-CopyPart-
#3357	REDUCE cov: 261 ft: 354 corp: 20/129b lim: 17 exec/s: 3357 rss: 48Mb L: 8/11 MS: 3 EraseBytes-ChangeByte-ShuffleBytes-
#3418	REDUCE cov: 261 ft: 354 corp: 20/127b lim: 17 exec/s: 3418 rss: 48Mb L: 4/11 MS: 1 EraseBytes-
#3569	REDUCE cov: 261 ft: 354 corp: 20/125b lim: 17 exec/s: 3569 rss: 48Mb L: 6/11 MS: 1 EraseBytes-
#4506	REDUCE cov: 261 ft: 354 corp: 20/123b lim: 25 exec/s: 4506 rss: 48Mb L: 8/11 MS: 2 ShuffleBytes-EraseBytes-
#4613	NEW    cov: 262 ft: 355 corp: 21/147b lim: 25 exec/s: 4613 rss: 48Mb L: 24/24 MS: 2 EraseBytes-InsertRepeatedBytes-
#4676	NEW    cov: 263 ft: 356 corp: 22/172b lim: 25 exec/s: 4676 rss: 48Mb L: 25/25 MS: 3 ShuffleBytes-InsertByte-ChangeByte-
#4829	REDUCE cov: 263 ft: 356 corp: 22/167b lim: 25 exec/s: 4829 rss: 48Mb L: 19/25 MS: 3 CopyPart-CrossOver-EraseBytes-
#4841	REDUCE cov: 263 ft: 356 corp: 22/160b lim: 25 exec/s: 4841 rss: 48Mb L: 18/19 MS: 2 CopyPart-EraseBytes-
#4929	REDUCE cov: 265 ft: 358 corp: 23/165b lim: 25 exec/s: 4929 rss: 48Mb L: 5/19 MS: 3 EraseBytes-ChangeBinInt-ShuffleBytes-
#5005	REDUCE cov: 275 ft: 368 corp: 24/172b lim: 25 exec/s: 5005 rss: 48Mb L: 7/19 MS: 1 CrossOver-
#5087	REDUCE cov: 275 ft: 368 corp: 24/171b lim: 25 exec/s: 5087 rss: 48Mb L: 18/18 MS: 2 ShuffleBytes-EraseBytes-
#5351	REDUCE cov: 275 ft: 368 corp: 24/170b lim: 25 exec/s: 5351 rss: 48Mb L: 17/18 MS: 4 ChangeBit-CopyPart-PersAutoDict-EraseBytes- DE: "\377\377"-
#5530	REDUCE cov: 275 ft: 368 corp: 24/164b lim: 25 exec/s: 2765 rss: 48Mb L: 12/17 MS: 4 CrossOver-CrossOver-ChangeBinInt-EraseBytes-
#5706	REDUCE cov: 277 ft: 370 corp: 25/176b lim: 25 exec/s: 2853 rss: 48Mb L: 12/17 MS: 1 CopyPart-
#6582	REDUCE cov: 277 ft: 370 corp: 25/174b lim: 33 exec/s: 3291 rss: 48Mb L: 15/15 MS: 1 EraseBytes-
#6690	REDUCE cov: 277 ft: 370 corp: 25/171b lim: 33 exec/s: 3345 rss: 48Mb L: 12/12 MS: 3 PersAutoDict-InsertRepeatedBytes-EraseBytes- DE: "\377\377"-
#6800	REDUCE cov: 277 ft: 370 corp: 25/168b lim: 33 exec/s: 3400 rss: 48Mb L: 9/12 MS: 5 CopyPart-InsertByte-ChangeByte-ChangeByte-EraseBytes-
#6982	REDUCE cov: 277 ft: 370 corp: 25/166b lim: 33 exec/s: 3491 rss: 48Mb L: 9/12 MS: 2 ShuffleBytes-EraseBytes-
#7100	REDUCE cov: 277 ft: 370 corp: 25/165b lim: 33 exec/s: 3550 rss: 48Mb L: 11/12 MS: 3 ChangeBit-InsertByte-EraseBytes-
#7331	REDUCE cov: 277 ft: 370 corp: 25/164b lim: 33 exec/s: 3665 rss: 48Mb L: 4/12 MS: 1 EraseBytes-
#8182	REDUCE cov: 277 ft: 370 corp: 25/162b lim: 38 exec/s: 4091 rss: 48Mb L: 9/12 MS: 1 EraseBytes-
#8192	pulse  cov: 277 ft: 370 corp: 25/162b lim: 38 exec/s: 4096 rss: 48Mb
#8215	REDUCE cov: 278 ft: 371 corp: 26/170b lim: 38 exec/s: 4107 rss: 48Mb L: 8/12 MS: 3 ChangeBinInt-ChangeByte-ShuffleBytes-
#8751	NEW    cov: 279 ft: 372 corp: 27/177b lim: 43 exec/s: 2917 rss: 48Mb L: 7/12 MS: 1 ChangeBinInt-
#8937	REDUCE cov: 279 ft: 372 corp: 27/176b lim: 43 exec/s: 2979 rss: 48Mb L: 3/12 MS: 1 EraseBytes-
#9263	NEW    cov: 280 ft: 373 corp: 28/185b lim: 43 exec/s: 3087 rss: 48Mb L: 9/12 MS: 1 CopyPart-
#9300	REDUCE cov: 280 ft: 373 corp: 28/184b lim: 43 exec/s: 3100 rss: 48Mb L: 7/12 MS: 2 PersAutoDict-EraseBytes- DE: "\377\377"-
#9431	NEW    cov: 282 ft: 375 corp: 29/192b lim: 43 exec/s: 3143 rss: 48Mb L: 8/12 MS: 1 InsertByte-
#9482	REDUCE cov: 282 ft: 375 corp: 29/191b lim: 43 exec/s: 3160 rss: 48Mb L: 8/12 MS: 1 EraseBytes-
#10213	REDUCE cov: 287 ft: 380 corp: 30/234b lim: 48 exec/s: 3404 rss: 48Mb L: 43/43 MS: 1 InsertRepeatedBytes-
#10320	REDUCE cov: 287 ft: 380 corp: 30/233b lim: 48 exec/s: 3440 rss: 48Mb L: 7/43 MS: 2 InsertByte-EraseBytes-
#11030	NEW    cov: 316 ft: 417 corp: 31/284b lim: 53 exec/s: 3676 rss: 49Mb L: 51/51 MS: 5 InsertByte-InsertRepeatedBytes-ShuffleBytes-EraseBytes-InsertRepeatedBytes-
#11107	NEW    cov: 316 ft: 454 corp: 32/336b lim: 53 exec/s: 3702 rss: 49Mb L: 52/52 MS: 2 CopyPart-InsertByte-
#11149	NEW    cov: 316 ft: 491 corp: 33/389b lim: 53 exec/s: 3716 rss: 49Mb L: 53/53 MS: 2 CrossOver-InsertByte-
#11260	NEW    cov: 317 ft: 492 corp: 34/442b lim: 53 exec/s: 3753 rss: 49Mb L: 53/53 MS: 1 ChangeByte-
#11318	NEW    cov: 321 ft: 496 corp: 35/495b lim: 53 exec/s: 3772 rss: 49Mb L: 53/53 MS: 3 ShuffleBytes-CopyPart-CrossOver-
#11340	NEW    cov: 322 ft: 497 corp: 36/548b lim: 53 exec/s: 3780 rss: 49Mb L: 53/53 MS: 2 CopyPart-ChangeBinInt-
#11363	REDUCE cov: 323 ft: 498 corp: 37/560b lim: 53 exec/s: 3787 rss: 49Mb L: 12/53 MS: 3 PersAutoDict-PersAutoDict-ChangeByte- DE: "\377\377"-"\001\000\000\000"-
#11390	REDUCE cov: 323 ft: 498 corp: 37/558b lim: 53 exec/s: 3796 rss: 49Mb L: 10/53 MS: 2 ChangeBit-EraseBytes-
#11493	NEW    cov: 324 ft: 499 corp: 38/611b lim: 53 exec/s: 3831 rss: 49Mb L: 53/53 MS: 3 CopyPart-CMP-CrossOver- DE: "\377\377\377\377\377\377\377\000"-
#11496	NEW    cov: 325 ft: 501 corp: 39/664b lim: 53 exec/s: 3832 rss: 49Mb L: 53/53 MS: 3 CMP-ShuffleBytes-CopyPart- DE: "local"-
#11518	NEW    cov: 326 ft: 502 corp: 40/717b lim: 53 exec/s: 3839 rss: 49Mb L: 53/53 MS: 2 CopyPart-CopyPart-
#11624	REDUCE cov: 326 ft: 502 corp: 40/716b lim: 53 exec/s: 3874 rss: 49Mb L: 8/53 MS: 1 EraseBytes-
#11632	NEW    cov: 326 ft: 503 corp: 41/769b lim: 53 exec/s: 2908 rss: 49Mb L: 53/53 MS: 3 ChangeBit-ChangeBinInt-PersAutoDict- DE: "\377\377"-
#11706	NEW    cov: 327 ft: 504 corp: 42/820b lim: 53 exec/s: 2926 rss: 49Mb L: 51/53 MS: 4 ShuffleBytes-ChangeByte-ChangeBit-CrossOver-
#11728	REDUCE cov: 327 ft: 504 corp: 42/818b lim: 53 exec/s: 2932 rss: 49Mb L: 8/53 MS: 2 ShuffleBytes-EraseBytes-
#11959	NEW    cov: 327 ft: 505 corp: 43/867b lim: 53 exec/s: 2989 rss: 49Mb L: 49/53 MS: 1 CrossOver-
#11973	REDUCE cov: 327 ft: 505 corp: 43/861b lim: 53 exec/s: 2993 rss: 49Mb L: 45/53 MS: 4 CopyPart-EraseBytes-CopyPart-EraseBytes-
#11988	REDUCE cov: 327 ft: 505 corp: 43/859b lim: 53 exec/s: 2997 rss: 49Mb L: 51/53 MS: 5 CopyPart-ChangeByte-ChangeBinInt-ChangeBinInt-EraseBytes-
#12255	REDUCE cov: 327 ft: 505 corp: 43/858b lim: 53 exec/s: 3063 rss: 49Mb L: 3/53 MS: 2 ChangeBit-EraseBytes-
#12486	NEW    cov: 336 ft: 525 corp: 44/871b lim: 53 exec/s: 3121 rss: 49Mb L: 13/53 MS: 1 CopyPart-
#12533	REDUCE cov: 336 ft: 525 corp: 44/869b lim: 53 exec/s: 3133 rss: 49Mb L: 49/53 MS: 2 ShuffleBytes-EraseBytes-
#12574	NEW    cov: 337 ft: 526 corp: 45/883b lim: 53 exec/s: 3143 rss: 49Mb L: 14/53 MS: 1 InsertByte-
#12965	NEW    cov: 337 ft: 530 corp: 46/892b lim: 53 exec/s: 2593 rss: 49Mb L: 9/53 MS: 1 EraseBytes-
#13491	NEW    cov: 337 ft: 571 corp: 47/947b lim: 58 exec/s: 2698 rss: 49Mb L: 55/55 MS: 1 CrossOver-
#13537	NEW    cov: 337 ft: 612 corp: 48/1005b lim: 58 exec/s: 2707 rss: 49Mb L: 58/58 MS: 1 CrossOver-
#13578	NEW    cov: 337 ft: 613 corp: 49/1063b lim: 58 exec/s: 2715 rss: 49Mb L: 58/58 MS: 1 PersAutoDict- DE: "local"-
#14024	NEW    cov: 338 ft: 614 corp: 50/1117b lim: 58 exec/s: 2804 rss: 49Mb L: 54/58 MS: 1 InsertRepeatedBytes-
#14035	REDUCE cov: 338 ft: 614 corp: 50/1113b lim: 58 exec/s: 2807 rss: 49Mb L: 10/58 MS: 1 EraseBytes-
#14132	NEW    cov: 345 ft: 621 corp: 51/1164b lim: 58 exec/s: 2826 rss: 49Mb L: 51/58 MS: 2 CopyPart-ChangeASCIIInt-
#14192	NEW    cov: 345 ft: 625 corp: 52/1222b lim: 58 exec/s: 2838 rss: 49Mb L: 58/58 MS: 5 InsertRepeatedBytes-CopyPart-CrossOver-ChangeBit-CrossOver-
#14345	NEW    cov: 345 ft: 626 corp: 53/1280b lim: 58 exec/s: 2869 rss: 49Mb L: 58/58 MS: 3 ChangeBinInt-CMP-CopyPart- DE: "\000\000\000\000"-
#14406	NEW    cov: 345 ft: 627 corp: 54/1336b lim: 58 exec/s: 2881 rss: 49Mb L: 56/58 MS: 1 PersAutoDict- DE: "\001\000"-
#14550	NEW    cov: 346 ft: 628 corp: 55/1391b lim: 58 exec/s: 2910 rss: 49Mb L: 55/58 MS: 4 ShuffleBytes-CMP-ChangeBinInt-EraseBytes- DE: "ss"-
#14709	NEW    cov: 346 ft: 630 corp: 56/1446b lim: 58 exec/s: 2941 rss: 49Mb L: 55/58 MS: 4 InsertByte-ChangeBinInt-ChangeASCIIInt-CopyPart-
#15278	REDUCE cov: 346 ft: 630 corp: 56/1445b lim: 63 exec/s: 2546 rss: 49Mb L: 52/58 MS: 4 EraseBytes-ChangeByte-ShuffleBytes-CMP- DE: "mm"-
#15357	NEW    cov: 346 ft: 631 corp: 57/1506b lim: 63 exec/s: 2559 rss: 49Mb L: 61/61 MS: 4 PersAutoDict-InsertByte-InsertByte-CrossOver- DE: "\000\000\000\000"-
#15567	NEW    cov: 347 ft: 632 corp: 58/1565b lim: 63 exec/s: 2594 rss: 49Mb L: 59/61 MS: 5 EraseBytes-ChangeByte-InsertRepeatedBytes-InsertRepeatedBytes-CMP- DE: "HH"-
#15835	REDUCE cov: 347 ft: 632 corp: 58/1562b lim: 63 exec/s: 2639 rss: 49Mb L: 55/61 MS: 3 ChangeBit-CopyPart-EraseBytes-
#16000	NEW    cov: 349 ft: 634 corp: 59/1624b lim: 63 exec/s: 2666 rss: 49Mb L: 62/62 MS: 5 ChangeBinInt-ChangeByte-ChangeByte-CMP-InsertRepeatedBytes- DE: "Do"-
#16033	NEW    cov: 350 ft: 635 corp: 60/1680b lim: 63 exec/s: 2672 rss: 49Mb L: 56/62 MS: 3 ShuffleBytes-ChangeByte-ChangeBit-
#16072	NEW    cov: 351 ft: 636 corp: 61/1739b lim: 63 exec/s: 2678 rss: 49Mb L: 59/62 MS: 4 PersAutoDict-CMP-ShuffleBytes-PersAutoDict- DE: "\377\377"-"\001\000\000\000"-"mm"-
#16138	NEW    cov: 351 ft: 638 corp: 62/1801b lim: 63 exec/s: 2689 rss: 49Mb L: 62/62 MS: 1 CopyPart-
#16354	REDUCE cov: 351 ft: 638 corp: 62/1800b lim: 63 exec/s: 2725 rss: 49Mb L: 55/62 MS: 1 EraseBytes-
#16384	pulse  cov: 351 ft: 638 corp: 62/1800b lim: 63 exec/s: 2730 rss: 49Mb
#16574	REDUCE cov: 351 ft: 639 corp: 63/1860b lim: 63 exec/s: 2762 rss: 49Mb L: 60/62 MS: 5 ShuffleBytes-InsertRepeatedBytes-ChangeBit-InsertRepeatedBytes-CrossOver-
#16723	NEW    cov: 351 ft: 640 corp: 64/1921b lim: 63 exec/s: 2787 rss: 49Mb L: 61/62 MS: 4 CMP-ChangeBit-ChangeByte-InsertByte- DE: "Do"-
#16838	NEW    cov: 352 ft: 641 corp: 65/1979b lim: 63 exec/s: 2806 rss: 49Mb L: 58/62 MS: 5 PersAutoDict-CrossOver-CMP-CopyPart-EraseBytes- DE: "mm"-"A\000\000\000/"-
#16840	NEW    cov: 356 ft: 645 corp: 66/2034b lim: 63 exec/s: 2806 rss: 49Mb L: 55/62 MS: 2 CrossOver-CMP- DE: "Do"-
#16959	NEW    cov: 357 ft: 646 corp: 67/2094b lim: 63 exec/s: 2826 rss: 49Mb L: 60/62 MS: 4 InsertRepeatedBytes-CMP-CrossOver-ChangeByte- DE: "\330\017\000\000\000\000\000\000"-
#17072	REDUCE cov: 357 ft: 647 corp: 68/2156b lim: 63 exec/s: 2845 rss: 49Mb L: 62/62 MS: 3 CMP-CopyPart-InsertRepeatedBytes- DE: "\001\000"-
#17121	NEW    cov: 358 ft: 648 corp: 69/2218b lim: 63 exec/s: 2853 rss: 49Mb L: 62/62 MS: 4 CrossOver-ChangeBinInt-ChangeBinInt-InsertRepeatedBytes-
#17174	REDUCE cov: 358 ft: 652 corp: 70/2275b lim: 63 exec/s: 2862 rss: 49Mb L: 57/62 MS: 3 CrossOver-CopyPart-ChangeByte-
#17214	NEW    cov: 365 ft: 659 corp: 71/2336b lim: 63 exec/s: 2869 rss: 49Mb L: 61/62 MS: 5 EraseBytes-ShuffleBytes-ChangeBit-CrossOver-ChangeBinInt-
#17400	NEW    cov: 365 ft: 663 corp: 72/2397b lim: 63 exec/s: 2900 rss: 49Mb L: 61/62 MS: 1 CMP- DE: "\001\000\000\000"-
#17559	REDUCE cov: 365 ft: 663 corp: 72/2392b lim: 63 exec/s: 2926 rss: 49Mb L: 55/62 MS: 4 ChangeBit-CopyPart-ChangeBit-EraseBytes-
#17576	NEW    cov: 365 ft: 664 corp: 73/2450b lim: 63 exec/s: 2929 rss: 49Mb L: 58/62 MS: 2 InsertByte-ChangeByte-
#17582	NEW    cov: 368 ft: 667 corp: 74/2505b lim: 63 exec/s: 2930 rss: 49Mb L: 55/62 MS: 1 ChangeBinInt-
#17879	NEW    cov: 368 ft: 668 corp: 75/2564b lim: 63 exec/s: 2979 rss: 49Mb L: 59/62 MS: 2 ChangeASCIIInt-ShuffleBytes-
#17906	REDUCE cov: 368 ft: 668 corp: 75/2560b lim: 63 exec/s: 2984 rss: 49Mb L: 56/62 MS: 2 PersAutoDict-EraseBytes- DE: "Do"-
#17967	NEW    cov: 368 ft: 669 corp: 76/2622b lim: 63 exec/s: 2994 rss: 49Mb L: 62/62 MS: 1 CrossOver-
#18129	REDUCE cov: 368 ft: 669 corp: 76/2621b lim: 63 exec/s: 2589 rss: 49Mb L: 7/62 MS: 2 ShuffleBytes-EraseBytes-
#18132	REDUCE cov: 368 ft: 669 corp: 76/2619b lim: 63 exec/s: 2590 rss: 49Mb L: 59/62 MS: 3 ChangeBinInt-EraseBytes-CMP- DE: "DD"-
#18307	REDUCE cov: 368 ft: 670 corp: 77/2676b lim: 63 exec/s: 2615 rss: 49Mb L: 57/62 MS: 5 InsertByte-ChangeByte-ChangeBinInt-ChangeByte-CopyPart-
#18318	NEW    cov: 368 ft: 674 corp: 78/2738b lim: 63 exec/s: 2616 rss: 49Mb L: 62/62 MS: 1 CopyPart-
#18528	REDUCE cov: 368 ft: 674 corp: 78/2735b lim: 63 exec/s: 2646 rss: 49Mb L: 59/62 MS: 5 ChangeByte-CMP-PersAutoDict-ChangeBinInt-EraseBytes- DE: "\371\003\000\000\000\000\000\000"-"A\000\000\000/"-
#18715	REDUCE cov: 368 ft: 674 corp: 78/2734b lim: 63 exec/s: 2673 rss: 49Mb L: 11/62 MS: 2 CrossOver-CrossOver-
#18757	NEW    cov: 369 ft: 675 corp: 79/2792b lim: 63 exec/s: 2679 rss: 49Mb L: 58/62 MS: 2 CMP-ShuffleBytes- DE: "MM"-
#18886	REDUCE cov: 369 ft: 675 corp: 79/2788b lim: 63 exec/s: 2698 rss: 49Mb L: 52/62 MS: 4 ShuffleBytes-PersAutoDict-ChangeBit-EraseBytes- DE: "\000\000\000\000"-
#19013	NEW    cov: 369 ft: 678 corp: 80/2851b lim: 63 exec/s: 2716 rss: 49Mb L: 63/63 MS: 2 CMP-CopyPart- DE: "\011\000\000\000\000\000\000\000"-
#19541	NEW    cov: 369 ft: 692 corp: 81/2919b lim: 68 exec/s: 2791 rss: 49Mb L: 68/68 MS: 3 ShuffleBytes-InsertByte-CrossOver-
#19775	NEW    cov: 370 ft: 693 corp: 82/2975b lim: 68 exec/s: 2825 rss: 49Mb L: 56/68 MS: 4 CopyPart-CMP-ChangeBit-CrossOver- DE: "YY"-
#19780	REDUCE cov: 370 ft: 693 corp: 82/2974b lim: 68 exec/s: 2825 rss: 49Mb L: 60/68 MS: 5 CMP-InsertByte-EraseBytes-ChangeBinInt-InsertRepeatedBytes- DE: "\000\000"-
#19808	NEW    cov: 370 ft: 720 corp: 83/3040b lim: 68 exec/s: 2829 rss: 49Mb L: 66/68 MS: 3 InsertRepeatedBytes-ChangeBit-InsertRepeatedBytes-
#19874	NEW    cov: 370 ft: 721 corp: 84/3106b lim: 68 exec/s: 2839 rss: 49Mb L: 66/68 MS: 1 CopyPart-
#19979	NEW    cov: 372 ft: 723 corp: 85/3173b lim: 68 exec/s: 2854 rss: 49Mb L: 67/68 MS: 5 CopyPart-InsertByte-InsertByte-CrossOver-CopyPart-
#20076	NEW    cov: 372 ft: 724 corp: 86/3236b lim: 68 exec/s: 2868 rss: 49Mb L: 63/68 MS: 2 InsertByte-CopyPart-
#20228	NEW    cov: 372 ft: 725 corp: 87/3304b lim: 68 exec/s: 2889 rss: 49Mb L: 68/68 MS: 2 ChangeBinInt-InsertRepeatedBytes-
#20343	REDUCE cov: 372 ft: 725 corp: 87/3299b lim: 68 exec/s: 2906 rss: 49Mb L: 54/68 MS: 5 InsertRepeatedBytes-InsertRepeatedBytes-ChangeBit-CMP-EraseBytes- DE: "\001\000\000\000\000\000\000\014"-
#20396	REDUCE cov: 372 ft: 726 corp: 88/3366b lim: 68 exec/s: 2913 rss: 49Mb L: 67/68 MS: 3 ChangeByte-ChangeByte-InsertRepeatedBytes-
#20543	NEW    cov: 373 ft: 727 corp: 89/3428b lim: 68 exec/s: 2934 rss: 49Mb L: 62/68 MS: 2 ShuffleBytes-ChangeByte-
#20588	REDUCE cov: 373 ft: 727 corp: 89/3424b lim: 68 exec/s: 2941 rss: 49Mb L: 56/68 MS: 5 EraseBytes-PersAutoDict-CopyPart-ChangeByte-EraseBytes- DE: "ss"-
#20685	NEW    cov: 374 ft: 728 corp: 90/3480b lim: 68 exec/s: 2955 rss: 49Mb L: 56/68 MS: 2 ChangeByte-CrossOver-
#20686	REDUCE cov: 374 ft: 728 corp: 90/3474b lim: 68 exec/s: 2955 rss: 49Mb L: 49/68 MS: 1 EraseBytes-
#20793	NEW    cov: 375 ft: 729 corp: 91/3538b lim: 68 exec/s: 2970 rss: 49Mb L: 64/68 MS: 2 InsertByte-InsertRepeatedBytes-
#20865	NEW    cov: 375 ft: 730 corp: 92/3604b lim: 68 exec/s: 2980 rss: 49Mb L: 66/68 MS: 2 EraseBytes-CopyPart-
#20911	NEW    cov: 376 ft: 731 corp: 93/3671b lim: 68 exec/s: 2987 rss: 49Mb L: 67/68 MS: 1 InsertRepeatedBytes-
#20929	REDUCE cov: 376 ft: 731 corp: 93/3670b lim: 68 exec/s: 2989 rss: 49Mb L: 6/68 MS: 3 ChangeBit-ShuffleBytes-EraseBytes-
#20954	NEW    cov: 376 ft: 732 corp: 94/3729b lim: 68 exec/s: 2993 rss: 49Mb L: 59/68 MS: 5 ChangeBit-EraseBytes-CopyPart-ChangeASCIIInt-InsertRepeatedBytes-
#21309	REDUCE cov: 376 ft: 733 corp: 95/3788b lim: 68 exec/s: 3044 rss: 49Mb L: 59/68 MS: 5 InsertRepeatedBytes-EraseBytes-ChangeBit-EraseBytes-CopyPart-
#21419	REDUCE cov: 376 ft: 733 corp: 95/3787b lim: 68 exec/s: 3059 rss: 49Mb L: 57/68 MS: 5 ShuffleBytes-EraseBytes-CopyPart-ChangeBit-InsertByte-
#21433	REDUCE cov: 376 ft: 734 corp: 96/3844b lim: 68 exec/s: 3061 rss: 49Mb L: 57/68 MS: 4 InsertByte-ChangeByte-InsertRepeatedBytes-EraseBytes-
#21581	REDUCE cov: 376 ft: 734 corp: 96/3843b lim: 68 exec/s: 2697 rss: 49Mb L: 60/68 MS: 3 ShuffleBytes-ChangeByte-EraseBytes-
#21706	NEW    cov: 378 ft: 736 corp: 97/3911b lim: 68 exec/s: 2713 rss: 49Mb L: 68/68 MS: 5 InsertRepeatedBytes-EraseBytes-ChangeByte-ChangeBinInt-CMP- DE: "HH"-
#21805	REDUCE cov: 378 ft: 736 corp: 97/3907b lim: 68 exec/s: 2725 rss: 49Mb L: 58/68 MS: 4 ChangeBinInt-ChangeByte-CopyPart-EraseBytes-
#21819	REDUCE cov: 378 ft: 736 corp: 97/3905b lim: 68 exec/s: 2727 rss: 49Mb L: 51/68 MS: 4 PersAutoDict-ShuffleBytes-ChangeBit-EraseBytes- DE: "\371\003\000\000\000\000\000\000"-
#21891	NEW    cov: 379 ft: 737 corp: 98/3969b lim: 68 exec/s: 2736 rss: 49Mb L: 64/68 MS: 2 InsertByte-InsertByte-
#22132	REDUCE cov: 379 ft: 737 corp: 98/3968b lim: 68 exec/s: 2766 rss: 49Mb L: 61/68 MS: 1 EraseBytes-
#22202	REDUCE cov: 379 ft: 738 corp: 99/4034b lim: 68 exec/s: 2775 rss: 49Mb L: 66/68 MS: 5 CMP-CrossOver-ShuffleBytes-CrossOver-CrossOver- DE: "ddd"-
#22250	NEW    cov: 379 ft: 739 corp: 100/4097b lim: 68 exec/s: 2781 rss: 49Mb L: 63/68 MS: 3 ChangeBinInt-CopyPart-CMP- DE: "local"-
#22332	NEW    cov: 381 ft: 742 corp: 101/4163b lim: 68 exec/s: 2791 rss: 49Mb L: 66/68 MS: 2 PersAutoDict-CopyPart- DE: "ddd"-
#22429	NEW    cov: 381 ft: 743 corp: 102/4229b lim: 68 exec/s: 2803 rss: 49Mb L: 66/68 MS: 2 InsertRepeatedBytes-InsertRepeatedBytes-
#22448	NEW    cov: 385 ft: 747 corp: 103/4287b lim: 68 exec/s: 2806 rss: 49Mb L: 58/68 MS: 4 ChangeBit-ShuffleBytes-ChangeBit-ChangeBinInt-
#22747	NEW    cov: 385 ft: 749 corp: 104/4354b lim: 68 exec/s: 2843 rss: 49Mb L: 67/68 MS: 4 EraseBytes-CopyPart-CrossOver-InsertRepeatedBytes-
#22815	NEW    cov: 385 ft: 750 corp: 105/4422b lim: 68 exec/s: 2851 rss: 49Mb L: 68/68 MS: 3 ChangeBinInt-CopyPart-CopyPart-
#22974	REDUCE cov: 385 ft: 750 corp: 105/4420b lim: 68 exec/s: 2871 rss: 49Mb L: 58/68 MS: 4 ShuffleBytes-ChangeBit-ChangeBinInt-EraseBytes-
#23316	REDUCE cov: 385 ft: 750 corp: 105/4418b lim: 68 exec/s: 2914 rss: 49Mb L: 57/68 MS: 2 InsertByte-EraseBytes-
#23479	REDUCE cov: 385 ft: 750 corp: 105/4413b lim: 68 exec/s: 2934 rss: 49Mb L: 61/68 MS: 3 EraseBytes-ChangeBit-InsertByte-
#23575	NEW    cov: 386 ft: 751 corp: 106/4477b lim: 68 exec/s: 2946 rss: 49Mb L: 64/68 MS: 1 InsertByte-
#23621	REDUCE cov: 386 ft: 751 corp: 106/4473b lim: 68 exec/s: 2952 rss: 49Mb L: 55/68 MS: 1 EraseBytes-
#23790	REDUCE cov: 386 ft: 751 corp: 106/4472b lim: 68 exec/s: 2973 rss: 49Mb L: 58/68 MS: 4 CMP-CrossOver-CopyPart-EraseBytes- DE: "\000\000\000\000\000\000\000\000"-
#23846	REDUCE cov: 386 ft: 751 corp: 106/4471b lim: 68 exec/s: 2980 rss: 49Mb L: 6/68 MS: 1 EraseBytes-
#23963	NEW    cov: 386 ft: 752 corp: 107/4530b lim: 68 exec/s: 2662 rss: 49Mb L: 59/68 MS: 2 CopyPart-EraseBytes-
#23965	REDUCE cov: 386 ft: 752 corp: 107/4529b lim: 68 exec/s: 2662 rss: 49Mb L: 65/68 MS: 2 ShuffleBytes-EraseBytes-
#24131	REDUCE cov: 386 ft: 752 corp: 107/4527b lim: 68 exec/s: 2681 rss: 49Mb L: 53/68 MS: 1 EraseBytes-
#24576	REDUCE cov: 386 ft: 752 corp: 107/4522b lim: 68 exec/s: 2730 rss: 49Mb L: 54/68 MS: 5 InsertRepeatedBytes-CrossOver-InsertByte-ChangeByte-EraseBytes-
#24602	REDUCE cov: 386 ft: 752 corp: 107/4517b lim: 68 exec/s: 2733 rss: 49Mb L: 57/68 MS: 1 EraseBytes-
#24653	NEW    cov: 386 ft: 753 corp: 108/4580b lim: 68 exec/s: 2739 rss: 49Mb L: 63/68 MS: 1 ChangeBinInt-
#24689	REDUCE cov: 386 ft: 753 corp: 108/4574b lim: 68 exec/s: 2743 rss: 49Mb L: 61/68 MS: 1 EraseBytes-
#24882	REDUCE cov: 386 ft: 753 corp: 108/4572b lim: 68 exec/s: 2764 rss: 50Mb L: 64/68 MS: 3 ShuffleBytes-ShuffleBytes-EraseBytes-
#24974	NEW    cov: 386 ft: 754 corp: 109/4635b lim: 68 exec/s: 2774 rss: 50Mb L: 63/68 MS: 2 ChangeByte-ShuffleBytes-
#25243	REDUCE cov: 386 ft: 754 corp: 109/4632b lim: 68 exec/s: 2804 rss: 50Mb L: 61/68 MS: 4 ShuffleBytes-ChangeByte-CrossOver-EraseBytes-
#25369	REDUCE cov: 386 ft: 754 corp: 109/4631b lim: 68 exec/s: 2818 rss: 50Mb L: 6/68 MS: 1 EraseBytes-
#25424	REDUCE cov: 386 ft: 755 corp: 110/4697b lim: 68 exec/s: 2824 rss: 50Mb L: 66/68 MS: 5 CopyPart-ShuffleBytes-ChangeBit-InsertRepeatedBytes-CopyPart-
#25465	REDUCE cov: 386 ft: 755 corp: 110/4692b lim: 68 exec/s: 2829 rss: 50Mb L: 61/68 MS: 1 EraseBytes-
#25853	NEW    cov: 388 ft: 757 corp: 111/4750b lim: 68 exec/s: 2872 rss: 50Mb L: 58/68 MS: 3 ShuffleBytes-CMP-ChangeBinInt- DE: "\377\377\377\377\377\377\000\301"-
#25907	REDUCE cov: 389 ft: 758 corp: 112/4806b lim: 68 exec/s: 2878 rss: 50Mb L: 56/68 MS: 4 ChangeByte-CrossOver-ChangeByte-CMP- DE: "ZZZ"-
#26467	REDUCE cov: 389 ft: 758 corp: 112/4805b lim: 68 exec/s: 2940 rss: 50Mb L: 63/68 MS: 5 ChangeBit-InsertByte-ChangeByte-ChangeByte-EraseBytes-
#26509	REDUCE cov: 389 ft: 758 corp: 112/4804b lim: 68 exec/s: 2650 rss: 50Mb L: 61/68 MS: 2 ChangeBit-EraseBytes-
#26575	REDUCE cov: 389 ft: 758 corp: 112/4803b lim: 68 exec/s: 2657 rss: 50Mb L: 10/68 MS: 1 EraseBytes-
#26705	NEW    cov: 390 ft: 759 corp: 113/4870b lim: 68 exec/s: 2670 rss: 50Mb L: 67/68 MS: 5 InsertRepeatedBytes-ChangeBinInt-ChangeBit-PersAutoDict-CrossOver- DE: "ss"-
#26991	REDUCE cov: 390 ft: 759 corp: 113/4869b lim: 68 exec/s: 2699 rss: 50Mb L: 55/68 MS: 1 EraseBytes-
#27104	REDUCE cov: 390 ft: 759 corp: 113/4863b lim: 68 exec/s: 2710 rss: 50Mb L: 60/68 MS: 3 CopyPart-ChangeBit-EraseBytes-
#27111	REDUCE cov: 390 ft: 760 corp: 114/4927b lim: 68 exec/s: 2711 rss: 50Mb L: 64/68 MS: 2 InsertRepeatedBytes-ChangeBit-
#27214	NEW    cov: 392 ft: 762 corp: 115/4988b lim: 68 exec/s: 2721 rss: 50Mb L: 61/68 MS: 3 CMP-ChangeByte-CMP- DE: "\003\000\000\000\000\000\000\000"-"MMM"-
#27236	NEW    cov: 393 ft: 763 corp: 116/5056b lim: 68 exec/s: 2723 rss: 50Mb L: 68/68 MS: 2 ChangeBit-CopyPart-
#27334	REDUCE cov: 393 ft: 763 corp: 116/5053b lim: 68 exec/s: 2733 rss: 50Mb L: 5/68 MS: 3 InsertByte-CopyPart-EraseBytes-
#27463	NEW    cov: 394 ft: 764 corp: 117/5121b lim: 68 exec/s: 2746 rss: 50Mb L: 68/68 MS: 4 ShuffleBytes-PersAutoDict-ChangeByte-CrossOver- DE: "\330\017\000\000\000\000\000\000"-
#27655	NEW    cov: 396 ft: 766 corp: 118/5189b lim: 68 exec/s: 2765 rss: 50Mb L: 68/68 MS: 2 CopyPart-ChangeBit-
#27896	NEW    cov: 396 ft: 767 corp: 119/5256b lim: 68 exec/s: 2789 rss: 50Mb L: 67/68 MS: 1 InsertRepeatedBytes-
#27994	REDUCE cov: 396 ft: 774 corp: 120/5323b lim: 68 exec/s: 2799 rss: 50Mb L: 67/68 MS: 3 ChangeBit-CMP-ChangeBinInt- DE: "ZZZ"-
#28050	REDUCE cov: 396 ft: 774 corp: 120/5321b lim: 68 exec/s: 2805 rss: 50Mb L: 66/68 MS: 1 EraseBytes-
#28362	NEW    cov: 397 ft: 775 corp: 121/5384b lim: 68 exec/s: 2836 rss: 50Mb L: 63/68 MS: 2 PersAutoDict-ChangeByte- DE: "ss"-
#28521	REDUCE cov: 398 ft: 776 corp: 122/5449b lim: 68 exec/s: 2852 rss: 50Mb L: 65/68 MS: 4 ChangeBinInt-CrossOver-InsertByte-CMP- DE: "ZZZ"-
#28556	REDUCE cov: 398 ft: 776 corp: 122/5447b lim: 68 exec/s: 2855 rss: 50Mb L: 59/68 MS: 5 InsertRepeatedBytes-ChangeBit-ChangeBit-CrossOver-EraseBytes-
#28838	REDUCE cov: 398 ft: 776 corp: 122/5443b lim: 68 exec/s: 2883 rss: 50Mb L: 59/68 MS: 2 InsertByte-EraseBytes-
#28912	NEW    cov: 398 ft: 777 corp: 123/5505b lim: 68 exec/s: 2891 rss: 50Mb L: 62/68 MS: 4 ChangeByte-InsertByte-CopyPart-ShuffleBytes-
#29090	REDUCE cov: 398 ft: 777 corp: 123/5504b lim: 68 exec/s: 2909 rss: 50Mb L: 60/68 MS: 3 CrossOver-ChangeByte-EraseBytes-
#29090	DONE   cov: 398 ft: 777 corp: 123/5504b lim: 68 exec/s: 2644 rss: 50Mb
###### Recommended dictionary. ######
"\001\000" # Uses: 515
"\377\377" # Uses: 481
"\001\000\000\000" # Uses: 433
"\377\377\377\377\377\377\377\000" # Uses: 122
"local" # Uses: 119
"\000\000\000\000" # Uses: 74
"ss" # Uses: 85
"mm" # Uses: 80
"HH" # Uses: 76
"Do" # Uses: 51
"A\000\000\000/" # Uses: 53
"\330\017\000\000\000\000\000\000" # Uses: 38
"DD" # Uses: 40
"\371\003\000\000\000\000\000\000" # Uses: 41
"MM" # Uses: 46
"\011\000\000\000\000\000\000\000" # Uses: 43
"YY" # Uses: 43
"\000\000" # Uses: 36
"\001\000\000\000\000\000\000\014" # Uses: 32
"ddd" # Uses: 25
"\000\000\000\000\000\000\000\000" # Uses: 17
"\377\377\377\377\377\377\000\301" # Uses: 10
"ZZZ" # Uses: 14
"\003\000\000\000\000\000\000\000" # Uses: 4
"MMM" # Uses: 4
###### End of recommended dictionary. ######
Done 29090 runs in 11 second(s)
