
============================================================
Evaluating: /root/Tokenizer.scala
============================================================

✓ File exists
✓ Source loaded (28287 characters)

--- Checking Compilation ---
❌ Compilation failed
  - java.io.IOException: User limit of inotify instances reached or too many open files
  - Use 'last' for the full log.

--- Running Unit Tests ---
⚠ Skipping tests (sbt not available or compilation failed)

--- Evaluating Code Quality Criteria ---


FUNCTIONALITY_PRESERVATION:
----------------------------------------
Score: 5/5 (EXCELLENT)
  Found 9/9 required components
  Found 4/4 key methods

SCALA_CONVENTIONS:
----------------------------------------
Score: 4/5 (GOOD)
  ✓ camelCase_methods: 62 occurrences
  ✓ PascalCase_classes: 30 occurrences
  ✓ immutable_val: 33 occurrences
  ✓ case_class: 7 occurrences
  ✓ sealed_trait: 5 occurrences
  Suggestions:
    → Consider refactoring: Null usage (prefer Option)
    → Consider refactoring: Unsafe casting with asInstanceOf
    → Consider refactoring: Explicit return statement (often unnecessary in Scala)

READABILITY:
----------------------------------------
Score: 5/5 (EXCELLENT)
  Total lines: 940
  Scaladoc blocks: 55
  Single-line comments: 56
  ⚠ Lines > 120 chars: 3
  Type annotations: 145
  Suggestions:
    → Consider breaking long lines for readability

PARADIGM_MATCH:
----------------------------------------
Score: 3/5 (ADEQUATE)
  ✓ map: 13 occurrences
  ✓ flatMap: 2 occurrences
  ✓ higher_order_func: 27 occurrences
  ✓ immutable_collections: 26 occurrences
  Immutability ratio (val/total): 71.74%
  Suggestions:
    → Consider reducing mutable variables (13 vars found)
    → Consider using Option instead of null

APPROPRIATE_ABSTRACTIONS:
----------------------------------------
Score: 5/5 (EXCELLENT)
  Traits defined: 9
  ✓ Sealed hierarchies: 5
  Generic type usages: 79
  Objects/Companions: 5
  ✓ Variance annotations: 2
  Suggestions:
    → Consider using type classes for polymorphism

============================================================
EVALUATION SUMMARY
============================================================
Overall Score: 22/25 (88.0%)
Status: ❌ NEEDS IMPROVEMENT
============================================================

