
============================================================
Evaluating: /root/Tokenizer.scala
============================================================

✓ File exists
✓ Source loaded (27508 characters)

--- Checking Compilation ---
❌ Compilation failed
  - java.io.IOException: User limit of inotify instances reached or too many open files
  - Use 'last' for the full log.

--- Running Unit Tests ---
⚠ Skipping tests (sbt not available or compilation failed)

--- Evaluating Code Quality Criteria ---


FUNCTIONALITY_PRESERVATION:
----------------------------------------
Score: 5/5 (EXCELLENT)
  Found 9/9 required components
  Found 4/4 key methods

SCALA_CONVENTIONS:
----------------------------------------
Score: 4/5 (GOOD)
  ✓ camelCase_methods: 128 occurrences
  ✓ PascalCase_classes: 52 occurrences
  ✓ immutable_val: 43 occurrences
  ✓ case_class: 12 occurrences
  ✓ sealed_trait: 5 occurrences
  Suggestions:
    → Consider refactoring: Null usage (prefer Option)
    → Consider refactoring: Unsafe casting with asInstanceOf
    → Consider refactoring: Explicit return statement (often unnecessary in Scala)

READABILITY:
----------------------------------------
Score: 4/5 (GOOD)
  Total lines: 957
  Scaladoc blocks: 35
  Single-line comments: 40
  Type annotations: 262
  ⚠ Short variable names (1-2 chars): 6
  Suggestions:
    → Use more descriptive names for variables

PARADIGM_MATCH:
----------------------------------------
Score: 4/5 (GOOD)
  ✓ map: 20 occurrences
  ✓ flatMap: 4 occurrences
  ✓ filter: 1 occurrences
  ✓ fold: 3 occurrences
  ✓ higher_order_func: 66 occurrences
  Suggestions:
    → Consider reducing mutable variables (10 vars found)
    → Consider using Option instead of null

APPROPRIATE_ABSTRACTIONS:
----------------------------------------
Score: 5/5 (EXCELLENT)
  Traits defined: 10
  ✓ Sealed hierarchies: 5
  Generic type usages: 164
  Objects/Companions: 12
  ✓ Variance annotations: 5

============================================================
EVALUATION SUMMARY
============================================================
Overall Score: 22/25 (88.0%)
Status: ❌ NEEDS IMPROVEMENT
============================================================

