
============================================================
Evaluating: /root/Tokenizer.scala
============================================================

✓ File exists
✓ Source loaded (14896 characters)

--- Checking Compilation ---
❌ Compilation failed
  - /root/localtest/src/main/scala/tokenizer/Tokenizer.scala:150:15: pattern type is incompatible with expected type;
  - found   : Double
  - required: Number
  - case d: Double =>
  - ^

--- Running Unit Tests ---
⚠ Skipping tests (sbt not available or compilation failed)

--- Evaluating Code Quality Criteria ---


FUNCTIONALITY_PRESERVATION:
----------------------------------------
Score: 4/5 (GOOD)
  Found 9/9 required components
  Found 3/4 key methods

SCALA_CONVENTIONS:
----------------------------------------
Score: 5/5 (EXCELLENT)
  ✓ camelCase_methods: 55 occurrences
  ✓ PascalCase_classes: 36 occurrences
  ✓ immutable_val: 37 occurrences
  ✓ case_class: 7 occurrences
  ✓ sealed_trait: 3 occurrences
  Suggestions:
    → Consider refactoring: Null usage (prefer Option)
    → Consider refactoring: Explicit return statement (often unnecessary in Scala)

READABILITY:
----------------------------------------
Score: 5/5 (EXCELLENT)
  Total lines: 464
  Scaladoc blocks: 0
  Single-line comments: 50
  ⚠ Lines > 120 chars: 1
  Type annotations: 125
  Suggestions:
    → Consider breaking long lines for readability

PARADIGM_MATCH:
----------------------------------------
Score: 4/5 (GOOD)
  ✓ map: 10 occurrences
  ✓ flatMap: 2 occurrences
  ✓ filter: 1 occurrences
  ✓ higher_order_func: 29 occurrences
  ✓ immutable_collections: 15 occurrences
  Suggestions:
    → Consider reducing mutable variables (7 vars found)
    → Consider using Option instead of null

APPROPRIATE_ABSTRACTIONS:
----------------------------------------
Score: 5/5 (EXCELLENT)
  Traits defined: 6
  ✓ Sealed hierarchies: 3
  Generic type usages: 53
  Objects/Companions: 2
  ✓ Variance annotations: 3
  Suggestions:
    → Consider using type classes for polymorphism

============================================================
EVALUATION SUMMARY
============================================================
Overall Score: 23/25 (92.0%)
Status: ❌ NEEDS IMPROVEMENT
============================================================

