
============================================================
Evaluating: /root/Tokenizer.scala
============================================================

✓ File exists
✓ Source loaded (12431 characters)

--- Checking Compilation ---
❌ Compilation failed
  - java.io.IOException: User limit of inotify instances reached or too many open files
  - Use 'last' for the full log.

--- Running Unit Tests ---
⚠ Skipping tests (sbt not available or compilation failed)

--- Evaluating Code Quality Criteria ---


FUNCTIONALITY_PRESERVATION:
----------------------------------------
Score: 4/5 (GOOD)
  Found 9/9 required components
  Found 3/4 key methods

SCALA_CONVENTIONS:
----------------------------------------
Score: 4/5 (GOOD)
  ✓ camelCase_methods: 44 occurrences
  ✓ PascalCase_classes: 35 occurrences
  ✓ immutable_val: 38 occurrences
  ✓ case_class: 6 occurrences
  ✓ sealed_trait: 2 occurrences
  Suggestions:
    → Consider refactoring: Null usage (prefer Option)
    → Consider refactoring: Explicit return statement (often unnecessary in Scala)

READABILITY:
----------------------------------------
Score: 5/5 (EXCELLENT)
  Total lines: 411
  Scaladoc blocks: 0
  Single-line comments: 37
  ⚠ Lines > 120 chars: 1
  Type annotations: 103
  Suggestions:
    → Consider breaking long lines for readability

PARADIGM_MATCH:
----------------------------------------
Score: 4/5 (GOOD)
  ✓ map: 4 occurrences
  ✓ higher_order_func: 19 occurrences
  ✓ immutable_collections: 13 occurrences
  Immutability ratio (val/total): 84.44%
  Option usage: 10, null usage: 3
  Suggestions:
    → Consider reducing mutable variables (7 vars found)
    → Consider using Option instead of null

APPROPRIATE_ABSTRACTIONS:
----------------------------------------
Score: 5/5 (EXCELLENT)
  Traits defined: 5
  ✓ Sealed hierarchies: 2
  Generic type usages: 54
  Objects/Companions: 2
  ✓ Variance annotations: 3
  Suggestions:
    → Consider using type classes for polymorphism

============================================================
EVALUATION SUMMARY
============================================================
Overall Score: 22/25 (88.0%)
Status: ❌ NEEDS IMPROVEMENT
============================================================

