
============================================================
Evaluating: /root/Tokenizer.scala
============================================================

✓ File exists
✓ Source loaded (0 characters)

--- Checking Compilation ---
✓ Compilation successful

--- Running Unit Tests ---
[info] welcome to sbt 1.12.1 (Ubuntu Java 21.0.9)
[info] loading project definition from /root/localtest/project
[info] loading settings for project root from build.sbt...
[info] set current project to scala-tokenizer (in build file:/root/localtest/)
[info] compiling 1 Scala source to /root/localtest/target/scala-2.13/test-classes ...
[error] /root/localtest/src/test/scala/tokenizer/Tokenizertest.scala:19:5: not found: value TokenType
[error]     TokenType.STRING.value shouldBe "string"
[error]     ^
[error] /root/localtest/src/test/scala/tokenizer/Tokenizertest.scala:20:5: not found: value TokenType
[error]     TokenType.NUMERIC.value shouldBe "numeric"
[error]     ^
[error] /root/localtest/src/test/scala/tokenizer/Tokenizertest.scala:21:5: not found: value TokenType
[error]     TokenType.TEMPORAL.value shouldBe "temporal"
[error]     ^
[error] /root/localtest/src/test/scala/tokenizer/Tokenizertest.scala:22:5: not found: value TokenType
[error]     TokenType.STRUCTURED.value shouldBe "structured"
[error]     ^
[error] /root/localtest/src/test/scala/tokenizer/Tokenizertest.scala:23:5: not found: value TokenType
[error]     TokenType.BINARY.value shouldBe "binary"
[error]     ^
[error] /root/localtest/src/test/scala/tokenizer/Tokenizertest.scala:24:5: not found: value TokenType
[error]     TokenType.NULL.value shouldBe "null"
[error]     ^
[error] /root/localtest/src/test/scala/tokenizer/Tokenizertest.scala:33:17: not found: value Token
[error]     val token = Token("test", TokenType.STRING)
[error]                 ^
[error] /root/localtest/src/test/scala/tokenizer/Tokenizertest.scala:33:31: not found: value TokenType
[error]     val token = Token("test", TokenType.STRING)
[error]                               ^
[error] /root/localtest/src/test/scala/tokenizer/Tokenizertest.scala:47:25: not found: type TokenContainer
[error]     val container = new TokenContainer(Seq("a", "b", "c"))
[error]                         ^
[error] /root/localtest/src/test/scala/tokenizer/Tokenizertest.scala:59:25: not found: type UniversalTokenizer
[error]     val tokenizer = new UniversalTokenizer()
[error]                         ^
[error] /root/localtest/src/test/scala/tokenizer/Tokenizertest.scala:67:25: not found: type UniversalTokenizer
[error]     val tokenizer = new UniversalTokenizer()
[error]                         ^
[error] /root/localtest/src/test/scala/tokenizer/Tokenizertest.scala:81:24: not found: type TokenRegistry
[error]     val registry = new TokenRegistry[String]
[error]                        ^
[error] /root/localtest/src/test/scala/tokenizer/Tokenizertest.scala:82:25: not found: type TokenContainer
[error]     val container = new TokenContainer(Seq("hello", "world"))
[error]                         ^
[error] /root/localtest/src/test/scala/tokenizer/Tokenizertest.scala:100:23: not found: type TokenFunctor
[error]     val functor = new TokenFunctor(5)
[error]                       ^
[error] /root/localtest/src/test/scala/tokenizer/Tokenizertest.scala:112:25: not found: type JsonTokenizer
[error]     val tokenizer = new JsonTokenizer()
[error]                         ^
[error] /root/localtest/src/test/scala/tokenizer/Tokenizertest.scala:127:25: not found: type WhitespaceTokenizer
[error]     val tokenizer = new WhitespaceTokenizer(
[error]                         ^
[error] /root/localtest/src/test/scala/tokenizer/Tokenizertest.scala:128:7: not found: value lowercase
[error]       lowercase = true,
[error]       ^
[error] /root/localtest/src/test/scala/tokenizer/Tokenizertest.scala:129:7: not found: value minLength
[error]       minLength = 2,
[error]       ^
[error] /root/localtest/src/test/scala/tokenizer/Tokenizertest.scala:130:7: not found: value maxLength
[error]       maxLength = Some(4),
[error]       ^
[error] /root/localtest/src/test/scala/tokenizer/Tokenizertest.scala:131:7: not found: value stripPunctuation
[error]       stripPunctuation = true
[error]       ^
[error] /root/localtest/src/test/scala/tokenizer/Tokenizertest.scala:143:21: not found: value TokenizerBuilder
[error]     val tokenizer = TokenizerBuilder[String]()
[error]                     ^
[error] 21 errors found
[error] (Test / compileIncremental) Compilation failed
[error] Total time: 6 s, completed Jan 28, 2026, 4:14:13 AM

Tests passed: 0/0

--- Evaluating Code Quality Criteria ---


FUNCTIONALITY_PRESERVATION:
----------------------------------------
Score: 1/5 (POOR)
  Could not load source file

SCALA_CONVENTIONS:
----------------------------------------
Score: 1/5 (POOR)
  Could not load source file

READABILITY:
----------------------------------------
Score: 1/5 (POOR)
  Could not load source file

PARADIGM_MATCH:
----------------------------------------
Score: 1/5 (POOR)
  Could not load source file

APPROPRIATE_ABSTRACTIONS:
----------------------------------------
Score: 1/5 (POOR)
  Could not load source file

============================================================
EVALUATION SUMMARY
============================================================
Overall Score: 5/25 (20.0%)
Status: ❌ NEEDS IMPROVEMENT
============================================================

