INFO: Instrumenting 5157 functions...
INFO: Using built-in libfuzzer
WARNING: Failed to find function "__sanitizer_acquire_crash_state".
WARNING: Failed to find function "__sanitizer_print_stack_trace".
WARNING: Failed to find function "__sanitizer_set_death_callback".
INFO: Running with entropic power schedule (0xFF, 100).
INFO: Seed: 855261665
INFO: -max_len is not provided; libFuzzer will not generate inputs larger than 4096 bytes
INFO: A corpus is not provided, starting from an empty corpus
#2	INITED cov: 288 ft: 288 corp: 1/1b exec/s: 0 rss: 59Mb
#6	NEW    cov: 514 ft: 771 corp: 2/4b lim: 4 exec/s: 0 rss: 59Mb L: 3/3 MS: 4 ChangeBit-InsertByte-ShuffleBytes-InsertByte-
#7	NEW    cov: 514 ft: 773 corp: 3/7b lim: 4 exec/s: 0 rss: 59Mb L: 3/3 MS: 1 ChangeBinInt-
#11	NEW    cov: 533 ft: 877 corp: 4/11b lim: 4 exec/s: 0 rss: 59Mb L: 4/4 MS: 4 CrossOver-ChangeBit-ChangeByte-CMP- DE: "\342\253\211"-
#15	NEW    cov: 533 ft: 904 corp: 5/15b lim: 4 exec/s: 0 rss: 59Mb L: 4/4 MS: 4 CopyPart-CMP-InsertByte-ShuffleBytes- DE: "\000\000"-
#17	NEW    cov: 533 ft: 936 corp: 6/19b lim: 4 exec/s: 0 rss: 59Mb L: 4/4 MS: 2 CrossOver-ChangeBinInt-
#18	NEW    cov: 536 ft: 942 corp: 7/22b lim: 4 exec/s: 0 rss: 59Mb L: 3/4 MS: 1 ChangeBinInt-
#25	NEW    cov: 537 ft: 943 corp: 8/24b lim: 4 exec/s: 0 rss: 59Mb L: 2/4 MS: 2 InsertByte-ChangeByte-
#26	NEW    cov: 884 ft: 1325 corp: 9/28b lim: 4 exec/s: 0 rss: 59Mb L: 4/4 MS: 1 ChangeBit-
#39	NEW    cov: 884 ft: 1328 corp: 10/32b lim: 4 exec/s: 0 rss: 59Mb L: 4/4 MS: 3 CopyPart-ChangeByte-ChangeBinInt-
#47	NEW    cov: 884 ft: 1330 corp: 11/36b lim: 4 exec/s: 0 rss: 59Mb L: 4/4 MS: 3 ChangeByte-ChangeBit-CopyPart-
#63	NEW    cov: 884 ft: 1367 corp: 12/39b lim: 4 exec/s: 0 rss: 59Mb L: 3/4 MS: 1 ShuffleBytes-
#64	NEW    cov: 884 ft: 1371 corp: 13/43b lim: 4 exec/s: 0 rss: 59Mb L: 4/4 MS: 1 CrossOver-
#67	NEW    cov: 884 ft: 1374 corp: 14/46b lim: 4 exec/s: 0 rss: 59Mb L: 3/4 MS: 3 ShuffleBytes-ChangeByte-CMP- DE: "in"-
#69	NEW    cov: 884 ft: 1376 corp: 15/50b lim: 4 exec/s: 0 rss: 59Mb L: 4/4 MS: 2 InsertByte-ShuffleBytes-
#77	REDUCE cov: 884 ft: 1376 corp: 15/49b lim: 4 exec/s: 0 rss: 59Mb L: 2/4 MS: 3 ChangeBit-ChangeByte-EraseBytes-
#88	NEW    cov: 897 ft: 1515 corp: 16/51b lim: 4 exec/s: 0 rss: 59Mb L: 2/4 MS: 1 ChangeByte-
#94	NEW    cov: 900 ft: 1523 corp: 17/55b lim: 4 exec/s: 0 rss: 59Mb L: 4/4 MS: 1 CrossOver-
#100	NEW    cov: 916 ft: 1600 corp: 18/57b lim: 4 exec/s: 0 rss: 59Mb L: 2/4 MS: 1 EraseBytes-
#111	NEW    cov: 917 ft: 1601 corp: 19/61b lim: 4 exec/s: 0 rss: 59Mb L: 4/4 MS: 1 PersAutoDict- DE: "in"-
#114	NEW    cov: 917 ft: 1602 corp: 20/64b lim: 4 exec/s: 0 rss: 59Mb L: 3/4 MS: 3 ChangeBinInt-ChangeByte-ChangeBit-
#125	NEW    cov: 959 ft: 1782 corp: 21/68b lim: 4 exec/s: 0 rss: 59Mb L: 4/4 MS: 1 CopyPart-
#139	NEW    cov: 960 ft: 1783 corp: 22/72b lim: 4 exec/s: 0 rss: 59Mb L: 4/4 MS: 4 ChangeByte-CopyPart-ChangeByte-ShuffleBytes-
#146	NEW    cov: 960 ft: 1784 corp: 23/74b lim: 4 exec/s: 0 rss: 59Mb L: 2/4 MS: 2 EraseBytes-EraseBytes-
#162	NEW    cov: 960 ft: 1794 corp: 24/78b lim: 4 exec/s: 0 rss: 59Mb L: 4/4 MS: 1 CopyPart-
#168	NEW    cov: 960 ft: 1795 corp: 25/82b lim: 4 exec/s: 0 rss: 59Mb L: 4/4 MS: 1 CrossOver-
#200	REDUCE cov: 960 ft: 1795 corp: 25/81b lim: 4 exec/s: 0 rss: 59Mb L: 2/4 MS: 2 ChangeBit-CrossOver-
#228	NEW    cov: 961 ft: 1797 corp: 26/83b lim: 4 exec/s: 0 rss: 59Mb L: 2/4 MS: 3 EraseBytes-CrossOver-InsertByte-
#249	NEW    cov: 1000 ft: 1913 corp: 27/87b lim: 4 exec/s: 0 rss: 59Mb L: 4/4 MS: 1 CrossOver-
#254	NEW    cov: 1000 ft: 1920 corp: 28/90b lim: 4 exec/s: 0 rss: 59Mb L: 3/4 MS: 5 ChangeBinInt-ChangeByte-ShuffleBytes-ChangeBit-CrossOver-
#256	NEW    cov: 1012 ft: 1932 corp: 29/92b lim: 4 exec/s: 0 rss: 59Mb L: 2/4 MS: 2 ChangeBit-EraseBytes-
#259	REDUCE cov: 1017 ft: 1970 corp: 30/95b lim: 4 exec/s: 0 rss: 59Mb L: 3/4 MS: 3 InsertByte-EraseBytes-CrossOver-
#272	NEW    cov: 1020 ft: 1973 corp: 31/99b lim: 4 exec/s: 0 rss: 59Mb L: 4/4 MS: 3 ChangeByte-CrossOver-ChangeBit-
#299	NEW    cov: 1020 ft: 1975 corp: 32/103b lim: 4 exec/s: 0 rss: 59Mb L: 4/4 MS: 2 CopyPart-ChangeByte-
#315	NEW    cov: 1020 ft: 1979 corp: 33/107b lim: 4 exec/s: 0 rss: 59Mb L: 4/4 MS: 1 ChangeByte-
#336	NEW    cov: 1020 ft: 1980 corp: 34/111b lim: 4 exec/s: 0 rss: 59Mb L: 4/4 MS: 1 CopyPart-
#370	NEW    cov: 1020 ft: 2013 corp: 35/115b lim: 4 exec/s: 0 rss: 59Mb L: 4/4 MS: 4 CrossOver-CopyPart-ShuffleBytes-ChangeBinInt-
#435	NEW    cov: 1020 ft: 2017 corp: 36/119b lim: 4 exec/s: 0 rss: 59Mb L: 4/4 MS: 5 CrossOver-ChangeByte-ChangeByte-ChangeBinInt-CMP- DE: "\343\274\252"-
#506	NEW    cov: 1023 ft: 2020 corp: 37/122b lim: 4 exec/s: 0 rss: 59Mb L: 3/4 MS: 1 CrossOver-
#514	NEW    cov: 1040 ft: 2058 corp: 38/126b lim: 4 exec/s: 0 rss: 59Mb L: 4/4 MS: 3 CopyPart-InsertByte-ChangeByte-
#521	NEW    cov: 1040 ft: 2059 corp: 39/130b lim: 4 exec/s: 0 rss: 59Mb L: 4/4 MS: 2 ShuffleBytes-CrossOver-
#553	REDUCE cov: 1040 ft: 2059 corp: 39/128b lim: 4 exec/s: 0 rss: 59Mb L: 2/4 MS: 2 EraseBytes-ChangeBit-
#609	NEW    cov: 1040 ft: 2082 corp: 40/132b lim: 4 exec/s: 0 rss: 59Mb L: 4/4 MS: 1 ChangeBinInt-
#618	NEW    cov: 1040 ft: 2083 corp: 41/136b lim: 4 exec/s: 0 rss: 59Mb L: 4/4 MS: 4 CopyPart-EraseBytes-CMP-InsertByte- DE: "not"-
#624	NEW    cov: 1040 ft: 2085 corp: 42/140b lim: 4 exec/s: 0 rss: 59Mb L: 4/4 MS: 1 ChangeBit-
#640	NEW    cov: 1040 ft: 2089 corp: 43/143b lim: 4 exec/s: 0 rss: 59Mb L: 3/4 MS: 1 InsertByte-
#708	NEW    cov: 1040 ft: 2091 corp: 44/147b lim: 4 exec/s: 0 rss: 59Mb L: 4/4 MS: 3 ChangeByte-CMP-ChangeBinInt- DE: "\001\000"-
#737	NEW    cov: 1040 ft: 2093 corp: 45/151b lim: 4 exec/s: 0 rss: 59Mb L: 4/4 MS: 4 CrossOver-ChangeByte-PersAutoDict-CMP- DE: "not"-"for"-
#779	NEW    cov: 1042 ft: 2104 corp: 46/154b lim: 4 exec/s: 0 rss: 59Mb L: 3/4 MS: 2 ShuffleBytes-ChangeByte-
#781	NEW    cov: 1046 ft: 2108 corp: 47/157b lim: 4 exec/s: 0 rss: 59Mb L: 3/4 MS: 2 ChangeBit-InsertByte-
#922	REDUCE cov: 1046 ft: 2108 corp: 47/156b lim: 4 exec/s: 0 rss: 59Mb L: 2/4 MS: 1 EraseBytes-
#1008	REDUCE cov: 1046 ft: 2108 corp: 47/154b lim: 4 exec/s: 0 rss: 59Mb L: 2/4 MS: 1 EraseBytes-
#1041	REDUCE cov: 1046 ft: 2108 corp: 47/153b lim: 4 exec/s: 0 rss: 59Mb L: 3/4 MS: 3 ShuffleBytes-ChangeBit-EraseBytes-
#1091	NEW    cov: 1046 ft: 2109 corp: 48/157b lim: 4 exec/s: 0 rss: 59Mb L: 4/4 MS: 5 ChangeByte-CopyPart-ChangeBinInt-ShuffleBytes-CopyPart-
#1138	REDUCE cov: 1046 ft: 2110 corp: 49/161b lim: 4 exec/s: 0 rss: 59Mb L: 4/4 MS: 2 InsertByte-CopyPart-
#1154	REDUCE cov: 1046 ft: 2110 corp: 49/159b lim: 4 exec/s: 0 rss: 59Mb L: 2/4 MS: 1 CrossOver-
#1365	NEW    cov: 1046 ft: 2115 corp: 50/164b lim: 6 exec/s: 0 rss: 59Mb L: 5/5 MS: 1 InsertByte-
#1377	REDUCE cov: 1046 ft: 2116 corp: 51/170b lim: 6 exec/s: 0 rss: 59Mb L: 6/6 MS: 2 PersAutoDict-InsertByte- DE: "\343\274\252"-
#1388	NEW    cov: 1047 ft: 2119 corp: 52/173b lim: 6 exec/s: 0 rss: 59Mb L: 3/6 MS: 1 InsertByte-
#1393	NEW    cov: 1047 ft: 2120 corp: 53/178b lim: 6 exec/s: 0 rss: 59Mb L: 5/6 MS: 5 PersAutoDict-EraseBytes-ShuffleBytes-ChangeBinInt-CMP- DE: "\342\253\211"-"Nb\011"-
#1410	REDUCE cov: 1047 ft: 2127 corp: 54/184b lim: 6 exec/s: 0 rss: 59Mb L: 6/6 MS: 2 CopyPart-CrossOver-
#1415	NEW    cov: 1047 ft: 2128 corp: 55/190b lim: 6 exec/s: 0 rss: 59Mb L: 6/6 MS: 5 ShuffleBytes-CrossOver-EraseBytes-ChangeByte-InsertByte-
#1429	NEW    cov: 1050 ft: 2131 corp: 56/194b lim: 6 exec/s: 0 rss: 59Mb L: 4/6 MS: 4 ChangeBinInt-ChangeByte-CopyPart-ChangeByte-
#1502	REDUCE cov: 1050 ft: 2132 corp: 57/198b lim: 6 exec/s: 0 rss: 59Mb L: 4/6 MS: 3 ChangeBit-CopyPart-InsertByte-
#1510	NEW    cov: 1050 ft: 2144 corp: 58/204b lim: 6 exec/s: 0 rss: 59Mb L: 6/6 MS: 3 ChangeByte-CrossOver-PersAutoDict- DE: "in"-
#1541	NEW    cov: 1050 ft: 2191 corp: 59/210b lim: 6 exec/s: 0 rss: 59Mb L: 6/6 MS: 1 CopyPart-
#1634	NEW    cov: 1051 ft: 2196 corp: 60/212b lim: 6 exec/s: 0 rss: 59Mb L: 2/6 MS: 3 ShuffleBytes-ShuffleBytes-InsertByte-
#1746	REDUCE cov: 1051 ft: 2196 corp: 60/211b lim: 6 exec/s: 0 rss: 59Mb L: 3/6 MS: 2 ShuffleBytes-EraseBytes-
#1753	REDUCE cov: 1052 ft: 2197 corp: 61/215b lim: 6 exec/s: 0 rss: 59Mb L: 4/6 MS: 2 CopyPart-EraseBytes-
#1765	NEW    cov: 1052 ft: 2443 corp: 62/219b lim: 6 exec/s: 0 rss: 59Mb L: 4/6 MS: 2 ChangeBinInt-ChangeBinInt-
#1831	NEW    cov: 1052 ft: 2444 corp: 63/221b lim: 6 exec/s: 0 rss: 59Mb L: 2/6 MS: 1 EraseBytes-
#1832	REDUCE cov: 1052 ft: 2444 corp: 63/220b lim: 6 exec/s: 0 rss: 59Mb L: 3/6 MS: 1 EraseBytes-
#1833	NEW    cov: 1052 ft: 2457 corp: 64/225b lim: 6 exec/s: 0 rss: 59Mb L: 5/6 MS: 1 CopyPart-
#1848	REDUCE cov: 1052 ft: 2457 corp: 64/224b lim: 6 exec/s: 0 rss: 59Mb L: 3/6 MS: 5 ChangeBit-ChangeBit-ShuffleBytes-EraseBytes-InsertByte-
#1914	NEW    cov: 1052 ft: 2487 corp: 65/230b lim: 6 exec/s: 0 rss: 59Mb L: 6/6 MS: 1 CopyPart-
#1972	NEW    cov: 1052 ft: 2489 corp: 66/235b lim: 6 exec/s: 0 rss: 59Mb L: 5/6 MS: 3 ChangeBinInt-ChangeByte-InsertByte-
#1979	NEW    cov: 1053 ft: 2490 corp: 67/239b lim: 6 exec/s: 0 rss: 59Mb L: 4/6 MS: 2 InsertByte-CrossOver-
#2295	REDUCE cov: 1053 ft: 2491 corp: 68/245b lim: 8 exec/s: 0 rss: 59Mb L: 6/6 MS: 1 InsertRepeatedBytes-
#2310	NEW    cov: 1214 ft: 2923 corp: 69/250b lim: 8 exec/s: 0 rss: 59Mb L: 5/6 MS: 5 CrossOver-InsertByte-ShuffleBytes-CrossOver-CrossOver-
#2321	NEW    cov: 1220 ft: 2929 corp: 70/258b lim: 8 exec/s: 0 rss: 59Mb L: 8/8 MS: 1 InsertRepeatedBytes-
#2381	NEW    cov: 1220 ft: 2930 corp: 71/265b lim: 8 exec/s: 0 rss: 59Mb L: 7/8 MS: 5 ChangeBit-ChangeBit-InsertByte-ChangeBinInt-CopyPart-
#2547	NEW    cov: 1220 ft: 2942 corp: 72/272b lim: 8 exec/s: 2547 rss: 59Mb L: 7/8 MS: 1 InsertByte-
#2570	NEW    cov: 1225 ft: 2980 corp: 73/280b lim: 8 exec/s: 2570 rss: 59Mb L: 8/8 MS: 3 CopyPart-CrossOver-CopyPart-
#2589	NEW    cov: 1248 ft: 3144 corp: 74/287b lim: 8 exec/s: 2589 rss: 59Mb L: 7/8 MS: 4 CrossOver-ShuffleBytes-CrossOver-CrossOver-
#2611	NEW    cov: 1248 ft: 3145 corp: 75/293b lim: 8 exec/s: 2611 rss: 59Mb L: 6/8 MS: 2 ChangeBit-PersAutoDict- DE: "\342\253\211"-
#2632	NEW    cov: 1248 ft: 3146 corp: 76/301b lim: 8 exec/s: 2632 rss: 59Mb L: 8/8 MS: 1 InsertByte-
#2633	NEW    cov: 1248 ft: 3160 corp: 77/307b lim: 8 exec/s: 2633 rss: 59Mb L: 6/8 MS: 1 ChangeBinInt-
#2740	NEW    cov: 1248 ft: 3163 corp: 78/315b lim: 8 exec/s: 2740 rss: 59Mb L: 8/8 MS: 2 CrossOver-InsertRepeatedBytes-
#2841	NEW    cov: 1248 ft: 3166 corp: 79/321b lim: 8 exec/s: 2841 rss: 59Mb L: 6/8 MS: 1 EraseBytes-
#2919	NEW    cov: 1248 ft: 3168 corp: 80/329b lim: 8 exec/s: 2919 rss: 59Mb L: 8/8 MS: 3 CopyPart-ChangeBit-PersAutoDict- DE: "\000\000"-
#2980	REDUCE cov: 1248 ft: 3168 corp: 80/328b lim: 8 exec/s: 2980 rss: 59Mb L: 3/8 MS: 1 EraseBytes-
#3025	NEW    cov: 1250 ft: 3170 corp: 81/336b lim: 8 exec/s: 3025 rss: 59Mb L: 8/8 MS: 5 EraseBytes-InsertRepeatedBytes-CMP-ChangeBinInt-InsertByte- DE: "for"-
#3029	NEW    cov: 1250 ft: 3172 corp: 82/344b lim: 8 exec/s: 3029 rss: 59Mb L: 8/8 MS: 4 InsertByte-ChangeByte-PersAutoDict-CrossOver- DE: "\342\253\211"-
#3175	NEW    cov: 1250 ft: 3184 corp: 83/348b lim: 8 exec/s: 3175 rss: 59Mb L: 4/8 MS: 1 InsertByte-
#3264	NEW    cov: 1250 ft: 3185 corp: 84/353b lim: 8 exec/s: 3264 rss: 59Mb L: 5/8 MS: 4 InsertRepeatedBytes-ChangeBinInt-ChangeBinInt-PersAutoDict- DE: "in"-
#3358	REDUCE cov: 1250 ft: 3185 corp: 84/352b lim: 8 exec/s: 3358 rss: 59Mb L: 5/8 MS: 4 ChangeBit-ChangeBit-EraseBytes-ChangeByte-
#3374	REDUCE cov: 1250 ft: 3200 corp: 85/355b lim: 8 exec/s: 3374 rss: 59Mb L: 3/8 MS: 1 ShuffleBytes-
#3501	REDUCE cov: 1250 ft: 3200 corp: 85/353b lim: 8 exec/s: 3501 rss: 59Mb L: 6/8 MS: 2 CrossOver-CrossOver-
#3533	NEW    cov: 1250 ft: 3202 corp: 86/361b lim: 8 exec/s: 3533 rss: 59Mb L: 8/8 MS: 2 CopyPart-InsertByte-
#3558	NEW    cov: 1252 ft: 3204 corp: 87/368b lim: 8 exec/s: 3558 rss: 59Mb L: 7/8 MS: 5 EraseBytes-ChangeByte-PersAutoDict-ChangeBit-CopyPart- DE: "\342\253\211"-
#3591	NEW    cov: 1252 ft: 3206 corp: 88/376b lim: 8 exec/s: 3591 rss: 59Mb L: 8/8 MS: 3 CopyPart-PersAutoDict-CrossOver- DE: "\342\253\211"-
#3642	NEW    cov: 1252 ft: 3209 corp: 89/383b lim: 8 exec/s: 3642 rss: 59Mb L: 7/8 MS: 1 EraseBytes-
#3666	NEW    cov: 1252 ft: 3212 corp: 90/391b lim: 8 exec/s: 3666 rss: 59Mb L: 8/8 MS: 4 ChangeByte-InsertRepeatedBytes-CopyPart-CrossOver-
#3821	NEW    cov: 1254 ft: 3236 corp: 91/399b lim: 8 exec/s: 3821 rss: 59Mb L: 8/8 MS: 5 ShuffleBytes-ShuffleBytes-CrossOver-ChangeBinInt-CrossOver-
#4013	NEW    cov: 1254 ft: 3303 corp: 92/407b lim: 8 exec/s: 4013 rss: 59Mb L: 8/8 MS: 2 ChangeByte-CopyPart-
#4075	NEW    cov: 1254 ft: 3306 corp: 93/415b lim: 8 exec/s: 4075 rss: 59Mb L: 8/8 MS: 2 ShuffleBytes-CopyPart-
#4090	NEW    cov: 1255 ft: 3346 corp: 94/422b lim: 8 exec/s: 4090 rss: 59Mb L: 7/8 MS: 5 ChangeASCIIInt-InsertRepeatedBytes-CopyPart-ChangeBit-CMP- DE: "IIi\012K\012"-
#4091	NEW    cov: 1255 ft: 3402 corp: 95/429b lim: 8 exec/s: 4091 rss: 59Mb L: 7/8 MS: 1 PersAutoDict- DE: "IIi\012K\012"-
#4170	NEW    cov: 1255 ft: 3403 corp: 96/436b lim: 8 exec/s: 4170 rss: 59Mb L: 7/8 MS: 4 CopyPart-ShuffleBytes-ShuffleBytes-ChangeByte-
#4212	NEW    cov: 1255 ft: 3413 corp: 97/444b lim: 8 exec/s: 4212 rss: 59Mb L: 8/8 MS: 2 CrossOver-ChangeByte-
#4238	NEW    cov: 1255 ft: 3418 corp: 98/452b lim: 8 exec/s: 4238 rss: 59Mb L: 8/8 MS: 1 CopyPart-
#4256	NEW    cov: 1258 ft: 3422 corp: 99/457b lim: 8 exec/s: 4256 rss: 59Mb L: 5/8 MS: 3 CrossOver-EraseBytes-ChangeBit-
#4322	REDUCE cov: 1258 ft: 3424 corp: 100/464b lim: 8 exec/s: 4322 rss: 59Mb L: 7/8 MS: 1 InsertByte-
#4518	NEW    cov: 1258 ft: 3438 corp: 101/472b lim: 8 exec/s: 4518 rss: 59Mb L: 8/8 MS: 1 CopyPart-
#4529	REDUCE cov: 1258 ft: 3438 corp: 101/471b lim: 8 exec/s: 2264 rss: 59Mb L: 6/8 MS: 1 EraseBytes-
#4567	NEW    cov: 1258 ft: 3439 corp: 102/479b lim: 8 exec/s: 2283 rss: 59Mb L: 8/8 MS: 3 ChangeByte-CrossOver-CopyPart-
#4648	NEW    cov: 1258 ft: 3440 corp: 103/487b lim: 8 exec/s: 2324 rss: 59Mb L: 8/8 MS: 1 PersAutoDict- DE: "IIi\012K\012"-
#4650	NEW    cov: 1258 ft: 3442 corp: 104/495b lim: 8 exec/s: 2325 rss: 59Mb L: 8/8 MS: 2 EraseBytes-InsertRepeatedBytes-
#4739	NEW    cov: 1290 ft: 3488 corp: 105/501b lim: 8 exec/s: 2369 rss: 59Mb L: 6/8 MS: 4 EraseBytes-CopyPart-InsertByte-InsertByte-
#4826	NEW    cov: 1291 ft: 3489 corp: 106/508b lim: 8 exec/s: 2413 rss: 59Mb L: 7/8 MS: 2 InsertByte-InsertRepeatedBytes-
#5137	REDUCE cov: 1291 ft: 3490 corp: 107/516b lim: 11 exec/s: 2568 rss: 59Mb L: 8/8 MS: 1 CopyPart-
#5246	NEW    cov: 1291 ft: 3495 corp: 108/527b lim: 11 exec/s: 2623 rss: 59Mb L: 11/11 MS: 4 ChangeBinInt-ChangeBinInt-ChangeBinInt-PersAutoDict- DE: "Nb\011"-
#5293	NEW    cov: 1291 ft: 3502 corp: 109/538b lim: 11 exec/s: 2646 rss: 59Mb L: 11/11 MS: 2 CMP-PersAutoDict- DE: "lambda"-"IIi\012K\012"-
#5413	NEW    cov: 1291 ft: 3504 corp: 110/546b lim: 11 exec/s: 2706 rss: 59Mb L: 8/11 MS: 5 CopyPart-ChangeBit-EraseBytes-CMP-InsertByte- DE: "not"-
#5620	REDUCE cov: 1291 ft: 3504 corp: 110/545b lim: 11 exec/s: 2810 rss: 59Mb L: 7/11 MS: 2 CMP-EraseBytes- DE: "\377\377"-
#5626	REDUCE cov: 1291 ft: 3504 corp: 110/544b lim: 11 exec/s: 2813 rss: 59Mb L: 7/11 MS: 1 EraseBytes-
#5660	NEW    cov: 1291 ft: 3506 corp: 111/551b lim: 11 exec/s: 2830 rss: 59Mb L: 7/11 MS: 4 InsertRepeatedBytes-CrossOver-EraseBytes-InsertByte-
#5790	NEW    cov: 1341 ft: 3560 corp: 112/555b lim: 11 exec/s: 2895 rss: 59Mb L: 4/11 MS: 5 ChangeBit-ChangeBit-CrossOver-ShuffleBytes-ChangeByte-
#6126	NEW    cov: 1356 ft: 3591 corp: 113/560b lim: 14 exec/s: 3063 rss: 59Mb L: 5/11 MS: 1 InsertByte-
#6127	NEW    cov: 1357 ft: 3629 corp: 114/569b lim: 14 exec/s: 3063 rss: 59Mb L: 9/11 MS: 1 InsertByte-
#6293	NEW    cov: 1357 ft: 3670 corp: 115/581b lim: 14 exec/s: 3146 rss: 59Mb L: 12/12 MS: 1 CopyPart-
#6471	NEW    cov: 1357 ft: 3671 corp: 116/589b lim: 14 exec/s: 2157 rss: 59Mb L: 8/12 MS: 3 InsertRepeatedBytes-CrossOver-CopyPart-
#6627	NEW    cov: 1359 ft: 3673 corp: 117/592b lim: 14 exec/s: 2209 rss: 59Mb L: 3/12 MS: 1 ChangeBit-
#6674	NEW    cov: 1360 ft: 3674 corp: 118/606b lim: 14 exec/s: 2224 rss: 59Mb L: 14/14 MS: 2 CrossOver-CrossOver-
#6735	NEW    cov: 1360 ft: 3683 corp: 119/616b lim: 14 exec/s: 2245 rss: 59Mb L: 10/14 MS: 1 CopyPart-
#6826	NEW    cov: 1360 ft: 3697 corp: 120/630b lim: 14 exec/s: 2275 rss: 60Mb L: 14/14 MS: 1 CopyPart-
#6903	REDUCE cov: 1360 ft: 3697 corp: 120/629b lim: 14 exec/s: 2301 rss: 60Mb L: 5/14 MS: 2 ShuffleBytes-CrossOver-
#6914	NEW    cov: 1360 ft: 3727 corp: 121/642b lim: 14 exec/s: 2304 rss: 60Mb L: 13/14 MS: 1 InsertByte-
#6934	NEW    cov: 1360 ft: 3729 corp: 122/653b lim: 14 exec/s: 2311 rss: 60Mb L: 11/14 MS: 5 PersAutoDict-ChangeBit-CrossOver-InsertByte-EraseBytes- DE: "lambda"-
#6935	NEW    cov: 1361 ft: 3731 corp: 123/660b lim: 14 exec/s: 2311 rss: 60Mb L: 7/14 MS: 1 PersAutoDict- DE: "\342\253\211"-
#6936	REDUCE cov: 1361 ft: 3731 corp: 123/659b lim: 14 exec/s: 2312 rss: 60Mb L: 13/14 MS: 1 EraseBytes-
#7001	NEW    cov: 1361 ft: 3733 corp: 124/670b lim: 14 exec/s: 2333 rss: 60Mb L: 11/14 MS: 5 ChangeBinInt-ChangeBit-InsertRepeatedBytes-ChangeBit-CrossOver-
#7014	NEW    cov: 1361 ft: 3755 corp: 125/677b lim: 14 exec/s: 2338 rss: 60Mb L: 7/14 MS: 3 ChangeBit-ShuffleBytes-ShuffleBytes-
#7060	REDUCE cov: 1361 ft: 3755 corp: 125/675b lim: 14 exec/s: 2353 rss: 60Mb L: 6/14 MS: 1 EraseBytes-
#7196	NEW    cov: 1361 ft: 3758 corp: 126/683b lim: 14 exec/s: 2398 rss: 60Mb L: 8/14 MS: 1 PersAutoDict- DE: "\342\253\211"-
#7317	NEW    cov: 1361 ft: 3764 corp: 127/692b lim: 14 exec/s: 2439 rss: 60Mb L: 9/14 MS: 1 ChangeBit-
#7375	REDUCE cov: 1361 ft: 3767 corp: 128/704b lim: 14 exec/s: 2458 rss: 60Mb L: 12/14 MS: 3 CopyPart-InsertRepeatedBytes-ChangeBit-
#7472	NEW    cov: 1361 ft: 3769 corp: 129/716b lim: 14 exec/s: 2490 rss: 60Mb L: 12/14 MS: 2 ShuffleBytes-PersAutoDict- DE: "\342\253\211"-
#7654	REDUCE cov: 1361 ft: 3769 corp: 129/715b lim: 14 exec/s: 2551 rss: 60Mb L: 3/14 MS: 2 ChangeBinInt-EraseBytes-
#7728	NEW    cov: 1361 ft: 3771 corp: 130/726b lim: 14 exec/s: 2576 rss: 60Mb L: 11/14 MS: 4 ChangeBit-ChangeBit-InsertByte-PersAutoDict- DE: "IIi\012K\012"-
#7850	NEW    cov: 1362 ft: 3772 corp: 131/736b lim: 14 exec/s: 2616 rss: 60Mb L: 10/14 MS: 2 ChangeBit-PersAutoDict- DE: "IIi\012K\012"-
#7906	NEW    cov: 1362 ft: 3808 corp: 132/750b lim: 14 exec/s: 2635 rss: 60Mb L: 14/14 MS: 1 InsertRepeatedBytes-
#7963	NEW    cov: 1362 ft: 3810 corp: 133/761b lim: 14 exec/s: 2654 rss: 60Mb L: 11/14 MS: 2 ChangeBit-CopyPart-
#8089	REDUCE cov: 1362 ft: 3810 corp: 133/757b lim: 14 exec/s: 2696 rss: 60Mb L: 6/14 MS: 1 EraseBytes-
#8115	NEW    cov: 1363 ft: 3848 corp: 134/766b lim: 14 exec/s: 2705 rss: 60Mb L: 9/14 MS: 1 CopyPart-
#8122	NEW    cov: 1364 ft: 3909 corp: 135/780b lim: 14 exec/s: 2707 rss: 60Mb L: 14/14 MS: 2 ChangeBinInt-CopyPart-
#8183	REDUCE cov: 1364 ft: 3909 corp: 135/779b lim: 14 exec/s: 2045 rss: 60Mb L: 6/14 MS: 1 EraseBytes-
#8192	pulse  cov: 1364 ft: 3909 corp: 135/779b lim: 14 exec/s: 2048 rss: 60Mb
#8304	NEW    cov: 1364 ft: 3911 corp: 136/790b lim: 14 exec/s: 2076 rss: 60Mb L: 11/14 MS: 1 EraseBytes-
#8377	NEW    cov: 1364 ft: 3915 corp: 137/803b lim: 14 exec/s: 2094 rss: 60Mb L: 13/14 MS: 3 ShuffleBytes-CopyPart-ShuffleBytes-
#8481	NEW    cov: 1364 ft: 3975 corp: 138/814b lim: 14 exec/s: 2120 rss: 60Mb L: 11/14 MS: 4 ChangeBit-ChangeBit-ChangeByte-ChangeByte-
#8483	NEW    cov: 1364 ft: 3984 corp: 139/825b lim: 14 exec/s: 2120 rss: 60Mb L: 11/14 MS: 2 EraseBytes-CopyPart-
#8762	NEW    cov: 1364 ft: 3985 corp: 140/839b lim: 14 exec/s: 2190 rss: 60Mb L: 14/14 MS: 4 InsertRepeatedBytes-ChangeByte-CopyPart-CopyPart-
#8808	NEW    cov: 1364 ft: 4121 corp: 141/850b lim: 14 exec/s: 2202 rss: 60Mb L: 11/14 MS: 1 CopyPart-
#8879	NEW    cov: 1364 ft: 4124 corp: 142/864b lim: 14 exec/s: 2219 rss: 60Mb L: 14/14 MS: 1 InsertRepeatedBytes-
#8971	NEW    cov: 1365 ft: 4125 corp: 143/873b lim: 14 exec/s: 2242 rss: 60Mb L: 9/14 MS: 2 ShuffleBytes-ChangeBinInt-
#9319	NEW    cov: 1367 ft: 4127 corp: 144/884b lim: 17 exec/s: 2329 rss: 60Mb L: 11/14 MS: 3 ChangeBinInt-ChangeBit-ChangeByte-
#9320	NEW    cov: 1368 ft: 4128 corp: 145/898b lim: 17 exec/s: 2330 rss: 60Mb L: 14/14 MS: 1 CMP- DE: " \000\000\000\000\000\000\000"-
#9380	NEW    cov: 1368 ft: 4167 corp: 146/913b lim: 17 exec/s: 2345 rss: 60Mb L: 15/15 MS: 5 ShuffleBytes-ChangeByte-ShuffleBytes-ChangeBinInt-CMP- DE: "I8\012i\012I\012"-
#9386	NEW    cov: 1371 ft: 4181 corp: 147/927b lim: 17 exec/s: 2346 rss: 60Mb L: 14/15 MS: 1 ShuffleBytes-
#9444	NEW    cov: 1372 ft: 4182 corp: 148/941b lim: 17 exec/s: 2361 rss: 60Mb L: 14/15 MS: 3 CrossOver-ChangeBinInt-CrossOver-
#9516	NEW    cov: 1373 ft: 4188 corp: 149/958b lim: 17 exec/s: 2379 rss: 60Mb L: 17/17 MS: 2 EraseBytes-CopyPart-
#9622	REDUCE cov: 1373 ft: 4188 corp: 149/957b lim: 17 exec/s: 2405 rss: 60Mb L: 6/17 MS: 1 EraseBytes-
#9638	REDUCE cov: 1373 ft: 4188 corp: 149/956b lim: 17 exec/s: 2409 rss: 60Mb L: 6/17 MS: 1 EraseBytes-
#9814	NEW    cov: 1373 ft: 4208 corp: 150/973b lim: 17 exec/s: 2453 rss: 60Mb L: 17/17 MS: 1 InsertRepeatedBytes-
#9986	NEW    cov: 1375 ft: 4227 corp: 151/976b lim: 17 exec/s: 2496 rss: 60Mb L: 3/17 MS: 2 ChangeByte-CopyPart-
#10122	NEW    cov: 1375 ft: 4230 corp: 152/991b lim: 17 exec/s: 2024 rss: 60Mb L: 15/17 MS: 1 CrossOver-
#10446	NEW    cov: 1375 ft: 4296 corp: 153/1008b lim: 17 exec/s: 2089 rss: 60Mb L: 17/17 MS: 4 ChangeBit-CMP-InsertByte-CopyPart- DE: "k\012"-
#10452	NEW    cov: 1375 ft: 4297 corp: 154/1025b lim: 17 exec/s: 2090 rss: 60Mb L: 17/17 MS: 1 PersAutoDict- DE: "\000\000"-
#10478	REDUCE cov: 1375 ft: 4298 corp: 155/1037b lim: 17 exec/s: 2095 rss: 60Mb L: 12/17 MS: 1 CopyPart-
#10634	REDUCE cov: 1375 ft: 4300 corp: 156/1048b lim: 17 exec/s: 2126 rss: 60Mb L: 11/17 MS: 1 CopyPart-
#10657	REDUCE cov: 1375 ft: 4300 corp: 156/1047b lim: 17 exec/s: 2131 rss: 60Mb L: 9/17 MS: 3 CopyPart-EraseBytes-EraseBytes-
#10883	REDUCE cov: 1375 ft: 4301 corp: 157/1060b lim: 17 exec/s: 2176 rss: 60Mb L: 13/17 MS: 1 ChangeByte-
#11249	NEW    cov: 1376 ft: 4302 corp: 158/1069b lim: 17 exec/s: 2249 rss: 60Mb L: 9/17 MS: 1 InsertByte-
#11465	NEW    cov: 1376 ft: 4305 corp: 159/1086b lim: 17 exec/s: 2293 rss: 60Mb L: 17/17 MS: 1 CopyPart-
#11476	NEW    cov: 1376 ft: 4315 corp: 160/1098b lim: 17 exec/s: 2295 rss: 60Mb L: 12/17 MS: 1 CopyPart-
#11507	REDUCE cov: 1381 ft: 4321 corp: 161/1105b lim: 17 exec/s: 2301 rss: 60Mb L: 7/17 MS: 1 InsertByte-
#11515	REDUCE cov: 1381 ft: 4321 corp: 161/1103b lim: 17 exec/s: 2303 rss: 60Mb L: 12/17 MS: 3 EraseBytes-ChangeByte-CopyPart-
#11553	NEW    cov: 1381 ft: 4325 corp: 162/1113b lim: 17 exec/s: 2310 rss: 60Mb L: 10/17 MS: 3 CMP-ChangeBit-CopyPart- DE: "for"-
#11654	REDUCE cov: 1381 ft: 4325 corp: 162/1112b lim: 17 exec/s: 2330 rss: 60Mb L: 7/17 MS: 1 EraseBytes-
#11669	NEW    cov: 1381 ft: 4328 corp: 163/1129b lim: 17 exec/s: 2333 rss: 60Mb L: 17/17 MS: 5 ShuffleBytes-CopyPart-CopyPart-ShuffleBytes-ShuffleBytes-
#11765	REDUCE cov: 1389 ft: 4367 corp: 164/1141b lim: 17 exec/s: 2353 rss: 60Mb L: 12/17 MS: 1 CopyPart-
#11966	REDUCE cov: 1389 ft: 4368 corp: 165/1152b lim: 17 exec/s: 1994 rss: 60Mb L: 11/17 MS: 1 CrossOver-
#12117	REDUCE cov: 1389 ft: 4368 corp: 165/1150b lim: 17 exec/s: 2019 rss: 60Mb L: 5/17 MS: 1 EraseBytes-
#12174	NEW    cov: 1397 ft: 4376 corp: 166/1165b lim: 17 exec/s: 2029 rss: 60Mb L: 15/17 MS: 2 InsertRepeatedBytes-ChangeBit-
#12275	REDUCE cov: 1397 ft: 4376 corp: 166/1163b lim: 17 exec/s: 2045 rss: 60Mb L: 7/17 MS: 1 EraseBytes-
#12276	NEW    cov: 1397 ft: 4377 corp: 167/1178b lim: 17 exec/s: 2046 rss: 60Mb L: 15/17 MS: 1 CopyPart-
#12492	REDUCE cov: 1397 ft: 4386 corp: 168/1181b lim: 17 exec/s: 2082 rss: 60Mb L: 3/17 MS: 1 EraseBytes-
#12587	NEW    cov: 1397 ft: 4387 corp: 169/1198b lim: 17 exec/s: 2097 rss: 60Mb L: 17/17 MS: 5 PersAutoDict-PersAutoDict-InsertRepeatedBytes-ChangeBit-CrossOver- DE: "IIi\012K\012"-"k\012"-
#12625	NEW    cov: 1397 ft: 4389 corp: 170/1212b lim: 17 exec/s: 2104 rss: 60Mb L: 14/17 MS: 3 InsertByte-ChangeByte-InsertRepeatedBytes-
#12755	NEW    cov: 1397 ft: 4393 corp: 171/1228b lim: 17 exec/s: 2125 rss: 60Mb L: 16/17 MS: 5 ChangeBinInt-InsertRepeatedBytes-EraseBytes-CopyPart-ShuffleBytes-
#13056	NEW    cov: 1484 ft: 4487 corp: 172/1235b lim: 17 exec/s: 2176 rss: 60Mb L: 7/17 MS: 1 EraseBytes-
#13215	NEW    cov: 1491 ft: 4501 corp: 173/1242b lim: 17 exec/s: 2202 rss: 60Mb L: 7/17 MS: 4 ChangeBit-ChangeByte-ShuffleBytes-CrossOver-
#13285	NEW    cov: 1491 ft: 4502 corp: 174/1259b lim: 17 exec/s: 2214 rss: 60Mb L: 17/17 MS: 5 CrossOver-CopyPart-ShuffleBytes-PersAutoDict-CopyPart- DE: "\001\000"-
#13463	REDUCE cov: 1491 ft: 4502 corp: 174/1257b lim: 17 exec/s: 2243 rss: 60Mb L: 9/17 MS: 3 InsertByte-ChangeByte-EraseBytes-
#13481	NEW    cov: 1492 ft: 4503 corp: 175/1262b lim: 17 exec/s: 2246 rss: 60Mb L: 5/17 MS: 3 ChangeBinInt-ChangeBit-InsertByte-
#13502	REDUCE cov: 1492 ft: 4547 corp: 176/1268b lim: 17 exec/s: 1928 rss: 60Mb L: 6/17 MS: 1 CrossOver-
#13537	NEW    cov: 1492 ft: 4550 corp: 177/1280b lim: 17 exec/s: 1933 rss: 60Mb L: 12/17 MS: 5 ShuffleBytes-ChangeBinInt-EraseBytes-PersAutoDict-ChangeBit- DE: "k\012"-
#13559	NEW    cov: 1496 ft: 4554 corp: 178/1292b lim: 17 exec/s: 1937 rss: 60Mb L: 12/17 MS: 2 ChangeBit-ChangeBit-
#13637	REDUCE cov: 1496 ft: 4554 corp: 178/1289b lim: 17 exec/s: 1948 rss: 60Mb L: 11/17 MS: 3 CopyPart-CopyPart-EraseBytes-
#13898	REDUCE cov: 1496 ft: 4554 corp: 178/1283b lim: 17 exec/s: 1985 rss: 60Mb L: 11/17 MS: 1 EraseBytes-
#14029	NEW    cov: 1498 ft: 4571 corp: 179/1288b lim: 17 exec/s: 2004 rss: 60Mb L: 5/17 MS: 1 EraseBytes-
#14122	NEW    cov: 1498 ft: 4577 corp: 180/1305b lim: 17 exec/s: 2017 rss: 60Mb L: 17/17 MS: 3 ChangeBit-ChangeBinInt-CopyPart-
#14153	NEW    cov: 1499 ft: 4581 corp: 181/1322b lim: 17 exec/s: 2021 rss: 60Mb L: 17/17 MS: 1 CrossOver-
#14299	REDUCE cov: 1499 ft: 4581 corp: 181/1321b lim: 17 exec/s: 2042 rss: 60Mb L: 4/17 MS: 1 EraseBytes-
#14392	NEW    cov: 1499 ft: 4596 corp: 182/1338b lim: 17 exec/s: 2056 rss: 60Mb L: 17/17 MS: 3 ChangeBit-CopyPart-CrossOver-
#14407	NEW    cov: 1499 ft: 4597 corp: 183/1353b lim: 17 exec/s: 2058 rss: 60Mb L: 15/17 MS: 5 ChangeByte-PersAutoDict-ChangeByte-ChangeByte-InsertRepeatedBytes- DE: "\342\253\211"-
#14866	NEW    cov: 1499 ft: 4600 corp: 184/1374b lim: 21 exec/s: 2123 rss: 60Mb L: 21/21 MS: 4 ChangeASCIIInt-ChangeASCIIInt-ChangeASCIIInt-CrossOver-
#15017	NEW    cov: 1499 ft: 4613 corp: 185/1391b lim: 21 exec/s: 2145 rss: 60Mb L: 17/21 MS: 1 ShuffleBytes-
#15144	REDUCE cov: 1499 ft: 4613 corp: 185/1390b lim: 21 exec/s: 2163 rss: 60Mb L: 7/21 MS: 2 CopyPart-EraseBytes-
#15155	NEW    cov: 1499 ft: 4624 corp: 186/1408b lim: 21 exec/s: 2165 rss: 60Mb L: 18/21 MS: 1 CopyPart-
#15170	NEW    cov: 1499 ft: 4626 corp: 187/1424b lim: 21 exec/s: 2167 rss: 60Mb L: 16/21 MS: 5 ShuffleBytes-CrossOver-ShuffleBytes-EraseBytes-CrossOver-
#15378	NEW    cov: 1499 ft: 4653 corp: 188/1444b lim: 21 exec/s: 1922 rss: 60Mb L: 20/21 MS: 3 InsertByte-ChangeBinInt-InsertByte-
#15430	NEW    cov: 1499 ft: 4658 corp: 189/1452b lim: 21 exec/s: 1928 rss: 60Mb L: 8/21 MS: 2 InsertByte-ChangeBinInt-
#15446	NEW    cov: 1502 ft: 4661 corp: 190/1462b lim: 21 exec/s: 1930 rss: 60Mb L: 10/21 MS: 1 CrossOver-
#15637	REDUCE cov: 1502 ft: 4661 corp: 190/1458b lim: 21 exec/s: 1954 rss: 60Mb L: 7/21 MS: 1 EraseBytes-
#15723	NEW    cov: 1502 ft: 4663 corp: 191/1470b lim: 21 exec/s: 1965 rss: 60Mb L: 12/21 MS: 1 ShuffleBytes-
#15774	REDUCE cov: 1503 ft: 4674 corp: 192/1476b lim: 21 exec/s: 1971 rss: 60Mb L: 6/21 MS: 1 ChangeByte-
#15860	NEW    cov: 1503 ft: 4675 corp: 193/1491b lim: 21 exec/s: 1982 rss: 60Mb L: 15/21 MS: 1 CrossOver-
#15908	REDUCE cov: 1503 ft: 4679 corp: 194/1500b lim: 21 exec/s: 1988 rss: 60Mb L: 9/21 MS: 3 CopyPart-ShuffleBytes-ChangeBinInt-
#16014	REDUCE cov: 1503 ft: 4679 corp: 194/1499b lim: 21 exec/s: 2001 rss: 60Mb L: 5/21 MS: 1 EraseBytes-
#16091	REDUCE cov: 1503 ft: 4683 corp: 195/1512b lim: 21 exec/s: 2011 rss: 60Mb L: 13/21 MS: 2 PersAutoDict-InsertRepeatedBytes- DE: "\377\377"-
#16178	NEW    cov: 1503 ft: 4689 corp: 196/1532b lim: 21 exec/s: 2022 rss: 60Mb L: 20/21 MS: 2 InsertByte-InsertRepeatedBytes-
#16287	NEW    cov: 1503 ft: 4690 corp: 197/1543b lim: 21 exec/s: 2035 rss: 60Mb L: 11/21 MS: 4 EraseBytes-ChangeByte-CrossOver-ChangeByte-
#16327	REDUCE cov: 1503 ft: 4690 corp: 197/1542b lim: 21 exec/s: 2040 rss: 60Mb L: 11/21 MS: 5 CopyPart-ShuffleBytes-ChangeBit-ChangeBinInt-EraseBytes-
#16384	pulse  cov: 1503 ft: 4690 corp: 197/1542b lim: 21 exec/s: 2048 rss: 60Mb
#16433	NEW    cov: 1504 ft: 4691 corp: 198/1554b lim: 21 exec/s: 2054 rss: 60Mb L: 12/21 MS: 1 CrossOver-
#16468	NEW    cov: 1504 ft: 4692 corp: 199/1573b lim: 21 exec/s: 2058 rss: 60Mb L: 19/21 MS: 5 ChangeBit-PersAutoDict-CrossOver-PersAutoDict-CrossOver- DE: "I8\012i\012I\012"-"not"-
#16694	REDUCE cov: 1504 ft: 4692 corp: 199/1571b lim: 21 exec/s: 2086 rss: 60Mb L: 9/21 MS: 1 EraseBytes-
#16728	NEW    cov: 1505 ft: 4693 corp: 200/1579b lim: 21 exec/s: 2091 rss: 60Mb L: 8/21 MS: 4 CopyPart-ChangeByte-ShuffleBytes-ShuffleBytes-
#16806	NEW    cov: 1505 ft: 4694 corp: 201/1598b lim: 21 exec/s: 1867 rss: 60Mb L: 19/21 MS: 3 ChangeBit-InsertRepeatedBytes-PersAutoDict- DE: "IIi\012K\012"-
#16810	NEW    cov: 1529 ft: 4736 corp: 202/1613b lim: 21 exec/s: 1867 rss: 60Mb L: 15/21 MS: 4 CMP-ChangeBit-CrossOver-CrossOver- DE: "\001\000\000\000"-
#16826	REDUCE cov: 1529 ft: 4736 corp: 202/1608b lim: 21 exec/s: 1869 rss: 60Mb L: 8/21 MS: 1 EraseBytes-
#16988	REDUCE cov: 1529 ft: 4736 corp: 202/1604b lim: 21 exec/s: 1887 rss: 60Mb L: 8/21 MS: 2 ChangeBit-CrossOver-
#17046	NEW    cov: 1529 ft: 4738 corp: 203/1625b lim: 21 exec/s: 1894 rss: 60Mb L: 21/21 MS: 3 ChangeBit-ChangeBinInt-CMP- DE: "for"-
#17097	REDUCE cov: 1529 ft: 4739 corp: 204/1644b lim: 21 exec/s: 1899 rss: 60Mb L: 19/21 MS: 1 InsertRepeatedBytes-
#17109	REDUCE cov: 1529 ft: 4739 corp: 204/1642b lim: 21 exec/s: 1901 rss: 60Mb L: 13/21 MS: 2 ChangeByte-EraseBytes-
#17275	REDUCE cov: 1529 ft: 4740 corp: 205/1654b lim: 21 exec/s: 1919 rss: 60Mb L: 12/21 MS: 1 ChangeBinInt-
#17420	NEW    cov: 1532 ft: 4750 corp: 206/1675b lim: 21 exec/s: 1935 rss: 60Mb L: 21/21 MS: 5 InsertRepeatedBytes-InsertRepeatedBytes-ChangeByte-CrossOver-CopyPart-
#17566	NEW    cov: 1553 ft: 4779 corp: 207/1681b lim: 21 exec/s: 1951 rss: 60Mb L: 6/21 MS: 1 CrossOver-
#17667	REDUCE cov: 1553 ft: 4779 corp: 207/1680b lim: 21 exec/s: 1963 rss: 60Mb L: 7/21 MS: 1 EraseBytes-
#17949	REDUCE cov: 1553 ft: 4779 corp: 207/1678b lim: 21 exec/s: 1994 rss: 60Mb L: 17/21 MS: 2 CopyPart-EraseBytes-
#18045	REDUCE cov: 1553 ft: 4779 corp: 207/1677b lim: 21 exec/s: 2005 rss: 60Mb L: 12/21 MS: 1 EraseBytes-
#18061	REDUCE cov: 1553 ft: 4779 corp: 207/1669b lim: 21 exec/s: 2006 rss: 60Mb L: 8/21 MS: 1 CrossOver-
#18089	REDUCE cov: 1553 ft: 4791 corp: 208/1677b lim: 21 exec/s: 2009 rss: 60Mb L: 8/21 MS: 3 ChangeByte-ShuffleBytes-InsertByte-
#18113	REDUCE cov: 1553 ft: 4792 corp: 209/1698b lim: 21 exec/s: 2012 rss: 60Mb L: 21/21 MS: 4 CopyPart-ChangeByte-ShuffleBytes-InsertRepeatedBytes-
#18339	REDUCE cov: 1553 ft: 4792 corp: 209/1697b lim: 21 exec/s: 2037 rss: 60Mb L: 7/21 MS: 1 EraseBytes-
#18347	NEW    cov: 1553 ft: 4798 corp: 210/1714b lim: 21 exec/s: 2038 rss: 60Mb L: 17/21 MS: 3 CrossOver-ChangeByte-InsertRepeatedBytes-
#18489	NEW    cov: 1553 ft: 4803 corp: 211/1721b lim: 21 exec/s: 1848 rss: 60Mb L: 7/21 MS: 2 InsertByte-EraseBytes-
#18610	NEW    cov: 1553 ft: 4808 corp: 212/1734b lim: 21 exec/s: 1861 rss: 60Mb L: 13/21 MS: 1 ChangeBit-
#18751	REDUCE cov: 1553 ft: 4808 corp: 212/1733b lim: 21 exec/s: 1875 rss: 60Mb L: 3/21 MS: 1 EraseBytes-
#18812	REDUCE cov: 1553 ft: 4808 corp: 212/1727b lim: 21 exec/s: 1881 rss: 60Mb L: 15/21 MS: 1 EraseBytes-
#18929	REDUCE cov: 1553 ft: 4808 corp: 212/1726b lim: 21 exec/s: 1892 rss: 60Mb L: 7/21 MS: 2 CopyPart-EraseBytes-
#18975	REDUCE cov: 1553 ft: 4808 corp: 212/1725b lim: 21 exec/s: 1897 rss: 60Mb L: 6/21 MS: 1 EraseBytes-
#19037	REDUCE cov: 1553 ft: 4808 corp: 212/1724b lim: 21 exec/s: 1903 rss: 60Mb L: 7/21 MS: 2 CrossOver-EraseBytes-
#19043	REDUCE cov: 1556 ft: 4815 corp: 213/1742b lim: 21 exec/s: 1904 rss: 60Mb L: 18/21 MS: 1 CopyPart-
#19089	REDUCE cov: 1556 ft: 4818 corp: 214/1745b lim: 21 exec/s: 1908 rss: 60Mb L: 3/21 MS: 1 ChangeBit-
#19145	NEW    cov: 1556 ft: 4822 corp: 215/1759b lim: 21 exec/s: 1914 rss: 60Mb L: 14/21 MS: 1 EraseBytes-
#19521	REDUCE cov: 1556 ft: 4822 corp: 215/1758b lim: 21 exec/s: 1952 rss: 60Mb L: 3/21 MS: 1 EraseBytes-
#19602	NEW    cov: 1556 ft: 4823 corp: 216/1778b lim: 21 exec/s: 1960 rss: 60Mb L: 20/21 MS: 1 InsertRepeatedBytes-
#19639	REDUCE cov: 1556 ft: 4823 corp: 216/1776b lim: 21 exec/s: 1963 rss: 60Mb L: 8/21 MS: 2 InsertByte-EraseBytes-
#20004	DONE   cov: 1556 ft: 4823 corp: 216/1776b lim: 21 exec/s: 1818 rss: 60Mb
###### Recommended dictionary. ######
"\342\253\211" # Uses: 155
"\000\000" # Uses: 167
"in" # Uses: 174
"\343\274\252" # Uses: 142
"not" # Uses: 118
"\001\000" # Uses: 144
"for" # Uses: 141
"Nb\011" # Uses: 128
"IIi\012K\012" # Uses: 70
"lambda" # Uses: 85
"\377\377" # Uses: 109
" \000\000\000\000\000\000\000" # Uses: 51
"I8\012i\012I\012" # Uses: 48
"k\012" # Uses: 53
"\001\000\000\000" # Uses: 18
###### End of recommended dictionary. ######
Done 20004 runs in 11 second(s)
