INFO: Instrumenting minisgl.kvcache
INFO: Instrumenting minisgl.utils
INFO: Instrumenting minisgl.utils.arch
INFO: Instrumenting minisgl.utils.hf
INFO: Instrumenting minisgl.utils.logger
INFO: Instrumenting minisgl.utils.misc
INFO: Instrumenting minisgl.utils.mp
INFO: Instrumenting msgpack
INFO: Instrumenting msgpack.exceptions
INFO: Instrumenting msgpack.ext
INFO: Instrumenting zmq
INFO: Instrumenting zmq.backend
INFO: Instrumenting zmq.backend.select
INFO: Instrumenting zmq.backend.cython
INFO: Instrumenting zmq.constants
INFO: Instrumenting zmq.error
INFO: Instrumenting zmq.sugar
INFO: Instrumenting zmq.sugar.context
INFO: Instrumenting zmq._typing
INFO: Instrumenting zmq.utils
INFO: Instrumenting zmq.utils.interop
INFO: Instrumenting zmq.sugar.attrsettr
INFO: Instrumenting zmq.sugar.socket
INFO: Instrumenting zmq.utils.jsonapi
INFO: Instrumenting zmq.sugar.poll
INFO: Instrumenting zmq.sugar.frame
INFO: Instrumenting zmq.sugar.tracker
INFO: Instrumenting zmq.sugar.version
INFO: Instrumenting zmq.sugar.stopwatch
INFO: Instrumenting zmq.asyncio
INFO: Instrumenting zmq._future
INFO: Instrumenting minisgl.utils.registry
INFO: Instrumenting minisgl.utils.torch_utils
INFO: Instrumenting minisgl.kvcache.base
INFO: Instrumenting minisgl.kvcache.radix_manager
/app/minisgl/.venv/lib/python3.11/site-packages/tvm_ffi/_optional_torch_c_dlpack.py:174: UserWarning: Failed to JIT torch c dlpack extension, EnvTensorAllocator will not be enabled.
We recommend installing via `pip install torch-c-dlpack-ext`
  warnings.warn(
INFO: Using built-in libfuzzer
WARNING: Failed to find function "__sanitizer_acquire_crash_state".
WARNING: Failed to find function "__sanitizer_print_stack_trace".
WARNING: Failed to find function "__sanitizer_set_death_callback".
INFO: Running with entropic power schedule (0xFF, 100).
INFO: Seed: 3472071431
INFO: -max_len is not provided; libFuzzer will not generate inputs larger than 4096 bytes
INFO: A corpus is not provided, starting from an empty corpus
#2	INITED cov: 17 ft: 17 corp: 1/1b exec/s: 0 rss: 544Mb
#4	NEW    cov: 17 ft: 22 corp: 2/2b lim: 4 exec/s: 0 rss: 544Mb L: 1/1 MS: 2 ShuffleBytes-ChangeByte-
#6	NEW    cov: 19 ft: 26 corp: 3/4b lim: 4 exec/s: 0 rss: 544Mb L: 2/2 MS: 2 ChangeBit-InsertByte-
#10	NEW    cov: 19 ft: 29 corp: 4/5b lim: 4 exec/s: 0 rss: 544Mb L: 1/2 MS: 4 ChangeBit-ShuffleBytes-EraseBytes-ChangeByte-
#11	NEW    cov: 25 ft: 38 corp: 5/7b lim: 4 exec/s: 0 rss: 544Mb L: 2/2 MS: 1 CrossOver-
#14	NEW    cov: 25 ft: 39 corp: 6/9b lim: 4 exec/s: 0 rss: 544Mb L: 2/2 MS: 3 ShuffleBytes-EraseBytes-CrossOver-
#24	NEW    cov: 25 ft: 44 corp: 7/12b lim: 4 exec/s: 0 rss: 544Mb L: 3/3 MS: 5 ChangeBit-ChangeBit-CopyPart-ChangeByte-InsertByte-
#28	NEW    cov: 25 ft: 49 corp: 8/16b lim: 4 exec/s: 0 rss: 544Mb L: 4/4 MS: 4 InsertByte-ChangeBit-CrossOver-ChangeBit-
#49	NEW    cov: 25 ft: 59 corp: 9/20b lim: 4 exec/s: 0 rss: 544Mb L: 4/4 MS: 1 CopyPart-
#62	NEW    cov: 25 ft: 61 corp: 10/21b lim: 4 exec/s: 0 rss: 544Mb L: 1/4 MS: 3 CopyPart-EraseBytes-ChangeBit-
#65	NEW    cov: 25 ft: 64 corp: 11/22b lim: 4 exec/s: 0 rss: 544Mb L: 1/4 MS: 3 ChangeBinInt-ShuffleBytes-EraseBytes-
#128	pulse  cov: 25 ft: 64 corp: 11/22b lim: 4 exec/s: 64 rss: 544Mb
#140	NEW    cov: 25 ft: 66 corp: 12/26b lim: 4 exec/s: 70 rss: 544Mb L: 4/4 MS: 5 CrossOver-ShuffleBytes-EraseBytes-InsertByte-ChangeBinInt-
#178	NEW    cov: 25 ft: 68 corp: 13/30b lim: 4 exec/s: 59 rss: 544Mb L: 4/4 MS: 3 ChangeByte-ChangeByte-CrossOver-
#187	REDUCE cov: 25 ft: 68 corp: 13/29b lim: 4 exec/s: 62 rss: 544Mb L: 3/4 MS: 4 ChangeBit-CopyPart-ChangeByte-EraseBytes-
#207	REDUCE cov: 25 ft: 68 corp: 13/28b lim: 4 exec/s: 69 rss: 544Mb L: 2/4 MS: 5 ChangeBinInt-CopyPart-ChangeBinInt-CrossOver-EraseBytes-
#247	REDUCE cov: 25 ft: 68 corp: 13/27b lim: 4 exec/s: 61 rss: 544Mb L: 2/4 MS: 5 CrossOver-EraseBytes-ChangeBit-ShuffleBytes-ShuffleBytes-
#256	pulse  cov: 25 ft: 68 corp: 13/27b lim: 4 exec/s: 64 rss: 544Mb
==1657== libFuzzer: run interrupted; exiting
