
============================================================
Evaluating: /root/Tokenizer.scala
============================================================

✓ File exists
✓ Source loaded (1356 characters)

--- Checking Compilation ---
❌ Compilation failed
  - java.io.IOException: User limit of inotify instances reached or too many open files
  - Use 'last' for the full log.

--- Running Unit Tests ---
⚠ Skipping tests (sbt not available or compilation failed)

--- Evaluating Code Quality Criteria ---


FUNCTIONALITY_PRESERVATION:
----------------------------------------
Score: 1/5 (POOR)
  Found 2/9 required components
  Missing components: BaseTokenizer, StringTokenizer, NumericTokenizer, TemporalTokenizer, UniversalTokenizer, WhitespaceTokenizer, TokenizerBuilder
  Found 1/4 key methods
  Suggestions:
    → Implement missing components: BaseTokenizer, StringTokenizer, NumericTokenizer, TemporalTokenizer, UniversalTokenizer, WhitespaceTokenizer, TokenizerBuilder

SCALA_CONVENTIONS:
----------------------------------------
Score: 3/5 (ADEQUATE)
  ✓ camelCase_methods: 1 occurrences
  ✓ PascalCase_classes: 9 occurrences
  ✓ case_class: 1 occurrences
  ✓ sealed_trait: 1 occurrences
  ✓ companion_object: 1 occurrences
  Suggestions:
    → Consider refactoring: Null usage (prefer Option)

READABILITY:
----------------------------------------
Score: 5/5 (EXCELLENT)
  Total lines: 44
  Scaladoc blocks: 1
  Single-line comments: 6
  Type annotations: 2

PARADIGM_MATCH:
----------------------------------------
Score: 1/5 (POOR)
  ✓ immutable_collections: 1 occurrences
  Immutability ratio (val/total): 0.00%
  Option usage: 0, null usage: 1
  Case classes: 1, Case objects: 6
  Suggestions:
    → Consider using Option instead of null

APPROPRIATE_ABSTRACTIONS:
----------------------------------------
Score: 3/5 (ADEQUATE)
  Traits defined: 1
  ✓ Sealed hierarchies: 1
  Generic type usages: 1
  Objects/Companions: 1
  Encapsulation modifiers: 0
  Suggestions:
    → Consider using more traits for abstraction
    → Consider using type classes for polymorphism

============================================================
EVALUATION SUMMARY
============================================================
Overall Score: 13/25 (52.0%)
Status: ❌ NEEDS IMPROVEMENT
============================================================

