INFO: Instrumenting minisgl.env
INFO: Instrumenting __future__
INFO: Instrumenting minisgl.utils
INFO: Instrumenting minisgl.utils.arch
INFO: Instrumenting minisgl.utils.hf
INFO: Instrumenting minisgl.utils.logger
INFO: Instrumenting minisgl.utils.misc
INFO: Instrumenting minisgl.utils.mp
INFO: Instrumenting msgpack
INFO: Instrumenting msgpack.exceptions
INFO: Instrumenting msgpack.ext
INFO: Instrumenting datetime
INFO: Instrumenting struct
INFO: Instrumenting zmq
INFO: Instrumenting zmq.backend
INFO: Instrumenting platform
INFO: Instrumenting zmq.backend.select
INFO: Instrumenting zmq.backend.cython
INFO: Instrumenting zmq.constants
INFO: Instrumenting zmq.error
INFO: Instrumenting zmq.sugar
INFO: Instrumenting zmq.sugar.context
INFO: Instrumenting zmq._typing
INFO: Instrumenting zmq.utils
INFO: Instrumenting zmq.utils.interop
INFO: Instrumenting zmq.sugar.attrsettr
INFO: Instrumenting zmq.sugar.socket
INFO: Instrumenting pickle
INFO: Instrumenting _compat_pickle
INFO: Instrumenting zmq.utils.jsonapi
INFO: Instrumenting json
INFO: Instrumenting json.decoder
INFO: Instrumenting json.scanner
INFO: Instrumenting json.encoder
INFO: Instrumenting zmq.sugar.poll
INFO: Instrumenting zmq.sugar.frame
INFO: Instrumenting zmq.sugar.tracker
INFO: Instrumenting zmq.sugar.version
INFO: Instrumenting zmq.sugar.stopwatch
INFO: Instrumenting zmq.asyncio
INFO: Instrumenting asyncio
INFO: Instrumenting asyncio.base_events
INFO: Instrumenting concurrent
INFO: Instrumenting concurrent.futures
INFO: Instrumenting concurrent.futures._base
INFO: Instrumenting heapq
INFO: Instrumenting socket
INFO: Instrumenting selectors
INFO: Instrumenting subprocess
INFO: Instrumenting locale
INFO: Instrumenting _locale
WARNING: It looks like this module is imported by a custom loader. Atheris has experimental support for this. However, it may be incompatible with certain libraries. If you experience unusual errors or poor coverage collection, try atheris.instrument_all() instead, add enable_loader_override=False to instrument_imports(), or file an issue on GitHub.
INFO: Instrumenting signal
INFO: Instrumenting ssl
INFO: Instrumenting base64
INFO: Instrumenting asyncio.constants
INFO: Instrumenting asyncio.coroutines
INFO: Instrumenting asyncio.events
INFO: Instrumenting contextvars
INFO: Instrumenting asyncio.format_helpers
INFO: Instrumenting asyncio.base_futures
INFO: Instrumenting asyncio.exceptions
INFO: Instrumenting asyncio.base_tasks
INFO: Instrumenting asyncio.futures
INFO: Instrumenting asyncio.protocols
INFO: Instrumenting asyncio.sslproto
INFO: Instrumenting asyncio.transports
INFO: Instrumenting asyncio.log
INFO: Instrumenting asyncio.staggered
INFO: Instrumenting asyncio.locks
INFO: Instrumenting asyncio.mixins
INFO: Instrumenting asyncio.tasks
INFO: Instrumenting asyncio.trsock
INFO: Instrumenting asyncio.runners
INFO: Instrumenting asyncio.queues
INFO: Instrumenting asyncio.streams
INFO: Instrumenting asyncio.subprocess
INFO: Instrumenting asyncio.taskgroups
INFO: Instrumenting asyncio.timeouts
INFO: Instrumenting asyncio.threads
INFO: Instrumenting asyncio.unix_events
INFO: Instrumenting asyncio.base_subprocess
INFO: Instrumenting asyncio.selector_events
INFO: Instrumenting zmq._future
INFO: Instrumenting minisgl.utils.registry
INFO: Instrumenting minisgl.utils.torch_utils
INFO: Using built-in libfuzzer
WARNING: Failed to find function "__sanitizer_acquire_crash_state".
WARNING: Failed to find function "__sanitizer_print_stack_trace".
WARNING: Failed to find function "__sanitizer_set_death_callback".
INFO: Running with entropic power schedule (0xFF, 100).
INFO: Seed: 862228507
INFO: -max_len is not provided; libFuzzer will not generate inputs larger than 4096 bytes
INFO: A corpus is not provided, starting from an empty corpus
#2	INITED cov: 5 ft: 5 corp: 1/1b exec/s: 0 rss: 51Mb
#4	NEW    cov: 7 ft: 7 corp: 2/4b lim: 4 exec/s: 0 rss: 51Mb L: 3/3 MS: 2 InsertByte-CopyPart-
#13	NEW    cov: 8 ft: 8 corp: 3/7b lim: 4 exec/s: 0 rss: 51Mb L: 3/3 MS: 4 ChangeBit-EraseBytes-InsertByte-ChangeBit-
#128	REDUCE cov: 8 ft: 8 corp: 3/6b lim: 4 exec/s: 0 rss: 51Mb L: 2/3 MS: 5 ShuffleBytes-InsertByte-CrossOver-EraseBytes-ChangeByte-
#226	REDUCE cov: 8 ft: 8 corp: 3/5b lim: 4 exec/s: 0 rss: 51Mb L: 2/2 MS: 3 ChangeByte-ChangeByte-EraseBytes-
#304	REDUCE cov: 9 ft: 9 corp: 4/9b lim: 4 exec/s: 0 rss: 51Mb L: 4/4 MS: 3 InsertByte-CrossOver-ChangeBit-
#509	REDUCE cov: 9 ft: 9 corp: 4/8b lim: 4 exec/s: 0 rss: 51Mb L: 3/3 MS: 5 ShuffleBytes-CopyPart-ShuffleBytes-CrossOver-EraseBytes-
#595	REDUCE cov: 9 ft: 9 corp: 4/7b lim: 4 exec/s: 0 rss: 51Mb L: 2/2 MS: 1 EraseBytes-
#4276	REDUCE cov: 10 ft: 10 corp: 5/45b lim: 38 exec/s: 0 rss: 51Mb L: 38/38 MS: 1 InsertRepeatedBytes-
#4291	REDUCE cov: 10 ft: 10 corp: 5/41b lim: 38 exec/s: 0 rss: 51Mb L: 34/34 MS: 5 ChangeBinInt-EraseBytes-CrossOver-ChangeBit-InsertByte-
#262144	pulse  cov: 10 ft: 10 corp: 5/41b lim: 2600 exec/s: 131072 rss: 52Mb
#524288	pulse  cov: 10 ft: 10 corp: 5/41b lim: 4096 exec/s: 131072 rss: 52Mb
#1048576	pulse  cov: 10 ft: 10 corp: 5/41b lim: 4096 exec/s: 116508 rss: 52Mb
#1216146	DONE   cov: 10 ft: 10 corp: 5/41b lim: 4096 exec/s: 110558 rss: 52Mb
Done 1216146 runs in 11 second(s)
