INFO: Instrumenting decimal
INFO: Instrumenting numbers
INFO: Using built-in libfuzzer
WARNING: Failed to find function "__sanitizer_acquire_crash_state".
WARNING: Failed to find function "__sanitizer_print_stack_trace".
WARNING: Failed to find function "__sanitizer_set_death_callback".
INFO: Running with entropic power schedule (0xFF, 100).
INFO: Seed: 1863508538
INFO: -max_len is not provided; libFuzzer will not generate inputs larger than 4096 bytes
INFO: A corpus is not provided, starting from an empty corpus
#2	INITED cov: 25 ft: 25 corp: 1/1b exec/s: 0 rss: 42Mb
#214	NEW    cov: 29 ft: 29 corp: 2/7b lim: 6 exec/s: 0 rss: 42Mb L: 6/6 MS: 2 InsertByte-InsertRepeatedBytes-
#239	NEW    cov: 29 ft: 31 corp: 3/13b lim: 6 exec/s: 0 rss: 42Mb L: 6/6 MS: 5 ChangeByte-CopyPart-ShuffleBytes-CopyPart-CrossOver-
#248	NEW    cov: 29 ft: 33 corp: 4/18b lim: 6 exec/s: 0 rss: 42Mb L: 5/6 MS: 4 ShuffleBytes-ChangeByte-CopyPart-InsertRepeatedBytes-
#289	NEW    cov: 29 ft: 35 corp: 5/24b lim: 6 exec/s: 0 rss: 42Mb L: 6/6 MS: 1 ChangeBit-
#297	NEW    cov: 29 ft: 36 corp: 6/30b lim: 6 exec/s: 0 rss: 42Mb L: 6/6 MS: 3 EraseBytes-ChangeBinInt-CopyPart-
#346	REDUCE cov: 29 ft: 36 corp: 6/29b lim: 6 exec/s: 0 rss: 42Mb L: 5/6 MS: 4 CMP-ChangeBit-ChangeByte-EraseBytes- DE: "\377\377\377\377"-
#592	REDUCE cov: 29 ft: 36 corp: 6/28b lim: 8 exec/s: 0 rss: 42Mb L: 5/6 MS: 1 EraseBytes-
#708	REDUCE cov: 29 ft: 36 corp: 6/27b lim: 8 exec/s: 0 rss: 42Mb L: 5/6 MS: 1 EraseBytes-
#821	NEW    cov: 29 ft: 37 corp: 7/35b lim: 8 exec/s: 0 rss: 42Mb L: 8/8 MS: 3 InsertByte-ChangeByte-InsertRepeatedBytes-
#848	REDUCE cov: 29 ft: 37 corp: 7/32b lim: 8 exec/s: 0 rss: 42Mb L: 5/6 MS: 2 CopyPart-EraseBytes-
#1175	REDUCE cov: 30 ft: 40 corp: 8/43b lim: 11 exec/s: 0 rss: 42Mb L: 11/11 MS: 2 PersAutoDict-CrossOver- DE: "\377\377\377\377"-
#1706	REDUCE cov: 30 ft: 40 corp: 8/42b lim: 14 exec/s: 0 rss: 42Mb L: 5/11 MS: 1 EraseBytes-
#2430	NEW    cov: 32 ft: 44 corp: 9/62b lim: 21 exec/s: 0 rss: 42Mb L: 20/20 MS: 4 ShuffleBytes-PersAutoDict-InsertByte-PersAutoDict- DE: "\377\377\377\377"-"\377\377\377\377"-
#2495	REDUCE cov: 32 ft: 45 corp: 10/81b lim: 21 exec/s: 0 rss: 42Mb L: 19/20 MS: 5 ChangeBit-CopyPart-ChangeBinInt-CMP-InsertRepeatedBytes- DE: "\377\377\377\377\377\377\377\014"-
#13234	NEW    cov: 33 ft: 46 corp: 11/203b lim: 122 exec/s: 0 rss: 42Mb L: 122/122 MS: 4 EraseBytes-InsertRepeatedBytes-ChangeBit-CopyPart-
#13822	REDUCE cov: 33 ft: 46 corp: 11/202b lim: 122 exec/s: 0 rss: 42Mb L: 121/121 MS: 3 EraseBytes-InsertRepeatedBytes-InsertRepeatedBytes-
#65536	pulse  cov: 33 ft: 46 corp: 11/202b lim: 634 exec/s: 32768 rss: 42Mb
#131072	pulse  cov: 33 ft: 46 corp: 11/202b lim: 1280 exec/s: 26214 rss: 42Mb
#256842	DONE   cov: 33 ft: 46 corp: 11/202b lim: 2534 exec/s: 23349 rss: 42Mb
###### Recommended dictionary. ######
"\377\377\377\377" # Uses: 11888
"\377\377\377\377\377\377\377\014" # Uses: 9833
###### End of recommended dictionary. ######
Done 256842 runs in 11 second(s)
