INFO: Instrumenting 13524 functions...
INFO: Using built-in libfuzzer
WARNING: Failed to find function "__sanitizer_acquire_crash_state".
WARNING: Failed to find function "__sanitizer_print_stack_trace".
WARNING: Failed to find function "__sanitizer_set_death_callback".
INFO: Running with entropic power schedule (0xFF, 100).
INFO: Seed: 4249709777
INFO: -max_len is not provided; libFuzzer will not generate inputs larger than 4096 bytes
INFO: A corpus is not provided, starting from an empty corpus
#2	INITED cov: 116 ft: 116 corp: 1/1b exec/s: 0 rss: 91Mb
#5	NEW    cov: 485 ft: 495 corp: 2/5b lim: 4 exec/s: 0 rss: 92Mb L: 4/4 MS: 3 CopyPart-ChangeBit-CopyPart-
#29	NEW    cov: 486 ft: 500 corp: 3/8b lim: 4 exec/s: 0 rss: 92Mb L: 3/4 MS: 4 ChangeByte-InsertByte-CrossOver-InsertByte-
#36	NEW    cov: 487 ft: 513 corp: 4/12b lim: 4 exec/s: 0 rss: 92Mb L: 4/4 MS: 2 ChangeBit-ChangeBinInt-
#43	NEW    cov: 487 ft: 514 corp: 5/15b lim: 4 exec/s: 0 rss: 92Mb L: 3/4 MS: 2 CrossOver-ChangeByte-
#50	NEW    cov: 500 ft: 549 corp: 6/19b lim: 4 exec/s: 0 rss: 92Mb L: 4/4 MS: 2 ChangeByte-InsertByte-
#56	REDUCE cov: 500 ft: 549 corp: 6/18b lim: 4 exec/s: 0 rss: 92Mb L: 3/4 MS: 1 EraseBytes-
#57	REDUCE cov: 504 ft: 563 corp: 7/21b lim: 4 exec/s: 0 rss: 92Mb L: 3/4 MS: 1 ChangeByte-
#58	NEW    cov: 504 ft: 567 corp: 8/25b lim: 4 exec/s: 0 rss: 92Mb L: 4/4 MS: 1 ChangeByte-
#69	NEW    cov: 504 ft: 569 corp: 9/29b lim: 4 exec/s: 0 rss: 92Mb L: 4/4 MS: 1 CrossOver-
#71	NEW    cov: 504 ft: 579 corp: 10/33b lim: 4 exec/s: 0 rss: 92Mb L: 4/4 MS: 2 CopyPart-CrossOver-
#78	NEW    cov: 504 ft: 581 corp: 11/37b lim: 4 exec/s: 0 rss: 92Mb L: 4/4 MS: 2 CopyPart-ChangeByte-
#80	NEW    cov: 504 ft: 583 corp: 12/41b lim: 4 exec/s: 0 rss: 92Mb L: 4/4 MS: 2 CrossOver-CrossOver-
#96	REDUCE cov: 504 ft: 583 corp: 12/40b lim: 4 exec/s: 0 rss: 92Mb L: 3/4 MS: 1 CrossOver-
#129	NEW    cov: 504 ft: 586 corp: 13/42b lim: 4 exec/s: 0 rss: 92Mb L: 2/4 MS: 3 InsertByte-ChangeByte-EraseBytes-
#140	NEW    cov: 517 ft: 600 corp: 14/45b lim: 4 exec/s: 0 rss: 92Mb L: 3/4 MS: 1 ChangeByte-
#143	NEW    cov: 534 ft: 729 corp: 15/48b lim: 4 exec/s: 0 rss: 92Mb L: 3/4 MS: 3 EraseBytes-CopyPart-ChangeBinInt-
#144	NEW    cov: 534 ft: 730 corp: 16/52b lim: 4 exec/s: 0 rss: 92Mb L: 4/4 MS: 1 InsertByte-
#158	NEW    cov: 534 ft: 733 corp: 17/56b lim: 4 exec/s: 0 rss: 92Mb L: 4/4 MS: 4 ShuffleBytes-ChangeByte-InsertByte-ChangeBinInt-
#161	NEW    cov: 585 ft: 854 corp: 18/60b lim: 4 exec/s: 0 rss: 92Mb L: 4/4 MS: 3 ChangeBit-ChangeBinInt-ShuffleBytes-
#165	NEW    cov: 587 ft: 856 corp: 19/63b lim: 4 exec/s: 0 rss: 92Mb L: 3/4 MS: 4 ChangeBinInt-ChangeByte-ChangeBinInt-ChangeByte-
#172	NEW    cov: 588 ft: 857 corp: 20/65b lim: 4 exec/s: 0 rss: 92Mb L: 2/4 MS: 2 CrossOver-EraseBytes-
#187	NEW    cov: 588 ft: 858 corp: 21/67b lim: 4 exec/s: 0 rss: 92Mb L: 2/4 MS: 5 EraseBytes-ChangeByte-ChangeBinInt-EraseBytes-ChangeByte-
#189	NEW    cov: 588 ft: 861 corp: 22/71b lim: 4 exec/s: 0 rss: 92Mb L: 4/4 MS: 2 CrossOver-CrossOver-
#190	NEW    cov: 588 ft: 862 corp: 23/75b lim: 4 exec/s: 0 rss: 92Mb L: 4/4 MS: 1 ChangeByte-
#192	NEW    cov: 592 ft: 896 corp: 24/79b lim: 4 exec/s: 0 rss: 92Mb L: 4/4 MS: 2 InsertByte-ChangeASCIIInt-
#197	NEW    cov: 592 ft: 902 corp: 25/81b lim: 4 exec/s: 0 rss: 92Mb L: 2/4 MS: 5 ChangeBit-CrossOver-CrossOver-ChangeBit-InsertByte-
#204	NEW    cov: 592 ft: 904 corp: 26/85b lim: 4 exec/s: 0 rss: 92Mb L: 4/4 MS: 2 ShuffleBytes-CrossOver-
#211	NEW    cov: 598 ft: 913 corp: 27/88b lim: 4 exec/s: 0 rss: 92Mb L: 3/4 MS: 2 ChangeBinInt-CrossOver-
#279	REDUCE cov: 598 ft: 915 corp: 28/92b lim: 4 exec/s: 0 rss: 92Mb L: 4/4 MS: 3 ShuffleBytes-CopyPart-CrossOver-
#296	NEW    cov: 599 ft: 916 corp: 29/96b lim: 4 exec/s: 0 rss: 92Mb L: 4/4 MS: 2 CrossOver-ShuffleBytes-
#342	REDUCE cov: 599 ft: 916 corp: 29/95b lim: 4 exec/s: 0 rss: 92Mb L: 3/4 MS: 1 EraseBytes-
/app/ipython/IPython/core/inputtransformer2.py:608: UserWarning: `make_tokens_by_line` received a list of lines which do not have lineending markers ('\n', '\r', '\r\n', '\x0b', '\x0c'), behavior will be unspecified
  tokens_by_line = make_tokens_by_line(lines)
#374	REDUCE cov: 647 ft: 971 corp: 30/99b lim: 4 exec/s: 0 rss: 92Mb L: 4/4 MS: 2 InsertByte-ChangeBit-
#381	NEW    cov: 647 ft: 975 corp: 31/103b lim: 4 exec/s: 0 rss: 92Mb L: 4/4 MS: 2 CopyPart-InsertByte-
#424	NEW    cov: 648 ft: 977 corp: 32/107b lim: 4 exec/s: 0 rss: 92Mb L: 4/4 MS: 3 ChangeBit-ChangeBinInt-ChangeBit-
#465	NEW    cov: 648 ft: 979 corp: 33/111b lim: 4 exec/s: 0 rss: 92Mb L: 4/4 MS: 1 CopyPart-
#501	NEW    cov: 648 ft: 980 corp: 34/115b lim: 4 exec/s: 0 rss: 92Mb L: 4/4 MS: 1 InsertByte-
#541	NEW    cov: 648 ft: 984 corp: 35/117b lim: 4 exec/s: 0 rss: 92Mb L: 2/4 MS: 5 CopyPart-EraseBytes-ChangeBinInt-CrossOver-ChangeByte-
#551	REDUCE cov: 648 ft: 984 corp: 35/116b lim: 4 exec/s: 0 rss: 92Mb L: 3/4 MS: 5 CrossOver-ShuffleBytes-ChangeBit-ChangeByte-EraseBytes-
#556	NEW    cov: 651 ft: 997 corp: 36/118b lim: 4 exec/s: 0 rss: 92Mb L: 2/4 MS: 5 CrossOver-InsertByte-ShuffleBytes-EraseBytes-CrossOver-
#565	NEW    cov: 656 ft: 1002 corp: 37/121b lim: 4 exec/s: 0 rss: 92Mb L: 3/4 MS: 4 ChangeBinInt-CrossOver-CrossOver-ChangeBinInt-
#566	REDUCE cov: 656 ft: 1002 corp: 37/120b lim: 4 exec/s: 0 rss: 92Mb L: 2/4 MS: 1 CrossOver-
#575	NEW    cov: 656 ft: 1003 corp: 38/124b lim: 4 exec/s: 0 rss: 92Mb L: 4/4 MS: 4 ShuffleBytes-CrossOver-CrossOver-CrossOver-
#584	NEW    cov: 656 ft: 1027 corp: 39/128b lim: 4 exec/s: 0 rss: 92Mb L: 4/4 MS: 4 EraseBytes-ChangeBit-CopyPart-ShuffleBytes-
#651	REDUCE cov: 657 ft: 1028 corp: 40/131b lim: 4 exec/s: 0 rss: 92Mb L: 3/4 MS: 2 ChangeBinInt-InsertByte-
#664	NEW    cov: 659 ft: 1030 corp: 41/134b lim: 4 exec/s: 0 rss: 92Mb L: 3/4 MS: 3 CopyPart-ShuffleBytes-ChangeByte-
#683	NEW    cov: 660 ft: 1031 corp: 42/137b lim: 4 exec/s: 0 rss: 92Mb L: 3/4 MS: 4 ChangeByte-EraseBytes-CrossOver-CrossOver-
#689	NEW    cov: 660 ft: 1033 corp: 43/141b lim: 4 exec/s: 0 rss: 92Mb L: 4/4 MS: 1 CopyPart-
#717	NEW    cov: 660 ft: 1034 corp: 44/145b lim: 4 exec/s: 0 rss: 92Mb L: 4/4 MS: 3 ChangeBinInt-CMP-ChangeBit- DE: "\377\377"-
#719	REDUCE cov: 660 ft: 1141 corp: 45/149b lim: 4 exec/s: 0 rss: 92Mb L: 4/4 MS: 2 CopyPart-CrossOver-
#731	NEW    cov: 661 ft: 1145 corp: 46/153b lim: 4 exec/s: 0 rss: 92Mb L: 4/4 MS: 2 PersAutoDict-ChangeByte- DE: "\377\377"-
#747	NEW    cov: 661 ft: 1146 corp: 47/157b lim: 4 exec/s: 0 rss: 92Mb L: 4/4 MS: 1 CrossOver-
#752	NEW    cov: 661 ft: 1157 corp: 48/160b lim: 4 exec/s: 0 rss: 92Mb L: 3/4 MS: 5 ShuffleBytes-ShuffleBytes-InsertByte-ChangeBit-CopyPart-
#823	NEW    cov: 661 ft: 1160 corp: 49/164b lim: 4 exec/s: 0 rss: 92Mb L: 4/4 MS: 1 ChangeBit-
#829	NEW    cov: 663 ft: 1165 corp: 50/168b lim: 4 exec/s: 0 rss: 92Mb L: 4/4 MS: 1 ChangeByte-
#838	NEW    cov: 664 ft: 1166 corp: 51/172b lim: 4 exec/s: 0 rss: 92Mb L: 4/4 MS: 4 ChangeByte-PersAutoDict-CrossOver-CopyPart- DE: "\377\377"-
#876	REDUCE cov: 664 ft: 1166 corp: 51/171b lim: 4 exec/s: 0 rss: 92Mb L: 3/4 MS: 3 ShuffleBytes-ChangeByte-EraseBytes-
#1096	NEW    cov: 669 ft: 1171 corp: 52/176b lim: 6 exec/s: 0 rss: 92Mb L: 5/5 MS: 5 InsertRepeatedBytes-CrossOver-CrossOver-ShuffleBytes-ShuffleBytes-
#1097	NEW    cov: 670 ft: 1172 corp: 53/182b lim: 6 exec/s: 0 rss: 92Mb L: 6/6 MS: 1 CrossOver-
#1138	NEW    cov: 670 ft: 1174 corp: 54/188b lim: 6 exec/s: 0 rss: 92Mb L: 6/6 MS: 1 CopyPart-
#1164	NEW    cov: 671 ft: 1175 corp: 55/193b lim: 6 exec/s: 0 rss: 92Mb L: 5/6 MS: 1 CopyPart-
#1215	REDUCE cov: 671 ft: 1175 corp: 55/192b lim: 6 exec/s: 0 rss: 92Mb L: 4/6 MS: 1 EraseBytes-
#1242	REDUCE cov: 671 ft: 1175 corp: 55/191b lim: 6 exec/s: 0 rss: 92Mb L: 2/6 MS: 2 ShuffleBytes-EraseBytes-
#1378	NEW    cov: 671 ft: 1181 corp: 56/197b lim: 6 exec/s: 0 rss: 92Mb L: 6/6 MS: 1 CrossOver-
#1411	NEW    cov: 671 ft: 1182 corp: 57/200b lim: 6 exec/s: 0 rss: 92Mb L: 3/6 MS: 3 ShuffleBytes-ChangeByte-EraseBytes-
#1443	NEW    cov: 688 ft: 1300 corp: 58/204b lim: 6 exec/s: 0 rss: 92Mb L: 4/6 MS: 2 CrossOver-CopyPart-
#1483	NEW    cov: 691 ft: 1311 corp: 59/208b lim: 6 exec/s: 0 rss: 92Mb L: 4/6 MS: 5 InsertByte-CrossOver-ShuffleBytes-CrossOver-ChangeBit-
#1498	NEW    cov: 693 ft: 1314 corp: 60/210b lim: 6 exec/s: 0 rss: 92Mb L: 2/6 MS: 5 ChangeBinInt-CrossOver-ChangeByte-InsertByte-ChangeBit-
#1513	NEW    cov: 694 ft: 1315 corp: 61/213b lim: 6 exec/s: 0 rss: 92Mb L: 3/6 MS: 5 InsertByte-InsertByte-ShuffleBytes-CopyPart-CrossOver-
#1564	NEW    cov: 694 ft: 1316 corp: 62/219b lim: 6 exec/s: 0 rss: 92Mb L: 6/6 MS: 1 CopyPart-
#1594	NEW    cov: 695 ft: 1317 corp: 63/225b lim: 6 exec/s: 0 rss: 92Mb L: 6/6 MS: 5 CrossOver-CopyPart-ChangeBit-PersAutoDict-InsertByte- DE: "\377\377"-
#1605	REDUCE cov: 695 ft: 1317 corp: 63/223b lim: 6 exec/s: 0 rss: 92Mb L: 4/6 MS: 1 EraseBytes-
#1686	NEW    cov: 695 ft: 1319 corp: 64/229b lim: 6 exec/s: 0 rss: 92Mb L: 6/6 MS: 1 ChangeByte-
#1693	NEW    cov: 695 ft: 1320 corp: 65/235b lim: 6 exec/s: 0 rss: 92Mb L: 6/6 MS: 2 PersAutoDict-CopyPart- DE: "\377\377"-
#1841	NEW    cov: 697 ft: 1322 corp: 66/238b lim: 6 exec/s: 0 rss: 92Mb L: 3/6 MS: 3 CopyPart-CopyPart-EraseBytes-
#1915	NEW    cov: 698 ft: 1323 corp: 67/241b lim: 6 exec/s: 0 rss: 92Mb L: 3/6 MS: 4 CrossOver-InsertByte-EraseBytes-ChangeBit-
#1948	NEW    cov: 698 ft: 1326 corp: 68/247b lim: 6 exec/s: 0 rss: 92Mb L: 6/6 MS: 3 ChangeBinInt-PersAutoDict-ShuffleBytes- DE: "\377\377"-
#1965	NEW    cov: 698 ft: 1328 corp: 69/252b lim: 6 exec/s: 0 rss: 92Mb L: 5/6 MS: 2 CopyPart-CrossOver-
#2001	REDUCE cov: 698 ft: 1328 corp: 69/251b lim: 6 exec/s: 0 rss: 92Mb L: 4/6 MS: 1 EraseBytes-
#2115	NEW    cov: 703 ft: 1335 corp: 70/257b lim: 6 exec/s: 0 rss: 92Mb L: 6/6 MS: 4 PersAutoDict-ChangeByte-ShuffleBytes-ChangeBit- DE: "\377\377"-
#2176	NEW    cov: 703 ft: 1338 corp: 71/261b lim: 6 exec/s: 0 rss: 92Mb L: 4/6 MS: 1 CopyPart-
#2308	REDUCE cov: 703 ft: 1338 corp: 71/260b lim: 6 exec/s: 0 rss: 92Mb L: 2/6 MS: 2 InsertByte-EraseBytes-
#2313	NEW    cov: 703 ft: 1399 corp: 72/266b lim: 6 exec/s: 0 rss: 92Mb L: 6/6 MS: 5 ShuffleBytes-CopyPart-ChangeBit-CrossOver-CopyPart-
#2314	NEW    cov: 703 ft: 1400 corp: 73/271b lim: 6 exec/s: 0 rss: 92Mb L: 5/6 MS: 1 CrossOver-
#2373	REDUCE cov: 703 ft: 1400 corp: 73/270b lim: 6 exec/s: 0 rss: 92Mb L: 3/6 MS: 4 CrossOver-ShuffleBytes-InsertByte-EraseBytes-
#2412	NEW    cov: 703 ft: 1404 corp: 74/275b lim: 6 exec/s: 0 rss: 92Mb L: 5/6 MS: 4 EraseBytes-CrossOver-InsertByte-CrossOver-
#2513	REDUCE cov: 703 ft: 1404 corp: 74/273b lim: 6 exec/s: 0 rss: 92Mb L: 4/6 MS: 1 EraseBytes-
#2551	REDUCE cov: 703 ft: 1404 corp: 74/271b lim: 6 exec/s: 0 rss: 92Mb L: 2/6 MS: 3 CrossOver-EraseBytes-InsertByte-
#2853	NEW    cov: 705 ft: 1406 corp: 75/275b lim: 8 exec/s: 0 rss: 92Mb L: 4/6 MS: 2 PersAutoDict-ChangeByte- DE: "\377\377"-
#2910	NEW    cov: 705 ft: 1408 corp: 76/279b lim: 8 exec/s: 0 rss: 92Mb L: 4/6 MS: 2 EraseBytes-CopyPart-
#2927	NEW    cov: 705 ft: 1410 corp: 77/286b lim: 8 exec/s: 0 rss: 92Mb L: 7/7 MS: 2 CopyPart-CrossOver-
#2998	NEW    cov: 705 ft: 1423 corp: 78/292b lim: 8 exec/s: 0 rss: 92Mb L: 6/7 MS: 1 CopyPart-
#3005	REDUCE cov: 705 ft: 1425 corp: 79/300b lim: 8 exec/s: 0 rss: 92Mb L: 8/8 MS: 2 ChangeBinInt-CrossOver-
#3119	REDUCE cov: 705 ft: 1426 corp: 80/307b lim: 8 exec/s: 0 rss: 92Mb L: 7/8 MS: 4 CrossOver-ShuffleBytes-EraseBytes-CrossOver-
#3185	REDUCE cov: 705 ft: 1430 corp: 81/309b lim: 8 exec/s: 0 rss: 92Mb L: 2/8 MS: 1 EraseBytes-
#3187	NEW    cov: 706 ft: 1431 corp: 82/314b lim: 8 exec/s: 0 rss: 92Mb L: 5/8 MS: 2 ChangeBinInt-CopyPart-
#3368	NEW    cov: 706 ft: 1432 corp: 83/320b lim: 8 exec/s: 0 rss: 92Mb L: 6/8 MS: 1 CopyPart-
#3389	NEW    cov: 706 ft: 1439 corp: 84/328b lim: 8 exec/s: 0 rss: 92Mb L: 8/8 MS: 1 CopyPart-
#3510	NEW    cov: 708 ft: 1441 corp: 85/332b lim: 8 exec/s: 0 rss: 92Mb L: 4/8 MS: 1 ChangeBit-
#3526	NEW    cov: 708 ft: 1446 corp: 86/338b lim: 8 exec/s: 0 rss: 92Mb L: 6/8 MS: 1 PersAutoDict- DE: "\377\377"-
#3537	NEW    cov: 708 ft: 1449 corp: 87/346b lim: 8 exec/s: 0 rss: 92Mb L: 8/8 MS: 1 InsertByte-
#3694	REDUCE cov: 708 ft: 1449 corp: 87/345b lim: 8 exec/s: 0 rss: 92Mb L: 5/8 MS: 2 InsertByte-CrossOver-
#3719	NEW    cov: 709 ft: 1450 corp: 88/352b lim: 8 exec/s: 0 rss: 92Mb L: 7/8 MS: 5 PersAutoDict-ChangeByte-ShuffleBytes-ChangeBinInt-CrossOver- DE: "\377\377"-
#3745	REDUCE cov: 709 ft: 1450 corp: 88/351b lim: 8 exec/s: 0 rss: 92Mb L: 3/8 MS: 1 EraseBytes-
#3796	REDUCE cov: 709 ft: 1450 corp: 88/349b lim: 8 exec/s: 0 rss: 92Mb L: 5/8 MS: 1 EraseBytes-
#3983	NEW    cov: 725 ft: 1658 corp: 89/357b lim: 8 exec/s: 0 rss: 92Mb L: 8/8 MS: 2 PersAutoDict-InsertRepeatedBytes- DE: "\377\377"-
#4384	NEW    cov: 725 ft: 1695 corp: 90/367b lim: 11 exec/s: 0 rss: 92Mb L: 10/10 MS: 1 CopyPart-
#4405	NEW    cov: 725 ft: 1696 corp: 91/375b lim: 11 exec/s: 0 rss: 92Mb L: 8/10 MS: 1 ChangeBinInt-
#4554	NEW    cov: 725 ft: 1697 corp: 92/386b lim: 11 exec/s: 0 rss: 92Mb L: 11/11 MS: 4 InsertByte-EraseBytes-ShuffleBytes-CopyPart-
#4562	NEW    cov: 725 ft: 1704 corp: 93/395b lim: 11 exec/s: 0 rss: 92Mb L: 9/11 MS: 3 ShuffleBytes-CrossOver-ShuffleBytes-
#4668	NEW    cov: 725 ft: 1711 corp: 94/404b lim: 11 exec/s: 0 rss: 92Mb L: 9/11 MS: 1 ShuffleBytes-
#4669	NEW    cov: 727 ft: 1714 corp: 95/415b lim: 11 exec/s: 0 rss: 92Mb L: 11/11 MS: 1 InsertRepeatedBytes-
#4685	REDUCE cov: 727 ft: 1714 corp: 95/414b lim: 11 exec/s: 0 rss: 92Mb L: 3/11 MS: 1 EraseBytes-
#4928	REDUCE cov: 727 ft: 1716 corp: 96/422b lim: 11 exec/s: 0 rss: 92Mb L: 8/11 MS: 3 InsertRepeatedBytes-ChangeByte-CrossOver-
#5081	REDUCE cov: 727 ft: 1716 corp: 96/421b lim: 11 exec/s: 0 rss: 92Mb L: 5/11 MS: 3 ChangeByte-EraseBytes-CrossOver-
#5166	NEW    cov: 728 ft: 1717 corp: 97/431b lim: 11 exec/s: 0 rss: 92Mb L: 10/11 MS: 5 InsertRepeatedBytes-ChangeASCIIInt-ChangeBit-ChangeByte-InsertByte-
#5173	NEW    cov: 728 ft: 1718 corp: 98/442b lim: 11 exec/s: 0 rss: 92Mb L: 11/11 MS: 2 ChangeBit-CrossOver-
#5175	NEW    cov: 729 ft: 1719 corp: 99/451b lim: 11 exec/s: 0 rss: 92Mb L: 9/11 MS: 2 InsertByte-CopyPart-
#5221	NEW    cov: 729 ft: 1742 corp: 100/462b lim: 11 exec/s: 0 rss: 92Mb L: 11/11 MS: 1 InsertByte-
#5281	NEW    cov: 729 ft: 1745 corp: 101/469b lim: 11 exec/s: 0 rss: 92Mb L: 7/11 MS: 5 InsertRepeatedBytes-ChangeByte-CrossOver-EraseBytes-ShuffleBytes-
#5307	REDUCE cov: 729 ft: 1745 corp: 101/468b lim: 11 exec/s: 0 rss: 92Mb L: 3/11 MS: 1 EraseBytes-
#5343	REDUCE cov: 729 ft: 1745 corp: 101/467b lim: 11 exec/s: 0 rss: 92Mb L: 2/11 MS: 1 EraseBytes-
#5414	NEW    cov: 729 ft: 1750 corp: 102/474b lim: 11 exec/s: 0 rss: 92Mb L: 7/11 MS: 1 InsertByte-
#5697	NEW    cov: 729 ft: 1751 corp: 103/485b lim: 11 exec/s: 0 rss: 92Mb L: 11/11 MS: 3 PersAutoDict-ChangeBinInt-CrossOver- DE: "\377\377"-
#5758	NEW    cov: 729 ft: 1752 corp: 104/492b lim: 11 exec/s: 0 rss: 92Mb L: 7/11 MS: 1 ChangeByte-
#5784	NEW    cov: 729 ft: 1757 corp: 105/502b lim: 11 exec/s: 0 rss: 92Mb L: 10/11 MS: 1 CrossOver-
#6085	NEW    cov: 729 ft: 1761 corp: 106/509b lim: 11 exec/s: 0 rss: 92Mb L: 7/11 MS: 1 CrossOver-
#6118	NEW    cov: 729 ft: 1767 corp: 107/520b lim: 11 exec/s: 0 rss: 92Mb L: 11/11 MS: 3 CopyPart-InsertByte-CrossOver-
#6476	REDUCE cov: 729 ft: 1768 corp: 108/528b lim: 14 exec/s: 0 rss: 92Mb L: 8/11 MS: 3 ShuffleBytes-InsertByte-CopyPart-
#6487	NEW    cov: 729 ft: 1771 corp: 109/537b lim: 14 exec/s: 0 rss: 92Mb L: 9/11 MS: 1 CrossOver-
#6550	NEW    cov: 730 ft: 1772 corp: 110/551b lim: 14 exec/s: 0 rss: 92Mb L: 14/14 MS: 3 CopyPart-CopyPart-ChangeBit-
#6581	NEW    cov: 730 ft: 1773 corp: 111/558b lim: 14 exec/s: 0 rss: 92Mb L: 7/14 MS: 1 CrossOver-
#6687	REDUCE cov: 730 ft: 1773 corp: 111/557b lim: 14 exec/s: 0 rss: 92Mb L: 9/14 MS: 1 EraseBytes-
#6829	NEW    cov: 730 ft: 1776 corp: 112/567b lim: 14 exec/s: 0 rss: 92Mb L: 10/14 MS: 2 ChangeByte-CopyPart-
#6836	NEW    cov: 730 ft: 1777 corp: 113/577b lim: 14 exec/s: 0 rss: 92Mb L: 10/14 MS: 2 InsertByte-InsertByte-
#6961	REDUCE cov: 730 ft: 1777 corp: 113/570b lim: 14 exec/s: 0 rss: 92Mb L: 7/11 MS: 5 PersAutoDict-ChangeBinInt-ChangeBit-ShuffleBytes-EraseBytes- DE: "\377\377"-
#6994	NEW    cov: 730 ft: 1779 corp: 114/580b lim: 14 exec/s: 0 rss: 92Mb L: 10/11 MS: 3 ChangeBinInt-ChangeBit-CrossOver-
#7045	NEW    cov: 730 ft: 1783 corp: 115/593b lim: 14 exec/s: 0 rss: 92Mb L: 13/13 MS: 1 CopyPart-
#7109	NEW    cov: 732 ft: 1787 corp: 116/599b lim: 14 exec/s: 0 rss: 92Mb L: 6/13 MS: 4 CMP-ChangeBinInt-CrossOver-InsertByte- DE: "\000\000"-
#7130	NEW    cov: 732 ft: 1788 corp: 117/610b lim: 14 exec/s: 0 rss: 92Mb L: 11/13 MS: 1 CrossOver-
#7384	NEW    cov: 732 ft: 1789 corp: 118/623b lim: 14 exec/s: 0 rss: 92Mb L: 13/13 MS: 4 CopyPart-ChangeByte-ChangeASCIIInt-InsertRepeatedBytes-
#7481	NEW    cov: 732 ft: 1790 corp: 119/630b lim: 14 exec/s: 0 rss: 92Mb L: 7/13 MS: 2 ChangeBit-CopyPart-
#7510	REDUCE cov: 732 ft: 1790 corp: 119/628b lim: 14 exec/s: 0 rss: 92Mb L: 7/13 MS: 4 PersAutoDict-ShuffleBytes-EraseBytes-InsertByte- DE: "\000\000"-
#7577	NEW    cov: 732 ft: 1806 corp: 120/641b lim: 14 exec/s: 0 rss: 92Mb L: 13/13 MS: 2 ChangeByte-CopyPart-
#7663	REDUCE cov: 732 ft: 1806 corp: 120/640b lim: 14 exec/s: 0 rss: 92Mb L: 8/13 MS: 1 EraseBytes-
#7873	NEW    cov: 732 ft: 1814 corp: 121/648b lim: 14 exec/s: 0 rss: 92Mb L: 8/13 MS: 5 EraseBytes-CrossOver-CrossOver-ChangeBit-CopyPart-
#7890	NEW    cov: 732 ft: 1815 corp: 122/653b lim: 14 exec/s: 0 rss: 92Mb L: 5/13 MS: 2 ChangeBit-InsertByte-
#7946	NEW    cov: 732 ft: 1819 corp: 123/662b lim: 14 exec/s: 0 rss: 92Mb L: 9/13 MS: 1 PersAutoDict- DE: "\377\377"-
#8100	NEW    cov: 732 ft: 1821 corp: 124/672b lim: 14 exec/s: 0 rss: 92Mb L: 10/13 MS: 4 ChangeASCIIInt-EraseBytes-ShuffleBytes-ShuffleBytes-
#8210	NEW    cov: 732 ft: 1823 corp: 125/684b lim: 14 exec/s: 0 rss: 92Mb L: 12/13 MS: 5 CrossOver-ChangeBit-EraseBytes-InsertByte-InsertByte-
#8232	REDUCE cov: 732 ft: 1824 corp: 126/694b lim: 14 exec/s: 0 rss: 92Mb L: 10/13 MS: 2 ChangeBit-CopyPart-
#8401	REDUCE cov: 733 ft: 1829 corp: 127/704b lim: 14 exec/s: 0 rss: 92Mb L: 10/13 MS: 4 ChangeBinInt-CopyPart-ChangeBit-CopyPart-
#8464	NEW    cov: 733 ft: 1831 corp: 128/717b lim: 14 exec/s: 0 rss: 92Mb L: 13/13 MS: 3 InsertRepeatedBytes-ShuffleBytes-CrossOver-
#8510	NEW    cov: 733 ft: 1835 corp: 129/730b lim: 14 exec/s: 0 rss: 92Mb L: 13/13 MS: 1 CrossOver-
#8616	NEW    cov: 733 ft: 1838 corp: 130/744b lim: 14 exec/s: 0 rss: 92Mb L: 14/14 MS: 1 CrossOver-
#8923	NEW    cov: 733 ft: 1842 corp: 131/759b lim: 17 exec/s: 0 rss: 92Mb L: 15/15 MS: 2 InsertRepeatedBytes-CrossOver-
#9024	NEW    cov: 733 ft: 1843 corp: 132/766b lim: 17 exec/s: 0 rss: 92Mb L: 7/15 MS: 1 CopyPart-
#9196	NEW    cov: 733 ft: 1846 corp: 133/779b lim: 17 exec/s: 0 rss: 92Mb L: 13/15 MS: 2 CopyPart-CopyPart-
#9229	NEW    cov: 733 ft: 1851 corp: 134/796b lim: 17 exec/s: 0 rss: 92Mb L: 17/17 MS: 3 PersAutoDict-ChangeBinInt-CrossOver- DE: "\000\000"-
#9246	NEW    cov: 733 ft: 1857 corp: 135/809b lim: 17 exec/s: 0 rss: 92Mb L: 13/17 MS: 2 ChangeByte-ChangeBit-
#9362	NEW    cov: 733 ft: 1861 corp: 136/822b lim: 17 exec/s: 0 rss: 92Mb L: 13/17 MS: 1 ShuffleBytes-
#9420	REDUCE cov: 733 ft: 1861 corp: 136/820b lim: 17 exec/s: 0 rss: 92Mb L: 6/17 MS: 3 CopyPart-ChangeBinInt-EraseBytes-
#9468	REDUCE cov: 733 ft: 1861 corp: 136/819b lim: 17 exec/s: 0 rss: 92Mb L: 7/17 MS: 3 ChangeByte-ChangeASCIIInt-EraseBytes-
#9478	NEW    cov: 733 ft: 1866 corp: 137/835b lim: 17 exec/s: 0 rss: 92Mb L: 16/17 MS: 5 CrossOver-PersAutoDict-InsertByte-InsertRepeatedBytes-ShuffleBytes- DE: "\377\377"-
#9499	NEW    cov: 733 ft: 1867 corp: 138/850b lim: 17 exec/s: 0 rss: 92Mb L: 15/17 MS: 1 CopyPart-
#9541	NEW    cov: 733 ft: 1869 corp: 139/864b lim: 17 exec/s: 0 rss: 92Mb L: 14/17 MS: 2 ChangeByte-CopyPart-
#9567	REDUCE cov: 733 ft: 1869 corp: 139/863b lim: 17 exec/s: 0 rss: 92Mb L: 12/17 MS: 1 EraseBytes-
#9600	REDUCE cov: 733 ft: 1875 corp: 140/880b lim: 17 exec/s: 0 rss: 92Mb L: 17/17 MS: 3 InsertRepeatedBytes-CopyPart-InsertByte-
#9621	NEW    cov: 733 ft: 1905 corp: 141/897b lim: 17 exec/s: 0 rss: 92Mb L: 17/17 MS: 1 CopyPart-
#9623	NEW    cov: 733 ft: 1906 corp: 142/913b lim: 17 exec/s: 0 rss: 92Mb L: 16/17 MS: 2 ChangeBinInt-InsertRepeatedBytes-
#9630	REDUCE cov: 733 ft: 1906 corp: 142/912b lim: 17 exec/s: 0 rss: 92Mb L: 6/17 MS: 2 ChangeBit-EraseBytes-
#9722	NEW    cov: 733 ft: 1908 corp: 143/929b lim: 17 exec/s: 0 rss: 92Mb L: 17/17 MS: 2 PersAutoDict-CopyPart- DE: "\377\377"-
#9753	NEW    cov: 733 ft: 1910 corp: 144/946b lim: 17 exec/s: 0 rss: 92Mb L: 17/17 MS: 1 CopyPart-
#9795	NEW    cov: 733 ft: 1915 corp: 145/962b lim: 17 exec/s: 0 rss: 92Mb L: 16/17 MS: 2 ChangeBit-CrossOver-
#10003	REDUCE cov: 733 ft: 1915 corp: 145/960b lim: 17 exec/s: 0 rss: 92Mb L: 5/17 MS: 3 ChangeASCIIInt-CopyPart-EraseBytes-
#10050	REDUCE cov: 733 ft: 1915 corp: 145/959b lim: 17 exec/s: 0 rss: 92Mb L: 4/17 MS: 2 ChangeByte-EraseBytes-
#10322	REDUCE cov: 733 ft: 1915 corp: 145/958b lim: 17 exec/s: 0 rss: 92Mb L: 2/17 MS: 2 InsertByte-EraseBytes-
#10423	NEW    cov: 733 ft: 1916 corp: 146/974b lim: 17 exec/s: 0 rss: 92Mb L: 16/17 MS: 1 CrossOver-
#10469	REDUCE cov: 733 ft: 1920 corp: 147/983b lim: 17 exec/s: 0 rss: 92Mb L: 9/17 MS: 1 CrossOver-
#10490	NEW    cov: 733 ft: 1923 corp: 148/1000b lim: 17 exec/s: 0 rss: 92Mb L: 17/17 MS: 1 ChangeBinInt-
#10564	NEW    cov: 733 ft: 1924 corp: 149/1016b lim: 17 exec/s: 0 rss: 92Mb L: 16/17 MS: 4 CopyPart-ChangeBit-ChangeBit-ChangeBinInt-
#10706	NEW    cov: 733 ft: 1936 corp: 150/1032b lim: 17 exec/s: 0 rss: 92Mb L: 16/17 MS: 2 ChangeBinInt-ChangeBit-
#10784	NEW    cov: 733 ft: 1937 corp: 151/1049b lim: 17 exec/s: 0 rss: 92Mb L: 17/17 MS: 3 InsertByte-CrossOver-ChangeByte-
#10855	REDUCE cov: 733 ft: 1937 corp: 151/1048b lim: 17 exec/s: 0 rss: 92Mb L: 5/17 MS: 1 EraseBytes-
#10876	REDUCE cov: 733 ft: 1937 corp: 151/1046b lim: 17 exec/s: 0 rss: 92Mb L: 13/17 MS: 1 EraseBytes-
#11017	NEW    cov: 733 ft: 1939 corp: 152/1056b lim: 17 exec/s: 0 rss: 92Mb L: 10/17 MS: 1 CrossOver-
#11108	NEW    cov: 733 ft: 1940 corp: 153/1073b lim: 17 exec/s: 11108 rss: 92Mb L: 17/17 MS: 1 CopyPart-
#11150	REDUCE cov: 733 ft: 1941 corp: 154/1089b lim: 17 exec/s: 11150 rss: 92Mb L: 16/17 MS: 2 InsertRepeatedBytes-CopyPart-
#11228	NEW    cov: 733 ft: 2003 corp: 155/1105b lim: 17 exec/s: 11228 rss: 92Mb L: 16/17 MS: 3 ChangeBit-ChangeBit-ChangeByte-
#11525	NEW    cov: 733 ft: 2004 corp: 156/1121b lim: 17 exec/s: 11525 rss: 92Mb L: 16/17 MS: 2 ChangeByte-PersAutoDict- DE: "\000\000"-
#11598	REDUCE cov: 733 ft: 2004 corp: 156/1120b lim: 17 exec/s: 11598 rss: 92Mb L: 12/17 MS: 3 ShuffleBytes-InsertRepeatedBytes-EraseBytes-
#11609	NEW    cov: 733 ft: 2005 corp: 157/1137b lim: 17 exec/s: 11609 rss: 92Mb L: 17/17 MS: 1 CopyPart-
#11615	NEW    cov: 733 ft: 2009 corp: 158/1153b lim: 17 exec/s: 11615 rss: 92Mb L: 16/17 MS: 1 CrossOver-
#11641	REDUCE cov: 733 ft: 2009 corp: 158/1151b lim: 17 exec/s: 11641 rss: 92Mb L: 6/17 MS: 1 EraseBytes-
#11657	REDUCE cov: 733 ft: 2009 corp: 158/1149b lim: 17 exec/s: 11657 rss: 92Mb L: 14/17 MS: 1 EraseBytes-
#11663	NEW    cov: 733 ft: 2012 corp: 159/1158b lim: 17 exec/s: 11663 rss: 92Mb L: 9/17 MS: 1 ShuffleBytes-
#11681	REDUCE cov: 733 ft: 2020 corp: 160/1172b lim: 17 exec/s: 11681 rss: 92Mb L: 14/17 MS: 3 PersAutoDict-CopyPart-CrossOver- DE: "\377\377"-
#11793	NEW    cov: 733 ft: 2021 corp: 161/1189b lim: 17 exec/s: 11793 rss: 92Mb L: 17/17 MS: 2 CrossOver-ShuffleBytes-
#11796	REDUCE cov: 733 ft: 2021 corp: 161/1188b lim: 17 exec/s: 11796 rss: 92Mb L: 15/17 MS: 3 ChangeBit-CopyPart-EraseBytes-
#11872	NEW    cov: 733 ft: 2022 corp: 162/1201b lim: 17 exec/s: 11872 rss: 92Mb L: 13/17 MS: 1 CMP- DE: "\377\377\377\377"-
#11939	NEW    cov: 733 ft: 2025 corp: 163/1213b lim: 17 exec/s: 11939 rss: 92Mb L: 12/17 MS: 2 InsertByte-CrossOver-
#12030	NEW    cov: 733 ft: 2026 corp: 164/1227b lim: 17 exec/s: 12030 rss: 92Mb L: 14/17 MS: 1 CopyPart-
#12086	REDUCE cov: 733 ft: 2026 corp: 164/1226b lim: 17 exec/s: 12086 rss: 92Mb L: 9/17 MS: 1 EraseBytes-
#12147	REDUCE cov: 733 ft: 2026 corp: 164/1223b lim: 17 exec/s: 12147 rss: 92Mb L: 10/17 MS: 1 EraseBytes-
#12166	NEW    cov: 733 ft: 2027 corp: 165/1240b lim: 17 exec/s: 12166 rss: 92Mb L: 17/17 MS: 4 CrossOver-ChangeByte-ChangeBit-ShuffleBytes-
#12323	NEW    cov: 733 ft: 2029 corp: 166/1257b lim: 17 exec/s: 12323 rss: 92Mb L: 17/17 MS: 2 InsertByte-CopyPart-
#12500	NEW    cov: 733 ft: 2030 corp: 167/1274b lim: 17 exec/s: 12500 rss: 92Mb L: 17/17 MS: 2 ChangeBinInt-CopyPart-
#12636	REDUCE cov: 733 ft: 2030 corp: 167/1272b lim: 17 exec/s: 12636 rss: 92Mb L: 7/17 MS: 1 EraseBytes-
#12647	REDUCE cov: 733 ft: 2030 corp: 167/1271b lim: 17 exec/s: 12647 rss: 92Mb L: 16/17 MS: 1 CrossOver-
#12696	REDUCE cov: 733 ft: 2030 corp: 167/1267b lim: 17 exec/s: 12696 rss: 92Mb L: 13/17 MS: 4 CopyPart-ChangeASCIIInt-CrossOver-EraseBytes-
#12765	REDUCE cov: 733 ft: 2030 corp: 167/1264b lim: 17 exec/s: 12765 rss: 92Mb L: 13/17 MS: 4 InsertByte-CopyPart-CopyPart-EraseBytes-
#12851	REDUCE cov: 733 ft: 2030 corp: 167/1258b lim: 17 exec/s: 12851 rss: 92Mb L: 11/17 MS: 1 EraseBytes-
#12883	NEW    cov: 733 ft: 2031 corp: 168/1273b lim: 17 exec/s: 12883 rss: 92Mb L: 15/17 MS: 2 InsertByte-CrossOver-
#12974	NEW    cov: 733 ft: 2032 corp: 169/1289b lim: 17 exec/s: 12974 rss: 92Mb L: 16/17 MS: 1 CrossOver-
#13023	NEW    cov: 735 ft: 2034 corp: 170/1298b lim: 17 exec/s: 13023 rss: 92Mb L: 9/17 MS: 4 PersAutoDict-EraseBytes-InsertByte-ChangeBinInt- DE: "\000\000"-
#13249	NEW    cov: 735 ft: 2037 corp: 171/1313b lim: 17 exec/s: 13249 rss: 92Mb L: 15/17 MS: 1 InsertByte-
#13260	REDUCE cov: 735 ft: 2037 corp: 171/1308b lim: 17 exec/s: 13260 rss: 92Mb L: 9/17 MS: 1 EraseBytes-
#13367	NEW    cov: 735 ft: 2042 corp: 172/1324b lim: 17 exec/s: 13367 rss: 92Mb L: 16/17 MS: 2 ChangeBit-InsertRepeatedBytes-
#13388	NEW    cov: 735 ft: 2045 corp: 173/1340b lim: 17 exec/s: 13388 rss: 92Mb L: 16/17 MS: 1 CrossOver-
#13483	NEW    cov: 735 ft: 2046 corp: 174/1347b lim: 17 exec/s: 13483 rss: 92Mb L: 7/17 MS: 5 ShuffleBytes-PersAutoDict-ChangeByte-InsertByte-InsertByte- DE: "\377\377"-
#13598	NEW    cov: 735 ft: 2048 corp: 175/1363b lim: 17 exec/s: 13598 rss: 92Mb L: 16/17 MS: 5 ChangeBit-ChangeBinInt-ChangeBit-EraseBytes-InsertRepeatedBytes-
#13657	REDUCE cov: 735 ft: 2048 corp: 175/1361b lim: 17 exec/s: 13657 rss: 92Mb L: 15/17 MS: 4 ChangeBinInt-PersAutoDict-CrossOver-EraseBytes- DE: "\000\000"-
#13678	REDUCE cov: 735 ft: 2048 corp: 175/1360b lim: 17 exec/s: 13678 rss: 92Mb L: 6/17 MS: 1 EraseBytes-
#13790	NEW    cov: 735 ft: 2049 corp: 176/1364b lim: 17 exec/s: 13790 rss: 92Mb L: 4/17 MS: 2 CopyPart-CopyPart-
#13926	NEW    cov: 735 ft: 2052 corp: 177/1373b lim: 17 exec/s: 13926 rss: 92Mb L: 9/17 MS: 1 CrossOver-
#13937	NEW    cov: 735 ft: 2053 corp: 178/1384b lim: 17 exec/s: 13937 rss: 92Mb L: 11/17 MS: 1 EraseBytes-
#14062	NEW    cov: 735 ft: 2054 corp: 179/1401b lim: 17 exec/s: 14062 rss: 92Mb L: 17/17 MS: 5 ChangeByte-ShuffleBytes-CrossOver-PersAutoDict-ChangeByte- DE: "\000\000"-
#14168	NEW    cov: 735 ft: 2055 corp: 180/1417b lim: 17 exec/s: 14168 rss: 92Mb L: 16/17 MS: 1 ChangeByte-
#14265	REDUCE cov: 735 ft: 2057 corp: 181/1433b lim: 17 exec/s: 14265 rss: 92Mb L: 16/17 MS: 2 ChangeBit-InsertByte-
#14286	REDUCE cov: 735 ft: 2057 corp: 181/1431b lim: 17 exec/s: 14286 rss: 92Mb L: 9/17 MS: 1 EraseBytes-
#14287	REDUCE cov: 735 ft: 2057 corp: 181/1429b lim: 17 exec/s: 14287 rss: 92Mb L: 14/17 MS: 1 EraseBytes-
#14392	NEW    cov: 735 ft: 2060 corp: 182/1442b lim: 17 exec/s: 14392 rss: 92Mb L: 13/17 MS: 5 ChangeBit-ChangeByte-EraseBytes-CrossOver-CrossOver-
#14469	NEW    cov: 735 ft: 2062 corp: 183/1459b lim: 17 exec/s: 14469 rss: 92Mb L: 17/17 MS: 2 ShuffleBytes-ChangeBinInt-
#14642	NEW    cov: 735 ft: 2063 corp: 184/1475b lim: 17 exec/s: 14642 rss: 92Mb L: 16/17 MS: 3 CopyPart-ChangeBit-ChangeBit-
#14823	NEW    cov: 736 ft: 2064 corp: 185/1491b lim: 17 exec/s: 14823 rss: 92Mb L: 16/17 MS: 1 ChangeBit-
#15089	REDUCE cov: 736 ft: 2064 corp: 185/1490b lim: 17 exec/s: 15089 rss: 92Mb L: 3/17 MS: 1 EraseBytes-
#15198	REDUCE cov: 736 ft: 2067 corp: 186/1507b lim: 17 exec/s: 15198 rss: 92Mb L: 17/17 MS: 4 ChangeBinInt-CopyPart-ChangeBit-CrossOver-
#15237	REDUCE cov: 736 ft: 2067 corp: 186/1505b lim: 17 exec/s: 15237 rss: 92Mb L: 2/17 MS: 4 EraseBytes-PersAutoDict-ChangeByte-ShuffleBytes- DE: "\377\377"-
#15323	NEW    cov: 737 ft: 2068 corp: 187/1515b lim: 17 exec/s: 7661 rss: 92Mb L: 10/17 MS: 1 EraseBytes-
#15326	REDUCE cov: 737 ft: 2068 corp: 187/1514b lim: 17 exec/s: 7663 rss: 92Mb L: 15/17 MS: 3 ChangeByte-CrossOver-EraseBytes-
#15367	REDUCE cov: 737 ft: 2068 corp: 187/1512b lim: 17 exec/s: 7683 rss: 92Mb L: 8/17 MS: 1 CrossOver-
#15378	REDUCE cov: 737 ft: 2068 corp: 187/1511b lim: 17 exec/s: 7689 rss: 92Mb L: 8/17 MS: 1 EraseBytes-
#15531	REDUCE cov: 737 ft: 2068 corp: 187/1506b lim: 17 exec/s: 7765 rss: 92Mb L: 12/17 MS: 3 ChangeBit-ChangeByte-EraseBytes-
#15611	NEW    cov: 737 ft: 2071 corp: 188/1521b lim: 17 exec/s: 7805 rss: 92Mb L: 15/17 MS: 5 InsertByte-InsertByte-ChangeBit-ChangeBit-InsertRepeatedBytes-
#15672	NEW    cov: 737 ft: 2072 corp: 189/1536b lim: 17 exec/s: 7836 rss: 92Mb L: 15/17 MS: 1 InsertRepeatedBytes-
#15948	REDUCE cov: 737 ft: 2072 corp: 189/1530b lim: 17 exec/s: 7974 rss: 92Mb L: 10/17 MS: 1 EraseBytes-
#16125	REDUCE cov: 737 ft: 2072 corp: 189/1529b lim: 17 exec/s: 8062 rss: 92Mb L: 16/17 MS: 2 PersAutoDict-EraseBytes- DE: "\377\377"-
#16166	NEW    cov: 737 ft: 2073 corp: 190/1543b lim: 17 exec/s: 8083 rss: 92Mb L: 14/17 MS: 1 CopyPart-
#16384	pulse  cov: 737 ft: 2073 corp: 190/1543b lim: 17 exec/s: 8192 rss: 92Mb
#16402	REDUCE cov: 737 ft: 2073 corp: 190/1542b lim: 17 exec/s: 8201 rss: 92Mb L: 5/17 MS: 1 EraseBytes-
#16754	REDUCE cov: 737 ft: 2073 corp: 190/1541b lim: 17 exec/s: 8377 rss: 92Mb L: 15/17 MS: 2 InsertByte-EraseBytes-
#16940	NEW    cov: 737 ft: 2074 corp: 191/1558b lim: 17 exec/s: 8470 rss: 92Mb L: 17/17 MS: 1 CopyPart-
#16946	NEW    cov: 737 ft: 2076 corp: 192/1573b lim: 17 exec/s: 8473 rss: 92Mb L: 15/17 MS: 1 CopyPart-
#16953	NEW    cov: 737 ft: 2078 corp: 193/1588b lim: 17 exec/s: 8476 rss: 92Mb L: 15/17 MS: 2 PersAutoDict-InsertRepeatedBytes- DE: "\377\377"-
#16992	REDUCE cov: 737 ft: 2078 corp: 193/1585b lim: 17 exec/s: 8496 rss: 92Mb L: 7/17 MS: 4 CrossOver-InsertByte-ChangeBit-EraseBytes-
#17066	REDUCE cov: 737 ft: 2078 corp: 193/1584b lim: 17 exec/s: 8533 rss: 92Mb L: 15/17 MS: 4 CopyPart-ShuffleBytes-CrossOver-EraseBytes-
#17112	REDUCE cov: 737 ft: 2104 corp: 194/1601b lim: 17 exec/s: 8556 rss: 92Mb L: 17/17 MS: 1 CopyPart-
#17243	NEW    cov: 737 ft: 2105 corp: 195/1618b lim: 17 exec/s: 8621 rss: 92Mb L: 17/17 MS: 1 CopyPart-
#17502	REDUCE cov: 737 ft: 2105 corp: 195/1617b lim: 17 exec/s: 8751 rss: 92Mb L: 5/17 MS: 4 ChangeBinInt-EraseBytes-ShuffleBytes-ShuffleBytes-
#17558	NEW    cov: 737 ft: 2108 corp: 196/1633b lim: 17 exec/s: 8779 rss: 92Mb L: 16/17 MS: 1 CopyPart-
#17679	NEW    cov: 737 ft: 2110 corp: 197/1648b lim: 17 exec/s: 8839 rss: 92Mb L: 15/17 MS: 1 CrossOver-
#17825	REDUCE cov: 737 ft: 2110 corp: 197/1645b lim: 17 exec/s: 8912 rss: 92Mb L: 13/17 MS: 1 EraseBytes-
#17957	REDUCE cov: 737 ft: 2112 corp: 198/1662b lim: 17 exec/s: 8978 rss: 92Mb L: 17/17 MS: 2 CrossOver-CrossOver-
#17973	REDUCE cov: 737 ft: 2112 corp: 198/1661b lim: 17 exec/s: 8986 rss: 92Mb L: 3/17 MS: 1 EraseBytes-
#17994	NEW    cov: 737 ft: 2113 corp: 199/1678b lim: 17 exec/s: 8997 rss: 92Mb L: 17/17 MS: 1 InsertRepeatedBytes-
#18306	NEW    cov: 737 ft: 2117 corp: 200/1695b lim: 17 exec/s: 9153 rss: 92Mb L: 17/17 MS: 2 ShuffleBytes-CopyPart-
#18337	REDUCE cov: 737 ft: 2117 corp: 200/1694b lim: 17 exec/s: 9168 rss: 92Mb L: 4/17 MS: 1 EraseBytes-
#18539	NEW    cov: 737 ft: 2118 corp: 201/1711b lim: 17 exec/s: 9269 rss: 92Mb L: 17/17 MS: 2 ChangeByte-CrossOver-
#18661	REDUCE cov: 737 ft: 2118 corp: 201/1710b lim: 17 exec/s: 9330 rss: 92Mb L: 16/17 MS: 2 CopyPart-EraseBytes-
#18678	REDUCE cov: 737 ft: 2118 corp: 201/1709b lim: 17 exec/s: 9339 rss: 92Mb L: 4/17 MS: 2 InsertByte-EraseBytes-
#18789	REDUCE cov: 737 ft: 2118 corp: 201/1707b lim: 17 exec/s: 9394 rss: 92Mb L: 13/17 MS: 1 EraseBytes-
#18980	NEW    cov: 737 ft: 2119 corp: 202/1722b lim: 17 exec/s: 9490 rss: 92Mb L: 15/17 MS: 1 CopyPart-
#19001	REDUCE cov: 737 ft: 2119 corp: 202/1721b lim: 17 exec/s: 9500 rss: 92Mb L: 16/17 MS: 1 EraseBytes-
#19022	REDUCE cov: 737 ft: 2120 corp: 203/1730b lim: 17 exec/s: 9511 rss: 92Mb L: 9/17 MS: 1 CopyPart-
#19043	NEW    cov: 741 ft: 2124 corp: 204/1746b lim: 17 exec/s: 9521 rss: 92Mb L: 16/17 MS: 1 InsertByte-
#19280	REDUCE cov: 741 ft: 2125 corp: 205/1756b lim: 17 exec/s: 9640 rss: 92Mb L: 10/17 MS: 2 ChangeBit-ChangeByte-
#19421	REDUCE cov: 741 ft: 2126 corp: 206/1773b lim: 17 exec/s: 9710 rss: 92Mb L: 17/17 MS: 1 CrossOver-
#19487	NEW    cov: 741 ft: 2127 corp: 207/1787b lim: 17 exec/s: 9743 rss: 92Mb L: 14/17 MS: 1 CrossOver-
#19903	REDUCE cov: 741 ft: 2127 corp: 207/1786b lim: 21 exec/s: 6634 rss: 92Mb L: 3/17 MS: 1 EraseBytes-
#19984	REDUCE cov: 741 ft: 2127 corp: 207/1783b lim: 21 exec/s: 6661 rss: 92Mb L: 12/17 MS: 1 EraseBytes-
#19986	REDUCE cov: 741 ft: 2127 corp: 207/1781b lim: 21 exec/s: 6662 rss: 92Mb L: 12/17 MS: 2 ChangeBit-EraseBytes-
#20028	NEW    cov: 741 ft: 2129 corp: 208/1798b lim: 21 exec/s: 6676 rss: 92Mb L: 17/17 MS: 2 ChangeByte-InsertRepeatedBytes-
#20119	NEW    cov: 741 ft: 2131 corp: 209/1819b lim: 21 exec/s: 6706 rss: 92Mb L: 21/21 MS: 1 CopyPart-
#20422	NEW    cov: 741 ft: 2132 corp: 210/1840b lim: 21 exec/s: 6807 rss: 92Mb L: 21/21 MS: 3 CopyPart-EraseBytes-CrossOver-
#20429	NEW    cov: 743 ft: 2175 corp: 211/1849b lim: 21 exec/s: 6809 rss: 92Mb L: 9/21 MS: 2 ShuffleBytes-ChangeBinInt-
#20440	REDUCE cov: 743 ft: 2176 corp: 212/1869b lim: 21 exec/s: 6813 rss: 92Mb L: 20/21 MS: 1 CopyPart-
#20482	NEW    cov: 743 ft: 2177 corp: 213/1884b lim: 21 exec/s: 6827 rss: 92Mb L: 15/21 MS: 2 ShuffleBytes-ChangeByte-
#20588	REDUCE cov: 743 ft: 2177 corp: 213/1883b lim: 21 exec/s: 6862 rss: 92Mb L: 9/21 MS: 1 EraseBytes-
#20629	REDUCE cov: 743 ft: 2177 corp: 213/1882b lim: 21 exec/s: 6876 rss: 92Mb L: 3/21 MS: 1 EraseBytes-
#20938	REDUCE cov: 743 ft: 2177 corp: 213/1881b lim: 21 exec/s: 6979 rss: 92Mb L: 2/21 MS: 4 PersAutoDict-ChangeBit-ChangeByte-EraseBytes- DE: "\377\377"-
#20969	REDUCE cov: 743 ft: 2177 corp: 213/1880b lim: 21 exec/s: 6989 rss: 92Mb L: 9/21 MS: 1 EraseBytes-
#20994	REDUCE cov: 743 ft: 2178 corp: 214/1901b lim: 21 exec/s: 6998 rss: 92Mb L: 21/21 MS: 5 ChangeBinInt-EraseBytes-CopyPart-ChangeBit-CopyPart-
#21090	REDUCE cov: 743 ft: 2178 corp: 214/1900b lim: 21 exec/s: 7030 rss: 92Mb L: 11/21 MS: 1 EraseBytes-
#21277	REDUCE cov: 743 ft: 2178 corp: 214/1895b lim: 21 exec/s: 7092 rss: 92Mb L: 11/21 MS: 2 ShuffleBytes-EraseBytes-
#21281	NEW    cov: 746 ft: 2181 corp: 215/1914b lim: 21 exec/s: 7093 rss: 92Mb L: 19/21 MS: 4 PersAutoDict-ShuffleBytes-CMP-ChangeBit- DE: "\377\377\377\377"-"\001\000\000\000"-
#21592	NEW    cov: 746 ft: 2183 corp: 216/1931b lim: 21 exec/s: 7197 rss: 92Mb L: 17/21 MS: 1 InsertRepeatedBytes-
#21633	REDUCE cov: 746 ft: 2183 corp: 216/1928b lim: 21 exec/s: 7211 rss: 92Mb L: 10/21 MS: 1 EraseBytes-
#21689	REDUCE cov: 746 ft: 2183 corp: 216/1926b lim: 21 exec/s: 7229 rss: 92Mb L: 11/21 MS: 1 EraseBytes-
#21800	REDUCE cov: 746 ft: 2184 corp: 217/1939b lim: 21 exec/s: 7266 rss: 92Mb L: 13/21 MS: 1 CrossOver-
#21834	REDUCE cov: 748 ft: 2187 corp: 218/1956b lim: 21 exec/s: 7278 rss: 92Mb L: 17/21 MS: 4 ShuffleBytes-ChangeByte-InsertRepeatedBytes-CopyPart-
#22485	REDUCE cov: 748 ft: 2187 corp: 218/1955b lim: 25 exec/s: 7495 rss: 92Mb L: 15/21 MS: 1 EraseBytes-
#22531	REDUCE cov: 748 ft: 2187 corp: 218/1953b lim: 25 exec/s: 7510 rss: 92Mb L: 12/21 MS: 1 EraseBytes-
#22666	REDUCE cov: 748 ft: 2190 corp: 219/1967b lim: 25 exec/s: 7555 rss: 92Mb L: 14/21 MS: 5 CrossOver-EraseBytes-ShuffleBytes-CopyPart-CopyPart-
#22708	REDUCE cov: 748 ft: 2190 corp: 219/1965b lim: 25 exec/s: 7569 rss: 92Mb L: 15/21 MS: 2 ChangeBit-EraseBytes-
#22780	NEW    cov: 748 ft: 2191 corp: 220/1986b lim: 25 exec/s: 7593 rss: 92Mb L: 21/21 MS: 2 CrossOver-ShuffleBytes-
#22862	REDUCE cov: 748 ft: 2191 corp: 220/1984b lim: 25 exec/s: 7620 rss: 92Mb L: 7/21 MS: 2 CrossOver-EraseBytes-
#23198	NEW    cov: 748 ft: 2192 corp: 221/2000b lim: 25 exec/s: 7732 rss: 92Mb L: 16/21 MS: 1 InsertByte-
#23269	REDUCE cov: 748 ft: 2192 corp: 221/1999b lim: 25 exec/s: 7756 rss: 92Mb L: 16/21 MS: 1 EraseBytes-
#23438	NEW    cov: 748 ft: 2193 corp: 222/2024b lim: 25 exec/s: 7812 rss: 92Mb L: 25/25 MS: 4 ChangeBit-ShuffleBytes-CrossOver-CrossOver-
#23696	REDUCE cov: 748 ft: 2193 corp: 222/2023b lim: 25 exec/s: 5924 rss: 92Mb L: 5/25 MS: 3 ShuffleBytes-InsertByte-EraseBytes-
#23762	REDUCE cov: 748 ft: 2193 corp: 222/2022b lim: 25 exec/s: 5940 rss: 92Mb L: 16/25 MS: 1 EraseBytes-
#23875	REDUCE cov: 748 ft: 2195 corp: 223/2046b lim: 25 exec/s: 5968 rss: 92Mb L: 24/25 MS: 3 CopyPart-ChangeBinInt-CopyPart-
#23916	NEW    cov: 748 ft: 2196 corp: 224/2064b lim: 25 exec/s: 5979 rss: 92Mb L: 18/25 MS: 1 EraseBytes-
#23998	NEW    cov: 748 ft: 2197 corp: 225/2088b lim: 25 exec/s: 5999 rss: 92Mb L: 24/25 MS: 2 CopyPart-CrossOver-
#24063	REDUCE cov: 748 ft: 2200 corp: 226/2113b lim: 25 exec/s: 6015 rss: 92Mb L: 25/25 MS: 5 ShuffleBytes-ChangeByte-EraseBytes-ChangeBit-CopyPart-
#24109	REDUCE cov: 748 ft: 2207 corp: 227/2137b lim: 25 exec/s: 6027 rss: 92Mb L: 24/25 MS: 1 CrossOver-
#24120	NEW    cov: 748 ft: 2208 corp: 228/2161b lim: 25 exec/s: 6030 rss: 92Mb L: 24/25 MS: 1 CopyPart-
#24207	REDUCE cov: 748 ft: 2208 corp: 228/2159b lim: 25 exec/s: 6051 rss: 92Mb L: 14/25 MS: 2 ShuffleBytes-EraseBytes-
#24279	REDUCE cov: 748 ft: 2208 corp: 228/2158b lim: 25 exec/s: 6069 rss: 92Mb L: 3/25 MS: 2 ChangeByte-EraseBytes-
#24295	REDUCE cov: 748 ft: 2208 corp: 228/2157b lim: 25 exec/s: 6073 rss: 92Mb L: 9/25 MS: 1 EraseBytes-
#24326	NEW    cov: 748 ft: 2212 corp: 229/2182b lim: 25 exec/s: 6081 rss: 92Mb L: 25/25 MS: 1 CrossOver-
#24352	REDUCE cov: 748 ft: 2218 corp: 230/2204b lim: 25 exec/s: 6088 rss: 92Mb L: 22/25 MS: 1 CopyPart-
#24423	NEW    cov: 748 ft: 2226 corp: 231/2229b lim: 25 exec/s: 6105 rss: 92Mb L: 25/25 MS: 1 CopyPart-
#24444	NEW    cov: 748 ft: 2227 corp: 232/2253b lim: 25 exec/s: 6111 rss: 92Mb L: 24/25 MS: 1 CopyPart-
#24690	REDUCE cov: 748 ft: 2227 corp: 232/2252b lim: 25 exec/s: 6172 rss: 92Mb L: 6/25 MS: 1 EraseBytes-
#24836	REDUCE cov: 748 ft: 2227 corp: 232/2249b lim: 25 exec/s: 6209 rss: 92Mb L: 10/25 MS: 1 CrossOver-
#24965	REDUCE cov: 748 ft: 2241 corp: 233/2268b lim: 25 exec/s: 6241 rss: 92Mb L: 19/25 MS: 4 PersAutoDict-CrossOver-EraseBytes-InsertRepeatedBytes- DE: "\000\000"-
#25510	NEW    cov: 748 ft: 2245 corp: 234/2288b lim: 29 exec/s: 6377 rss: 92Mb L: 20/25 MS: 5 CrossOver-ChangeBinInt-CrossOver-InsertByte-CopyPart-
#25527	NEW    cov: 748 ft: 2250 corp: 235/2315b lim: 29 exec/s: 6381 rss: 92Mb L: 27/27 MS: 2 ChangeByte-CopyPart-
#25603	NEW    cov: 748 ft: 2254 corp: 236/2344b lim: 29 exec/s: 6400 rss: 92Mb L: 29/29 MS: 1 CopyPart-
#25670	NEW    cov: 749 ft: 2255 corp: 237/2356b lim: 29 exec/s: 6417 rss: 92Mb L: 12/29 MS: 2 InsertRepeatedBytes-PersAutoDict- DE: "\377\377"-
#25691	REDUCE cov: 749 ft: 2255 corp: 237/2355b lim: 29 exec/s: 6422 rss: 92Mb L: 6/29 MS: 1 EraseBytes-
#25704	REDUCE cov: 749 ft: 2255 corp: 237/2354b lim: 29 exec/s: 6426 rss: 92Mb L: 15/29 MS: 3 ChangeBinInt-InsertByte-EraseBytes-
#26126	REDUCE cov: 749 ft: 2259 corp: 238/2375b lim: 33 exec/s: 6531 rss: 92Mb L: 21/29 MS: 2 CrossOver-CrossOver-
#26303	REDUCE cov: 749 ft: 2259 corp: 238/2371b lim: 33 exec/s: 5260 rss: 92Mb L: 13/29 MS: 2 ShuffleBytes-EraseBytes-
#26389	NEW    cov: 749 ft: 2265 corp: 239/2399b lim: 33 exec/s: 5277 rss: 92Mb L: 28/29 MS: 1 InsertRepeatedBytes-
#26585	NEW    cov: 749 ft: 2266 corp: 240/2424b lim: 33 exec/s: 5317 rss: 92Mb L: 25/29 MS: 1 CrossOver-
#26592	NEW    cov: 749 ft: 2267 corp: 241/2446b lim: 33 exec/s: 5318 rss: 92Mb L: 22/29 MS: 2 CrossOver-CopyPart-
#26819	NEW    cov: 749 ft: 2269 corp: 242/2465b lim: 33 exec/s: 5363 rss: 92Mb L: 19/29 MS: 2 ShuffleBytes-ChangeByte-
#27151	NEW    cov: 749 ft: 2272 corp: 243/2486b lim: 33 exec/s: 5430 rss: 92Mb L: 21/29 MS: 2 ChangeByte-CopyPart-
#27182	NEW    cov: 749 ft: 2274 corp: 244/2517b lim: 33 exec/s: 5436 rss: 92Mb L: 31/31 MS: 1 InsertRepeatedBytes-
#27318	NEW    cov: 749 ft: 2276 corp: 245/2534b lim: 33 exec/s: 5463 rss: 92Mb L: 17/31 MS: 1 ShuffleBytes-
#27694	REDUCE cov: 749 ft: 2276 corp: 245/2533b lim: 33 exec/s: 5538 rss: 92Mb L: 4/31 MS: 1 EraseBytes-
#27822	REDUCE cov: 749 ft: 2276 corp: 245/2523b lim: 33 exec/s: 5564 rss: 92Mb L: 19/31 MS: 3 CopyPart-InsertByte-EraseBytes-
#27929	REDUCE cov: 749 ft: 2276 corp: 245/2520b lim: 33 exec/s: 5585 rss: 92Mb L: 14/31 MS: 2 ChangeBinInt-EraseBytes-
#27938	REDUCE cov: 749 ft: 2277 corp: 246/2553b lim: 33 exec/s: 5587 rss: 92Mb L: 33/33 MS: 4 CrossOver-CMP-ShuffleBytes-CopyPart- DE: "\000\000\000\000\000\000\000\011"-
#28214	REDUCE cov: 749 ft: 2277 corp: 246/2552b lim: 33 exec/s: 5642 rss: 92Mb L: 10/33 MS: 1 EraseBytes-
#28494	NEW    cov: 749 ft: 2280 corp: 247/2584b lim: 33 exec/s: 5698 rss: 92Mb L: 32/33 MS: 5 ChangeASCIIInt-ShuffleBytes-ChangeBit-EraseBytes-CrossOver-
#28520	NEW    cov: 749 ft: 2281 corp: 248/2612b lim: 33 exec/s: 5704 rss: 92Mb L: 28/33 MS: 1 CopyPart-
#28676	NEW    cov: 749 ft: 2282 corp: 249/2644b lim: 33 exec/s: 5735 rss: 92Mb L: 32/33 MS: 1 CopyPart-
#28882	NEW    cov: 749 ft: 2331 corp: 250/2669b lim: 33 exec/s: 5776 rss: 92Mb L: 25/33 MS: 1 CopyPart-
#28960	REDUCE cov: 749 ft: 2331 corp: 250/2667b lim: 33 exec/s: 5792 rss: 92Mb L: 5/33 MS: 3 ChangeByte-ChangeBit-EraseBytes-
#29096	REDUCE cov: 749 ft: 2331 corp: 250/2665b lim: 33 exec/s: 5819 rss: 92Mb L: 30/33 MS: 1 EraseBytes-
#29187	NEW    cov: 749 ft: 2332 corp: 251/2691b lim: 33 exec/s: 5837 rss: 92Mb L: 26/33 MS: 1 CopyPart-
#29202	REDUCE cov: 749 ft: 2332 corp: 251/2688b lim: 33 exec/s: 5840 rss: 92Mb L: 3/33 MS: 5 ShuffleBytes-ChangeByte-EraseBytes-EraseBytes-CrossOver-
#29308	REDUCE cov: 749 ft: 2332 corp: 251/2686b lim: 33 exec/s: 5861 rss: 92Mb L: 5/33 MS: 1 EraseBytes-
#29320	REDUCE cov: 749 ft: 2332 corp: 251/2684b lim: 33 exec/s: 5864 rss: 92Mb L: 15/33 MS: 2 CMP-EraseBytes- DE: "\377\377"-
#29351	REDUCE cov: 749 ft: 2332 corp: 251/2682b lim: 33 exec/s: 4891 rss: 92Mb L: 10/33 MS: 1 EraseBytes-
#29693	NEW    cov: 749 ft: 2333 corp: 252/2709b lim: 33 exec/s: 4948 rss: 92Mb L: 27/33 MS: 2 ShuffleBytes-CMP- DE: "..."-
#29695	REDUCE cov: 749 ft: 2333 corp: 252/2704b lim: 33 exec/s: 4949 rss: 92Mb L: 26/33 MS: 2 CrossOver-EraseBytes-
#30075	NEW    cov: 749 ft: 2336 corp: 253/2729b lim: 33 exec/s: 5012 rss: 92Mb L: 25/33 MS: 5 CrossOver-CrossOver-ShuffleBytes-ShuffleBytes-CMP- DE: "\025\000\000\000\000\000\000\000"-
#30136	NEW    cov: 749 ft: 2337 corp: 254/2751b lim: 33 exec/s: 5022 rss: 92Mb L: 22/33 MS: 1 CopyPart-
#30410	REDUCE cov: 749 ft: 2337 corp: 254/2749b lim: 33 exec/s: 5068 rss: 92Mb L: 17/33 MS: 4 CMP-CopyPart-ShuffleBytes-EraseBytes- DE: ".60"-
#30470	NEW    cov: 749 ft: 2338 corp: 255/2779b lim: 33 exec/s: 5078 rss: 92Mb L: 30/33 MS: 5 CMP-CopyPart-InsertByte-ShuffleBytes-CopyPart- DE: "\000\000\000\000"-
#30707	REDUCE cov: 749 ft: 2338 corp: 255/2778b lim: 33 exec/s: 5117 rss: 92Mb L: 3/33 MS: 2 ChangeBit-EraseBytes-
#30748	REDUCE cov: 749 ft: 2338 corp: 255/2775b lim: 33 exec/s: 5124 rss: 92Mb L: 9/33 MS: 1 EraseBytes-
#30778	REDUCE cov: 749 ft: 2338 corp: 255/2769b lim: 33 exec/s: 5129 rss: 92Mb L: 9/33 MS: 5 PersAutoDict-CMP-InsertByte-ShuffleBytes-EraseBytes- DE: "\000\000"-"\377\377"-
#30845	REDUCE cov: 749 ft: 2338 corp: 255/2768b lim: 33 exec/s: 5140 rss: 92Mb L: 18/33 MS: 2 ChangeByte-EraseBytes-
#31322	NEW    cov: 749 ft: 2340 corp: 256/2790b lim: 33 exec/s: 5220 rss: 92Mb L: 22/33 MS: 2 ChangeBit-ChangeBit-
#31588	REDUCE cov: 749 ft: 2340 corp: 256/2789b lim: 33 exec/s: 5264 rss: 92Mb L: 23/33 MS: 1 EraseBytes-
#31679	REDUCE cov: 749 ft: 2340 corp: 256/2786b lim: 33 exec/s: 5279 rss: 92Mb L: 14/33 MS: 1 CrossOver-
#31851	REDUCE cov: 749 ft: 2340 corp: 256/2779b lim: 33 exec/s: 5308 rss: 92Mb L: 15/33 MS: 2 ChangeBinInt-EraseBytes-
#32103	REDUCE cov: 749 ft: 2340 corp: 256/2776b lim: 33 exec/s: 5350 rss: 92Mb L: 18/33 MS: 2 ChangeByte-EraseBytes-
#32428	REDUCE cov: 749 ft: 2340 corp: 256/2773b lim: 33 exec/s: 4632 rss: 92Mb L: 13/33 MS: 5 CopyPart-ChangeBinInt-ChangeBinInt-ChangeBit-EraseBytes-
#32489	NEW    cov: 749 ft: 2345 corp: 257/2801b lim: 33 exec/s: 4641 rss: 92Mb L: 28/33 MS: 1 CrossOver-
#32521	NEW    cov: 749 ft: 2346 corp: 258/2830b lim: 33 exec/s: 4645 rss: 92Mb L: 29/33 MS: 2 ChangeBit-CrossOver-
#32768	pulse  cov: 749 ft: 2346 corp: 258/2830b lim: 33 exec/s: 4681 rss: 92Mb
#33009	REDUCE cov: 749 ft: 2346 corp: 258/2824b lim: 33 exec/s: 4715 rss: 92Mb L: 19/33 MS: 3 ChangeBit-PersAutoDict-EraseBytes- DE: "\025\000\000\000\000\000\000\000"-
#33080	REDUCE cov: 749 ft: 2346 corp: 258/2823b lim: 33 exec/s: 4725 rss: 92Mb L: 16/33 MS: 1 EraseBytes-
#33126	REDUCE cov: 749 ft: 2346 corp: 258/2821b lim: 33 exec/s: 4732 rss: 92Mb L: 9/33 MS: 1 EraseBytes-
#33187	REDUCE cov: 749 ft: 2346 corp: 258/2819b lim: 33 exec/s: 4741 rss: 92Mb L: 13/33 MS: 1 EraseBytes-
#33328	REDUCE cov: 749 ft: 2346 corp: 258/2818b lim: 33 exec/s: 4761 rss: 92Mb L: 8/33 MS: 1 EraseBytes-
#33541	NEW    cov: 749 ft: 2349 corp: 259/2851b lim: 33 exec/s: 4791 rss: 92Mb L: 33/33 MS: 3 CrossOver-ShuffleBytes-ChangeBit-
#33564	NEW    cov: 749 ft: 2375 corp: 260/2884b lim: 33 exec/s: 4794 rss: 92Mb L: 33/33 MS: 3 EraseBytes-CopyPart-CrossOver-
#33596	REDUCE cov: 749 ft: 2375 corp: 260/2883b lim: 33 exec/s: 4799 rss: 92Mb L: 5/33 MS: 2 CopyPart-EraseBytes-
#34083	NEW    cov: 749 ft: 2376 corp: 261/2915b lim: 33 exec/s: 4869 rss: 92Mb L: 32/33 MS: 2 CMP-CrossOver- DE: "\377\377\377\377"-
#34761	REDUCE cov: 749 ft: 2382 corp: 262/2942b lim: 38 exec/s: 4965 rss: 92Mb L: 27/33 MS: 3 CopyPart-ChangeBit-InsertRepeatedBytes-
#34771	REDUCE cov: 749 ft: 2382 corp: 262/2937b lim: 38 exec/s: 4967 rss: 92Mb L: 8/33 MS: 5 ChangeASCIIInt-ShuffleBytes-ChangeByte-ChangeByte-EraseBytes-
#34815	NEW    cov: 749 ft: 2383 corp: 263/2957b lim: 38 exec/s: 4973 rss: 92Mb L: 20/33 MS: 4 PersAutoDict-ChangeBit-EraseBytes-ChangeByte- DE: "\025\000\000\000\000\000\000\000"-
#35046	REDUCE cov: 749 ft: 2383 corp: 263/2956b lim: 38 exec/s: 4380 rss: 92Mb L: 10/33 MS: 1 EraseBytes-
#35212	NEW    cov: 749 ft: 2386 corp: 264/2991b lim: 38 exec/s: 4401 rss: 92Mb L: 35/35 MS: 1 InsertRepeatedBytes-
#35418	REDUCE cov: 749 ft: 2386 corp: 264/2990b lim: 38 exec/s: 4427 rss: 92Mb L: 11/35 MS: 1 EraseBytes-
#35509	REDUCE cov: 749 ft: 2386 corp: 264/2989b lim: 38 exec/s: 4438 rss: 92Mb L: 3/35 MS: 1 EraseBytes-
#35588	REDUCE cov: 749 ft: 2386 corp: 264/2983b lim: 38 exec/s: 4448 rss: 92Mb L: 26/35 MS: 4 InsertRepeatedBytes-CopyPart-ChangeBinInt-EraseBytes-
#35592	NEW    cov: 749 ft: 2390 corp: 265/3009b lim: 38 exec/s: 4449 rss: 92Mb L: 26/35 MS: 4 CrossOver-EraseBytes-ChangeBit-CrossOver-
#35700	NEW    cov: 749 ft: 2392 corp: 266/3037b lim: 38 exec/s: 4462 rss: 92Mb L: 28/35 MS: 3 InsertByte-ChangeBit-CopyPart-
#35705	NEW    cov: 749 ft: 2393 corp: 267/3059b lim: 38 exec/s: 4463 rss: 92Mb L: 22/35 MS: 5 ChangeBinInt-EraseBytes-EraseBytes-ChangeASCIIInt-ShuffleBytes-
#35911	REDUCE cov: 749 ft: 2395 corp: 268/3093b lim: 38 exec/s: 4488 rss: 92Mb L: 34/35 MS: 1 CopyPart-
#36077	NEW    cov: 749 ft: 2402 corp: 269/3126b lim: 38 exec/s: 4509 rss: 92Mb L: 33/35 MS: 1 CopyPart-
#36248	NEW    cov: 749 ft: 2404 corp: 270/3161b lim: 38 exec/s: 4531 rss: 92Mb L: 35/35 MS: 1 CopyPart-
#36480	NEW    cov: 749 ft: 2405 corp: 271/3177b lim: 38 exec/s: 4560 rss: 92Mb L: 16/35 MS: 2 CrossOver-ChangeBit-
#36821	REDUCE cov: 749 ft: 2405 corp: 271/3175b lim: 38 exec/s: 4602 rss: 92Mb L: 10/35 MS: 1 EraseBytes-
#37012	NEW    cov: 749 ft: 2408 corp: 272/3184b lim: 38 exec/s: 4626 rss: 92Mb L: 9/35 MS: 1 EraseBytes-
#37188	NEW    cov: 749 ft: 2409 corp: 273/3217b lim: 38 exec/s: 4648 rss: 92Mb L: 33/35 MS: 1 CopyPart-
#37479	NEW    cov: 749 ft: 2410 corp: 274/3233b lim: 38 exec/s: 4684 rss: 92Mb L: 16/35 MS: 1 CrossOver-
#37915	REDUCE cov: 749 ft: 2410 corp: 274/3231b lim: 38 exec/s: 4212 rss: 92Mb L: 12/35 MS: 1 EraseBytes-
#37976	NEW    cov: 749 ft: 2412 corp: 275/3259b lim: 38 exec/s: 4219 rss: 92Mb L: 28/35 MS: 1 ChangeByte-
#38247	REDUCE cov: 749 ft: 2412 corp: 275/3258b lim: 38 exec/s: 4249 rss: 92Mb L: 15/35 MS: 1 EraseBytes-
#38428	REDUCE cov: 749 ft: 2412 corp: 275/3257b lim: 38 exec/s: 4269 rss: 92Mb L: 14/35 MS: 1 EraseBytes-
#38639	REDUCE cov: 749 ft: 2412 corp: 275/3253b lim: 38 exec/s: 4293 rss: 92Mb L: 21/35 MS: 1 EraseBytes-
#38687	REDUCE cov: 749 ft: 2413 corp: 276/3264b lim: 38 exec/s: 4298 rss: 92Mb L: 11/35 MS: 3 ChangeByte-CopyPart-EraseBytes-
#38729	REDUCE cov: 749 ft: 2414 corp: 277/3298b lim: 38 exec/s: 4303 rss: 92Mb L: 34/35 MS: 2 ChangeByte-CrossOver-
#38830	REDUCE cov: 749 ft: 2414 corp: 277/3295b lim: 38 exec/s: 4314 rss: 92Mb L: 13/35 MS: 1 EraseBytes-
#39309	REDUCE cov: 749 ft: 2414 corp: 277/3293b lim: 38 exec/s: 4367 rss: 92Mb L: 9/35 MS: 4 CopyPart-ChangeByte-ShuffleBytes-EraseBytes-
#39605	REDUCE cov: 749 ft: 2414 corp: 277/3292b lim: 38 exec/s: 4400 rss: 92Mb L: 15/35 MS: 1 EraseBytes-
#39702	REDUCE cov: 749 ft: 2414 corp: 277/3288b lim: 38 exec/s: 4411 rss: 92Mb L: 12/35 MS: 2 EraseBytes-CrossOver-
#39988	REDUCE cov: 749 ft: 2414 corp: 277/3287b lim: 38 exec/s: 3998 rss: 92Mb L: 8/35 MS: 1 EraseBytes-
#40074	REDUCE cov: 749 ft: 2414 corp: 277/3282b lim: 38 exec/s: 4007 rss: 92Mb L: 13/35 MS: 1 EraseBytes-
#40235	REDUCE cov: 749 ft: 2414 corp: 277/3274b lim: 38 exec/s: 4023 rss: 92Mb L: 11/35 MS: 1 EraseBytes-
#40461	REDUCE cov: 749 ft: 2414 corp: 277/3273b lim: 38 exec/s: 4046 rss: 92Mb L: 8/35 MS: 1 EraseBytes-
#40632	REDUCE cov: 749 ft: 2414 corp: 277/3272b lim: 38 exec/s: 4063 rss: 92Mb L: 8/35 MS: 1 EraseBytes-
#40733	NEW    cov: 749 ft: 2415 corp: 278/3305b lim: 38 exec/s: 4073 rss: 92Mb L: 33/35 MS: 1 ChangeByte-
#40820	REDUCE cov: 749 ft: 2416 corp: 279/3341b lim: 38 exec/s: 4082 rss: 92Mb L: 36/36 MS: 2 CrossOver-CopyPart-
#40960	DONE   cov: 749 ft: 2416 corp: 279/3341b lim: 38 exec/s: 3723 rss: 92Mb
###### Recommended dictionary. ######
"\377\377" # Uses: 1501
"\000\000" # Uses: 837
"\377\377\377\377" # Uses: 522
"\001\000\000\000" # Uses: 300
"\000\000\000\000\000\000\000\011" # Uses: 135
"..." # Uses: 108
"\025\000\000\000\000\000\000\000" # Uses: 105
".60" # Uses: 101
"\000\000\000\000" # Uses: 93
###### End of recommended dictionary. ######
Done 40960 runs in 11 second(s)
