INFO: Instrumenting arrow
INFO: Instrumenting arrow._version
INFO: Instrumenting arrow.api
INFO: Instrumenting datetime
INFO: Instrumenting arrow.arrow
INFO: Instrumenting calendar
INFO: Instrumenting locale
INFO: Instrumenting _locale
WARNING: It looks like this module is imported by a custom loader. Atheris has experimental support for this. However, it may be incompatible with certain libraries. If you experience unusual errors or poor coverage collection, try atheris.instrument_all() instead, add enable_loader_override=False to instrument_imports(), or file an issue on GitHub.
INFO: Instrumenting dateutil
INFO: Instrumenting dateutil._version
INFO: Instrumenting dateutil.tz
INFO: Instrumenting dateutil.tz.tz
INFO: Instrumenting struct
INFO: Instrumenting six
INFO: Instrumenting __future__
INFO: Instrumenting importlib.util
INFO: Instrumenting six.moves
INFO: Instrumenting dateutil.tz._common
INFO: Instrumenting dateutil.tz._factories
INFO: Instrumenting dateutil.tz.win
INFO: Instrumenting dateutil.relativedelta
INFO: Instrumenting dateutil._common
INFO: Instrumenting arrow.formatter
INFO: Instrumenting arrow.locales
INFO: Instrumenting arrow.constants
INFO: Instrumenting arrow.parser
INFO: Instrumenting zoneinfo
INFO: Instrumenting zoneinfo._tzpath
INFO: Instrumenting sysconfig
INFO: Instrumenting _sysconfigdata__linux_x86_64-linux-gnu
INFO: Instrumenting zoneinfo._common
INFO: Instrumenting arrow.util
INFO: Instrumenting dateutil.rrule
INFO: Instrumenting heapq
INFO: Instrumenting arrow.factory
INFO: Instrumenting decimal
INFO: Instrumenting numbers
INFO: Using built-in libfuzzer
WARNING: Failed to find function "__sanitizer_acquire_crash_state".
WARNING: Failed to find function "__sanitizer_print_stack_trace".
WARNING: Failed to find function "__sanitizer_set_death_callback".
INFO: Running with entropic power schedule (0xFF, 100).
INFO: Seed: 207899288
INFO: -max_len is not provided; libFuzzer will not generate inputs larger than 4096 bytes
INFO: A corpus is not provided, starting from an empty corpus
#2	INITED cov: 26 ft: 26 corp: 1/1b exec/s: 0 rss: 49Mb
#3	NEW    cov: 29 ft: 29 corp: 2/3b lim: 4 exec/s: 0 rss: 49Mb L: 2/2 MS: 1 InsertByte-
#6	NEW    cov: 69 ft: 69 corp: 3/4b lim: 4 exec/s: 0 rss: 49Mb L: 1/2 MS: 3 ChangeByte-InsertByte-CrossOver-
#19	NEW    cov: 93 ft: 104 corp: 4/7b lim: 4 exec/s: 0 rss: 49Mb L: 3/3 MS: 3 CrossOver-CopyPart-InsertByte-
#24	REDUCE cov: 93 ft: 104 corp: 4/6b lim: 4 exec/s: 0 rss: 49Mb L: 2/2 MS: 5 ShuffleBytes-ChangeBinInt-ShuffleBytes-ChangeBit-CrossOver-
#53	NEW    cov: 94 ft: 105 corp: 5/9b lim: 4 exec/s: 0 rss: 49Mb L: 3/3 MS: 4 EraseBytes-ShuffleBytes-InsertByte-CopyPart-
#102	REDUCE cov: 94 ft: 105 corp: 5/8b lim: 4 exec/s: 0 rss: 49Mb L: 2/2 MS: 4 ChangeBit-EraseBytes-ShuffleBytes-ChangeBit-
#136	NEW    cov: 97 ft: 108 corp: 6/12b lim: 4 exec/s: 0 rss: 49Mb L: 4/4 MS: 4 ChangeBinInt-CrossOver-ChangeBinInt-CopyPart-
#141	REDUCE cov: 97 ft: 109 corp: 7/16b lim: 4 exec/s: 0 rss: 49Mb L: 4/4 MS: 5 InsertByte-CopyPart-ChangeByte-ChangeByte-CopyPart-
#179	REDUCE cov: 97 ft: 109 corp: 7/15b lim: 4 exec/s: 0 rss: 49Mb L: 1/4 MS: 3 ShuffleBytes-ShuffleBytes-EraseBytes-
#537	REDUCE cov: 97 ft: 109 corp: 7/14b lim: 6 exec/s: 0 rss: 49Mb L: 3/4 MS: 3 ChangeBit-ShuffleBytes-EraseBytes-
#828	REDUCE cov: 97 ft: 109 corp: 7/13b lim: 8 exec/s: 0 rss: 49Mb L: 2/4 MS: 1 EraseBytes-
#861	REDUCE cov: 97 ft: 109 corp: 7/12b lim: 8 exec/s: 0 rss: 49Mb L: 3/3 MS: 3 CrossOver-EraseBytes-ChangeBinInt-
#1580	NEW    cov: 102 ft: 114 corp: 8/25b lim: 14 exec/s: 0 rss: 49Mb L: 13/13 MS: 4 InsertRepeatedBytes-CopyPart-CopyPart-ChangeBit-
#2145	REDUCE cov: 102 ft: 114 corp: 8/22b lim: 17 exec/s: 0 rss: 49Mb L: 10/10 MS: 5 InsertByte-ChangeBinInt-EraseBytes-CrossOver-ShuffleBytes-
#2317	REDUCE cov: 104 ft: 116 corp: 9/33b lim: 17 exec/s: 0 rss: 49Mb L: 11/11 MS: 2 CMP-InsertByte- DE: "\377\377\377\377\377\377\377\377"-
#2589	REDUCE cov: 104 ft: 116 corp: 9/31b lim: 17 exec/s: 0 rss: 49Mb L: 8/11 MS: 2 CrossOver-EraseBytes-
#2741	REDUCE cov: 104 ft: 116 corp: 9/29b lim: 17 exec/s: 0 rss: 49Mb L: 6/11 MS: 2 CrossOver-EraseBytes-
#2763	REDUCE cov: 104 ft: 116 corp: 9/28b lim: 17 exec/s: 0 rss: 49Mb L: 5/11 MS: 2 ChangeByte-EraseBytes-
#2889	REDUCE cov: 104 ft: 116 corp: 9/27b lim: 17 exec/s: 0 rss: 49Mb L: 10/10 MS: 1 EraseBytes-
#2898	NEW    cov: 112 ft: 127 corp: 10/38b lim: 17 exec/s: 0 rss: 49Mb L: 11/11 MS: 4 ChangeByte-ChangeBit-InsertRepeatedBytes-ChangeBinInt-
#3175	REDUCE cov: 112 ft: 127 corp: 10/35b lim: 17 exec/s: 0 rss: 49Mb L: 7/11 MS: 2 ChangeBit-EraseBytes-
#3336	REDUCE cov: 112 ft: 127 corp: 10/33b lim: 17 exec/s: 0 rss: 49Mb L: 3/11 MS: 1 EraseBytes-
#3412	REDUCE cov: 112 ft: 127 corp: 10/31b lim: 17 exec/s: 0 rss: 49Mb L: 5/11 MS: 1 EraseBytes-
#3798	REDUCE cov: 112 ft: 127 corp: 10/29b lim: 17 exec/s: 0 rss: 49Mb L: 9/9 MS: 1 EraseBytes-
#3799	REDUCE cov: 113 ft: 128 corp: 11/33b lim: 17 exec/s: 0 rss: 49Mb L: 4/9 MS: 1 CopyPart-
#3980	REDUCE cov: 143 ft: 177 corp: 12/45b lim: 17 exec/s: 0 rss: 49Mb L: 12/12 MS: 1 CopyPart-
#3991	NEW    cov: 143 ft: 192 corp: 13/58b lim: 17 exec/s: 0 rss: 49Mb L: 13/13 MS: 1 CrossOver-
#4192	NEW    cov: 146 ft: 207 corp: 14/71b lim: 17 exec/s: 0 rss: 49Mb L: 13/13 MS: 1 CopyPart-
#4199	REDUCE cov: 146 ft: 207 corp: 14/69b lim: 17 exec/s: 0 rss: 49Mb L: 11/13 MS: 2 CrossOver-EraseBytes-
#4416	REDUCE cov: 146 ft: 207 corp: 14/67b lim: 17 exec/s: 0 rss: 49Mb L: 3/13 MS: 2 EraseBytes-CopyPart-
#4772	REDUCE cov: 146 ft: 207 corp: 14/64b lim: 17 exec/s: 0 rss: 49Mb L: 6/13 MS: 1 EraseBytes-
#5002	REDUCE cov: 155 ft: 216 corp: 15/74b lim: 17 exec/s: 0 rss: 49Mb L: 10/13 MS: 5 InsertByte-CrossOver-CrossOver-ChangeASCIIInt-CopyPart-
#5074	REDUCE cov: 155 ft: 216 corp: 15/73b lim: 17 exec/s: 0 rss: 49Mb L: 9/13 MS: 2 ChangeBinInt-EraseBytes-
#5390	REDUCE cov: 157 ft: 218 corp: 16/80b lim: 17 exec/s: 0 rss: 49Mb L: 7/13 MS: 1 EraseBytes-
#5491	REDUCE cov: 157 ft: 218 corp: 16/78b lim: 17 exec/s: 0 rss: 49Mb L: 11/12 MS: 1 EraseBytes-
#5872	NEW    cov: 160 ft: 221 corp: 17/86b lim: 17 exec/s: 0 rss: 49Mb L: 8/12 MS: 1 InsertByte-
#6718	NEW    cov: 161 ft: 222 corp: 18/98b lim: 25 exec/s: 0 rss: 49Mb L: 12/12 MS: 1 ChangeASCIIInt-
#6734	REDUCE cov: 161 ft: 222 corp: 18/96b lim: 25 exec/s: 0 rss: 49Mb L: 6/12 MS: 1 EraseBytes-
#7125	REDUCE cov: 166 ft: 227 corp: 19/105b lim: 25 exec/s: 0 rss: 49Mb L: 9/12 MS: 1 ShuffleBytes-
#7151	REDUCE cov: 167 ft: 228 corp: 20/114b lim: 25 exec/s: 0 rss: 49Mb L: 9/12 MS: 1 ChangeByte-
#7303	REDUCE cov: 167 ft: 228 corp: 20/112b lim: 25 exec/s: 7303 rss: 49Mb L: 7/12 MS: 2 ChangeBit-EraseBytes-
#7384	NEW    cov: 167 ft: 239 corp: 21/125b lim: 25 exec/s: 7384 rss: 49Mb L: 13/13 MS: 1 CrossOver-
#7780	REDUCE cov: 167 ft: 240 corp: 22/133b lim: 25 exec/s: 7780 rss: 49Mb L: 8/13 MS: 1 InsertByte-
#8262	NEW    cov: 169 ft: 246 corp: 23/144b lim: 29 exec/s: 8262 rss: 49Mb L: 11/13 MS: 2 ShuffleBytes-CopyPart-
#9328	REDUCE cov: 170 ft: 247 corp: 24/150b lim: 38 exec/s: 9328 rss: 49Mb L: 6/13 MS: 1 ChangeByte-
#11769	NEW    cov: 172 ft: 256 corp: 25/163b lim: 58 exec/s: 11769 rss: 49Mb L: 13/13 MS: 1 ShuffleBytes-
#13820	REDUCE cov: 172 ft: 261 corp: 26/180b lim: 74 exec/s: 6910 rss: 49Mb L: 17/17 MS: 1 CrossOver-
#15426	REDUCE cov: 195 ft: 284 corp: 27/194b lim: 86 exec/s: 7713 rss: 49Mb L: 14/17 MS: 1 CrossOver-
#16384	pulse  cov: 195 ft: 284 corp: 27/194b lim: 92 exec/s: 8192 rss: 49Mb
#17737	REDUCE cov: 195 ft: 284 corp: 27/193b lim: 104 exec/s: 8868 rss: 49Mb L: 5/17 MS: 1 EraseBytes-
#18180	REDUCE cov: 195 ft: 284 corp: 27/192b lim: 104 exec/s: 9090 rss: 49Mb L: 10/17 MS: 3 CrossOver-CrossOver-EraseBytes-
#21816	REDUCE cov: 195 ft: 284 corp: 27/191b lim: 135 exec/s: 7272 rss: 49Mb L: 13/17 MS: 1 EraseBytes-
#23277	REDUCE cov: 195 ft: 284 corp: 27/188b lim: 149 exec/s: 7759 rss: 49Mb L: 10/17 MS: 1 EraseBytes-
#24328	REDUCE cov: 195 ft: 284 corp: 27/185b lim: 156 exec/s: 8109 rss: 49Mb L: 9/17 MS: 1 EraseBytes-
#26092	NEW    cov: 195 ft: 287 corp: 28/294b lim: 170 exec/s: 6523 rss: 49Mb L: 109/109 MS: 4 ChangeBit-CMP-ChangeByte-InsertRepeatedBytes- DE: "\377\377\377\377\377\377\377D"-
#26205	NEW    cov: 195 ft: 290 corp: 29/408b lim: 170 exec/s: 6551 rss: 49Mb L: 114/114 MS: 3 CrossOver-CrossOver-CrossOver-
#26231	NEW    cov: 196 ft: 291 corp: 30/570b lim: 170 exec/s: 6557 rss: 49Mb L: 162/162 MS: 1 InsertRepeatedBytes-
#26315	NEW    cov: 196 ft: 294 corp: 31/688b lim: 170 exec/s: 6578 rss: 49Mb L: 118/162 MS: 4 ChangeByte-ChangeByte-PersAutoDict-CMP- DE: "\377\377\377\377\377\377\377D"-"\000\000\000\000"-
#26360	REDUCE cov: 196 ft: 297 corp: 32/821b lim: 170 exec/s: 6590 rss: 49Mb L: 133/162 MS: 5 CrossOver-PersAutoDict-ChangeBit-ChangeBinInt-InsertRepeatedBytes- DE: "\377\377\377\377\377\377\377\377"-
#26442	NEW    cov: 196 ft: 298 corp: 33/983b lim: 170 exec/s: 6610 rss: 49Mb L: 162/162 MS: 2 PersAutoDict-InsertRepeatedBytes- DE: "\377\377\377\377\377\377\377D"-
#26518	NEW    cov: 196 ft: 301 corp: 34/1145b lim: 170 exec/s: 6629 rss: 49Mb L: 162/162 MS: 1 ChangeByte-
#26570	REDUCE cov: 196 ft: 301 corp: 34/1126b lim: 170 exec/s: 6642 rss: 49Mb L: 114/162 MS: 2 EraseBytes-CopyPart-
#26579	NEW    cov: 196 ft: 303 corp: 35/1274b lim: 170 exec/s: 6644 rss: 49Mb L: 148/162 MS: 4 ChangeBinInt-PersAutoDict-CrossOver-CrossOver- DE: "\377\377\377\377\377\377\377D"-
#26917	REDUCE cov: 196 ft: 303 corp: 35/1255b lim: 170 exec/s: 6729 rss: 49Mb L: 143/162 MS: 3 ChangeBit-ChangeBit-EraseBytes-
#27392	REDUCE cov: 196 ft: 303 corp: 35/1243b lim: 170 exec/s: 6848 rss: 49Mb L: 150/162 MS: 5 PersAutoDict-CrossOver-EraseBytes-ChangeBit-InsertRepeatedBytes- DE: "\377\377\377\377\377\377\377\377"-
#27550	REDUCE cov: 196 ft: 303 corp: 35/1240b lim: 170 exec/s: 6887 rss: 49Mb L: 106/162 MS: 3 InsertByte-ShuffleBytes-EraseBytes-
#27614	REDUCE cov: 196 ft: 303 corp: 35/1218b lim: 170 exec/s: 6903 rss: 49Mb L: 121/162 MS: 4 ChangeBinInt-CrossOver-ChangeBit-EraseBytes-
#28270	REDUCE cov: 196 ft: 306 corp: 36/1368b lim: 170 exec/s: 7067 rss: 49Mb L: 150/162 MS: 1 CopyPart-
#28339	REDUCE cov: 196 ft: 306 corp: 36/1362b lim: 170 exec/s: 7084 rss: 49Mb L: 108/162 MS: 4 InsertByte-EraseBytes-ShuffleBytes-CMP- DE: "\377\377\377\377\377\377\377\377"-
#28353	NEW    cov: 196 ft: 308 corp: 37/1527b lim: 170 exec/s: 7088 rss: 49Mb L: 165/165 MS: 4 ChangeByte-ChangeBinInt-CrossOver-CopyPart-
#28851	REDUCE cov: 196 ft: 308 corp: 37/1523b lim: 170 exec/s: 7212 rss: 49Mb L: 146/165 MS: 3 CrossOver-InsertByte-EraseBytes-
#28953	REDUCE cov: 196 ft: 308 corp: 37/1516b lim: 170 exec/s: 7238 rss: 49Mb L: 141/165 MS: 2 PersAutoDict-EraseBytes- DE: "\377\377\377\377\377\377\377D"-
#29115	REDUCE cov: 196 ft: 308 corp: 37/1509b lim: 170 exec/s: 7278 rss: 49Mb L: 134/165 MS: 2 ChangeBit-EraseBytes-
#29925	REDUCE cov: 196 ft: 308 corp: 37/1508b lim: 177 exec/s: 7481 rss: 49Mb L: 105/165 MS: 5 ChangeBit-CMP-CMP-CopyPart-EraseBytes- DE: "\031\000\000\000\000\000\000\000"-"\001\000\000\000\000\000\000\000"-
#29961	REDUCE cov: 196 ft: 308 corp: 37/1502b lim: 177 exec/s: 7490 rss: 49Mb L: 140/165 MS: 1 EraseBytes-
#30770	REDUCE cov: 196 ft: 308 corp: 37/1487b lim: 184 exec/s: 7692 rss: 49Mb L: 125/165 MS: 4 InsertByte-EraseBytes-InsertByte-CopyPart-
#31221	REDUCE cov: 196 ft: 308 corp: 37/1480b lim: 184 exec/s: 7805 rss: 49Mb L: 127/165 MS: 1 EraseBytes-
#32768	pulse  cov: 196 ft: 308 corp: 37/1480b lim: 198 exec/s: 6553 rss: 49Mb
#33328	REDUCE cov: 196 ft: 308 corp: 37/1472b lim: 198 exec/s: 6665 rss: 49Mb L: 154/165 MS: 2 ChangeBit-EraseBytes-
#33440	REDUCE cov: 196 ft: 308 corp: 37/1468b lim: 198 exec/s: 6688 rss: 49Mb L: 161/161 MS: 2 CrossOver-EraseBytes-
#33675	REDUCE cov: 197 ft: 309 corp: 38/1547b lim: 198 exec/s: 6735 rss: 49Mb L: 79/161 MS: 5 CrossOver-InsertRepeatedBytes-ChangeBit-CrossOver-ChangeBit-
#33991	REDUCE cov: 197 ft: 309 corp: 38/1535b lim: 198 exec/s: 6798 rss: 49Mb L: 149/154 MS: 1 EraseBytes-
#34097	REDUCE cov: 197 ft: 309 corp: 38/1524b lim: 198 exec/s: 6819 rss: 49Mb L: 68/154 MS: 1 EraseBytes-
#35018	REDUCE cov: 197 ft: 309 corp: 38/1508b lim: 205 exec/s: 7003 rss: 49Mb L: 52/154 MS: 1 EraseBytes-
#35376	REDUCE cov: 197 ft: 309 corp: 38/1490b lim: 205 exec/s: 7075 rss: 49Mb L: 34/154 MS: 3 CrossOver-ShuffleBytes-EraseBytes-
#35643	REDUCE cov: 197 ft: 309 corp: 38/1487b lim: 205 exec/s: 7128 rss: 49Mb L: 124/154 MS: 2 ChangeBinInt-EraseBytes-
#35693	REDUCE cov: 197 ft: 309 corp: 38/1482b lim: 205 exec/s: 7138 rss: 49Mb L: 149/150 MS: 5 PersAutoDict-CopyPart-ShuffleBytes-ChangeBit-EraseBytes- DE: "\031\000\000\000\000\000\000\000"-
#35931	REDUCE cov: 199 ft: 311 corp: 39/1684b lim: 205 exec/s: 7186 rss: 49Mb L: 202/202 MS: 3 CopyPart-PersAutoDict-InsertRepeatedBytes- DE: "\000\000\000\000"-
#36700	REDUCE cov: 199 ft: 311 corp: 39/1672b lim: 212 exec/s: 7340 rss: 49Mb L: 190/190 MS: 4 ChangeBinInt-PersAutoDict-PersAutoDict-EraseBytes- DE: "\001\000\000\000\000\000\000\000"-"\377\377\377\377\377\377\377\377"-
#37525	REDUCE cov: 199 ft: 311 corp: 39/1629b lim: 219 exec/s: 6254 rss: 49Mb L: 147/150 MS: 5 CopyPart-InsertByte-ChangeBit-EraseBytes-CrossOver-
#38121	REDUCE cov: 199 ft: 311 corp: 39/1628b lim: 219 exec/s: 6353 rss: 49Mb L: 33/150 MS: 1 EraseBytes-
#38323	REDUCE cov: 199 ft: 311 corp: 39/1611b lim: 219 exec/s: 6387 rss: 49Mb L: 130/150 MS: 2 ChangeBit-EraseBytes-
#38595	REDUCE cov: 199 ft: 311 corp: 39/1609b lim: 219 exec/s: 6432 rss: 49Mb L: 106/150 MS: 2 InsertRepeatedBytes-EraseBytes-
#38896	REDUCE cov: 199 ft: 311 corp: 39/1607b lim: 219 exec/s: 6482 rss: 49Mb L: 31/150 MS: 1 EraseBytes-
#39072	REDUCE cov: 199 ft: 311 corp: 39/1606b lim: 219 exec/s: 6512 rss: 49Mb L: 117/150 MS: 1 EraseBytes-
#39260	REDUCE cov: 199 ft: 311 corp: 39/1604b lim: 219 exec/s: 6543 rss: 49Mb L: 122/150 MS: 3 PersAutoDict-PersAutoDict-EraseBytes- DE: "\377\377\377\377\377\377\377D"-"\031\000\000\000\000\000\000\000"-
#41078	REDUCE cov: 199 ft: 311 corp: 39/1596b lim: 233 exec/s: 6846 rss: 49Mb L: 142/149 MS: 3 ChangeBit-ChangeBinInt-EraseBytes-
#41399	REDUCE cov: 199 ft: 311 corp: 39/1593b lim: 233 exec/s: 6899 rss: 49Mb L: 28/149 MS: 1 EraseBytes-
#41469	REDUCE cov: 199 ft: 313 corp: 40/1802b lim: 233 exec/s: 6911 rss: 49Mb L: 209/209 MS: 5 CMP-ShuffleBytes-ChangeBit-InsertRepeatedBytes-CopyPart- DE: "Do"-
#41559	REDUCE cov: 199 ft: 313 corp: 40/1801b lim: 233 exec/s: 6926 rss: 49Mb L: 121/209 MS: 5 ChangeBinInt-EraseBytes-EraseBytes-InsertByte-CopyPart-
#41870	REDUCE cov: 199 ft: 313 corp: 40/1800b lim: 233 exec/s: 6978 rss: 49Mb L: 113/209 MS: 1 EraseBytes-
#42282	REDUCE cov: 199 ft: 313 corp: 40/1796b lim: 233 exec/s: 6040 rss: 49Mb L: 126/209 MS: 2 CopyPart-EraseBytes-
#42870	REDUCE cov: 199 ft: 313 corp: 40/1791b lim: 233 exec/s: 6124 rss: 49Mb L: 121/209 MS: 3 ChangeBinInt-CrossOver-EraseBytes-
#42871	REDUCE cov: 199 ft: 313 corp: 40/1789b lim: 233 exec/s: 6124 rss: 49Mb L: 26/209 MS: 1 EraseBytes-
#43379	REDUCE cov: 199 ft: 313 corp: 40/1788b lim: 233 exec/s: 6197 rss: 49Mb L: 120/209 MS: 3 CMP-ChangeBinInt-EraseBytes- DE: "\001\000\000\000"-
#43669	NEW    cov: 199 ft: 314 corp: 41/1953b lim: 233 exec/s: 6238 rss: 49Mb L: 165/209 MS: 5 ChangeByte-ShuffleBytes-EraseBytes-ChangeASCIIInt-InsertByte-
#44170	REDUCE cov: 199 ft: 314 corp: 41/1945b lim: 233 exec/s: 6310 rss: 49Mb L: 157/209 MS: 1 EraseBytes-
#44238	REDUCE cov: 199 ft: 314 corp: 41/1943b lim: 233 exec/s: 6319 rss: 49Mb L: 24/209 MS: 3 ChangeBinInt-ShuffleBytes-EraseBytes-
#45083	REDUCE cov: 199 ft: 314 corp: 41/1902b lim: 240 exec/s: 6440 rss: 49Mb L: 116/209 MS: 5 InsertByte-ChangeByte-CMP-EraseBytes-CMP- DE: "\000\000"-"\000\000"-
#45166	REDUCE cov: 199 ft: 314 corp: 41/1898b lim: 240 exec/s: 6452 rss: 49Mb L: 117/209 MS: 3 ChangeASCIIInt-ShuffleBytes-EraseBytes-
#45943	REDUCE cov: 199 ft: 314 corp: 41/1895b lim: 247 exec/s: 6563 rss: 49Mb L: 114/209 MS: 2 EraseBytes-CopyPart-
#46420	REDUCE cov: 199 ft: 314 corp: 41/1876b lim: 247 exec/s: 6631 rss: 49Mb L: 190/190 MS: 2 ChangeASCIIInt-CrossOver-
#46618	REDUCE cov: 199 ft: 314 corp: 41/1872b lim: 247 exec/s: 6659 rss: 49Mb L: 116/190 MS: 3 CrossOver-ChangeByte-EraseBytes-
#47483	REDUCE cov: 199 ft: 314 corp: 41/1865b lim: 254 exec/s: 5935 rss: 49Mb L: 183/183 MS: 5 ChangeBit-EraseBytes-InsertByte-PersAutoDict-PersAutoDict- DE: "\031\000\000\000\000\000\000\000"-"\377\377\377\377\377\377\377\377"-
#47986	REDUCE cov: 199 ft: 314 corp: 41/1860b lim: 254 exec/s: 5998 rss: 49Mb L: 19/183 MS: 3 InsertRepeatedBytes-EraseBytes-EraseBytes-
#50160	REDUCE cov: 199 ft: 314 corp: 41/1856b lim: 269 exec/s: 6270 rss: 49Mb L: 15/183 MS: 4 ChangeByte-ChangeBit-ChangeBit-EraseBytes-
#50753	REDUCE cov: 199 ft: 314 corp: 41/1850b lim: 269 exec/s: 6344 rss: 49Mb L: 119/183 MS: 3 InsertRepeatedBytes-EraseBytes-EraseBytes-
#52009	REDUCE cov: 199 ft: 314 corp: 41/1845b lim: 277 exec/s: 6501 rss: 49Mb L: 116/183 MS: 1 EraseBytes-
#53309	REDUCE cov: 199 ft: 314 corp: 41/1837b lim: 285 exec/s: 5923 rss: 49Mb L: 175/175 MS: 5 InsertByte-PersAutoDict-ChangeByte-PersAutoDict-EraseBytes- DE: "\377\377\377\377\377\377\377D"-"\377\377\377\377\377\377\377D"-
#54756	REDUCE cov: 199 ft: 314 corp: 41/1833b lim: 293 exec/s: 6084 rss: 49Mb L: 145/175 MS: 2 InsertRepeatedBytes-EraseBytes-
#54793	REDUCE cov: 199 ft: 314 corp: 41/1822b lim: 293 exec/s: 6088 rss: 49Mb L: 164/164 MS: 2 ChangeByte-EraseBytes-
#57479	REDUCE cov: 199 ft: 314 corp: 41/1812b lim: 317 exec/s: 6386 rss: 49Mb L: 139/164 MS: 1 EraseBytes-
#57993	REDUCE cov: 199 ft: 314 corp: 41/1811b lim: 317 exec/s: 6443 rss: 49Mb L: 141/164 MS: 4 ChangeBinInt-ChangeByte-InsertByte-EraseBytes-
#58389	REDUCE cov: 199 ft: 314 corp: 41/1804b lim: 317 exec/s: 6487 rss: 49Mb L: 138/164 MS: 1 EraseBytes-
#58521	REDUCE cov: 199 ft: 314 corp: 41/1802b lim: 317 exec/s: 6502 rss: 49Mb L: 162/162 MS: 2 ChangeBit-EraseBytes-
#59592	REDUCE cov: 199 ft: 314 corp: 41/1800b lim: 325 exec/s: 5959 rss: 49Mb L: 117/162 MS: 1 EraseBytes-
#60753	REDUCE cov: 199 ft: 314 corp: 41/1796b lim: 333 exec/s: 6075 rss: 49Mb L: 158/158 MS: 1 EraseBytes-
#61529	REDUCE cov: 199 ft: 314 corp: 41/1795b lim: 333 exec/s: 6152 rss: 49Mb L: 157/157 MS: 1 EraseBytes-
#63494	DONE   cov: 199 ft: 314 corp: 41/1795b lim: 349 exec/s: 5772 rss: 49Mb
###### Recommended dictionary. ######
"\377\377\377\377\377\377\377\377" # Uses: 2176
"\377\377\377\377\377\377\377D" # Uses: 523
"\000\000\000\000" # Uses: 565
"\031\000\000\000\000\000\000\000" # Uses: 441
"\001\000\000\000\000\000\000\000" # Uses: 402
"Do" # Uses: 279
"\001\000\000\000" # Uses: 197
"\000\000" # Uses: 196
###### End of recommended dictionary. ######
Done 63494 runs in 11 second(s)
