INFO: Instrumenting minisgl.kernel
INFO: Instrumenting minisgl.kernel.index
INFO: Instrumenting minisgl.kernel.utils
INFO: Instrumenting minisgl.kernel.pynccl
INFO: Instrumenting minisgl.env
INFO: Instrumenting minisgl.kernel.radix
INFO: Instrumenting minisgl.kernel.store
INFO: Instrumenting minisgl.kernel.tensor
INFO: Instrumenting minisgl.kvcache
INFO: Instrumenting minisgl.utils
INFO: Instrumenting minisgl.utils.arch
INFO: Instrumenting minisgl.utils.hf
INFO: Instrumenting minisgl.utils.logger
INFO: Instrumenting minisgl.utils.misc
INFO: Instrumenting minisgl.utils.mp
INFO: Instrumenting minisgl.utils.registry
INFO: Instrumenting minisgl.utils.torch_utils
INFO: Instrumenting minisgl.kvcache.base
INFO: Instrumenting minisgl.kvcache.radix_manager
INFO: Using built-in libfuzzer
WARNING: Failed to find function "__sanitizer_acquire_crash_state".
WARNING: Failed to find function "__sanitizer_print_stack_trace".
WARNING: Failed to find function "__sanitizer_set_death_callback".
INFO: Running with entropic power schedule (0xFF, 100).
INFO: Seed: 4227631552
INFO: -max_len is not provided; libFuzzer will not generate inputs larger than 4096 bytes
INFO: A corpus is not provided, starting from an empty corpus
#2	INITED cov: 13 ft: 13 corp: 1/1b exec/s: 0 rss: 549Mb
#3	NEW    cov: 31 ft: 36 corp: 2/3b lim: 4 exec/s: 0 rss: 551Mb L: 2/2 MS: 1 CrossOver-
#4	NEW    cov: 33 ft: 38 corp: 3/5b lim: 4 exec/s: 0 rss: 551Mb L: 2/2 MS: 1 InsertByte-
#5	NEW    cov: 33 ft: 47 corp: 4/6b lim: 4 exec/s: 0 rss: 551Mb L: 1/2 MS: 1 ChangeByte-
#10	NEW    cov: 35 ft: 49 corp: 5/10b lim: 4 exec/s: 0 rss: 551Mb L: 4/4 MS: 5 CopyPart-CopyPart-CopyPart-CopyPart-CrossOver-
#12	NEW    cov: 35 ft: 59 corp: 6/14b lim: 4 exec/s: 0 rss: 551Mb L: 4/4 MS: 2 ChangeBinInt-CopyPart-
#13	NEW    cov: 35 ft: 65 corp: 7/15b lim: 4 exec/s: 0 rss: 551Mb L: 1/4 MS: 1 ChangeBit-
#16	NEW    cov: 35 ft: 73 corp: 8/16b lim: 4 exec/s: 0 rss: 551Mb L: 1/4 MS: 3 ChangeByte-CopyPart-ChangeByte-
#20	NEW    cov: 35 ft: 76 corp: 9/19b lim: 4 exec/s: 0 rss: 551Mb L: 3/4 MS: 4 CopyPart-CopyPart-CopyPart-ChangeByte-
#23	NEW    cov: 35 ft: 87 corp: 10/21b lim: 4 exec/s: 0 rss: 551Mb L: 2/4 MS: 3 CopyPart-ShuffleBytes-ChangeByte-
#41	NEW    cov: 35 ft: 88 corp: 11/25b lim: 4 exec/s: 0 rss: 551Mb L: 4/4 MS: 3 ChangeBit-ChangeByte-CopyPart-
#44	NEW    cov: 35 ft: 98 corp: 12/27b lim: 4 exec/s: 0 rss: 551Mb L: 2/4 MS: 3 ChangeBit-InsertByte-ChangeByte-
#55	NEW    cov: 35 ft: 104 corp: 13/31b lim: 4 exec/s: 0 rss: 551Mb L: 4/4 MS: 1 InsertByte-
#62	NEW    cov: 39 ft: 121 corp: 14/34b lim: 4 exec/s: 0 rss: 551Mb L: 3/4 MS: 2 CrossOver-ChangeBinInt-
#81	NEW    cov: 39 ft: 123 corp: 15/36b lim: 4 exec/s: 0 rss: 553Mb L: 2/4 MS: 4 EraseBytes-InsertByte-ChangeByte-ChangeBinInt-
#96	NEW    cov: 39 ft: 124 corp: 16/38b lim: 4 exec/s: 0 rss: 553Mb L: 2/4 MS: 5 CrossOver-CrossOver-CopyPart-EraseBytes-ChangeBit-
#125	NEW    cov: 39 ft: 133 corp: 17/40b lim: 4 exec/s: 0 rss: 553Mb L: 2/4 MS: 4 InsertByte-ChangeBit-InsertByte-EraseBytes-
#137	NEW    cov: 39 ft: 136 corp: 18/43b lim: 4 exec/s: 0 rss: 553Mb L: 3/4 MS: 2 ChangeByte-EraseBytes-
#161	NEW    cov: 39 ft: 147 corp: 19/46b lim: 4 exec/s: 0 rss: 553Mb L: 3/4 MS: 4 ShuffleBytes-ChangeBit-ChangeBinInt-InsertByte-
#186	NEW    cov: 39 ft: 148 corp: 20/50b lim: 4 exec/s: 0 rss: 553Mb L: 4/4 MS: 5 InsertByte-ShuffleBytes-EraseBytes-InsertByte-InsertByte-
#192	REDUCE cov: 39 ft: 148 corp: 20/49b lim: 4 exec/s: 0 rss: 553Mb L: 3/4 MS: 1 EraseBytes-
#335	NEW    cov: 39 ft: 150 corp: 21/51b lim: 4 exec/s: 0 rss: 553Mb L: 2/4 MS: 3 CopyPart-ShuffleBytes-ShuffleBytes-
#336	REDUCE cov: 39 ft: 150 corp: 21/50b lim: 4 exec/s: 0 rss: 553Mb L: 2/4 MS: 1 EraseBytes-
#618	NEW    cov: 39 ft: 152 corp: 22/55b lim: 6 exec/s: 0 rss: 553Mb L: 5/5 MS: 2 ShuffleBytes-InsertRepeatedBytes-
#726	NEW    cov: 39 ft: 160 corp: 23/60b lim: 6 exec/s: 0 rss: 553Mb L: 5/5 MS: 3 InsertByte-CrossOver-ShuffleBytes-
#814	NEW    cov: 39 ft: 165 corp: 24/66b lim: 6 exec/s: 0 rss: 553Mb L: 6/6 MS: 3 CrossOver-ChangeByte-CopyPart-
#1006	NEW    cov: 39 ft: 166 corp: 25/72b lim: 6 exec/s: 0 rss: 553Mb L: 6/6 MS: 2 ShuffleBytes-CopyPart-
#1194	REDUCE cov: 39 ft: 166 corp: 25/71b lim: 6 exec/s: 0 rss: 553Mb L: 1/6 MS: 3 ShuffleBytes-ChangeBit-EraseBytes-
#1462	REDUCE cov: 39 ft: 166 corp: 25/70b lim: 8 exec/s: 0 rss: 553Mb L: 2/6 MS: 3 ShuffleBytes-ShuffleBytes-EraseBytes-
#1543	NEW    cov: 39 ft: 168 corp: 26/77b lim: 8 exec/s: 0 rss: 553Mb L: 7/7 MS: 1 InsertByte-
#1664	NEW    cov: 39 ft: 169 corp: 27/85b lim: 8 exec/s: 0 rss: 553Mb L: 8/8 MS: 1 CrossOver-
#1884	REDUCE cov: 59 ft: 189 corp: 28/93b lim: 8 exec/s: 0 rss: 553Mb L: 8/8 MS: 5 InsertRepeatedBytes-InsertByte-ShuffleBytes-ChangeBinInt-ChangeByte-
#2212	NEW    cov: 59 ft: 194 corp: 29/103b lim: 11 exec/s: 0 rss: 553Mb L: 10/10 MS: 3 InsertRepeatedBytes-ChangeByte-CopyPart-
#2643	NEW    cov: 59 ft: 196 corp: 30/114b lim: 14 exec/s: 0 rss: 553Mb L: 11/11 MS: 1 CrossOver-
#2678	NEW    cov: 59 ft: 197 corp: 31/125b lim: 14 exec/s: 0 rss: 553Mb L: 11/11 MS: 5 ChangeBinInt-ChangeBinInt-InsertRepeatedBytes-ShuffleBytes-ChangeBinInt-
#2724	REDUCE cov: 59 ft: 197 corp: 31/124b lim: 14 exec/s: 0 rss: 553Mb L: 10/11 MS: 1 EraseBytes-
#2736	REDUCE cov: 59 ft: 197 corp: 31/123b lim: 14 exec/s: 0 rss: 553Mb L: 2/11 MS: 2 ShuffleBytes-EraseBytes-
#2844	NEW    cov: 59 ft: 200 corp: 32/137b lim: 14 exec/s: 0 rss: 553Mb L: 14/14 MS: 3 ChangeByte-CopyPart-CopyPart-
#3011	NEW    cov: 59 ft: 201 corp: 33/151b lim: 14 exec/s: 0 rss: 553Mb L: 14/14 MS: 2 ChangeBit-ChangeBinInt-
#3078	REDUCE cov: 59 ft: 201 corp: 33/150b lim: 14 exec/s: 0 rss: 553Mb L: 13/14 MS: 2 EraseBytes-CopyPart-
#3308	REDUCE cov: 59 ft: 205 corp: 34/164b lim: 14 exec/s: 0 rss: 553Mb L: 14/14 MS: 5 InsertByte-ChangeBinInt-ShuffleBytes-ChangeBit-ShuffleBytes-
#3313	NEW    cov: 60 ft: 211 corp: 35/178b lim: 14 exec/s: 0 rss: 553Mb L: 14/14 MS: 5 ShuffleBytes-CrossOver-EraseBytes-InsertByte-CopyPart-
#3537	NEW    cov: 61 ft: 222 corp: 36/189b lim: 14 exec/s: 0 rss: 553Mb L: 11/14 MS: 4 ChangeBit-InsertByte-ChangeBinInt-ChangeBit-
#3603	REDUCE cov: 61 ft: 222 corp: 36/188b lim: 14 exec/s: 0 rss: 553Mb L: 9/14 MS: 1 EraseBytes-
#4080	NEW    cov: 61 ft: 234 corp: 37/202b lim: 17 exec/s: 0 rss: 553Mb L: 14/14 MS: 2 ShuffleBytes-CrossOver-
#4318	NEW    cov: 61 ft: 235 corp: 38/214b lim: 17 exec/s: 0 rss: 553Mb L: 12/14 MS: 3 ChangeBit-ShuffleBytes-InsertByte-
#4384	NEW    cov: 61 ft: 239 corp: 39/230b lim: 17 exec/s: 0 rss: 553Mb L: 16/16 MS: 1 CrossOver-
#4602	REDUCE cov: 61 ft: 239 corp: 39/228b lim: 17 exec/s: 0 rss: 553Mb L: 6/16 MS: 3 EraseBytes-ShuffleBytes-CrossOver-
#4634	NEW    cov: 61 ft: 247 corp: 40/242b lim: 17 exec/s: 0 rss: 553Mb L: 14/16 MS: 2 ChangeBinInt-ShuffleBytes-
#4915	NEW    cov: 61 ft: 251 corp: 41/258b lim: 17 exec/s: 0 rss: 553Mb L: 16/16 MS: 1 CopyPart-
#4967	REDUCE cov: 61 ft: 251 corp: 41/256b lim: 17 exec/s: 0 rss: 553Mb L: 14/16 MS: 2 CrossOver-CMP- DE: "\377\377"-
#5819	REDUCE cov: 61 ft: 254 corp: 42/280b lim: 25 exec/s: 0 rss: 553Mb L: 24/24 MS: 2 ChangeBit-InsertRepeatedBytes-
#5987	REDUCE cov: 61 ft: 254 corp: 42/273b lim: 25 exec/s: 0 rss: 553Mb L: 17/17 MS: 3 ShuffleBytes-ChangeBit-EraseBytes-
#6241	REDUCE cov: 61 ft: 254 corp: 42/272b lim: 25 exec/s: 0 rss: 553Mb L: 3/17 MS: 4 ChangeBit-ShuffleBytes-InsertByte-EraseBytes-
#6902	REDUCE cov: 61 ft: 254 corp: 42/271b lim: 29 exec/s: 0 rss: 553Mb L: 2/17 MS: 1 EraseBytes-
#6953	NEW    cov: 61 ft: 257 corp: 43/298b lim: 29 exec/s: 0 rss: 553Mb L: 27/27 MS: 1 CopyPart-
#7379	NEW    cov: 61 ft: 258 corp: 44/325b lim: 33 exec/s: 0 rss: 553Mb L: 27/27 MS: 1 PersAutoDict- DE: "\377\377"-
#7397	NEW    cov: 61 ft: 263 corp: 45/357b lim: 33 exec/s: 0 rss: 553Mb L: 32/32 MS: 3 ShuffleBytes-CopyPart-InsertRepeatedBytes-
#7475	NEW    cov: 61 ft: 266 corp: 46/389b lim: 33 exec/s: 0 rss: 553Mb L: 32/32 MS: 3 PersAutoDict-CrossOver-ChangeByte- DE: "\377\377"-
#7569	NEW    cov: 61 ft: 267 corp: 47/422b lim: 33 exec/s: 0 rss: 553Mb L: 33/33 MS: 4 InsertRepeatedBytes-ChangeBinInt-ChangeBinInt-CopyPart-
#8040	NEW    cov: 61 ft: 273 corp: 48/449b lim: 33 exec/s: 0 rss: 553Mb L: 27/33 MS: 1 CopyPart-
#8240	NEW    cov: 61 ft: 274 corp: 49/479b lim: 33 exec/s: 8240 rss: 553Mb L: 30/33 MS: 5 ChangeBinInt-CopyPart-CMP-CrossOver-ShuffleBytes- DE: "\377\377\377\377"-
#8241	REDUCE cov: 61 ft: 274 corp: 49/476b lim: 33 exec/s: 8241 rss: 553Mb L: 24/33 MS: 1 EraseBytes-
#8402	REDUCE cov: 61 ft: 274 corp: 49/472b lim: 33 exec/s: 8402 rss: 553Mb L: 12/33 MS: 1 EraseBytes-
#8579	NEW    cov: 61 ft: 275 corp: 50/502b lim: 33 exec/s: 8579 rss: 553Mb L: 30/33 MS: 2 ChangeBinInt-ChangeBinInt-
#9025	REDUCE cov: 61 ft: 275 corp: 50/501b lim: 33 exec/s: 9025 rss: 553Mb L: 11/33 MS: 1 EraseBytes-
#9107	REDUCE cov: 61 ft: 276 corp: 51/532b lim: 33 exec/s: 9107 rss: 553Mb L: 31/33 MS: 2 InsertRepeatedBytes-ChangeByte-
#9176	NEW    cov: 61 ft: 279 corp: 52/562b lim: 33 exec/s: 9176 rss: 553Mb L: 30/33 MS: 4 ChangeByte-CrossOver-EraseBytes-InsertRepeatedBytes-
#9461	REDUCE cov: 61 ft: 279 corp: 52/560b lim: 33 exec/s: 9461 rss: 553Mb L: 28/33 MS: 5 CrossOver-InsertByte-ChangeBinInt-ChangeByte-EraseBytes-
#9563	REDUCE cov: 61 ft: 283 corp: 53/578b lim: 33 exec/s: 9563 rss: 553Mb L: 18/33 MS: 2 ChangeBit-CopyPart-
#9599	REDUCE cov: 61 ft: 283 corp: 53/574b lim: 33 exec/s: 9599 rss: 553Mb L: 28/33 MS: 1 EraseBytes-
#9711	REDUCE cov: 61 ft: 284 corp: 54/607b lim: 33 exec/s: 9711 rss: 553Mb L: 33/33 MS: 2 InsertRepeatedBytes-CopyPart-
Done 10000 in 1 second(s)
