INFO: Instrumenting black
INFO: Instrumenting json
INFO: Instrumenting json.decoder
INFO: Instrumenting json.scanner
INFO: Instrumenting json.encoder
INFO: Instrumenting platform
INFO: Instrumenting datetime
INFO: Instrumenting click
INFO: Instrumenting __future__
INFO: Instrumenting click.core
INFO: Instrumenting gettext
INFO: Instrumenting click.types
INFO: Instrumenting click._compat
INFO: Instrumenting click.exceptions
INFO: Instrumenting click.globals
INFO: Instrumenting click.utils
INFO: Instrumenting click._utils
INFO: Instrumenting click.formatting
INFO: Instrumenting click.parser
INFO: Instrumenting click.termui
INFO: Instrumenting click.decorators
INFO: Instrumenting mypy_extensions
INFO: Instrumenting pathspec
INFO: Instrumenting pathspec.gitignore
INFO: Instrumenting pathspec.backend
INFO: Instrumenting pathspec._backends
INFO: Instrumenting pathspec._backends.agg
INFO: Instrumenting pathspec.pattern
INFO: Instrumenting pathspec._typing
INFO: Instrumenting pathspec._backends.hyperscan
INFO: Instrumenting pathspec._backends.hyperscan.base
INFO: Instrumenting pathspec._backends.hyperscan.gitignore
INFO: Instrumenting pathspec.patterns
INFO: Instrumenting pathspec.patterns.gitignore
INFO: Instrumenting pathspec.patterns.gitignore.base
INFO: Instrumenting pathspec.patterns.gitignore.basic
INFO: Instrumenting pathspec.util
INFO: Instrumenting pathspec.patterns.gitignore.spec
INFO: Instrumenting pathspec.patterns.gitwildmatch
INFO: Instrumenting pathspec._backends.hyperscan._base
INFO: Instrumenting pathspec._backends.hyperscan.pathspec
INFO: Instrumenting pathspec._backends._utils
INFO: Instrumenting pathspec._backends.re2
INFO: Instrumenting pathspec._backends.re2.base
INFO: Instrumenting pathspec._backends.re2._base
INFO: Instrumenting pathspec._backends.re2.gitignore
INFO: Instrumenting pathspec._backends.re2.pathspec
INFO: Instrumenting pathspec._backends.simple
INFO: Instrumenting pathspec._backends.simple.gitignore
INFO: Instrumenting pathspec._backends.simple.pathspec
INFO: Instrumenting pathspec.pathspec
INFO: Instrumenting pathspec._meta
INFO: Instrumenting pathspec._version
INFO: Instrumenting _black_version
INFO: Instrumenting black.cache
INFO: Instrumenting hashlib
INFO: Instrumenting pickle
INFO: Instrumenting struct
INFO: Instrumenting _compat_pickle
INFO: Instrumenting platformdirs
INFO: Instrumenting platformdirs.api
INFO: Instrumenting platformdirs.version
INFO: Instrumenting platformdirs.unix
INFO: Instrumenting configparser
INFO: Instrumenting black.mode
INFO: Instrumenting black.const
INFO: Instrumenting black.output
INFO: Instrumenting black.comments
INFO: Instrumenting black.nodes
INFO: Instrumenting black.strings
INFO: Instrumenting black._width_table
INFO: Instrumenting blib2to3
INFO: Instrumenting blib2to3.pytree
INFO: Instrumenting blib2to3.pgen2
INFO: Instrumenting blib2to3.pgen2.grammar
INFO: Instrumenting blib2to3.pgen2.token
INFO: Instrumenting blib2to3.pygram
INFO: Instrumenting blib2to3.pgen2.driver
INFO: Instrumenting pkgutil
INFO: Instrumenting importlib.util
WARNING: It looks like this module is imported by a custom loader. Atheris has experimental support for this. However, it may be incompatible with certain libraries. If you experience unusual errors or poor coverage collection, try atheris.instrument_all() instead, add enable_loader_override=False to instrument_imports(), or file an issue on GitHub.
INFO: Instrumenting blib2to3.pgen2.tokenize
INFO: Instrumenting blib2to3.pgen2.parse
INFO: Instrumenting blib2to3.pgen2.pgen
INFO: Instrumenting black.files
INFO: Instrumenting packaging
INFO: Instrumenting packaging.specifiers
INFO: Instrumenting packaging.utils
INFO: Instrumenting packaging.tags
INFO: Instrumenting subprocess
INFO: Instrumenting locale
INFO: Instrumenting _locale
INFO: Instrumenting signal
INFO: Instrumenting selectors
INFO: Instrumenting sysconfig
INFO: Instrumenting packaging._manylinux
INFO: Instrumenting packaging._elffile
INFO: Instrumenting packaging._musllinux
INFO: Instrumenting packaging.version
INFO: Instrumenting packaging._structures
INFO: Instrumenting tomllib
INFO: Instrumenting tomllib._parser
INFO: Instrumenting tomllib._re
INFO: Instrumenting tomllib._types
INFO: Instrumenting black.handle_ipynb_magics
INFO: Instrumenting secrets
INFO: Instrumenting base64
INFO: Instrumenting hmac
INFO: Instrumenting black.report
INFO: Instrumenting black.linegen
INFO: Instrumenting black.brackets
INFO: Instrumenting black.lines
INFO: Instrumenting black.numerics
INFO: Instrumenting black.trans
INFO: Instrumenting black.rusty
INFO: Instrumenting black.parsing
INFO: Instrumenting black.ranges
INFO: Instrumenting difflib
INFO: Instrumenting heapq
INFO: Using built-in libfuzzer
WARNING: Failed to find function "__sanitizer_acquire_crash_state".
WARNING: Failed to find function "__sanitizer_print_stack_trace".
WARNING: Failed to find function "__sanitizer_set_death_callback".
INFO: Running with entropic power schedule (0xFF, 100).
INFO: Seed: 3269865197
INFO: -max_len is not provided; libFuzzer will not generate inputs larger than 4096 bytes
INFO: A corpus is not provided, starting from an empty corpus
#2	INITED cov: 238 ft: 238 corp: 1/1b exec/s: 0 rss: 55Mb
#15	NEW    cov: 501 ft: 721 corp: 2/5b lim: 4 exec/s: 0 rss: 55Mb L: 4/4 MS: 3 InsertByte-CrossOver-CopyPart-
#17	NEW    cov: 507 ft: 731 corp: 3/7b lim: 4 exec/s: 0 rss: 55Mb L: 2/4 MS: 2 CrossOver-ChangeBit-
#47	NEW    cov: 510 ft: 735 corp: 4/10b lim: 4 exec/s: 0 rss: 55Mb L: 3/4 MS: 5 ChangeBit-ChangeBit-CopyPart-ChangeByte-InsertByte-
#54	NEW    cov: 511 ft: 736 corp: 5/12b lim: 4 exec/s: 0 rss: 55Mb L: 2/4 MS: 2 ChangeBinInt-CrossOver-
#58	NEW    cov: 517 ft: 800 corp: 6/15b lim: 4 exec/s: 0 rss: 55Mb L: 3/4 MS: 4 CopyPart-ChangeByte-ChangeByte-CrossOver-
#64	NEW    cov: 520 ft: 808 corp: 7/17b lim: 4 exec/s: 0 rss: 55Mb L: 2/4 MS: 1 ChangeByte-
#70	NEW    cov: 530 ft: 1039 corp: 8/20b lim: 4 exec/s: 0 rss: 55Mb L: 3/4 MS: 1 CopyPart-
#71	NEW    cov: 530 ft: 1262 corp: 9/23b lim: 4 exec/s: 0 rss: 55Mb L: 3/4 MS: 1 EraseBytes-
#72	REDUCE cov: 530 ft: 1262 corp: 9/22b lim: 4 exec/s: 0 rss: 55Mb L: 2/4 MS: 1 EraseBytes-
#81	NEW    cov: 532 ft: 1295 corp: 10/24b lim: 4 exec/s: 0 rss: 55Mb L: 2/4 MS: 4 ShuffleBytes-CopyPart-ChangeByte-CopyPart-
#82	NEW    cov: 532 ft: 1296 corp: 11/27b lim: 4 exec/s: 0 rss: 55Mb L: 3/4 MS: 1 ChangeByte-
#85	NEW    cov: 532 ft: 1301 corp: 12/31b lim: 4 exec/s: 0 rss: 55Mb L: 4/4 MS: 3 InsertByte-ChangeBit-InsertByte-
#88	NEW    cov: 532 ft: 1302 corp: 13/35b lim: 4 exec/s: 0 rss: 55Mb L: 4/4 MS: 3 CrossOver-CrossOver-ChangeByte-
#97	NEW    cov: 542 ft: 1312 corp: 14/39b lim: 4 exec/s: 0 rss: 55Mb L: 4/4 MS: 4 CrossOver-ChangeBinInt-CopyPart-CrossOver-
#109	NEW    cov: 542 ft: 1313 corp: 15/41b lim: 4 exec/s: 0 rss: 55Mb L: 2/4 MS: 2 EraseBytes-CrossOver-
#124	NEW    cov: 542 ft: 1322 corp: 16/45b lim: 4 exec/s: 0 rss: 55Mb L: 4/4 MS: 5 CMP-ChangeBit-ChangeBit-ChangeByte-ChangeBinInt- DE: "\377\377"-
#128	NEW    cov: 542 ft: 1324 corp: 17/48b lim: 4 exec/s: 0 rss: 55Mb L: 3/4 MS: 4 ChangeByte-EraseBytes-InsertByte-ShuffleBytes-
#134	NEW    cov: 542 ft: 1332 corp: 18/52b lim: 4 exec/s: 0 rss: 55Mb L: 4/4 MS: 1 InsertByte-
#160	NEW    cov: 542 ft: 1334 corp: 19/55b lim: 4 exec/s: 0 rss: 55Mb L: 3/4 MS: 1 CrossOver-
#163	NEW    cov: 542 ft: 1335 corp: 20/58b lim: 4 exec/s: 0 rss: 55Mb L: 3/4 MS: 3 CrossOver-EraseBytes-ChangeByte-
#164	REDUCE cov: 542 ft: 1338 corp: 21/62b lim: 4 exec/s: 0 rss: 55Mb L: 4/4 MS: 1 CopyPart-
#171	REDUCE cov: 543 ft: 1342 corp: 22/64b lim: 4 exec/s: 0 rss: 55Mb L: 2/4 MS: 2 ChangeBinInt-CopyPart-
#182	NEW    cov: 568 ft: 1647 corp: 23/68b lim: 4 exec/s: 0 rss: 55Mb L: 4/4 MS: 1 CrossOver-
#209	NEW    cov: 568 ft: 1653 corp: 24/71b lim: 4 exec/s: 0 rss: 55Mb L: 3/4 MS: 2 CopyPart-ChangeByte-
#212	NEW    cov: 568 ft: 1658 corp: 25/75b lim: 4 exec/s: 0 rss: 55Mb L: 4/4 MS: 3 EraseBytes-InsertByte-ChangeBinInt-
#214	NEW    cov: 584 ft: 1679 corp: 26/77b lim: 4 exec/s: 0 rss: 55Mb L: 2/4 MS: 2 ShuffleBytes-ChangeByte-
#220	NEW    cov: 584 ft: 1683 corp: 27/81b lim: 4 exec/s: 0 rss: 55Mb L: 4/4 MS: 1 CopyPart-
#232	NEW    cov: 584 ft: 1684 corp: 28/84b lim: 4 exec/s: 0 rss: 55Mb L: 3/4 MS: 2 ChangeBinInt-ChangeBinInt-
#233	NEW    cov: 584 ft: 1695 corp: 29/88b lim: 4 exec/s: 0 rss: 55Mb L: 4/4 MS: 1 CrossOver-
#240	NEW    cov: 585 ft: 1703 corp: 30/92b lim: 4 exec/s: 0 rss: 55Mb L: 4/4 MS: 2 ChangeByte-CrossOver-
#247	NEW    cov: 585 ft: 1717 corp: 31/95b lim: 4 exec/s: 0 rss: 55Mb L: 3/4 MS: 2 EraseBytes-CrossOver-
#253	REDUCE cov: 585 ft: 1717 corp: 31/94b lim: 4 exec/s: 0 rss: 55Mb L: 3/4 MS: 1 CrossOver-
#304	NEW    cov: 585 ft: 1951 corp: 32/97b lim: 4 exec/s: 0 rss: 56Mb L: 3/4 MS: 1 ChangeBit-
#317	NEW    cov: 585 ft: 1952 corp: 33/101b lim: 4 exec/s: 0 rss: 56Mb L: 4/4 MS: 3 ChangeByte-ChangeBit-ChangeBit-
#324	NEW    cov: 585 ft: 1958 corp: 34/105b lim: 4 exec/s: 0 rss: 56Mb L: 4/4 MS: 2 ShuffleBytes-CrossOver-
#366	REDUCE cov: 628 ft: 2036 corp: 35/108b lim: 4 exec/s: 0 rss: 56Mb L: 3/4 MS: 2 ChangeByte-CopyPart-
#375	REDUCE cov: 628 ft: 2037 corp: 36/112b lim: 4 exec/s: 0 rss: 56Mb L: 4/4 MS: 4 PersAutoDict-PersAutoDict-InsertByte-ChangeByte- DE: "\377\377"-"\377\377"-
#403	NEW    cov: 628 ft: 2038 corp: 37/116b lim: 4 exec/s: 0 rss: 56Mb L: 4/4 MS: 3 InsertByte-InsertByte-CrossOver-
#502	NEW    cov: 674 ft: 2084 corp: 38/119b lim: 4 exec/s: 0 rss: 56Mb L: 3/4 MS: 4 CopyPart-ChangeBit-EraseBytes-InsertByte-
#518	NEW    cov: 674 ft: 2098 corp: 39/123b lim: 4 exec/s: 0 rss: 56Mb L: 4/4 MS: 1 CMP- DE: "6\012"-
#568	NEW    cov: 674 ft: 2106 corp: 40/126b lim: 4 exec/s: 0 rss: 56Mb L: 3/4 MS: 5 ChangeBit-ChangeByte-ChangeByte-EraseBytes-ChangeByte-
#587	NEW    cov: 674 ft: 2109 corp: 41/130b lim: 4 exec/s: 0 rss: 56Mb L: 4/4 MS: 4 ChangeBit-PersAutoDict-PersAutoDict-ChangeBit- DE: "\377\377"-"6\012"-
#589	REDUCE cov: 674 ft: 2109 corp: 41/129b lim: 4 exec/s: 0 rss: 56Mb L: 2/4 MS: 2 ChangeByte-EraseBytes-
#601	NEW    cov: 676 ft: 2113 corp: 42/132b lim: 4 exec/s: 0 rss: 56Mb L: 3/4 MS: 2 CrossOver-ShuffleBytes-
#757	NEW    cov: 676 ft: 2114 corp: 43/135b lim: 4 exec/s: 0 rss: 56Mb L: 3/4 MS: 1 InsertByte-
#833	NEW    cov: 676 ft: 2115 corp: 44/138b lim: 4 exec/s: 0 rss: 56Mb L: 3/4 MS: 1 ChangeByte-
#835	NEW    cov: 676 ft: 2117 corp: 45/141b lim: 4 exec/s: 0 rss: 56Mb L: 3/4 MS: 2 ChangeByte-ChangeBit-
#836	REDUCE cov: 681 ft: 2122 corp: 46/144b lim: 4 exec/s: 0 rss: 56Mb L: 3/4 MS: 1 InsertByte-
#838	REDUCE cov: 681 ft: 2122 corp: 46/143b lim: 4 exec/s: 0 rss: 56Mb L: 3/4 MS: 2 ChangeByte-EraseBytes-
#873	NEW    cov: 681 ft: 2168 corp: 47/147b lim: 4 exec/s: 0 rss: 56Mb L: 4/4 MS: 5 ShuffleBytes-ChangeByte-ChangeByte-ChangeBit-ShuffleBytes-
#916	NEW    cov: 681 ft: 2169 corp: 48/151b lim: 4 exec/s: 0 rss: 56Mb L: 4/4 MS: 3 CrossOver-ShuffleBytes-CrossOver-
#954	NEW    cov: 700 ft: 2202 corp: 49/154b lim: 4 exec/s: 954 rss: 56Mb L: 3/4 MS: 3 ChangeBinInt-ChangeByte-CrossOver-
#958	NEW    cov: 700 ft: 2206 corp: 50/158b lim: 4 exec/s: 958 rss: 56Mb L: 4/4 MS: 4 CrossOver-ShuffleBytes-ChangeByte-ChangeByte-
#989	REDUCE cov: 700 ft: 2206 corp: 50/157b lim: 4 exec/s: 989 rss: 56Mb L: 2/4 MS: 1 EraseBytes-
#991	NEW    cov: 700 ft: 2230 corp: 51/160b lim: 4 exec/s: 991 rss: 56Mb L: 3/4 MS: 2 InsertByte-CopyPart-
#1001	NEW    cov: 700 ft: 2232 corp: 52/164b lim: 4 exec/s: 1001 rss: 56Mb L: 4/4 MS: 5 CopyPart-EraseBytes-PersAutoDict-CopyPart-CMP- DE: "6\012"-"\001\000"-
#1009	NEW    cov: 701 ft: 2259 corp: 53/167b lim: 4 exec/s: 1009 rss: 56Mb L: 3/4 MS: 3 EraseBytes-InsertByte-ChangeBit-
#1125	REDUCE cov: 701 ft: 2259 corp: 53/166b lim: 4 exec/s: 1125 rss: 56Mb L: 3/4 MS: 1 EraseBytes-
#1156	NEW    cov: 703 ft: 2265 corp: 54/170b lim: 4 exec/s: 1156 rss: 56Mb L: 4/4 MS: 1 ChangeByte-
#1157	NEW    cov: 710 ft: 2361 corp: 55/174b lim: 4 exec/s: 1157 rss: 56Mb L: 4/4 MS: 1 CrossOver-
#1183	NEW    cov: 711 ft: 2363 corp: 56/178b lim: 4 exec/s: 1183 rss: 56Mb L: 4/4 MS: 1 CMP- DE: "def"-
#1217	REDUCE cov: 711 ft: 2365 corp: 57/180b lim: 4 exec/s: 1217 rss: 56Mb L: 2/4 MS: 4 ChangeBinInt-CopyPart-ChangeBinInt-EraseBytes-
#1297	NEW    cov: 712 ft: 2366 corp: 58/184b lim: 4 exec/s: 1297 rss: 56Mb L: 4/4 MS: 5 CrossOver-ChangeBit-ShuffleBytes-ChangeBit-ChangeBinInt-
#1308	NEW    cov: 712 ft: 2385 corp: 59/188b lim: 4 exec/s: 1308 rss: 56Mb L: 4/4 MS: 1 PersAutoDict- DE: "6\012"-
#1334	REDUCE cov: 712 ft: 2385 corp: 59/187b lim: 4 exec/s: 1334 rss: 56Mb L: 2/4 MS: 1 EraseBytes-
#1418	NEW    cov: 712 ft: 2386 corp: 60/191b lim: 4 exec/s: 1418 rss: 56Mb L: 4/4 MS: 4 CMP-InsertByte-InsertByte-CopyPart- DE: "in"-
#1474	NEW    cov: 712 ft: 2387 corp: 61/195b lim: 4 exec/s: 1474 rss: 56Mb L: 4/4 MS: 1 CopyPart-
#1647	REDUCE cov: 712 ft: 2388 corp: 62/199b lim: 4 exec/s: 1647 rss: 56Mb L: 4/4 MS: 3 ChangeBit-CopyPart-InsertByte-
#1667	REDUCE cov: 716 ft: 2392 corp: 63/202b lim: 4 exec/s: 1667 rss: 56Mb L: 3/4 MS: 5 ShuffleBytes-CrossOver-CrossOver-ChangeByte-InsertByte-
#1712	NEW    cov: 716 ft: 2393 corp: 64/206b lim: 4 exec/s: 1712 rss: 56Mb L: 4/4 MS: 5 EraseBytes-ChangeBit-ShuffleBytes-PersAutoDict-ChangeByte- DE: "\377\377"-
#1713	NEW    cov: 716 ft: 2395 corp: 65/210b lim: 4 exec/s: 1713 rss: 56Mb L: 4/4 MS: 1 ChangeByte-
#1855	NEW    cov: 716 ft: 2400 corp: 66/214b lim: 4 exec/s: 1855 rss: 56Mb L: 4/4 MS: 2 CrossOver-ChangeBinInt-
#1991	REDUCE cov: 720 ft: 2404 corp: 67/218b lim: 4 exec/s: 995 rss: 56Mb L: 4/4 MS: 1 CrossOver-
#2048	pulse  cov: 720 ft: 2404 corp: 67/218b lim: 4 exec/s: 1024 rss: 56Mb
#2082	NEW    cov: 724 ft: 2408 corp: 68/221b lim: 4 exec/s: 1041 rss: 56Mb L: 3/4 MS: 1 ChangeBinInt-
#2088	NEW    cov: 724 ft: 2409 corp: 69/224b lim: 4 exec/s: 1044 rss: 56Mb L: 3/4 MS: 1 EraseBytes-
#2104	REDUCE cov: 724 ft: 2409 corp: 69/223b lim: 4 exec/s: 1052 rss: 56Mb L: 3/4 MS: 1 EraseBytes-
#2135	NEW    cov: 725 ft: 2413 corp: 70/227b lim: 4 exec/s: 1067 rss: 56Mb L: 4/4 MS: 1 ChangeBinInt-
#2192	REDUCE cov: 725 ft: 2413 corp: 70/226b lim: 4 exec/s: 1096 rss: 56Mb L: 3/4 MS: 2 ChangeByte-EraseBytes-
#2404	NEW    cov: 725 ft: 2415 corp: 71/232b lim: 6 exec/s: 1202 rss: 56Mb L: 6/6 MS: 2 CrossOver-PersAutoDict- DE: "def"-
#2422	NEW    cov: 725 ft: 2441 corp: 72/238b lim: 6 exec/s: 1211 rss: 56Mb L: 6/6 MS: 3 ShuffleBytes-ShuffleBytes-CrossOver-
#2436	NEW    cov: 725 ft: 2448 corp: 73/243b lim: 6 exec/s: 1218 rss: 56Mb L: 5/6 MS: 4 ShuffleBytes-CopyPart-ChangeBinInt-PersAutoDict- DE: "def"-
#2461	REDUCE cov: 725 ft: 2449 corp: 74/245b lim: 6 exec/s: 1230 rss: 56Mb L: 2/6 MS: 5 PersAutoDict-ChangeByte-CrossOver-ChangeBinInt-EraseBytes- DE: "6\012"-
#2468	NEW    cov: 725 ft: 2450 corp: 75/250b lim: 6 exec/s: 1234 rss: 56Mb L: 5/6 MS: 2 ChangeBit-PersAutoDict- DE: "\377\377"-
#2560	NEW    cov: 725 ft: 2474 corp: 76/256b lim: 6 exec/s: 1280 rss: 56Mb L: 6/6 MS: 2 ChangeBinInt-CrossOver-
#2600	NEW    cov: 725 ft: 2491 corp: 77/261b lim: 6 exec/s: 1300 rss: 56Mb L: 5/6 MS: 5 ChangeBit-CopyPart-EraseBytes-ShuffleBytes-CopyPart-
#2612	NEW    cov: 725 ft: 2498 corp: 78/265b lim: 6 exec/s: 1306 rss: 56Mb L: 4/6 MS: 2 EraseBytes-ChangeBinInt-
#2627	REDUCE cov: 740 ft: 2521 corp: 79/271b lim: 6 exec/s: 1313 rss: 56Mb L: 6/6 MS: 5 CrossOver-ChangeBit-ChangeByte-CrossOver-CopyPart-
#2664	NEW    cov: 740 ft: 2537 corp: 80/276b lim: 6 exec/s: 1332 rss: 56Mb L: 5/6 MS: 2 ChangeASCIIInt-PersAutoDict- DE: "\001\000"-
#2693	NEW    cov: 771 ft: 2637 corp: 81/282b lim: 6 exec/s: 1346 rss: 56Mb L: 6/6 MS: 4 ChangeBit-CMP-InsertByte-ChangeBit- DE: "for"-
#2814	NEW    cov: 771 ft: 2654 corp: 82/287b lim: 6 exec/s: 938 rss: 56Mb L: 5/6 MS: 1 CrossOver-
#2832	NEW    cov: 772 ft: 2821 corp: 83/293b lim: 6 exec/s: 944 rss: 56Mb L: 6/6 MS: 3 InsertByte-CopyPart-CopyPart-
#2837	REDUCE cov: 773 ft: 2886 corp: 84/299b lim: 6 exec/s: 945 rss: 56Mb L: 6/6 MS: 5 InsertByte-CrossOver-ChangeByte-ChangeBit-CopyPart-
#2868	NEW    cov: 773 ft: 2890 corp: 85/304b lim: 6 exec/s: 956 rss: 56Mb L: 5/6 MS: 1 ChangeBinInt-
#2875	NEW    cov: 773 ft: 2918 corp: 86/310b lim: 6 exec/s: 958 rss: 56Mb L: 6/6 MS: 2 CrossOver-ChangeByte-
#2889	NEW    cov: 773 ft: 2919 corp: 87/316b lim: 6 exec/s: 963 rss: 56Mb L: 6/6 MS: 4 ShuffleBytes-InsertByte-ShuffleBytes-CrossOver-
#2911	NEW    cov: 773 ft: 2958 corp: 88/322b lim: 6 exec/s: 970 rss: 56Mb L: 6/6 MS: 2 CopyPart-InsertByte-
#2933	NEW    cov: 773 ft: 2959 corp: 89/327b lim: 6 exec/s: 977 rss: 56Mb L: 5/6 MS: 2 EraseBytes-PersAutoDict- DE: "6\012"-
#2984	REDUCE cov: 773 ft: 2959 corp: 89/326b lim: 6 exec/s: 994 rss: 56Mb L: 3/6 MS: 1 EraseBytes-
#3025	NEW    cov: 773 ft: 2961 corp: 90/332b lim: 6 exec/s: 1008 rss: 56Mb L: 6/6 MS: 1 PersAutoDict- DE: "6\012"-
#3034	NEW    cov: 773 ft: 2963 corp: 91/338b lim: 6 exec/s: 1011 rss: 56Mb L: 6/6 MS: 4 ChangeBinInt-ChangeByte-ChangeBit-PersAutoDict- DE: "6\012"-
#3280	NEW    cov: 773 ft: 2967 corp: 92/343b lim: 8 exec/s: 1093 rss: 56Mb L: 5/6 MS: 1 CopyPart-
#3350	REDUCE cov: 773 ft: 2967 corp: 92/342b lim: 8 exec/s: 1116 rss: 56Mb L: 5/6 MS: 5 ChangeASCIIInt-CopyPart-ChangeByte-EraseBytes-CrossOver-
#3354	NEW    cov: 773 ft: 2968 corp: 93/349b lim: 8 exec/s: 1118 rss: 56Mb L: 7/7 MS: 4 EraseBytes-CopyPart-ChangeByte-CMP- DE: "\357\274\253"-
#3373	NEW    cov: 773 ft: 2971 corp: 94/356b lim: 8 exec/s: 1124 rss: 56Mb L: 7/7 MS: 4 ChangeBinInt-ChangeBit-InsertRepeatedBytes-ShuffleBytes-
#3612	NEW    cov: 773 ft: 2974 corp: 95/363b lim: 8 exec/s: 903 rss: 56Mb L: 7/7 MS: 4 PersAutoDict-ShuffleBytes-ChangeByte-ChangeByte- DE: "in"-
#3636	NEW    cov: 773 ft: 2992 corp: 96/367b lim: 8 exec/s: 909 rss: 56Mb L: 4/7 MS: 4 ChangeBinInt-ChangeBit-InsertByte-ShuffleBytes-
#3647	NEW    cov: 773 ft: 2993 corp: 97/374b lim: 8 exec/s: 911 rss: 56Mb L: 7/7 MS: 1 InsertByte-
#3785	NEW    cov: 773 ft: 2994 corp: 98/381b lim: 8 exec/s: 946 rss: 56Mb L: 7/7 MS: 3 CrossOver-CrossOver-ShuffleBytes-
#3793	NEW    cov: 773 ft: 2995 corp: 99/389b lim: 8 exec/s: 948 rss: 56Mb L: 8/8 MS: 3 ShuffleBytes-CopyPart-ShuffleBytes-
#3832	NEW    cov: 774 ft: 3021 corp: 100/397b lim: 8 exec/s: 958 rss: 56Mb L: 8/8 MS: 4 ShuffleBytes-PersAutoDict-CopyPart-CopyPart- DE: "\357\274\253"-
#3851	REDUCE cov: 774 ft: 3025 corp: 101/405b lim: 8 exec/s: 962 rss: 56Mb L: 8/8 MS: 4 InsertRepeatedBytes-ShuffleBytes-CrossOver-CMP- DE: "lambda"-
#3890	REDUCE cov: 774 ft: 3025 corp: 101/404b lim: 8 exec/s: 972 rss: 56Mb L: 2/8 MS: 4 ShuffleBytes-CrossOver-ChangeByte-EraseBytes-
#3896	NEW    cov: 776 ft: 3038 corp: 102/412b lim: 8 exec/s: 974 rss: 56Mb L: 8/8 MS: 1 CopyPart-
#3939	NEW    cov: 779 ft: 3050 corp: 103/418b lim: 8 exec/s: 984 rss: 56Mb L: 6/8 MS: 3 CrossOver-CrossOver-ShuffleBytes-
#3985	NEW    cov: 779 ft: 3056 corp: 104/425b lim: 8 exec/s: 996 rss: 56Mb L: 7/8 MS: 1 CopyPart-
#4012	NEW    cov: 779 ft: 3071 corp: 105/432b lim: 8 exec/s: 1003 rss: 56Mb L: 7/8 MS: 2 ChangeASCIIInt-ChangeByte-
#4096	pulse  cov: 779 ft: 3071 corp: 105/432b lim: 8 exec/s: 1024 rss: 56Mb
#4209	NEW    cov: 779 ft: 3073 corp: 106/439b lim: 8 exec/s: 1052 rss: 56Mb L: 7/8 MS: 2 PersAutoDict-CrossOver- DE: "def"-
#4246	REDUCE cov: 785 ft: 3091 corp: 107/446b lim: 8 exec/s: 1061 rss: 56Mb L: 7/8 MS: 2 InsertByte-CopyPart-
#4379	NEW    cov: 785 ft: 3137 corp: 108/452b lim: 8 exec/s: 875 rss: 56Mb L: 6/8 MS: 3 CopyPart-CopyPart-ChangeByte-
#4431	NEW    cov: 785 ft: 3138 corp: 109/459b lim: 8 exec/s: 886 rss: 56Mb L: 7/8 MS: 2 CopyPart-EraseBytes-
#4472	NEW    cov: 785 ft: 3139 corp: 110/464b lim: 8 exec/s: 894 rss: 56Mb L: 5/8 MS: 1 EraseBytes-
#4601	NEW    cov: 806 ft: 3162 corp: 111/470b lim: 8 exec/s: 920 rss: 56Mb L: 6/8 MS: 4 InsertByte-InsertByte-ChangeBit-ShuffleBytes-
#4637	NEW    cov: 806 ft: 3165 corp: 112/476b lim: 8 exec/s: 927 rss: 56Mb L: 6/8 MS: 1 ChangeBit-
#4748	NEW    cov: 806 ft: 3173 corp: 113/483b lim: 8 exec/s: 949 rss: 56Mb L: 7/8 MS: 1 InsertByte-
#4849	NEW    cov: 806 ft: 3174 corp: 114/489b lim: 8 exec/s: 969 rss: 56Mb L: 6/8 MS: 1 ChangeBit-
#5001	NEW    cov: 806 ft: 3177 corp: 115/496b lim: 8 exec/s: 1000 rss: 56Mb L: 7/8 MS: 2 EraseBytes-InsertRepeatedBytes-
#5024	NEW    cov: 806 ft: 3186 corp: 116/503b lim: 8 exec/s: 1004 rss: 56Mb L: 7/8 MS: 3 ChangeASCIIInt-CopyPart-ShuffleBytes-
#5220	NEW    cov: 811 ft: 3191 corp: 117/511b lim: 8 exec/s: 870 rss: 56Mb L: 8/8 MS: 1 InsertByte-
#5486	NEW    cov: 811 ft: 3195 corp: 118/518b lim: 8 exec/s: 914 rss: 56Mb L: 7/8 MS: 1 CopyPart-
#5524	REDUCE cov: 811 ft: 3197 corp: 119/525b lim: 8 exec/s: 920 rss: 56Mb L: 7/8 MS: 3 ChangeBit-PersAutoDict-PersAutoDict- DE: "6\012"-"6\012"-
#5610	NEW    cov: 811 ft: 3198 corp: 120/531b lim: 8 exec/s: 935 rss: 56Mb L: 6/8 MS: 1 PersAutoDict- DE: "6\012"-
#5666	NEW    cov: 811 ft: 3201 corp: 121/539b lim: 8 exec/s: 944 rss: 56Mb L: 8/8 MS: 1 CopyPart-
#5684	NEW    cov: 811 ft: 3241 corp: 122/546b lim: 8 exec/s: 947 rss: 56Mb L: 7/8 MS: 3 PersAutoDict-ChangeBit-InsertByte- DE: "for"-
#5701	NEW    cov: 811 ft: 3250 corp: 123/554b lim: 8 exec/s: 950 rss: 56Mb L: 8/8 MS: 2 ChangeByte-ShuffleBytes-
#5781	NEW    cov: 811 ft: 3253 corp: 124/560b lim: 8 exec/s: 963 rss: 56Mb L: 6/8 MS: 5 ChangeASCIIInt-CrossOver-ChangeBinInt-CrossOver-EraseBytes-
#5925	NEW    cov: 866 ft: 3333 corp: 125/568b lim: 8 exec/s: 846 rss: 56Mb L: 8/8 MS: 4 CrossOver-CrossOver-ShuffleBytes-InsertByte-
#5942	NEW    cov: 866 ft: 3350 corp: 126/574b lim: 8 exec/s: 848 rss: 56Mb L: 6/8 MS: 2 ChangeByte-CrossOver-
#5943	NEW    cov: 866 ft: 3356 corp: 127/581b lim: 8 exec/s: 849 rss: 56Mb L: 7/8 MS: 1 CrossOver-
#6069	NEW    cov: 889 ft: 3399 corp: 128/587b lim: 8 exec/s: 867 rss: 56Mb L: 6/8 MS: 1 ChangeBit-
#6085	REDUCE cov: 889 ft: 3399 corp: 128/586b lim: 8 exec/s: 869 rss: 56Mb L: 6/8 MS: 1 EraseBytes-
#6221	NEW    cov: 896 ft: 3408 corp: 129/592b lim: 8 exec/s: 888 rss: 56Mb L: 6/8 MS: 1 ChangeBit-
#6402	NEW    cov: 896 ft: 3457 corp: 130/600b lim: 8 exec/s: 914 rss: 56Mb L: 8/8 MS: 1 CrossOver-
#6453	NEW    cov: 896 ft: 3458 corp: 131/608b lim: 8 exec/s: 921 rss: 56Mb L: 8/8 MS: 1 CopyPart-
#6615	NEW    cov: 924 ft: 3503 corp: 132/615b lim: 8 exec/s: 945 rss: 56Mb L: 7/8 MS: 2 InsertByte-ChangeByte-
#6801	REDUCE cov: 924 ft: 3503 corp: 132/614b lim: 8 exec/s: 850 rss: 56Mb L: 5/8 MS: 1 EraseBytes-
#6868	NEW    cov: 924 ft: 3505 corp: 133/622b lim: 8 exec/s: 858 rss: 56Mb L: 8/8 MS: 2 ChangeBit-InsertByte-
#6934	NEW    cov: 924 ft: 3507 corp: 134/626b lim: 8 exec/s: 866 rss: 56Mb L: 4/8 MS: 1 PersAutoDict- DE: "6\012"-
#7302	NEW    cov: 924 ft: 3508 corp: 135/634b lim: 11 exec/s: 912 rss: 56Mb L: 8/8 MS: 3 CopyPart-CopyPart-InsertByte-
#7627	REDUCE cov: 924 ft: 3510 corp: 136/646b lim: 14 exec/s: 847 rss: 56Mb L: 12/12 MS: 5 InsertByte-ShuffleBytes-ShuffleBytes-PersAutoDict-CrossOver- DE: "\357\274\253"-
#7640	NEW    cov: 925 ft: 3511 corp: 137/650b lim: 14 exec/s: 848 rss: 56Mb L: 4/12 MS: 3 ChangeByte-ChangeByte-EraseBytes-
#7666	NEW    cov: 925 ft: 3553 corp: 138/663b lim: 14 exec/s: 851 rss: 56Mb L: 13/13 MS: 1 CopyPart-
#7862	REDUCE cov: 925 ft: 3553 corp: 138/662b lim: 14 exec/s: 873 rss: 56Mb L: 5/13 MS: 1 EraseBytes-
#7869	NEW    cov: 925 ft: 3562 corp: 139/675b lim: 14 exec/s: 874 rss: 56Mb L: 13/13 MS: 2 CMP-PersAutoDict- DE: "for"-"6\012"-
#7875	NEW    cov: 925 ft: 3565 corp: 140/682b lim: 14 exec/s: 875 rss: 56Mb L: 7/13 MS: 1 ShuffleBytes-
#7891	NEW    cov: 927 ft: 3567 corp: 141/690b lim: 14 exec/s: 876 rss: 56Mb L: 8/13 MS: 1 InsertByte-
#7892	NEW    cov: 927 ft: 3569 corp: 142/698b lim: 14 exec/s: 876 rss: 56Mb L: 8/13 MS: 1 CopyPart-
#7895	NEW    cov: 927 ft: 3571 corp: 143/708b lim: 14 exec/s: 877 rss: 56Mb L: 10/13 MS: 3 ChangeBinInt-CopyPart-PersAutoDict- DE: "6\012"-
#7896	REDUCE cov: 927 ft: 3571 corp: 143/707b lim: 14 exec/s: 877 rss: 56Mb L: 6/13 MS: 1 EraseBytes-
#8025	NEW    cov: 935 ft: 3699 corp: 144/720b lim: 14 exec/s: 891 rss: 56Mb L: 13/13 MS: 4 CopyPart-EraseBytes-ChangeASCIIInt-InsertByte-
#8168	NEW    cov: 940 ft: 3704 corp: 145/734b lim: 14 exec/s: 907 rss: 56Mb L: 14/14 MS: 3 ChangeBit-ChangeBit-InsertRepeatedBytes-
#8192	pulse  cov: 940 ft: 3704 corp: 145/734b lim: 14 exec/s: 910 rss: 56Mb
#8279	NEW    cov: 940 ft: 3706 corp: 146/744b lim: 14 exec/s: 827 rss: 57Mb L: 10/14 MS: 1 CopyPart-
#8420	REDUCE cov: 940 ft: 3706 corp: 146/743b lim: 14 exec/s: 842 rss: 57Mb L: 6/14 MS: 1 EraseBytes-
#8455	NEW    cov: 940 ft: 3711 corp: 147/756b lim: 14 exec/s: 845 rss: 57Mb L: 13/14 MS: 5 ChangeByte-CrossOver-CrossOver-ShuffleBytes-CopyPart-
#8502	NEW    cov: 940 ft: 3715 corp: 148/762b lim: 14 exec/s: 850 rss: 57Mb L: 6/14 MS: 2 ChangeASCIIInt-EraseBytes-
#8543	NEW    cov: 941 ft: 3745 corp: 149/773b lim: 14 exec/s: 854 rss: 57Mb L: 11/14 MS: 1 CopyPart-
#8572	NEW    cov: 943 ft: 3749 corp: 150/784b lim: 14 exec/s: 857 rss: 57Mb L: 11/14 MS: 4 InsertRepeatedBytes-PersAutoDict-ChangeByte-ChangeByte- DE: "\357\274\253"-
#8818	NEW    cov: 943 ft: 3755 corp: 151/793b lim: 14 exec/s: 881 rss: 57Mb L: 9/14 MS: 1 InsertByte-
#8980	NEW    cov: 943 ft: 3757 corp: 152/804b lim: 14 exec/s: 898 rss: 57Mb L: 11/14 MS: 2 InsertRepeatedBytes-ChangeBit-
#9010	DONE   cov: 943 ft: 3757 corp: 152/804b lim: 14 exec/s: 819 rss: 57Mb
###### Recommended dictionary. ######
"\377\377" # Uses: 150
"6\012" # Uses: 140
"\001\000" # Uses: 117
"def" # Uses: 74
"in" # Uses: 89
"for" # Uses: 64
"\357\274\253" # Uses: 50
"lambda" # Uses: 34
###### End of recommended dictionary. ######
Done 9010 runs in 11 second(s)
