INFO: Instrumenting IPython
INFO: Instrumenting IPython.core
INFO: Instrumenting IPython.core.getipython
INFO: Instrumenting IPython.core.release
INFO: Instrumenting IPython.core.application
INFO: Instrumenting traitlets
INFO: Instrumenting traitlets.traitlets
INFO: Instrumenting traitlets.utils
INFO: Instrumenting traitlets.utils.bunch
INFO: Instrumenting traitlets.utils.descriptions
INFO: Instrumenting traitlets.utils.getargspec
INFO: Instrumenting traitlets.utils.importstring
INFO: Instrumenting traitlets.utils.sentinel
INFO: Instrumenting traitlets.utils.warnings
INFO: Instrumenting traitlets._version
INFO: Instrumenting traitlets.utils.decorators
INFO: Instrumenting traitlets.config
INFO: Instrumenting traitlets.config.application
INFO: Instrumenting json
INFO: Instrumenting json.decoder
INFO: Instrumenting json.scanner
INFO: Instrumenting json.encoder
INFO: Instrumenting pprint
INFO: Instrumenting logging.config
INFO: Instrumenting logging.handlers
INFO: Instrumenting socket
INFO: Instrumenting selectors
INFO: Instrumenting pickle
INFO: Instrumenting struct
INFO: Instrumenting _compat_pickle
INFO: Instrumenting queue
INFO: Instrumenting heapq
INFO: Instrumenting socketserver
INFO: Instrumenting traitlets.config.configurable
INFO: Instrumenting traitlets.utils.text
INFO: Instrumenting traitlets.config.loader
INFO: Instrumenting argparse
INFO: Instrumenting gettext
INFO: Instrumenting traitlets.utils.nested_update
INFO: Instrumenting IPython.core.crashhandler
INFO: Instrumenting IPython.core.ultratb
INFO: Instrumenting stack_data
INFO: Instrumenting stack_data.core
INFO: Instrumenting html
INFO: Instrumenting html.entities
INFO: Instrumenting executing
INFO: Instrumenting executing.executing
INFO: Instrumenting executing._utils
INFO: Instrumenting executing._position_node_finder
INFO: Instrumenting executing._exceptions
INFO: Instrumenting executing._pytest_utils
INFO: Instrumenting executing.version
INFO: Instrumenting asttokens
INFO: Instrumenting asttokens.line_numbers
INFO: Instrumenting asttokens.asttokens
INFO: Instrumenting asttokens.util
INFO: Instrumenting pure_eval
INFO: Instrumenting pure_eval.core
INFO: Instrumenting pure_eval.my_getattr_static
INFO: Instrumenting pure_eval.utils
INFO: Instrumenting datetime
INFO: Instrumenting decimal
INFO: Instrumenting numbers
INFO: Instrumenting fractions
INFO: Instrumenting pure_eval.version
INFO: Instrumenting stack_data.utils
INFO: Instrumenting stack_data.formatting
INFO: Instrumenting stack_data.serializing
INFO: Instrumenting stack_data.version
INFO: Instrumenting pygments
INFO: Instrumenting pygments.formatters
INFO: Instrumenting pygments.formatters._mapping
INFO: Instrumenting pygments.plugin
INFO: Instrumenting importlib.metadata
INFO: Instrumenting csv
INFO: Instrumenting email
INFO: Instrumenting zipfile
INFO: Instrumenting importlib.metadata._adapters
INFO: Instrumenting email.message
INFO: Instrumenting quopri
INFO: Instrumenting email.utils
INFO: Instrumenting email._parseaddr
INFO: Instrumenting calendar
INFO: Instrumenting locale
INFO: Instrumenting _locale
WARNING: It looks like this module is imported by a custom loader. Atheris has experimental support for this. However, it may be incompatible with certain libraries. If you experience unusual errors or poor coverage collection, try atheris.instrument_all() instead, add enable_loader_override=False to instrument_imports(), or file an issue on GitHub.
INFO: Instrumenting email.charset
INFO: Instrumenting email.base64mime
INFO: Instrumenting base64
INFO: Instrumenting email.quoprimime
INFO: Instrumenting email.errors
INFO: Instrumenting email.encoders
INFO: Instrumenting email._policybase
INFO: Instrumenting email.header
INFO: Instrumenting email._encoded_words
INFO: Instrumenting email.iterators
INFO: Instrumenting importlib.metadata._text
INFO: Instrumenting importlib.metadata._functools
INFO: Instrumenting importlib.metadata._meta
INFO: Instrumenting importlib.metadata._collections
INFO: Instrumenting importlib.metadata._itertools
INFO: Instrumenting pygments.util
INFO: Instrumenting pygments.formatters.terminal256
INFO: Instrumenting pygments.formatter
INFO: Instrumenting pygments.styles
INFO: Instrumenting pygments.styles._mapping
INFO: Instrumenting pygments.console
INFO: Instrumenting pygments.style
INFO: Instrumenting pygments.token
INFO: Instrumenting IPython.utils
INFO: Instrumenting IPython.utils.path
INFO: Instrumenting glob
INFO: Instrumenting IPython.utils.process
INFO: Instrumenting IPython.utils._process_posix
INFO: Instrumenting subprocess
INFO: Instrumenting signal
INFO: Instrumenting IPython.utils._process_common
INFO: Instrumenting shlex
INFO: Instrumenting IPython.utils.py3compat
INFO: Instrumenting platform
INFO: Instrumenting IPython.utils.encoding
INFO: Instrumenting IPython.utils.PyColorize
INFO: Instrumenting pygments.styles.monokai
INFO: Instrumenting pygments.styles.default
INFO: Instrumenting pygments.styles.pastie
INFO: Instrumenting pygments.styles.gruvbox
INFO: Instrumenting IPython.utils.terminal
INFO: Instrumenting IPython.core.display_trap
INFO: Instrumenting IPython.core.doctb
INFO: Instrumenting IPython.core.tbtools
INFO: Instrumenting pydoc
INFO: Instrumenting pkgutil
INFO: Instrumenting sysconfig
INFO: Instrumenting _sysconfigdata__linux_x86_64-linux-gnu
INFO: Instrumenting IPython.core.debugger
INFO: Instrumenting IPython.core.debugger_backport
INFO: Instrumenting codeop
INFO: Instrumenting pdb
INFO: Instrumenting cmd
INFO: Instrumenting bdb
INFO: Instrumenting code
INFO: Instrumenting IPython.utils.sysinfo
INFO: Instrumenting IPython.utils._sysinfo
INFO: Instrumenting IPython.core.profiledir
INFO: Instrumenting IPython.paths
INFO: Instrumenting IPython.utils.importstring
INFO: Instrumenting IPython.terminal
INFO: Instrumenting IPython.terminal.embed
INFO: Instrumenting IPython.core.compilerop
INFO: Instrumenting hashlib
INFO: Instrumenting IPython.core.magic_arguments
INFO: Instrumenting IPython.core.error
INFO: Instrumenting IPython.utils.decorators
INFO: Instrumenting IPython.utils.docs
INFO: Instrumenting IPython.utils.text
INFO: Instrumenting IPython.core.magic
INFO: Instrumenting getopt
INFO: Instrumenting IPython.core.oinspect
INFO: Instrumenting IPython.core.page
INFO: Instrumenting IPython.display
INFO: Instrumenting IPython.core.display_functions
INFO: Instrumenting IPython.core.display
INFO: Instrumenting mimetypes
INFO: Instrumenting IPython.testing
INFO: Instrumenting IPython.testing.skipdoctest
INFO: Instrumenting IPython.lib
INFO: Instrumenting IPython.lib.display
INFO: Instrumenting IPython.utils.data
INFO: Instrumenting IPython.lib.pretty
INFO: Instrumenting IPython.utils.openpy
INFO: Instrumenting IPython.utils.dir2
INFO: Instrumenting IPython.utils.wildcard
INFO: Instrumenting pygments.lexers
INFO: Instrumenting pygments.lexers._mapping
INFO: Instrumenting pygments.modeline
INFO: Instrumenting pygments.lexers.python
INFO: Instrumenting pygments.lexer
INFO: Instrumenting pygments.filter
INFO: Instrumenting pygments.filters
INFO: Instrumenting pygments.regexopt
INFO: Instrumenting pygments.unistring
INFO: Instrumenting pygments.formatters.html
INFO: Instrumenting IPython.core.inputtransformer2
INFO: Instrumenting IPython.utils.tokenutil
INFO: Instrumenting IPython.utils.ipstruct
INFO: Instrumenting IPython.core.interactiveshell
INFO: Instrumenting runpy
INFO: Instrumenting IPython.external
INFO: Instrumenting IPython.external.pickleshare
INFO: Instrumenting IPython.core.hooks
INFO: Instrumenting IPython.core.prefilter
INFO: Instrumenting IPython.core.autocall
INFO: Instrumenting IPython.core.macro
INFO: Instrumenting IPython.core.splitinput
INFO: Instrumenting IPython.core.alias
INFO: Instrumenting IPython.core.builtin_trap
INFO: Instrumenting IPython.core.displayhook
INFO: Instrumenting IPython.core.history
INFO: Instrumenting decorator
INFO: Instrumenting sqlite3
INFO: Instrumenting sqlite3.dbapi2
INFO: Instrumenting IPython.core.displaypub
INFO: Instrumenting IPython.core.events
INFO: Instrumenting IPython.core.extensions
INFO: Instrumenting IPython.core.formatters
INFO: Instrumenting IPython.utils.sentinel
INFO: Instrumenting IPython.core.logger
INFO: Instrumenting IPython.core.payload
INFO: Instrumenting IPython.core.tips
INFO: Instrumenting IPython.core.usage
INFO: Instrumenting IPython.utils.io
INFO: Instrumenting IPython.utils.capture
INFO: Instrumenting IPython.utils.strdispatch
INFO: Instrumenting IPython.utils.syspathcontext
INFO: Instrumenting IPython.core.async_helpers
INFO: Instrumenting asyncio
INFO: Instrumenting asyncio.base_events
INFO: Instrumenting concurrent
INFO: Instrumenting concurrent.futures
INFO: Instrumenting concurrent.futures._base
INFO: Instrumenting ssl
INFO: Instrumenting asyncio.constants
INFO: Instrumenting asyncio.coroutines
INFO: Instrumenting asyncio.events
INFO: Instrumenting contextvars
INFO: Instrumenting asyncio.format_helpers
INFO: Instrumenting asyncio.base_futures
INFO: Instrumenting asyncio.exceptions
INFO: Instrumenting asyncio.base_tasks
INFO: Instrumenting asyncio.futures
INFO: Instrumenting asyncio.protocols
INFO: Instrumenting asyncio.sslproto
INFO: Instrumenting asyncio.transports
INFO: Instrumenting asyncio.log
INFO: Instrumenting asyncio.staggered
INFO: Instrumenting asyncio.locks
INFO: Instrumenting asyncio.mixins
INFO: Instrumenting asyncio.tasks
INFO: Instrumenting asyncio.trsock
INFO: Instrumenting asyncio.runners
INFO: Instrumenting asyncio.queues
INFO: Instrumenting asyncio.streams
INFO: Instrumenting asyncio.subprocess
INFO: Instrumenting asyncio.taskgroups
INFO: Instrumenting asyncio.timeouts
INFO: Instrumenting asyncio.threads
INFO: Instrumenting asyncio.unix_events
INFO: Instrumenting asyncio.base_subprocess
INFO: Instrumenting asyncio.selector_events
INFO: Instrumenting IPython.terminal.interactiveshell
INFO: Instrumenting prompt_toolkit
INFO: Instrumenting prompt_toolkit.application
INFO: Instrumenting prompt_toolkit.application.application
INFO: Instrumenting prompt_toolkit.buffer
INFO: Instrumenting prompt_toolkit.application.current
INFO: Instrumenting prompt_toolkit.application.run_in_terminal
INFO: Instrumenting prompt_toolkit.eventloop
INFO: Instrumenting prompt_toolkit.eventloop.async_generator
INFO: Instrumenting prompt_toolkit.eventloop.utils
INFO: Instrumenting prompt_toolkit.eventloop.inputhook
INFO: Instrumenting prompt_toolkit.auto_suggest
INFO: Instrumenting prompt_toolkit.document
INFO: Instrumenting prompt_toolkit.clipboard
INFO: Instrumenting prompt_toolkit.clipboard.base
INFO: Instrumenting prompt_toolkit.selection
INFO: Instrumenting prompt_toolkit.clipboard.in_memory
INFO: Instrumenting prompt_toolkit.filters
INFO: Instrumenting prompt_toolkit.filters.app
INFO: Instrumenting prompt_toolkit.cache
INFO: Instrumenting prompt_toolkit.enums
INFO: Instrumenting prompt_toolkit.filters.base
INFO: Instrumenting prompt_toolkit.filters.cli
INFO: Instrumenting prompt_toolkit.filters.utils
INFO: Instrumenting prompt_toolkit.completion
INFO: Instrumenting prompt_toolkit.completion.base
INFO: Instrumenting prompt_toolkit.formatted_text
INFO: Instrumenting prompt_toolkit.formatted_text.ansi
INFO: Instrumenting prompt_toolkit.output
INFO: Instrumenting prompt_toolkit.output.base
INFO: Instrumenting prompt_toolkit.cursor_shapes
INFO: Instrumenting prompt_toolkit.key_binding
INFO: Instrumenting prompt_toolkit.key_binding.key_bindings
INFO: Instrumenting prompt_toolkit.keys
INFO: Instrumenting prompt_toolkit.key_binding.key_processor
INFO: Instrumenting prompt_toolkit.utils
INFO: Instrumenting wcwidth
INFO: Instrumenting wcwidth.wcwidth
INFO: Instrumenting wcwidth.bisearch
INFO: Instrumenting wcwidth.grapheme
INFO: Instrumenting wcwidth.table_grapheme
INFO: Instrumenting wcwidth.table_vs16
INFO: Instrumenting wcwidth.table_wide
INFO: Instrumenting wcwidth.table_zero
INFO: Instrumenting wcwidth.control_codes
INFO: Instrumenting wcwidth.table_ambiguous
INFO: Instrumenting wcwidth.escape_sequences
INFO: Instrumenting wcwidth.unicode_versions
INFO: Instrumenting wcwidth.textwrap
INFO: Instrumenting prompt_toolkit.key_binding.vi_state
INFO: Instrumenting prompt_toolkit.data_structures
INFO: Instrumenting prompt_toolkit.styles
INFO: Instrumenting prompt_toolkit.styles.base
INFO: Instrumenting prompt_toolkit.styles.defaults
INFO: Instrumenting prompt_toolkit.styles.named_colors
INFO: Instrumenting prompt_toolkit.styles.style
INFO: Instrumenting prompt_toolkit.styles.pygments
INFO: Instrumenting prompt_toolkit.styles.style_transformation
INFO: Instrumenting colorsys
INFO: Instrumenting prompt_toolkit.output.color_depth
INFO: Instrumenting prompt_toolkit.output.defaults
INFO: Instrumenting prompt_toolkit.output.plain_text
INFO: Instrumenting prompt_toolkit.output.flush_stdout
INFO: Instrumenting prompt_toolkit.output.vt100
INFO: Instrumenting prompt_toolkit.formatted_text.base
INFO: Instrumenting prompt_toolkit.mouse_events
INFO: Instrumenting prompt_toolkit.formatted_text.html
INFO: Instrumenting xml
INFO: Instrumenting xml.dom
INFO: Instrumenting xml.dom.domreg
INFO: Instrumenting xml.dom.minidom
INFO: Instrumenting xml.dom.minicompat
INFO: Instrumenting xml.dom.xmlbuilder
INFO: Instrumenting xml.dom.NodeFilter
INFO: Instrumenting prompt_toolkit.formatted_text.pygments
INFO: Instrumenting prompt_toolkit.formatted_text.utils
INFO: Instrumenting prompt_toolkit.completion.deduplicate
INFO: Instrumenting prompt_toolkit.completion.filesystem
INFO: Instrumenting prompt_toolkit.completion.fuzzy_completer
INFO: Instrumenting prompt_toolkit.completion.word_completer
INFO: Instrumenting prompt_toolkit.completion.nested
INFO: Instrumenting prompt_toolkit.history
INFO: Instrumenting prompt_toolkit.search
INFO: Instrumenting prompt_toolkit.validation
INFO: Instrumenting prompt_toolkit.input
INFO: Instrumenting prompt_toolkit.input.base
INFO: Instrumenting prompt_toolkit.input.defaults
INFO: Instrumenting prompt_toolkit.input.typeahead
INFO: Instrumenting prompt_toolkit.key_binding.bindings
INFO: Instrumenting prompt_toolkit.key_binding.bindings.page_navigation
INFO: Instrumenting prompt_toolkit.key_binding.bindings.scroll
INFO: Instrumenting prompt_toolkit.key_binding.defaults
INFO: Instrumenting prompt_toolkit.key_binding.bindings.basic
INFO: Instrumenting prompt_toolkit.key_binding.bindings.named_commands
INFO: Instrumenting prompt_toolkit.layout
INFO: Instrumenting prompt_toolkit.layout.containers
INFO: Instrumenting prompt_toolkit.layout.controls
INFO: Instrumenting prompt_toolkit.lexers
INFO: Instrumenting prompt_toolkit.lexers.base
INFO: Instrumenting prompt_toolkit.lexers.pygments
INFO: Instrumenting prompt_toolkit.layout.processors
INFO: Instrumenting prompt_toolkit.layout.utils
INFO: Instrumenting prompt_toolkit.layout.dimension
INFO: Instrumenting prompt_toolkit.layout.margins
INFO: Instrumenting prompt_toolkit.layout.mouse_handlers
INFO: Instrumenting prompt_toolkit.layout.screen
INFO: Instrumenting prompt_toolkit.layout.layout
INFO: Instrumenting prompt_toolkit.layout.menus
INFO: Instrumenting prompt_toolkit.layout.scrollable_pane
INFO: Instrumenting prompt_toolkit.key_binding.bindings.completion
INFO: Instrumenting prompt_toolkit.key_binding.bindings.cpr
INFO: Instrumenting prompt_toolkit.key_binding.bindings.emacs
INFO: Instrumenting prompt_toolkit.key_binding.bindings.mouse
INFO: Instrumenting prompt_toolkit.key_binding.bindings.vi
INFO: Instrumenting prompt_toolkit.input.vt100_parser
INFO: Instrumenting prompt_toolkit.input.ansi_escape_sequences
INFO: Instrumenting prompt_toolkit.key_binding.digraphs
INFO: Instrumenting prompt_toolkit.key_binding.emacs_state
INFO: Instrumenting prompt_toolkit.layout.dummy
INFO: Instrumenting prompt_toolkit.renderer
INFO: Instrumenting prompt_toolkit.application.dummy
INFO: Instrumenting prompt_toolkit.shortcuts
INFO: Instrumenting prompt_toolkit.shortcuts.choice_input
INFO: Instrumenting prompt_toolkit.widgets
INFO: Instrumenting prompt_toolkit.widgets.base
INFO: Instrumenting prompt_toolkit.widgets.toolbars
INFO: Instrumenting prompt_toolkit.widgets.dialogs
INFO: Instrumenting prompt_toolkit.key_binding.bindings.focus
INFO: Instrumenting prompt_toolkit.widgets.menus
INFO: Instrumenting prompt_toolkit.shortcuts.dialogs
INFO: Instrumenting prompt_toolkit.shortcuts.progress_bar
INFO: Instrumenting prompt_toolkit.shortcuts.progress_bar.base
INFO: Instrumenting prompt_toolkit.shortcuts.progress_bar.formatters
INFO: Instrumenting xml.dom.expatbuilder
INFO: Instrumenting xml.parsers
INFO: Instrumenting xml.parsers.expat
INFO: Instrumenting prompt_toolkit.shortcuts.prompt
INFO: Instrumenting prompt_toolkit.key_binding.bindings.auto_suggest
INFO: Instrumenting prompt_toolkit.key_binding.bindings.open_in_editor
INFO: Instrumenting prompt_toolkit.shortcuts.utils
INFO: Instrumenting email.parser
INFO: Instrumenting email.feedparser
INFO: Instrumenting prompt_toolkit.patch_stdout
INFO: Instrumenting IPython.terminal.debugger
INFO: Instrumenting IPython.core.completer
INFO: Instrumenting uuid
INFO: Instrumenting IPython.core.guarded_eval
INFO: Instrumenting typing_extensions
INFO: Instrumenting IPython.core.latex_symbols
INFO: Instrumenting IPython.utils.generics
INFO: Instrumenting jedi
INFO: Instrumenting jedi.api
INFO: Instrumenting parso
INFO: Instrumenting parso.parser
INFO: Instrumenting parso.tree
INFO: Instrumenting parso.utils
INFO: Instrumenting parso.pgen2
INFO: Instrumenting parso.pgen2.generator
INFO: Instrumenting parso.pgen2.grammar_parser
INFO: Instrumenting parso.python
INFO: Instrumenting parso.python.tokenize
INFO: Instrumenting parso.python.token
INFO: Instrumenting parso.grammar
INFO: Instrumenting parso._compatibility
INFO: Instrumenting parso.python.diff
INFO: Instrumenting difflib
INFO: Instrumenting parso.python.parser
INFO: Instrumenting parso.python.tree
INFO: Instrumenting parso.python.prefix
INFO: Instrumenting parso.cache
INFO: Instrumenting parso.python.errors
INFO: Instrumenting parso.normalizer
INFO: Instrumenting parso.python.pep8
INFO: Instrumenting parso.file_io
INFO: Instrumenting jedi.parser_utils
INFO: Instrumenting jedi.debug
INFO: Instrumenting jedi.settings
INFO: Instrumenting jedi.cache
INFO: Instrumenting jedi.file_io
INFO: Instrumenting jedi.api.classes
INFO: Instrumenting jedi.inference
INFO: Instrumenting jedi.inference.imports
INFO: Instrumenting jedi.inference.sys_path
INFO: Instrumenting jedi.inference.cache
INFO: Instrumenting jedi.inference.base_value
INFO: Instrumenting jedi.inference.helpers
INFO: Instrumenting jedi.inference.utils
INFO: Instrumenting jedi.inference.compiled
INFO: Instrumenting jedi.inference.compiled.value
INFO: Instrumenting jedi.inference.filters
INFO: Instrumenting jedi.inference.flow_analysis
INFO: Instrumenting jedi.inference.recursion
INFO: Instrumenting jedi.inference.names
INFO: Instrumenting jedi.inference.docstrings
INFO: Instrumenting jedi.inference.lazy_value
INFO: Instrumenting jedi.common
INFO: Instrumenting jedi.plugins
INFO: Instrumenting jedi.inference.compiled.access
INFO: Instrumenting jedi.inference.compiled.getattr_static
INFO: Instrumenting jedi.inference.signature
INFO: Instrumenting jedi.inference.context
INFO: Instrumenting jedi.inference.analysis
INFO: Instrumenting jedi.inference.gradual
INFO: Instrumenting jedi.inference.gradual.typeshed
INFO: Instrumenting jedi.inference.gradual.stub_value
INFO: Instrumenting jedi.inference.value
INFO: Instrumenting jedi.inference.value.module
INFO: Instrumenting jedi.inference.value.klass
INFO: Instrumenting jedi.inference.arguments
INFO: Instrumenting jedi.inference.value.iterable
INFO: Instrumenting jedi.inference.value.dynamic_arrays
INFO: Instrumenting jedi.inference.value.function
INFO: Instrumenting jedi.inference.parser_cache
INFO: Instrumenting jedi.inference.gradual.generics
INFO: Instrumenting jedi.inference.value.instance
INFO: Instrumenting jedi.inference.gradual.typing
INFO: Instrumenting jedi.inference.gradual.base
INFO: Instrumenting jedi.inference.gradual.type_var
INFO: Instrumenting jedi.inference.compiled.subprocess
INFO: Instrumenting jedi._compatibility
INFO: Instrumenting jedi.inference.compiled.subprocess.functions
INFO: Instrumenting jedi.api.exceptions
INFO: Instrumenting jedi.inference.syntax_tree
INFO: Instrumenting jedi.inference.gradual.annotation
INFO: Instrumenting jedi.inference.param
INFO: Instrumenting jedi.inference.value.decorator
INFO: Instrumenting jedi.inference.compiled.mixed
INFO: Instrumenting jedi.inference.gradual.conversion
INFO: Instrumenting jedi.api.keywords
INFO: Instrumenting pydoc_data
INFO: Instrumenting pydoc_data.topics
INFO: Instrumenting jedi.api.completion_cache
INFO: Instrumenting jedi.api.helpers
INFO: Instrumenting jedi.api.interpreter
INFO: Instrumenting jedi.api.completion
INFO: Instrumenting jedi.api.strings
INFO: Instrumenting jedi.api.file_name
INFO: Instrumenting jedi.inference.docstring_utils
INFO: Instrumenting jedi.api.environment
INFO: Instrumenting filecmp
INFO: Instrumenting jedi.api.project
INFO: Instrumenting jedi.inference.references
INFO: Instrumenting jedi.api.errors
INFO: Instrumenting jedi.api.refactoring
INFO: Instrumenting jedi.inference.value.namespace
INFO: Instrumenting jedi.api.refactoring.extract
INFO: Instrumenting jedi.inference.gradual.utils
INFO: Instrumenting jedi.plugins.registry
INFO: Instrumenting jedi.plugins.stdlib
INFO: Instrumenting jedi.plugins.flask
INFO: Instrumenting jedi.plugins.pytest
INFO: Instrumenting jedi.plugins.django
INFO: Instrumenting IPython.terminal.ptutils
INFO: Instrumenting IPython.terminal.shortcuts
INFO: Instrumenting IPython.terminal.shortcuts.auto_match
INFO: Instrumenting IPython.terminal.shortcuts.auto_suggest
INFO: Instrumenting IPython.terminal.shortcuts.filters
INFO: Instrumenting concurrent.futures.thread
INFO: Instrumenting IPython.terminal.magics
INFO: Instrumenting IPython.lib.clipboard
INFO: Instrumenting IPython.terminal.pt_inputhooks
INFO: Instrumenting IPython.terminal.prompts
INFO: Instrumenting IPython.terminal.ipapp
INFO: Instrumenting IPython.core.magics
INFO: Instrumenting IPython.core.magics.auto
INFO: Instrumenting IPython.core.magics.basic
INFO: Instrumenting IPython.core.magics.code
INFO: Instrumenting urllib.request
INFO: Instrumenting http
INFO: Instrumenting http.client
INFO: Instrumenting urllib.error
INFO: Instrumenting urllib.response
INFO: Instrumenting IPython.utils.contexts
INFO: Instrumenting IPython.core.magics.config
INFO: Instrumenting IPython.core.magics.display
INFO: Instrumenting IPython.core.magics.execution
INFO: Instrumenting cProfile
INFO: Instrumenting profile
INFO: Instrumenting pstats
INFO: Instrumenting timeit
INFO: Instrumenting IPython.utils.module_paths
INFO: Instrumenting IPython.utils.timing
INFO: Instrumenting IPython.core.magics.ast_mod
INFO: Instrumenting IPython.core.magics.extension
INFO: Instrumenting IPython.core.magics.history
INFO: Instrumenting IPython.core.magics.logging
INFO: Instrumenting IPython.core.magics.namespace
INFO: Instrumenting IPython.core.magics.osm
INFO: Instrumenting IPython.core.magics.packaging
INFO: Instrumenting IPython.core.magics.pylab
INFO: Instrumenting IPython.core.magics.script
INFO: Instrumenting IPython.core.shellapp
INFO: Instrumenting IPython.extensions
INFO: Instrumenting IPython.extensions.storemagic
INFO: Instrumenting IPython.utils.frame
INFO: Using built-in libfuzzer
WARNING: Failed to find function "__sanitizer_acquire_crash_state".
WARNING: Failed to find function "__sanitizer_print_stack_trace".
WARNING: Failed to find function "__sanitizer_set_death_callback".
INFO: Running with entropic power schedule (0xFF, 100).
INFO: Seed: 2003095943
INFO: -max_len is not provided; libFuzzer will not generate inputs larger than 4096 bytes
INFO: A corpus is not provided, starting from an empty corpus
#2	INITED cov: 107 ft: 107 corp: 1/1b exec/s: 0 rss: 86Mb
#3	NEW    cov: 108 ft: 108 corp: 2/3b lim: 4 exec/s: 0 rss: 86Mb L: 2/2 MS: 1 InsertByte-
#4	NEW    cov: 111 ft: 169 corp: 3/4b lim: 4 exec/s: 0 rss: 86Mb L: 1/2 MS: 1 ChangeByte-
#40	NEW    cov: 112 ft: 172 corp: 4/7b lim: 4 exec/s: 0 rss: 86Mb L: 3/3 MS: 1 InsertByte-
#76	NEW    cov: 114 ft: 174 corp: 5/11b lim: 4 exec/s: 0 rss: 86Mb L: 4/4 MS: 1 InsertByte-
#320	NEW    cov: 116 ft: 176 corp: 6/17b lim: 6 exec/s: 0 rss: 86Mb L: 6/6 MS: 4 InsertByte-InsertByte-ChangeASCIIInt-CopyPart-
#370	NEW    cov: 116 ft: 183 corp: 7/22b lim: 6 exec/s: 0 rss: 86Mb L: 5/6 MS: 5 ChangeBinInt-CrossOver-ShuffleBytes-CopyPart-InsertRepeatedBytes-
#381	NEW    cov: 116 ft: 193 corp: 8/28b lim: 6 exec/s: 0 rss: 86Mb L: 6/6 MS: 1 InsertByte-
#391	NEW    cov: 116 ft: 195 corp: 9/34b lim: 6 exec/s: 0 rss: 86Mb L: 6/6 MS: 5 ChangeBit-CrossOver-ShuffleBytes-ChangeASCIIInt-CrossOver-
#419	NEW    cov: 117 ft: 201 corp: 10/40b lim: 6 exec/s: 0 rss: 86Mb L: 6/6 MS: 3 CrossOver-CrossOver-CrossOver-
#442	NEW    cov: 120 ft: 224 corp: 11/46b lim: 6 exec/s: 0 rss: 86Mb L: 6/6 MS: 3 CrossOver-ChangeByte-ChangeBit-
#490	NEW    cov: 120 ft: 227 corp: 12/51b lim: 6 exec/s: 0 rss: 86Mb L: 5/6 MS: 3 ChangeBit-ShuffleBytes-EraseBytes-
#532	NEW    cov: 121 ft: 230 corp: 13/57b lim: 6 exec/s: 0 rss: 86Mb L: 6/6 MS: 2 ChangeByte-ChangeBit-
#710	NEW    cov: 121 ft: 231 corp: 14/62b lim: 6 exec/s: 0 rss: 86Mb L: 5/6 MS: 3 CopyPart-EraseBytes-InsertByte-
#780	NEW    cov: 121 ft: 233 corp: 15/68b lim: 6 exec/s: 0 rss: 86Mb L: 6/6 MS: 5 ShuffleBytes-ChangeBinInt-ShuffleBytes-ChangeBit-CrossOver-
#929	NEW    cov: 128 ft: 242 corp: 16/74b lim: 6 exec/s: 0 rss: 86Mb L: 6/6 MS: 4 CrossOver-ChangeASCIIInt-ChangeBit-ChangeByte-
#1135	NEW    cov: 128 ft: 244 corp: 17/81b lim: 8 exec/s: 0 rss: 86Mb L: 7/7 MS: 1 InsertByte-
#1150	NEW    cov: 128 ft: 246 corp: 18/88b lim: 8 exec/s: 0 rss: 86Mb L: 7/7 MS: 5 EraseBytes-CMP-EraseBytes-InsertRepeatedBytes-InsertByte- DE: "\000\000\000\000"-
#1191	NEW    cov: 128 ft: 247 corp: 19/96b lim: 8 exec/s: 0 rss: 86Mb L: 8/8 MS: 1 CopyPart-
#1197	NEW    cov: 128 ft: 254 corp: 20/102b lim: 8 exec/s: 0 rss: 86Mb L: 6/8 MS: 1 ChangeBinInt-
#1199	NEW    cov: 130 ft: 256 corp: 21/110b lim: 8 exec/s: 0 rss: 86Mb L: 8/8 MS: 2 ChangeBit-ChangeByte-
#1234	NEW    cov: 136 ft: 269 corp: 22/117b lim: 8 exec/s: 0 rss: 86Mb L: 7/8 MS: 5 ChangeBinInt-EraseBytes-ChangeByte-ChangeBit-ChangeBit-
#1260	NEW    cov: 136 ft: 279 corp: 23/124b lim: 8 exec/s: 0 rss: 86Mb L: 7/8 MS: 1 InsertByte-
#1267	NEW    cov: 139 ft: 286 corp: 24/130b lim: 8 exec/s: 0 rss: 86Mb L: 6/8 MS: 2 CopyPart-ShuffleBytes-
#1289	NEW    cov: 146 ft: 293 corp: 25/137b lim: 8 exec/s: 0 rss: 86Mb L: 7/8 MS: 2 CrossOver-CrossOver-
#1312	NEW    cov: 146 ft: 294 corp: 26/145b lim: 8 exec/s: 0 rss: 86Mb L: 8/8 MS: 3 ChangeBinInt-ChangeByte-InsertByte-
#1338	NEW    cov: 151 ft: 299 corp: 27/152b lim: 8 exec/s: 0 rss: 86Mb L: 7/8 MS: 1 ChangeByte-
#1364	NEW    cov: 152 ft: 300 corp: 28/159b lim: 8 exec/s: 0 rss: 86Mb L: 7/8 MS: 1 ShuffleBytes-
#1376	NEW    cov: 154 ft: 302 corp: 29/166b lim: 8 exec/s: 0 rss: 86Mb L: 7/8 MS: 2 InsertByte-ChangeByte-
#1377	NEW    cov: 154 ft: 307 corp: 30/174b lim: 8 exec/s: 0 rss: 86Mb L: 8/8 MS: 1 CopyPart-
#1510	NEW    cov: 155 ft: 308 corp: 31/182b lim: 8 exec/s: 0 rss: 86Mb L: 8/8 MS: 3 InsertByte-ChangeASCIIInt-ShuffleBytes-
#1551	NEW    cov: 156 ft: 309 corp: 32/187b lim: 8 exec/s: 0 rss: 86Mb L: 5/8 MS: 1 ChangeByte-
#1577	NEW    cov: 158 ft: 311 corp: 33/194b lim: 8 exec/s: 0 rss: 86Mb L: 7/8 MS: 1 CopyPart-
#1626	NEW    cov: 158 ft: 315 corp: 34/201b lim: 8 exec/s: 0 rss: 86Mb L: 7/8 MS: 4 EraseBytes-ChangeBit-InsertRepeatedBytes-ChangeByte-
/app/ipython/IPython/core/inputtransformer2.py:608: UserWarning: `make_tokens_by_line` received a list of lines which do not have lineending markers ('\n', '\r', '\r\n', '\x0b', '\x0c'), behavior will be unspecified
  tokens_by_line = make_tokens_by_line(lines)
#1732	NEW    cov: 159 ft: 316 corp: 35/209b lim: 8 exec/s: 0 rss: 86Mb L: 8/8 MS: 1 InsertByte-
#1803	NEW    cov: 159 ft: 317 corp: 36/215b lim: 8 exec/s: 0 rss: 86Mb L: 6/8 MS: 1 EraseBytes-
#1893	NEW    cov: 159 ft: 318 corp: 37/223b lim: 8 exec/s: 0 rss: 86Mb L: 8/8 MS: 5 InsertRepeatedBytes-ShuffleBytes-InsertByte-ChangeBinInt-ChangeByte-
#1936	NEW    cov: 159 ft: 320 corp: 38/231b lim: 8 exec/s: 0 rss: 86Mb L: 8/8 MS: 3 EraseBytes-ChangeBit-InsertRepeatedBytes-
#1937	REDUCE cov: 159 ft: 320 corp: 38/230b lim: 8 exec/s: 0 rss: 86Mb L: 5/8 MS: 1 EraseBytes-
#1958	NEW    cov: 159 ft: 321 corp: 39/238b lim: 8 exec/s: 0 rss: 86Mb L: 8/8 MS: 1 ChangeBit-
#2108	REDUCE cov: 159 ft: 321 corp: 39/237b lim: 8 exec/s: 0 rss: 86Mb L: 6/8 MS: 5 ShuffleBytes-EraseBytes-ShuffleBytes-InsertByte-InsertByte-
#2168	NEW    cov: 159 ft: 377 corp: 40/245b lim: 8 exec/s: 0 rss: 86Mb L: 8/8 MS: 5 ChangeByte-PersAutoDict-ChangeByte-ChangeByte-CrossOver- DE: "\000\000\000\000"-
#2229	REDUCE cov: 159 ft: 377 corp: 40/244b lim: 8 exec/s: 0 rss: 86Mb L: 7/8 MS: 1 EraseBytes-
#2241	NEW    cov: 160 ft: 378 corp: 41/251b lim: 8 exec/s: 0 rss: 86Mb L: 7/8 MS: 2 CopyPart-InsertByte-
#2249	NEW    cov: 160 ft: 380 corp: 42/259b lim: 8 exec/s: 0 rss: 86Mb L: 8/8 MS: 3 ChangeBinInt-ChangeByte-CrossOver-
#2331	NEW    cov: 160 ft: 381 corp: 43/267b lim: 8 exec/s: 0 rss: 86Mb L: 8/8 MS: 2 CrossOver-ChangeByte-
#2334	NEW    cov: 160 ft: 384 corp: 44/274b lim: 8 exec/s: 0 rss: 86Mb L: 7/8 MS: 3 ChangeBit-CMP-ChangeByte- DE: "\000\000"-
#2411	NEW    cov: 160 ft: 385 corp: 45/282b lim: 8 exec/s: 0 rss: 86Mb L: 8/8 MS: 2 EraseBytes-CrossOver-
#2552	NEW    cov: 161 ft: 386 corp: 46/289b lim: 8 exec/s: 0 rss: 86Mb L: 7/8 MS: 1 EraseBytes-
#2824	REDUCE cov: 161 ft: 386 corp: 46/288b lim: 8 exec/s: 0 rss: 86Mb L: 6/8 MS: 2 ShuffleBytes-EraseBytes-
#3007	REDUCE cov: 161 ft: 386 corp: 46/287b lim: 8 exec/s: 0 rss: 86Mb L: 7/8 MS: 3 EraseBytes-CopyPart-InsertRepeatedBytes-
#3086	NEW    cov: 161 ft: 390 corp: 47/293b lim: 8 exec/s: 0 rss: 86Mb L: 6/8 MS: 4 CrossOver-ChangeBit-ShuffleBytes-CopyPart-
#3092	REDUCE cov: 161 ft: 390 corp: 47/292b lim: 8 exec/s: 0 rss: 86Mb L: 6/8 MS: 1 EraseBytes-
#3373	REDUCE cov: 161 ft: 390 corp: 47/291b lim: 8 exec/s: 0 rss: 86Mb L: 5/8 MS: 1 EraseBytes-
#3524	NEW    cov: 161 ft: 391 corp: 48/299b lim: 8 exec/s: 0 rss: 86Mb L: 8/8 MS: 1 CopyPart-
#3693	NEW    cov: 161 ft: 395 corp: 49/306b lim: 8 exec/s: 0 rss: 86Mb L: 7/8 MS: 4 ChangeByte-ChangeByte-InsertByte-ShuffleBytes-
#3798	NEW    cov: 163 ft: 397 corp: 50/313b lim: 8 exec/s: 0 rss: 86Mb L: 7/8 MS: 5 ShuffleBytes-EraseBytes-InsertByte-ChangeByte-ChangeBit-
#3874	NEW    cov: 163 ft: 400 corp: 51/320b lim: 8 exec/s: 0 rss: 86Mb L: 7/8 MS: 1 CopyPart-
#3961	REDUCE cov: 163 ft: 400 corp: 51/319b lim: 8 exec/s: 0 rss: 86Mb L: 6/8 MS: 2 CopyPart-EraseBytes-
#4404	NEW    cov: 163 ft: 405 corp: 52/330b lim: 11 exec/s: 0 rss: 86Mb L: 11/11 MS: 3 ChangeByte-ChangeBit-PersAutoDict- DE: "\000\000\000\000"-
#4425	NEW    cov: 163 ft: 407 corp: 53/338b lim: 11 exec/s: 0 rss: 86Mb L: 8/11 MS: 1 CopyPart-
#4697	NEW    cov: 163 ft: 413 corp: 54/346b lim: 11 exec/s: 0 rss: 86Mb L: 8/11 MS: 2 ChangeBinInt-ShuffleBytes-
#4759	NEW    cov: 163 ft: 453 corp: 55/353b lim: 11 exec/s: 0 rss: 86Mb L: 7/11 MS: 2 CopyPart-CopyPart-
#4922	REDUCE cov: 163 ft: 453 corp: 55/352b lim: 11 exec/s: 0 rss: 86Mb L: 7/11 MS: 3 CrossOver-CopyPart-CopyPart-
#4950	REDUCE cov: 163 ft: 453 corp: 55/351b lim: 11 exec/s: 0 rss: 86Mb L: 10/10 MS: 3 ChangeBit-ChangeByte-CrossOver-
#4976	NEW    cov: 164 ft: 454 corp: 56/360b lim: 11 exec/s: 0 rss: 86Mb L: 9/10 MS: 1 InsertRepeatedBytes-
#4983	NEW    cov: 164 ft: 457 corp: 57/369b lim: 11 exec/s: 0 rss: 86Mb L: 9/10 MS: 2 ChangeBit-CopyPart-
#5078	REDUCE cov: 164 ft: 457 corp: 57/367b lim: 11 exec/s: 0 rss: 86Mb L: 6/10 MS: 5 InsertByte-ShuffleBytes-InsertByte-ChangeByte-EraseBytes-
#5392	NEW    cov: 164 ft: 459 corp: 58/375b lim: 14 exec/s: 0 rss: 86Mb L: 8/10 MS: 4 CrossOver-ChangeBit-CrossOver-CopyPart-
#5411	NEW    cov: 164 ft: 461 corp: 59/385b lim: 14 exec/s: 0 rss: 86Mb L: 10/10 MS: 4 CrossOver-InsertByte-CrossOver-CrossOver-
#5474	REDUCE cov: 164 ft: 463 corp: 60/399b lim: 14 exec/s: 0 rss: 86Mb L: 14/14 MS: 3 CrossOver-ShuffleBytes-CrossOver-
#5511	REDUCE cov: 164 ft: 463 corp: 60/398b lim: 14 exec/s: 0 rss: 86Mb L: 7/14 MS: 2 InsertByte-EraseBytes-
#5527	NEW    cov: 164 ft: 465 corp: 61/409b lim: 14 exec/s: 0 rss: 86Mb L: 11/14 MS: 1 InsertByte-
#5580	NEW    cov: 164 ft: 471 corp: 62/422b lim: 14 exec/s: 0 rss: 86Mb L: 13/14 MS: 3 InsertRepeatedBytes-CrossOver-CrossOver-
#5867	REDUCE cov: 164 ft: 477 corp: 63/432b lim: 14 exec/s: 0 rss: 86Mb L: 10/14 MS: 2 InsertRepeatedBytes-CrossOver-
#5958	NEW    cov: 164 ft: 478 corp: 64/446b lim: 14 exec/s: 0 rss: 86Mb L: 14/14 MS: 1 CrossOver-
#6305	NEW    cov: 167 ft: 482 corp: 65/454b lim: 17 exec/s: 6305 rss: 86Mb L: 8/14 MS: 2 InsertByte-ChangeBinInt-
#6363	NEW    cov: 167 ft: 520 corp: 66/470b lim: 17 exec/s: 6363 rss: 86Mb L: 16/16 MS: 3 InsertByte-ChangeBinInt-CrossOver-
#6539	NEW    cov: 167 ft: 521 corp: 67/487b lim: 17 exec/s: 6539 rss: 86Mb L: 17/17 MS: 1 CrossOver-
#6679	REDUCE cov: 167 ft: 521 corp: 67/486b lim: 17 exec/s: 6679 rss: 86Mb L: 7/17 MS: 5 PersAutoDict-InsertRepeatedBytes-InsertByte-EraseBytes-EraseBytes- DE: "\000\000"-
#7073	NEW    cov: 167 ft: 523 corp: 68/498b lim: 17 exec/s: 7073 rss: 86Mb L: 12/17 MS: 4 InsertRepeatedBytes-ChangeBit-ChangeASCIIInt-CopyPart-
#7112	NEW    cov: 167 ft: 526 corp: 69/515b lim: 17 exec/s: 7112 rss: 86Mb L: 17/17 MS: 4 PersAutoDict-CrossOver-CopyPart-ShuffleBytes- DE: "\000\000"-
#7164	NEW    cov: 167 ft: 530 corp: 70/525b lim: 17 exec/s: 7164 rss: 86Mb L: 10/17 MS: 2 ChangeBinInt-InsertRepeatedBytes-
#7265	NEW    cov: 167 ft: 534 corp: 71/536b lim: 17 exec/s: 7265 rss: 86Mb L: 11/17 MS: 1 InsertByte-
#7318	NEW    cov: 169 ft: 536 corp: 72/546b lim: 17 exec/s: 7318 rss: 86Mb L: 10/17 MS: 3 ChangeBit-CopyPart-ChangeByte-
#7343	NEW    cov: 169 ft: 537 corp: 73/563b lim: 17 exec/s: 7343 rss: 86Mb L: 17/17 MS: 5 CopyPart-ChangeBit-ChangeByte-ShuffleBytes-ShuffleBytes-
#7751	NEW    cov: 169 ft: 540 corp: 74/583b lim: 21 exec/s: 7751 rss: 86Mb L: 20/20 MS: 3 ChangeBinInt-ChangeBinInt-InsertRepeatedBytes-
#7753	REDUCE cov: 169 ft: 540 corp: 74/581b lim: 21 exec/s: 7753 rss: 86Mb L: 15/20 MS: 2 PersAutoDict-EraseBytes- DE: "\000\000"-
#7979	NEW    cov: 169 ft: 541 corp: 75/598b lim: 21 exec/s: 7979 rss: 86Mb L: 17/20 MS: 1 CrossOver-
#8140	NEW    cov: 169 ft: 561 corp: 76/614b lim: 21 exec/s: 8140 rss: 86Mb L: 16/20 MS: 1 ChangeByte-
#8147	REDUCE cov: 169 ft: 618 corp: 77/631b lim: 21 exec/s: 8147 rss: 86Mb L: 17/20 MS: 2 CopyPart-InsertRepeatedBytes-
#8164	REDUCE cov: 169 ft: 618 corp: 77/630b lim: 21 exec/s: 8164 rss: 86Mb L: 8/20 MS: 2 CopyPart-EraseBytes-
#8351	REDUCE cov: 169 ft: 618 corp: 77/629b lim: 21 exec/s: 8351 rss: 86Mb L: 6/20 MS: 2 ChangeByte-EraseBytes-
#8439	REDUCE cov: 169 ft: 618 corp: 77/626b lim: 21 exec/s: 8439 rss: 86Mb L: 7/20 MS: 3 CopyPart-InsertRepeatedBytes-CrossOver-
#8462	NEW    cov: 170 ft: 619 corp: 78/647b lim: 21 exec/s: 8462 rss: 86Mb L: 21/21 MS: 3 ChangeBinInt-PersAutoDict-ChangeByte- DE: "\000\000\000\000"-
#8718	NEW    cov: 172 ft: 621 corp: 79/668b lim: 21 exec/s: 8718 rss: 86Mb L: 21/21 MS: 1 PersAutoDict- DE: "\000\000\000\000"-
#8859	REDUCE cov: 172 ft: 621 corp: 79/666b lim: 21 exec/s: 8859 rss: 86Mb L: 9/21 MS: 1 EraseBytes-
#8880	NEW    cov: 172 ft: 626 corp: 80/677b lim: 21 exec/s: 8880 rss: 86Mb L: 11/21 MS: 1 CopyPart-
#9038	NEW    cov: 172 ft: 627 corp: 81/695b lim: 21 exec/s: 9038 rss: 86Mb L: 18/21 MS: 3 InsertRepeatedBytes-EraseBytes-CrossOver-
#9139	REDUCE cov: 172 ft: 627 corp: 81/694b lim: 21 exec/s: 9139 rss: 86Mb L: 6/21 MS: 1 EraseBytes-
#9144	REDUCE cov: 172 ft: 628 corp: 82/715b lim: 21 exec/s: 9144 rss: 86Mb L: 21/21 MS: 5 PersAutoDict-InsertRepeatedBytes-ChangeBinInt-CrossOver-CopyPart- DE: "\000\000\000\000"-
#9165	NEW    cov: 172 ft: 631 corp: 83/731b lim: 21 exec/s: 9165 rss: 86Mb L: 16/21 MS: 1 ChangeBinInt-
#9203	NEW    cov: 172 ft: 636 corp: 84/746b lim: 21 exec/s: 9203 rss: 86Mb L: 15/21 MS: 3 CopyPart-InsertByte-CopyPart-
#9206	NEW    cov: 172 ft: 643 corp: 85/763b lim: 21 exec/s: 9206 rss: 86Mb L: 17/21 MS: 3 InsertByte-CrossOver-CrossOver-
#9227	NEW    cov: 172 ft: 644 corp: 86/780b lim: 21 exec/s: 9227 rss: 86Mb L: 17/21 MS: 1 ChangeByte-
#9238	REDUCE cov: 172 ft: 644 corp: 86/779b lim: 21 exec/s: 9238 rss: 86Mb L: 19/21 MS: 1 CrossOver-
#9405	NEW    cov: 172 ft: 646 corp: 87/794b lim: 21 exec/s: 9405 rss: 86Mb L: 15/21 MS: 2 InsertRepeatedBytes-CrossOver-
#9536	NEW    cov: 172 ft: 647 corp: 88/811b lim: 21 exec/s: 9536 rss: 86Mb L: 17/21 MS: 1 CopyPart-
#9582	NEW    cov: 172 ft: 649 corp: 89/831b lim: 21 exec/s: 9582 rss: 86Mb L: 20/21 MS: 1 CopyPart-
#9593	REDUCE cov: 172 ft: 649 corp: 89/827b lim: 21 exec/s: 9593 rss: 86Mb L: 6/21 MS: 1 EraseBytes-
#9679	REDUCE cov: 172 ft: 649 corp: 89/826b lim: 21 exec/s: 9679 rss: 86Mb L: 7/21 MS: 1 EraseBytes-
#9702	NEW    cov: 172 ft: 650 corp: 90/847b lim: 21 exec/s: 9702 rss: 86Mb L: 21/21 MS: 3 InsertRepeatedBytes-ShuffleBytes-ChangeBinInt-
#9822	NEW    cov: 172 ft: 654 corp: 91/868b lim: 21 exec/s: 9822 rss: 86Mb L: 21/21 MS: 5 ChangeASCIIInt-InsertRepeatedBytes-ChangeASCIIInt-InsertByte-CrossOver-
#10151	NEW    cov: 172 ft: 660 corp: 92/885b lim: 21 exec/s: 10151 rss: 86Mb L: 17/21 MS: 4 ChangeBit-PersAutoDict-ChangeByte-CopyPart- DE: "\000\000"-
#10314	NEW    cov: 172 ft: 661 corp: 93/906b lim: 21 exec/s: 10314 rss: 86Mb L: 21/21 MS: 3 CopyPart-CopyPart-ChangeByte-
#10485	NEW    cov: 172 ft: 667 corp: 94/924b lim: 21 exec/s: 5242 rss: 86Mb L: 18/21 MS: 1 InsertByte-
#10499	REDUCE cov: 172 ft: 667 corp: 94/922b lim: 21 exec/s: 5249 rss: 86Mb L: 16/21 MS: 4 CopyPart-ShuffleBytes-ChangeBit-CrossOver-
#10706	REDUCE cov: 172 ft: 667 corp: 94/916b lim: 21 exec/s: 5353 rss: 86Mb L: 15/21 MS: 2 ChangeBit-EraseBytes-
#10753	REDUCE cov: 172 ft: 667 corp: 94/912b lim: 21 exec/s: 5376 rss: 86Mb L: 13/21 MS: 2 CopyPart-EraseBytes-
#11311	REDUCE cov: 172 ft: 667 corp: 94/910b lim: 25 exec/s: 5655 rss: 86Mb L: 8/21 MS: 3 ChangeBit-ChangeByte-EraseBytes-
#11440	NEW    cov: 172 ft: 669 corp: 95/927b lim: 25 exec/s: 5720 rss: 86Mb L: 17/21 MS: 4 CopyPart-ChangeBit-ShuffleBytes-CrossOver-
#11491	REDUCE cov: 172 ft: 669 corp: 95/926b lim: 25 exec/s: 5745 rss: 86Mb L: 7/21 MS: 1 EraseBytes-
#11838	REDUCE cov: 172 ft: 669 corp: 95/925b lim: 25 exec/s: 5919 rss: 86Mb L: 6/21 MS: 2 ChangeBit-EraseBytes-
#11846	NEW    cov: 173 ft: 670 corp: 96/946b lim: 25 exec/s: 5923 rss: 86Mb L: 21/21 MS: 3 InsertRepeatedBytes-EraseBytes-CrossOver-
#12141	REDUCE cov: 173 ft: 670 corp: 96/945b lim: 25 exec/s: 6070 rss: 86Mb L: 13/21 MS: 5 ChangeBit-InsertByte-CopyPart-CrossOver-EraseBytes-
#12278	REDUCE cov: 173 ft: 670 corp: 96/939b lim: 25 exec/s: 6139 rss: 86Mb L: 15/21 MS: 2 ChangeBinInt-EraseBytes-
#12524	NEW    cov: 173 ft: 673 corp: 97/960b lim: 25 exec/s: 6262 rss: 86Mb L: 21/21 MS: 1 ChangeBit-
#12652	NEW    cov: 173 ft: 674 corp: 98/984b lim: 25 exec/s: 6326 rss: 86Mb L: 24/24 MS: 3 CopyPart-EraseBytes-CopyPart-
#12703	REDUCE cov: 173 ft: 674 corp: 98/980b lim: 25 exec/s: 6351 rss: 86Mb L: 13/24 MS: 1 EraseBytes-
#12831	NEW    cov: 173 ft: 677 corp: 99/1001b lim: 25 exec/s: 6415 rss: 86Mb L: 21/24 MS: 3 InsertRepeatedBytes-CMP-PersAutoDict- DE: "\377\377"-"\000\000"-
#12877	REDUCE cov: 173 ft: 677 corp: 99/999b lim: 25 exec/s: 6438 rss: 86Mb L: 10/24 MS: 1 EraseBytes-
#12903	NEW    cov: 173 ft: 679 corp: 100/1021b lim: 25 exec/s: 6451 rss: 86Mb L: 22/24 MS: 1 CopyPart-
#12906	REDUCE cov: 173 ft: 679 corp: 100/1020b lim: 25 exec/s: 6453 rss: 86Mb L: 15/24 MS: 3 CopyPart-CopyPart-EraseBytes-
#13417	NEW    cov: 173 ft: 688 corp: 101/1049b lim: 29 exec/s: 4472 rss: 86Mb L: 29/29 MS: 1 CopyPart-
#13478	NEW    cov: 173 ft: 689 corp: 102/1070b lim: 29 exec/s: 4492 rss: 86Mb L: 21/29 MS: 1 EraseBytes-
#13499	REDUCE cov: 173 ft: 689 corp: 102/1069b lim: 29 exec/s: 4499 rss: 86Mb L: 10/29 MS: 1 EraseBytes-
#13615	NEW    cov: 173 ft: 692 corp: 103/1098b lim: 29 exec/s: 4538 rss: 86Mb L: 29/29 MS: 1 CrossOver-
#13671	REDUCE cov: 173 ft: 692 corp: 103/1097b lim: 29 exec/s: 4557 rss: 86Mb L: 16/29 MS: 1 EraseBytes-
#13849	REDUCE cov: 173 ft: 692 corp: 103/1094b lim: 29 exec/s: 4616 rss: 86Mb L: 14/29 MS: 3 ChangeBit-CopyPart-EraseBytes-
#14055	NEW    cov: 173 ft: 693 corp: 104/1112b lim: 29 exec/s: 4685 rss: 86Mb L: 18/29 MS: 1 CopyPart-
#14181	NEW    cov: 173 ft: 699 corp: 105/1129b lim: 29 exec/s: 4727 rss: 86Mb L: 17/29 MS: 1 ChangeBit-
#14189	NEW    cov: 173 ft: 700 corp: 106/1149b lim: 29 exec/s: 4729 rss: 86Mb L: 20/29 MS: 3 ShuffleBytes-ShuffleBytes-CopyPart-
#14279	REDUCE cov: 173 ft: 703 corp: 107/1173b lim: 29 exec/s: 4759 rss: 86Mb L: 24/29 MS: 5 InsertByte-CopyPart-ChangeASCIIInt-ChangeBit-CopyPart-
#14320	REDUCE cov: 173 ft: 707 corp: 108/1185b lim: 29 exec/s: 4773 rss: 86Mb L: 12/29 MS: 1 CopyPart-
#14481	REDUCE cov: 173 ft: 707 corp: 108/1183b lim: 29 exec/s: 4827 rss: 86Mb L: 13/29 MS: 1 EraseBytes-
#14525	NEW    cov: 173 ft: 708 corp: 109/1212b lim: 29 exec/s: 4841 rss: 86Mb L: 29/29 MS: 4 CrossOver-ShuffleBytes-CMP-CrossOver- DE: "\003\000\000\000\000\000\000\000"-
#14536	REDUCE cov: 173 ft: 708 corp: 109/1211b lim: 29 exec/s: 4845 rss: 86Mb L: 5/29 MS: 1 EraseBytes-
#14624	NEW    cov: 173 ft: 710 corp: 110/1237b lim: 29 exec/s: 4874 rss: 86Mb L: 26/29 MS: 3 ChangeBit-ChangeByte-CopyPart-
#14675	NEW    cov: 173 ft: 719 corp: 111/1266b lim: 29 exec/s: 4891 rss: 86Mb L: 29/29 MS: 1 CopyPart-
#14713	REDUCE cov: 173 ft: 719 corp: 111/1264b lim: 29 exec/s: 4904 rss: 86Mb L: 13/29 MS: 3 ShuffleBytes-ChangeBinInt-EraseBytes-
#14716	NEW    cov: 173 ft: 721 corp: 112/1281b lim: 29 exec/s: 4905 rss: 86Mb L: 17/29 MS: 3 ChangeByte-PersAutoDict-CopyPart- DE: "\003\000\000\000\000\000\000\000"-
#14764	NEW    cov: 173 ft: 725 corp: 113/1310b lim: 29 exec/s: 4921 rss: 86Mb L: 29/29 MS: 3 CopyPart-ChangeByte-CrossOver-
#14910	NEW    cov: 173 ft: 726 corp: 114/1331b lim: 29 exec/s: 4970 rss: 86Mb L: 21/29 MS: 1 ChangeByte-
#14971	REDUCE cov: 173 ft: 726 corp: 114/1326b lim: 29 exec/s: 4990 rss: 86Mb L: 24/29 MS: 1 EraseBytes-
#15057	REDUCE cov: 173 ft: 727 corp: 115/1332b lim: 29 exec/s: 5019 rss: 86Mb L: 6/29 MS: 1 CopyPart-
#15233	REDUCE cov: 173 ft: 727 corp: 115/1327b lim: 29 exec/s: 5077 rss: 86Mb L: 12/29 MS: 1 EraseBytes-
#15344	REDUCE cov: 173 ft: 727 corp: 115/1326b lim: 29 exec/s: 5114 rss: 86Mb L: 21/29 MS: 1 EraseBytes-
#15790	REDUCE cov: 173 ft: 727 corp: 115/1324b lim: 33 exec/s: 3947 rss: 86Mb L: 11/29 MS: 1 EraseBytes-
#16015	NEW    cov: 173 ft: 733 corp: 116/1354b lim: 33 exec/s: 4003 rss: 86Mb L: 30/30 MS: 5 InsertByte-ChangeBit-ChangeASCIIInt-ChangeBit-CopyPart-
#16078	NEW    cov: 173 ft: 736 corp: 117/1387b lim: 33 exec/s: 4019 rss: 86Mb L: 33/33 MS: 3 CopyPart-CopyPart-CrossOver-
#16234	NEW    cov: 173 ft: 737 corp: 118/1420b lim: 33 exec/s: 4058 rss: 86Mb L: 33/33 MS: 1 CrossOver-
#16273	REDUCE cov: 173 ft: 739 corp: 119/1453b lim: 33 exec/s: 4068 rss: 86Mb L: 33/33 MS: 4 ChangeByte-CopyPart-InsertByte-CopyPart-
#16320	REDUCE cov: 173 ft: 739 corp: 119/1451b lim: 33 exec/s: 4080 rss: 86Mb L: 11/33 MS: 2 CrossOver-EraseBytes-
#16384	pulse  cov: 173 ft: 739 corp: 119/1451b lim: 33 exec/s: 4096 rss: 86Mb
#16751	REDUCE cov: 173 ft: 739 corp: 119/1450b lim: 33 exec/s: 4187 rss: 86Mb L: 5/33 MS: 1 EraseBytes-
#17017	REDUCE cov: 173 ft: 739 corp: 119/1443b lim: 33 exec/s: 3403 rss: 86Mb L: 23/33 MS: 1 EraseBytes-
#17120	NEW    cov: 173 ft: 741 corp: 120/1476b lim: 33 exec/s: 3424 rss: 86Mb L: 33/33 MS: 3 ShuffleBytes-ChangeBinInt-CopyPart-
#17194	NEW    cov: 173 ft: 743 corp: 121/1508b lim: 33 exec/s: 3438 rss: 86Mb L: 32/33 MS: 4 ChangeByte-CopyPart-ChangeByte-CopyPart-
#17290	NEW    cov: 173 ft: 747 corp: 122/1541b lim: 33 exec/s: 3458 rss: 86Mb L: 33/33 MS: 1 CopyPart-
#17773	NEW    cov: 173 ft: 749 corp: 123/1574b lim: 33 exec/s: 3554 rss: 86Mb L: 33/33 MS: 3 ChangeBit-CopyPart-ChangeBinInt-
#17935	REDUCE cov: 173 ft: 749 corp: 123/1572b lim: 33 exec/s: 3587 rss: 86Mb L: 14/33 MS: 2 CrossOver-EraseBytes-
#18051	REDUCE cov: 173 ft: 749 corp: 123/1571b lim: 33 exec/s: 3610 rss: 86Mb L: 28/33 MS: 1 EraseBytes-
#18073	NEW    cov: 173 ft: 775 corp: 124/1595b lim: 33 exec/s: 3614 rss: 86Mb L: 24/33 MS: 2 CrossOver-CopyPart-
#18159	NEW    cov: 173 ft: 777 corp: 125/1628b lim: 33 exec/s: 3631 rss: 86Mb L: 33/33 MS: 1 CrossOver-
#18243	REDUCE cov: 173 ft: 777 corp: 125/1622b lim: 33 exec/s: 3648 rss: 86Mb L: 27/33 MS: 4 ChangeBinInt-ChangeByte-ChangeBinInt-EraseBytes-
#18617	REDUCE cov: 173 ft: 777 corp: 125/1618b lim: 33 exec/s: 3102 rss: 86Mb L: 10/33 MS: 4 InsertByte-CopyPart-ChangeBinInt-CrossOver-
#19125	NEW    cov: 173 ft: 778 corp: 126/1635b lim: 38 exec/s: 3187 rss: 86Mb L: 17/33 MS: 3 CrossOver-ShuffleBytes-CopyPart-
#19271	REDUCE cov: 173 ft: 778 corp: 126/1634b lim: 38 exec/s: 3211 rss: 86Mb L: 14/33 MS: 1 EraseBytes-
#19378	REDUCE cov: 173 ft: 778 corp: 126/1633b lim: 38 exec/s: 3229 rss: 86Mb L: 7/33 MS: 2 ChangeBit-EraseBytes-
#19454	REDUCE cov: 173 ft: 778 corp: 126/1627b lim: 38 exec/s: 3242 rss: 86Mb L: 15/33 MS: 1 EraseBytes-
#19643	REDUCE cov: 173 ft: 778 corp: 126/1621b lim: 38 exec/s: 2806 rss: 86Mb L: 26/33 MS: 4 ChangeBit-ShuffleBytes-EraseBytes-CopyPart-
#19825	NEW    cov: 173 ft: 779 corp: 127/1658b lim: 38 exec/s: 2832 rss: 86Mb L: 37/37 MS: 2 InsertRepeatedBytes-CopyPart-
#20016	NEW    cov: 173 ft: 780 corp: 128/1693b lim: 38 exec/s: 2859 rss: 86Mb L: 35/37 MS: 1 CopyPart-
#20832	REDUCE cov: 173 ft: 780 corp: 128/1690b lim: 43 exec/s: 2976 rss: 86Mb L: 10/37 MS: 1 EraseBytes-
#20995	REDUCE cov: 173 ft: 780 corp: 128/1688b lim: 43 exec/s: 2999 rss: 86Mb L: 19/37 MS: 3 InsertRepeatedBytes-InsertByte-EraseBytes-
#21036	REDUCE cov: 173 ft: 780 corp: 128/1687b lim: 43 exec/s: 3005 rss: 86Mb L: 20/37 MS: 1 EraseBytes-
#21417	REDUCE cov: 173 ft: 780 corp: 128/1686b lim: 43 exec/s: 2677 rss: 86Mb L: 18/37 MS: 1 EraseBytes-
#21823	REDUCE cov: 173 ft: 780 corp: 128/1683b lim: 43 exec/s: 2727 rss: 86Mb L: 15/37 MS: 1 EraseBytes-
#22034	REDUCE cov: 173 ft: 780 corp: 128/1682b lim: 43 exec/s: 2754 rss: 86Mb L: 6/37 MS: 1 EraseBytes-
#22370	NEW    cov: 173 ft: 793 corp: 129/1709b lim: 43 exec/s: 2796 rss: 86Mb L: 27/37 MS: 1 InsertRepeatedBytes-
#22381	REDUCE cov: 173 ft: 794 corp: 130/1723b lim: 43 exec/s: 2486 rss: 86Mb L: 14/37 MS: 1 CopyPart-
#22443	REDUCE cov: 173 ft: 795 corp: 131/1749b lim: 43 exec/s: 2493 rss: 86Mb L: 26/37 MS: 2 ChangeBit-PersAutoDict- DE: "\000\000"-
#22579	REDUCE cov: 173 ft: 795 corp: 131/1747b lim: 43 exec/s: 2508 rss: 86Mb L: 15/37 MS: 1 EraseBytes-
#22597	NEW    cov: 173 ft: 796 corp: 132/1781b lim: 43 exec/s: 2510 rss: 86Mb L: 34/37 MS: 3 ChangeASCIIInt-InsertByte-ChangeByte-
#22654	REDUCE cov: 173 ft: 796 corp: 132/1779b lim: 43 exec/s: 2517 rss: 86Mb L: 15/37 MS: 2 InsertByte-EraseBytes-
#22710	REDUCE cov: 173 ft: 796 corp: 132/1778b lim: 43 exec/s: 2523 rss: 86Mb L: 14/37 MS: 1 EraseBytes-
#22811	REDUCE cov: 173 ft: 797 corp: 133/1795b lim: 43 exec/s: 2534 rss: 86Mb L: 17/37 MS: 1 InsertRepeatedBytes-
#22847	NEW    cov: 173 ft: 798 corp: 134/1812b lim: 43 exec/s: 2538 rss: 86Mb L: 17/37 MS: 1 ChangeBit-
#22943	NEW    cov: 173 ft: 799 corp: 135/1831b lim: 43 exec/s: 2549 rss: 86Mb L: 19/37 MS: 1 PersAutoDict- DE: "\377\377"-
#23033	REDUCE cov: 173 ft: 799 corp: 135/1829b lim: 43 exec/s: 2559 rss: 86Mb L: 26/37 MS: 5 ShuffleBytes-CopyPart-ChangeASCIIInt-ChangeBinInt-EraseBytes-
#23149	REDUCE cov: 173 ft: 799 corp: 135/1828b lim: 43 exec/s: 2572 rss: 86Mb L: 16/37 MS: 1 EraseBytes-
#23202	NEW    cov: 173 ft: 801 corp: 136/1868b lim: 43 exec/s: 2578 rss: 86Mb L: 40/40 MS: 3 ChangeBinInt-InsertRepeatedBytes-CopyPart-
#23205	NEW    cov: 173 ft: 802 corp: 137/1904b lim: 43 exec/s: 2578 rss: 86Mb L: 36/40 MS: 3 InsertByte-ChangeASCIIInt-CrossOver-
#23301	REDUCE cov: 173 ft: 802 corp: 137/1903b lim: 43 exec/s: 2589 rss: 86Mb L: 14/40 MS: 1 EraseBytes-
#23493	REDUCE cov: 173 ft: 802 corp: 137/1902b lim: 43 exec/s: 2610 rss: 86Mb L: 6/40 MS: 2 ChangeByte-EraseBytes-
#23609	NEW    cov: 173 ft: 807 corp: 138/1943b lim: 43 exec/s: 2623 rss: 86Mb L: 41/41 MS: 1 CopyPart-
#23695	NEW    cov: 173 ft: 808 corp: 139/1979b lim: 43 exec/s: 2369 rss: 86Mb L: 36/41 MS: 1 PersAutoDict- DE: "\377\377"-
#23748	NEW    cov: 173 ft: 822 corp: 140/2022b lim: 43 exec/s: 2374 rss: 86Mb L: 43/43 MS: 3 ShuffleBytes-ShuffleBytes-CopyPart-
#23759	NEW    cov: 173 ft: 824 corp: 141/2062b lim: 43 exec/s: 2375 rss: 86Mb L: 40/43 MS: 1 CopyPart-
#23801	REDUCE cov: 173 ft: 824 corp: 141/2060b lim: 43 exec/s: 2380 rss: 86Mb L: 24/43 MS: 2 ChangeByte-EraseBytes-
#24320	REDUCE cov: 173 ft: 824 corp: 141/2052b lim: 48 exec/s: 2432 rss: 86Mb L: 27/43 MS: 4 InsertByte-CopyPart-ChangeBit-EraseBytes-
#24382	REDUCE cov: 173 ft: 824 corp: 141/2050b lim: 48 exec/s: 2438 rss: 86Mb L: 9/43 MS: 2 EraseBytes-InsertByte-
#24528	REDUCE cov: 173 ft: 824 corp: 141/2045b lim: 48 exec/s: 2452 rss: 86Mb L: 19/43 MS: 1 EraseBytes-
#24556	REDUCE cov: 173 ft: 835 corp: 142/2089b lim: 48 exec/s: 2455 rss: 86Mb L: 44/44 MS: 3 CMP-CopyPart-InsertRepeatedBytes- DE: "\377\377\377\377"-
#24628	REDUCE cov: 173 ft: 835 corp: 142/2087b lim: 48 exec/s: 2462 rss: 86Mb L: 25/44 MS: 2 PersAutoDict-EraseBytes- DE: "\377\377"-
#24703	DONE   cov: 173 ft: 835 corp: 142/2087b lim: 48 exec/s: 2245 rss: 86Mb
###### Recommended dictionary. ######
"\000\000\000\000" # Uses: 785
"\000\000" # Uses: 779
"\377\377" # Uses: 326
"\003\000\000\000\000\000\000\000" # Uses: 191
"\377\377\377\377" # Uses: 2
###### End of recommended dictionary. ######
Done 24703 runs in 11 second(s)
