INFO: Instrumenting arrow
INFO: Instrumenting arrow._version
INFO: Instrumenting arrow.api
INFO: Instrumenting datetime
INFO: Instrumenting arrow.arrow
INFO: Instrumenting calendar
INFO: Instrumenting locale
INFO: Instrumenting _locale
WARNING: It looks like this module is imported by a custom loader. Atheris has experimental support for this. However, it may be incompatible with certain libraries. If you experience unusual errors or poor coverage collection, try atheris.instrument_all() instead, add enable_loader_override=False to instrument_imports(), or file an issue on GitHub.
INFO: Instrumenting dateutil
INFO: Instrumenting dateutil._version
INFO: Instrumenting dateutil.tz
INFO: Instrumenting dateutil.tz.tz
INFO: Instrumenting struct
INFO: Instrumenting six
INFO: Instrumenting __future__
INFO: Instrumenting importlib.util
INFO: Instrumenting six.moves
INFO: Instrumenting dateutil.tz._common
INFO: Instrumenting dateutil.tz._factories
INFO: Instrumenting dateutil.tz.win
INFO: Instrumenting dateutil.relativedelta
INFO: Instrumenting dateutil._common
INFO: Instrumenting arrow.formatter
INFO: Instrumenting arrow.locales
INFO: Instrumenting arrow.constants
WARNING: Found lookahead or lookbehind in the middle of a regex, ignoring due to NP Completeness.WARNING: Encountered non-handled RegEx op: GROUPREF, cannot instrument RegEx
INFO: Instrumenting arrow.parser
INFO: Instrumenting zoneinfo
INFO: Instrumenting zoneinfo._tzpath
INFO: Instrumenting sysconfig
INFO: Instrumenting _sysconfigdata__linux_x86_64-linux-gnu
INFO: Instrumenting zoneinfo._common
INFO: Instrumenting arrow.util
INFO: Instrumenting dateutil.rrule
INFO: Instrumenting heapq
INFO: Instrumenting arrow.factory
INFO: Instrumenting decimal
INFO: Instrumenting numbers
INFO: Using built-in libfuzzer
WARNING: Failed to find function "__sanitizer_acquire_crash_state".
WARNING: Failed to find function "__sanitizer_print_stack_trace".
WARNING: Failed to find function "__sanitizer_set_death_callback".
INFO: Running with entropic power schedule (0xFF, 100).
INFO: Seed: 3811576294
INFO: -max_len is not provided; libFuzzer will not generate inputs larger than 4096 bytes
INFO: A corpus is not provided, starting from an empty corpus
#2	INITED cov: 46 ft: 46 corp: 1/1b exec/s: 0 rss: 48Mb
#421	NEW    cov: 46 ft: 53 corp: 2/7b lim: 8 exec/s: 0 rss: 48Mb L: 6/6 MS: 4 CopyPart-InsertRepeatedBytes-EraseBytes-ChangeBit-
#453	REDUCE cov: 46 ft: 53 corp: 2/5b lim: 8 exec/s: 0 rss: 48Mb L: 4/4 MS: 2 ChangeByte-EraseBytes-
#726	REDUCE cov: 51 ft: 65 corp: 3/13b lim: 8 exec/s: 0 rss: 48Mb L: 8/8 MS: 3 CopyPart-CopyPart-ChangeBit-
#977	REDUCE cov: 51 ft: 65 corp: 3/12b lim: 8 exec/s: 0 rss: 48Mb L: 7/7 MS: 1 EraseBytes-
#1048	REDUCE cov: 52 ft: 66 corp: 4/20b lim: 8 exec/s: 0 rss: 48Mb L: 8/8 MS: 1 CopyPart-
#1217	REDUCE cov: 52 ft: 66 corp: 4/19b lim: 8 exec/s: 0 rss: 48Mb L: 7/7 MS: 4 CopyPart-EraseBytes-InsertByte-CopyPart-
#1454	REDUCE cov: 52 ft: 66 corp: 4/16b lim: 8 exec/s: 0 rss: 48Mb L: 4/7 MS: 2 ShuffleBytes-EraseBytes-
#1496	REDUCE cov: 52 ft: 66 corp: 4/15b lim: 8 exec/s: 0 rss: 48Mb L: 6/6 MS: 2 ChangeBit-CrossOver-
#2572	REDUCE cov: 52 ft: 66 corp: 4/14b lim: 17 exec/s: 0 rss: 48Mb L: 5/5 MS: 1 EraseBytes-
#4494	REDUCE cov: 54 ft: 68 corp: 5/38b lim: 33 exec/s: 0 rss: 48Mb L: 24/24 MS: 2 InsertRepeatedBytes-CrossOver-
#4506	REDUCE cov: 54 ft: 68 corp: 5/31b lim: 33 exec/s: 0 rss: 48Mb L: 17/17 MS: 2 InsertByte-EraseBytes-
#4536	REDUCE cov: 54 ft: 68 corp: 5/30b lim: 33 exec/s: 0 rss: 48Mb L: 16/16 MS: 5 InsertByte-CopyPart-CopyPart-ChangeBit-EraseBytes-
#4552	REDUCE cov: 54 ft: 68 corp: 5/28b lim: 33 exec/s: 0 rss: 48Mb L: 14/14 MS: 1 EraseBytes-
#4573	REDUCE cov: 54 ft: 68 corp: 5/23b lim: 33 exec/s: 0 rss: 48Mb L: 9/9 MS: 1 EraseBytes-
#4631	REDUCE cov: 54 ft: 68 corp: 5/20b lim: 33 exec/s: 0 rss: 48Mb L: 6/6 MS: 3 ShuffleBytes-ChangeBinInt-EraseBytes-
#4706	REDUCE cov: 54 ft: 68 corp: 5/19b lim: 33 exec/s: 0 rss: 48Mb L: 5/5 MS: 5 ShuffleBytes-CopyPart-ShuffleBytes-EraseBytes-EraseBytes-
#4707	REDUCE cov: 54 ft: 68 corp: 5/18b lim: 33 exec/s: 0 rss: 48Mb L: 4/5 MS: 1 EraseBytes-
#21897	REDUCE cov: 66 ft: 80 corp: 6/50b lim: 198 exec/s: 10948 rss: 48Mb L: 32/32 MS: 5 ChangeByte-InsertRepeatedBytes-ChangeByte-InsertByte-ChangeBinInt-
#21913	REDUCE cov: 66 ft: 80 corp: 6/47b lim: 198 exec/s: 10956 rss: 48Mb L: 29/29 MS: 1 EraseBytes-
#21961	REDUCE cov: 66 ft: 80 corp: 6/44b lim: 198 exec/s: 10980 rss: 48Mb L: 26/26 MS: 3 ChangeASCIIInt-CrossOver-EraseBytes-
#22033	REDUCE cov: 66 ft: 80 corp: 6/38b lim: 198 exec/s: 11016 rss: 48Mb L: 20/20 MS: 2 InsertByte-EraseBytes-
#22561	REDUCE cov: 66 ft: 80 corp: 6/31b lim: 198 exec/s: 11280 rss: 48Mb L: 13/13 MS: 3 CopyPart-ChangeBit-EraseBytes-
#22744	REDUCE cov: 66 ft: 80 corp: 6/28b lim: 198 exec/s: 11372 rss: 48Mb L: 10/10 MS: 3 ChangeByte-ShuffleBytes-EraseBytes-
#23228	REDUCE cov: 66 ft: 80 corp: 6/25b lim: 198 exec/s: 11614 rss: 48Mb L: 7/7 MS: 4 CopyPart-InsertByte-CMP-EraseBytes- DE: "\000\000"-
#26566	REDUCE cov: 67 ft: 81 corp: 7/125b lim: 226 exec/s: 13283 rss: 48Mb L: 100/100 MS: 3 CopyPart-InsertRepeatedBytes-InsertByte-
#26632	REDUCE cov: 67 ft: 81 corp: 7/82b lim: 226 exec/s: 13316 rss: 48Mb L: 57/57 MS: 1 EraseBytes-
#26686	REDUCE cov: 67 ft: 81 corp: 7/72b lim: 226 exec/s: 13343 rss: 48Mb L: 47/47 MS: 4 ChangeBit-ChangeBit-ShuffleBytes-EraseBytes-
#26829	REDUCE cov: 67 ft: 81 corp: 7/56b lim: 226 exec/s: 13414 rss: 48Mb L: 31/31 MS: 3 PersAutoDict-ChangeASCIIInt-EraseBytes- DE: "\000\000"-
#26909	REDUCE cov: 67 ft: 81 corp: 7/52b lim: 226 exec/s: 13454 rss: 48Mb L: 27/27 MS: 5 CMP-InsertByte-PersAutoDict-InsertByte-EraseBytes- DE: "\000\000"-"\000\000"-
#27087	REDUCE cov: 67 ft: 81 corp: 7/47b lim: 226 exec/s: 13543 rss: 48Mb L: 22/22 MS: 3 InsertByte-ChangeBit-EraseBytes-
#27358	REDUCE cov: 67 ft: 81 corp: 7/40b lim: 226 exec/s: 13679 rss: 48Mb L: 15/15 MS: 1 EraseBytes-
#28619	REDUCE cov: 67 ft: 81 corp: 7/39b lim: 233 exec/s: 14309 rss: 48Mb L: 14/14 MS: 1 EraseBytes-
#29201	REDUCE cov: 67 ft: 81 corp: 7/38b lim: 233 exec/s: 14600 rss: 48Mb L: 13/13 MS: 2 ChangeBit-EraseBytes-
#29342	REDUCE cov: 67 ft: 81 corp: 7/37b lim: 233 exec/s: 14671 rss: 48Mb L: 12/12 MS: 1 EraseBytes-
#29860	REDUCE cov: 68 ft: 82 corp: 8/45b lim: 233 exec/s: 14930 rss: 48Mb L: 8/12 MS: 3 ChangeASCIIInt-ShuffleBytes-CrossOver-
#29901	REDUCE cov: 68 ft: 82 corp: 8/43b lim: 233 exec/s: 14950 rss: 48Mb L: 6/12 MS: 1 EraseBytes-
#30465	REDUCE cov: 68 ft: 82 corp: 8/41b lim: 233 exec/s: 15232 rss: 48Mb L: 10/10 MS: 4 ShuffleBytes-CrossOver-ChangeByte-EraseBytes-
#30647	REDUCE cov: 68 ft: 82 corp: 8/40b lim: 233 exec/s: 15323 rss: 48Mb L: 9/9 MS: 2 InsertByte-EraseBytes-
#32768	pulse  cov: 68 ft: 82 corp: 8/40b lim: 254 exec/s: 10922 rss: 48Mb
#33178	REDUCE cov: 68 ft: 82 corp: 8/39b lim: 254 exec/s: 11059 rss: 48Mb L: 8/8 MS: 1 EraseBytes-
#40082	REDUCE cov: 69 ft: 83 corp: 9/49b lim: 317 exec/s: 13360 rss: 48Mb L: 10/10 MS: 4 ShuffleBytes-CopyPart-ChangeByte-EraseBytes-
#43068	REDUCE cov: 69 ft: 83 corp: 9/48b lim: 341 exec/s: 14356 rss: 48Mb L: 9/9 MS: 1 EraseBytes-
#45659	REDUCE cov: 70 ft: 84 corp: 10/58b lim: 365 exec/s: 11414 rss: 48Mb L: 10/10 MS: 1 InsertByte-
#46371	REDUCE cov: 70 ft: 84 corp: 10/57b lim: 365 exec/s: 11592 rss: 48Mb L: 9/9 MS: 2 ShuffleBytes-EraseBytes-
#47072	REDUCE cov: 71 ft: 85 corp: 11/68b lim: 365 exec/s: 11768 rss: 48Mb L: 11/11 MS: 1 CMP- DE: "00"-
#58879	NEW    cov: 72 ft: 86 corp: 12/79b lim: 477 exec/s: 11775 rss: 48Mb L: 11/11 MS: 2 ChangeBinInt-ChangeByte-
#58937	REDUCE cov: 72 ft: 86 corp: 12/78b lim: 477 exec/s: 11787 rss: 48Mb L: 8/11 MS: 3 ShuffleBytes-EraseBytes-InsertByte-
#60203	REDUCE cov: 72 ft: 86 corp: 12/77b lim: 485 exec/s: 12040 rss: 48Mb L: 10/11 MS: 1 EraseBytes-
#65536	pulse  cov: 72 ft: 86 corp: 12/77b lim: 535 exec/s: 13107 rss: 48Mb
#75615	REDUCE cov: 72 ft: 86 corp: 12/75b lim: 634 exec/s: 12602 rss: 48Mb L: 8/11 MS: 2 ShuffleBytes-EraseBytes-
#87517	REDUCE cov: 72 ft: 86 corp: 12/74b lim: 751 exec/s: 12502 rss: 48Mb L: 10/10 MS: 2 PersAutoDict-EraseBytes- DE: "00"-
#125082	DONE   cov: 72 ft: 86 corp: 12/74b lim: 1120 exec/s: 11371 rss: 48Mb
###### Recommended dictionary. ######
"\000\000" # Uses: 5697
"00" # Uses: 3521
###### End of recommended dictionary. ######
Done 125082 runs in 11 second(s)
