
============================================================
Evaluating: /root/Tokenizer.scala
============================================================

✓ File exists
✓ Source loaded (16240 characters)

--- Checking Compilation ---
❌ Compilation failed
  - java.io.IOException: User limit of inotify instances reached or too many open files
  - Use 'last' for the full log.

--- Running Unit Tests ---
⚠ Skipping tests (sbt not available or compilation failed)

--- Evaluating Code Quality Criteria ---


FUNCTIONALITY_PRESERVATION:
----------------------------------------
Score: 4/5 (GOOD)
  Found 8/9 required components
  Missing components: TokenType
  Found 3/4 key methods
  Suggestions:
    → Implement missing components: TokenType

SCALA_CONVENTIONS:
----------------------------------------
Score: 5/5 (EXCELLENT)
  ✓ camelCase_methods: 77 occurrences
  ✓ PascalCase_classes: 39 occurrences
  ✓ immutable_val: 41 occurrences
  ✓ case_class: 6 occurrences
  ✓ sealed_trait: 3 occurrences
  Suggestions:
    → Consider refactoring: Null usage (prefer Option)

READABILITY:
----------------------------------------
Score: 5/5 (EXCELLENT)
  Total lines: 513
  Scaladoc blocks: 0
  Single-line comments: 43
  Type annotations: 174

PARADIGM_MATCH:
----------------------------------------
Score: 5/5 (EXCELLENT)
  ✓ map: 10 occurrences
  ✓ flatMap: 3 occurrences
  ✓ fold: 1 occurrences
  ✓ for_comprehension: 1 occurrences
  ✓ higher_order_func: 25 occurrences
  Suggestions:
    → Consider reducing mutable variables (3 vars found)
    → Consider using Option instead of null

APPROPRIATE_ABSTRACTIONS:
----------------------------------------
Score: 5/5 (EXCELLENT)
  Traits defined: 6
  ✓ Sealed hierarchies: 3
  Generic type usages: 64
  Objects/Companions: 6
  ✓ Variance annotations: 5
  Suggestions:
    → Consider using type classes for polymorphism

============================================================
EVALUATION SUMMARY
============================================================
Overall Score: 24/25 (96.0%)
Status: ❌ NEEDS IMPROVEMENT
============================================================

