INFO: Instrumenting black
INFO: Instrumenting json
INFO: Instrumenting json.decoder
INFO: Instrumenting json.scanner
INFO: Instrumenting json.encoder
INFO: Instrumenting platform
INFO: Instrumenting datetime
INFO: Instrumenting click
INFO: Instrumenting __future__
INFO: Instrumenting click.core
INFO: Instrumenting gettext
INFO: Instrumenting click.types
INFO: Instrumenting click._compat
INFO: Instrumenting click.exceptions
INFO: Instrumenting click.globals
INFO: Instrumenting click.utils
INFO: Instrumenting click._utils
INFO: Instrumenting click.formatting
INFO: Instrumenting click.parser
INFO: Instrumenting click.termui
INFO: Instrumenting click.decorators
INFO: Instrumenting mypy_extensions
INFO: Instrumenting pathspec
INFO: Instrumenting pathspec.gitignore
INFO: Instrumenting pathspec.backend
INFO: Instrumenting pathspec._backends
INFO: Instrumenting pathspec._backends.agg
INFO: Instrumenting pathspec.pattern
INFO: Instrumenting pathspec._typing
INFO: Instrumenting pathspec._backends.hyperscan
INFO: Instrumenting pathspec._backends.hyperscan.base
INFO: Instrumenting pathspec._backends.hyperscan.gitignore
INFO: Instrumenting pathspec.patterns
INFO: Instrumenting pathspec.patterns.gitignore
INFO: Instrumenting pathspec.patterns.gitignore.base
INFO: Instrumenting pathspec.patterns.gitignore.basic
INFO: Instrumenting pathspec.util
INFO: Instrumenting pathspec.patterns.gitignore.spec
INFO: Instrumenting pathspec.patterns.gitwildmatch
INFO: Instrumenting pathspec._backends.hyperscan._base
INFO: Instrumenting pathspec._backends.hyperscan.pathspec
INFO: Instrumenting pathspec._backends._utils
INFO: Instrumenting pathspec._backends.re2
INFO: Instrumenting pathspec._backends.re2.base
INFO: Instrumenting pathspec._backends.re2._base
INFO: Instrumenting pathspec._backends.re2.gitignore
INFO: Instrumenting pathspec._backends.re2.pathspec
INFO: Instrumenting pathspec._backends.simple
INFO: Instrumenting pathspec._backends.simple.gitignore
INFO: Instrumenting pathspec._backends.simple.pathspec
INFO: Instrumenting pathspec.pathspec
INFO: Instrumenting pathspec._meta
INFO: Instrumenting pathspec._version
INFO: Instrumenting _black_version
INFO: Instrumenting black.cache
INFO: Instrumenting hashlib
INFO: Instrumenting pickle
INFO: Instrumenting struct
INFO: Instrumenting _compat_pickle
INFO: Instrumenting platformdirs
INFO: Instrumenting platformdirs.api
INFO: Instrumenting platformdirs.version
INFO: Instrumenting platformdirs.unix
INFO: Instrumenting configparser
INFO: Instrumenting black.mode
INFO: Instrumenting black.const
INFO: Instrumenting black.output
INFO: Instrumenting black.comments
INFO: Instrumenting black.nodes
INFO: Instrumenting black.strings
INFO: Instrumenting black._width_table
INFO: Instrumenting blib2to3
INFO: Instrumenting blib2to3.pytree
INFO: Instrumenting blib2to3.pgen2
INFO: Instrumenting blib2to3.pgen2.grammar
INFO: Instrumenting blib2to3.pgen2.token
INFO: Instrumenting blib2to3.pygram
INFO: Instrumenting blib2to3.pgen2.driver
INFO: Instrumenting pkgutil
INFO: Instrumenting importlib.util
WARNING: It looks like this module is imported by a custom loader. Atheris has experimental support for this. However, it may be incompatible with certain libraries. If you experience unusual errors or poor coverage collection, try atheris.instrument_all() instead, add enable_loader_override=False to instrument_imports(), or file an issue on GitHub.
INFO: Instrumenting blib2to3.pgen2.tokenize
INFO: Instrumenting blib2to3.pgen2.parse
INFO: Instrumenting blib2to3.pgen2.pgen
INFO: Instrumenting black.files
INFO: Instrumenting packaging
INFO: Instrumenting packaging.specifiers
INFO: Instrumenting packaging.utils
INFO: Instrumenting packaging.tags
INFO: Instrumenting subprocess
INFO: Instrumenting locale
INFO: Instrumenting _locale
INFO: Instrumenting signal
INFO: Instrumenting selectors
INFO: Instrumenting sysconfig
INFO: Instrumenting packaging._manylinux
INFO: Instrumenting packaging._elffile
INFO: Instrumenting packaging._musllinux
INFO: Instrumenting packaging.version
INFO: Instrumenting packaging._structures
INFO: Instrumenting tomllib
INFO: Instrumenting tomllib._parser
INFO: Instrumenting tomllib._re
INFO: Instrumenting tomllib._types
INFO: Instrumenting black.handle_ipynb_magics
INFO: Instrumenting secrets
INFO: Instrumenting base64
INFO: Instrumenting hmac
INFO: Instrumenting black.report
INFO: Instrumenting black.linegen
INFO: Instrumenting black.brackets
INFO: Instrumenting black.lines
INFO: Instrumenting black.numerics
INFO: Instrumenting black.trans
INFO: Instrumenting black.rusty
INFO: Instrumenting black.parsing
INFO: Instrumenting black.ranges
INFO: Instrumenting difflib
INFO: Instrumenting heapq
INFO: Using built-in libfuzzer
WARNING: Failed to find function "__sanitizer_acquire_crash_state".
WARNING: Failed to find function "__sanitizer_print_stack_trace".
WARNING: Failed to find function "__sanitizer_set_death_callback".
INFO: Running with entropic power schedule (0xFF, 100).
INFO: Seed: 2324134079
INFO: -max_len is not provided; libFuzzer will not generate inputs larger than 4096 bytes
INFO: A corpus is not provided, starting from an empty corpus
#2	INITED cov: 238 ft: 238 corp: 1/1b exec/s: 2 rss: 56Mb
#24	NEW    cov: 461 ft: 681 corp: 2/4b lim: 4 exec/s: 24 rss: 56Mb L: 3/3 MS: 2 CrossOver-CrossOver-
#30	NEW    cov: 491 ft: 726 corp: 3/8b lim: 4 exec/s: 30 rss: 56Mb L: 4/4 MS: 1 InsertByte-
#38	NEW    cov: 506 ft: 792 corp: 4/10b lim: 4 exec/s: 38 rss: 56Mb L: 2/4 MS: 3 ChangeBit-ChangeBit-InsertByte-
#40	NEW    cov: 506 ft: 793 corp: 5/14b lim: 4 exec/s: 40 rss: 56Mb L: 4/4 MS: 2 CopyPart-CrossOver-
#44	NEW    cov: 517 ft: 951 corp: 6/16b lim: 4 exec/s: 44 rss: 56Mb L: 2/4 MS: 4 EraseBytes-ShuffleBytes-EraseBytes-InsertByte-
#47	NEW    cov: 517 ft: 952 corp: 7/19b lim: 4 exec/s: 47 rss: 56Mb L: 3/4 MS: 3 CrossOver-CopyPart-EraseBytes-
#66	NEW    cov: 518 ft: 953 corp: 8/21b lim: 4 exec/s: 66 rss: 56Mb L: 2/4 MS: 4 ChangeByte-CrossOver-ChangeByte-InsertByte-
#73	NEW    cov: 531 ft: 968 corp: 9/23b lim: 4 exec/s: 73 rss: 56Mb L: 2/4 MS: 2 EraseBytes-InsertByte-
#79	NEW    cov: 532 ft: 977 corp: 10/26b lim: 4 exec/s: 79 rss: 56Mb L: 3/4 MS: 1 ChangeByte-
#84	NEW    cov: 534 ft: 998 corp: 11/29b lim: 4 exec/s: 84 rss: 56Mb L: 3/4 MS: 5 ShuffleBytes-InsertByte-ShuffleBytes-ChangeBinInt-ChangeBinInt-
#87	NEW    cov: 534 ft: 1227 corp: 12/32b lim: 4 exec/s: 87 rss: 56Mb L: 3/4 MS: 3 ChangeBit-CrossOver-ShuffleBytes-
#93	NEW    cov: 535 ft: 1230 corp: 13/35b lim: 4 exec/s: 93 rss: 56Mb L: 3/4 MS: 1 CrossOver-
#109	NEW    cov: 540 ft: 1243 corp: 14/38b lim: 4 exec/s: 109 rss: 56Mb L: 3/4 MS: 1 InsertByte-
#111	NEW    cov: 540 ft: 1249 corp: 15/40b lim: 4 exec/s: 111 rss: 56Mb L: 2/4 MS: 2 CrossOver-EraseBytes-
#114	NEW    cov: 540 ft: 1251 corp: 16/44b lim: 4 exec/s: 114 rss: 56Mb L: 4/4 MS: 3 ChangeBinInt-ShuffleBytes-ShuffleBytes-
#141	NEW    cov: 540 ft: 1253 corp: 17/47b lim: 4 exec/s: 141 rss: 56Mb L: 3/4 MS: 2 InsertByte-CopyPart-
#154	NEW    cov: 540 ft: 1256 corp: 18/50b lim: 4 exec/s: 154 rss: 56Mb L: 3/4 MS: 3 EraseBytes-CopyPart-CrossOver-
#156	NEW    cov: 540 ft: 1290 corp: 19/53b lim: 4 exec/s: 156 rss: 56Mb L: 3/4 MS: 2 CopyPart-ChangeByte-
#158	NEW    cov: 540 ft: 1291 corp: 20/57b lim: 4 exec/s: 158 rss: 56Mb L: 4/4 MS: 2 ChangeBit-ChangeBinInt-
#175	REDUCE cov: 540 ft: 1291 corp: 20/56b lim: 4 exec/s: 175 rss: 56Mb L: 2/4 MS: 2 InsertByte-EraseBytes-
#203	NEW    cov: 540 ft: 1294 corp: 21/60b lim: 4 exec/s: 203 rss: 56Mb L: 4/4 MS: 3 ShuffleBytes-ChangeBit-CopyPart-
#239	NEW    cov: 565 ft: 1566 corp: 22/64b lim: 4 exec/s: 119 rss: 56Mb L: 4/4 MS: 1 CrossOver-
#255	NEW    cov: 565 ft: 1567 corp: 23/67b lim: 4 exec/s: 127 rss: 56Mb L: 3/4 MS: 1 ChangeByte-
#256	pulse  cov: 565 ft: 1567 corp: 23/67b lim: 4 exec/s: 128 rss: 56Mb
#265	NEW    cov: 566 ft: 1575 corp: 24/71b lim: 4 exec/s: 132 rss: 56Mb L: 4/4 MS: 5 ChangeBinInt-ChangeByte-ChangeBit-ChangeByte-CMP- DE: "def"-
#288	NEW    cov: 566 ft: 1577 corp: 25/74b lim: 4 exec/s: 144 rss: 56Mb L: 3/4 MS: 3 EraseBytes-ChangeBit-InsertByte-
#305	NEW    cov: 566 ft: 1584 corp: 26/78b lim: 4 exec/s: 152 rss: 56Mb L: 4/4 MS: 2 CopyPart-ChangeBinInt-
#311	NEW    cov: 566 ft: 1585 corp: 27/82b lim: 4 exec/s: 155 rss: 56Mb L: 4/4 MS: 1 ChangeBit-
#438	NEW    cov: 566 ft: 1595 corp: 28/86b lim: 4 exec/s: 219 rss: 56Mb L: 4/4 MS: 2 ChangeByte-CopyPart-
#512	pulse  cov: 566 ft: 1595 corp: 28/86b lim: 4 exec/s: 256 rss: 56Mb
#577	NEW    cov: 579 ft: 1648 corp: 29/90b lim: 4 exec/s: 288 rss: 56Mb L: 4/4 MS: 4 ChangeBit-EraseBytes-CrossOver-CMP- DE: "\354\254\212"-
#578	NEW    cov: 612 ft: 1712 corp: 30/94b lim: 4 exec/s: 289 rss: 56Mb L: 4/4 MS: 1 ChangeByte-
#603	NEW    cov: 612 ft: 1735 corp: 31/98b lim: 4 exec/s: 301 rss: 56Mb L: 4/4 MS: 5 ChangeBinInt-ChangeByte-ShuffleBytes-ShuffleBytes-CopyPart-
#703	NEW    cov: 653 ft: 1779 corp: 32/100b lim: 4 exec/s: 351 rss: 56Mb L: 2/4 MS: 5 EraseBytes-InsertByte-EraseBytes-ChangeBit-ChangeByte-
#706	REDUCE cov: 653 ft: 1779 corp: 32/99b lim: 4 exec/s: 353 rss: 56Mb L: 3/4 MS: 3 CrossOver-CrossOver-EraseBytes-
#712	NEW    cov: 653 ft: 1789 corp: 33/103b lim: 4 exec/s: 356 rss: 56Mb L: 4/4 MS: 1 InsertByte-
#728	NEW    cov: 653 ft: 1799 corp: 34/106b lim: 4 exec/s: 364 rss: 56Mb L: 3/4 MS: 1 ChangeByte-
#733	NEW    cov: 661 ft: 1815 corp: 35/109b lim: 4 exec/s: 366 rss: 56Mb L: 3/4 MS: 5 ChangeBinInt-InsertByte-ShuffleBytes-InsertByte-ChangeByte-
#750	NEW    cov: 664 ft: 1819 corp: 36/113b lim: 4 exec/s: 375 rss: 56Mb L: 4/4 MS: 2 ChangeByte-ChangeByte-
#800	NEW    cov: 664 ft: 1821 corp: 37/117b lim: 4 exec/s: 400 rss: 56Mb L: 4/4 MS: 5 ChangeByte-CopyPart-CrossOver-ChangeByte-ShuffleBytes-
#861	NEW    cov: 664 ft: 1828 corp: 38/120b lim: 4 exec/s: 430 rss: 56Mb L: 3/4 MS: 1 ChangeBit-
#966	NEW    cov: 665 ft: 1829 corp: 39/123b lim: 4 exec/s: 483 rss: 56Mb L: 3/4 MS: 5 ChangeByte-CopyPart-ChangeBit-CrossOver-ChangeBinInt-
#987	NEW    cov: 666 ft: 1853 corp: 40/127b lim: 4 exec/s: 329 rss: 56Mb L: 4/4 MS: 1 ShuffleBytes-
#1003	NEW    cov: 693 ft: 1886 corp: 41/130b lim: 4 exec/s: 334 rss: 56Mb L: 3/4 MS: 1 CrossOver-
#1024	pulse  cov: 693 ft: 1886 corp: 41/130b lim: 4 exec/s: 341 rss: 56Mb
#1064	NEW    cov: 696 ft: 1917 corp: 42/134b lim: 4 exec/s: 354 rss: 56Mb L: 4/4 MS: 1 InsertByte-
#1118	REDUCE cov: 879 ft: 2190 corp: 43/138b lim: 4 exec/s: 372 rss: 56Mb L: 4/4 MS: 4 PersAutoDict-PersAutoDict-InsertByte-ShuffleBytes- DE: "def"-"def"-
#1169	NEW    cov: 879 ft: 2191 corp: 44/142b lim: 4 exec/s: 389 rss: 56Mb L: 4/4 MS: 1 ChangeByte-
#1172	NEW    cov: 882 ft: 2219 corp: 45/145b lim: 4 exec/s: 390 rss: 56Mb L: 3/4 MS: 3 ChangeBit-ChangeByte-CrossOver-
#1260	NEW    cov: 882 ft: 2220 corp: 46/149b lim: 4 exec/s: 420 rss: 56Mb L: 4/4 MS: 3 CopyPart-ChangeASCIIInt-ChangeASCIIInt-
#1336	NEW    cov: 882 ft: 2222 corp: 47/153b lim: 4 exec/s: 445 rss: 56Mb L: 4/4 MS: 1 CopyPart-
#1428	NEW    cov: 887 ft: 2227 corp: 48/156b lim: 4 exec/s: 476 rss: 56Mb L: 3/4 MS: 2 CopyPart-ChangeByte-
#1477	NEW    cov: 887 ft: 2238 corp: 49/159b lim: 4 exec/s: 492 rss: 56Mb L: 3/4 MS: 4 EraseBytes-CopyPart-InsertByte-ChangeByte-
#1496	NEW    cov: 887 ft: 2239 corp: 50/163b lim: 4 exec/s: 498 rss: 56Mb L: 4/4 MS: 4 ShuffleBytes-CrossOver-CopyPart-ChangeBinInt-
#1505	NEW    cov: 887 ft: 2242 corp: 51/167b lim: 4 exec/s: 501 rss: 56Mb L: 4/4 MS: 4 CopyPart-CopyPart-ChangeBinInt-ChangeByte-
#1572	NEW    cov: 887 ft: 2244 corp: 52/171b lim: 4 exec/s: 524 rss: 56Mb L: 4/4 MS: 2 ShuffleBytes-CrossOver-
#1656	NEW    cov: 887 ft: 2247 corp: 53/175b lim: 4 exec/s: 552 rss: 56Mb L: 4/4 MS: 4 CrossOver-ShuffleBytes-ChangeBit-ShuffleBytes-
#1706	NEW    cov: 977 ft: 2503 corp: 54/179b lim: 4 exec/s: 568 rss: 56Mb L: 4/4 MS: 5 ChangeBinInt-ChangeByte-CopyPart-ChangeBit-ChangeBinInt-
#1738	REDUCE cov: 977 ft: 2503 corp: 54/178b lim: 4 exec/s: 579 rss: 56Mb L: 3/4 MS: 2 EraseBytes-ChangeBinInt-
#1753	NEW    cov: 981 ft: 2524 corp: 55/182b lim: 4 exec/s: 584 rss: 56Mb L: 4/4 MS: 5 CrossOver-ChangeBinInt-ChangeByte-ChangeByte-CopyPart-
#1912	NEW    cov: 981 ft: 2536 corp: 56/186b lim: 4 exec/s: 478 rss: 56Mb L: 4/4 MS: 4 CrossOver-ShuffleBytes-ChangeByte-CopyPart-
#1941	NEW    cov: 981 ft: 2541 corp: 57/189b lim: 4 exec/s: 485 rss: 56Mb L: 3/4 MS: 4 EraseBytes-ChangeASCIIInt-ChangeBit-ChangeBit-
#1942	NEW    cov: 981 ft: 2551 corp: 58/193b lim: 4 exec/s: 485 rss: 56Mb L: 4/4 MS: 1 ChangeByte-
#2048	pulse  cov: 981 ft: 2551 corp: 58/193b lim: 4 exec/s: 512 rss: 56Mb
#2173	REDUCE cov: 981 ft: 2554 corp: 59/199b lim: 6 exec/s: 543 rss: 56Mb L: 6/6 MS: 1 CopyPart-
#2183	NEW    cov: 981 ft: 2556 corp: 60/205b lim: 6 exec/s: 545 rss: 56Mb L: 6/6 MS: 5 ChangeByte-CrossOver-PersAutoDict-ChangeBinInt-CrossOver- DE: "\354\254\212"-
#2224	NEW    cov: 981 ft: 2557 corp: 61/210b lim: 6 exec/s: 556 rss: 56Mb L: 5/6 MS: 1 InsertByte-
#2258	NEW    cov: 981 ft: 2563 corp: 62/216b lim: 6 exec/s: 564 rss: 56Mb L: 6/6 MS: 4 CMP-ChangeBinInt-PersAutoDict-ShuffleBytes- DE: "\377\377"-"def"-
#2277	NEW    cov: 981 ft: 2565 corp: 63/220b lim: 6 exec/s: 569 rss: 56Mb L: 4/6 MS: 4 CopyPart-ChangeBit-ShuffleBytes-CopyPart-
#2303	NEW    cov: 981 ft: 2568 corp: 64/225b lim: 6 exec/s: 575 rss: 56Mb L: 5/6 MS: 1 InsertByte-
#2344	NEW    cov: 982 ft: 2730 corp: 65/231b lim: 6 exec/s: 586 rss: 56Mb L: 6/6 MS: 1 CopyPart-
#2364	NEW    cov: 982 ft: 2731 corp: 66/235b lim: 6 exec/s: 591 rss: 56Mb L: 4/6 MS: 5 EraseBytes-ChangeBit-InsertByte-ShuffleBytes-ShuffleBytes-
#2445	NEW    cov: 1014 ft: 2765 corp: 67/241b lim: 6 exec/s: 611 rss: 56Mb L: 6/6 MS: 1 CopyPart-
#2472	NEW    cov: 1014 ft: 2786 corp: 68/247b lim: 6 exec/s: 618 rss: 56Mb L: 6/6 MS: 2 PersAutoDict-PersAutoDict- DE: "def"-"\354\254\212"-
#2473	NEW    cov: 1014 ft: 2789 corp: 69/252b lim: 6 exec/s: 618 rss: 56Mb L: 5/6 MS: 1 CrossOver-
#2474	NEW    cov: 1017 ft: 2795 corp: 70/258b lim: 6 exec/s: 618 rss: 56Mb L: 6/6 MS: 1 CrossOver-
#2486	NEW    cov: 1017 ft: 2807 corp: 71/261b lim: 6 exec/s: 621 rss: 56Mb L: 3/6 MS: 2 ShuffleBytes-ChangeBinInt-
#2497	NEW    cov: 1019 ft: 2826 corp: 72/266b lim: 6 exec/s: 624 rss: 56Mb L: 5/6 MS: 1 CrossOver-
#2526	NEW    cov: 1032 ft: 2849 corp: 73/272b lim: 6 exec/s: 505 rss: 56Mb L: 6/6 MS: 4 PersAutoDict-ShuffleBytes-ChangeByte-ShuffleBytes- DE: "def"-
#2557	NEW    cov: 1032 ft: 2874 corp: 74/278b lim: 6 exec/s: 511 rss: 56Mb L: 6/6 MS: 1 CopyPart-
#2588	NEW    cov: 1032 ft: 2876 corp: 75/282b lim: 6 exec/s: 517 rss: 56Mb L: 4/6 MS: 1 InsertByte-
#2651	REDUCE cov: 1032 ft: 2876 corp: 75/281b lim: 6 exec/s: 530 rss: 56Mb L: 5/6 MS: 3 ShuffleBytes-CopyPart-EraseBytes-
#2653	REDUCE cov: 1032 ft: 2886 corp: 76/287b lim: 6 exec/s: 530 rss: 56Mb L: 6/6 MS: 2 ChangeByte-InsertByte-
#2852	NEW    cov: 1032 ft: 2887 corp: 77/293b lim: 6 exec/s: 570 rss: 56Mb L: 6/6 MS: 4 ChangeBit-CopyPart-CMP-CrossOver- DE: "\352\254\242"-
#2978	NEW    cov: 1032 ft: 2915 corp: 78/296b lim: 6 exec/s: 595 rss: 56Mb L: 3/6 MS: 1 EraseBytes-
#3067	NEW    cov: 1032 ft: 2925 corp: 79/302b lim: 6 exec/s: 511 rss: 56Mb L: 6/6 MS: 4 ChangeBinInt-CopyPart-ShuffleBytes-CopyPart-
#3243	NEW    cov: 1052 ft: 2951 corp: 80/306b lim: 6 exec/s: 540 rss: 56Mb L: 4/6 MS: 1 EraseBytes-
#3301	NEW    cov: 1052 ft: 2995 corp: 81/312b lim: 6 exec/s: 550 rss: 56Mb L: 6/6 MS: 3 PersAutoDict-CrossOver-PersAutoDict- DE: "\354\254\212"-"\354\254\212"-
#3332	REDUCE cov: 1052 ft: 2996 corp: 82/317b lim: 6 exec/s: 555 rss: 56Mb L: 5/6 MS: 1 PersAutoDict- DE: "\352\254\242"-
#3482	NEW    cov: 1053 ft: 3006 corp: 83/322b lim: 6 exec/s: 580 rss: 56Mb L: 5/6 MS: 5 ChangeBinInt-EraseBytes-CrossOver-CrossOver-CrossOver-
#3643	NEW    cov: 1183 ft: 3365 corp: 84/328b lim: 6 exec/s: 607 rss: 56Mb L: 6/6 MS: 1 CopyPart-
#3752	NEW    cov: 1184 ft: 3366 corp: 85/334b lim: 6 exec/s: 536 rss: 56Mb L: 6/6 MS: 4 PersAutoDict-CopyPart-ChangeBit-ChangeBinInt- DE: "\377\377"-
#3910	NEW    cov: 1184 ft: 3367 corp: 86/340b lim: 6 exec/s: 558 rss: 56Mb L: 6/6 MS: 3 CopyPart-InsertByte-InsertByte-
#4026	REDUCE cov: 1184 ft: 3367 corp: 86/339b lim: 6 exec/s: 575 rss: 56Mb L: 5/6 MS: 1 CrossOver-
#4069	REDUCE cov: 1184 ft: 3367 corp: 86/338b lim: 6 exec/s: 581 rss: 56Mb L: 5/6 MS: 3 CopyPart-EraseBytes-ChangeByte-
#4080	NEW    cov: 1184 ft: 3371 corp: 87/342b lim: 6 exec/s: 582 rss: 56Mb L: 4/6 MS: 1 ChangeBit-
#4096	pulse  cov: 1184 ft: 3371 corp: 87/342b lim: 6 exec/s: 585 rss: 56Mb
#4142	NEW    cov: 1184 ft: 3384 corp: 88/347b lim: 6 exec/s: 591 rss: 56Mb L: 5/6 MS: 2 ShuffleBytes-InsertByte-
#4263	NEW    cov: 1184 ft: 3392 corp: 89/353b lim: 6 exec/s: 609 rss: 56Mb L: 6/6 MS: 1 ChangeByte-
#4294	NEW    cov: 1184 ft: 3397 corp: 90/359b lim: 6 exec/s: 613 rss: 56Mb L: 6/6 MS: 1 ChangeByte-
#4429	NEW    cov: 1186 ft: 3409 corp: 91/365b lim: 6 exec/s: 553 rss: 56Mb L: 6/6 MS: 5 ChangeBit-ShuffleBytes-PersAutoDict-ChangeByte-InsertByte- DE: "def"-
#4493	NEW    cov: 1187 ft: 3410 corp: 92/368b lim: 6 exec/s: 561 rss: 56Mb L: 3/6 MS: 4 CopyPart-ChangeBit-CopyPart-ChangeBit-
#4555	NEW    cov: 1188 ft: 3411 corp: 93/373b lim: 6 exec/s: 569 rss: 56Mb L: 5/6 MS: 2 CopyPart-CrossOver-
#4661	NEW    cov: 1188 ft: 3412 corp: 94/379b lim: 6 exec/s: 582 rss: 56Mb L: 6/6 MS: 1 ChangeByte-
#4680	NEW    cov: 1188 ft: 3413 corp: 95/383b lim: 6 exec/s: 585 rss: 56Mb L: 4/6 MS: 4 ShuffleBytes-EraseBytes-CrossOver-EraseBytes-
#4687	REDUCE cov: 1188 ft: 3413 corp: 95/382b lim: 6 exec/s: 585 rss: 56Mb L: 4/6 MS: 2 ChangeBinInt-EraseBytes-
#4778	NEW    cov: 1188 ft: 3416 corp: 96/387b lim: 6 exec/s: 597 rss: 56Mb L: 5/6 MS: 1 InsertRepeatedBytes-
#4834	NEW    cov: 1188 ft: 3417 corp: 97/393b lim: 6 exec/s: 604 rss: 56Mb L: 6/6 MS: 1 CopyPart-
#4905	NEW    cov: 1189 ft: 3491 corp: 98/399b lim: 6 exec/s: 613 rss: 56Mb L: 6/6 MS: 1 ShuffleBytes-
#5034	NEW    cov: 1189 ft: 3503 corp: 99/405b lim: 6 exec/s: 559 rss: 56Mb L: 6/6 MS: 4 ChangeBinInt-CopyPart-CrossOver-CrossOver-
#5051	NEW    cov: 1193 ft: 3510 corp: 100/411b lim: 6 exec/s: 561 rss: 56Mb L: 6/6 MS: 2 ChangeBit-ChangeBinInt-
#5117	REDUCE cov: 1193 ft: 3510 corp: 100/410b lim: 6 exec/s: 568 rss: 56Mb L: 5/6 MS: 1 EraseBytes-
#5128	NEW    cov: 1193 ft: 3511 corp: 101/415b lim: 6 exec/s: 569 rss: 56Mb L: 5/6 MS: 1 PersAutoDict- DE: "def"-
#5309	NEW    cov: 1193 ft: 3512 corp: 102/419b lim: 6 exec/s: 589 rss: 56Mb L: 4/6 MS: 1 CrossOver-
#5316	NEW    cov: 1195 ft: 3514 corp: 103/424b lim: 6 exec/s: 590 rss: 56Mb L: 5/6 MS: 2 CrossOver-CopyPart-
#5340	NEW    cov: 1198 ft: 3517 corp: 104/428b lim: 6 exec/s: 593 rss: 56Mb L: 4/6 MS: 4 InsertByte-InsertByte-EraseBytes-EraseBytes-
#5414	NEW    cov: 1204 ft: 3523 corp: 105/432b lim: 6 exec/s: 601 rss: 56Mb L: 4/6 MS: 4 CrossOver-CopyPart-CopyPart-CrossOver-
#5430	NEW    cov: 1204 ft: 3528 corp: 106/438b lim: 6 exec/s: 603 rss: 56Mb L: 6/6 MS: 1 CrossOver-
#5607	REDUCE cov: 1204 ft: 3528 corp: 106/437b lim: 6 exec/s: 560 rss: 56Mb L: 5/6 MS: 2 ChangeByte-EraseBytes-
#5673	REDUCE cov: 1204 ft: 3531 corp: 107/443b lim: 6 exec/s: 567 rss: 56Mb L: 6/6 MS: 1 CopyPart-
#6000	NEW    cov: 1204 ft: 3556 corp: 108/451b lim: 8 exec/s: 600 rss: 56Mb L: 8/8 MS: 2 ChangeBinInt-PersAutoDict- DE: "\354\254\212"-
#6041	NEW    cov: 1204 ft: 3573 corp: 109/458b lim: 8 exec/s: 604 rss: 56Mb L: 7/8 MS: 1 CopyPart-
#6091	DONE   cov: 1204 ft: 3573 corp: 109/458b lim: 8 exec/s: 553 rss: 56Mb
###### Recommended dictionary. ######
"def" # Uses: 124
"\354\254\212" # Uses: 111
"\377\377" # Uses: 111
"\352\254\242" # Uses: 68
###### End of recommended dictionary. ######
Done 6091 runs in 11 second(s)
