
============================================================
Evaluating: /root/Tokenizer.scala
============================================================

✓ File exists
✓ Source loaded (11882 characters)

--- Checking Compilation ---
❌ Compilation failed
  - java.io.IOException: User limit of inotify instances reached or too many open files
  - Use 'last' for the full log.

--- Running Unit Tests ---
⚠ Skipping tests (sbt not available or compilation failed)

--- Evaluating Code Quality Criteria ---


FUNCTIONALITY_PRESERVATION:
----------------------------------------
Score: 4/5 (GOOD)
  Found 8/9 required components
  Missing components: TokenType
  Found 4/4 key methods
  Suggestions:
    → Implement missing components: TokenType

SCALA_CONVENTIONS:
----------------------------------------
Score: 4/5 (GOOD)
  ✓ camelCase_methods: 42 occurrences
  ✓ PascalCase_classes: 22 occurrences
  ✓ immutable_val: 28 occurrences
  ✓ case_class: 1 occurrences
  ✓ option_type: 8 occurrences
  Suggestions:
    → Consider refactoring: Null usage (prefer Option)
    → Consider refactoring: Explicit return statement (often unnecessary in Scala)

READABILITY:
----------------------------------------
Score: 5/5 (EXCELLENT)
  Total lines: 410
  Scaladoc blocks: 0
  Single-line comments: 36
  Type annotations: 104

PARADIGM_MATCH:
----------------------------------------
Score: 4/5 (GOOD)
  ✓ map: 4 occurrences
  ✓ higher_order_func: 18 occurrences
  ✓ immutable_collections: 17 occurrences
  Immutability ratio (val/total): 75.68%
  Option usage: 8, null usage: 1
  Suggestions:
    → Consider reducing mutable variables (9 vars found)
    → Consider using Option instead of null

APPROPRIATE_ABSTRACTIONS:
----------------------------------------
Score: 5/5 (EXCELLENT)
  Traits defined: 3
  Generic type usages: 51
  ✓ Type aliases: 1
  Objects/Companions: 3
  ✓ Variance annotations: 3
  Suggestions:
    → Consider using sealed traits for ADTs
    → Consider using type classes for polymorphism

============================================================
EVALUATION SUMMARY
============================================================
Overall Score: 22/25 (88.0%)
Status: ❌ NEEDS IMPROVEMENT
============================================================

