INFO: Instrumenting 13566 functions...
INFO: Using built-in libfuzzer
WARNING: Failed to find function "__sanitizer_acquire_crash_state".
WARNING: Failed to find function "__sanitizer_print_stack_trace".
WARNING: Failed to find function "__sanitizer_set_death_callback".
INFO: Running with entropic power schedule (0xFF, 100).
INFO: Seed: 1274766125
INFO: -max_len is not provided; libFuzzer will not generate inputs larger than 4096 bytes
INFO: A corpus is not provided, starting from an empty corpus
#2	INITED cov: 117 ft: 117 corp: 1/1b exec/s: 0 rss: 92Mb
#7	NEW    cov: 480 ft: 490 corp: 2/3b lim: 4 exec/s: 0 rss: 92Mb L: 2/2 MS: 5 ChangeByte-ChangeBinInt-ShuffleBytes-ShuffleBytes-CopyPart-
#10	NEW    cov: 481 ft: 504 corp: 3/6b lim: 4 exec/s: 10 rss: 92Mb L: 3/3 MS: 3 ChangeBit-ShuffleBytes-CopyPart-
#18	NEW    cov: 482 ft: 507 corp: 4/8b lim: 4 exec/s: 18 rss: 92Mb L: 2/3 MS: 3 ChangeByte-ShuffleBytes-InsertByte-
#19	NEW    cov: 521 ft: 640 corp: 5/11b lim: 4 exec/s: 19 rss: 92Mb L: 3/3 MS: 1 ShuffleBytes-
#20	NEW    cov: 521 ft: 646 corp: 6/15b lim: 4 exec/s: 20 rss: 92Mb L: 4/4 MS: 1 CrossOver-
#23	NEW    cov: 521 ft: 655 corp: 7/17b lim: 4 exec/s: 23 rss: 92Mb L: 2/4 MS: 3 CrossOver-ChangeBit-ChangeBit-
#28	NEW    cov: 521 ft: 659 corp: 8/19b lim: 4 exec/s: 28 rss: 92Mb L: 2/4 MS: 5 ChangeBit-ChangeBinInt-ChangeBit-ShuffleBytes-ChangeByte-
#36	NEW    cov: 521 ft: 661 corp: 9/21b lim: 4 exec/s: 36 rss: 92Mb L: 2/4 MS: 3 ChangeBinInt-CrossOver-EraseBytes-
#46	NEW    cov: 527 ft: 693 corp: 10/23b lim: 4 exec/s: 46 rss: 92Mb L: 2/4 MS: 5 EraseBytes-ChangeByte-InsertByte-CrossOver-ChangeByte-
#54	NEW    cov: 528 ft: 793 corp: 11/26b lim: 4 exec/s: 54 rss: 92Mb L: 3/4 MS: 3 CopyPart-EraseBytes-InsertByte-
#59	NEW    cov: 528 ft: 794 corp: 12/30b lim: 4 exec/s: 59 rss: 92Mb L: 4/4 MS: 5 EraseBytes-ShuffleBytes-InsertByte-ChangeBit-CMP- DE: "\377\377"-
#65	NEW    cov: 535 ft: 802 corp: 13/34b lim: 4 exec/s: 65 rss: 92Mb L: 4/4 MS: 1 ChangeBit-
#67	NEW    cov: 536 ft: 807 corp: 14/36b lim: 4 exec/s: 67 rss: 92Mb L: 2/4 MS: 2 ChangeBit-ChangeBit-
#71	NEW    cov: 542 ft: 815 corp: 15/40b lim: 4 exec/s: 71 rss: 92Mb L: 4/4 MS: 4 PersAutoDict-ChangeBit-CopyPart-CopyPart- DE: "\377\377"-
#78	NEW    cov: 543 ft: 816 corp: 16/42b lim: 4 exec/s: 78 rss: 92Mb L: 2/4 MS: 2 EraseBytes-ChangeBit-
#114	NEW    cov: 543 ft: 826 corp: 17/45b lim: 4 exec/s: 114 rss: 92Mb L: 3/4 MS: 1 InsertByte-
#125	NEW    cov: 543 ft: 843 corp: 18/47b lim: 4 exec/s: 125 rss: 92Mb L: 2/4 MS: 1 ChangeByte-
#127	NEW    cov: 543 ft: 846 corp: 19/50b lim: 4 exec/s: 127 rss: 92Mb L: 3/4 MS: 2 ShuffleBytes-CopyPart-
#136	NEW    cov: 550 ft: 853 corp: 20/54b lim: 4 exec/s: 136 rss: 92Mb L: 4/4 MS: 4 PersAutoDict-ShuffleBytes-ChangeByte-ChangeByte- DE: "\377\377"-
#167	NEW    cov: 551 ft: 854 corp: 21/57b lim: 4 exec/s: 167 rss: 92Mb L: 3/4 MS: 1 EraseBytes-
#173	NEW    cov: 552 ft: 855 corp: 22/61b lim: 4 exec/s: 173 rss: 92Mb L: 4/4 MS: 1 CopyPart-
#209	NEW    cov: 603 ft: 976 corp: 23/64b lim: 4 exec/s: 209 rss: 92Mb L: 3/4 MS: 1 ChangeBit-
#225	NEW    cov: 607 ft: 998 corp: 24/68b lim: 4 exec/s: 225 rss: 92Mb L: 4/4 MS: 1 CrossOver-
#231	NEW    cov: 609 ft: 1001 corp: 25/71b lim: 4 exec/s: 231 rss: 92Mb L: 3/4 MS: 1 ChangeBit-
#234	NEW    cov: 611 ft: 1003 corp: 26/75b lim: 4 exec/s: 234 rss: 92Mb L: 4/4 MS: 3 CrossOver-CopyPart-ChangeBit-
#265	NEW    cov: 611 ft: 1006 corp: 27/79b lim: 4 exec/s: 265 rss: 92Mb L: 4/4 MS: 1 InsertByte-
#296	NEW    cov: 612 ft: 1007 corp: 28/83b lim: 4 exec/s: 296 rss: 92Mb L: 4/4 MS: 1 CrossOver-
#332	NEW    cov: 612 ft: 1020 corp: 29/87b lim: 4 exec/s: 332 rss: 92Mb L: 4/4 MS: 1 CopyPart-
#334	NEW    cov: 612 ft: 1026 corp: 30/90b lim: 4 exec/s: 334 rss: 92Mb L: 3/4 MS: 2 CrossOver-CrossOver-
#340	NEW    cov: 612 ft: 1027 corp: 31/94b lim: 4 exec/s: 340 rss: 92Mb L: 4/4 MS: 1 InsertByte-
#354	NEW    cov: 614 ft: 1030 corp: 32/98b lim: 4 exec/s: 354 rss: 92Mb L: 4/4 MS: 4 ChangeBit-ShuffleBytes-ChangeBit-ChangeByte-
#382	NEW    cov: 615 ft: 1040 corp: 33/102b lim: 4 exec/s: 382 rss: 92Mb L: 4/4 MS: 3 EraseBytes-InsertByte-ChangeBit-
#396	NEW    cov: 616 ft: 1043 corp: 34/105b lim: 4 exec/s: 396 rss: 92Mb L: 3/4 MS: 4 CrossOver-ChangeByte-CopyPart-ChangeByte-
#418	NEW    cov: 619 ft: 1055 corp: 35/107b lim: 4 exec/s: 418 rss: 92Mb L: 2/4 MS: 2 ShuffleBytes-EraseBytes-
#460	NEW    cov: 619 ft: 1063 corp: 36/111b lim: 4 exec/s: 460 rss: 92Mb L: 4/4 MS: 2 ChangeBinInt-CopyPart-
#567	NEW    cov: 619 ft: 1065 corp: 37/114b lim: 4 exec/s: 567 rss: 92Mb L: 3/4 MS: 2 CrossOver-ChangeByte-
#579	REDUCE cov: 619 ft: 1065 corp: 37/113b lim: 4 exec/s: 579 rss: 92Mb L: 2/4 MS: 2 CopyPart-EraseBytes-
#619	NEW    cov: 624 ft: 1071 corp: 38/117b lim: 4 exec/s: 619 rss: 92Mb L: 4/4 MS: 5 ChangeBinInt-CrossOver-ChangeBit-ChangeByte-ChangeBit-
#623	NEW    cov: 625 ft: 1072 corp: 39/120b lim: 4 exec/s: 623 rss: 92Mb L: 3/4 MS: 4 InsertByte-PersAutoDict-ShuffleBytes-CrossOver- DE: "\377\377"-
#663	NEW    cov: 625 ft: 1081 corp: 40/124b lim: 4 exec/s: 663 rss: 92Mb L: 4/4 MS: 5 PersAutoDict-ShuffleBytes-ChangeByte-CopyPart-ChangeByte- DE: "\377\377"-
#683	NEW    cov: 625 ft: 1082 corp: 41/128b lim: 4 exec/s: 683 rss: 92Mb L: 4/4 MS: 5 ChangeBit-ChangeBinInt-ChangeByte-ChangeByte-CrossOver-
#779	REDUCE cov: 625 ft: 1082 corp: 41/127b lim: 4 exec/s: 779 rss: 92Mb L: 3/4 MS: 1 EraseBytes-
#839	NEW    cov: 625 ft: 1087 corp: 42/130b lim: 4 exec/s: 839 rss: 92Mb L: 3/4 MS: 5 EraseBytes-ShuffleBytes-PersAutoDict-ChangeBit-CrossOver- DE: "\377\377"-
#857	NEW    cov: 627 ft: 1092 corp: 43/134b lim: 4 exec/s: 857 rss: 92Mb L: 4/4 MS: 3 InsertByte-CopyPart-CrossOver-
#895	NEW    cov: 628 ft: 1093 corp: 44/137b lim: 4 exec/s: 895 rss: 92Mb L: 3/4 MS: 3 ChangeBit-ChangeBit-ChangeBinInt-
#900	NEW    cov: 628 ft: 1094 corp: 45/139b lim: 4 exec/s: 900 rss: 92Mb L: 2/4 MS: 5 CrossOver-CopyPart-EraseBytes-ShuffleBytes-ChangeBit-
#902	REDUCE cov: 628 ft: 1094 corp: 45/138b lim: 4 exec/s: 902 rss: 92Mb L: 3/4 MS: 2 ChangeBit-CrossOver-
#947	REDUCE cov: 628 ft: 1094 corp: 45/137b lim: 4 exec/s: 947 rss: 92Mb L: 3/4 MS: 5 ChangeBinInt-CopyPart-ShuffleBytes-CrossOver-EraseBytes-
#958	NEW    cov: 628 ft: 1095 corp: 46/141b lim: 4 exec/s: 958 rss: 92Mb L: 4/4 MS: 1 ChangeBit-
#1009	NEW    cov: 628 ft: 1096 corp: 47/145b lim: 4 exec/s: 1009 rss: 92Mb L: 4/4 MS: 1 ChangeByte-
#1032	REDUCE cov: 628 ft: 1096 corp: 47/144b lim: 4 exec/s: 1032 rss: 92Mb L: 3/4 MS: 3 EraseBytes-CopyPart-CrossOver-
#1033	NEW    cov: 628 ft: 1116 corp: 48/148b lim: 4 exec/s: 1033 rss: 92Mb L: 4/4 MS: 1 CrossOver-
#1073	REDUCE cov: 628 ft: 1116 corp: 48/147b lim: 4 exec/s: 1073 rss: 92Mb L: 3/4 MS: 5 CopyPart-CopyPart-ShuffleBytes-CrossOver-EraseBytes-
#1194	NEW    cov: 628 ft: 1127 corp: 49/151b lim: 4 exec/s: 1194 rss: 92Mb L: 4/4 MS: 1 CrossOver-
#1219	REDUCE cov: 628 ft: 1131 corp: 50/153b lim: 4 exec/s: 1219 rss: 92Mb L: 2/4 MS: 5 ChangeByte-CopyPart-ChangeByte-EraseBytes-ChangeBinInt-
#1244	NEW    cov: 631 ft: 1134 corp: 51/157b lim: 4 exec/s: 1244 rss: 92Mb L: 4/4 MS: 5 ChangeByte-CrossOver-ShuffleBytes-ChangeBit-CrossOver-
#1245	NEW    cov: 633 ft: 1136 corp: 52/161b lim: 4 exec/s: 1245 rss: 92Mb L: 4/4 MS: 1 CrossOver-
#1256	REDUCE cov: 634 ft: 1137 corp: 53/164b lim: 4 exec/s: 1256 rss: 92Mb L: 3/4 MS: 1 InsertByte-
#1288	REDUCE cov: 634 ft: 1137 corp: 53/163b lim: 4 exec/s: 1288 rss: 92Mb L: 3/4 MS: 2 CopyPart-EraseBytes-
#1334	REDUCE cov: 634 ft: 1137 corp: 53/162b lim: 4 exec/s: 1334 rss: 92Mb L: 2/4 MS: 1 EraseBytes-
#1453	REDUCE cov: 639 ft: 1142 corp: 54/166b lim: 4 exec/s: 1453 rss: 92Mb L: 4/4 MS: 4 InsertByte-ChangeBit-PersAutoDict-ChangeByte- DE: "\377\377"-
/app/ipython/IPython/core/inputtransformer2.py:608: UserWarning: `make_tokens_by_line` received a list of lines which do not have lineending markers ('\n', '\r', '\r\n', '\x0b', '\x0c'), behavior will be unspecified
  tokens_by_line = make_tokens_by_line(lines)
#1538	NEW    cov: 687 ft: 1190 corp: 55/170b lim: 4 exec/s: 1538 rss: 92Mb L: 4/4 MS: 5 CopyPart-ChangeBinInt-ChangeBit-ChangeBinInt-ChangeByte-
#1575	NEW    cov: 704 ft: 1315 corp: 56/173b lim: 4 exec/s: 1575 rss: 92Mb L: 3/4 MS: 2 CrossOver-CopyPart-
#1683	NEW    cov: 704 ft: 1317 corp: 57/177b lim: 4 exec/s: 1683 rss: 92Mb L: 4/4 MS: 3 PersAutoDict-ChangeBit-CopyPart- DE: "\377\377"-
#1884	REDUCE cov: 704 ft: 1322 corp: 58/180b lim: 4 exec/s: 1884 rss: 92Mb L: 3/4 MS: 1 CrossOver-
#2105	NEW    cov: 704 ft: 1324 corp: 59/186b lim: 6 exec/s: 2105 rss: 92Mb L: 6/6 MS: 1 CMP- DE: "\001\000"-
#2131	NEW    cov: 704 ft: 1330 corp: 60/191b lim: 6 exec/s: 2131 rss: 92Mb L: 5/6 MS: 1 CopyPart-
#2173	NEW    cov: 704 ft: 1331 corp: 61/196b lim: 6 exec/s: 2173 rss: 92Mb L: 5/6 MS: 2 CopyPart-InsertByte-
#2354	NEW    cov: 704 ft: 1333 corp: 62/201b lim: 6 exec/s: 2354 rss: 92Mb L: 5/6 MS: 1 ChangeByte-
#2444	NEW    cov: 704 ft: 1335 corp: 63/207b lim: 6 exec/s: 2444 rss: 92Mb L: 6/6 MS: 5 PersAutoDict-CrossOver-CMP-CrossOver-ShuffleBytes- DE: "\377\377"-"\000\000"-
#2815	NEW    cov: 704 ft: 1336 corp: 64/213b lim: 8 exec/s: 2815 rss: 92Mb L: 6/6 MS: 1 PersAutoDict- DE: "\001\000"-
#2836	NEW    cov: 704 ft: 1362 corp: 65/220b lim: 8 exec/s: 2836 rss: 92Mb L: 7/7 MS: 1 InsertRepeatedBytes-
#2845	NEW    cov: 705 ft: 1473 corp: 66/228b lim: 8 exec/s: 2845 rss: 92Mb L: 8/8 MS: 4 InsertByte-InsertByte-CrossOver-CopyPart-
#2891	NEW    cov: 705 ft: 1500 corp: 67/236b lim: 8 exec/s: 2891 rss: 92Mb L: 8/8 MS: 1 CrossOver-
#2902	NEW    cov: 705 ft: 1503 corp: 68/244b lim: 8 exec/s: 2902 rss: 92Mb L: 8/8 MS: 1 ChangeBit-
#2993	NEW    cov: 705 ft: 1504 corp: 69/252b lim: 8 exec/s: 2993 rss: 92Mb L: 8/8 MS: 1 ChangeBit-
#3024	NEW    cov: 705 ft: 1505 corp: 70/257b lim: 8 exec/s: 3024 rss: 92Mb L: 5/8 MS: 1 EraseBytes-
#3050	NEW    cov: 705 ft: 1506 corp: 71/262b lim: 8 exec/s: 3050 rss: 92Mb L: 5/8 MS: 1 CopyPart-
#3076	NEW    cov: 708 ft: 1514 corp: 72/268b lim: 8 exec/s: 3076 rss: 92Mb L: 6/8 MS: 1 CrossOver-
#3114	NEW    cov: 708 ft: 1516 corp: 73/274b lim: 8 exec/s: 3114 rss: 92Mb L: 6/8 MS: 3 InsertByte-ChangeBinInt-InsertByte-
#3161	NEW    cov: 708 ft: 1518 corp: 74/280b lim: 8 exec/s: 3161 rss: 92Mb L: 6/8 MS: 2 ChangeBit-ChangeBit-
#3227	NEW    cov: 708 ft: 1521 corp: 75/288b lim: 8 exec/s: 3227 rss: 92Mb L: 8/8 MS: 1 CopyPart-
#3234	NEW    cov: 708 ft: 1522 corp: 76/294b lim: 8 exec/s: 3234 rss: 92Mb L: 6/8 MS: 2 ChangeBit-InsertByte-
#3541	NEW    cov: 708 ft: 1523 corp: 77/302b lim: 11 exec/s: 3541 rss: 92Mb L: 8/8 MS: 2 EraseBytes-PersAutoDict- DE: "\000\000"-
#3565	NEW    cov: 708 ft: 1528 corp: 78/313b lim: 11 exec/s: 3565 rss: 92Mb L: 11/11 MS: 4 ShuffleBytes-InsertRepeatedBytes-ChangeByte-CopyPart-
#3628	NEW    cov: 708 ft: 1529 corp: 79/323b lim: 11 exec/s: 3628 rss: 92Mb L: 10/11 MS: 3 CopyPart-PersAutoDict-CrossOver- DE: "\001\000"-
#3636	NEW    cov: 708 ft: 1533 corp: 80/333b lim: 11 exec/s: 3636 rss: 92Mb L: 10/11 MS: 3 CopyPart-CopyPart-CopyPart-
#3737	REDUCE cov: 708 ft: 1534 corp: 81/344b lim: 11 exec/s: 3737 rss: 92Mb L: 11/11 MS: 1 InsertRepeatedBytes-
#3824	REDUCE cov: 708 ft: 1534 corp: 81/343b lim: 11 exec/s: 3824 rss: 92Mb L: 7/11 MS: 2 ChangeBinInt-EraseBytes-
#3830	NEW    cov: 708 ft: 1535 corp: 82/350b lim: 11 exec/s: 3830 rss: 92Mb L: 7/11 MS: 1 CrossOver-
#3866	NEW    cov: 708 ft: 1537 corp: 83/360b lim: 11 exec/s: 3866 rss: 92Mb L: 10/11 MS: 1 InsertRepeatedBytes-
#3975	NEW    cov: 708 ft: 1541 corp: 84/371b lim: 11 exec/s: 3975 rss: 92Mb L: 11/11 MS: 4 CopyPart-CopyPart-InsertByte-ChangeBit-
#4012	NEW    cov: 708 ft: 1546 corp: 85/379b lim: 11 exec/s: 4012 rss: 92Mb L: 8/11 MS: 2 CrossOver-ChangeBinInt-
#4087	NEW    cov: 712 ft: 1550 corp: 86/389b lim: 11 exec/s: 4087 rss: 92Mb L: 10/11 MS: 5 CrossOver-EraseBytes-ShuffleBytes-PersAutoDict-ChangeBit- DE: "\001\000"-
#4089	REDUCE cov: 712 ft: 1550 corp: 86/388b lim: 11 exec/s: 2044 rss: 92Mb L: 2/11 MS: 2 EraseBytes-CopyPart-
#4096	pulse  cov: 712 ft: 1550 corp: 86/388b lim: 11 exec/s: 2048 rss: 92Mb
#4145	NEW    cov: 712 ft: 1555 corp: 87/399b lim: 11 exec/s: 2072 rss: 92Mb L: 11/11 MS: 1 CrossOver-
#4164	NEW    cov: 712 ft: 1556 corp: 88/409b lim: 11 exec/s: 2082 rss: 92Mb L: 10/11 MS: 4 ChangeBit-CMP-ChangeByte-InsertByte- DE: "\377\377"-
#4259	NEW    cov: 712 ft: 1557 corp: 89/417b lim: 11 exec/s: 2129 rss: 92Mb L: 8/11 MS: 5 ChangeBit-CopyPart-EraseBytes-ChangeByte-CopyPart-
#4395	REDUCE cov: 712 ft: 1557 corp: 89/416b lim: 11 exec/s: 2197 rss: 92Mb L: 5/11 MS: 1 EraseBytes-
#4425	NEW    cov: 712 ft: 1566 corp: 90/424b lim: 11 exec/s: 2212 rss: 92Mb L: 8/11 MS: 5 ChangeBit-EraseBytes-InsertRepeatedBytes-ChangeByte-ChangeByte-
#4686	NEW    cov: 712 ft: 1583 corp: 91/428b lim: 11 exec/s: 2343 rss: 92Mb L: 4/11 MS: 1 CopyPart-
#4717	NEW    cov: 712 ft: 1585 corp: 92/439b lim: 11 exec/s: 2358 rss: 92Mb L: 11/11 MS: 1 CrossOver-
#4751	NEW    cov: 712 ft: 1586 corp: 93/450b lim: 11 exec/s: 2375 rss: 92Mb L: 11/11 MS: 4 ChangeByte-ChangeBinInt-ChangeBinInt-CrossOver-
#4870	NEW    cov: 712 ft: 1587 corp: 94/461b lim: 11 exec/s: 2435 rss: 92Mb L: 11/11 MS: 4 InsertRepeatedBytes-CrossOver-CrossOver-ChangeBinInt-
#4956	NEW    cov: 712 ft: 1589 corp: 95/472b lim: 11 exec/s: 2478 rss: 92Mb L: 11/11 MS: 1 InsertRepeatedBytes-
#4997	NEW    cov: 712 ft: 1593 corp: 96/481b lim: 11 exec/s: 2498 rss: 92Mb L: 9/11 MS: 1 InsertByte-
#5010	NEW    cov: 712 ft: 1596 corp: 97/492b lim: 11 exec/s: 2505 rss: 92Mb L: 11/11 MS: 3 CrossOver-ChangeBit-CrossOver-
#5077	NEW    cov: 712 ft: 1597 corp: 98/503b lim: 11 exec/s: 2538 rss: 92Mb L: 11/11 MS: 2 InsertByte-CopyPart-
#5163	NEW    cov: 712 ft: 1599 corp: 99/511b lim: 11 exec/s: 2581 rss: 92Mb L: 8/11 MS: 1 ChangeBit-
#5249	NEW    cov: 712 ft: 1600 corp: 100/516b lim: 11 exec/s: 2624 rss: 92Mb L: 5/11 MS: 1 ChangeByte-
#5255	NEW    cov: 712 ft: 1604 corp: 101/526b lim: 11 exec/s: 2627 rss: 92Mb L: 10/11 MS: 1 ChangeBinInt-
#5322	NEW    cov: 712 ft: 1607 corp: 102/535b lim: 11 exec/s: 2661 rss: 92Mb L: 9/11 MS: 2 ChangeBit-ChangeByte-
#5423	REDUCE cov: 712 ft: 1607 corp: 102/534b lim: 11 exec/s: 2711 rss: 92Mb L: 3/11 MS: 1 EraseBytes-
#5429	NEW    cov: 712 ft: 1608 corp: 103/540b lim: 11 exec/s: 2714 rss: 92Mb L: 6/11 MS: 1 InsertRepeatedBytes-
#5432	NEW    cov: 712 ft: 1609 corp: 104/547b lim: 11 exec/s: 2716 rss: 92Mb L: 7/11 MS: 3 InsertRepeatedBytes-EraseBytes-ChangeByte-
#5435	NEW    cov: 712 ft: 1610 corp: 105/557b lim: 11 exec/s: 2717 rss: 92Mb L: 10/11 MS: 3 PersAutoDict-ShuffleBytes-PersAutoDict- DE: "\000\000"-"\377\377"-
#5514	NEW    cov: 712 ft: 1611 corp: 106/566b lim: 11 exec/s: 2757 rss: 92Mb L: 9/11 MS: 4 CrossOver-ChangeByte-CrossOver-ChangeByte-
#5581	NEW    cov: 712 ft: 1618 corp: 107/577b lim: 11 exec/s: 2790 rss: 92Mb L: 11/11 MS: 2 InsertRepeatedBytes-CopyPart-
#5582	NEW    cov: 713 ft: 1619 corp: 108/582b lim: 11 exec/s: 2791 rss: 92Mb L: 5/11 MS: 1 InsertByte-
#5846	NEW    cov: 715 ft: 1621 corp: 109/592b lim: 11 exec/s: 2923 rss: 92Mb L: 10/11 MS: 4 ChangeByte-ChangeBinInt-EraseBytes-ShuffleBytes-
#5903	NEW    cov: 715 ft: 1627 corp: 110/597b lim: 11 exec/s: 2951 rss: 92Mb L: 5/11 MS: 2 CrossOver-CopyPart-
#6209	NEW    cov: 715 ft: 1630 corp: 111/604b lim: 14 exec/s: 3104 rss: 92Mb L: 7/11 MS: 1 CopyPart-
#6310	NEW    cov: 715 ft: 1635 corp: 112/617b lim: 14 exec/s: 3155 rss: 92Mb L: 13/13 MS: 1 InsertRepeatedBytes-
#6332	REDUCE cov: 715 ft: 1636 corp: 113/625b lim: 14 exec/s: 3166 rss: 92Mb L: 8/13 MS: 2 InsertByte-ShuffleBytes-
#6390	NEW    cov: 715 ft: 1640 corp: 114/639b lim: 14 exec/s: 3195 rss: 92Mb L: 14/14 MS: 3 ChangeBit-ChangeBinInt-InsertRepeatedBytes-
#6439	NEW    cov: 715 ft: 1641 corp: 115/652b lim: 14 exec/s: 3219 rss: 92Mb L: 13/14 MS: 4 CrossOver-ShuffleBytes-InsertByte-InsertRepeatedBytes-
#6593	NEW    cov: 715 ft: 1643 corp: 116/666b lim: 14 exec/s: 3296 rss: 92Mb L: 14/14 MS: 4 ShuffleBytes-CrossOver-CopyPart-CopyPart-
#6614	NEW    cov: 715 ft: 1647 corp: 117/680b lim: 14 exec/s: 3307 rss: 92Mb L: 14/14 MS: 1 CopyPart-
#6617	REDUCE cov: 715 ft: 1648 corp: 118/684b lim: 14 exec/s: 3308 rss: 92Mb L: 4/14 MS: 3 EraseBytes-CopyPart-ChangeByte-
#6768	NEW    cov: 715 ft: 1653 corp: 119/698b lim: 14 exec/s: 2256 rss: 92Mb L: 14/14 MS: 1 ShuffleBytes-
#6800	NEW    cov: 715 ft: 1656 corp: 120/712b lim: 14 exec/s: 2266 rss: 92Mb L: 14/14 MS: 2 CrossOver-ShuffleBytes-
#6801	REDUCE cov: 715 ft: 1656 corp: 120/711b lim: 14 exec/s: 2267 rss: 92Mb L: 6/14 MS: 1 EraseBytes-
#6829	NEW    cov: 715 ft: 1657 corp: 121/725b lim: 14 exec/s: 2276 rss: 92Mb L: 14/14 MS: 3 ChangeByte-CrossOver-CopyPart-
#6857	NEW    cov: 715 ft: 1659 corp: 122/735b lim: 14 exec/s: 2285 rss: 92Mb L: 10/14 MS: 3 PersAutoDict-ChangeBit-ChangeByte- DE: "\000\000"-
#6889	NEW    cov: 715 ft: 1665 corp: 123/749b lim: 14 exec/s: 2296 rss: 92Mb L: 14/14 MS: 2 CopyPart-InsertRepeatedBytes-
#6952	REDUCE cov: 715 ft: 1665 corp: 123/746b lim: 14 exec/s: 2317 rss: 92Mb L: 11/14 MS: 3 ChangeByte-ChangeByte-EraseBytes-
#6999	NEW    cov: 716 ft: 1666 corp: 124/753b lim: 14 exec/s: 2333 rss: 92Mb L: 7/14 MS: 2 ChangeBit-CrossOver-
#7030	NEW    cov: 716 ft: 1670 corp: 125/759b lim: 14 exec/s: 2343 rss: 92Mb L: 6/14 MS: 1 CopyPart-
#7036	NEW    cov: 716 ft: 1678 corp: 126/769b lim: 14 exec/s: 2345 rss: 92Mb L: 10/14 MS: 1 CrossOver-
#7102	REDUCE cov: 716 ft: 1678 corp: 126/766b lim: 14 exec/s: 2367 rss: 92Mb L: 8/14 MS: 1 EraseBytes-
#7298	REDUCE cov: 716 ft: 1678 corp: 126/764b lim: 14 exec/s: 2432 rss: 92Mb L: 6/14 MS: 1 EraseBytes-
#7474	NEW    cov: 716 ft: 1679 corp: 127/773b lim: 14 exec/s: 2491 rss: 92Mb L: 9/14 MS: 1 EraseBytes-
#7526	NEW    cov: 716 ft: 1681 corp: 128/784b lim: 14 exec/s: 2508 rss: 92Mb L: 11/14 MS: 2 ChangeBit-ChangeBinInt-
#7572	NEW    cov: 717 ft: 1682 corp: 129/798b lim: 14 exec/s: 2524 rss: 92Mb L: 14/14 MS: 1 ShuffleBytes-
#7666	REDUCE cov: 717 ft: 1682 corp: 129/797b lim: 14 exec/s: 2555 rss: 92Mb L: 10/14 MS: 4 CopyPart-ChangeBit-ChangeByte-EraseBytes-
#7732	NEW    cov: 717 ft: 1689 corp: 130/811b lim: 14 exec/s: 2577 rss: 92Mb L: 14/14 MS: 1 CrossOver-
#7809	NEW    cov: 717 ft: 1714 corp: 131/825b lim: 14 exec/s: 2603 rss: 92Mb L: 14/14 MS: 2 CopyPart-CopyPart-
#7839	REDUCE cov: 717 ft: 1714 corp: 131/821b lim: 14 exec/s: 2613 rss: 92Mb L: 7/14 MS: 5 ChangeBinInt-InsertByte-ChangeBinInt-InsertByte-EraseBytes-
#7920	NEW    cov: 717 ft: 1743 corp: 132/834b lim: 14 exec/s: 2640 rss: 92Mb L: 13/14 MS: 1 CopyPart-
#7941	NEW    cov: 717 ft: 1744 corp: 133/847b lim: 14 exec/s: 2647 rss: 92Mb L: 13/14 MS: 1 CopyPart-
#7947	REDUCE cov: 717 ft: 1744 corp: 133/845b lim: 14 exec/s: 2649 rss: 92Mb L: 9/14 MS: 1 EraseBytes-
#8059	NEW    cov: 717 ft: 1746 corp: 134/854b lim: 14 exec/s: 2686 rss: 92Mb L: 9/14 MS: 2 ChangeBit-CopyPart-
#8102	NEW    cov: 717 ft: 1747 corp: 135/866b lim: 14 exec/s: 2700 rss: 92Mb L: 12/14 MS: 3 ChangeByte-InsertByte-ChangeByte-
#8161	NEW    cov: 717 ft: 1748 corp: 136/880b lim: 14 exec/s: 2720 rss: 92Mb L: 14/14 MS: 4 InsertRepeatedBytes-ChangeBit-ChangeBit-ChangeBinInt-
#8192	pulse  cov: 717 ft: 1748 corp: 136/880b lim: 14 exec/s: 2730 rss: 92Mb
#8279	NEW    cov: 717 ft: 1754 corp: 137/893b lim: 14 exec/s: 2759 rss: 92Mb L: 13/14 MS: 3 CopyPart-CrossOver-CrossOver-
#8581	NEW    cov: 717 ft: 1755 corp: 138/900b lim: 14 exec/s: 2860 rss: 92Mb L: 7/14 MS: 2 ChangeBinInt-CopyPart-
#8627	REDUCE cov: 717 ft: 1755 corp: 138/899b lim: 14 exec/s: 2156 rss: 92Mb L: 8/14 MS: 1 EraseBytes-
#8763	REDUCE cov: 717 ft: 1755 corp: 138/898b lim: 14 exec/s: 2190 rss: 92Mb L: 2/14 MS: 1 EraseBytes-
#8805	REDUCE cov: 717 ft: 1755 corp: 138/897b lim: 14 exec/s: 880 rss: 92Mb L: 13/14 MS: 2 ShuffleBytes-EraseBytes-
#8879	REDUCE cov: 717 ft: 1758 corp: 139/910b lim: 14 exec/s: 887 rss: 92Mb L: 13/14 MS: 4 ChangeByte-ShuffleBytes-InsertRepeatedBytes-CrossOver-
#8900	REDUCE cov: 717 ft: 1758 corp: 139/909b lim: 14 exec/s: 890 rss: 92Mb L: 9/14 MS: 1 EraseBytes-
#8932	REDUCE cov: 717 ft: 1758 corp: 139/908b lim: 14 exec/s: 893 rss: 92Mb L: 5/14 MS: 2 CopyPart-EraseBytes-
#8932	DONE   cov: 717 ft: 1758 corp: 139/908b lim: 14 exec/s: 638 rss: 92Mb
###### Recommended dictionary. ######
"\377\377" # Uses: 360
"\001\000" # Uses: 224
"\000\000" # Uses: 191
###### End of recommended dictionary. ######
Done 8932 runs in 14 second(s)
