INFO: Instrumenting black
INFO: Instrumenting json
INFO: Instrumenting json.decoder
INFO: Instrumenting json.scanner
INFO: Instrumenting json.encoder
INFO: Instrumenting platform
INFO: Instrumenting datetime
INFO: Instrumenting click
INFO: Instrumenting __future__
INFO: Instrumenting click.core
INFO: Instrumenting gettext
INFO: Instrumenting click.types
INFO: Instrumenting click._compat
INFO: Instrumenting click.exceptions
INFO: Instrumenting click.globals
INFO: Instrumenting click.utils
INFO: Instrumenting click._utils
INFO: Instrumenting click.formatting
INFO: Instrumenting click.parser
INFO: Instrumenting click.termui
INFO: Instrumenting click.decorators
INFO: Instrumenting mypy_extensions
INFO: Instrumenting pathspec
INFO: Instrumenting pathspec.gitignore
INFO: Instrumenting pathspec.backend
INFO: Instrumenting pathspec._backends
INFO: Instrumenting pathspec._backends.agg
INFO: Instrumenting pathspec.pattern
INFO: Instrumenting pathspec._typing
INFO: Instrumenting pathspec._backends.hyperscan
INFO: Instrumenting pathspec._backends.hyperscan.base
INFO: Instrumenting pathspec._backends.hyperscan.gitignore
INFO: Instrumenting pathspec.patterns
INFO: Instrumenting pathspec.patterns.gitignore
INFO: Instrumenting pathspec.patterns.gitignore.base
INFO: Instrumenting pathspec.patterns.gitignore.basic
INFO: Instrumenting pathspec.util
INFO: Instrumenting pathspec.patterns.gitignore.spec
INFO: Instrumenting pathspec.patterns.gitwildmatch
INFO: Instrumenting pathspec._backends.hyperscan._base
INFO: Instrumenting pathspec._backends.hyperscan.pathspec
INFO: Instrumenting pathspec._backends._utils
INFO: Instrumenting pathspec._backends.re2
INFO: Instrumenting pathspec._backends.re2.base
INFO: Instrumenting pathspec._backends.re2._base
INFO: Instrumenting pathspec._backends.re2.gitignore
INFO: Instrumenting pathspec._backends.re2.pathspec
INFO: Instrumenting pathspec._backends.simple
INFO: Instrumenting pathspec._backends.simple.gitignore
INFO: Instrumenting pathspec._backends.simple.pathspec
INFO: Instrumenting pathspec.pathspec
INFO: Instrumenting pathspec._meta
INFO: Instrumenting pathspec._version
INFO: Instrumenting _black_version
INFO: Instrumenting black.cache
INFO: Instrumenting hashlib
INFO: Instrumenting pickle
INFO: Instrumenting struct
INFO: Instrumenting _compat_pickle
INFO: Instrumenting platformdirs
INFO: Instrumenting platformdirs.api
INFO: Instrumenting platformdirs.version
INFO: Instrumenting platformdirs.unix
INFO: Instrumenting configparser
INFO: Instrumenting black.mode
INFO: Instrumenting black.const
INFO: Instrumenting black.output
INFO: Instrumenting black.comments
INFO: Instrumenting black.nodes
INFO: Instrumenting black.strings
INFO: Instrumenting black._width_table
INFO: Instrumenting blib2to3
INFO: Instrumenting blib2to3.pytree
INFO: Instrumenting blib2to3.pgen2
INFO: Instrumenting blib2to3.pgen2.grammar
INFO: Instrumenting blib2to3.pgen2.token
INFO: Instrumenting blib2to3.pygram
INFO: Instrumenting blib2to3.pgen2.driver
INFO: Instrumenting pkgutil
INFO: Instrumenting importlib.util
WARNING: It looks like this module is imported by a custom loader. Atheris has experimental support for this. However, it may be incompatible with certain libraries. If you experience unusual errors or poor coverage collection, try atheris.instrument_all() instead, add enable_loader_override=False to instrument_imports(), or file an issue on GitHub.
INFO: Instrumenting blib2to3.pgen2.tokenize
INFO: Instrumenting blib2to3.pgen2.parse
INFO: Instrumenting blib2to3.pgen2.pgen
INFO: Instrumenting black.files
INFO: Instrumenting packaging
INFO: Instrumenting packaging.specifiers
INFO: Instrumenting packaging.utils
INFO: Instrumenting packaging.tags
INFO: Instrumenting subprocess
INFO: Instrumenting locale
INFO: Instrumenting _locale
INFO: Instrumenting signal
INFO: Instrumenting selectors
INFO: Instrumenting sysconfig
INFO: Instrumenting packaging._manylinux
INFO: Instrumenting packaging._elffile
INFO: Instrumenting packaging._musllinux
INFO: Instrumenting packaging.version
INFO: Instrumenting packaging._structures
INFO: Instrumenting tomllib
INFO: Instrumenting tomllib._parser
INFO: Instrumenting tomllib._re
INFO: Instrumenting tomllib._types
INFO: Instrumenting black.handle_ipynb_magics
INFO: Instrumenting secrets
INFO: Instrumenting base64
INFO: Instrumenting hmac
INFO: Instrumenting black.report
INFO: Instrumenting black.linegen
INFO: Instrumenting black.brackets
INFO: Instrumenting black.lines
INFO: Instrumenting black.numerics
INFO: Instrumenting black.trans
INFO: Instrumenting black.rusty
INFO: Instrumenting black.parsing
INFO: Instrumenting black.ranges
INFO: Instrumenting difflib
INFO: Instrumenting heapq
INFO: Using built-in libfuzzer
WARNING: Failed to find function "__sanitizer_acquire_crash_state".
WARNING: Failed to find function "__sanitizer_print_stack_trace".
WARNING: Failed to find function "__sanitizer_set_death_callback".
INFO: Running with entropic power schedule (0xFF, 100).
INFO: Seed: 4291513308
INFO: -max_len is not provided; libFuzzer will not generate inputs larger than 4096 bytes
INFO: A corpus is not provided, starting from an empty corpus
#2	INITED cov: 234 ft: 234 corp: 1/1b exec/s: 0 rss: 53Mb
#4	NEW    cov: 457 ft: 677 corp: 2/4b lim: 4 exec/s: 0 rss: 54Mb L: 3/3 MS: 2 CopyPart-CrossOver-
#6	NEW    cov: 460 ft: 683 corp: 3/7b lim: 4 exec/s: 0 rss: 54Mb L: 3/3 MS: 2 ChangeBit-CopyPart-
#15	NEW    cov: 460 ft: 688 corp: 4/10b lim: 4 exec/s: 0 rss: 54Mb L: 3/3 MS: 4 ChangeByte-ShuffleBytes-EraseBytes-InsertByte-
#17	NEW    cov: 474 ft: 704 corp: 5/14b lim: 4 exec/s: 0 rss: 54Mb L: 4/4 MS: 2 InsertByte-ChangeBinInt-
#27	NEW    cov: 474 ft: 937 corp: 6/17b lim: 4 exec/s: 0 rss: 54Mb L: 3/4 MS: 5 ChangeByte-EraseBytes-ShuffleBytes-ChangeBit-InsertByte-
#29	NEW    cov: 480 ft: 1049 corp: 7/21b lim: 4 exec/s: 0 rss: 54Mb L: 4/4 MS: 2 ShuffleBytes-CopyPart-
#30	REDUCE cov: 480 ft: 1049 corp: 7/20b lim: 4 exec/s: 0 rss: 54Mb L: 3/4 MS: 1 EraseBytes-
#36	NEW    cov: 480 ft: 1051 corp: 8/23b lim: 4 exec/s: 0 rss: 54Mb L: 3/4 MS: 1 ChangeBit-
#42	NEW    cov: 486 ft: 1082 corp: 9/27b lim: 4 exec/s: 0 rss: 54Mb L: 4/4 MS: 1 CrossOver-
#78	NEW    cov: 486 ft: 1083 corp: 10/30b lim: 4 exec/s: 0 rss: 54Mb L: 3/4 MS: 1 ChangeBinInt-
#82	NEW    cov: 486 ft: 1085 corp: 11/34b lim: 4 exec/s: 0 rss: 54Mb L: 4/4 MS: 4 CopyPart-CrossOver-CopyPart-ChangeBit-
#89	NEW    cov: 486 ft: 1091 corp: 12/36b lim: 4 exec/s: 0 rss: 54Mb L: 2/4 MS: 2 ShuffleBytes-EraseBytes-
#90	REDUCE cov: 490 ft: 1101 corp: 13/40b lim: 4 exec/s: 0 rss: 54Mb L: 4/4 MS: 1 InsertByte-
#92	NEW    cov: 515 ft: 1392 corp: 14/44b lim: 4 exec/s: 0 rss: 54Mb L: 4/4 MS: 2 InsertByte-ShuffleBytes-
#93	REDUCE cov: 516 ft: 1416 corp: 15/48b lim: 4 exec/s: 0 rss: 54Mb L: 4/4 MS: 1 InsertByte-
#101	NEW    cov: 516 ft: 1419 corp: 16/52b lim: 4 exec/s: 0 rss: 54Mb L: 4/4 MS: 3 CrossOver-CopyPart-ChangeByte-
#137	REDUCE cov: 516 ft: 1419 corp: 16/50b lim: 4 exec/s: 0 rss: 54Mb L: 2/4 MS: 1 EraseBytes-
#151	NEW    cov: 527 ft: 1432 corp: 17/54b lim: 4 exec/s: 0 rss: 54Mb L: 4/4 MS: 4 CopyPart-CrossOver-InsertByte-ChangeBit-
#188	NEW    cov: 527 ft: 1438 corp: 18/56b lim: 4 exec/s: 0 rss: 54Mb L: 2/4 MS: 2 EraseBytes-ChangeBit-
#190	NEW    cov: 527 ft: 1439 corp: 19/60b lim: 4 exec/s: 0 rss: 54Mb L: 4/4 MS: 2 EraseBytes-InsertByte-
#194	REDUCE cov: 527 ft: 1439 corp: 19/58b lim: 4 exec/s: 0 rss: 54Mb L: 2/4 MS: 4 ShuffleBytes-CrossOver-CopyPart-CMP- DE: "\001\000"-
#208	NEW    cov: 527 ft: 1440 corp: 20/61b lim: 4 exec/s: 0 rss: 54Mb L: 3/4 MS: 4 EraseBytes-ShuffleBytes-ChangeASCIIInt-ChangeASCIIInt-
#236	NEW    cov: 527 ft: 1441 corp: 21/65b lim: 4 exec/s: 0 rss: 54Mb L: 4/4 MS: 3 ChangeBinInt-ChangeBinInt-CrossOver-
#241	NEW    cov: 528 ft: 1444 corp: 22/68b lim: 4 exec/s: 0 rss: 54Mb L: 3/4 MS: 5 PersAutoDict-CopyPart-CopyPart-ChangeByte-EraseBytes- DE: "\001\000"-
#252	REDUCE cov: 528 ft: 1444 corp: 22/67b lim: 4 exec/s: 0 rss: 54Mb L: 3/4 MS: 1 EraseBytes-
#290	REDUCE cov: 528 ft: 1444 corp: 22/66b lim: 4 exec/s: 0 rss: 54Mb L: 3/4 MS: 3 CopyPart-ChangeBit-EraseBytes-
#306	NEW    cov: 528 ft: 1447 corp: 23/70b lim: 4 exec/s: 0 rss: 54Mb L: 4/4 MS: 1 ChangeByte-
#344	NEW    cov: 529 ft: 1455 corp: 24/74b lim: 4 exec/s: 0 rss: 54Mb L: 4/4 MS: 3 ChangeASCIIInt-CMP-CopyPart- DE: "if"-
#351	NEW    cov: 542 ft: 1483 corp: 25/78b lim: 4 exec/s: 0 rss: 54Mb L: 4/4 MS: 2 CrossOver-ChangeBinInt-
#358	NEW    cov: 542 ft: 1495 corp: 26/82b lim: 4 exec/s: 0 rss: 54Mb L: 4/4 MS: 2 ShuffleBytes-ShuffleBytes-
#411	REDUCE cov: 586 ft: 1550 corp: 27/85b lim: 4 exec/s: 0 rss: 54Mb L: 3/4 MS: 3 InsertByte-ChangeBinInt-ChangeByte-
#422	NEW    cov: 586 ft: 1561 corp: 28/88b lim: 4 exec/s: 0 rss: 54Mb L: 3/4 MS: 1 ChangeBit-
#430	REDUCE cov: 586 ft: 1561 corp: 28/86b lim: 4 exec/s: 0 rss: 54Mb L: 2/4 MS: 3 ChangeBit-EraseBytes-EraseBytes-
#476	NEW    cov: 586 ft: 1572 corp: 29/89b lim: 4 exec/s: 0 rss: 54Mb L: 3/4 MS: 1 ChangeBit-
#525	NEW    cov: 630 ft: 1678 corp: 30/93b lim: 4 exec/s: 0 rss: 54Mb L: 4/4 MS: 4 CrossOver-InsertByte-InsertByte-PersAutoDict- DE: "if"-
#533	NEW    cov: 630 ft: 1680 corp: 31/97b lim: 4 exec/s: 0 rss: 54Mb L: 4/4 MS: 3 ChangeBit-CrossOver-ChangeBit-
#538	NEW    cov: 630 ft: 1685 corp: 32/100b lim: 4 exec/s: 0 rss: 54Mb L: 3/4 MS: 5 ChangeBit-EraseBytes-CrossOver-ChangeBinInt-CrossOver-
#565	REDUCE cov: 630 ft: 1685 corp: 32/99b lim: 4 exec/s: 0 rss: 54Mb L: 2/4 MS: 2 ChangeBit-EraseBytes-
#588	NEW    cov: 630 ft: 1686 corp: 33/103b lim: 4 exec/s: 0 rss: 54Mb L: 4/4 MS: 3 CopyPart-ChangeByte-CMP- DE: "for"-
#595	NEW    cov: 630 ft: 1696 corp: 34/106b lim: 4 exec/s: 0 rss: 54Mb L: 3/4 MS: 2 EraseBytes-ChangeByte-
#616	NEW    cov: 635 ft: 1726 corp: 35/110b lim: 4 exec/s: 0 rss: 54Mb L: 4/4 MS: 1 ChangeByte-
#622	NEW    cov: 635 ft: 1727 corp: 36/114b lim: 4 exec/s: 0 rss: 54Mb L: 4/4 MS: 1 CopyPart-
#656	REDUCE cov: 635 ft: 1727 corp: 36/113b lim: 4 exec/s: 656 rss: 54Mb L: 3/4 MS: 4 CopyPart-ChangeASCIIInt-EraseBytes-CopyPart-
#685	NEW    cov: 635 ft: 1728 corp: 37/117b lim: 4 exec/s: 685 rss: 54Mb L: 4/4 MS: 4 CopyPart-CrossOver-ChangeBit-CrossOver-
#691	NEW    cov: 635 ft: 1729 corp: 38/121b lim: 4 exec/s: 691 rss: 54Mb L: 4/4 MS: 1 CrossOver-
#709	REDUCE cov: 635 ft: 1729 corp: 38/120b lim: 4 exec/s: 709 rss: 54Mb L: 3/4 MS: 3 ChangeByte-ShuffleBytes-EraseBytes-
#710	NEW    cov: 654 ft: 1777 corp: 39/123b lim: 4 exec/s: 710 rss: 54Mb L: 3/4 MS: 1 ChangeBit-
#727	NEW    cov: 654 ft: 1778 corp: 40/127b lim: 4 exec/s: 727 rss: 54Mb L: 4/4 MS: 2 ChangeBit-ChangeByte-
#737	NEW    cov: 656 ft: 1782 corp: 41/130b lim: 4 exec/s: 737 rss: 54Mb L: 3/4 MS: 5 ChangeBinInt-EraseBytes-EraseBytes-ChangeByte-PersAutoDict- DE: "if"-
#758	NEW    cov: 692 ft: 1837 corp: 42/134b lim: 4 exec/s: 758 rss: 54Mb L: 4/4 MS: 1 ChangeBit-
#841	NEW    cov: 692 ft: 1838 corp: 43/138b lim: 4 exec/s: 841 rss: 54Mb L: 4/4 MS: 3 ChangeBit-InsertByte-ChangeBinInt-
#937	NEW    cov: 765 ft: 1915 corp: 44/142b lim: 4 exec/s: 937 rss: 54Mb L: 4/4 MS: 1 CopyPart-
#1023	NEW    cov: 765 ft: 1918 corp: 45/146b lim: 4 exec/s: 1023 rss: 54Mb L: 4/4 MS: 1 CopyPart-
#1057	NEW    cov: 765 ft: 1926 corp: 46/150b lim: 4 exec/s: 1057 rss: 54Mb L: 4/4 MS: 4 ChangeBinInt-CrossOver-ChangeBit-ShuffleBytes-
#1135	NEW    cov: 765 ft: 1927 corp: 47/153b lim: 4 exec/s: 1135 rss: 54Mb L: 3/4 MS: 3 CopyPart-ChangeBit-CrossOver-
#1153	NEW    cov: 765 ft: 1929 corp: 48/157b lim: 4 exec/s: 1153 rss: 54Mb L: 4/4 MS: 3 PersAutoDict-ChangeBit-CrossOver- DE: "if"-
#1255	NEW    cov: 765 ft: 1941 corp: 49/161b lim: 4 exec/s: 1255 rss: 54Mb L: 4/4 MS: 2 CopyPart-ShuffleBytes-
#1294	NEW    cov: 765 ft: 1942 corp: 50/165b lim: 4 exec/s: 1294 rss: 54Mb L: 4/4 MS: 4 EraseBytes-CrossOver-CrossOver-CMP- DE: "\352\253\227"-
#1330	NEW    cov: 796 ft: 2025 corp: 51/169b lim: 4 exec/s: 1330 rss: 54Mb L: 4/4 MS: 1 CopyPart-
#1358	NEW    cov: 796 ft: 2033 corp: 52/173b lim: 4 exec/s: 1358 rss: 54Mb L: 4/4 MS: 3 ChangeBit-CopyPart-ShuffleBytes-
#1434	NEW    cov: 799 ft: 2036 corp: 53/177b lim: 4 exec/s: 1434 rss: 54Mb L: 4/4 MS: 1 ChangeBinInt-
#1474	NEW    cov: 850 ft: 2099 corp: 54/181b lim: 4 exec/s: 737 rss: 54Mb L: 4/4 MS: 5 CrossOver-CrossOver-CrossOver-ShuffleBytes-InsertByte-
#1608	NEW    cov: 850 ft: 2102 corp: 55/185b lim: 4 exec/s: 804 rss: 54Mb L: 4/4 MS: 4 CrossOver-CopyPart-InsertByte-CrossOver-
#1667	NEW    cov: 854 ft: 2106 corp: 56/188b lim: 4 exec/s: 833 rss: 54Mb L: 3/4 MS: 4 EraseBytes-ChangeBinInt-InsertByte-ChangeBinInt-
#1878	NEW    cov: 861 ft: 2120 corp: 57/192b lim: 6 exec/s: 939 rss: 54Mb L: 4/4 MS: 1 ChangeBinInt-
#1932	NEW    cov: 861 ft: 2122 corp: 58/197b lim: 6 exec/s: 966 rss: 54Mb L: 5/5 MS: 4 EraseBytes-ShuffleBytes-EraseBytes-InsertRepeatedBytes-
#1950	NEW    cov: 861 ft: 2124 corp: 59/202b lim: 6 exec/s: 975 rss: 54Mb L: 5/5 MS: 3 InsertByte-ChangeBinInt-CrossOver-
#1987	NEW    cov: 861 ft: 2131 corp: 60/207b lim: 6 exec/s: 993 rss: 54Mb L: 5/5 MS: 2 InsertByte-CopyPart-
#2048	pulse  cov: 861 ft: 2131 corp: 60/207b lim: 6 exec/s: 1024 rss: 54Mb
#2082	NEW    cov: 863 ft: 2133 corp: 61/210b lim: 6 exec/s: 1041 rss: 54Mb L: 3/5 MS: 5 ChangeByte-EraseBytes-InsertByte-ChangeBinInt-ChangeBit-
#2133	NEW    cov: 863 ft: 2135 corp: 62/214b lim: 6 exec/s: 1066 rss: 54Mb L: 4/5 MS: 1 ChangeBinInt-
#2177	NEW    cov: 863 ft: 2148 corp: 63/220b lim: 6 exec/s: 725 rss: 54Mb L: 6/6 MS: 4 PersAutoDict-CopyPart-ChangeBinInt-ChangeByte- DE: "if"-
#2189	NEW    cov: 863 ft: 2150 corp: 64/226b lim: 6 exec/s: 729 rss: 54Mb L: 6/6 MS: 2 CMP-ShuffleBytes- DE: "\000\000"-
#2210	NEW    cov: 863 ft: 2151 corp: 65/232b lim: 6 exec/s: 736 rss: 54Mb L: 6/6 MS: 1 CrossOver-
#2372	NEW    cov: 863 ft: 2152 corp: 66/236b lim: 6 exec/s: 790 rss: 54Mb L: 4/6 MS: 2 ChangeByte-CMP- DE: "WW"-
#2423	NEW    cov: 863 ft: 2177 corp: 67/242b lim: 6 exec/s: 807 rss: 54Mb L: 6/6 MS: 1 CopyPart-
#2593	NEW    cov: 878 ft: 2208 corp: 68/247b lim: 6 exec/s: 864 rss: 54Mb L: 5/6 MS: 5 ShuffleBytes-ChangeBinInt-CrossOver-CMP-InsertByte- DE: "for"-
#2645	NEW    cov: 878 ft: 2209 corp: 69/252b lim: 6 exec/s: 881 rss: 54Mb L: 5/6 MS: 2 ChangeBit-ChangeByte-
#2721	REDUCE cov: 878 ft: 2209 corp: 69/251b lim: 6 exec/s: 907 rss: 54Mb L: 3/6 MS: 1 EraseBytes-
#2924	NEW    cov: 878 ft: 2211 corp: 70/256b lim: 6 exec/s: 974 rss: 54Mb L: 5/6 MS: 3 ChangeByte-InsertByte-ShuffleBytes-
#2970	NEW    cov: 878 ft: 2237 corp: 71/262b lim: 6 exec/s: 990 rss: 54Mb L: 6/6 MS: 1 CrossOver-
#3013	NEW    cov: 889 ft: 2277 corp: 72/267b lim: 6 exec/s: 753 rss: 54Mb L: 5/6 MS: 3 ChangeBit-ChangeByte-CopyPart-
#3015	NEW    cov: 889 ft: 2279 corp: 73/273b lim: 6 exec/s: 753 rss: 54Mb L: 6/6 MS: 2 InsertByte-CopyPart-
#3031	NEW    cov: 890 ft: 2280 corp: 74/277b lim: 6 exec/s: 757 rss: 54Mb L: 4/6 MS: 1 ChangeBit-
#3156	REDUCE cov: 890 ft: 2280 corp: 74/276b lim: 6 exec/s: 789 rss: 54Mb L: 3/6 MS: 5 ChangeBit-CopyPart-CopyPart-ChangeBit-EraseBytes-
#3162	NEW    cov: 890 ft: 2281 corp: 75/278b lim: 6 exec/s: 790 rss: 54Mb L: 2/6 MS: 1 EraseBytes-
#3177	REDUCE cov: 891 ft: 2282 corp: 76/284b lim: 6 exec/s: 794 rss: 54Mb L: 6/6 MS: 5 CMP-ShuffleBytes-ChangeBinInt-ShuffleBytes-ChangeBinInt- DE: "\357\222\212"-
#3196	REDUCE cov: 891 ft: 2320 corp: 77/290b lim: 6 exec/s: 799 rss: 54Mb L: 6/6 MS: 4 ShuffleBytes-PersAutoDict-ShuffleBytes-InsertByte- DE: "if"-
#3337	NEW    cov: 893 ft: 2402 corp: 78/296b lim: 6 exec/s: 834 rss: 54Mb L: 6/6 MS: 1 CopyPart-
#3341	NEW    cov: 893 ft: 2403 corp: 79/302b lim: 6 exec/s: 835 rss: 54Mb L: 6/6 MS: 4 CrossOver-PersAutoDict-ChangeBinInt-CrossOver- DE: "\001\000"-
#3507	REDUCE cov: 893 ft: 2403 corp: 79/301b lim: 6 exec/s: 876 rss: 54Mb L: 2/6 MS: 1 EraseBytes-
#3539	NEW    cov: 893 ft: 2404 corp: 80/305b lim: 6 exec/s: 884 rss: 54Mb L: 4/6 MS: 2 ChangeBinInt-ChangeBinInt-
#3585	NEW    cov: 899 ft: 2433 corp: 81/310b lim: 6 exec/s: 896 rss: 54Mb L: 5/6 MS: 1 InsertByte-
#3601	REDUCE cov: 899 ft: 2433 corp: 81/309b lim: 6 exec/s: 900 rss: 54Mb L: 3/6 MS: 1 EraseBytes-
#3648	NEW    cov: 900 ft: 2435 corp: 82/314b lim: 6 exec/s: 912 rss: 54Mb L: 5/6 MS: 2 InsertByte-ChangeBinInt-
#3705	NEW    cov: 901 ft: 2496 corp: 83/320b lim: 6 exec/s: 926 rss: 54Mb L: 6/6 MS: 2 InsertByte-CrossOver-
#3746	NEW    cov: 901 ft: 2497 corp: 84/325b lim: 6 exec/s: 936 rss: 54Mb L: 5/6 MS: 1 InsertByte-
#3872	NEW    cov: 901 ft: 2500 corp: 85/330b lim: 6 exec/s: 774 rss: 54Mb L: 5/6 MS: 1 ShuffleBytes-
#3913	NEW    cov: 901 ft: 2517 corp: 86/336b lim: 6 exec/s: 782 rss: 54Mb L: 6/6 MS: 1 ChangeBinInt-
#4090	REDUCE cov: 901 ft: 2517 corp: 86/335b lim: 6 exec/s: 818 rss: 54Mb L: 3/6 MS: 2 ChangeASCIIInt-EraseBytes-
#4096	pulse  cov: 901 ft: 2517 corp: 86/335b lim: 6 exec/s: 819 rss: 54Mb
#4148	NEW    cov: 901 ft: 2520 corp: 87/340b lim: 6 exec/s: 829 rss: 54Mb L: 5/6 MS: 3 ChangeByte-ShuffleBytes-CrossOver-
#4220	REDUCE cov: 901 ft: 2520 corp: 87/339b lim: 6 exec/s: 844 rss: 54Mb L: 4/6 MS: 2 ChangeBinInt-EraseBytes-
#4254	NEW    cov: 901 ft: 2525 corp: 88/345b lim: 6 exec/s: 850 rss: 54Mb L: 6/6 MS: 4 CopyPart-ChangeByte-ChangeByte-CopyPart-
#4364	NEW    cov: 901 ft: 2526 corp: 89/350b lim: 6 exec/s: 872 rss: 54Mb L: 5/6 MS: 5 CrossOver-PersAutoDict-ShuffleBytes-InsertByte-ChangeByte- DE: "for"-
#4420	NEW    cov: 903 ft: 2543 corp: 90/356b lim: 6 exec/s: 884 rss: 54Mb L: 6/6 MS: 1 CopyPart-
#4629	NEW    cov: 903 ft: 2544 corp: 91/364b lim: 8 exec/s: 771 rss: 54Mb L: 8/8 MS: 4 ChangeBit-PersAutoDict-ShuffleBytes-CMP- DE: "if"-"\346\231\251\346\276\235"-
#4662	REDUCE cov: 903 ft: 2544 corp: 91/363b lim: 8 exec/s: 777 rss: 54Mb L: 3/8 MS: 3 ChangeBit-ShuffleBytes-EraseBytes-
#4788	NEW    cov: 904 ft: 2562 corp: 92/371b lim: 8 exec/s: 798 rss: 54Mb L: 8/8 MS: 1 InsertRepeatedBytes-
#4844	REDUCE cov: 904 ft: 2562 corp: 92/370b lim: 8 exec/s: 807 rss: 54Mb L: 5/8 MS: 1 EraseBytes-
#4976	NEW    cov: 910 ft: 2582 corp: 93/375b lim: 8 exec/s: 829 rss: 54Mb L: 5/8 MS: 2 ChangeByte-ShuffleBytes-
#5112	NEW    cov: 910 ft: 2587 corp: 94/383b lim: 8 exec/s: 852 rss: 54Mb L: 8/8 MS: 1 ChangeBinInt-
#5139	NEW    cov: 910 ft: 2589 corp: 95/391b lim: 8 exec/s: 856 rss: 54Mb L: 8/8 MS: 2 InsertByte-CopyPart-
#5210	NEW    cov: 910 ft: 2590 corp: 96/399b lim: 8 exec/s: 868 rss: 54Mb L: 8/8 MS: 1 CopyPart-
#5317	REDUCE cov: 910 ft: 2591 corp: 97/405b lim: 8 exec/s: 759 rss: 54Mb L: 6/8 MS: 2 ChangeBit-InsertByte-
#5365	NEW    cov: 970 ft: 2689 corp: 98/413b lim: 8 exec/s: 766 rss: 54Mb L: 8/8 MS: 3 CrossOver-ShuffleBytes-ShuffleBytes-
#5374	NEW    cov: 970 ft: 2691 corp: 99/421b lim: 8 exec/s: 767 rss: 54Mb L: 8/8 MS: 4 ChangeBit-EraseBytes-PersAutoDict-InsertRepeatedBytes- DE: "if"-
#5431	NEW    cov: 972 ft: 2725 corp: 100/429b lim: 8 exec/s: 775 rss: 54Mb L: 8/8 MS: 2 ShuffleBytes-ShuffleBytes-
#5501	NEW    cov: 972 ft: 2726 corp: 101/437b lim: 8 exec/s: 785 rss: 54Mb L: 8/8 MS: 5 PersAutoDict-ChangeBit-EraseBytes-CopyPart-InsertRepeatedBytes- DE: "\001\000"-
#5502	REDUCE cov: 972 ft: 2726 corp: 101/436b lim: 8 exec/s: 786 rss: 54Mb L: 5/8 MS: 1 EraseBytes-
#5759	NEW    cov: 978 ft: 2765 corp: 102/444b lim: 8 exec/s: 822 rss: 54Mb L: 8/8 MS: 2 CopyPart-ShuffleBytes-
#5806	NEW    cov: 978 ft: 2768 corp: 103/450b lim: 8 exec/s: 829 rss: 54Mb L: 6/8 MS: 2 ShuffleBytes-ShuffleBytes-
#5813	NEW    cov: 979 ft: 2769 corp: 104/457b lim: 8 exec/s: 830 rss: 54Mb L: 7/8 MS: 2 InsertByte-ChangeBinInt-
#5814	NEW    cov: 979 ft: 2788 corp: 105/460b lim: 8 exec/s: 830 rss: 54Mb L: 3/8 MS: 1 CrossOver-
#5922	NEW    cov: 979 ft: 2792 corp: 106/468b lim: 8 exec/s: 846 rss: 54Mb L: 8/8 MS: 3 ChangeByte-InsertByte-CopyPart-
#5967	NEW    cov: 983 ft: 2804 corp: 107/476b lim: 8 exec/s: 852 rss: 54Mb L: 8/8 MS: 5 ChangeByte-ChangeBit-PersAutoDict-ChangeBinInt-CopyPart- DE: "\352\253\227"-
#6003	REDUCE cov: 983 ft: 2804 corp: 107/473b lim: 8 exec/s: 857 rss: 54Mb L: 5/8 MS: 1 EraseBytes-
#6051	NEW    cov: 983 ft: 2808 corp: 108/480b lim: 8 exec/s: 864 rss: 54Mb L: 7/8 MS: 3 EraseBytes-ChangeByte-InsertRepeatedBytes-
#6113	NEW    cov: 983 ft: 2810 corp: 109/487b lim: 8 exec/s: 764 rss: 54Mb L: 7/8 MS: 2 ChangeByte-InsertRepeatedBytes-
#6119	REDUCE cov: 983 ft: 2811 corp: 110/495b lim: 8 exec/s: 764 rss: 54Mb L: 8/8 MS: 1 InsertRepeatedBytes-
#6188	REDUCE cov: 987 ft: 2815 corp: 111/499b lim: 8 exec/s: 773 rss: 54Mb L: 4/8 MS: 4 ChangeByte-ChangeBinInt-CrossOver-ChangeByte-
#6361	NEW    cov: 988 ft: 2816 corp: 112/505b lim: 8 exec/s: 795 rss: 54Mb L: 6/8 MS: 3 InsertByte-CrossOver-ChangeBit-
#6537	NEW    cov: 988 ft: 2817 corp: 113/511b lim: 8 exec/s: 817 rss: 54Mb L: 6/8 MS: 1 EraseBytes-
#6603	NEW    cov: 988 ft: 2821 corp: 114/518b lim: 8 exec/s: 825 rss: 54Mb L: 7/8 MS: 1 ShuffleBytes-
#6632	NEW    cov: 988 ft: 2824 corp: 115/526b lim: 8 exec/s: 829 rss: 54Mb L: 8/8 MS: 4 ShuffleBytes-ChangeBit-CrossOver-CrossOver-
#6718	REDUCE cov: 988 ft: 2824 corp: 115/525b lim: 8 exec/s: 839 rss: 54Mb L: 5/8 MS: 1 EraseBytes-
#6861	REDUCE cov: 993 ft: 2829 corp: 116/533b lim: 8 exec/s: 762 rss: 54Mb L: 8/8 MS: 3 ChangeBit-PersAutoDict-InsertRepeatedBytes- DE: "WW"-
#6940	NEW    cov: 996 ft: 2856 corp: 117/541b lim: 8 exec/s: 771 rss: 54Mb L: 8/8 MS: 4 ChangeBit-CrossOver-CrossOver-ChangeByte-
#7276	NEW    cov: 997 ft: 2872 corp: 118/550b lim: 11 exec/s: 808 rss: 54Mb L: 9/9 MS: 1 CrossOver-
#7332	NEW    cov: 997 ft: 2933 corp: 119/560b lim: 11 exec/s: 814 rss: 54Mb L: 10/10 MS: 1 CopyPart-
#7339	NEW    cov: 997 ft: 2935 corp: 120/571b lim: 11 exec/s: 815 rss: 54Mb L: 11/11 MS: 2 CopyPart-CrossOver-
#7854	NEW    cov: 997 ft: 2939 corp: 121/580b lim: 14 exec/s: 785 rss: 54Mb L: 9/11 MS: 5 ChangeByte-ChangeBit-EraseBytes-ChangeByte-CopyPart-
#8095	REDUCE cov: 997 ft: 2939 corp: 121/579b lim: 14 exec/s: 809 rss: 54Mb L: 7/11 MS: 1 CrossOver-
#8151	REDUCE cov: 997 ft: 2939 corp: 121/578b lim: 14 exec/s: 815 rss: 54Mb L: 4/11 MS: 1 EraseBytes-
#8192	pulse  cov: 997 ft: 2939 corp: 121/578b lim: 14 exec/s: 819 rss: 54Mb
#8231	NEW    cov: 997 ft: 2944 corp: 122/592b lim: 14 exec/s: 823 rss: 54Mb L: 14/14 MS: 5 InsertRepeatedBytes-CrossOver-ShuffleBytes-ChangeBit-PersAutoDict- DE: "for"-
#8268	NEW    cov: 997 ft: 2945 corp: 123/605b lim: 14 exec/s: 826 rss: 54Mb L: 13/14 MS: 2 CrossOver-InsertRepeatedBytes-
#8293	DONE   cov: 997 ft: 2945 corp: 123/605b lim: 14 exec/s: 753 rss: 54Mb
###### Recommended dictionary. ######
"\001\000" # Uses: 120
"if" # Uses: 133
"for" # Uses: 80
"\352\253\227" # Uses: 84
"\000\000" # Uses: 79
"WW" # Uses: 73
"\357\222\212" # Uses: 49
"\346\231\251\346\276\235" # Uses: 7
###### End of recommended dictionary. ######
Done 8293 runs in 11 second(s)
