INFO: Instrumenting 5172 functions...
INFO: Using built-in libfuzzer
WARNING: Failed to find function "__sanitizer_acquire_crash_state".
WARNING: Failed to find function "__sanitizer_print_stack_trace".
WARNING: Failed to find function "__sanitizer_set_death_callback".
INFO: Running with entropic power schedule (0xFF, 100).
INFO: Seed: 3640679687
INFO: -max_len is not provided; libFuzzer will not generate inputs larger than 4096 bytes
INFO: A corpus is not provided, starting from an empty corpus
#2	INITED cov: 289 ft: 289 corp: 1/1b exec/s: 0 rss: 59Mb
#6	NEW    cov: 506 ft: 763 corp: 2/3b lim: 4 exec/s: 0 rss: 59Mb L: 2/2 MS: 4 CopyPart-ChangeByte-CopyPart-InsertByte-
#7	NEW    cov: 513 ft: 835 corp: 3/6b lim: 4 exec/s: 0 rss: 59Mb L: 3/3 MS: 1 InsertByte-
#8	NEW    cov: 513 ft: 837 corp: 4/8b lim: 4 exec/s: 0 rss: 59Mb L: 2/3 MS: 1 CrossOver-
#9	NEW    cov: 513 ft: 838 corp: 5/10b lim: 4 exec/s: 0 rss: 59Mb L: 2/3 MS: 1 EraseBytes-
#15	NEW    cov: 515 ft: 877 corp: 6/12b lim: 4 exec/s: 0 rss: 59Mb L: 2/3 MS: 1 ChangeByte-
#18	NEW    cov: 515 ft: 880 corp: 7/15b lim: 4 exec/s: 0 rss: 59Mb L: 3/3 MS: 3 ShuffleBytes-ShuffleBytes-CrossOver-
#35	NEW    cov: 515 ft: 916 corp: 8/18b lim: 4 exec/s: 0 rss: 59Mb L: 3/3 MS: 2 ChangeByte-ChangeByte-
#44	NEW    cov: 525 ft: 926 corp: 9/21b lim: 4 exec/s: 0 rss: 59Mb L: 3/3 MS: 4 CrossOver-CrossOver-CopyPart-ChangeBinInt-
#45	NEW    cov: 528 ft: 929 corp: 10/23b lim: 4 exec/s: 0 rss: 59Mb L: 2/3 MS: 1 ChangeBinInt-
#56	NEW    cov: 528 ft: 933 corp: 11/25b lim: 4 exec/s: 0 rss: 59Mb L: 2/3 MS: 1 ChangeByte-
#59	NEW    cov: 528 ft: 942 corp: 12/28b lim: 4 exec/s: 0 rss: 59Mb L: 3/3 MS: 3 ShuffleBytes-ChangeBit-CopyPart-
#68	NEW    cov: 531 ft: 948 corp: 13/31b lim: 4 exec/s: 0 rss: 59Mb L: 3/3 MS: 4 ChangeByte-ChangeByte-CopyPart-ChangeByte-
#69	NEW    cov: 531 ft: 951 corp: 14/34b lim: 4 exec/s: 0 rss: 59Mb L: 3/3 MS: 1 InsertByte-
#72	NEW    cov: 547 ft: 1141 corp: 15/36b lim: 4 exec/s: 0 rss: 59Mb L: 2/3 MS: 3 ChangeBinInt-ShuffleBytes-ChangeByte-
#75	NEW    cov: 547 ft: 1144 corp: 16/40b lim: 4 exec/s: 0 rss: 59Mb L: 4/4 MS: 3 CrossOver-CopyPart-ChangeByte-
#113	NEW    cov: 547 ft: 1147 corp: 17/43b lim: 4 exec/s: 0 rss: 59Mb L: 3/4 MS: 3 ChangeBit-InsertByte-CMP- DE: "\352\201\276"-
#116	NEW    cov: 547 ft: 1148 corp: 18/46b lim: 4 exec/s: 0 rss: 59Mb L: 3/4 MS: 3 ChangeBit-ChangeByte-InsertByte-
#119	NEW    cov: 560 ft: 1163 corp: 19/48b lim: 4 exec/s: 0 rss: 59Mb L: 2/4 MS: 3 ChangeByte-ShuffleBytes-ChangeByte-
#186	NEW    cov: 560 ft: 1164 corp: 20/50b lim: 4 exec/s: 0 rss: 59Mb L: 2/4 MS: 2 EraseBytes-InsertByte-
#234	NEW    cov: 560 ft: 1166 corp: 21/53b lim: 4 exec/s: 0 rss: 59Mb L: 3/4 MS: 3 ChangeBit-ShuffleBytes-ChangeBinInt-
#254	NEW    cov: 560 ft: 1175 corp: 22/56b lim: 4 exec/s: 0 rss: 59Mb L: 3/4 MS: 5 ShuffleBytes-CrossOver-ChangeBit-InsertByte-ShuffleBytes-
#255	NEW    cov: 561 ft: 1177 corp: 23/58b lim: 4 exec/s: 0 rss: 59Mb L: 2/4 MS: 1 ChangeBinInt-
#272	NEW    cov: 571 ft: 1187 corp: 24/62b lim: 4 exec/s: 0 rss: 59Mb L: 4/4 MS: 2 InsertByte-ChangeBinInt-
#274	NEW    cov: 571 ft: 1188 corp: 25/65b lim: 4 exec/s: 0 rss: 59Mb L: 3/4 MS: 2 CopyPart-ChangeByte-
#323	NEW    cov: 584 ft: 1295 corp: 26/68b lim: 4 exec/s: 0 rss: 59Mb L: 3/4 MS: 4 ChangeByte-ChangeByte-ChangeByte-ShuffleBytes-
#342	NEW    cov: 585 ft: 1313 corp: 27/72b lim: 4 exec/s: 0 rss: 59Mb L: 4/4 MS: 4 InsertByte-InsertByte-CopyPart-ChangeBinInt-
#343	NEW    cov: 585 ft: 1323 corp: 28/76b lim: 4 exec/s: 0 rss: 59Mb L: 4/4 MS: 1 CrossOver-
#359	NEW    cov: 586 ft: 1336 corp: 29/80b lim: 4 exec/s: 0 rss: 59Mb L: 4/4 MS: 1 CopyPart-
#415	NEW    cov: 586 ft: 1346 corp: 30/84b lim: 4 exec/s: 0 rss: 59Mb L: 4/4 MS: 1 ChangeByte-
#474	NEW    cov: 586 ft: 1349 corp: 31/88b lim: 4 exec/s: 0 rss: 59Mb L: 4/4 MS: 4 ShuffleBytes-CopyPart-ChangeBit-CrossOver-
#484	NEW    cov: 586 ft: 1356 corp: 32/91b lim: 4 exec/s: 0 rss: 59Mb L: 3/4 MS: 5 ShuffleBytes-EraseBytes-ChangeBit-CopyPart-ShuffleBytes-
#496	NEW    cov: 623 ft: 1394 corp: 33/95b lim: 4 exec/s: 0 rss: 59Mb L: 4/4 MS: 2 CrossOver-ChangeByte-
#542	REDUCE cov: 623 ft: 1394 corp: 33/94b lim: 4 exec/s: 0 rss: 59Mb L: 3/4 MS: 1 EraseBytes-
#543	REDUCE cov: 623 ft: 1394 corp: 33/93b lim: 4 exec/s: 0 rss: 59Mb L: 2/4 MS: 1 EraseBytes-
#551	NEW    cov: 632 ft: 1485 corp: 34/97b lim: 4 exec/s: 0 rss: 59Mb L: 4/4 MS: 3 CopyPart-ChangeByte-ShuffleBytes-
#586	NEW    cov: 1066 ft: 1921 corp: 35/101b lim: 4 exec/s: 0 rss: 59Mb L: 4/4 MS: 5 EraseBytes-ChangeBit-ChangeBit-ShuffleBytes-CrossOver-
#642	NEW    cov: 1066 ft: 1925 corp: 36/105b lim: 4 exec/s: 0 rss: 59Mb L: 4/4 MS: 1 ChangeByte-
#660	NEW    cov: 1066 ft: 1928 corp: 37/109b lim: 4 exec/s: 0 rss: 59Mb L: 4/4 MS: 3 ShuffleBytes-ShuffleBytes-CopyPart-
#669	NEW    cov: 1066 ft: 1931 corp: 38/113b lim: 4 exec/s: 0 rss: 59Mb L: 4/4 MS: 4 ChangeBit-InsertByte-CopyPart-InsertByte-
#810	NEW    cov: 1075 ft: 1956 corp: 39/117b lim: 4 exec/s: 0 rss: 59Mb L: 4/4 MS: 1 CopyPart-
#811	NEW    cov: 1110 ft: 2070 corp: 40/121b lim: 4 exec/s: 0 rss: 59Mb L: 4/4 MS: 1 CopyPart-
#851	NEW    cov: 1168 ft: 2407 corp: 41/125b lim: 4 exec/s: 0 rss: 59Mb L: 4/4 MS: 5 InsertByte-ChangeBit-ChangeBinInt-ChangeBit-InsertByte-
#908	NEW    cov: 1168 ft: 2408 corp: 42/129b lim: 4 exec/s: 0 rss: 59Mb L: 4/4 MS: 2 ChangeByte-CrossOver-
#915	REDUCE cov: 1168 ft: 2408 corp: 42/128b lim: 4 exec/s: 0 rss: 59Mb L: 2/4 MS: 2 ShuffleBytes-EraseBytes-
#917	NEW    cov: 1168 ft: 2409 corp: 43/132b lim: 4 exec/s: 0 rss: 59Mb L: 4/4 MS: 2 ChangeBit-ShuffleBytes-
#983	NEW    cov: 1177 ft: 2431 corp: 44/136b lim: 4 exec/s: 0 rss: 59Mb L: 4/4 MS: 1 CopyPart-
#1023	NEW    cov: 1177 ft: 2458 corp: 45/140b lim: 4 exec/s: 0 rss: 59Mb L: 4/4 MS: 5 CopyPart-InsertByte-ChangeBit-ChangeBit-ShuffleBytes-
#1164	NEW    cov: 1177 ft: 2471 corp: 46/144b lim: 4 exec/s: 0 rss: 59Mb L: 4/4 MS: 1 CopyPart-
#1250	NEW    cov: 1177 ft: 2475 corp: 47/147b lim: 4 exec/s: 0 rss: 59Mb L: 3/4 MS: 1 ChangeBit-
#1282	NEW    cov: 1177 ft: 2477 corp: 48/151b lim: 4 exec/s: 1282 rss: 59Mb L: 4/4 MS: 2 InsertByte-ChangeByte-
#1322	NEW    cov: 1178 ft: 2480 corp: 49/154b lim: 4 exec/s: 1322 rss: 59Mb L: 3/4 MS: 5 InsertByte-ChangeByte-EraseBytes-ShuffleBytes-CrossOver-
#1335	REDUCE cov: 1178 ft: 2480 corp: 49/153b lim: 4 exec/s: 1335 rss: 59Mb L: 3/4 MS: 3 EraseBytes-ChangeBinInt-ChangeBit-
#1379	NEW    cov: 1187 ft: 2489 corp: 50/157b lim: 4 exec/s: 1379 rss: 59Mb L: 4/4 MS: 4 ChangeBit-ChangeBinInt-ChangeASCIIInt-ChangeByte-
#1386	NEW    cov: 1215 ft: 2519 corp: 51/161b lim: 4 exec/s: 1386 rss: 59Mb L: 4/4 MS: 2 ShuffleBytes-ChangeBinInt-
#1458	NEW    cov: 1215 ft: 2521 corp: 52/165b lim: 4 exec/s: 1458 rss: 59Mb L: 4/4 MS: 2 ChangeByte-ChangeByte-
#1574	REDUCE cov: 1215 ft: 2521 corp: 52/164b lim: 4 exec/s: 1574 rss: 59Mb L: 2/4 MS: 1 EraseBytes-
#1654	NEW    cov: 1234 ft: 2548 corp: 53/167b lim: 4 exec/s: 1654 rss: 59Mb L: 3/4 MS: 5 ShuffleBytes-ChangeByte-ChangeByte-EraseBytes-CopyPart-
#1680	NEW    cov: 1234 ft: 2549 corp: 54/171b lim: 4 exec/s: 1680 rss: 59Mb L: 4/4 MS: 1 ShuffleBytes-
#1771	NEW    cov: 1235 ft: 2551 corp: 55/175b lim: 4 exec/s: 1771 rss: 59Mb L: 4/4 MS: 1 CMP- DE: "for"-
#1775	REDUCE cov: 1235 ft: 2552 corp: 56/179b lim: 4 exec/s: 1775 rss: 59Mb L: 4/4 MS: 4 InsertByte-CopyPart-CopyPart-CrossOver-
#1826	REDUCE cov: 1235 ft: 2552 corp: 56/178b lim: 4 exec/s: 1826 rss: 59Mb L: 3/4 MS: 1 CrossOver-
#1921	NEW    cov: 1236 ft: 2553 corp: 57/182b lim: 4 exec/s: 1921 rss: 59Mb L: 4/4 MS: 5 ChangeBinInt-InsertByte-ChangeBinInt-ChangeBit-ChangeBinInt-
#2046	NEW    cov: 1251 ft: 2577 corp: 58/186b lim: 4 exec/s: 2046 rss: 59Mb L: 4/4 MS: 5 ChangeBit-InsertByte-PersAutoDict-CrossOver-InsertByte- DE: "for"-
#2063	REDUCE cov: 1251 ft: 2577 corp: 58/185b lim: 4 exec/s: 2063 rss: 59Mb L: 3/4 MS: 2 ChangeByte-EraseBytes-
#2239	NEW    cov: 1253 ft: 2585 corp: 59/189b lim: 4 exec/s: 2239 rss: 59Mb L: 4/4 MS: 1 CrossOver-
#2282	NEW    cov: 1254 ft: 2603 corp: 60/191b lim: 4 exec/s: 2282 rss: 59Mb L: 2/4 MS: 3 CMP-ChangeBit-ChangeBinInt- DE: "\001\000"-
#2375	NEW    cov: 1255 ft: 2604 corp: 61/195b lim: 4 exec/s: 2375 rss: 59Mb L: 4/4 MS: 3 ShuffleBytes-ShuffleBytes-ChangeBinInt-
#2448	NEW    cov: 1255 ft: 2609 corp: 62/197b lim: 4 exec/s: 2448 rss: 59Mb L: 2/4 MS: 3 CopyPart-ChangeBit-ChangeByte-
#2732	NEW    cov: 1255 ft: 2611 corp: 63/203b lim: 6 exec/s: 1366 rss: 59Mb L: 6/6 MS: 4 ChangeBit-InsertByte-EraseBytes-CopyPart-
#2735	NEW    cov: 1255 ft: 2617 corp: 64/208b lim: 6 exec/s: 1367 rss: 59Mb L: 5/6 MS: 3 ChangeBit-InsertByte-InsertByte-
#2736	NEW    cov: 1257 ft: 2619 corp: 65/212b lim: 6 exec/s: 1368 rss: 59Mb L: 4/6 MS: 1 ShuffleBytes-
#2810	NEW    cov: 1257 ft: 2866 corp: 66/215b lim: 6 exec/s: 1405 rss: 59Mb L: 3/6 MS: 4 InsertByte-ShuffleBytes-ChangeBinInt-ChangeBit-
#2864	REDUCE cov: 1257 ft: 2869 corp: 67/221b lim: 6 exec/s: 1432 rss: 59Mb L: 6/6 MS: 4 EraseBytes-InsertRepeatedBytes-ChangeBit-InsertByte-
#2914	NEW    cov: 1257 ft: 2874 corp: 68/227b lim: 6 exec/s: 1457 rss: 59Mb L: 6/6 MS: 5 ChangeByte-EraseBytes-CopyPart-CrossOver-CrossOver-
#2948	NEW    cov: 1257 ft: 2875 corp: 69/233b lim: 6 exec/s: 1474 rss: 59Mb L: 6/6 MS: 4 CMP-ChangeBit-ChangeByte-CMP- DE: "\000\000"-"\347\230\244"-
#3024	NEW    cov: 1257 ft: 2898 corp: 70/238b lim: 6 exec/s: 1512 rss: 59Mb L: 5/6 MS: 1 CrossOver-
#3082	REDUCE cov: 1257 ft: 2898 corp: 70/237b lim: 6 exec/s: 1541 rss: 59Mb L: 2/6 MS: 3 InsertByte-CrossOver-EraseBytes-
#3099	REDUCE cov: 1257 ft: 2900 corp: 71/242b lim: 6 exec/s: 1549 rss: 59Mb L: 5/6 MS: 2 PersAutoDict-ShuffleBytes- DE: "for"-
#3257	NEW    cov: 1257 ft: 2901 corp: 72/244b lim: 6 exec/s: 1628 rss: 59Mb L: 2/6 MS: 3 CopyPart-ChangeBinInt-ChangeBinInt-
#3603	NEW    cov: 1273 ft: 2951 corp: 73/251b lim: 8 exec/s: 1801 rss: 59Mb L: 7/7 MS: 1 CopyPart-
#3638	NEW    cov: 1273 ft: 2955 corp: 74/258b lim: 8 exec/s: 1819 rss: 59Mb L: 7/7 MS: 5 ShuffleBytes-InsertByte-CopyPart-CrossOver-CopyPart-
#3670	NEW    cov: 1273 ft: 2956 corp: 75/263b lim: 8 exec/s: 1835 rss: 59Mb L: 5/7 MS: 2 CrossOver-ChangeBit-
#3827	NEW    cov: 1273 ft: 2967 corp: 76/271b lim: 8 exec/s: 1275 rss: 59Mb L: 8/8 MS: 2 CopyPart-CopyPart-
#3894	NEW    cov: 1275 ft: 3030 corp: 77/277b lim: 8 exec/s: 1298 rss: 59Mb L: 6/8 MS: 2 CrossOver-ChangeByte-
#4096	pulse  cov: 1275 ft: 3030 corp: 77/277b lim: 8 exec/s: 1365 rss: 59Mb
#4160	REDUCE cov: 1275 ft: 3030 corp: 77/275b lim: 8 exec/s: 1386 rss: 59Mb L: 4/8 MS: 1 EraseBytes-
#4172	NEW    cov: 1275 ft: 3032 corp: 78/283b lim: 8 exec/s: 1390 rss: 59Mb L: 8/8 MS: 2 CMP-ChangeBinInt- DE: "\347\211\257"-
#4243	REDUCE cov: 1275 ft: 3032 corp: 78/282b lim: 8 exec/s: 1414 rss: 59Mb L: 3/8 MS: 1 CrossOver-
#4244	REDUCE cov: 1275 ft: 3048 corp: 79/289b lim: 8 exec/s: 1414 rss: 59Mb L: 7/8 MS: 1 PersAutoDict- DE: "\347\211\257"-
#4287	NEW    cov: 1275 ft: 3049 corp: 80/295b lim: 8 exec/s: 1429 rss: 59Mb L: 6/8 MS: 3 ChangeBit-CrossOver-ChangeBit-
#4333	NEW    cov: 1324 ft: 3113 corp: 81/299b lim: 8 exec/s: 1444 rss: 59Mb L: 4/8 MS: 1 ChangeByte-
#4370	NEW    cov: 1324 ft: 3115 corp: 82/307b lim: 8 exec/s: 1456 rss: 59Mb L: 8/8 MS: 2 ChangeBinInt-CopyPart-
#4437	NEW    cov: 1324 ft: 3117 corp: 83/313b lim: 8 exec/s: 1479 rss: 59Mb L: 6/8 MS: 2 ChangeBinInt-PersAutoDict- DE: "for"-
#4529	NEW    cov: 1324 ft: 3119 corp: 84/317b lim: 8 exec/s: 1509 rss: 59Mb L: 4/8 MS: 2 ChangeBit-CopyPart-
#4539	NEW    cov: 1324 ft: 3122 corp: 85/325b lim: 8 exec/s: 1513 rss: 59Mb L: 8/8 MS: 5 CrossOver-CopyPart-InsertByte-CrossOver-ShuffleBytes-
#4707	NEW    cov: 1324 ft: 3173 corp: 86/333b lim: 8 exec/s: 1569 rss: 59Mb L: 8/8 MS: 3 ChangeBit-ShuffleBytes-CopyPart-
#4778	REDUCE cov: 1324 ft: 3173 corp: 86/332b lim: 8 exec/s: 1592 rss: 59Mb L: 4/8 MS: 1 EraseBytes-
#5007	REDUCE cov: 1324 ft: 3173 corp: 86/331b lim: 8 exec/s: 1251 rss: 59Mb L: 3/8 MS: 4 CopyPart-ChangeBinInt-EraseBytes-CrossOver-
#5033	NEW    cov: 1325 ft: 3174 corp: 87/336b lim: 8 exec/s: 1258 rss: 59Mb L: 5/8 MS: 1 InsertByte-
#5267	NEW    cov: 1325 ft: 3175 corp: 88/343b lim: 8 exec/s: 1316 rss: 59Mb L: 7/8 MS: 4 ChangeBinInt-ChangeASCIIInt-ShuffleBytes-PersAutoDict- DE: "\347\211\257"-
#5311	NEW    cov: 1325 ft: 3179 corp: 89/351b lim: 8 exec/s: 1327 rss: 59Mb L: 8/8 MS: 4 ChangeBinInt-ChangeByte-ChangeByte-CopyPart-
#5365	NEW    cov: 1325 ft: 3181 corp: 90/356b lim: 8 exec/s: 1341 rss: 59Mb L: 5/8 MS: 4 ChangeBit-ChangeByte-CopyPart-ShuffleBytes-
#5455	NEW    cov: 1325 ft: 3187 corp: 91/364b lim: 8 exec/s: 1363 rss: 59Mb L: 8/8 MS: 5 InsertByte-PersAutoDict-CopyPart-CrossOver-PersAutoDict- DE: "\347\211\257"-"\347\211\257"-
#5492	NEW    cov: 1325 ft: 3215 corp: 92/370b lim: 8 exec/s: 1373 rss: 59Mb L: 6/8 MS: 2 EraseBytes-CrossOver-
#5733	NEW    cov: 1325 ft: 3219 corp: 93/378b lim: 8 exec/s: 1433 rss: 59Mb L: 8/8 MS: 1 ShuffleBytes-
#5779	NEW    cov: 1325 ft: 3268 corp: 94/385b lim: 8 exec/s: 1444 rss: 59Mb L: 7/8 MS: 1 CopyPart-
#5935	REDUCE cov: 1325 ft: 3268 corp: 94/384b lim: 8 exec/s: 1187 rss: 59Mb L: 3/8 MS: 1 EraseBytes-
#6140	REDUCE cov: 1325 ft: 3269 corp: 95/392b lim: 8 exec/s: 1228 rss: 59Mb L: 8/8 MS: 5 CopyPart-CrossOver-InsertByte-ChangeBinInt-CopyPart-
#6456	NEW    cov: 1325 ft: 3345 corp: 96/403b lim: 11 exec/s: 1291 rss: 59Mb L: 11/11 MS: 1 CopyPart-
#6495	REDUCE cov: 1325 ft: 3345 corp: 96/401b lim: 11 exec/s: 1299 rss: 59Mb L: 4/11 MS: 4 ChangeByte-ChangeByte-ShuffleBytes-EraseBytes-
#6567	NEW    cov: 1325 ft: 3354 corp: 97/412b lim: 11 exec/s: 1313 rss: 59Mb L: 11/11 MS: 2 ShuffleBytes-ChangeByte-
#6625	NEW    cov: 1345 ft: 3503 corp: 98/423b lim: 11 exec/s: 1325 rss: 59Mb L: 11/11 MS: 3 InsertRepeatedBytes-ChangeBit-InsertByte-
#6801	REDUCE cov: 1345 ft: 3503 corp: 98/420b lim: 11 exec/s: 1360 rss: 59Mb L: 8/11 MS: 1 EraseBytes-
#6947	NEW    cov: 1345 ft: 3514 corp: 99/429b lim: 11 exec/s: 1389 rss: 59Mb L: 9/11 MS: 1 InsertByte-
#6992	REDUCE cov: 1345 ft: 3515 corp: 100/436b lim: 11 exec/s: 1398 rss: 59Mb L: 7/11 MS: 5 PersAutoDict-EraseBytes-CrossOver-ShuffleBytes-EraseBytes- DE: "for"-
#7103	REDUCE cov: 1349 ft: 3519 corp: 101/439b lim: 11 exec/s: 1183 rss: 59Mb L: 3/11 MS: 1 ChangeByte-
#7135	NEW    cov: 1368 ft: 3555 corp: 102/449b lim: 11 exec/s: 1189 rss: 59Mb L: 10/11 MS: 2 InsertRepeatedBytes-ChangeByte-
#7187	NEW    cov: 1368 ft: 3565 corp: 103/459b lim: 11 exec/s: 1197 rss: 59Mb L: 10/11 MS: 2 PersAutoDict-CopyPart- DE: "\347\211\257"-
#7223	REDUCE cov: 1368 ft: 3565 corp: 103/458b lim: 11 exec/s: 1203 rss: 59Mb L: 7/11 MS: 1 EraseBytes-
#7303	REDUCE cov: 1370 ft: 3570 corp: 104/461b lim: 11 exec/s: 1217 rss: 59Mb L: 3/11 MS: 5 CopyPart-ShuffleBytes-ChangeBit-EraseBytes-EraseBytes-
#7524	REDUCE cov: 1370 ft: 3570 corp: 104/460b lim: 11 exec/s: 1254 rss: 59Mb L: 10/11 MS: 1 EraseBytes-
#7560	NEW    cov: 1370 ft: 3571 corp: 105/471b lim: 11 exec/s: 1260 rss: 59Mb L: 11/11 MS: 1 InsertRepeatedBytes-
#7607	NEW    cov: 1370 ft: 3572 corp: 106/481b lim: 11 exec/s: 1267 rss: 59Mb L: 10/11 MS: 2 ChangeBinInt-InsertRepeatedBytes-
#7618	REDUCE cov: 1370 ft: 3572 corp: 106/479b lim: 11 exec/s: 1269 rss: 59Mb L: 9/11 MS: 1 EraseBytes-
#7965	NEW    cov: 1370 ft: 3575 corp: 107/484b lim: 14 exec/s: 1327 rss: 59Mb L: 5/11 MS: 2 ChangeBinInt-CopyPart-
#7984	NEW    cov: 1370 ft: 3576 corp: 108/490b lim: 14 exec/s: 1330 rss: 59Mb L: 6/11 MS: 4 InsertByte-CrossOver-ChangeBit-ChangeBit-
#8192	pulse  cov: 1370 ft: 3576 corp: 108/490b lim: 14 exec/s: 1170 rss: 59Mb
#8261	NEW    cov: 1370 ft: 3577 corp: 109/500b lim: 14 exec/s: 1180 rss: 59Mb L: 10/11 MS: 2 InsertByte-PersAutoDict- DE: "\347\230\244"-
#8756	NEW    cov: 1370 ft: 3580 corp: 110/509b lim: 17 exec/s: 1250 rss: 59Mb L: 9/11 MS: 5 ShuffleBytes-ChangeBit-EraseBytes-InsertByte-InsertRepeatedBytes-
#8827	NEW    cov: 1372 ft: 3583 corp: 111/519b lim: 17 exec/s: 1261 rss: 59Mb L: 10/11 MS: 1 CrossOver-
#8850	REDUCE cov: 1372 ft: 3584 corp: 112/536b lim: 17 exec/s: 1264 rss: 59Mb L: 17/17 MS: 3 EraseBytes-ShuffleBytes-InsertRepeatedBytes-
#8927	REDUCE cov: 1375 ft: 3590 corp: 113/546b lim: 17 exec/s: 1275 rss: 59Mb L: 10/17 MS: 2 CrossOver-EraseBytes-
#8960	NEW    cov: 1376 ft: 3594 corp: 114/557b lim: 17 exec/s: 1280 rss: 59Mb L: 11/17 MS: 3 EraseBytes-PersAutoDict-InsertRepeatedBytes- DE: "\347\211\257"-
#8984	NEW    cov: 1376 ft: 3595 corp: 115/574b lim: 17 exec/s: 1283 rss: 59Mb L: 17/17 MS: 4 InsertRepeatedBytes-ChangeBit-InsertRepeatedBytes-ChangeByte-
#9060	NEW    cov: 1376 ft: 3598 corp: 116/591b lim: 17 exec/s: 1132 rss: 59Mb L: 17/17 MS: 1 CopyPart-
#9484	REDUCE cov: 1377 ft: 3599 corp: 117/598b lim: 21 exec/s: 1185 rss: 59Mb L: 7/17 MS: 4 PersAutoDict-EraseBytes-CopyPart-ChangeBinInt- DE: "\347\211\257"-
#9558	REDUCE cov: 1377 ft: 3599 corp: 117/597b lim: 21 exec/s: 1194 rss: 59Mb L: 16/17 MS: 4 ShuffleBytes-ChangeBit-ChangeBit-EraseBytes-
#9598	NEW    cov: 1377 ft: 3608 corp: 118/616b lim: 21 exec/s: 1199 rss: 59Mb L: 19/19 MS: 5 CMP-ChangeByte-CrossOver-ChangeBinInt-InsertByte- DE: "\"T}"-
#9604	NEW    cov: 1377 ft: 3612 corp: 119/630b lim: 21 exec/s: 1200 rss: 59Mb L: 14/19 MS: 1 CrossOver-
#9705	NEW    cov: 1377 ft: 3625 corp: 120/645b lim: 21 exec/s: 1213 rss: 59Mb L: 15/19 MS: 1 CopyPart-
#9721	NEW    cov: 1381 ft: 3659 corp: 121/657b lim: 21 exec/s: 1215 rss: 59Mb L: 12/19 MS: 1 CopyPart-
#9782	REDUCE cov: 1381 ft: 3659 corp: 121/655b lim: 21 exec/s: 1222 rss: 59Mb L: 6/19 MS: 1 EraseBytes-
#9811	REDUCE cov: 1435 ft: 3850 corp: 122/661b lim: 21 exec/s: 1226 rss: 59Mb L: 6/19 MS: 4 ChangeBit-CopyPart-ShuffleBytes-CrossOver-
#9872	NEW    cov: 1435 ft: 3854 corp: 123/675b lim: 21 exec/s: 1234 rss: 59Mb L: 14/19 MS: 1 ChangeBinInt-
#9879	NEW    cov: 1435 ft: 3857 corp: 124/695b lim: 21 exec/s: 1234 rss: 59Mb L: 20/20 MS: 2 InsertRepeatedBytes-InsertByte-
#9880	REDUCE cov: 1435 ft: 3888 corp: 125/712b lim: 21 exec/s: 1235 rss: 59Mb L: 17/20 MS: 1 CopyPart-
#10041	NEW    cov: 1435 ft: 3889 corp: 126/733b lim: 21 exec/s: 1255 rss: 59Mb L: 21/21 MS: 1 CopyPart-
#10049	NEW    cov: 1435 ft: 3890 corp: 127/740b lim: 21 exec/s: 1256 rss: 59Mb L: 7/21 MS: 3 ShuffleBytes-ChangeBit-PersAutoDict- DE: "for"-
#10132	REDUCE cov: 1438 ft: 3901 corp: 128/745b lim: 21 exec/s: 1125 rss: 59Mb L: 5/21 MS: 3 PersAutoDict-EraseBytes-EraseBytes- DE: "\000\000"-
#10176	NEW    cov: 1438 ft: 3926 corp: 129/753b lim: 21 exec/s: 1130 rss: 59Mb L: 8/21 MS: 4 InsertRepeatedBytes-PersAutoDict-CMP-CrossOver- DE: "\347\211\257"-"\377\377\377\377"-
#10224	NEW    cov: 1438 ft: 3929 corp: 130/774b lim: 21 exec/s: 1136 rss: 59Mb L: 21/21 MS: 3 ChangeByte-ChangeByte-ShuffleBytes-
#10340	NEW    cov: 1439 ft: 3987 corp: 131/786b lim: 21 exec/s: 1148 rss: 59Mb L: 12/21 MS: 1 CopyPart-
#10427	NEW    cov: 1445 ft: 3993 corp: 132/797b lim: 21 exec/s: 1158 rss: 59Mb L: 11/21 MS: 2 ChangeByte-CrossOver-
#10498	NEW    cov: 1445 ft: 4037 corp: 133/811b lim: 21 exec/s: 1166 rss: 59Mb L: 14/21 MS: 1 CopyPart-
#10760	REDUCE cov: 1445 ft: 4037 corp: 133/810b lim: 21 exec/s: 1195 rss: 59Mb L: 11/21 MS: 2 ChangeByte-EraseBytes-
#10886	NEW    cov: 1445 ft: 4042 corp: 134/824b lim: 21 exec/s: 1209 rss: 59Mb L: 14/21 MS: 1 CopyPart-
#11012	REDUCE cov: 1445 ft: 4042 corp: 134/823b lim: 21 exec/s: 1101 rss: 59Mb L: 6/21 MS: 1 EraseBytes-
#11013	NEW    cov: 1445 ft: 4052 corp: 135/841b lim: 21 exec/s: 1101 rss: 59Mb L: 18/21 MS: 1 InsertRepeatedBytes-
#11039	NEW    cov: 1445 ft: 4054 corp: 136/846b lim: 21 exec/s: 1103 rss: 59Mb L: 5/21 MS: 1 InsertByte-
#11096	REDUCE cov: 1445 ft: 4054 corp: 136/845b lim: 21 exec/s: 1109 rss: 59Mb L: 10/21 MS: 2 CrossOver-EraseBytes-
#11152	NEW    cov: 1445 ft: 4056 corp: 137/864b lim: 21 exec/s: 1115 rss: 59Mb L: 19/21 MS: 1 InsertByte-
#11226	NEW    cov: 1445 ft: 4083 corp: 138/873b lim: 21 exec/s: 1122 rss: 59Mb L: 9/21 MS: 4 ChangeBit-PersAutoDict-ShuffleBytes-InsertByte- DE: "\352\201\276"-
#11278	NEW    cov: 1445 ft: 4084 corp: 139/881b lim: 21 exec/s: 1127 rss: 59Mb L: 8/21 MS: 2 CMP-CopyPart- DE: "\001\000"-
#11414	NEW    cov: 1445 ft: 4171 corp: 140/902b lim: 21 exec/s: 1141 rss: 59Mb L: 21/21 MS: 1 InsertRepeatedBytes-
#11449	NEW    cov: 1467 ft: 4193 corp: 141/908b lim: 21 exec/s: 1144 rss: 59Mb L: 6/21 MS: 5 ChangeBinInt-ChangeBinInt-CopyPart-InsertByte-EraseBytes-
#11630	NEW    cov: 1467 ft: 4195 corp: 142/914b lim: 21 exec/s: 1163 rss: 59Mb L: 6/21 MS: 1 CopyPart-
#11664	NEW    cov: 1467 ft: 4197 corp: 143/927b lim: 21 exec/s: 1166 rss: 59Mb L: 13/21 MS: 4 ChangeBit-CopyPart-InsertRepeatedBytes-CrossOver-
#11671	NEW    cov: 1467 ft: 4198 corp: 144/943b lim: 21 exec/s: 1167 rss: 59Mb L: 16/21 MS: 2 InsertRepeatedBytes-CrossOver-
#11703	NEW    cov: 1467 ft: 4199 corp: 145/961b lim: 21 exec/s: 1170 rss: 59Mb L: 18/21 MS: 2 PersAutoDict-InsertByte- DE: "\347\211\257"-
#11843	DONE   cov: 1467 ft: 4199 corp: 145/961b lim: 21 exec/s: 1076 rss: 59Mb
###### Recommended dictionary. ######
"\352\201\276" # Uses: 214
"for" # Uses: 166
"\001\000" # Uses: 153
"\000\000" # Uses: 112
"\347\230\244" # Uses: 130
"\347\211\257" # Uses: 106
"\"T}" # Uses: 15
"\377\377\377\377" # Uses: 15
###### End of recommended dictionary. ######
Done 11843 runs in 11 second(s)
