INFO: Instrumenting black
INFO: Instrumenting json
INFO: Instrumenting json.decoder
INFO: Instrumenting json.scanner
INFO: Instrumenting json.encoder
INFO: Instrumenting platform
INFO: Instrumenting datetime
INFO: Instrumenting click
INFO: Instrumenting __future__
INFO: Instrumenting click.core
INFO: Instrumenting gettext
INFO: Instrumenting click.types
INFO: Instrumenting click._compat
INFO: Instrumenting click.exceptions
INFO: Instrumenting click.globals
INFO: Instrumenting click.utils
INFO: Instrumenting click._utils
INFO: Instrumenting click.formatting
INFO: Instrumenting click.parser
INFO: Instrumenting click.termui
INFO: Instrumenting click.decorators
INFO: Instrumenting mypy_extensions
INFO: Instrumenting pathspec
INFO: Instrumenting pathspec.gitignore
INFO: Instrumenting pathspec.backend
INFO: Instrumenting pathspec._backends
INFO: Instrumenting pathspec._backends.agg
INFO: Instrumenting pathspec.pattern
INFO: Instrumenting pathspec._typing
INFO: Instrumenting pathspec._backends.hyperscan
INFO: Instrumenting pathspec._backends.hyperscan.base
INFO: Instrumenting pathspec._backends.hyperscan.gitignore
INFO: Instrumenting pathspec.patterns
INFO: Instrumenting pathspec.patterns.gitignore
INFO: Instrumenting pathspec.patterns.gitignore.base
INFO: Instrumenting pathspec.patterns.gitignore.basic
INFO: Instrumenting pathspec.util
INFO: Instrumenting pathspec.patterns.gitignore.spec
INFO: Instrumenting pathspec.patterns.gitwildmatch
INFO: Instrumenting pathspec._backends.hyperscan._base
INFO: Instrumenting pathspec._backends.hyperscan.pathspec
INFO: Instrumenting pathspec._backends._utils
INFO: Instrumenting pathspec._backends.re2
INFO: Instrumenting pathspec._backends.re2.base
INFO: Instrumenting pathspec._backends.re2.gitignore
INFO: Instrumenting pathspec._backends.re2._base
INFO: Instrumenting pathspec._backends.re2.pathspec
INFO: Instrumenting pathspec._backends.simple
INFO: Instrumenting pathspec._backends.simple.gitignore
INFO: Instrumenting pathspec._backends.simple.pathspec
INFO: Instrumenting pathspec.pathspec
INFO: Instrumenting pathspec._meta
INFO: Instrumenting pathspec._version
INFO: Instrumenting _black_version
INFO: Instrumenting black.cache
INFO: Instrumenting hashlib
INFO: Instrumenting pickle
INFO: Instrumenting struct
INFO: Instrumenting _compat_pickle
INFO: Instrumenting platformdirs
INFO: Instrumenting platformdirs.api
INFO: Instrumenting platformdirs.version
INFO: Instrumenting platformdirs.unix
INFO: Instrumenting configparser
INFO: Instrumenting black.mode
INFO: Instrumenting black.const
INFO: Instrumenting black.output
INFO: Instrumenting black.comments
INFO: Instrumenting black.nodes
INFO: Instrumenting black.strings
INFO: Instrumenting black._width_table
INFO: Instrumenting blib2to3
INFO: Instrumenting blib2to3.pytree
INFO: Instrumenting blib2to3.pgen2
INFO: Instrumenting blib2to3.pgen2.grammar
INFO: Instrumenting blib2to3.pgen2.token
INFO: Instrumenting blib2to3.pygram
INFO: Instrumenting blib2to3.pgen2.driver
INFO: Instrumenting pkgutil
INFO: Instrumenting importlib.util
WARNING: It looks like this module is imported by a custom loader. Atheris has experimental support for this. However, it may be incompatible with certain libraries. If you experience unusual errors or poor coverage collection, try atheris.instrument_all() instead, add enable_loader_override=False to instrument_imports(), or file an issue on GitHub.
INFO: Instrumenting blib2to3.pgen2.tokenize
INFO: Instrumenting blib2to3.pgen2.parse
INFO: Instrumenting blib2to3.pgen2.pgen
INFO: Instrumenting black.files
INFO: Instrumenting packaging
INFO: Instrumenting packaging.specifiers
INFO: Instrumenting packaging.utils
INFO: Instrumenting packaging.tags
INFO: Instrumenting subprocess
INFO: Instrumenting locale
INFO: Instrumenting _locale
INFO: Instrumenting signal
INFO: Instrumenting selectors
INFO: Instrumenting sysconfig
INFO: Instrumenting packaging._manylinux
INFO: Instrumenting packaging._elffile
INFO: Instrumenting packaging._musllinux
INFO: Instrumenting packaging.version
INFO: Instrumenting packaging._structures
INFO: Instrumenting tomllib
INFO: Instrumenting tomllib._parser
INFO: Instrumenting tomllib._re
INFO: Instrumenting tomllib._types
INFO: Instrumenting black.handle_ipynb_magics
INFO: Instrumenting secrets
INFO: Instrumenting base64
INFO: Instrumenting hmac
INFO: Instrumenting black.report
INFO: Instrumenting black.linegen
INFO: Instrumenting black.brackets
INFO: Instrumenting black.lines
INFO: Instrumenting black.numerics
INFO: Instrumenting black.trans
INFO: Instrumenting black.rusty
INFO: Instrumenting black.parsing
INFO: Instrumenting black.ranges
INFO: Instrumenting difflib
INFO: Instrumenting heapq
INFO: Using built-in libfuzzer
WARNING: Failed to find function "__sanitizer_acquire_crash_state".
WARNING: Failed to find function "__sanitizer_print_stack_trace".
WARNING: Failed to find function "__sanitizer_set_death_callback".
INFO: Running with entropic power schedule (0xFF, 100).
INFO: Seed: 801332148
INFO: -max_len is not provided; libFuzzer will not generate inputs larger than 4096 bytes
INFO: A corpus is not provided, starting from an empty corpus
#2	INITED cov: 234 ft: 234 corp: 1/1b exec/s: 0 rss: 57Mb
#5	NEW    cov: 457 ft: 677 corp: 2/4b lim: 4 exec/s: 0 rss: 57Mb L: 3/3 MS: 3 CopyPart-ChangeBit-CrossOver-
#6	NEW    cov: 457 ft: 679 corp: 3/8b lim: 4 exec/s: 0 rss: 57Mb L: 4/4 MS: 1 CrossOver-
#14	NEW    cov: 463 ft: 736 corp: 4/12b lim: 4 exec/s: 0 rss: 57Mb L: 4/4 MS: 3 ChangeBit-CopyPart-CMP- DE: "\377\377\377\377"-
#21	NEW    cov: 463 ft: 739 corp: 5/15b lim: 4 exec/s: 0 rss: 57Mb L: 3/4 MS: 2 ShuffleBytes-ChangeBinInt-
#22	NEW    cov: 466 ft: 743 corp: 6/18b lim: 4 exec/s: 0 rss: 57Mb L: 3/4 MS: 1 ChangeByte-
#24	NEW    cov: 472 ft: 753 corp: 7/20b lim: 4 exec/s: 0 rss: 57Mb L: 2/4 MS: 2 EraseBytes-ChangeByte-
#29	NEW    cov: 472 ft: 755 corp: 8/23b lim: 4 exec/s: 0 rss: 57Mb L: 3/4 MS: 5 ChangeByte-ChangeByte-ChangeByte-ChangeBit-ChangeByte-
#40	NEW    cov: 472 ft: 759 corp: 9/26b lim: 4 exec/s: 0 rss: 57Mb L: 3/4 MS: 1 ChangeByte-
#48	REDUCE cov: 472 ft: 759 corp: 9/25b lim: 4 exec/s: 0 rss: 57Mb L: 3/4 MS: 3 ShuffleBytes-CopyPart-CrossOver-
#57	NEW    cov: 472 ft: 760 corp: 10/28b lim: 4 exec/s: 0 rss: 57Mb L: 3/4 MS: 4 CrossOver-ShuffleBytes-ShuffleBytes-ChangeByte-
#66	REDUCE cov: 472 ft: 760 corp: 10/27b lim: 4 exec/s: 0 rss: 57Mb L: 2/4 MS: 4 ShuffleBytes-ShuffleBytes-CrossOver-CopyPart-
#112	NEW    cov: 475 ft: 824 corp: 11/30b lim: 4 exec/s: 0 rss: 57Mb L: 3/4 MS: 1 ChangeByte-
#124	NEW    cov: 478 ft: 847 corp: 12/33b lim: 4 exec/s: 0 rss: 57Mb L: 3/4 MS: 2 ChangeBit-ChangeBit-
#129	NEW    cov: 478 ft: 871 corp: 13/37b lim: 4 exec/s: 0 rss: 57Mb L: 4/4 MS: 5 CMP-EraseBytes-ChangeByte-CrossOver-CrossOver- DE: "\377\377"-
#137	NEW    cov: 478 ft: 1022 corp: 14/39b lim: 4 exec/s: 0 rss: 57Mb L: 2/4 MS: 3 CopyPart-ChangeBit-CopyPart-
#147	NEW    cov: 479 ft: 1023 corp: 15/41b lim: 4 exec/s: 0 rss: 57Mb L: 2/4 MS: 5 ChangeByte-CrossOver-EraseBytes-CMP-EraseBytes- DE: "def"-
#153	NEW    cov: 479 ft: 1030 corp: 16/43b lim: 4 exec/s: 0 rss: 57Mb L: 2/4 MS: 1 EraseBytes-
#173	NEW    cov: 479 ft: 1031 corp: 17/47b lim: 4 exec/s: 0 rss: 57Mb L: 4/4 MS: 5 ShuffleBytes-ChangeByte-ChangeBinInt-ChangeBinInt-InsertByte-
#190	NEW    cov: 479 ft: 1280 corp: 18/51b lim: 4 exec/s: 0 rss: 57Mb L: 4/4 MS: 2 PersAutoDict-CrossOver- DE: "def"-
#201	NEW    cov: 479 ft: 1283 corp: 19/55b lim: 4 exec/s: 0 rss: 57Mb L: 4/4 MS: 1 ChangeByte-
#212	REDUCE cov: 479 ft: 1283 corp: 19/53b lim: 4 exec/s: 0 rss: 57Mb L: 2/4 MS: 1 EraseBytes-
#221	NEW    cov: 489 ft: 1293 corp: 20/56b lim: 4 exec/s: 0 rss: 57Mb L: 3/4 MS: 4 ChangeBit-CopyPart-CrossOver-InsertByte-
#309	NEW    cov: 502 ft: 1307 corp: 21/58b lim: 4 exec/s: 0 rss: 57Mb L: 2/4 MS: 3 ChangeBit-ShuffleBytes-ChangeByte-
#334	NEW    cov: 502 ft: 1308 corp: 22/62b lim: 4 exec/s: 0 rss: 57Mb L: 4/4 MS: 5 ShuffleBytes-CopyPart-InsertByte-ChangeByte-ChangeByte-
#335	NEW    cov: 502 ft: 1309 corp: 23/66b lim: 4 exec/s: 0 rss: 57Mb L: 4/4 MS: 1 ChangeByte-
#343	REDUCE cov: 503 ft: 1310 corp: 24/69b lim: 4 exec/s: 0 rss: 57Mb L: 3/4 MS: 3 EraseBytes-ChangeBit-CMP- DE: "is"-
#364	NEW    cov: 503 ft: 1311 corp: 25/73b lim: 4 exec/s: 0 rss: 57Mb L: 4/4 MS: 1 PersAutoDict- DE: "def"-
#414	NEW    cov: 503 ft: 1314 corp: 26/77b lim: 4 exec/s: 0 rss: 57Mb L: 4/4 MS: 5 ChangeBit-ShuffleBytes-ChangeBit-ChangeBinInt-CopyPart-
#415	REDUCE cov: 503 ft: 1314 corp: 26/76b lim: 4 exec/s: 0 rss: 57Mb L: 3/4 MS: 1 EraseBytes-
#436	NEW    cov: 504 ft: 1322 corp: 27/79b lim: 4 exec/s: 0 rss: 57Mb L: 3/4 MS: 1 ChangeByte-
#440	NEW    cov: 504 ft: 1326 corp: 28/83b lim: 4 exec/s: 0 rss: 57Mb L: 4/4 MS: 4 CrossOver-ShuffleBytes-ChangeBit-ShuffleBytes-
#455	NEW    cov: 558 ft: 1497 corp: 29/87b lim: 4 exec/s: 0 rss: 57Mb L: 4/4 MS: 5 CopyPart-EraseBytes-CopyPart-ChangeBinInt-ChangeByte-
#463	NEW    cov: 597 ft: 1628 corp: 30/91b lim: 4 exec/s: 0 rss: 57Mb L: 4/4 MS: 3 ChangeBinInt-CrossOver-ChangeBinInt-
#465	NEW    cov: 597 ft: 1629 corp: 31/95b lim: 4 exec/s: 0 rss: 57Mb L: 4/4 MS: 2 ShuffleBytes-CrossOver-
#483	NEW    cov: 597 ft: 1639 corp: 32/98b lim: 4 exec/s: 0 rss: 57Mb L: 3/4 MS: 3 EraseBytes-ChangeByte-InsertByte-
#489	NEW    cov: 597 ft: 1654 corp: 33/101b lim: 4 exec/s: 0 rss: 57Mb L: 3/4 MS: 1 InsertByte-
#530	NEW    cov: 620 ft: 1810 corp: 34/105b lim: 4 exec/s: 0 rss: 57Mb L: 4/4 MS: 1 CopyPart-
#549	NEW    cov: 620 ft: 1811 corp: 35/109b lim: 4 exec/s: 0 rss: 57Mb L: 4/4 MS: 4 ChangeBit-CrossOver-ChangeByte-ChangeByte-
#630	NEW    cov: 620 ft: 1813 corp: 36/113b lim: 4 exec/s: 0 rss: 57Mb L: 4/4 MS: 1 ChangeBit-
#695	NEW    cov: 661 ft: 1857 corp: 37/115b lim: 4 exec/s: 0 rss: 57Mb L: 2/4 MS: 5 EraseBytes-CopyPart-ShuffleBytes-ChangeByte-ChangeByte-
#727	NEW    cov: 686 ft: 1922 corp: 38/119b lim: 4 exec/s: 0 rss: 57Mb L: 4/4 MS: 2 ShuffleBytes-CrossOver-
#746	NEW    cov: 686 ft: 1929 corp: 39/123b lim: 4 exec/s: 0 rss: 57Mb L: 4/4 MS: 4 ShuffleBytes-ChangeByte-InsertByte-ChangeBinInt-
#867	NEW    cov: 686 ft: 1937 corp: 40/126b lim: 4 exec/s: 0 rss: 57Mb L: 3/4 MS: 1 ChangeBit-
#878	REDUCE cov: 686 ft: 1940 corp: 41/130b lim: 4 exec/s: 0 rss: 57Mb L: 4/4 MS: 1 CopyPart-
#879	NEW    cov: 686 ft: 1942 corp: 42/133b lim: 4 exec/s: 0 rss: 57Mb L: 3/4 MS: 1 ChangeByte-
#958	REDUCE cov: 686 ft: 1942 corp: 42/132b lim: 4 exec/s: 0 rss: 57Mb L: 3/4 MS: 4 EraseBytes-CopyPart-CopyPart-ChangeBit-
#979	NEW    cov: 689 ft: 1970 corp: 43/135b lim: 4 exec/s: 0 rss: 57Mb L: 3/4 MS: 1 InsertByte-
#1061	NEW    cov: 692 ft: 1973 corp: 44/139b lim: 4 exec/s: 0 rss: 57Mb L: 4/4 MS: 2 ChangeBinInt-ChangeBinInt-
#1117	NEW    cov: 692 ft: 1991 corp: 45/143b lim: 4 exec/s: 0 rss: 57Mb L: 4/4 MS: 1 InsertByte-
#1138	REDUCE cov: 692 ft: 1991 corp: 45/142b lim: 4 exec/s: 0 rss: 57Mb L: 3/4 MS: 1 EraseBytes-
#1301	NEW    cov: 692 ft: 2019 corp: 46/145b lim: 4 exec/s: 0 rss: 57Mb L: 3/4 MS: 3 ShuffleBytes-ShuffleBytes-CrossOver-
#1326	NEW    cov: 692 ft: 2020 corp: 47/149b lim: 4 exec/s: 0 rss: 57Mb L: 4/4 MS: 5 ChangeByte-CrossOver-EraseBytes-ShuffleBytes-CrossOver-
#1359	REDUCE cov: 692 ft: 2020 corp: 47/148b lim: 4 exec/s: 0 rss: 57Mb L: 3/4 MS: 3 ChangeBit-ChangeBit-EraseBytes-
#1410	NEW    cov: 692 ft: 2022 corp: 48/152b lim: 4 exec/s: 0 rss: 57Mb L: 4/4 MS: 1 ChangeByte-
#1587	NEW    cov: 692 ft: 2028 corp: 49/155b lim: 4 exec/s: 0 rss: 57Mb L: 3/4 MS: 2 CrossOver-EraseBytes-
#1602	NEW    cov: 692 ft: 2037 corp: 50/159b lim: 4 exec/s: 0 rss: 57Mb L: 4/4 MS: 5 PersAutoDict-PersAutoDict-CopyPart-PersAutoDict-ChangeByte- DE: "\377\377"-"\377\377\377\377"-"def"-
#1606	NEW    cov: 692 ft: 2038 corp: 51/163b lim: 4 exec/s: 0 rss: 57Mb L: 4/4 MS: 4 ChangeBit-ChangeByte-EraseBytes-CopyPart-
#1691	NEW    cov: 694 ft: 2048 corp: 52/166b lim: 4 exec/s: 0 rss: 57Mb L: 3/4 MS: 5 ChangeBit-CrossOver-ShuffleBytes-ChangeBit-EraseBytes-
#1808	NEW    cov: 694 ft: 2051 corp: 53/170b lim: 4 exec/s: 0 rss: 57Mb L: 4/4 MS: 2 ChangeBit-ChangeByte-
#1874	NEW    cov: 767 ft: 2128 corp: 54/174b lim: 4 exec/s: 0 rss: 57Mb L: 4/4 MS: 1 CopyPart-
#1885	REDUCE cov: 767 ft: 2128 corp: 54/172b lim: 4 exec/s: 0 rss: 57Mb L: 2/4 MS: 1 EraseBytes-
#2119	NEW    cov: 767 ft: 2134 corp: 55/178b lim: 6 exec/s: 0 rss: 57Mb L: 6/6 MS: 4 CrossOver-ChangeByte-CrossOver-ShuffleBytes-
#2139	NEW    cov: 769 ft: 2136 corp: 56/181b lim: 6 exec/s: 0 rss: 57Mb L: 3/6 MS: 5 InsertByte-InsertByte-ChangeByte-EraseBytes-ChangeBinInt-
#2141	NEW    cov: 769 ft: 2195 corp: 57/187b lim: 6 exec/s: 0 rss: 57Mb L: 6/6 MS: 2 CopyPart-CopyPart-
#2182	REDUCE cov: 769 ft: 2196 corp: 58/189b lim: 6 exec/s: 0 rss: 57Mb L: 2/6 MS: 1 EraseBytes-
#2202	NEW    cov: 769 ft: 2209 corp: 59/195b lim: 6 exec/s: 0 rss: 57Mb L: 6/6 MS: 5 ShuffleBytes-ChangeByte-ChangeBit-CrossOver-CrossOver-
#2261	NEW    cov: 769 ft: 2210 corp: 60/201b lim: 6 exec/s: 0 rss: 57Mb L: 6/6 MS: 4 PersAutoDict-EraseBytes-CrossOver-CrossOver- DE: "is"-
#2302	NEW    cov: 769 ft: 2211 corp: 61/207b lim: 6 exec/s: 0 rss: 57Mb L: 6/6 MS: 1 PersAutoDict- DE: "\377\377"-
#2308	NEW    cov: 769 ft: 2213 corp: 62/211b lim: 6 exec/s: 0 rss: 57Mb L: 4/6 MS: 1 InsertByte-
#2321	NEW    cov: 769 ft: 2214 corp: 63/217b lim: 6 exec/s: 0 rss: 57Mb L: 6/6 MS: 3 CopyPart-PersAutoDict-ShuffleBytes- DE: "\377\377"-
#2330	NEW    cov: 769 ft: 2216 corp: 64/223b lim: 6 exec/s: 0 rss: 57Mb L: 6/6 MS: 4 CrossOver-InsertByte-ChangeByte-InsertByte-
#2470	NEW    cov: 772 ft: 2238 corp: 65/227b lim: 6 exec/s: 0 rss: 57Mb L: 4/6 MS: 5 PersAutoDict-EraseBytes-ChangeByte-CrossOver-CrossOver- DE: "is"-
#2489	NEW    cov: 772 ft: 2241 corp: 66/232b lim: 6 exec/s: 0 rss: 57Mb L: 5/6 MS: 4 CrossOver-CMP-CopyPart-CrossOver- DE: "for"-
#2717	REDUCE cov: 772 ft: 2241 corp: 66/231b lim: 8 exec/s: 0 rss: 57Mb L: 3/6 MS: 3 ChangeBit-CrossOver-EraseBytes-
#2781	NEW    cov: 772 ft: 2245 corp: 67/238b lim: 8 exec/s: 0 rss: 57Mb L: 7/7 MS: 4 ChangeBit-ShuffleBytes-ChangeByte-CrossOver-
#2785	NEW    cov: 772 ft: 2249 corp: 68/245b lim: 8 exec/s: 0 rss: 57Mb L: 7/7 MS: 4 EraseBytes-CrossOver-CopyPart-CrossOver-
#2967	NEW    cov: 774 ft: 2251 corp: 69/250b lim: 8 exec/s: 2967 rss: 57Mb L: 5/7 MS: 2 CrossOver-CrossOver-
#2981	NEW    cov: 774 ft: 2253 corp: 70/257b lim: 8 exec/s: 2981 rss: 57Mb L: 7/7 MS: 4 CMP-ChangeBit-ShuffleBytes-PersAutoDict- DE: "for"-"for"-
#2992	REDUCE cov: 774 ft: 2265 corp: 71/265b lim: 8 exec/s: 2992 rss: 57Mb L: 8/8 MS: 1 CrossOver-
#3099	NEW    cov: 774 ft: 2282 corp: 72/273b lim: 8 exec/s: 3099 rss: 57Mb L: 8/8 MS: 2 ChangeByte-CopyPart-
#3206	NEW    cov: 775 ft: 2283 corp: 73/277b lim: 8 exec/s: 3206 rss: 57Mb L: 4/8 MS: 2 ShuffleBytes-InsertByte-
#3207	NEW    cov: 775 ft: 2284 corp: 74/285b lim: 8 exec/s: 3207 rss: 57Mb L: 8/8 MS: 1 ChangeBit-
#3245	NEW    cov: 784 ft: 2408 corp: 75/293b lim: 8 exec/s: 3245 rss: 57Mb L: 8/8 MS: 3 ShuffleBytes-ChangeBit-CopyPart-
#3247	NEW    cov: 792 ft: 2429 corp: 76/301b lim: 8 exec/s: 3247 rss: 57Mb L: 8/8 MS: 2 InsertByte-InsertByte-
#3270	NEW    cov: 795 ft: 2443 corp: 77/307b lim: 8 exec/s: 3270 rss: 57Mb L: 6/8 MS: 3 CMP-ChangeByte-ShuffleBytes- DE: "\310\230"-
#3356	NEW    cov: 797 ft: 2445 corp: 78/311b lim: 8 exec/s: 3356 rss: 57Mb L: 4/8 MS: 1 ChangeByte-
#3460	NEW    cov: 797 ft: 2446 corp: 79/319b lim: 8 exec/s: 3460 rss: 57Mb L: 8/8 MS: 4 CopyPart-ChangeBit-CrossOver-CopyPart-
#3603	NEW    cov: 801 ft: 2450 corp: 80/324b lim: 8 exec/s: 3603 rss: 57Mb L: 5/8 MS: 3 ChangeBit-InsertByte-ChangeByte-
#3645	NEW    cov: 801 ft: 2452 corp: 81/332b lim: 8 exec/s: 3645 rss: 57Mb L: 8/8 MS: 2 CrossOver-ShuffleBytes-
#3751	REDUCE cov: 803 ft: 2454 corp: 82/335b lim: 8 exec/s: 3751 rss: 57Mb L: 3/8 MS: 1 ChangeByte-
#3781	REDUCE cov: 804 ft: 2455 corp: 83/341b lim: 8 exec/s: 3781 rss: 57Mb L: 6/8 MS: 5 ShuffleBytes-PersAutoDict-PersAutoDict-InsertRepeatedBytes-ChangeBit- DE: "\377\377"-"\310\230"-
#3792	NEW    cov: 825 ft: 2476 corp: 84/345b lim: 8 exec/s: 3792 rss: 57Mb L: 4/8 MS: 1 ChangeByte-
#3818	REDUCE cov: 825 ft: 2476 corp: 84/344b lim: 8 exec/s: 3818 rss: 57Mb L: 3/8 MS: 1 EraseBytes-
#3859	NEW    cov: 825 ft: 2482 corp: 85/351b lim: 8 exec/s: 3859 rss: 57Mb L: 7/8 MS: 1 CrossOver-
#3987	NEW    cov: 825 ft: 2492 corp: 86/355b lim: 8 exec/s: 3987 rss: 57Mb L: 4/8 MS: 3 CrossOver-InsertByte-ChangeBinInt-
#4284	NEW    cov: 825 ft: 2496 corp: 87/362b lim: 8 exec/s: 4284 rss: 57Mb L: 7/8 MS: 2 ChangeBit-CopyPart-
#4396	NEW    cov: 825 ft: 2500 corp: 88/369b lim: 8 exec/s: 4396 rss: 57Mb L: 7/8 MS: 2 CMP-ChangeBinInt- DE: "\352\257\272"-
#4408	NEW    cov: 844 ft: 2547 corp: 89/377b lim: 8 exec/s: 2204 rss: 57Mb L: 8/8 MS: 2 CopyPart-ShuffleBytes-
#4425	NEW    cov: 846 ft: 2570 corp: 90/384b lim: 8 exec/s: 2212 rss: 57Mb L: 7/8 MS: 2 ShuffleBytes-CopyPart-
#4581	NEW    cov: 846 ft: 2571 corp: 91/389b lim: 8 exec/s: 2290 rss: 57Mb L: 5/8 MS: 1 ChangeBinInt-
#4930	NEW    cov: 846 ft: 2580 corp: 92/400b lim: 11 exec/s: 2465 rss: 57Mb L: 11/11 MS: 4 InsertRepeatedBytes-CrossOver-ShuffleBytes-ChangeBinInt-
#4958	REDUCE cov: 846 ft: 2580 corp: 92/398b lim: 11 exec/s: 2479 rss: 57Mb L: 6/11 MS: 3 EraseBytes-ShuffleBytes-InsertByte-
#4979	NEW    cov: 846 ft: 2583 corp: 93/406b lim: 11 exec/s: 2489 rss: 57Mb L: 8/11 MS: 1 InsertByte-
#4980	NEW    cov: 846 ft: 2584 corp: 94/414b lim: 11 exec/s: 2490 rss: 57Mb L: 8/11 MS: 1 CMP- DE: "class"-
#5088	NEW    cov: 846 ft: 2585 corp: 95/424b lim: 11 exec/s: 2544 rss: 57Mb L: 10/11 MS: 3 CrossOver-PersAutoDict-CMP- DE: "for"-"\357\237\267\340\250\243"-
#5132	NEW    cov: 846 ft: 2586 corp: 96/431b lim: 11 exec/s: 2566 rss: 57Mb L: 7/11 MS: 4 CopyPart-ShuffleBytes-ChangeByte-PersAutoDict- DE: "for"-
#5233	NEW    cov: 846 ft: 2591 corp: 97/438b lim: 11 exec/s: 2616 rss: 57Mb L: 7/11 MS: 1 CrossOver-
#5271	REDUCE cov: 846 ft: 2593 corp: 98/443b lim: 11 exec/s: 2635 rss: 57Mb L: 5/11 MS: 3 EraseBytes-CopyPart-CopyPart-
#5492	NEW    cov: 846 ft: 2597 corp: 99/453b lim: 11 exec/s: 2746 rss: 57Mb L: 10/11 MS: 1 InsertRepeatedBytes-
#5494	NEW    cov: 846 ft: 2598 corp: 100/459b lim: 11 exec/s: 2747 rss: 57Mb L: 6/11 MS: 2 ShuffleBytes-CopyPart-
#5646	NEW    cov: 848 ft: 2613 corp: 101/468b lim: 11 exec/s: 2823 rss: 57Mb L: 9/11 MS: 2 CrossOver-CopyPart-
#5674	NEW    cov: 848 ft: 2618 corp: 102/476b lim: 11 exec/s: 2837 rss: 57Mb L: 8/11 MS: 3 CrossOver-EraseBytes-PersAutoDict- DE: "is"-
#5690	NEW    cov: 848 ft: 2620 corp: 103/487b lim: 11 exec/s: 2845 rss: 57Mb L: 11/11 MS: 1 CrossOver-
#5701	NEW    cov: 849 ft: 2655 corp: 104/494b lim: 11 exec/s: 2850 rss: 57Mb L: 7/11 MS: 1 CopyPart-
#5799	REDUCE cov: 849 ft: 2655 corp: 104/492b lim: 11 exec/s: 2899 rss: 57Mb L: 4/11 MS: 3 ChangeByte-ChangeASCIIInt-EraseBytes-
#5966	NEW    cov: 849 ft: 2657 corp: 105/499b lim: 11 exec/s: 2983 rss: 57Mb L: 7/11 MS: 2 ShuffleBytes-ShuffleBytes-
#6051	NEW    cov: 849 ft: 2660 corp: 106/509b lim: 11 exec/s: 3025 rss: 57Mb L: 10/11 MS: 5 InsertByte-InsertRepeatedBytes-CrossOver-CopyPart-ChangeBit-
#6201	REDUCE cov: 909 ft: 2726 corp: 107/520b lim: 11 exec/s: 3100 rss: 57Mb L: 11/11 MS: 5 CopyPart-InsertRepeatedBytes-PersAutoDict-ChangeBinInt-ShuffleBytes- DE: "\352\257\272"-
#6295	NEW    cov: 909 ft: 2729 corp: 108/531b lim: 11 exec/s: 3147 rss: 57Mb L: 11/11 MS: 4 PersAutoDict-CopyPart-PersAutoDict-ShuffleBytes- DE: "def"-"def"-
#6377	NEW    cov: 909 ft: 2746 corp: 109/542b lim: 11 exec/s: 3188 rss: 57Mb L: 11/11 MS: 2 ChangeBit-CopyPart-
#6540	NEW    cov: 910 ft: 2747 corp: 110/550b lim: 11 exec/s: 2180 rss: 57Mb L: 8/11 MS: 3 InsertByte-CrossOver-PersAutoDict- DE: "class"-
#6608	NEW    cov: 910 ft: 2759 corp: 111/561b lim: 11 exec/s: 2202 rss: 57Mb L: 11/11 MS: 3 CopyPart-CrossOver-CopyPart-
#6677	NEW    cov: 910 ft: 2760 corp: 112/571b lim: 11 exec/s: 2225 rss: 57Mb L: 10/11 MS: 4 PersAutoDict-ChangeBinInt-CopyPart-PersAutoDict- DE: "is"-"class"-
#6689	NEW    cov: 910 ft: 2853 corp: 113/579b lim: 11 exec/s: 2229 rss: 57Mb L: 8/11 MS: 2 CopyPart-CopyPart-
#6876	REDUCE cov: 910 ft: 2853 corp: 113/575b lim: 11 exec/s: 2292 rss: 57Mb L: 6/11 MS: 2 CopyPart-EraseBytes-
#6892	NEW    cov: 910 ft: 2899 corp: 114/584b lim: 11 exec/s: 2297 rss: 57Mb L: 9/11 MS: 1 InsertByte-
#6914	NEW    cov: 910 ft: 2949 corp: 115/590b lim: 11 exec/s: 2304 rss: 57Mb L: 6/11 MS: 2 CopyPart-ChangeBinInt-
#6955	NEW    cov: 910 ft: 2956 corp: 116/600b lim: 11 exec/s: 2318 rss: 57Mb L: 10/11 MS: 1 InsertByte-
#7071	NEW    cov: 910 ft: 2959 corp: 117/610b lim: 11 exec/s: 2357 rss: 57Mb L: 10/11 MS: 1 CrossOver-
#7279	NEW    cov: 910 ft: 2964 corp: 118/621b lim: 11 exec/s: 2426 rss: 57Mb L: 11/11 MS: 3 CrossOver-ChangeBit-CopyPart-
#7326	NEW    cov: 910 ft: 2968 corp: 119/629b lim: 11 exec/s: 2442 rss: 57Mb L: 8/11 MS: 2 EraseBytes-InsertRepeatedBytes-
#7427	NEW    cov: 910 ft: 2970 corp: 120/639b lim: 11 exec/s: 2475 rss: 57Mb L: 10/11 MS: 1 InsertByte-
#7468	NEW    cov: 910 ft: 2977 corp: 121/648b lim: 11 exec/s: 2489 rss: 57Mb L: 9/11 MS: 1 InsertByte-
#7471	REDUCE cov: 910 ft: 2977 corp: 121/647b lim: 11 exec/s: 2490 rss: 57Mb L: 6/11 MS: 3 InsertRepeatedBytes-ChangeBit-EraseBytes-
#7524	NEW    cov: 910 ft: 2978 corp: 122/654b lim: 11 exec/s: 2508 rss: 57Mb L: 7/11 MS: 3 CopyPart-CrossOver-PersAutoDict- DE: "class"-
#7808	REDUCE cov: 910 ft: 2978 corp: 122/652b lim: 11 exec/s: 2602 rss: 57Mb L: 9/11 MS: 4 ChangeByte-ChangeASCIIInt-ChangeBit-EraseBytes-
#7809	NEW    cov: 911 ft: 2982 corp: 123/660b lim: 11 exec/s: 2603 rss: 57Mb L: 8/11 MS: 1 ChangeBinInt-
#7900	NEW    cov: 916 ft: 2987 corp: 124/671b lim: 11 exec/s: 2633 rss: 57Mb L: 11/11 MS: 1 ShuffleBytes-
#8164	NEW    cov: 927 ft: 3014 corp: 125/678b lim: 11 exec/s: 2721 rss: 57Mb L: 7/11 MS: 4 ChangeByte-PersAutoDict-CMP-EraseBytes- DE: "\310\230"-"'''"-
#8187	NEW    cov: 927 ft: 3018 corp: 126/687b lim: 11 exec/s: 2729 rss: 57Mb L: 9/11 MS: 3 InsertRepeatedBytes-CrossOver-ChangeByte-
#8192	pulse  cov: 927 ft: 3018 corp: 126/687b lim: 11 exec/s: 2730 rss: 57Mb
#8273	NEW    cov: 927 ft: 3019 corp: 127/694b lim: 11 exec/s: 2757 rss: 57Mb L: 7/11 MS: 1 CrossOver-
#8337	REDUCE cov: 927 ft: 3019 corp: 127/693b lim: 11 exec/s: 2779 rss: 57Mb L: 2/11 MS: 4 ShuffleBytes-EraseBytes-ChangeBit-ChangeByte-
#9042	NEW    cov: 927 ft: 3045 corp: 128/700b lim: 17 exec/s: 2260 rss: 57Mb L: 7/11 MS: 5 CopyPart-ChangeBit-ChangeByte-PersAutoDict-InsertByte- DE: "'''"-
#9093	REDUCE cov: 927 ft: 3045 corp: 128/699b lim: 17 exec/s: 2273 rss: 57Mb L: 10/11 MS: 1 EraseBytes-
#9178	NEW    cov: 927 ft: 3063 corp: 129/716b lim: 17 exec/s: 2294 rss: 57Mb L: 17/17 MS: 5 ChangeByte-ChangeASCIIInt-CopyPart-PersAutoDict-CrossOver- DE: "\310\230"-
#9205	NEW    cov: 927 ft: 3081 corp: 130/730b lim: 17 exec/s: 2301 rss: 57Mb L: 14/17 MS: 2 ChangeBit-CopyPart-
#9225	REDUCE cov: 927 ft: 3082 corp: 131/745b lim: 17 exec/s: 2306 rss: 57Mb L: 15/17 MS: 5 ChangeBinInt-CopyPart-CopyPart-EraseBytes-CopyPart-
#9287	REDUCE cov: 927 ft: 3084 corp: 132/760b lim: 17 exec/s: 2321 rss: 57Mb L: 15/17 MS: 2 ChangeBit-CrossOver-
#9661	NEW    cov: 927 ft: 3087 corp: 133/776b lim: 17 exec/s: 2415 rss: 57Mb L: 16/17 MS: 4 ChangeBinInt-CopyPart-InsertByte-ChangeBit-
#9767	NEW    cov: 927 ft: 3094 corp: 134/786b lim: 17 exec/s: 2441 rss: 57Mb L: 10/17 MS: 1 InsertByte-
#9865	NEW    cov: 927 ft: 3097 corp: 135/797b lim: 17 exec/s: 2466 rss: 57Mb L: 11/17 MS: 3 CopyPart-InsertRepeatedBytes-ChangeByte-
#10002	NEW    cov: 927 ft: 3099 corp: 136/803b lim: 17 exec/s: 2500 rss: 57Mb L: 6/17 MS: 2 PersAutoDict-InsertByte- DE: "'''"-
#10063	NEW    cov: 927 ft: 3100 corp: 137/815b lim: 17 exec/s: 2515 rss: 57Mb L: 12/17 MS: 1 PersAutoDict- DE: "\377\377\377\377"-
#10219	NEW    cov: 927 ft: 3109 corp: 138/831b lim: 17 exec/s: 2554 rss: 57Mb L: 16/17 MS: 1 CopyPart-
#10240	NEW    cov: 928 ft: 3110 corp: 139/839b lim: 17 exec/s: 2560 rss: 57Mb L: 8/17 MS: 1 InsertByte-
#10338	REDUCE cov: 928 ft: 3110 corp: 139/837b lim: 17 exec/s: 2067 rss: 57Mb L: 2/17 MS: 3 CrossOver-PersAutoDict-EraseBytes- DE: "\377\377"-
#10369	NEW    cov: 928 ft: 3145 corp: 140/848b lim: 17 exec/s: 2073 rss: 57Mb L: 11/17 MS: 1 CopyPart-
#10496	NEW    cov: 928 ft: 3146 corp: 141/865b lim: 17 exec/s: 2099 rss: 57Mb L: 17/17 MS: 2 ChangeByte-CrossOver-
#10617	NEW    cov: 928 ft: 3147 corp: 142/872b lim: 17 exec/s: 2123 rss: 57Mb L: 7/17 MS: 1 ShuffleBytes-
#10740	NEW    cov: 928 ft: 3150 corp: 143/886b lim: 17 exec/s: 2148 rss: 57Mb L: 14/17 MS: 3 CopyPart-ShuffleBytes-CMP- DE: "\377\377"-
#10826	REDUCE cov: 928 ft: 3150 corp: 143/885b lim: 17 exec/s: 2165 rss: 57Mb L: 7/17 MS: 1 EraseBytes-
#11148	REDUCE cov: 928 ft: 3150 corp: 143/884b lim: 17 exec/s: 2229 rss: 57Mb L: 7/17 MS: 2 ChangeBit-EraseBytes-
#11259	NEW    cov: 928 ft: 3162 corp: 144/896b lim: 17 exec/s: 2251 rss: 57Mb L: 12/17 MS: 1 CMP- DE: "o\012kS\011"-
#11265	NEW    cov: 928 ft: 3164 corp: 145/904b lim: 17 exec/s: 2253 rss: 57Mb L: 8/17 MS: 1 ChangeByte-
#11326	NEW    cov: 933 ft: 3169 corp: 146/921b lim: 17 exec/s: 2265 rss: 57Mb L: 17/17 MS: 1 InsertRepeatedBytes-
#11482	REDUCE cov: 933 ft: 3169 corp: 146/920b lim: 17 exec/s: 2296 rss: 57Mb L: 16/17 MS: 1 EraseBytes-
#11514	NEW    cov: 933 ft: 3171 corp: 147/931b lim: 17 exec/s: 2302 rss: 57Mb L: 11/17 MS: 2 InsertByte-CrossOver-
#11575	NEW    cov: 933 ft: 3172 corp: 148/943b lim: 17 exec/s: 2315 rss: 57Mb L: 12/17 MS: 1 InsertByte-
#11611	NEW    cov: 934 ft: 3178 corp: 149/958b lim: 17 exec/s: 2322 rss: 57Mb L: 15/17 MS: 1 InsertRepeatedBytes-
#11737	REDUCE cov: 934 ft: 3178 corp: 149/955b lim: 17 exec/s: 2347 rss: 57Mb L: 14/17 MS: 1 EraseBytes-
#11799	NEW    cov: 944 ft: 3192 corp: 150/960b lim: 17 exec/s: 2359 rss: 57Mb L: 5/17 MS: 2 ShuffleBytes-ChangeBit-
#11852	NEW    cov: 944 ft: 3222 corp: 151/976b lim: 17 exec/s: 2370 rss: 57Mb L: 16/17 MS: 3 InsertByte-CopyPart-CrossOver-
#11863	NEW    cov: 944 ft: 3223 corp: 152/991b lim: 17 exec/s: 2372 rss: 57Mb L: 15/17 MS: 1 CrossOver-
#11864	NEW    cov: 944 ft: 3228 corp: 153/994b lim: 17 exec/s: 2372 rss: 57Mb L: 3/17 MS: 1 EraseBytes-
#11945	NEW    cov: 944 ft: 3230 corp: 154/1008b lim: 17 exec/s: 2389 rss: 57Mb L: 14/17 MS: 1 CopyPart-
#12163	REDUCE cov: 944 ft: 3230 corp: 154/1006b lim: 17 exec/s: 2432 rss: 57Mb L: 13/17 MS: 3 InsertByte-ChangeByte-EraseBytes-
#12175	NEW    cov: 944 ft: 3231 corp: 155/1018b lim: 17 exec/s: 2435 rss: 57Mb L: 12/17 MS: 2 ShuffleBytes-CopyPart-
#12631	REDUCE cov: 944 ft: 3231 corp: 155/1016b lim: 21 exec/s: 2105 rss: 57Mb L: 5/17 MS: 1 EraseBytes-
#12652	NEW    cov: 944 ft: 3299 corp: 156/1030b lim: 21 exec/s: 2108 rss: 57Mb L: 14/17 MS: 1 CopyPart-
#13220	REDUCE cov: 949 ft: 3306 corp: 157/1040b lim: 25 exec/s: 2203 rss: 57Mb L: 10/17 MS: 3 ChangeByte-ChangeBinInt-CMP- DE: "in"-
#13390	NEW    cov: 949 ft: 3310 corp: 158/1062b lim: 25 exec/s: 2231 rss: 57Mb L: 22/22 MS: 5 CopyPart-ChangeBinInt-ShuffleBytes-ChangeByte-InsertByte-
#13471	NEW    cov: 953 ft: 3314 corp: 159/1071b lim: 25 exec/s: 2245 rss: 57Mb L: 9/22 MS: 1 ChangeByte-
#13486	NEW    cov: 953 ft: 3321 corp: 160/1090b lim: 25 exec/s: 2247 rss: 57Mb L: 19/22 MS: 5 ChangeByte-CopyPart-EraseBytes-CrossOver-InsertRepeatedBytes-
#13577	NEW    cov: 953 ft: 3323 corp: 161/1112b lim: 25 exec/s: 2262 rss: 57Mb L: 22/22 MS: 1 CMP- DE: "\000\000\000\000\000\000\000\033"-
#13614	NEW    cov: 953 ft: 3329 corp: 162/1121b lim: 25 exec/s: 2269 rss: 57Mb L: 9/22 MS: 2 ShuffleBytes-CopyPart-
#13790	NEW    cov: 953 ft: 3330 corp: 163/1139b lim: 25 exec/s: 2298 rss: 57Mb L: 18/22 MS: 1 InsertRepeatedBytes-
#13791	NEW    cov: 953 ft: 3333 corp: 164/1157b lim: 25 exec/s: 2298 rss: 57Mb L: 18/22 MS: 1 CrossOver-
#13908	REDUCE cov: 953 ft: 3333 corp: 164/1156b lim: 25 exec/s: 2318 rss: 57Mb L: 8/22 MS: 2 ShuffleBytes-EraseBytes-
#14029	REDUCE cov: 953 ft: 3333 corp: 164/1155b lim: 25 exec/s: 2338 rss: 57Mb L: 14/22 MS: 1 EraseBytes-
#14067	NEW    cov: 953 ft: 3336 corp: 165/1159b lim: 25 exec/s: 2344 rss: 57Mb L: 4/22 MS: 3 CrossOver-ChangeByte-ChangeByte-
#14169	NEW    cov: 953 ft: 3337 corp: 166/1181b lim: 25 exec/s: 2024 rss: 57Mb L: 22/22 MS: 2 ChangeBit-ChangeBinInt-
#14213	NEW    cov: 954 ft: 3338 corp: 167/1187b lim: 25 exec/s: 2030 rss: 57Mb L: 6/22 MS: 4 ShuffleBytes-ChangeBinInt-CopyPart-ShuffleBytes-
#14269	REDUCE cov: 954 ft: 3338 corp: 167/1186b lim: 25 exec/s: 2038 rss: 57Mb L: 10/22 MS: 1 EraseBytes-
#14551	NEW    cov: 954 ft: 3339 corp: 168/1201b lim: 25 exec/s: 2078 rss: 57Mb L: 15/22 MS: 2 ChangeByte-CMP- DE: "\377\377\377\377\377\377\0007"-
#14557	NEW    cov: 956 ft: 3341 corp: 169/1209b lim: 25 exec/s: 2079 rss: 57Mb L: 8/22 MS: 1 ChangeByte-
#14568	NEW    cov: 982 ft: 3394 corp: 170/1221b lim: 25 exec/s: 2081 rss: 57Mb L: 12/22 MS: 1 InsertByte-
#14572	REDUCE cov: 982 ft: 3394 corp: 170/1215b lim: 25 exec/s: 2081 rss: 57Mb L: 10/22 MS: 4 ShuffleBytes-InsertByte-ChangeByte-EraseBytes-
#14573	NEW    cov: 982 ft: 3425 corp: 171/1222b lim: 25 exec/s: 2081 rss: 57Mb L: 7/22 MS: 1 ChangeByte-
#14885	NEW    cov: 982 ft: 3426 corp: 172/1244b lim: 25 exec/s: 2126 rss: 57Mb L: 22/22 MS: 2 ChangeBit-ChangeBinInt-
#14986	NEW    cov: 982 ft: 3441 corp: 173/1254b lim: 25 exec/s: 2140 rss: 57Mb L: 10/22 MS: 1 CopyPart-
#15012	NEW    cov: 982 ft: 3443 corp: 174/1266b lim: 25 exec/s: 2144 rss: 57Mb L: 12/22 MS: 1 ChangeBit-
#15033	REDUCE cov: 982 ft: 3443 corp: 174/1264b lim: 25 exec/s: 2147 rss: 57Mb L: 16/22 MS: 1 EraseBytes-
#15324	NEW    cov: 983 ft: 3450 corp: 175/1274b lim: 25 exec/s: 2189 rss: 57Mb L: 10/22 MS: 1 ShuffleBytes-
#15396	NEW    cov: 983 ft: 3489 corp: 176/1283b lim: 25 exec/s: 2199 rss: 57Mb L: 9/22 MS: 2 CMP-ChangeByte- DE: "for"-
#15575	NEW    cov: 983 ft: 3490 corp: 177/1307b lim: 25 exec/s: 2225 rss: 57Mb L: 24/24 MS: 4 ChangeASCIIInt-ChangeASCIIInt-PersAutoDict-CopyPart- DE: "\352\257\272"-
#15684	NEW    cov: 983 ft: 3491 corp: 178/1322b lim: 25 exec/s: 2240 rss: 57Mb L: 15/24 MS: 4 EraseBytes-ShuffleBytes-PersAutoDict-EraseBytes- DE: "is"-
#15711	NEW    cov: 983 ft: 3494 corp: 179/1336b lim: 25 exec/s: 2244 rss: 57Mb L: 14/24 MS: 2 CopyPart-CopyPart-
#15722	NEW    cov: 983 ft: 3534 corp: 180/1354b lim: 25 exec/s: 2246 rss: 57Mb L: 18/24 MS: 1 CopyPart-
#15793	NEW    cov: 983 ft: 3537 corp: 181/1378b lim: 25 exec/s: 2256 rss: 57Mb L: 24/24 MS: 1 ChangeASCIIInt-
#15929	NEW    cov: 983 ft: 3544 corp: 182/1393b lim: 25 exec/s: 2275 rss: 57Mb L: 15/24 MS: 1 InsertByte-
#15951	NEW    cov: 983 ft: 3546 corp: 183/1404b lim: 25 exec/s: 2278 rss: 57Mb L: 11/24 MS: 2 CrossOver-CopyPart-
#16112	REDUCE cov: 983 ft: 3546 corp: 183/1403b lim: 25 exec/s: 2014 rss: 57Mb L: 14/24 MS: 1 EraseBytes-
#16119	NEW    cov: 983 ft: 3547 corp: 184/1419b lim: 25 exec/s: 2014 rss: 57Mb L: 16/24 MS: 2 EraseBytes-ChangeByte-
#16384	pulse  cov: 983 ft: 3547 corp: 184/1419b lim: 25 exec/s: 2048 rss: 57Mb
#16430	REDUCE cov: 983 ft: 3549 corp: 185/1430b lim: 25 exec/s: 2053 rss: 57Mb L: 11/24 MS: 1 EraseBytes-
#16453	REDUCE cov: 983 ft: 3549 corp: 185/1427b lim: 25 exec/s: 2056 rss: 57Mb L: 5/24 MS: 3 ChangeBit-ChangeByte-EraseBytes-
#16469	NEW    cov: 983 ft: 3559 corp: 186/1444b lim: 25 exec/s: 2058 rss: 57Mb L: 17/24 MS: 1 CrossOver-
#16507	NEW    cov: 983 ft: 3560 corp: 187/1462b lim: 25 exec/s: 2063 rss: 57Mb L: 18/24 MS: 3 ChangeBit-ChangeByte-CopyPart-
#16563	NEW    cov: 983 ft: 3562 corp: 188/1481b lim: 25 exec/s: 2070 rss: 57Mb L: 19/24 MS: 1 CopyPart-
#16790	REDUCE cov: 983 ft: 3562 corp: 188/1479b lim: 25 exec/s: 2098 rss: 57Mb L: 11/24 MS: 2 EraseBytes-ChangeBinInt-
#16852	REDUCE cov: 983 ft: 3562 corp: 188/1474b lim: 25 exec/s: 2106 rss: 57Mb L: 17/24 MS: 2 CopyPart-EraseBytes-
#16863	REDUCE cov: 983 ft: 3562 corp: 188/1473b lim: 25 exec/s: 2107 rss: 57Mb L: 16/24 MS: 1 EraseBytes-
#17000	NEW    cov: 983 ft: 3563 corp: 189/1490b lim: 25 exec/s: 2125 rss: 57Mb L: 17/24 MS: 2 InsertByte-InsertRepeatedBytes-
#17031	NEW    cov: 983 ft: 3591 corp: 190/1507b lim: 25 exec/s: 2128 rss: 57Mb L: 17/24 MS: 1 CrossOver-
#17073	NEW    cov: 983 ft: 3592 corp: 191/1522b lim: 25 exec/s: 2134 rss: 57Mb L: 15/24 MS: 2 ChangeASCIIInt-CrossOver-
#17174	NEW    cov: 983 ft: 3594 corp: 192/1542b lim: 25 exec/s: 2146 rss: 57Mb L: 20/24 MS: 1 CrossOver-
#17225	REDUCE cov: 983 ft: 3594 corp: 192/1541b lim: 25 exec/s: 2153 rss: 57Mb L: 5/24 MS: 1 EraseBytes-
#17241	REDUCE cov: 983 ft: 3594 corp: 192/1539b lim: 25 exec/s: 2155 rss: 57Mb L: 9/24 MS: 1 EraseBytes-
#17267	REDUCE cov: 983 ft: 3594 corp: 192/1532b lim: 25 exec/s: 2158 rss: 57Mb L: 9/24 MS: 1 EraseBytes-
#17353	NEW    cov: 983 ft: 3595 corp: 193/1550b lim: 25 exec/s: 2169 rss: 57Mb L: 18/24 MS: 1 ChangeByte-
#17406	NEW    cov: 983 ft: 3596 corp: 194/1561b lim: 25 exec/s: 2175 rss: 57Mb L: 11/24 MS: 3 ChangeBinInt-ChangeBit-ChangeBinInt-
#17597	NEW    cov: 983 ft: 3612 corp: 195/1572b lim: 25 exec/s: 2199 rss: 57Mb L: 11/24 MS: 1 PersAutoDict- DE: "is"-
#17681	REDUCE cov: 983 ft: 3612 corp: 195/1566b lim: 25 exec/s: 2210 rss: 57Mb L: 11/24 MS: 4 ChangeASCIIInt-ChangeASCIIInt-ChangeBit-EraseBytes-
#17723	REDUCE cov: 983 ft: 3612 corp: 195/1564b lim: 25 exec/s: 2215 rss: 57Mb L: 5/24 MS: 2 ShuffleBytes-EraseBytes-
#17780	REDUCE cov: 983 ft: 3612 corp: 195/1562b lim: 25 exec/s: 1975 rss: 57Mb L: 6/24 MS: 2 ChangeBit-EraseBytes-
#17856	REDUCE cov: 983 ft: 3615 corp: 196/1576b lim: 25 exec/s: 1984 rss: 57Mb L: 14/24 MS: 1 CrossOver-
#18087	REDUCE cov: 983 ft: 3615 corp: 196/1575b lim: 25 exec/s: 2009 rss: 57Mb L: 5/24 MS: 1 EraseBytes-
#18169	REDUCE cov: 983 ft: 3620 corp: 197/1595b lim: 25 exec/s: 2018 rss: 57Mb L: 20/24 MS: 2 ShuffleBytes-CopyPart-
#18194	REDUCE cov: 983 ft: 3620 corp: 197/1594b lim: 25 exec/s: 2021 rss: 57Mb L: 19/24 MS: 5 PersAutoDict-ShuffleBytes-InsertByte-PersAutoDict-EraseBytes- DE: "in"-"\352\257\272"-
#18416	REDUCE cov: 983 ft: 3620 corp: 197/1593b lim: 25 exec/s: 2046 rss: 57Mb L: 8/24 MS: 2 CopyPart-EraseBytes-
#18457	REDUCE cov: 983 ft: 3620 corp: 197/1592b lim: 25 exec/s: 2050 rss: 57Mb L: 17/24 MS: 1 EraseBytes-
#18493	REDUCE cov: 983 ft: 3726 corp: 198/1599b lim: 25 exec/s: 2054 rss: 57Mb L: 7/24 MS: 1 CopyPart-
#18844	NEW    cov: 983 ft: 3727 corp: 199/1617b lim: 25 exec/s: 2093 rss: 57Mb L: 18/24 MS: 1 CrossOver-
#19005	REDUCE cov: 983 ft: 3727 corp: 199/1613b lim: 25 exec/s: 2111 rss: 57Mb L: 6/24 MS: 1 EraseBytes-
#19176	NEW    cov: 986 ft: 3730 corp: 200/1621b lim: 25 exec/s: 2130 rss: 57Mb L: 8/24 MS: 1 InsertByte-
#19208	REDUCE cov: 986 ft: 3732 corp: 201/1625b lim: 25 exec/s: 2134 rss: 57Mb L: 4/24 MS: 2 ChangeBit-CopyPart-
#19285	REDUCE cov: 986 ft: 3732 corp: 201/1624b lim: 25 exec/s: 2142 rss: 57Mb L: 4/24 MS: 2 ChangeASCIIInt-EraseBytes-
#19321	NEW    cov: 987 ft: 3737 corp: 202/1639b lim: 25 exec/s: 2146 rss: 57Mb L: 15/24 MS: 1 CrossOver-
#19522	NEW    cov: 987 ft: 3747 corp: 203/1649b lim: 25 exec/s: 2169 rss: 57Mb L: 10/24 MS: 1 CopyPart-
#19621	REDUCE cov: 987 ft: 3747 corp: 203/1646b lim: 25 exec/s: 2180 rss: 57Mb L: 9/24 MS: 4 ChangeBit-ChangeBit-InsertByte-EraseBytes-
#19655	NEW    cov: 987 ft: 3750 corp: 204/1666b lim: 25 exec/s: 1965 rss: 57Mb L: 20/24 MS: 4 ShuffleBytes-ChangeBinInt-ShuffleBytes-CopyPart-
#19679	NEW    cov: 987 ft: 3751 corp: 205/1690b lim: 25 exec/s: 1967 rss: 57Mb L: 24/24 MS: 4 CrossOver-EraseBytes-InsertRepeatedBytes-CMP- DE: "\012#[#\177\177\177\012\011\012#"-
#19720	NEW    cov: 987 ft: 3766 corp: 206/1701b lim: 25 exec/s: 1972 rss: 57Mb L: 11/24 MS: 1 CrossOver-
#19836	REDUCE cov: 987 ft: 3766 corp: 206/1700b lim: 25 exec/s: 1983 rss: 57Mb L: 9/24 MS: 1 EraseBytes-
#19890	NEW    cov: 987 ft: 3769 corp: 207/1718b lim: 25 exec/s: 1989 rss: 57Mb L: 18/24 MS: 4 InsertByte-InsertByte-CopyPart-EraseBytes-
#20931	NEW    cov: 990 ft: 3787 corp: 208/1734b lim: 33 exec/s: 2093 rss: 57Mb L: 16/24 MS: 1 CrossOver-
#21037	REDUCE cov: 990 ft: 3787 corp: 208/1727b lim: 33 exec/s: 2103 rss: 57Mb L: 17/24 MS: 1 EraseBytes-
#21069	REDUCE cov: 990 ft: 3787 corp: 208/1724b lim: 33 exec/s: 2106 rss: 57Mb L: 6/24 MS: 2 CMP-EraseBytes- DE: "\346\224\210"-
#21191	REDUCE cov: 990 ft: 3787 corp: 208/1722b lim: 33 exec/s: 2119 rss: 57Mb L: 5/24 MS: 2 ShuffleBytes-EraseBytes-
#21234	NEW    cov: 990 ft: 3788 corp: 209/1734b lim: 33 exec/s: 2123 rss: 57Mb L: 12/24 MS: 3 InsertByte-ShuffleBytes-CrossOver-
#21289	DONE   cov: 990 ft: 3788 corp: 209/1734b lim: 33 exec/s: 1935 rss: 57Mb
###### Recommended dictionary. ######
"\377\377\377\377" # Uses: 153
"\377\377" # Uses: 207
"def" # Uses: 170
"is" # Uses: 219
"for" # Uses: 153
"\310\230" # Uses: 143
"\352\257\272" # Uses: 134
"class" # Uses: 107
"\357\237\267\340\250\243" # Uses: 102
"'''" # Uses: 105
"o\012kS\011" # Uses: 51
"in" # Uses: 54
"\000\000\000\000\000\000\000\033" # Uses: 42
"\377\377\377\377\377\377\0007" # Uses: 31
"\012#[#\177\177\177\012\011\012#" # Uses: 8
"\346\224\210" # Uses: 0
###### End of recommended dictionary. ######
Done 21289 runs in 11 second(s)
