
============================================================
Evaluating: /root/Tokenizer.scala
============================================================

✓ File exists
✓ Source loaded (8348 characters)

--- Checking Compilation ---
❌ Compilation failed
  - java.io.IOException: User limit of inotify instances reached or too many open files
  - Use 'last' for the full log.

--- Running Unit Tests ---
⚠ Skipping tests (sbt not available or compilation failed)

--- Evaluating Code Quality Criteria ---


FUNCTIONALITY_PRESERVATION:
----------------------------------------
Score: 5/5 (EXCELLENT)
  Found 9/9 required components
  Found 4/4 key methods

SCALA_CONVENTIONS:
----------------------------------------
Score: 4/5 (GOOD)
  ✓ camelCase_methods: 35 occurrences
  ✓ PascalCase_classes: 20 occurrences
  ✓ immutable_val: 15 occurrences
  ✓ case_class: 1 occurrences
  ✓ sealed_trait: 2 occurrences
  Suggestions:
    → Consider refactoring: Null usage (prefer Option)
    → Consider refactoring: Explicit return statement (often unnecessary in Scala)

READABILITY:
----------------------------------------
Score: 4/5 (GOOD)
  Total lines: 340
  Scaladoc blocks: 20
  Single-line comments: 0
  Type annotations: 69

PARADIGM_MATCH:
----------------------------------------
Score: 5/5 (EXCELLENT)
  ✓ map: 7 occurrences
  ✓ flatMap: 6 occurrences
  ✓ fold: 1 occurrences
  ✓ higher_order_func: 9 occurrences
  ✓ immutable_collections: 16 occurrences
  Suggestions:
    → Consider reducing mutable variables (3 vars found)
    → Consider using Option instead of null

APPROPRIATE_ABSTRACTIONS:
----------------------------------------
Score: 4/5 (GOOD)
  Traits defined: 4
  ✓ Sealed hierarchies: 2
  Generic type usages: 36
  Objects/Companions: 4
  ✓ Higher-kinded type usage: 3
  Suggestions:
    → Consider using type classes for polymorphism

============================================================
EVALUATION SUMMARY
============================================================
Overall Score: 22/25 (88.0%)
Status: ❌ NEEDS IMPROVEMENT
============================================================

