INFO: Instrumenting IPython
INFO: Instrumenting IPython.core
INFO: Instrumenting IPython.core.getipython
INFO: Instrumenting IPython.core.release
INFO: Instrumenting IPython.core.application
INFO: Instrumenting traitlets
INFO: Instrumenting __future__
INFO: Instrumenting traitlets.traitlets
INFO: Instrumenting traitlets.utils
INFO: Instrumenting traitlets.utils.bunch
INFO: Instrumenting traitlets.utils.descriptions
INFO: Instrumenting traitlets.utils.getargspec
INFO: Instrumenting traitlets.utils.importstring
INFO: Instrumenting traitlets.utils.sentinel
INFO: Instrumenting traitlets.utils.warnings
INFO: Instrumenting traitlets._version
INFO: Instrumenting traitlets.utils.decorators
INFO: Instrumenting traitlets.config
INFO: Instrumenting traitlets.config.application
INFO: Instrumenting json
INFO: Instrumenting json.decoder
INFO: Instrumenting json.scanner
INFO: Instrumenting json.encoder
INFO: Instrumenting pprint
INFO: Instrumenting logging.config
INFO: Instrumenting logging.handlers
INFO: Instrumenting socket
INFO: Instrumenting selectors
INFO: Instrumenting pickle
INFO: Instrumenting struct
INFO: Instrumenting _compat_pickle
INFO: Instrumenting queue
INFO: Instrumenting heapq
INFO: Instrumenting socketserver
INFO: Instrumenting traitlets.config.configurable
INFO: Instrumenting traitlets.utils.text
INFO: Instrumenting traitlets.config.loader
INFO: Instrumenting argparse
INFO: Instrumenting gettext
INFO: Instrumenting traitlets.utils.nested_update
INFO: Instrumenting IPython.core.crashhandler
INFO: Instrumenting IPython.core.ultratb
INFO: Instrumenting stack_data
INFO: Instrumenting stack_data.core
INFO: Instrumenting html
INFO: Instrumenting html.entities
INFO: Instrumenting executing
INFO: Instrumenting executing.executing
INFO: Instrumenting executing._utils
INFO: Instrumenting executing._position_node_finder
INFO: Instrumenting executing._exceptions
INFO: Instrumenting executing._pytest_utils
INFO: Instrumenting executing.version
INFO: Instrumenting asttokens
INFO: Instrumenting asttokens.line_numbers
INFO: Instrumenting asttokens.asttokens
INFO: Instrumenting asttokens.util
INFO: Instrumenting pure_eval
INFO: Instrumenting pure_eval.core
INFO: Instrumenting pure_eval.my_getattr_static
INFO: Instrumenting pure_eval.utils
INFO: Instrumenting datetime
INFO: Instrumenting decimal
INFO: Instrumenting numbers
INFO: Instrumenting fractions
INFO: Instrumenting pure_eval.version
INFO: Instrumenting stack_data.utils
INFO: Instrumenting stack_data.formatting
INFO: Instrumenting stack_data.serializing
INFO: Instrumenting stack_data.version
INFO: Instrumenting pygments
INFO: Instrumenting pygments.formatters
INFO: Instrumenting pygments.formatters._mapping
INFO: Instrumenting pygments.plugin
INFO: Instrumenting importlib.metadata
INFO: Instrumenting csv
INFO: Instrumenting email
INFO: Instrumenting zipfile
INFO: Instrumenting importlib.util
WARNING: It looks like this module is imported by a custom loader. Atheris has experimental support for this. However, it may be incompatible with certain libraries. If you experience unusual errors or poor coverage collection, try atheris.instrument_all() instead, add enable_loader_override=False to instrument_imports(), or file an issue on GitHub.
INFO: Instrumenting importlib.metadata._adapters
INFO: Instrumenting email.message
INFO: Instrumenting quopri
INFO: Instrumenting email.utils
INFO: Instrumenting email._parseaddr
INFO: Instrumenting calendar
INFO: Instrumenting locale
INFO: Instrumenting _locale
INFO: Instrumenting email.charset
INFO: Instrumenting email.base64mime
INFO: Instrumenting base64
INFO: Instrumenting email.quoprimime
INFO: Instrumenting email.errors
INFO: Instrumenting email.encoders
INFO: Instrumenting email._policybase
INFO: Instrumenting email.header
INFO: Instrumenting email._encoded_words
INFO: Instrumenting email.iterators
INFO: Instrumenting importlib.metadata._text
INFO: Instrumenting importlib.metadata._functools
INFO: Instrumenting importlib.metadata._meta
INFO: Instrumenting importlib.metadata._collections
INFO: Instrumenting importlib.metadata._itertools
INFO: Instrumenting pygments.util
INFO: Instrumenting pygments.formatters.terminal256
INFO: Instrumenting pygments.formatter
INFO: Instrumenting pygments.styles
INFO: Instrumenting pygments.styles._mapping
INFO: Instrumenting pygments.console
INFO: Instrumenting pygments.style
INFO: Instrumenting pygments.token
INFO: Instrumenting IPython.utils
INFO: Instrumenting IPython.utils.path
INFO: Instrumenting glob
INFO: Instrumenting IPython.utils.process
INFO: Instrumenting IPython.utils._process_posix
INFO: Instrumenting subprocess
INFO: Instrumenting signal
INFO: Instrumenting IPython.utils._process_common
INFO: Instrumenting shlex
INFO: Instrumenting IPython.utils.py3compat
INFO: Instrumenting platform
INFO: Instrumenting IPython.utils.encoding
INFO: Instrumenting IPython.utils.PyColorize
INFO: Instrumenting pygments.styles.monokai
INFO: Instrumenting pygments.styles.default
INFO: Instrumenting pygments.styles.pastie
INFO: Instrumenting pygments.styles.gruvbox
INFO: Instrumenting IPython.utils.terminal
INFO: Instrumenting IPython.core.display_trap
INFO: Instrumenting IPython.core.doctb
INFO: Instrumenting IPython.core.tbtools
INFO: Instrumenting pydoc
INFO: Instrumenting pkgutil
INFO: Instrumenting sysconfig
INFO: Instrumenting _sysconfigdata__linux_x86_64-linux-gnu
INFO: Instrumenting IPython.core.debugger
INFO: Instrumenting IPython.core.debugger_backport
INFO: Instrumenting codeop
INFO: Instrumenting pdb
INFO: Instrumenting cmd
INFO: Instrumenting bdb
INFO: Instrumenting code
INFO: Instrumenting IPython.utils.sysinfo
INFO: Instrumenting IPython.utils._sysinfo
INFO: Instrumenting IPython.core.profiledir
INFO: Instrumenting IPython.paths
INFO: Instrumenting IPython.utils.importstring
INFO: Instrumenting IPython.terminal
INFO: Instrumenting IPython.terminal.embed
INFO: Instrumenting IPython.core.compilerop
INFO: Instrumenting hashlib
INFO: Instrumenting IPython.core.magic_arguments
INFO: Instrumenting IPython.core.error
INFO: Instrumenting IPython.utils.decorators
INFO: Instrumenting IPython.utils.docs
INFO: Instrumenting IPython.utils.text
INFO: Instrumenting IPython.core.magic
INFO: Instrumenting getopt
INFO: Instrumenting IPython.core.oinspect
INFO: Instrumenting IPython.core.page
INFO: Instrumenting IPython.display
INFO: Instrumenting IPython.core.display_functions
INFO: Instrumenting IPython.core.display
INFO: Instrumenting mimetypes
INFO: Instrumenting IPython.testing
INFO: Instrumenting IPython.testing.skipdoctest
INFO: Instrumenting IPython.lib
INFO: Instrumenting IPython.lib.display
INFO: Instrumenting IPython.utils.data
INFO: Instrumenting IPython.lib.pretty
INFO: Instrumenting IPython.utils.openpy
INFO: Instrumenting IPython.utils.dir2
INFO: Instrumenting IPython.utils.wildcard
INFO: Instrumenting pygments.lexers
INFO: Instrumenting pygments.lexers._mapping
INFO: Instrumenting pygments.modeline
INFO: Instrumenting pygments.lexers.python
INFO: Instrumenting pygments.lexer
INFO: Instrumenting pygments.filter
INFO: Instrumenting pygments.filters
INFO: Instrumenting pygments.regexopt
INFO: Instrumenting pygments.unistring
INFO: Instrumenting pygments.formatters.html
INFO: Instrumenting IPython.core.inputtransformer2
INFO: Instrumenting IPython.utils.tokenutil
INFO: Instrumenting IPython.utils.ipstruct
INFO: Instrumenting IPython.core.interactiveshell
INFO: Instrumenting runpy
INFO: Instrumenting IPython.external
INFO: Instrumenting IPython.external.pickleshare
INFO: Instrumenting IPython.core.hooks
INFO: Instrumenting IPython.core.prefilter
INFO: Instrumenting IPython.core.autocall
INFO: Instrumenting IPython.core.macro
INFO: Instrumenting IPython.core.splitinput
INFO: Instrumenting IPython.core.alias
INFO: Instrumenting IPython.core.builtin_trap
INFO: Instrumenting IPython.core.displayhook
INFO: Instrumenting IPython.core.history
INFO: Instrumenting decorator
INFO: Instrumenting sqlite3
INFO: Instrumenting sqlite3.dbapi2
INFO: Instrumenting IPython.core.displaypub
INFO: Instrumenting IPython.core.events
INFO: Instrumenting IPython.core.extensions
INFO: Instrumenting IPython.core.formatters
INFO: Instrumenting IPython.utils.sentinel
INFO: Instrumenting IPython.core.logger
INFO: Instrumenting IPython.core.payload
INFO: Instrumenting IPython.core.tips
INFO: Instrumenting IPython.core.usage
INFO: Instrumenting IPython.utils.io
INFO: Instrumenting IPython.utils.capture
INFO: Instrumenting IPython.utils.strdispatch
INFO: Instrumenting IPython.utils.syspathcontext
INFO: Instrumenting IPython.core.async_helpers
INFO: Instrumenting asyncio
INFO: Instrumenting asyncio.base_events
INFO: Instrumenting concurrent
INFO: Instrumenting concurrent.futures
INFO: Instrumenting concurrent.futures._base
INFO: Instrumenting ssl
INFO: Instrumenting asyncio.constants
INFO: Instrumenting asyncio.coroutines
INFO: Instrumenting asyncio.events
INFO: Instrumenting contextvars
INFO: Instrumenting asyncio.format_helpers
INFO: Instrumenting asyncio.base_futures
INFO: Instrumenting asyncio.exceptions
INFO: Instrumenting asyncio.base_tasks
INFO: Instrumenting asyncio.futures
INFO: Instrumenting asyncio.protocols
INFO: Instrumenting asyncio.sslproto
INFO: Instrumenting asyncio.transports
INFO: Instrumenting asyncio.log
INFO: Instrumenting asyncio.staggered
INFO: Instrumenting asyncio.locks
INFO: Instrumenting asyncio.mixins
INFO: Instrumenting asyncio.tasks
INFO: Instrumenting asyncio.trsock
INFO: Instrumenting asyncio.runners
INFO: Instrumenting asyncio.queues
INFO: Instrumenting asyncio.streams
INFO: Instrumenting asyncio.subprocess
INFO: Instrumenting asyncio.taskgroups
INFO: Instrumenting asyncio.timeouts
INFO: Instrumenting asyncio.threads
INFO: Instrumenting asyncio.unix_events
INFO: Instrumenting asyncio.base_subprocess
INFO: Instrumenting asyncio.selector_events
INFO: Instrumenting IPython.terminal.interactiveshell
INFO: Instrumenting prompt_toolkit
INFO: Instrumenting prompt_toolkit.application
INFO: Instrumenting prompt_toolkit.application.application
INFO: Instrumenting prompt_toolkit.buffer
INFO: Instrumenting prompt_toolkit.application.current
INFO: Instrumenting prompt_toolkit.application.run_in_terminal
INFO: Instrumenting prompt_toolkit.eventloop
INFO: Instrumenting prompt_toolkit.eventloop.async_generator
INFO: Instrumenting prompt_toolkit.eventloop.utils
INFO: Instrumenting prompt_toolkit.eventloop.inputhook
INFO: Instrumenting prompt_toolkit.auto_suggest
INFO: Instrumenting prompt_toolkit.document
INFO: Instrumenting prompt_toolkit.clipboard
INFO: Instrumenting prompt_toolkit.clipboard.base
INFO: Instrumenting prompt_toolkit.selection
INFO: Instrumenting prompt_toolkit.clipboard.in_memory
INFO: Instrumenting prompt_toolkit.filters
INFO: Instrumenting prompt_toolkit.filters.app
INFO: Instrumenting prompt_toolkit.cache
INFO: Instrumenting prompt_toolkit.enums
INFO: Instrumenting prompt_toolkit.filters.base
INFO: Instrumenting prompt_toolkit.filters.cli
INFO: Instrumenting prompt_toolkit.filters.utils
INFO: Instrumenting prompt_toolkit.completion
INFO: Instrumenting prompt_toolkit.completion.base
INFO: Instrumenting prompt_toolkit.formatted_text
INFO: Instrumenting prompt_toolkit.formatted_text.ansi
INFO: Instrumenting prompt_toolkit.output
INFO: Instrumenting prompt_toolkit.output.base
INFO: Instrumenting prompt_toolkit.cursor_shapes
INFO: Instrumenting prompt_toolkit.key_binding
INFO: Instrumenting prompt_toolkit.key_binding.key_bindings
INFO: Instrumenting prompt_toolkit.keys
INFO: Instrumenting prompt_toolkit.key_binding.key_processor
INFO: Instrumenting prompt_toolkit.utils
INFO: Instrumenting wcwidth
INFO: Instrumenting wcwidth.wcwidth
INFO: Instrumenting wcwidth.bisearch
INFO: Instrumenting wcwidth.grapheme
INFO: Instrumenting wcwidth.table_grapheme
INFO: Instrumenting wcwidth.sgr_state
INFO: Instrumenting wcwidth.table_vs16
INFO: Instrumenting wcwidth.table_wide
INFO: Instrumenting wcwidth.table_zero
INFO: Instrumenting wcwidth.control_codes
INFO: Instrumenting wcwidth.table_ambiguous
INFO: Instrumenting wcwidth.escape_sequences
INFO: Instrumenting wcwidth.unicode_versions
INFO: Instrumenting wcwidth.textwrap
INFO: Instrumenting secrets
INFO: Instrumenting hmac
INFO: Instrumenting prompt_toolkit.key_binding.vi_state
INFO: Instrumenting prompt_toolkit.data_structures
INFO: Instrumenting prompt_toolkit.styles
INFO: Instrumenting prompt_toolkit.styles.base
INFO: Instrumenting prompt_toolkit.styles.defaults
INFO: Instrumenting prompt_toolkit.styles.named_colors
INFO: Instrumenting prompt_toolkit.styles.style
INFO: Instrumenting prompt_toolkit.styles.pygments
INFO: Instrumenting prompt_toolkit.styles.style_transformation
INFO: Instrumenting colorsys
INFO: Instrumenting prompt_toolkit.output.color_depth
INFO: Instrumenting prompt_toolkit.output.defaults
INFO: Instrumenting prompt_toolkit.output.plain_text
INFO: Instrumenting prompt_toolkit.output.flush_stdout
INFO: Instrumenting prompt_toolkit.output.vt100
INFO: Instrumenting prompt_toolkit.formatted_text.base
INFO: Instrumenting prompt_toolkit.mouse_events
INFO: Instrumenting prompt_toolkit.formatted_text.html
INFO: Instrumenting xml
INFO: Instrumenting xml.dom
INFO: Instrumenting xml.dom.domreg
INFO: Instrumenting xml.dom.minidom
INFO: Instrumenting xml.dom.minicompat
INFO: Instrumenting xml.dom.xmlbuilder
INFO: Instrumenting xml.dom.NodeFilter
INFO: Instrumenting prompt_toolkit.formatted_text.pygments
INFO: Instrumenting prompt_toolkit.formatted_text.utils
INFO: Instrumenting prompt_toolkit.completion.deduplicate
INFO: Instrumenting prompt_toolkit.completion.filesystem
INFO: Instrumenting prompt_toolkit.completion.fuzzy_completer
INFO: Instrumenting prompt_toolkit.completion.word_completer
INFO: Instrumenting prompt_toolkit.completion.nested
INFO: Instrumenting prompt_toolkit.history
INFO: Instrumenting prompt_toolkit.search
INFO: Instrumenting prompt_toolkit.validation
INFO: Instrumenting prompt_toolkit.input
INFO: Instrumenting prompt_toolkit.input.base
INFO: Instrumenting prompt_toolkit.input.defaults
INFO: Instrumenting prompt_toolkit.input.typeahead
INFO: Instrumenting prompt_toolkit.key_binding.bindings
INFO: Instrumenting prompt_toolkit.key_binding.bindings.page_navigation
INFO: Instrumenting prompt_toolkit.key_binding.bindings.scroll
INFO: Instrumenting prompt_toolkit.key_binding.defaults
INFO: Instrumenting prompt_toolkit.key_binding.bindings.basic
INFO: Instrumenting prompt_toolkit.key_binding.bindings.named_commands
INFO: Instrumenting prompt_toolkit.layout
INFO: Instrumenting prompt_toolkit.layout.containers
INFO: Instrumenting prompt_toolkit.layout.controls
INFO: Instrumenting prompt_toolkit.lexers
INFO: Instrumenting prompt_toolkit.lexers.base
INFO: Instrumenting prompt_toolkit.lexers.pygments
INFO: Instrumenting prompt_toolkit.layout.processors
INFO: Instrumenting prompt_toolkit.layout.utils
INFO: Instrumenting prompt_toolkit.layout.dimension
INFO: Instrumenting prompt_toolkit.layout.margins
INFO: Instrumenting prompt_toolkit.layout.mouse_handlers
INFO: Instrumenting prompt_toolkit.layout.screen
INFO: Instrumenting prompt_toolkit.layout.layout
INFO: Instrumenting prompt_toolkit.layout.menus
INFO: Instrumenting prompt_toolkit.layout.scrollable_pane
INFO: Instrumenting prompt_toolkit.key_binding.bindings.completion
INFO: Instrumenting prompt_toolkit.key_binding.bindings.cpr
INFO: Instrumenting prompt_toolkit.key_binding.bindings.emacs
INFO: Instrumenting prompt_toolkit.key_binding.bindings.mouse
INFO: Instrumenting prompt_toolkit.key_binding.bindings.vi
INFO: Instrumenting prompt_toolkit.input.vt100_parser
INFO: Instrumenting prompt_toolkit.input.ansi_escape_sequences
INFO: Instrumenting prompt_toolkit.key_binding.digraphs
INFO: Instrumenting prompt_toolkit.key_binding.emacs_state
INFO: Instrumenting prompt_toolkit.layout.dummy
INFO: Instrumenting prompt_toolkit.renderer
INFO: Instrumenting prompt_toolkit.application.dummy
INFO: Instrumenting prompt_toolkit.shortcuts
INFO: Instrumenting prompt_toolkit.shortcuts.choice_input
INFO: Instrumenting prompt_toolkit.widgets
INFO: Instrumenting prompt_toolkit.widgets.base
INFO: Instrumenting prompt_toolkit.widgets.toolbars
INFO: Instrumenting prompt_toolkit.widgets.dialogs
INFO: Instrumenting prompt_toolkit.key_binding.bindings.focus
INFO: Instrumenting prompt_toolkit.widgets.menus
INFO: Instrumenting prompt_toolkit.shortcuts.dialogs
INFO: Instrumenting prompt_toolkit.shortcuts.progress_bar
INFO: Instrumenting prompt_toolkit.shortcuts.progress_bar.base
INFO: Instrumenting prompt_toolkit.shortcuts.progress_bar.formatters
INFO: Instrumenting xml.dom.expatbuilder
INFO: Instrumenting xml.parsers
INFO: Instrumenting xml.parsers.expat
INFO: Instrumenting prompt_toolkit.shortcuts.prompt
INFO: Instrumenting prompt_toolkit.key_binding.bindings.auto_suggest
INFO: Instrumenting prompt_toolkit.key_binding.bindings.open_in_editor
INFO: Instrumenting prompt_toolkit.shortcuts.utils
INFO: Instrumenting email.parser
INFO: Instrumenting email.feedparser
INFO: Instrumenting prompt_toolkit.patch_stdout
INFO: Instrumenting IPython.terminal.debugger
INFO: Instrumenting IPython.core.completer
INFO: Instrumenting uuid
INFO: Instrumenting IPython.core.guarded_eval
INFO: Instrumenting typing_extensions
INFO: Instrumenting IPython.core.latex_symbols
INFO: Instrumenting IPython.utils.generics
INFO: Instrumenting jedi
INFO: Instrumenting jedi.api
INFO: Instrumenting parso
INFO: Instrumenting parso.parser
INFO: Instrumenting parso.tree
INFO: Instrumenting parso.utils
INFO: Instrumenting parso.pgen2
INFO: Instrumenting parso.pgen2.generator
INFO: Instrumenting parso.pgen2.grammar_parser
INFO: Instrumenting parso.python
INFO: Instrumenting parso.python.tokenize
INFO: Instrumenting parso.python.token
INFO: Instrumenting parso.grammar
INFO: Instrumenting parso._compatibility
INFO: Instrumenting parso.python.diff
INFO: Instrumenting difflib
INFO: Instrumenting parso.python.parser
INFO: Instrumenting parso.python.tree
INFO: Instrumenting parso.python.prefix
INFO: Instrumenting parso.cache
INFO: Instrumenting parso.python.errors
INFO: Instrumenting parso.normalizer
INFO: Instrumenting parso.python.pep8
INFO: Instrumenting parso.file_io
INFO: Instrumenting jedi.parser_utils
INFO: Instrumenting jedi.debug
INFO: Instrumenting jedi.settings
INFO: Instrumenting jedi.cache
INFO: Instrumenting jedi.file_io
INFO: Instrumenting jedi.api.classes
INFO: Instrumenting jedi.inference
INFO: Instrumenting jedi.inference.imports
INFO: Instrumenting jedi.inference.sys_path
INFO: Instrumenting jedi.inference.cache
INFO: Instrumenting jedi.inference.base_value
INFO: Instrumenting jedi.inference.helpers
INFO: Instrumenting jedi.inference.utils
INFO: Instrumenting jedi.inference.compiled
INFO: Instrumenting jedi.inference.compiled.value
INFO: Instrumenting jedi.inference.filters
INFO: Instrumenting jedi.inference.flow_analysis
INFO: Instrumenting jedi.inference.recursion
INFO: Instrumenting jedi.inference.names
INFO: Instrumenting jedi.inference.docstrings
INFO: Instrumenting jedi.inference.lazy_value
INFO: Instrumenting jedi.common
INFO: Instrumenting jedi.plugins
INFO: Instrumenting jedi.inference.compiled.access
INFO: Instrumenting jedi.inference.compiled.getattr_static
INFO: Instrumenting jedi.inference.signature
INFO: Instrumenting jedi.inference.context
INFO: Instrumenting jedi.inference.analysis
INFO: Instrumenting jedi.inference.gradual
INFO: Instrumenting jedi.inference.gradual.typeshed
INFO: Instrumenting jedi.inference.gradual.stub_value
INFO: Instrumenting jedi.inference.value
INFO: Instrumenting jedi.inference.value.module
INFO: Instrumenting jedi.inference.value.klass
INFO: Instrumenting jedi.inference.arguments
INFO: Instrumenting jedi.inference.value.iterable
INFO: Instrumenting jedi.inference.value.dynamic_arrays
INFO: Instrumenting jedi.inference.value.function
INFO: Instrumenting jedi.inference.parser_cache
INFO: Instrumenting jedi.inference.gradual.generics
INFO: Instrumenting jedi.inference.value.instance
INFO: Instrumenting jedi.inference.gradual.typing
INFO: Instrumenting jedi.inference.gradual.base
INFO: Instrumenting jedi.inference.gradual.type_var
INFO: Instrumenting jedi.inference.compiled.subprocess
INFO: Instrumenting jedi._compatibility
INFO: Instrumenting jedi.inference.compiled.subprocess.functions
INFO: Instrumenting jedi.api.exceptions
INFO: Instrumenting jedi.inference.syntax_tree
INFO: Instrumenting jedi.inference.gradual.annotation
INFO: Instrumenting jedi.inference.param
INFO: Instrumenting jedi.inference.value.decorator
INFO: Instrumenting jedi.inference.compiled.mixed
INFO: Instrumenting jedi.inference.gradual.conversion
INFO: Instrumenting jedi.api.keywords
INFO: Instrumenting pydoc_data
INFO: Instrumenting pydoc_data.topics
INFO: Instrumenting jedi.api.completion_cache
INFO: Instrumenting jedi.api.helpers
INFO: Instrumenting jedi.api.interpreter
INFO: Instrumenting jedi.api.completion
INFO: Instrumenting jedi.api.strings
INFO: Instrumenting jedi.api.file_name
INFO: Instrumenting jedi.inference.docstring_utils
INFO: Instrumenting jedi.api.environment
INFO: Instrumenting filecmp
INFO: Instrumenting jedi.api.project
INFO: Instrumenting jedi.inference.references
INFO: Instrumenting jedi.api.errors
INFO: Instrumenting jedi.api.refactoring
INFO: Instrumenting jedi.inference.value.namespace
INFO: Instrumenting jedi.api.refactoring.extract
INFO: Instrumenting jedi.inference.gradual.utils
INFO: Instrumenting jedi.plugins.registry
INFO: Instrumenting jedi.plugins.stdlib
INFO: Instrumenting jedi.plugins.flask
INFO: Instrumenting jedi.plugins.pytest
INFO: Instrumenting jedi.plugins.django
INFO: Instrumenting IPython.terminal.ptutils
INFO: Instrumenting IPython.terminal.shortcuts
INFO: Instrumenting IPython.terminal.shortcuts.auto_match
INFO: Instrumenting IPython.terminal.shortcuts.auto_suggest
INFO: Instrumenting IPython.terminal.shortcuts.filters
INFO: Instrumenting concurrent.futures.thread
INFO: Instrumenting IPython.terminal.magics
INFO: Instrumenting IPython.lib.clipboard
INFO: Instrumenting IPython.terminal.pt_inputhooks
INFO: Instrumenting IPython.terminal.prompts
INFO: Instrumenting IPython.terminal.ipapp
INFO: Instrumenting IPython.core.magics
INFO: Instrumenting IPython.core.magics.auto
INFO: Instrumenting IPython.core.magics.basic
INFO: Instrumenting IPython.core.magics.code
INFO: Instrumenting urllib.request
INFO: Instrumenting http
INFO: Instrumenting http.client
INFO: Instrumenting urllib.error
INFO: Instrumenting urllib.response
INFO: Instrumenting IPython.utils.contexts
INFO: Instrumenting IPython.core.magics.config
INFO: Instrumenting IPython.core.magics.display
INFO: Instrumenting IPython.core.magics.execution
INFO: Instrumenting cProfile
INFO: Instrumenting profile
INFO: Instrumenting pstats
INFO: Instrumenting timeit
INFO: Instrumenting IPython.utils.module_paths
INFO: Instrumenting IPython.utils.timing
INFO: Instrumenting IPython.core.magics.ast_mod
INFO: Instrumenting IPython.core.magics.extension
INFO: Instrumenting IPython.core.magics.history
INFO: Instrumenting IPython.core.magics.logging
INFO: Instrumenting IPython.core.magics.namespace
INFO: Instrumenting IPython.core.magics.osm
INFO: Instrumenting IPython.core.magics.packaging
INFO: Instrumenting IPython.core.magics.pylab
INFO: Instrumenting IPython.core.magics.script
INFO: Instrumenting IPython.core.shellapp
INFO: Instrumenting IPython.extensions
INFO: Instrumenting IPython.extensions.storemagic
INFO: Instrumenting IPython.utils.frame
INFO: Using built-in libfuzzer
WARNING: Failed to find function "__sanitizer_acquire_crash_state".
WARNING: Failed to find function "__sanitizer_print_stack_trace".
WARNING: Failed to find function "__sanitizer_set_death_callback".
INFO: Running with entropic power schedule (0xFF, 100).
INFO: Seed: 4142352482
INFO: -max_len is not provided; libFuzzer will not generate inputs larger than 4096 bytes
INFO: A corpus is not provided, starting from an empty corpus
#2	INITED cov: 84 ft: 84 corp: 1/1b exec/s: 0 rss: 86Mb
#3	NEW    cov: 109 ft: 168 corp: 2/3b lim: 4 exec/s: 0 rss: 86Mb L: 2/2 MS: 1 InsertByte-
#4	NEW    cov: 111 ft: 185 corp: 3/5b lim: 4 exec/s: 0 rss: 86Mb L: 2/2 MS: 1 CrossOver-
#5	NEW    cov: 111 ft: 188 corp: 4/7b lim: 4 exec/s: 0 rss: 86Mb L: 2/2 MS: 1 ChangeByte-
#8	NEW    cov: 111 ft: 189 corp: 5/9b lim: 4 exec/s: 0 rss: 86Mb L: 2/2 MS: 3 ShuffleBytes-ChangeBit-ChangeByte-
#12	NEW    cov: 111 ft: 198 corp: 6/11b lim: 4 exec/s: 0 rss: 86Mb L: 2/2 MS: 4 ChangeByte-ShuffleBytes-CopyPart-ChangeBinInt-
#13	NEW    cov: 111 ft: 200 corp: 7/14b lim: 4 exec/s: 0 rss: 86Mb L: 3/3 MS: 1 InsertByte-
#15	NEW    cov: 114 ft: 223 corp: 8/17b lim: 4 exec/s: 0 rss: 86Mb L: 3/3 MS: 2 ChangeByte-ChangeByte-
#25	NEW    cov: 114 ft: 227 corp: 9/20b lim: 4 exec/s: 0 rss: 86Mb L: 3/3 MS: 5 ChangeBit-CopyPart-ChangeBit-EraseBytes-CrossOver-
#36	NEW    cov: 114 ft: 228 corp: 10/24b lim: 4 exec/s: 0 rss: 86Mb L: 4/4 MS: 1 CopyPart-
#52	NEW    cov: 115 ft: 232 corp: 11/26b lim: 4 exec/s: 0 rss: 86Mb L: 2/4 MS: 1 ChangeBit-
#71	NEW    cov: 115 ft: 234 corp: 12/28b lim: 4 exec/s: 0 rss: 86Mb L: 2/4 MS: 4 ChangeByte-EraseBytes-CopyPart-EraseBytes-
#83	NEW    cov: 115 ft: 235 corp: 13/29b lim: 4 exec/s: 0 rss: 86Mb L: 1/4 MS: 2 CrossOver-EraseBytes-
#97	NEW    cov: 116 ft: 239 corp: 14/31b lim: 4 exec/s: 0 rss: 86Mb L: 2/4 MS: 4 CopyPart-EraseBytes-CrossOver-InsertByte-
#113	NEW    cov: 116 ft: 316 corp: 15/35b lim: 4 exec/s: 0 rss: 86Mb L: 4/4 MS: 1 CopyPart-
#125	NEW    cov: 117 ft: 317 corp: 16/37b lim: 4 exec/s: 0 rss: 86Mb L: 2/4 MS: 2 ChangeBit-CopyPart-
#143	REDUCE cov: 117 ft: 317 corp: 16/36b lim: 4 exec/s: 0 rss: 86Mb L: 1/4 MS: 3 ChangeByte-CopyPart-EraseBytes-
#176	NEW    cov: 117 ft: 318 corp: 17/40b lim: 4 exec/s: 0 rss: 86Mb L: 4/4 MS: 3 CopyPart-ChangeByte-CopyPart-
#179	REDUCE cov: 117 ft: 318 corp: 17/39b lim: 4 exec/s: 0 rss: 86Mb L: 3/4 MS: 3 ChangeBit-CrossOver-EraseBytes-
#183	NEW    cov: 118 ft: 321 corp: 18/42b lim: 4 exec/s: 0 rss: 86Mb L: 3/4 MS: 4 CrossOver-CrossOver-ChangeBinInt-ChangeBinInt-
#187	NEW    cov: 125 ft: 329 corp: 19/44b lim: 4 exec/s: 0 rss: 86Mb L: 2/4 MS: 4 EraseBytes-ChangeByte-InsertByte-ChangeByte-
#210	NEW    cov: 131 ft: 335 corp: 20/46b lim: 4 exec/s: 0 rss: 86Mb L: 2/4 MS: 3 CopyPart-CopyPart-ShuffleBytes-
#212	NEW    cov: 132 ft: 336 corp: 21/48b lim: 4 exec/s: 0 rss: 86Mb L: 2/4 MS: 2 ShuffleBytes-ChangeByte-
#233	NEW    cov: 133 ft: 337 corp: 22/49b lim: 4 exec/s: 0 rss: 86Mb L: 1/4 MS: 1 EraseBytes-
#239	NEW    cov: 133 ft: 338 corp: 23/52b lim: 4 exec/s: 0 rss: 86Mb L: 3/4 MS: 1 CrossOver-
#277	NEW    cov: 138 ft: 344 corp: 24/54b lim: 4 exec/s: 0 rss: 86Mb L: 2/4 MS: 3 ShuffleBytes-EraseBytes-InsertByte-
#283	NEW    cov: 138 ft: 345 corp: 25/58b lim: 4 exec/s: 0 rss: 86Mb L: 4/4 MS: 1 CrossOver-
#309	NEW    cov: 139 ft: 350 corp: 26/61b lim: 4 exec/s: 0 rss: 86Mb L: 3/4 MS: 1 ChangeByte-
#321	NEW    cov: 139 ft: 354 corp: 27/65b lim: 4 exec/s: 0 rss: 86Mb L: 4/4 MS: 2 ShuffleBytes-CrossOver-
#357	REDUCE cov: 139 ft: 354 corp: 27/64b lim: 4 exec/s: 0 rss: 86Mb L: 2/4 MS: 1 EraseBytes-
#373	NEW    cov: 139 ft: 358 corp: 28/68b lim: 4 exec/s: 0 rss: 86Mb L: 4/4 MS: 1 CrossOver-
#380	REDUCE cov: 139 ft: 358 corp: 28/67b lim: 4 exec/s: 0 rss: 86Mb L: 1/4 MS: 2 ChangeBit-EraseBytes-
#394	NEW    cov: 145 ft: 364 corp: 29/70b lim: 4 exec/s: 0 rss: 86Mb L: 3/4 MS: 4 ChangeBit-CopyPart-ShuffleBytes-CrossOver-
#480	REDUCE cov: 145 ft: 364 corp: 29/69b lim: 4 exec/s: 0 rss: 86Mb L: 1/4 MS: 1 EraseBytes-
#486	REDUCE cov: 145 ft: 364 corp: 29/68b lim: 4 exec/s: 0 rss: 86Mb L: 2/4 MS: 1 EraseBytes-
#547	REDUCE cov: 145 ft: 364 corp: 29/67b lim: 4 exec/s: 0 rss: 86Mb L: 1/4 MS: 1 EraseBytes-
#563	NEW    cov: 147 ft: 366 corp: 30/69b lim: 4 exec/s: 0 rss: 86Mb L: 2/4 MS: 1 CrossOver-
#605	REDUCE cov: 147 ft: 366 corp: 30/68b lim: 4 exec/s: 0 rss: 86Mb L: 3/4 MS: 2 CopyPart-EraseBytes-
#645	REDUCE cov: 147 ft: 409 corp: 31/71b lim: 4 exec/s: 0 rss: 86Mb L: 3/4 MS: 5 ChangeByte-CopyPart-InsertByte-CrossOver-ChangeBit-
#647	NEW    cov: 147 ft: 411 corp: 32/75b lim: 4 exec/s: 0 rss: 86Mb L: 4/4 MS: 2 ShuffleBytes-CrossOver-
#688	REDUCE cov: 147 ft: 413 corp: 33/77b lim: 4 exec/s: 0 rss: 86Mb L: 2/4 MS: 1 CrossOver-
#696	NEW    cov: 147 ft: 416 corp: 34/81b lim: 4 exec/s: 0 rss: 86Mb L: 4/4 MS: 3 CrossOver-ChangeASCIIInt-CopyPart-
#748	NEW    cov: 149 ft: 418 corp: 35/84b lim: 4 exec/s: 0 rss: 86Mb L: 3/4 MS: 2 ShuffleBytes-InsertByte-
#750	NEW    cov: 149 ft: 419 corp: 36/88b lim: 4 exec/s: 0 rss: 86Mb L: 4/4 MS: 2 CrossOver-CopyPart-
#753	NEW    cov: 151 ft: 421 corp: 37/92b lim: 4 exec/s: 0 rss: 86Mb L: 4/4 MS: 3 ChangeBit-ChangeASCIIInt-ChangeBit-
#814	REDUCE cov: 151 ft: 426 corp: 38/93b lim: 4 exec/s: 0 rss: 86Mb L: 1/4 MS: 1 EraseBytes-
#835	NEW    cov: 153 ft: 429 corp: 39/95b lim: 4 exec/s: 0 rss: 86Mb L: 2/4 MS: 1 ChangeByte-
#868	REDUCE cov: 155 ft: 431 corp: 40/99b lim: 4 exec/s: 0 rss: 86Mb L: 4/4 MS: 3 ShuffleBytes-ChangeBit-CopyPart-
#879	REDUCE cov: 155 ft: 431 corp: 40/98b lim: 4 exec/s: 0 rss: 86Mb L: 1/4 MS: 1 EraseBytes-
/app/ipython/IPython/core/inputtransformer2.py:608: UserWarning: `make_tokens_by_line` received a list of lines which do not have lineending markers ('\n', '\r', '\r\n', '\x0b', '\x0c'), behavior will be unspecified
  tokens_by_line = make_tokens_by_line(lines)
#886	NEW    cov: 156 ft: 432 corp: 41/100b lim: 4 exec/s: 0 rss: 86Mb L: 2/4 MS: 2 EraseBytes-ChangeByte-
#897	REDUCE cov: 156 ft: 432 corp: 41/99b lim: 4 exec/s: 0 rss: 86Mb L: 2/4 MS: 1 EraseBytes-
#899	NEW    cov: 158 ft: 434 corp: 42/101b lim: 4 exec/s: 0 rss: 86Mb L: 2/4 MS: 2 ShuffleBytes-ChangeByte-
#955	NEW    cov: 158 ft: 436 corp: 43/103b lim: 4 exec/s: 0 rss: 86Mb L: 2/4 MS: 1 ChangeBit-
#991	NEW    cov: 159 ft: 438 corp: 44/104b lim: 4 exec/s: 0 rss: 86Mb L: 1/4 MS: 1 EraseBytes-
#1102	REDUCE cov: 159 ft: 438 corp: 44/103b lim: 4 exec/s: 0 rss: 86Mb L: 3/4 MS: 1 EraseBytes-
#1122	NEW    cov: 159 ft: 439 corp: 45/107b lim: 4 exec/s: 0 rss: 86Mb L: 4/4 MS: 5 ChangeBit-CrossOver-EraseBytes-ShuffleBytes-InsertByte-
#1173	NEW    cov: 159 ft: 441 corp: 46/111b lim: 4 exec/s: 0 rss: 86Mb L: 4/4 MS: 1 ChangeBit-
#1174	NEW    cov: 159 ft: 460 corp: 47/115b lim: 4 exec/s: 0 rss: 86Mb L: 4/4 MS: 1 CopyPart-
#1218	NEW    cov: 160 ft: 461 corp: 48/117b lim: 4 exec/s: 0 rss: 86Mb L: 2/4 MS: 4 InsertByte-ChangeByte-EraseBytes-InsertByte-
#1221	REDUCE cov: 160 ft: 463 corp: 49/121b lim: 4 exec/s: 0 rss: 86Mb L: 4/4 MS: 3 ChangeByte-ChangeBit-CrossOver-
#1272	NEW    cov: 162 ft: 465 corp: 50/124b lim: 4 exec/s: 0 rss: 86Mb L: 3/4 MS: 1 ChangeByte-
#1278	NEW    cov: 162 ft: 466 corp: 51/128b lim: 4 exec/s: 0 rss: 86Mb L: 4/4 MS: 1 CopyPart-
#1466	NEW    cov: 162 ft: 467 corp: 52/132b lim: 4 exec/s: 0 rss: 86Mb L: 4/4 MS: 3 ChangeByte-CopyPart-ShuffleBytes-
#1508	REDUCE cov: 162 ft: 468 corp: 53/134b lim: 4 exec/s: 0 rss: 86Mb L: 2/4 MS: 2 ChangeBit-InsertByte-
#1529	NEW    cov: 162 ft: 469 corp: 54/138b lim: 4 exec/s: 0 rss: 86Mb L: 4/4 MS: 1 CrossOver-
#1675	REDUCE cov: 162 ft: 474 corp: 55/141b lim: 4 exec/s: 0 rss: 86Mb L: 3/4 MS: 1 CrossOver-
#1731	REDUCE cov: 162 ft: 474 corp: 55/140b lim: 4 exec/s: 0 rss: 86Mb L: 2/4 MS: 1 EraseBytes-
#1760	NEW    cov: 162 ft: 475 corp: 56/144b lim: 4 exec/s: 0 rss: 86Mb L: 4/4 MS: 4 EraseBytes-InsertByte-CrossOver-CrossOver-
#1874	NEW    cov: 162 ft: 476 corp: 57/148b lim: 4 exec/s: 0 rss: 86Mb L: 4/4 MS: 4 ChangeByte-CopyPart-CrossOver-InsertByte-
#1915	NEW    cov: 162 ft: 480 corp: 58/151b lim: 4 exec/s: 0 rss: 86Mb L: 3/4 MS: 1 InsertByte-
#1961	NEW    cov: 164 ft: 483 corp: 59/154b lim: 4 exec/s: 0 rss: 86Mb L: 3/4 MS: 1 CrossOver-
#2071	NEW    cov: 164 ft: 484 corp: 60/158b lim: 4 exec/s: 0 rss: 86Mb L: 4/4 MS: 5 ChangeBinInt-ChangeBinInt-InsertByte-ChangeBinInt-InsertByte-
#2124	NEW    cov: 164 ft: 485 corp: 61/162b lim: 4 exec/s: 0 rss: 86Mb L: 4/4 MS: 3 CrossOver-CopyPart-ShuffleBytes-
#2140	NEW    cov: 164 ft: 487 corp: 62/166b lim: 4 exec/s: 0 rss: 86Mb L: 4/4 MS: 1 ChangeBit-
#2172	REDUCE cov: 164 ft: 487 corp: 62/165b lim: 4 exec/s: 0 rss: 86Mb L: 3/4 MS: 2 ShuffleBytes-EraseBytes-
#2389	NEW    cov: 164 ft: 492 corp: 63/170b lim: 6 exec/s: 0 rss: 86Mb L: 5/5 MS: 2 ShuffleBytes-CopyPart-
#2427	NEW    cov: 164 ft: 493 corp: 64/176b lim: 6 exec/s: 0 rss: 86Mb L: 6/6 MS: 3 CrossOver-CopyPart-ChangeBit-
#2448	REDUCE cov: 164 ft: 493 corp: 64/175b lim: 6 exec/s: 0 rss: 86Mb L: 1/6 MS: 1 EraseBytes-
#2464	NEW    cov: 164 ft: 514 corp: 65/181b lim: 6 exec/s: 0 rss: 86Mb L: 6/6 MS: 1 InsertByte-
#2465	NEW    cov: 164 ft: 520 corp: 66/185b lim: 6 exec/s: 0 rss: 86Mb L: 4/6 MS: 1 ShuffleBytes-
#2651	REDUCE cov: 164 ft: 520 corp: 66/184b lim: 6 exec/s: 0 rss: 86Mb L: 3/6 MS: 1 EraseBytes-
#2758	REDUCE cov: 164 ft: 524 corp: 67/185b lim: 6 exec/s: 0 rss: 86Mb L: 1/6 MS: 2 ChangeByte-ChangeBit-
#2764	NEW    cov: 164 ft: 526 corp: 68/188b lim: 6 exec/s: 0 rss: 86Mb L: 3/6 MS: 1 ChangeBit-
#2926	NEW    cov: 166 ft: 528 corp: 69/190b lim: 6 exec/s: 0 rss: 86Mb L: 2/6 MS: 2 ShuffleBytes-CrossOver-
#2968	REDUCE cov: 166 ft: 528 corp: 69/189b lim: 6 exec/s: 0 rss: 86Mb L: 3/6 MS: 2 EraseBytes-CopyPart-
#3011	NEW    cov: 167 ft: 529 corp: 70/194b lim: 6 exec/s: 0 rss: 86Mb L: 5/6 MS: 3 InsertByte-CrossOver-ShuffleBytes-
#3112	NEW    cov: 167 ft: 533 corp: 71/198b lim: 6 exec/s: 0 rss: 86Mb L: 4/6 MS: 1 CopyPart-
#3333	NEW    cov: 167 ft: 534 corp: 72/204b lim: 8 exec/s: 0 rss: 86Mb L: 6/6 MS: 1 CrossOver-
#3354	NEW    cov: 167 ft: 536 corp: 73/208b lim: 8 exec/s: 0 rss: 86Mb L: 4/6 MS: 1 ChangeByte-
#3541	NEW    cov: 167 ft: 541 corp: 74/212b lim: 8 exec/s: 0 rss: 86Mb L: 4/6 MS: 2 CopyPart-CrossOver-
#3672	NEW    cov: 167 ft: 548 corp: 75/220b lim: 8 exec/s: 0 rss: 86Mb L: 8/8 MS: 1 CopyPart-
#3744	NEW    cov: 167 ft: 550 corp: 76/227b lim: 8 exec/s: 0 rss: 86Mb L: 7/8 MS: 2 CopyPart-CopyPart-
#3781	NEW    cov: 167 ft: 557 corp: 77/235b lim: 8 exec/s: 0 rss: 86Mb L: 8/8 MS: 2 ChangeByte-CopyPart-
#4258	REDUCE cov: 167 ft: 557 corp: 77/234b lim: 11 exec/s: 4258 rss: 86Mb L: 1/8 MS: 2 InsertRepeatedBytes-CrossOver-
#4289	REDUCE cov: 167 ft: 558 corp: 78/237b lim: 11 exec/s: 4289 rss: 86Mb L: 3/8 MS: 1 CopyPart-
#4300	NEW    cov: 167 ft: 559 corp: 79/244b lim: 11 exec/s: 4300 rss: 86Mb L: 7/8 MS: 1 CrossOver-
#4542	NEW    cov: 167 ft: 560 corp: 80/254b lim: 11 exec/s: 4542 rss: 86Mb L: 10/10 MS: 2 InsertByte-CopyPart-
#4555	REDUCE cov: 167 ft: 560 corp: 80/253b lim: 11 exec/s: 4555 rss: 86Mb L: 3/10 MS: 3 ChangeBit-ChangeBinInt-EraseBytes-
#4672	NEW    cov: 167 ft: 561 corp: 81/262b lim: 11 exec/s: 4672 rss: 86Mb L: 9/10 MS: 2 InsertByte-InsertRepeatedBytes-
#4674	NEW    cov: 167 ft: 568 corp: 82/267b lim: 11 exec/s: 4674 rss: 86Mb L: 5/10 MS: 2 CopyPart-CopyPart-
#4686	REDUCE cov: 167 ft: 568 corp: 82/266b lim: 11 exec/s: 4686 rss: 86Mb L: 1/10 MS: 2 ChangeBit-EraseBytes-
#4875	NEW    cov: 167 ft: 573 corp: 83/273b lim: 11 exec/s: 4875 rss: 86Mb L: 7/10 MS: 4 CrossOver-ChangeByte-InsertByte-ShuffleBytes-
#4887	REDUCE cov: 167 ft: 573 corp: 83/271b lim: 11 exec/s: 4887 rss: 86Mb L: 7/10 MS: 2 ChangeByte-EraseBytes-
#4949	NEW    cov: 169 ft: 575 corp: 84/279b lim: 11 exec/s: 4949 rss: 86Mb L: 8/10 MS: 2 InsertByte-CrossOver-
#4975	NEW    cov: 169 ft: 576 corp: 85/285b lim: 11 exec/s: 4975 rss: 86Mb L: 6/10 MS: 1 EraseBytes-
#5339	NEW    cov: 169 ft: 577 corp: 86/292b lim: 14 exec/s: 5339 rss: 86Mb L: 7/10 MS: 4 CrossOver-EraseBytes-CrossOver-ShuffleBytes-
#5430	REDUCE cov: 169 ft: 578 corp: 87/298b lim: 14 exec/s: 5430 rss: 86Mb L: 6/10 MS: 1 CrossOver-
#5536	NEW    cov: 169 ft: 612 corp: 88/312b lim: 14 exec/s: 5536 rss: 86Mb L: 14/14 MS: 1 CopyPart-
#5587	REDUCE cov: 169 ft: 612 corp: 88/310b lim: 14 exec/s: 5587 rss: 86Mb L: 5/14 MS: 1 EraseBytes-
#5738	NEW    cov: 169 ft: 617 corp: 89/321b lim: 14 exec/s: 5738 rss: 86Mb L: 11/14 MS: 1 CrossOver-
#5746	NEW    cov: 169 ft: 621 corp: 90/332b lim: 14 exec/s: 5746 rss: 86Mb L: 11/14 MS: 3 ShuffleBytes-InsertRepeatedBytes-InsertByte-
#6026	REDUCE cov: 169 ft: 621 corp: 90/331b lim: 14 exec/s: 6026 rss: 86Mb L: 3/14 MS: 5 EraseBytes-ShuffleBytes-ShuffleBytes-ShuffleBytes-CrossOver-
#6119	REDUCE cov: 169 ft: 621 corp: 90/330b lim: 14 exec/s: 6119 rss: 86Mb L: 2/14 MS: 3 CrossOver-ShuffleBytes-EraseBytes-
#6145	NEW    cov: 169 ft: 624 corp: 91/342b lim: 14 exec/s: 6145 rss: 86Mb L: 12/14 MS: 1 InsertRepeatedBytes-
#6181	NEW    cov: 169 ft: 625 corp: 92/348b lim: 14 exec/s: 6181 rss: 86Mb L: 6/14 MS: 1 CopyPart-
#6213	REDUCE cov: 169 ft: 627 corp: 93/360b lim: 14 exec/s: 6213 rss: 86Mb L: 12/14 MS: 2 CrossOver-CopyPart-
#6244	NEW    cov: 169 ft: 628 corp: 94/367b lim: 14 exec/s: 6244 rss: 86Mb L: 7/14 MS: 1 CrossOver-
#6245	REDUCE cov: 169 ft: 628 corp: 94/366b lim: 14 exec/s: 6245 rss: 86Mb L: 2/14 MS: 1 EraseBytes-
#6253	NEW    cov: 169 ft: 630 corp: 95/373b lim: 14 exec/s: 6253 rss: 86Mb L: 7/14 MS: 3 ChangeByte-ChangeByte-CopyPart-
#6303	NEW    cov: 169 ft: 633 corp: 96/381b lim: 14 exec/s: 6303 rss: 86Mb L: 8/14 MS: 5 CrossOver-ShuffleBytes-CrossOver-EraseBytes-CrossOver-
#6355	REDUCE cov: 169 ft: 633 corp: 96/380b lim: 14 exec/s: 6355 rss: 86Mb L: 10/14 MS: 2 ChangeByte-EraseBytes-
#6510	NEW    cov: 169 ft: 634 corp: 97/393b lim: 14 exec/s: 6510 rss: 86Mb L: 13/14 MS: 5 CMP-CrossOver-CrossOver-ShuffleBytes-CopyPart- DE: "\001\000\000\000\000\000\000\002"-
#6577	NEW    cov: 170 ft: 635 corp: 98/395b lim: 14 exec/s: 6577 rss: 86Mb L: 2/14 MS: 2 ChangeByte-InsertByte-
#6678	NEW    cov: 170 ft: 638 corp: 99/407b lim: 14 exec/s: 6678 rss: 86Mb L: 12/14 MS: 1 ChangeBinInt-
#6959	REDUCE cov: 170 ft: 638 corp: 99/406b lim: 14 exec/s: 3479 rss: 86Mb L: 2/14 MS: 1 EraseBytes-
#7195	REDUCE cov: 170 ft: 682 corp: 100/417b lim: 14 exec/s: 3597 rss: 86Mb L: 11/14 MS: 1 InsertRepeatedBytes-
#7298	NEW    cov: 170 ft: 684 corp: 101/430b lim: 14 exec/s: 3649 rss: 86Mb L: 13/14 MS: 3 InsertByte-CrossOver-CrossOver-
#7381	NEW    cov: 170 ft: 685 corp: 102/441b lim: 14 exec/s: 3690 rss: 86Mb L: 11/14 MS: 3 ChangeBinInt-ChangeBinInt-CopyPart-
#7508	NEW    cov: 170 ft: 686 corp: 103/453b lim: 14 exec/s: 3754 rss: 86Mb L: 12/14 MS: 2 InsertByte-ChangeBinInt-
#7846	NEW    cov: 170 ft: 691 corp: 104/467b lim: 17 exec/s: 3923 rss: 86Mb L: 14/14 MS: 3 CopyPart-PersAutoDict-ChangeByte- DE: "\001\000\000\000\000\000\000\002"-
#7941	REDUCE cov: 170 ft: 691 corp: 104/466b lim: 17 exec/s: 3970 rss: 86Mb L: 12/14 MS: 5 InsertRepeatedBytes-ChangeBit-ShuffleBytes-ChangeBit-EraseBytes-
#7967	NEW    cov: 170 ft: 692 corp: 105/471b lim: 17 exec/s: 3983 rss: 86Mb L: 5/14 MS: 1 CrossOver-
#8053	REDUCE cov: 170 ft: 693 corp: 106/483b lim: 17 exec/s: 4026 rss: 86Mb L: 12/14 MS: 1 CopyPart-
#8144	NEW    cov: 170 ft: 695 corp: 107/497b lim: 17 exec/s: 4072 rss: 86Mb L: 14/14 MS: 1 InsertByte-
#8192	pulse  cov: 170 ft: 695 corp: 107/497b lim: 17 exec/s: 4096 rss: 86Mb
#8302	NEW    cov: 170 ft: 705 corp: 108/513b lim: 17 exec/s: 4151 rss: 86Mb L: 16/16 MS: 3 ChangeBit-CopyPart-CrossOver-
#8575	NEW    cov: 170 ft: 706 corp: 109/520b lim: 17 exec/s: 4287 rss: 86Mb L: 7/16 MS: 3 CopyPart-CrossOver-ChangeBit-
#8617	NEW    cov: 170 ft: 707 corp: 110/536b lim: 17 exec/s: 4308 rss: 86Mb L: 16/16 MS: 2 PersAutoDict-ChangeBit- DE: "\001\000\000\000\000\000\000\002"-
#8878	NEW    cov: 170 ft: 708 corp: 111/547b lim: 17 exec/s: 4439 rss: 86Mb L: 11/16 MS: 1 CopyPart-
#9069	REDUCE cov: 170 ft: 708 corp: 111/546b lim: 17 exec/s: 4534 rss: 86Mb L: 3/16 MS: 1 EraseBytes-
#9088	NEW    cov: 171 ft: 709 corp: 112/563b lim: 17 exec/s: 4544 rss: 86Mb L: 17/17 MS: 4 CrossOver-ChangeBinInt-PersAutoDict-CrossOver- DE: "\001\000\000\000\000\000\000\002"-
#9289	NEW    cov: 171 ft: 713 corp: 113/575b lim: 17 exec/s: 4644 rss: 86Mb L: 12/17 MS: 1 CrossOver-
#9364	NEW    cov: 171 ft: 714 corp: 114/584b lim: 17 exec/s: 4682 rss: 86Mb L: 9/17 MS: 5 InsertByte-EraseBytes-CopyPart-CrossOver-CopyPart-
#9927	REDUCE cov: 171 ft: 714 corp: 114/582b lim: 21 exec/s: 4963 rss: 86Mb L: 6/17 MS: 3 ChangeByte-ChangeASCIIInt-EraseBytes-
#10103	REDUCE cov: 171 ft: 714 corp: 114/581b lim: 21 exec/s: 5051 rss: 86Mb L: 6/17 MS: 1 EraseBytes-
#10124	REDUCE cov: 171 ft: 716 corp: 115/600b lim: 21 exec/s: 5062 rss: 86Mb L: 19/19 MS: 1 CopyPart-
#10275	NEW    cov: 171 ft: 718 corp: 116/616b lim: 21 exec/s: 3425 rss: 86Mb L: 16/19 MS: 1 ChangeBit-
#10406	REDUCE cov: 171 ft: 718 corp: 116/615b lim: 21 exec/s: 3468 rss: 86Mb L: 10/19 MS: 1 EraseBytes-
#10462	REDUCE cov: 171 ft: 718 corp: 116/614b lim: 21 exec/s: 3487 rss: 86Mb L: 3/19 MS: 1 CrossOver-
#10598	REDUCE cov: 171 ft: 718 corp: 116/612b lim: 21 exec/s: 3532 rss: 86Mb L: 10/19 MS: 1 CrossOver-
#10604	REDUCE cov: 171 ft: 718 corp: 116/601b lim: 21 exec/s: 3534 rss: 86Mb L: 5/19 MS: 1 CrossOver-
#10945	REDUCE cov: 171 ft: 718 corp: 116/599b lim: 21 exec/s: 3648 rss: 86Mb L: 5/19 MS: 1 EraseBytes-
#11142	NEW    cov: 171 ft: 720 corp: 117/619b lim: 21 exec/s: 3714 rss: 86Mb L: 20/20 MS: 2 ChangeByte-CrossOver-
#11241	REDUCE cov: 171 ft: 721 corp: 118/632b lim: 21 exec/s: 3747 rss: 86Mb L: 13/20 MS: 4 ChangeByte-EraseBytes-CrossOver-CopyPart-
#11272	REDUCE cov: 171 ft: 721 corp: 118/630b lim: 21 exec/s: 3757 rss: 86Mb L: 14/20 MS: 1 EraseBytes-
#11313	NEW    cov: 171 ft: 731 corp: 119/650b lim: 21 exec/s: 3771 rss: 86Mb L: 20/20 MS: 1 ShuffleBytes-
#11494	REDUCE cov: 171 ft: 732 corp: 120/667b lim: 21 exec/s: 3831 rss: 86Mb L: 17/20 MS: 1 CopyPart-
#11561	REDUCE cov: 171 ft: 733 corp: 121/674b lim: 21 exec/s: 3853 rss: 86Mb L: 7/20 MS: 2 CrossOver-InsertByte-
#11863	NEW    cov: 171 ft: 746 corp: 122/695b lim: 21 exec/s: 3954 rss: 86Mb L: 21/21 MS: 2 CopyPart-CopyPart-
#11939	NEW    cov: 171 ft: 748 corp: 123/704b lim: 21 exec/s: 3979 rss: 86Mb L: 9/21 MS: 1 CrossOver-
#11975	REDUCE cov: 171 ft: 748 corp: 123/699b lim: 21 exec/s: 3991 rss: 86Mb L: 9/21 MS: 1 EraseBytes-
#12001	REDUCE cov: 171 ft: 748 corp: 123/698b lim: 21 exec/s: 4000 rss: 86Mb L: 11/21 MS: 1 EraseBytes-
#12238	REDUCE cov: 171 ft: 748 corp: 123/694b lim: 21 exec/s: 4079 rss: 86Mb L: 9/21 MS: 2 ChangeASCIIInt-EraseBytes-
#12288	REDUCE cov: 171 ft: 753 corp: 124/715b lim: 21 exec/s: 4096 rss: 86Mb L: 21/21 MS: 5 CrossOver-InsertByte-CopyPart-CopyPart-ShuffleBytes-
#12299	REDUCE cov: 171 ft: 753 corp: 124/713b lim: 21 exec/s: 4099 rss: 86Mb L: 7/21 MS: 1 EraseBytes-
#12465	REDUCE cov: 171 ft: 754 corp: 125/722b lim: 21 exec/s: 3116 rss: 86Mb L: 9/21 MS: 1 CrossOver-
#12700	NEW    cov: 171 ft: 755 corp: 126/738b lim: 21 exec/s: 3175 rss: 86Mb L: 16/21 MS: 5 EraseBytes-CrossOver-EraseBytes-InsertByte-CopyPart-
#12711	REDUCE cov: 171 ft: 755 corp: 126/737b lim: 21 exec/s: 3177 rss: 86Mb L: 4/21 MS: 1 EraseBytes-
#12802	REDUCE cov: 171 ft: 755 corp: 126/736b lim: 21 exec/s: 3200 rss: 86Mb L: 6/21 MS: 1 EraseBytes-
#13014	REDUCE cov: 171 ft: 755 corp: 126/733b lim: 21 exec/s: 3253 rss: 86Mb L: 17/21 MS: 2 InsertByte-EraseBytes-
#13126	REDUCE cov: 171 ft: 759 corp: 127/754b lim: 21 exec/s: 3281 rss: 86Mb L: 21/21 MS: 2 CopyPart-CopyPart-
#13152	NEW    cov: 171 ft: 760 corp: 128/765b lim: 21 exec/s: 3288 rss: 86Mb L: 11/21 MS: 1 CrossOver-
#13693	REDUCE cov: 171 ft: 760 corp: 128/759b lim: 25 exec/s: 3423 rss: 86Mb L: 8/21 MS: 1 EraseBytes-
#13969	REDUCE cov: 171 ft: 760 corp: 128/758b lim: 25 exec/s: 3492 rss: 86Mb L: 8/21 MS: 1 EraseBytes-
#14075	NEW    cov: 171 ft: 761 corp: 129/766b lim: 25 exec/s: 3518 rss: 86Mb L: 8/21 MS: 1 CopyPart-
#14156	NEW    cov: 171 ft: 799 corp: 130/782b lim: 25 exec/s: 3539 rss: 86Mb L: 16/21 MS: 1 CrossOver-
#14177	NEW    cov: 171 ft: 800 corp: 131/792b lim: 25 exec/s: 3544 rss: 86Mb L: 10/21 MS: 1 CrossOver-
#14273	NEW    cov: 171 ft: 801 corp: 132/813b lim: 25 exec/s: 3568 rss: 86Mb L: 21/21 MS: 1 CopyPart-
#14309	NEW    cov: 171 ft: 808 corp: 133/838b lim: 25 exec/s: 3577 rss: 86Mb L: 25/25 MS: 1 CopyPart-
#14326	REDUCE cov: 171 ft: 808 corp: 133/837b lim: 25 exec/s: 3581 rss: 86Mb L: 10/25 MS: 2 CMP-EraseBytes- DE: "\001\000\000\000"-
#14897	REDUCE cov: 171 ft: 809 corp: 134/856b lim: 29 exec/s: 3724 rss: 86Mb L: 19/25 MS: 1 CopyPart-
#14919	REDUCE cov: 171 ft: 809 corp: 134/853b lim: 29 exec/s: 3729 rss: 86Mb L: 6/25 MS: 2 ChangeBit-EraseBytes-
#14965	NEW    cov: 171 ft: 819 corp: 135/881b lim: 29 exec/s: 3741 rss: 86Mb L: 28/28 MS: 1 CrossOver-
#15124	NEW    cov: 171 ft: 821 corp: 136/910b lim: 29 exec/s: 3024 rss: 86Mb L: 29/29 MS: 4 CopyPart-CopyPart-CopyPart-CopyPart-
#15163	REDUCE cov: 171 ft: 821 corp: 136/909b lim: 29 exec/s: 3032 rss: 86Mb L: 11/29 MS: 4 InsertByte-InsertRepeatedBytes-EraseBytes-InsertByte-
#15541	NEW    cov: 171 ft: 822 corp: 137/929b lim: 29 exec/s: 3108 rss: 86Mb L: 20/29 MS: 3 ChangeBit-CrossOver-CrossOver-
#15818	NEW    cov: 171 ft: 826 corp: 138/951b lim: 29 exec/s: 3163 rss: 86Mb L: 22/29 MS: 2 InsertByte-CopyPart-
#15934	REDUCE cov: 171 ft: 826 corp: 138/950b lim: 29 exec/s: 3186 rss: 86Mb L: 11/29 MS: 1 EraseBytes-
#16160	REDUCE cov: 171 ft: 826 corp: 138/948b lim: 29 exec/s: 3232 rss: 86Mb L: 14/29 MS: 1 EraseBytes-
#16203	NEW    cov: 171 ft: 827 corp: 139/970b lim: 29 exec/s: 3240 rss: 86Mb L: 22/29 MS: 3 CrossOver-CopyPart-CopyPart-
#16274	NEW    cov: 171 ft: 828 corp: 140/998b lim: 29 exec/s: 3254 rss: 86Mb L: 28/29 MS: 1 CopyPart-
#16384	pulse  cov: 171 ft: 828 corp: 140/998b lim: 29 exec/s: 3276 rss: 86Mb
#16676	REDUCE cov: 171 ft: 829 corp: 141/1011b lim: 29 exec/s: 3335 rss: 86Mb L: 13/29 MS: 2 CopyPart-EraseBytes-
#16687	REDUCE cov: 171 ft: 829 corp: 141/1007b lim: 29 exec/s: 3337 rss: 86Mb L: 6/29 MS: 1 CrossOver-
#16712	NEW    cov: 171 ft: 830 corp: 142/1027b lim: 29 exec/s: 3342 rss: 86Mb L: 20/29 MS: 5 InsertByte-ChangeBit-ShuffleBytes-PersAutoDict-CopyPart- DE: "\001\000\000\000"-
#17221	REDUCE cov: 171 ft: 830 corp: 142/1023b lim: 33 exec/s: 3444 rss: 86Mb L: 15/29 MS: 4 CopyPart-EraseBytes-CopyPart-EraseBytes-
#17364	REDUCE cov: 171 ft: 830 corp: 142/1022b lim: 33 exec/s: 3472 rss: 86Mb L: 10/29 MS: 3 CopyPart-EraseBytes-ChangeBit-
#17460	REDUCE cov: 171 ft: 834 corp: 143/1050b lim: 33 exec/s: 3492 rss: 86Mb L: 28/29 MS: 1 InsertRepeatedBytes-
#17651	NEW    cov: 171 ft: 836 corp: 144/1071b lim: 33 exec/s: 2941 rss: 86Mb L: 21/29 MS: 1 EraseBytes-
#17764	REDUCE cov: 171 ft: 836 corp: 144/1069b lim: 33 exec/s: 2960 rss: 86Mb L: 6/29 MS: 3 CrossOver-ShuffleBytes-EraseBytes-
#17878	REDUCE cov: 171 ft: 836 corp: 144/1068b lim: 33 exec/s: 2979 rss: 86Mb L: 20/29 MS: 4 ChangeBit-ChangeBinInt-CopyPart-EraseBytes-
#18025	REDUCE cov: 171 ft: 836 corp: 144/1066b lim: 33 exec/s: 3004 rss: 86Mb L: 8/29 MS: 2 ShuffleBytes-EraseBytes-
#18231	REDUCE cov: 171 ft: 836 corp: 144/1063b lim: 33 exec/s: 3038 rss: 86Mb L: 11/29 MS: 1 EraseBytes-
#18297	REDUCE cov: 174 ft: 839 corp: 145/1074b lim: 33 exec/s: 3049 rss: 86Mb L: 11/29 MS: 1 InsertByte-
#18578	REDUCE cov: 174 ft: 840 corp: 146/1090b lim: 33 exec/s: 3096 rss: 86Mb L: 16/29 MS: 1 CopyPart-
#19154	REDUCE cov: 174 ft: 841 corp: 147/1100b lim: 38 exec/s: 3192 rss: 86Mb L: 10/29 MS: 1 CopyPart-
#19610	REDUCE cov: 174 ft: 841 corp: 147/1096b lim: 38 exec/s: 2801 rss: 86Mb L: 24/29 MS: 1 EraseBytes-
#19619	REDUCE cov: 174 ft: 841 corp: 147/1095b lim: 38 exec/s: 2802 rss: 86Mb L: 6/29 MS: 4 InsertByte-CopyPart-ChangeBinInt-EraseBytes-
#19650	NEW    cov: 174 ft: 842 corp: 148/1106b lim: 38 exec/s: 2807 rss: 86Mb L: 11/29 MS: 1 ShuffleBytes-
#19747	REDUCE cov: 174 ft: 842 corp: 148/1103b lim: 38 exec/s: 2821 rss: 86Mb L: 26/28 MS: 2 InsertRepeatedBytes-EraseBytes-
#20069	NEW    cov: 174 ft: 843 corp: 149/1141b lim: 38 exec/s: 2867 rss: 86Mb L: 38/38 MS: 2 ShuffleBytes-InsertRepeatedBytes-
#20144	NEW    cov: 174 ft: 850 corp: 150/1176b lim: 38 exec/s: 2877 rss: 86Mb L: 35/38 MS: 5 ChangeBit-CrossOver-ChangeBinInt-ChangeByte-CopyPart-
#20225	NEW    cov: 174 ft: 852 corp: 151/1207b lim: 38 exec/s: 2889 rss: 86Mb L: 31/38 MS: 1 CopyPart-
#20287	NEW    cov: 174 ft: 855 corp: 152/1227b lim: 38 exec/s: 2898 rss: 86Mb L: 20/38 MS: 2 ShuffleBytes-ChangeByte-
#20705	REDUCE cov: 174 ft: 855 corp: 152/1222b lim: 38 exec/s: 2957 rss: 86Mb L: 23/38 MS: 3 ShuffleBytes-CopyPart-EraseBytes-
#21082	REDUCE cov: 174 ft: 855 corp: 152/1220b lim: 38 exec/s: 3011 rss: 86Mb L: 26/38 MS: 2 ChangeBit-EraseBytes-
#21103	REDUCE cov: 174 ft: 855 corp: 152/1219b lim: 38 exec/s: 3014 rss: 86Mb L: 12/38 MS: 1 EraseBytes-
#21150	REDUCE cov: 174 ft: 855 corp: 152/1215b lim: 38 exec/s: 3021 rss: 86Mb L: 8/38 MS: 2 ChangeBit-EraseBytes-
#21396	NEW    cov: 174 ft: 856 corp: 153/1226b lim: 38 exec/s: 3056 rss: 86Mb L: 11/38 MS: 1 CopyPart-
#21522	REDUCE cov: 174 ft: 856 corp: 153/1225b lim: 38 exec/s: 3074 rss: 86Mb L: 19/38 MS: 1 EraseBytes-
#21539	REDUCE cov: 174 ft: 856 corp: 153/1224b lim: 38 exec/s: 3077 rss: 86Mb L: 19/38 MS: 2 CopyPart-EraseBytes-
#21700	REDUCE cov: 174 ft: 856 corp: 153/1222b lim: 38 exec/s: 2712 rss: 86Mb L: 22/38 MS: 1 EraseBytes-
#21881	REDUCE cov: 174 ft: 856 corp: 153/1219b lim: 38 exec/s: 2735 rss: 86Mb L: 8/38 MS: 1 EraseBytes-
#22037	REDUCE cov: 174 ft: 856 corp: 153/1212b lim: 38 exec/s: 2754 rss: 86Mb L: 31/35 MS: 1 EraseBytes-
#22165	REDUCE cov: 174 ft: 856 corp: 153/1211b lim: 38 exec/s: 2770 rss: 86Mb L: 5/35 MS: 3 ChangeBinInt-InsertByte-EraseBytes-
#22406	REDUCE cov: 174 ft: 857 corp: 154/1219b lim: 38 exec/s: 2800 rss: 86Mb L: 8/35 MS: 1 ChangeBit-
#22681	REDUCE cov: 174 ft: 859 corp: 155/1246b lim: 38 exec/s: 2835 rss: 86Mb L: 27/35 MS: 5 ChangeBit-InsertByte-CrossOver-ShuffleBytes-CrossOver-
#22688	REDUCE cov: 174 ft: 859 corp: 155/1245b lim: 38 exec/s: 2836 rss: 86Mb L: 9/35 MS: 2 CopyPart-EraseBytes-
#22774	REDUCE cov: 174 ft: 859 corp: 155/1244b lim: 38 exec/s: 2846 rss: 86Mb L: 10/35 MS: 1 EraseBytes-
#22868	REDUCE cov: 174 ft: 859 corp: 155/1243b lim: 38 exec/s: 2858 rss: 86Mb L: 18/35 MS: 4 CMP-CopyPart-CopyPart-EraseBytes- DE: "\000\000"-
#22939	REDUCE cov: 174 ft: 859 corp: 155/1242b lim: 38 exec/s: 2867 rss: 86Mb L: 3/35 MS: 1 EraseBytes-
#23100	NEW    cov: 174 ft: 860 corp: 156/1272b lim: 38 exec/s: 2887 rss: 86Mb L: 30/35 MS: 1 CopyPart-
#23711	NEW    cov: 174 ft: 862 corp: 157/1306b lim: 43 exec/s: 2634 rss: 86Mb L: 34/35 MS: 1 CopyPart-
#23733	REDUCE cov: 174 ft: 862 corp: 157/1305b lim: 43 exec/s: 2637 rss: 86Mb L: 7/35 MS: 2 ShuffleBytes-EraseBytes-
#23899	NEW    cov: 174 ft: 863 corp: 158/1341b lim: 43 exec/s: 2655 rss: 86Mb L: 36/36 MS: 1 CopyPart-
#23971	NEW    cov: 174 ft: 875 corp: 159/1383b lim: 43 exec/s: 2663 rss: 86Mb L: 42/42 MS: 2 InsertByte-CopyPart-
#24152	REDUCE cov: 174 ft: 875 corp: 159/1380b lim: 43 exec/s: 2683 rss: 86Mb L: 31/42 MS: 1 EraseBytes-
#24419	NEW    cov: 174 ft: 876 corp: 160/1408b lim: 43 exec/s: 2713 rss: 86Mb L: 28/42 MS: 2 InsertByte-CopyPart-
#24466	REDUCE cov: 174 ft: 876 corp: 160/1406b lim: 43 exec/s: 2718 rss: 86Mb L: 3/42 MS: 2 CrossOver-EraseBytes-
#24702	REDUCE cov: 174 ft: 876 corp: 160/1405b lim: 43 exec/s: 2744 rss: 86Mb L: 10/42 MS: 1 EraseBytes-
#24735	REDUCE cov: 174 ft: 876 corp: 160/1403b lim: 43 exec/s: 2748 rss: 86Mb L: 29/42 MS: 3 ChangeBit-ChangeBit-EraseBytes-
#24736	REDUCE cov: 174 ft: 878 corp: 161/1429b lim: 43 exec/s: 2748 rss: 86Mb L: 26/42 MS: 1 ChangeBit-
#25059	NEW    cov: 174 ft: 880 corp: 162/1468b lim: 43 exec/s: 2505 rss: 86Mb L: 39/42 MS: 3 ShuffleBytes-ChangeByte-CrossOver-
#25405	REDUCE cov: 174 ft: 880 corp: 162/1462b lim: 43 exec/s: 2540 rss: 86Mb L: 16/42 MS: 1 EraseBytes-
#25532	REDUCE cov: 174 ft: 880 corp: 162/1461b lim: 43 exec/s: 2553 rss: 86Mb L: 9/42 MS: 2 ChangeByte-EraseBytes-
#25534	REDUCE cov: 174 ft: 880 corp: 162/1459b lim: 43 exec/s: 2553 rss: 86Mb L: 8/42 MS: 2 ChangeBit-EraseBytes-
#25595	REDUCE cov: 174 ft: 882 corp: 163/1487b lim: 43 exec/s: 2559 rss: 86Mb L: 28/42 MS: 1 InsertRepeatedBytes-
#25626	NEW    cov: 174 ft: 883 corp: 164/1527b lim: 43 exec/s: 2562 rss: 86Mb L: 40/42 MS: 1 CopyPart-
#25845	NEW    cov: 174 ft: 884 corp: 165/1554b lim: 43 exec/s: 2584 rss: 86Mb L: 27/42 MS: 4 PersAutoDict-EraseBytes-ChangeBinInt-CopyPart- DE: "\001\000\000\000"-
#25956	NEW    cov: 174 ft: 885 corp: 166/1576b lim: 43 exec/s: 2595 rss: 86Mb L: 22/42 MS: 1 CrossOver-
#26030	NEW    cov: 174 ft: 893 corp: 167/1613b lim: 43 exec/s: 2603 rss: 86Mb L: 37/42 MS: 4 ShuffleBytes-CopyPart-ChangeBit-CrossOver-
#26398	REDUCE cov: 174 ft: 894 corp: 168/1641b lim: 43 exec/s: 2639 rss: 86Mb L: 28/42 MS: 3 CrossOver-ShuffleBytes-ShuffleBytes-
#26653	DONE   cov: 174 ft: 894 corp: 168/1641b lim: 43 exec/s: 2423 rss: 86Mb
###### Recommended dictionary. ######
"\001\000\000\000\000\000\000\002" # Uses: 899
"\001\000\000\000" # Uses: 469
"\000\000" # Uses: 116
###### End of recommended dictionary. ######
Done 26653 runs in 11 second(s)
