
============================================================
Evaluating: /root/Tokenizer.scala
============================================================

✓ File exists
✓ Source loaded (5653 characters)

--- Checking Compilation ---
❌ Compilation failed
  - java.io.IOException: User limit of inotify instances reached or too many open files
  - Use 'last' for the full log.

--- Running Unit Tests ---
⚠ Skipping tests (sbt not available or compilation failed)

--- Evaluating Code Quality Criteria ---


FUNCTIONALITY_PRESERVATION:
----------------------------------------
Score: 4/5 (GOOD)
  Found 6/9 required components
  Missing components: UniversalTokenizer, WhitespaceTokenizer, TokenizerBuilder
  Found 4/4 key methods
  Suggestions:
    → Implement missing components: UniversalTokenizer, WhitespaceTokenizer, TokenizerBuilder

SCALA_CONVENTIONS:
----------------------------------------
Score: 5/5 (EXCELLENT)
  ✓ camelCase_methods: 29 occurrences
  ✓ PascalCase_classes: 21 occurrences
  ✓ immutable_val: 22 occurrences
  ✓ case_class: 1 occurrences
  ✓ sealed_trait: 1 occurrences
  Suggestions:
    → Consider refactoring: Null usage (prefer Option)

READABILITY:
----------------------------------------
Score: 5/5 (EXCELLENT)
  Total lines: 189
  Scaladoc blocks: 0
  Single-line comments: 15
  Type annotations: 61

PARADIGM_MATCH:
----------------------------------------
Score: 4/5 (GOOD)
  ✓ map: 4 occurrences
  ✓ higher_order_func: 3 occurrences
  ✓ immutable_collections: 7 occurrences
  Immutability ratio (val/total): 91.67%
  Option usage: 1, null usage: 1
  Suggestions:
    → Consider reducing mutable variables (2 vars found)
    → Consider using Option instead of null

APPROPRIATE_ABSTRACTIONS:
----------------------------------------
Score: 5/5 (EXCELLENT)
  Traits defined: 5
  ✓ Sealed hierarchies: 1
  Generic type usages: 30
  Objects/Companions: 2
  ✓ Variance annotations: 3

============================================================
EVALUATION SUMMARY
============================================================
Overall Score: 23/25 (92.0%)
Status: ❌ NEEDS IMPROVEMENT
============================================================

