
============================================================
Evaluating: /root/Tokenizer.scala
============================================================

✓ File exists
✓ Source loaded (16887 characters)

--- Checking Compilation ---
❌ Compilation failed
  - java.io.IOException: User limit of inotify instances reached or too many open files
  - Use 'last' for the full log.

--- Running Unit Tests ---
⚠ Skipping tests (sbt not available or compilation failed)

--- Evaluating Code Quality Criteria ---


FUNCTIONALITY_PRESERVATION:
----------------------------------------
Score: 5/5 (EXCELLENT)
  Found 9/9 required components
  Found 4/4 key methods

SCALA_CONVENTIONS:
----------------------------------------
Score: 4/5 (GOOD)
  ✓ camelCase_methods: 53 occurrences
  ✓ PascalCase_classes: 40 occurrences
  ✓ immutable_val: 36 occurrences
  ✓ case_class: 8 occurrences
  ✓ sealed_trait: 2 occurrences
  Suggestions:
    → Consider refactoring: Null usage (prefer Option)
    → Consider refactoring: Explicit return statement (often unnecessary in Scala)

READABILITY:
----------------------------------------
Score: 5/5 (EXCELLENT)
  Total lines: 609
  Scaladoc blocks: 29
  Single-line comments: 37
  Type annotations: 127

PARADIGM_MATCH:
----------------------------------------
Score: 3/5 (ADEQUATE)
  ✓ map: 11 occurrences
  ✓ flatMap: 2 occurrences
  ✓ higher_order_func: 27 occurrences
  ✓ immutable_collections: 21 occurrences
  Immutability ratio (val/total): 75.00%
  Suggestions:
    → Consider reducing mutable variables (12 vars found)
    → Consider using Option instead of null

APPROPRIATE_ABSTRACTIONS:
----------------------------------------
Score: 5/5 (EXCELLENT)
  Traits defined: 6
  ✓ Sealed hierarchies: 2
  Generic type usages: 81
  Objects/Companions: 7
  ✓ Variance annotations: 3

============================================================
EVALUATION SUMMARY
============================================================
Overall Score: 22/25 (88.0%)
Status: ❌ NEEDS IMPROVEMENT
============================================================

