INFO: Instrumenting black
INFO: Instrumenting json
INFO: Instrumenting json.decoder
INFO: Instrumenting json.scanner
INFO: Instrumenting json.encoder
INFO: Instrumenting platform
INFO: Instrumenting datetime
INFO: Instrumenting click
INFO: Instrumenting __future__
INFO: Instrumenting click.core
INFO: Instrumenting gettext
INFO: Instrumenting click.types
INFO: Instrumenting click._compat
INFO: Instrumenting click.exceptions
INFO: Instrumenting click.globals
INFO: Instrumenting click.utils
INFO: Instrumenting click._utils
INFO: Instrumenting click.formatting
INFO: Instrumenting click.parser
INFO: Instrumenting click.termui
INFO: Instrumenting click.decorators
INFO: Instrumenting mypy_extensions
INFO: Instrumenting pathspec
INFO: Instrumenting pathspec.gitignore
INFO: Instrumenting pathspec.backend
INFO: Instrumenting pathspec._backends
INFO: Instrumenting pathspec._backends.agg
INFO: Instrumenting pathspec.pattern
INFO: Instrumenting pathspec._typing
INFO: Instrumenting pathspec._backends.hyperscan
INFO: Instrumenting pathspec._backends.hyperscan.base
INFO: Instrumenting pathspec._backends.hyperscan.gitignore
INFO: Instrumenting pathspec.patterns
INFO: Instrumenting pathspec.patterns.gitignore
INFO: Instrumenting pathspec.patterns.gitignore.base
INFO: Instrumenting pathspec.patterns.gitignore.basic
INFO: Instrumenting pathspec.util
INFO: Instrumenting pathspec.patterns.gitignore.spec
INFO: Instrumenting pathspec.patterns.gitwildmatch
INFO: Instrumenting pathspec._backends.hyperscan._base
INFO: Instrumenting pathspec._backends.hyperscan.pathspec
INFO: Instrumenting pathspec._backends._utils
INFO: Instrumenting pathspec._backends.re2
INFO: Instrumenting pathspec._backends.re2.base
INFO: Instrumenting pathspec._backends.re2._base
INFO: Instrumenting pathspec._backends.re2.gitignore
INFO: Instrumenting pathspec._backends.re2.pathspec
INFO: Instrumenting pathspec._backends.simple
INFO: Instrumenting pathspec._backends.simple.gitignore
INFO: Instrumenting pathspec._backends.simple.pathspec
INFO: Instrumenting pathspec.pathspec
INFO: Instrumenting pathspec._meta
INFO: Instrumenting pathspec._version
INFO: Instrumenting _black_version
INFO: Instrumenting black.cache
INFO: Instrumenting hashlib
INFO: Instrumenting pickle
INFO: Instrumenting struct
INFO: Instrumenting _compat_pickle
INFO: Instrumenting platformdirs
INFO: Instrumenting platformdirs.api
INFO: Instrumenting platformdirs.version
INFO: Instrumenting platformdirs.unix
INFO: Instrumenting configparser
INFO: Instrumenting black.mode
INFO: Instrumenting black.const
INFO: Instrumenting black.output
INFO: Instrumenting black.comments
INFO: Instrumenting black.nodes
INFO: Instrumenting black.strings
INFO: Instrumenting black._width_table
INFO: Instrumenting blib2to3
INFO: Instrumenting blib2to3.pytree
INFO: Instrumenting blib2to3.pgen2
INFO: Instrumenting blib2to3.pgen2.grammar
INFO: Instrumenting blib2to3.pgen2.token
INFO: Instrumenting blib2to3.pygram
INFO: Instrumenting blib2to3.pgen2.driver
INFO: Instrumenting pkgutil
INFO: Instrumenting importlib.util
WARNING: It looks like this module is imported by a custom loader. Atheris has experimental support for this. However, it may be incompatible with certain libraries. If you experience unusual errors or poor coverage collection, try atheris.instrument_all() instead, add enable_loader_override=False to instrument_imports(), or file an issue on GitHub.
INFO: Instrumenting blib2to3.pgen2.tokenize
INFO: Instrumenting blib2to3.pgen2.parse
INFO: Instrumenting blib2to3.pgen2.pgen
INFO: Instrumenting black.files
INFO: Instrumenting packaging
INFO: Instrumenting packaging.specifiers
INFO: Instrumenting packaging.utils
INFO: Instrumenting packaging.tags
INFO: Instrumenting subprocess
INFO: Instrumenting locale
INFO: Instrumenting _locale
INFO: Instrumenting signal
INFO: Instrumenting selectors
INFO: Instrumenting sysconfig
INFO: Instrumenting packaging._manylinux
INFO: Instrumenting packaging._elffile
INFO: Instrumenting packaging._musllinux
INFO: Instrumenting packaging.version
INFO: Instrumenting packaging._structures
INFO: Instrumenting tomllib
INFO: Instrumenting tomllib._parser
INFO: Instrumenting tomllib._re
INFO: Instrumenting tomllib._types
INFO: Instrumenting black.handle_ipynb_magics
INFO: Instrumenting secrets
INFO: Instrumenting base64
INFO: Instrumenting hmac
INFO: Instrumenting black.report
INFO: Instrumenting black.linegen
INFO: Instrumenting black.brackets
INFO: Instrumenting black.lines
INFO: Instrumenting black.numerics
INFO: Instrumenting black.trans
INFO: Instrumenting black.rusty
INFO: Instrumenting black.parsing
INFO: Instrumenting black.ranges
INFO: Instrumenting difflib
INFO: Instrumenting heapq
INFO: Using built-in libfuzzer
WARNING: Failed to find function "__sanitizer_acquire_crash_state".
WARNING: Failed to find function "__sanitizer_print_stack_trace".
WARNING: Failed to find function "__sanitizer_set_death_callback".
INFO: Running with entropic power schedule (0xFF, 100).
INFO: Seed: 203537007
INFO: -max_len is not provided; libFuzzer will not generate inputs larger than 4096 bytes
INFO: A corpus is not provided, starting from an empty corpus
#2	INITED cov: 234 ft: 234 corp: 1/1b exec/s: 0 rss: 56Mb
#10	NEW    cov: 246 ft: 311 corp: 2/3b lim: 4 exec/s: 0 rss: 56Mb L: 2/2 MS: 3 ChangeByte-ShuffleBytes-InsertByte-
#11	NEW    cov: 249 ft: 314 corp: 3/5b lim: 4 exec/s: 0 rss: 56Mb L: 2/2 MS: 1 ChangeByte-
#17	NEW    cov: 459 ft: 730 corp: 4/7b lim: 4 exec/s: 0 rss: 56Mb L: 2/2 MS: 1 ChangeByte-
#18	NEW    cov: 459 ft: 767 corp: 5/9b lim: 4 exec/s: 0 rss: 56Mb L: 2/2 MS: 1 ChangeBinInt-
#30	NEW    cov: 459 ft: 779 corp: 6/12b lim: 4 exec/s: 0 rss: 56Mb L: 3/3 MS: 2 EraseBytes-CrossOver-
#39	NEW    cov: 470 ft: 790 corp: 7/15b lim: 4 exec/s: 0 rss: 56Mb L: 3/3 MS: 4 CrossOver-ChangeBit-ChangeByte-ShuffleBytes-
#40	NEW    cov: 528 ft: 990 corp: 8/19b lim: 4 exec/s: 0 rss: 56Mb L: 4/4 MS: 1 InsertByte-
#42	NEW    cov: 530 ft: 993 corp: 9/23b lim: 4 exec/s: 0 rss: 56Mb L: 4/4 MS: 2 ChangeByte-InsertByte-
#55	NEW    cov: 530 ft: 995 corp: 10/27b lim: 4 exec/s: 0 rss: 56Mb L: 4/4 MS: 3 EraseBytes-ChangeByte-CrossOver-
#61	NEW    cov: 606 ft: 1083 corp: 11/30b lim: 4 exec/s: 0 rss: 56Mb L: 3/4 MS: 1 CopyPart-
#64	NEW    cov: 608 ft: 1093 corp: 12/33b lim: 4 exec/s: 0 rss: 56Mb L: 3/4 MS: 3 CopyPart-ChangeBit-ChangeByte-
#67	NEW    cov: 620 ft: 1105 corp: 13/35b lim: 4 exec/s: 0 rss: 56Mb L: 2/4 MS: 3 CopyPart-ChangeBit-EraseBytes-
#71	NEW    cov: 620 ft: 1108 corp: 14/37b lim: 4 exec/s: 0 rss: 56Mb L: 2/4 MS: 4 ShuffleBytes-ChangeBit-CrossOver-EraseBytes-
#93	NEW    cov: 626 ft: 1183 corp: 15/41b lim: 4 exec/s: 0 rss: 56Mb L: 4/4 MS: 2 ShuffleBytes-CrossOver-
#96	REDUCE cov: 626 ft: 1183 corp: 15/40b lim: 4 exec/s: 0 rss: 56Mb L: 3/4 MS: 3 CrossOver-EraseBytes-ChangeASCIIInt-
#106	NEW    cov: 626 ft: 1208 corp: 16/43b lim: 4 exec/s: 0 rss: 56Mb L: 3/4 MS: 5 ChangeByte-ChangeBit-CopyPart-ChangeByte-CrossOver-
#114	NEW    cov: 626 ft: 1218 corp: 17/47b lim: 4 exec/s: 0 rss: 56Mb L: 4/4 MS: 3 CopyPart-ChangeBit-ChangeBinInt-
#150	NEW    cov: 649 ft: 1369 corp: 18/51b lim: 4 exec/s: 0 rss: 56Mb L: 4/4 MS: 1 InsertByte-
#179	NEW    cov: 649 ft: 1370 corp: 19/55b lim: 4 exec/s: 0 rss: 56Mb L: 4/4 MS: 4 ChangeBinInt-ChangeByte-ChangeByte-CMP- DE: "\377\377"-
#185	NEW    cov: 649 ft: 1373 corp: 20/58b lim: 4 exec/s: 0 rss: 56Mb L: 3/4 MS: 1 InsertByte-
#187	NEW    cov: 655 ft: 1379 corp: 21/60b lim: 4 exec/s: 0 rss: 56Mb L: 2/4 MS: 2 CopyPart-CrossOver-
#188	NEW    cov: 655 ft: 1380 corp: 22/63b lim: 4 exec/s: 0 rss: 56Mb L: 3/4 MS: 1 CopyPart-
#194	NEW    cov: 655 ft: 1383 corp: 23/67b lim: 4 exec/s: 0 rss: 56Mb L: 4/4 MS: 1 ChangeByte-
#236	NEW    cov: 655 ft: 1384 corp: 24/71b lim: 4 exec/s: 0 rss: 56Mb L: 4/4 MS: 2 ShuffleBytes-InsertByte-
#272	NEW    cov: 699 ft: 1486 corp: 25/75b lim: 4 exec/s: 0 rss: 56Mb L: 4/4 MS: 1 CopyPart-
#310	NEW    cov: 699 ft: 1487 corp: 26/77b lim: 4 exec/s: 0 rss: 56Mb L: 2/4 MS: 3 ChangeBit-PersAutoDict-EraseBytes- DE: "\377\377"-
#325	NEW    cov: 699 ft: 1488 corp: 27/80b lim: 4 exec/s: 0 rss: 56Mb L: 3/4 MS: 5 ChangeByte-ChangeASCIIInt-ShuffleBytes-EraseBytes-ShuffleBytes-
#334	NEW    cov: 700 ft: 1499 corp: 28/84b lim: 4 exec/s: 0 rss: 56Mb L: 4/4 MS: 4 CopyPart-ShuffleBytes-ChangeBinInt-CMP- DE: "\347\250\267"-
#341	NEW    cov: 700 ft: 1663 corp: 29/88b lim: 4 exec/s: 0 rss: 56Mb L: 4/4 MS: 2 ChangeByte-CrossOver-
#378	NEW    cov: 700 ft: 1665 corp: 30/91b lim: 4 exec/s: 0 rss: 56Mb L: 3/4 MS: 2 InsertByte-ShuffleBytes-
#386	NEW    cov: 714 ft: 1679 corp: 31/95b lim: 4 exec/s: 0 rss: 56Mb L: 4/4 MS: 3 CrossOver-CopyPart-PersAutoDict- DE: "\347\250\267"-
#467	NEW    cov: 714 ft: 1710 corp: 32/97b lim: 4 exec/s: 0 rss: 56Mb L: 2/4 MS: 1 ChangeBinInt-
#482	NEW    cov: 715 ft: 1717 corp: 33/101b lim: 4 exec/s: 0 rss: 56Mb L: 4/4 MS: 5 PersAutoDict-EraseBytes-ShuffleBytes-InsertByte-CMP- DE: "\377\377"-"def"-
#493	REDUCE cov: 715 ft: 1718 corp: 34/104b lim: 4 exec/s: 0 rss: 56Mb L: 3/4 MS: 1 ChangeBit-
#520	REDUCE cov: 715 ft: 1718 corp: 34/103b lim: 4 exec/s: 0 rss: 56Mb L: 3/4 MS: 2 ChangeBinInt-EraseBytes-
#533	NEW    cov: 715 ft: 1791 corp: 35/106b lim: 4 exec/s: 533 rss: 56Mb L: 3/4 MS: 3 ChangeBit-CopyPart-CopyPart-
#544	NEW    cov: 715 ft: 1792 corp: 36/109b lim: 4 exec/s: 544 rss: 56Mb L: 3/4 MS: 1 InsertByte-
#582	NEW    cov: 715 ft: 1802 corp: 37/113b lim: 4 exec/s: 582 rss: 56Mb L: 4/4 MS: 3 ChangeByte-ChangeBit-CopyPart-
#584	NEW    cov: 715 ft: 1803 corp: 38/117b lim: 4 exec/s: 584 rss: 56Mb L: 4/4 MS: 2 ChangeBit-ChangeBit-
#590	NEW    cov: 730 ft: 1841 corp: 39/121b lim: 4 exec/s: 590 rss: 56Mb L: 4/4 MS: 1 CopyPart-
#613	NEW    cov: 730 ft: 1865 corp: 40/123b lim: 4 exec/s: 613 rss: 56Mb L: 2/4 MS: 3 EraseBytes-CopyPart-InsertByte-
#637	NEW    cov: 730 ft: 1866 corp: 41/127b lim: 4 exec/s: 637 rss: 56Mb L: 4/4 MS: 4 EraseBytes-PersAutoDict-ShuffleBytes-CMP- DE: "\347\250\267"-"for"-
#654	NEW    cov: 730 ft: 1885 corp: 42/130b lim: 4 exec/s: 654 rss: 56Mb L: 3/4 MS: 2 ChangeBit-EraseBytes-
#743	NEW    cov: 749 ft: 1920 corp: 43/134b lim: 4 exec/s: 743 rss: 56Mb L: 4/4 MS: 4 ChangeBit-PersAutoDict-CrossOver-CopyPart- DE: "def"-
#817	NEW    cov: 749 ft: 1930 corp: 44/138b lim: 4 exec/s: 817 rss: 56Mb L: 4/4 MS: 4 ChangeBinInt-ChangeBit-ChangeASCIIInt-ChangeByte-
#881	NEW    cov: 749 ft: 1933 corp: 45/142b lim: 4 exec/s: 881 rss: 56Mb L: 4/4 MS: 4 InsertByte-CopyPart-CrossOver-CopyPart-
#891	REDUCE cov: 749 ft: 1933 corp: 45/140b lim: 4 exec/s: 891 rss: 56Mb L: 2/4 MS: 5 ChangeBit-CrossOver-CopyPart-ShuffleBytes-InsertByte-
#905	NEW    cov: 749 ft: 1934 corp: 46/142b lim: 4 exec/s: 905 rss: 56Mb L: 2/4 MS: 4 ChangeBit-InsertByte-CrossOver-ShuffleBytes-
#921	NEW    cov: 749 ft: 1936 corp: 47/146b lim: 4 exec/s: 921 rss: 56Mb L: 4/4 MS: 1 CrossOver-
#925	NEW    cov: 749 ft: 1952 corp: 48/150b lim: 4 exec/s: 925 rss: 56Mb L: 4/4 MS: 4 CrossOver-ChangeBit-CrossOver-ChangeBit-
#938	NEW    cov: 749 ft: 1955 corp: 49/154b lim: 4 exec/s: 938 rss: 56Mb L: 4/4 MS: 3 CrossOver-CopyPart-CrossOver-
#945	NEW    cov: 749 ft: 1957 corp: 50/158b lim: 4 exec/s: 945 rss: 56Mb L: 4/4 MS: 2 CopyPart-ChangeByte-
#964	NEW    cov: 826 ft: 2102 corp: 51/162b lim: 4 exec/s: 964 rss: 56Mb L: 4/4 MS: 4 ShuffleBytes-ChangeBinInt-ChangeByte-CopyPart-
#1187	NEW    cov: 826 ft: 2105 corp: 52/168b lim: 6 exec/s: 593 rss: 56Mb L: 6/6 MS: 3 InsertRepeatedBytes-ChangeByte-ShuffleBytes-
#1189	NEW    cov: 826 ft: 2106 corp: 53/174b lim: 6 exec/s: 594 rss: 56Mb L: 6/6 MS: 2 PersAutoDict-CrossOver- DE: "\347\250\267"-
#1220	NEW    cov: 826 ft: 2108 corp: 54/179b lim: 6 exec/s: 610 rss: 56Mb L: 5/6 MS: 1 InsertByte-
#1250	NEW    cov: 826 ft: 2123 corp: 55/185b lim: 6 exec/s: 625 rss: 56Mb L: 6/6 MS: 5 CopyPart-ChangeBinInt-CopyPart-ChangeByte-CrossOver-
#1256	NEW    cov: 826 ft: 2147 corp: 56/191b lim: 6 exec/s: 628 rss: 56Mb L: 6/6 MS: 1 CopyPart-
#1273	NEW    cov: 826 ft: 2148 corp: 57/195b lim: 6 exec/s: 636 rss: 56Mb L: 4/6 MS: 2 ShuffleBytes-ChangeByte-
#1286	NEW    cov: 840 ft: 2163 corp: 58/199b lim: 6 exec/s: 643 rss: 56Mb L: 4/6 MS: 3 ShuffleBytes-PersAutoDict-CopyPart- DE: "\347\250\267"-
#1293	NEW    cov: 840 ft: 2200 corp: 59/205b lim: 6 exec/s: 646 rss: 56Mb L: 6/6 MS: 2 InsertByte-CopyPart-
#1312	NEW    cov: 840 ft: 2204 corp: 60/210b lim: 6 exec/s: 656 rss: 56Mb L: 5/6 MS: 4 EraseBytes-CopyPart-InsertRepeatedBytes-ShuffleBytes-
#1376	NEW    cov: 840 ft: 2205 corp: 61/216b lim: 6 exec/s: 688 rss: 56Mb L: 6/6 MS: 4 CopyPart-CrossOver-ChangeASCIIInt-ShuffleBytes-
#1391	NEW    cov: 840 ft: 2207 corp: 62/222b lim: 6 exec/s: 695 rss: 56Mb L: 6/6 MS: 5 CopyPart-ShuffleBytes-ChangeByte-InsertByte-ShuffleBytes-
#1401	REDUCE cov: 840 ft: 2209 corp: 63/227b lim: 6 exec/s: 700 rss: 56Mb L: 5/6 MS: 5 ChangeBit-ChangeBit-ChangeASCIIInt-ChangeASCIIInt-CrossOver-
#1405	NEW    cov: 848 ft: 2230 corp: 64/231b lim: 6 exec/s: 702 rss: 56Mb L: 4/6 MS: 4 InsertByte-CopyPart-CopyPart-CopyPart-
#1444	NEW    cov: 848 ft: 2231 corp: 65/237b lim: 6 exec/s: 722 rss: 56Mb L: 6/6 MS: 4 ChangeByte-CopyPart-ChangeByte-ChangeBinInt-
#1481	NEW    cov: 853 ft: 2256 corp: 66/243b lim: 6 exec/s: 740 rss: 56Mb L: 6/6 MS: 2 ShuffleBytes-CrossOver-
#1519	NEW    cov: 853 ft: 2257 corp: 67/248b lim: 6 exec/s: 759 rss: 56Mb L: 5/6 MS: 3 ChangeBit-CopyPart-InsertByte-
#1520	NEW    cov: 854 ft: 2258 corp: 68/254b lim: 6 exec/s: 760 rss: 56Mb L: 6/6 MS: 1 ChangeByte-
#1606	NEW    cov: 854 ft: 2259 corp: 69/259b lim: 6 exec/s: 803 rss: 56Mb L: 5/6 MS: 1 InsertByte-
#1696	NEW    cov: 857 ft: 2262 corp: 70/263b lim: 6 exec/s: 848 rss: 56Mb L: 4/6 MS: 5 EraseBytes-ShuffleBytes-CrossOver-ChangeBinInt-ChangeBinInt-
#1710	REDUCE cov: 857 ft: 2262 corp: 70/262b lim: 6 exec/s: 855 rss: 56Mb L: 5/6 MS: 4 CrossOver-CopyPart-InsertRepeatedBytes-CopyPart-
#1807	NEW    cov: 857 ft: 2263 corp: 71/268b lim: 6 exec/s: 602 rss: 56Mb L: 6/6 MS: 2 EraseBytes-CopyPart-
#1947	NEW    cov: 882 ft: 2318 corp: 72/274b lim: 6 exec/s: 649 rss: 56Mb L: 6/6 MS: 5 ChangeBinInt-CrossOver-PersAutoDict-ChangeBit-CopyPart- DE: "for"-
#2048	pulse  cov: 882 ft: 2318 corp: 72/274b lim: 6 exec/s: 682 rss: 56Mb
#2186	NEW    cov: 882 ft: 2319 corp: 73/282b lim: 8 exec/s: 728 rss: 56Mb L: 8/8 MS: 4 CMP-ChangeBinInt-ShuffleBytes-ChangeBinInt- DE: "of"-
#2227	NEW    cov: 883 ft: 2349 corp: 74/289b lim: 8 exec/s: 742 rss: 56Mb L: 7/8 MS: 1 InsertByte-
#2239	NEW    cov: 883 ft: 2351 corp: 75/296b lim: 8 exec/s: 746 rss: 56Mb L: 7/8 MS: 2 PersAutoDict-InsertRepeatedBytes- DE: "of"-
#2245	NEW    cov: 884 ft: 2352 corp: 76/299b lim: 8 exec/s: 748 rss: 56Mb L: 3/8 MS: 1 InsertByte-
#2299	NEW    cov: 884 ft: 2353 corp: 77/306b lim: 8 exec/s: 766 rss: 56Mb L: 7/8 MS: 4 PersAutoDict-InsertByte-ChangeByte-CrossOver- DE: "\347\250\267"-
#2300	NEW    cov: 885 ft: 2390 corp: 78/311b lim: 8 exec/s: 766 rss: 56Mb L: 5/8 MS: 1 ShuffleBytes-
#2398	NEW    cov: 886 ft: 2391 corp: 79/317b lim: 8 exec/s: 799 rss: 56Mb L: 6/8 MS: 3 ChangeBit-ChangeBit-CopyPart-
#2399	NEW    cov: 888 ft: 2399 corp: 80/324b lim: 8 exec/s: 799 rss: 56Mb L: 7/8 MS: 1 InsertByte-
#2405	NEW    cov: 888 ft: 2400 corp: 81/331b lim: 8 exec/s: 801 rss: 56Mb L: 7/8 MS: 1 CopyPart-
#2544	NEW    cov: 888 ft: 2465 corp: 82/339b lim: 8 exec/s: 848 rss: 56Mb L: 8/8 MS: 4 ChangeByte-ChangeBit-CrossOver-CopyPart-
#2582	NEW    cov: 888 ft: 2466 corp: 83/347b lim: 8 exec/s: 645 rss: 56Mb L: 8/8 MS: 3 InsertRepeatedBytes-ChangeByte-CrossOver-
#2596	NEW    cov: 888 ft: 2476 corp: 84/354b lim: 8 exec/s: 649 rss: 56Mb L: 7/8 MS: 4 ChangeBit-PersAutoDict-CrossOver-InsertByte- DE: "\347\250\267"-
#2694	NEW    cov: 888 ft: 2491 corp: 85/359b lim: 8 exec/s: 673 rss: 56Mb L: 5/8 MS: 3 ChangeASCIIInt-ChangeASCIIInt-CopyPart-
#2695	NEW    cov: 888 ft: 2537 corp: 86/366b lim: 8 exec/s: 673 rss: 56Mb L: 7/8 MS: 1 CopyPart-
#2718	NEW    cov: 888 ft: 2538 corp: 87/372b lim: 8 exec/s: 679 rss: 56Mb L: 6/8 MS: 3 InsertRepeatedBytes-CrossOver-CrossOver-
#2725	NEW    cov: 889 ft: 2660 corp: 88/379b lim: 8 exec/s: 681 rss: 56Mb L: 7/8 MS: 2 ChangeASCIIInt-CopyPart-
#2823	REDUCE cov: 889 ft: 2666 corp: 89/382b lim: 8 exec/s: 705 rss: 56Mb L: 3/8 MS: 3 ChangeBinInt-CrossOver-CopyPart-
#2911	REDUCE cov: 889 ft: 2666 corp: 89/380b lim: 8 exec/s: 727 rss: 56Mb L: 4/8 MS: 3 ChangeBit-CopyPart-EraseBytes-
#3066	NEW    cov: 889 ft: 2668 corp: 90/385b lim: 8 exec/s: 766 rss: 56Mb L: 5/8 MS: 5 CopyPart-CopyPart-InsertByte-EraseBytes-CrossOver-
#3110	NEW    cov: 892 ft: 2671 corp: 91/389b lim: 8 exec/s: 777 rss: 56Mb L: 4/8 MS: 4 PersAutoDict-ChangeBit-EraseBytes-ChangeBit- DE: "for"-
#3136	NEW    cov: 892 ft: 2675 corp: 92/393b lim: 8 exec/s: 784 rss: 56Mb L: 4/8 MS: 1 EraseBytes-
#3267	REDUCE cov: 892 ft: 2675 corp: 92/392b lim: 8 exec/s: 816 rss: 56Mb L: 4/8 MS: 1 EraseBytes-
#3303	NEW    cov: 893 ft: 2811 corp: 93/398b lim: 8 exec/s: 825 rss: 56Mb L: 6/8 MS: 1 ShuffleBytes-
#3322	NEW    cov: 893 ft: 2829 corp: 94/405b lim: 8 exec/s: 830 rss: 56Mb L: 7/8 MS: 4 EraseBytes-CopyPart-PersAutoDict-CopyPart- DE: "def"-
#3423	REDUCE cov: 893 ft: 2829 corp: 94/404b lim: 8 exec/s: 684 rss: 56Mb L: 3/8 MS: 1 EraseBytes-
#3548	NEW    cov: 893 ft: 2832 corp: 95/412b lim: 8 exec/s: 709 rss: 56Mb L: 8/8 MS: 5 CrossOver-PersAutoDict-ChangeByte-CrossOver-CMP- DE: "of"-"class"-
#3569	NEW    cov: 895 ft: 2837 corp: 96/416b lim: 8 exec/s: 713 rss: 56Mb L: 4/8 MS: 1 ChangeBit-
#3666	NEW    cov: 895 ft: 2838 corp: 97/424b lim: 8 exec/s: 733 rss: 56Mb L: 8/8 MS: 2 CopyPart-PersAutoDict- DE: "class"-
#3878	REDUCE cov: 895 ft: 2838 corp: 97/422b lim: 8 exec/s: 775 rss: 56Mb L: 5/8 MS: 2 ChangeBit-EraseBytes-
#3936	NEW    cov: 895 ft: 2839 corp: 98/428b lim: 8 exec/s: 787 rss: 56Mb L: 6/8 MS: 3 CopyPart-EraseBytes-CrossOver-
#4096	pulse  cov: 895 ft: 2839 corp: 98/428b lim: 8 exec/s: 819 rss: 56Mb
#4226	NEW    cov: 895 ft: 2847 corp: 99/436b lim: 8 exec/s: 845 rss: 56Mb L: 8/8 MS: 5 EraseBytes-PersAutoDict-CopyPart-ChangeByte-CrossOver- DE: "class"-
#4227	REDUCE cov: 895 ft: 2848 corp: 100/441b lim: 8 exec/s: 845 rss: 56Mb L: 5/8 MS: 1 InsertByte-
#4253	NEW    cov: 895 ft: 2849 corp: 101/448b lim: 8 exec/s: 708 rss: 56Mb L: 7/8 MS: 1 CopyPart-
#4349	NEW    cov: 895 ft: 2865 corp: 102/456b lim: 8 exec/s: 724 rss: 56Mb L: 8/8 MS: 1 InsertByte-
#4430	REDUCE cov: 895 ft: 2865 corp: 102/454b lim: 8 exec/s: 738 rss: 56Mb L: 5/8 MS: 1 EraseBytes-
#4432	NEW    cov: 901 ft: 2871 corp: 103/459b lim: 8 exec/s: 738 rss: 56Mb L: 5/8 MS: 2 InsertByte-InsertByte-
#4751	NEW    cov: 901 ft: 2872 corp: 104/470b lim: 11 exec/s: 791 rss: 56Mb L: 11/11 MS: 4 CMP-CopyPart-ChangeBit-ChangeBit- DE: "\001\000"-
#4803	NEW    cov: 901 ft: 2876 corp: 105/481b lim: 11 exec/s: 800 rss: 56Mb L: 11/11 MS: 2 CopyPart-ChangeBinInt-
#4956	NEW    cov: 901 ft: 2883 corp: 106/491b lim: 11 exec/s: 826 rss: 56Mb L: 10/11 MS: 3 InsertByte-CrossOver-CopyPart-
#4997	NEW    cov: 901 ft: 2884 corp: 107/498b lim: 11 exec/s: 713 rss: 56Mb L: 7/11 MS: 1 CrossOver-
#5068	NEW    cov: 901 ft: 2885 corp: 108/509b lim: 11 exec/s: 724 rss: 56Mb L: 11/11 MS: 1 InsertRepeatedBytes-
#5111	NEW    cov: 905 ft: 2891 corp: 109/519b lim: 11 exec/s: 730 rss: 56Mb L: 10/11 MS: 3 ShuffleBytes-PersAutoDict-PersAutoDict- DE: "of"-"of"-
#5140	NEW    cov: 905 ft: 2908 corp: 110/529b lim: 11 exec/s: 734 rss: 56Mb L: 10/11 MS: 4 InsertRepeatedBytes-ChangeBinInt-ChangeBit-ChangeByte-
#5203	NEW    cov: 907 ft: 2910 corp: 111/533b lim: 11 exec/s: 743 rss: 56Mb L: 4/11 MS: 3 CrossOver-ShuffleBytes-ChangeBit-
#5207	NEW    cov: 907 ft: 2913 corp: 112/543b lim: 11 exec/s: 743 rss: 56Mb L: 10/11 MS: 4 InsertByte-CMP-ChangeBit-ChangeBinInt- DE: "lambda"-
#5253	NEW    cov: 907 ft: 2918 corp: 113/553b lim: 11 exec/s: 750 rss: 56Mb L: 10/11 MS: 1 ChangeByte-
#5274	NEW    cov: 915 ft: 2956 corp: 114/563b lim: 11 exec/s: 753 rss: 56Mb L: 10/11 MS: 1 CrossOver-
#5340	NEW    cov: 915 ft: 2967 corp: 115/570b lim: 11 exec/s: 762 rss: 56Mb L: 7/11 MS: 1 CopyPart-
#5938	NEW    cov: 915 ft: 2970 corp: 116/578b lim: 14 exec/s: 742 rss: 56Mb L: 8/11 MS: 3 CMP-InsertByte-ChangeByte- DE: "\001\000"-
#5979	NEW    cov: 916 ft: 2973 corp: 117/584b lim: 14 exec/s: 747 rss: 56Mb L: 6/11 MS: 1 CrossOver-
#6005	NEW    cov: 916 ft: 3050 corp: 118/598b lim: 14 exec/s: 750 rss: 56Mb L: 14/14 MS: 1 CopyPart-
#6019	NEW    cov: 916 ft: 3051 corp: 119/611b lim: 14 exec/s: 752 rss: 56Mb L: 13/14 MS: 4 ChangeBinInt-ChangeASCIIInt-PersAutoDict-CopyPart- DE: "lambda"-
#6050	REDUCE cov: 916 ft: 3054 corp: 120/614b lim: 14 exec/s: 756 rss: 56Mb L: 3/14 MS: 1 ChangeBit-
#6082	REDUCE cov: 916 ft: 3054 corp: 120/613b lim: 14 exec/s: 760 rss: 56Mb L: 10/14 MS: 2 ChangeBit-EraseBytes-
#6291	NEW    cov: 916 ft: 3069 corp: 121/623b lim: 14 exec/s: 786 rss: 56Mb L: 10/14 MS: 4 EraseBytes-EraseBytes-CrossOver-InsertRepeatedBytes-
#6307	REDUCE cov: 916 ft: 3069 corp: 121/622b lim: 14 exec/s: 788 rss: 56Mb L: 9/14 MS: 1 EraseBytes-
#6311	NEW    cov: 916 ft: 3070 corp: 122/636b lim: 14 exec/s: 788 rss: 56Mb L: 14/14 MS: 4 CrossOver-CopyPart-CopyPart-ChangeBinInt-
#6357	NEW    cov: 916 ft: 3079 corp: 123/643b lim: 14 exec/s: 794 rss: 56Mb L: 7/14 MS: 1 ChangeBinInt-
#6376	NEW    cov: 916 ft: 3081 corp: 124/655b lim: 14 exec/s: 797 rss: 56Mb L: 12/14 MS: 4 PersAutoDict-ChangeByte-ShuffleBytes-ChangeBinInt- DE: "lambda"-
#6383	NEW    cov: 918 ft: 3083 corp: 125/665b lim: 14 exec/s: 797 rss: 56Mb L: 10/14 MS: 2 ShuffleBytes-InsertRepeatedBytes-
#6399	NEW    cov: 918 ft: 3098 corp: 126/675b lim: 14 exec/s: 799 rss: 56Mb L: 10/14 MS: 1 CopyPart-
#6428	NEW    cov: 928 ft: 3108 corp: 127/682b lim: 14 exec/s: 803 rss: 56Mb L: 7/14 MS: 4 ChangeBit-InsertByte-InsertByte-InsertByte-
#6499	NEW    cov: 928 ft: 3110 corp: 128/695b lim: 14 exec/s: 812 rss: 56Mb L: 13/14 MS: 1 PersAutoDict- DE: "lambda"-
#6533	NEW    cov: 928 ft: 3111 corp: 129/706b lim: 14 exec/s: 725 rss: 56Mb L: 11/14 MS: 4 CrossOver-EraseBytes-InsertByte-CMP- DE: "lambda"-
#6594	NEW    cov: 928 ft: 3112 corp: 130/713b lim: 14 exec/s: 732 rss: 56Mb L: 7/14 MS: 1 CopyPart-
#6607	NEW    cov: 928 ft: 3114 corp: 131/721b lim: 14 exec/s: 734 rss: 56Mb L: 8/14 MS: 3 InsertRepeatedBytes-EraseBytes-CMP- DE: "def"-
#6608	NEW    cov: 929 ft: 3115 corp: 132/727b lim: 14 exec/s: 734 rss: 56Mb L: 6/14 MS: 1 ShuffleBytes-
#7055	NEW    cov: 929 ft: 3134 corp: 133/742b lim: 17 exec/s: 783 rss: 56Mb L: 15/15 MS: 2 PersAutoDict-CopyPart- DE: "of"-
#7241	NEW    cov: 929 ft: 3136 corp: 134/756b lim: 17 exec/s: 804 rss: 56Mb L: 14/15 MS: 1 InsertRepeatedBytes-
#7247	NEW    cov: 933 ft: 3163 corp: 135/763b lim: 17 exec/s: 805 rss: 56Mb L: 7/15 MS: 1 CrossOver-
#7338	NEW    cov: 933 ft: 3248 corp: 136/777b lim: 17 exec/s: 733 rss: 56Mb L: 14/15 MS: 1 CopyPart-
#7364	REDUCE cov: 933 ft: 3248 corp: 136/776b lim: 17 exec/s: 736 rss: 56Mb L: 4/15 MS: 1 EraseBytes-
#7391	NEW    cov: 933 ft: 3253 corp: 137/791b lim: 17 exec/s: 739 rss: 56Mb L: 15/15 MS: 2 ChangeBit-CrossOver-
#7507	NEW    cov: 933 ft: 3266 corp: 138/804b lim: 17 exec/s: 750 rss: 56Mb L: 13/15 MS: 1 CopyPart-
#7540	NEW    cov: 933 ft: 3268 corp: 139/816b lim: 17 exec/s: 754 rss: 56Mb L: 12/15 MS: 3 ChangeBit-EraseBytes-CrossOver-
#7647	NEW    cov: 934 ft: 3270 corp: 140/824b lim: 17 exec/s: 764 rss: 56Mb L: 8/15 MS: 2 ChangeByte-ChangeBit-
#7693	NEW    cov: 940 ft: 3276 corp: 141/831b lim: 17 exec/s: 769 rss: 56Mb L: 7/15 MS: 1 ChangeByte-
#7722	NEW    cov: 999 ft: 3343 corp: 142/838b lim: 17 exec/s: 772 rss: 56Mb L: 7/15 MS: 4 CrossOver-ChangeBit-InsertByte-CrossOver-
#7733	NEW    cov: 1000 ft: 3345 corp: 143/852b lim: 17 exec/s: 773 rss: 56Mb L: 14/15 MS: 1 CrossOver-
#7774	NEW    cov: 1000 ft: 3349 corp: 144/861b lim: 17 exec/s: 777 rss: 56Mb L: 9/15 MS: 1 PersAutoDict- DE: "of"-
#7790	NEW    cov: 1000 ft: 3360 corp: 145/876b lim: 17 exec/s: 779 rss: 56Mb L: 15/15 MS: 1 CopyPart-
#7866	REDUCE cov: 1000 ft: 3360 corp: 145/874b lim: 17 exec/s: 786 rss: 56Mb L: 8/15 MS: 1 EraseBytes-
#7871	DONE   cov: 1000 ft: 3360 corp: 145/874b lim: 17 exec/s: 715 rss: 56Mb
###### Recommended dictionary. ######
"\377\377" # Uses: 138
"\347\250\267" # Uses: 100
"def" # Uses: 83
"for" # Uses: 103
"of" # Uses: 83
"class" # Uses: 32
"\001\000" # Uses: 34
"lambda" # Uses: 35
###### End of recommended dictionary. ######
Done 7871 runs in 11 second(s)
