INFO: Instrumenting arrow
INFO: Instrumenting arrow._version
INFO: Instrumenting arrow.api
INFO: Instrumenting datetime
INFO: Instrumenting arrow.arrow
INFO: Instrumenting calendar
INFO: Instrumenting locale
INFO: Instrumenting _locale
WARNING: It looks like this module is imported by a custom loader. Atheris has experimental support for this. However, it may be incompatible with certain libraries. If you experience unusual errors or poor coverage collection, try atheris.instrument_all() instead, add enable_loader_override=False to instrument_imports(), or file an issue on GitHub.
INFO: Instrumenting dateutil
INFO: Instrumenting dateutil._version
INFO: Instrumenting dateutil.tz
INFO: Instrumenting dateutil.tz.tz
INFO: Instrumenting struct
INFO: Instrumenting six
INFO: Instrumenting __future__
INFO: Instrumenting importlib.util
INFO: Instrumenting six.moves
INFO: Instrumenting dateutil.tz._common
INFO: Instrumenting dateutil.tz._factories
INFO: Instrumenting dateutil.tz.win
INFO: Instrumenting dateutil.relativedelta
INFO: Instrumenting dateutil._common
INFO: Instrumenting arrow.formatter
INFO: Instrumenting arrow.locales
INFO: Instrumenting arrow.constants
INFO: Instrumenting arrow.parser
INFO: Instrumenting zoneinfo
INFO: Instrumenting zoneinfo._tzpath
INFO: Instrumenting sysconfig
INFO: Instrumenting _sysconfigdata__linux_x86_64-linux-gnu
INFO: Instrumenting zoneinfo._common
INFO: Instrumenting arrow.util
INFO: Instrumenting dateutil.rrule
INFO: Instrumenting heapq
INFO: Instrumenting arrow.factory
INFO: Instrumenting decimal
INFO: Instrumenting numbers
INFO: Using built-in libfuzzer
WARNING: Failed to find function "__sanitizer_acquire_crash_state".
WARNING: Failed to find function "__sanitizer_print_stack_trace".
WARNING: Failed to find function "__sanitizer_set_death_callback".
INFO: Running with entropic power schedule (0xFF, 100).
INFO: Seed: 4259193936
INFO: -max_len is not provided; libFuzzer will not generate inputs larger than 4096 bytes
INFO: A corpus is not provided, starting from an empty corpus
#2	INITED cov: 48 ft: 48 corp: 1/1b exec/s: 0 rss: 49Mb
#109	NEW    cov: 53 ft: 53 corp: 2/3b lim: 4 exec/s: 0 rss: 49Mb L: 2/2 MS: 2 ChangeByte-InsertByte-
#137	NEW    cov: 54 ft: 54 corp: 3/7b lim: 4 exec/s: 0 rss: 49Mb L: 4/4 MS: 3 ShuffleBytes-ChangeByte-CopyPart-
#518	REDUCE cov: 54 ft: 54 corp: 3/6b lim: 6 exec/s: 0 rss: 49Mb L: 3/3 MS: 1 EraseBytes-
#735	NEW    cov: 86 ft: 88 corp: 4/12b lim: 8 exec/s: 0 rss: 49Mb L: 6/6 MS: 2 InsertByte-InsertRepeatedBytes-
#1774	NEW    cov: 88 ft: 90 corp: 5/19b lim: 17 exec/s: 0 rss: 49Mb L: 7/7 MS: 4 CopyPart-ChangeByte-ChangeASCIIInt-InsertByte-
#1940	REDUCE cov: 88 ft: 90 corp: 5/18b lim: 17 exec/s: 0 rss: 49Mb L: 6/6 MS: 1 EraseBytes-
#2068	REDUCE cov: 88 ft: 90 corp: 5/17b lim: 17 exec/s: 0 rss: 49Mb L: 5/6 MS: 3 ChangeBit-CrossOver-EraseBytes-
#2521	NEW    cov: 96 ft: 119 corp: 6/26b lim: 21 exec/s: 0 rss: 49Mb L: 9/9 MS: 3 CrossOver-CopyPart-CopyPart-
#3138	REDUCE cov: 96 ft: 119 corp: 6/24b lim: 25 exec/s: 0 rss: 49Mb L: 4/9 MS: 2 InsertByte-EraseBytes-
#3235	REDUCE cov: 96 ft: 119 corp: 6/23b lim: 25 exec/s: 0 rss: 49Mb L: 3/9 MS: 2 CopyPart-EraseBytes-
#3621	REDUCE cov: 96 ft: 119 corp: 6/22b lim: 25 exec/s: 0 rss: 49Mb L: 2/9 MS: 1 EraseBytes-
#3800	NEW    cov: 106 ft: 129 corp: 7/31b lim: 25 exec/s: 0 rss: 49Mb L: 9/9 MS: 4 CopyPart-ChangeBit-ChangeBinInt-CrossOver-
#3961	NEW    cov: 131 ft: 164 corp: 8/40b lim: 25 exec/s: 0 rss: 49Mb L: 9/9 MS: 1 ChangeByte-
#3962	NEW    cov: 131 ft: 179 corp: 9/49b lim: 25 exec/s: 0 rss: 49Mb L: 9/9 MS: 1 ShuffleBytes-
#4097	REDUCE cov: 133 ft: 181 corp: 10/64b lim: 25 exec/s: 0 rss: 49Mb L: 15/15 MS: 5 InsertRepeatedBytes-CrossOver-ChangeBit-EraseBytes-CrossOver-
#4134	REDUCE cov: 133 ft: 181 corp: 10/58b lim: 25 exec/s: 0 rss: 49Mb L: 9/9 MS: 2 ShuffleBytes-EraseBytes-
#4166	REDUCE cov: 133 ft: 181 corp: 10/54b lim: 25 exec/s: 0 rss: 49Mb L: 5/9 MS: 2 ChangeASCIIInt-EraseBytes-
#4167	REDUCE cov: 133 ft: 181 corp: 10/53b lim: 25 exec/s: 0 rss: 49Mb L: 4/9 MS: 1 EraseBytes-
#4640	NEW    cov: 134 ft: 182 corp: 11/66b lim: 29 exec/s: 0 rss: 49Mb L: 13/13 MS: 3 InsertByte-InsertByte-CrossOver-
#4792	REDUCE cov: 134 ft: 182 corp: 11/62b lim: 29 exec/s: 0 rss: 49Mb L: 9/9 MS: 2 ChangeBinInt-EraseBytes-
#4983	NEW    cov: 135 ft: 183 corp: 12/71b lim: 29 exec/s: 0 rss: 49Mb L: 9/9 MS: 1 CrossOver-
#5084	REDUCE cov: 136 ft: 184 corp: 13/82b lim: 29 exec/s: 0 rss: 49Mb L: 11/11 MS: 1 CrossOver-
#5235	REDUCE cov: 136 ft: 184 corp: 13/79b lim: 29 exec/s: 0 rss: 49Mb L: 8/9 MS: 1 EraseBytes-
#5277	REDUCE cov: 136 ft: 184 corp: 13/77b lim: 29 exec/s: 0 rss: 49Mb L: 7/9 MS: 2 ChangeBit-EraseBytes-
#5298	REDUCE cov: 136 ft: 184 corp: 13/76b lim: 29 exec/s: 0 rss: 49Mb L: 7/9 MS: 1 EraseBytes-
#5595	REDUCE cov: 136 ft: 184 corp: 13/73b lim: 29 exec/s: 0 rss: 49Mb L: 6/9 MS: 2 InsertByte-EraseBytes-
#5742	REDUCE cov: 136 ft: 184 corp: 13/72b lim: 29 exec/s: 0 rss: 49Mb L: 6/9 MS: 2 InsertByte-EraseBytes-
#5944	REDUCE cov: 141 ft: 189 corp: 14/80b lim: 29 exec/s: 0 rss: 49Mb L: 8/9 MS: 2 ChangeASCIIInt-CrossOver-
#7160	NEW    cov: 142 ft: 190 corp: 15/89b lim: 38 exec/s: 0 rss: 49Mb L: 9/9 MS: 1 ChangeByte-
#7195	NEW    cov: 143 ft: 191 corp: 16/101b lim: 38 exec/s: 0 rss: 49Mb L: 12/12 MS: 5 CopyPart-ChangeBit-ChangeBinInt-InsertRepeatedBytes-ChangeByte-
#7271	REDUCE cov: 143 ft: 191 corp: 16/100b lim: 38 exec/s: 0 rss: 49Mb L: 6/12 MS: 1 EraseBytes-
#7549	NEW    cov: 144 ft: 192 corp: 17/110b lim: 38 exec/s: 7549 rss: 49Mb L: 10/12 MS: 3 ChangeASCIIInt-ChangeASCIIInt-InsertByte-
#7560	NEW    cov: 157 ft: 205 corp: 18/119b lim: 38 exec/s: 7560 rss: 49Mb L: 9/12 MS: 1 ChangeBit-
#7593	NEW    cov: 158 ft: 206 corp: 19/127b lim: 38 exec/s: 7593 rss: 49Mb L: 8/12 MS: 3 EraseBytes-ChangeASCIIInt-ShuffleBytes-
#7934	REDUCE cov: 158 ft: 206 corp: 19/123b lim: 38 exec/s: 7934 rss: 49Mb L: 8/10 MS: 1 EraseBytes-
#8028	REDUCE cov: 159 ft: 213 corp: 20/133b lim: 38 exec/s: 8028 rss: 49Mb L: 10/10 MS: 4 ChangeBit-EraseBytes-CrossOver-CrossOver-
#8124	REDUCE cov: 159 ft: 213 corp: 20/132b lim: 38 exec/s: 8124 rss: 49Mb L: 9/10 MS: 1 EraseBytes-
#8622	REDUCE cov: 159 ft: 224 corp: 21/146b lim: 38 exec/s: 8622 rss: 49Mb L: 14/14 MS: 3 EraseBytes-ShuffleBytes-CrossOver-
#9833	REDUCE cov: 159 ft: 224 corp: 21/145b lim: 48 exec/s: 9833 rss: 49Mb L: 8/14 MS: 1 EraseBytes-
#10059	NEW    cov: 159 ft: 227 corp: 22/159b lim: 48 exec/s: 10059 rss: 49Mb L: 14/14 MS: 1 ChangeByte-
#11365	REDUCE cov: 159 ft: 227 corp: 22/158b lim: 58 exec/s: 11365 rss: 49Mb L: 7/14 MS: 1 EraseBytes-
#11466	REDUCE cov: 159 ft: 227 corp: 22/156b lim: 58 exec/s: 11466 rss: 49Mb L: 6/14 MS: 1 EraseBytes-
#12222	REDUCE cov: 159 ft: 227 corp: 22/155b lim: 63 exec/s: 12222 rss: 49Mb L: 5/14 MS: 1 EraseBytes-
#13408	REDUCE cov: 159 ft: 227 corp: 22/153b lim: 74 exec/s: 13408 rss: 49Mb L: 4/14 MS: 1 EraseBytes-
#15207	NEW    cov: 160 ft: 235 corp: 23/169b lim: 86 exec/s: 15207 rss: 49Mb L: 16/16 MS: 4 CrossOver-ChangeBit-EraseBytes-CrossOver-
#15543	NEW    cov: 161 ft: 236 corp: 24/184b lim: 86 exec/s: 15543 rss: 49Mb L: 15/16 MS: 1 InsertByte-
#15789	NEW    cov: 170 ft: 245 corp: 25/199b lim: 86 exec/s: 7894 rss: 49Mb L: 15/16 MS: 1 InsertByte-
#16384	pulse  cov: 170 ft: 245 corp: 25/199b lim: 86 exec/s: 8192 rss: 49Mb
#17120	REDUCE cov: 170 ft: 245 corp: 25/198b lim: 98 exec/s: 8560 rss: 49Mb L: 8/16 MS: 1 EraseBytes-
#18126	NEW    cov: 185 ft: 260 corp: 26/213b lim: 104 exec/s: 9063 rss: 49Mb L: 15/16 MS: 1 InsertByte-
#18529	REDUCE cov: 185 ft: 260 corp: 26/212b lim: 104 exec/s: 9264 rss: 49Mb L: 14/16 MS: 3 InsertRepeatedBytes-ShuffleBytes-EraseBytes-
#18556	REDUCE cov: 185 ft: 260 corp: 26/208b lim: 104 exec/s: 9278 rss: 49Mb L: 11/16 MS: 2 ChangeASCIIInt-EraseBytes-
#19457	NEW    cov: 186 ft: 261 corp: 27/223b lim: 110 exec/s: 9728 rss: 49Mb L: 15/16 MS: 1 ChangeBinInt-
#19818	REDUCE cov: 186 ft: 261 corp: 27/221b lim: 110 exec/s: 9909 rss: 49Mb L: 9/16 MS: 1 EraseBytes-
#20359	REDUCE cov: 186 ft: 261 corp: 27/220b lim: 110 exec/s: 10179 rss: 49Mb L: 8/16 MS: 1 EraseBytes-
#21406	NEW    cov: 186 ft: 267 corp: 28/235b lim: 116 exec/s: 10703 rss: 49Mb L: 15/16 MS: 2 ChangeBit-EraseBytes-
#22282	REDUCE cov: 186 ft: 267 corp: 28/234b lim: 122 exec/s: 11141 rss: 49Mb L: 13/16 MS: 1 EraseBytes-
#22388	REDUCE cov: 186 ft: 267 corp: 28/233b lim: 122 exec/s: 11194 rss: 49Mb L: 14/16 MS: 1 EraseBytes-
#22654	REDUCE cov: 186 ft: 267 corp: 28/228b lim: 122 exec/s: 11327 rss: 49Mb L: 8/16 MS: 1 EraseBytes-
#22766	REDUCE cov: 186 ft: 271 corp: 29/243b lim: 122 exec/s: 11383 rss: 49Mb L: 15/16 MS: 2 ShuffleBytes-CrossOver-
#23643	REDUCE cov: 186 ft: 271 corp: 29/240b lim: 128 exec/s: 7881 rss: 49Mb L: 11/16 MS: 2 ChangeASCIIInt-EraseBytes-
#23694	REDUCE cov: 186 ft: 271 corp: 29/238b lim: 128 exec/s: 7898 rss: 49Mb L: 13/16 MS: 1 EraseBytes-
#25087	REDUCE cov: 186 ft: 271 corp: 29/237b lim: 135 exec/s: 8362 rss: 49Mb L: 6/16 MS: 3 ChangeBit-ChangeByte-EraseBytes-
#25144	REDUCE cov: 186 ft: 271 corp: 29/236b lim: 135 exec/s: 8381 rss: 49Mb L: 14/16 MS: 2 ChangeByte-EraseBytes-
#26563	REDUCE cov: 186 ft: 271 corp: 29/233b lim: 149 exec/s: 8854 rss: 49Mb L: 11/16 MS: 4 ChangeASCIIInt-ChangeByte-EraseBytes-CrossOver-
#28823	REDUCE cov: 186 ft: 271 corp: 29/232b lim: 170 exec/s: 9607 rss: 49Mb L: 8/16 MS: 5 ChangeByte-EraseBytes-ShuffleBytes-ShuffleBytes-CrossOver-
#28979	REDUCE cov: 186 ft: 286 corp: 30/243b lim: 170 exec/s: 9659 rss: 49Mb L: 11/16 MS: 1 CopyPart-
#31155	REDUCE cov: 186 ft: 287 corp: 31/252b lim: 191 exec/s: 10385 rss: 49Mb L: 9/16 MS: 1 CrossOver-
#32126	REDUCE cov: 186 ft: 287 corp: 31/251b lim: 198 exec/s: 8031 rss: 49Mb L: 8/16 MS: 1 EraseBytes-
#32768	pulse  cov: 186 ft: 287 corp: 31/251b lim: 198 exec/s: 8192 rss: 49Mb
#33152	NEW    cov: 186 ft: 304 corp: 32/262b lim: 205 exec/s: 8288 rss: 49Mb L: 11/16 MS: 1 ChangeBinInt-
#34588	REDUCE cov: 186 ft: 304 corp: 32/261b lim: 219 exec/s: 8647 rss: 49Mb L: 10/16 MS: 1 EraseBytes-
#36134	NEW    cov: 186 ft: 319 corp: 33/271b lim: 233 exec/s: 9033 rss: 49Mb L: 10/16 MS: 1 EraseBytes-
#45840	REDUCE cov: 186 ft: 319 corp: 33/270b lim: 325 exec/s: 9168 rss: 49Mb L: 9/16 MS: 1 EraseBytes-
#45851	NEW    cov: 190 ft: 325 corp: 34/288b lim: 325 exec/s: 9170 rss: 49Mb L: 18/18 MS: 1 CrossOver-
#46332	REDUCE cov: 190 ft: 325 corp: 34/287b lim: 325 exec/s: 9266 rss: 49Mb L: 17/17 MS: 1 EraseBytes-
#50359	REDUCE cov: 190 ft: 325 corp: 34/286b lim: 365 exec/s: 8393 rss: 49Mb L: 12/17 MS: 2 ChangeBit-EraseBytes-
#65536	pulse  cov: 190 ft: 325 corp: 34/286b lim: 509 exec/s: 9362 rss: 49Mb
#80761	REDUCE cov: 190 ft: 325 corp: 34/284b lim: 661 exec/s: 8973 rss: 49Mb L: 12/17 MS: 2 CopyPart-EraseBytes-
#83272	REDUCE cov: 190 ft: 325 corp: 34/283b lim: 679 exec/s: 8327 rss: 49Mb L: 7/17 MS: 1 EraseBytes-
#87143	REDUCE cov: 190 ft: 325 corp: 34/282b lim: 715 exec/s: 8714 rss: 49Mb L: 7/17 MS: 1 EraseBytes-
#89201	REDUCE cov: 191 ft: 326 corp: 35/291b lim: 733 exec/s: 8920 rss: 49Mb L: 9/17 MS: 3 ChangeASCIIInt-ChangeBit-ChangeBit-
#91786	DONE   cov: 191 ft: 326 corp: 35/291b lim: 751 exec/s: 8344 rss: 49Mb
Done 91786 runs in 11 second(s)
