INFO: Instrumenting black
INFO: Instrumenting json
INFO: Instrumenting json.decoder
INFO: Instrumenting json.scanner
INFO: Instrumenting json.encoder
INFO: Instrumenting platform
INFO: Instrumenting datetime
INFO: Instrumenting click
INFO: Instrumenting __future__
INFO: Instrumenting click.core
INFO: Instrumenting gettext
INFO: Instrumenting click.types
INFO: Instrumenting click._compat
INFO: Instrumenting click.exceptions
INFO: Instrumenting click.globals
INFO: Instrumenting click.utils
INFO: Instrumenting click._utils
INFO: Instrumenting click.formatting
INFO: Instrumenting click.parser
INFO: Instrumenting click.termui
INFO: Instrumenting click.decorators
INFO: Instrumenting mypy_extensions
INFO: Instrumenting pathspec
INFO: Instrumenting pathspec.gitignore
INFO: Instrumenting pathspec.backend
INFO: Instrumenting pathspec._backends
INFO: Instrumenting pathspec._backends.agg
INFO: Instrumenting pathspec.pattern
INFO: Instrumenting pathspec._typing
INFO: Instrumenting pathspec._backends.hyperscan
INFO: Instrumenting pathspec._backends.hyperscan.base
INFO: Instrumenting pathspec._backends.hyperscan.gitignore
INFO: Instrumenting pathspec.patterns
INFO: Instrumenting pathspec.patterns.gitignore
INFO: Instrumenting pathspec.patterns.gitignore.base
INFO: Instrumenting pathspec.patterns.gitignore.basic
INFO: Instrumenting pathspec.util
INFO: Instrumenting pathspec.patterns.gitignore.spec
INFO: Instrumenting pathspec.patterns.gitwildmatch
INFO: Instrumenting pathspec._backends.hyperscan._base
INFO: Instrumenting pathspec._backends.hyperscan.pathspec
INFO: Instrumenting pathspec._backends._utils
INFO: Instrumenting pathspec._backends.re2
INFO: Instrumenting pathspec._backends.re2.base
INFO: Instrumenting pathspec._backends.re2._base
INFO: Instrumenting pathspec._backends.re2.gitignore
INFO: Instrumenting pathspec._backends.re2.pathspec
INFO: Instrumenting pathspec._backends.simple
INFO: Instrumenting pathspec._backends.simple.gitignore
INFO: Instrumenting pathspec._backends.simple.pathspec
INFO: Instrumenting pathspec.pathspec
INFO: Instrumenting pathspec._meta
INFO: Instrumenting pathspec._version
INFO: Instrumenting _black_version
INFO: Instrumenting black.cache
INFO: Instrumenting hashlib
INFO: Instrumenting pickle
INFO: Instrumenting struct
INFO: Instrumenting _compat_pickle
INFO: Instrumenting platformdirs
INFO: Instrumenting platformdirs.api
INFO: Instrumenting platformdirs.version
INFO: Instrumenting platformdirs.unix
INFO: Instrumenting configparser
INFO: Instrumenting black.mode
INFO: Instrumenting black.const
INFO: Instrumenting black.output
INFO: Instrumenting black.comments
INFO: Instrumenting black.nodes
INFO: Instrumenting black.strings
INFO: Instrumenting black._width_table
INFO: Instrumenting blib2to3
INFO: Instrumenting blib2to3.pytree
INFO: Instrumenting blib2to3.pgen2
INFO: Instrumenting blib2to3.pgen2.grammar
INFO: Instrumenting blib2to3.pgen2.token
INFO: Instrumenting blib2to3.pygram
INFO: Instrumenting blib2to3.pgen2.driver
INFO: Instrumenting pkgutil
INFO: Instrumenting importlib.util
WARNING: It looks like this module is imported by a custom loader. Atheris has experimental support for this. However, it may be incompatible with certain libraries. If you experience unusual errors or poor coverage collection, try atheris.instrument_all() instead, add enable_loader_override=False to instrument_imports(), or file an issue on GitHub.
INFO: Instrumenting blib2to3.pgen2.tokenize
INFO: Instrumenting blib2to3.pgen2.parse
INFO: Instrumenting blib2to3.pgen2.pgen
INFO: Instrumenting black.files
INFO: Instrumenting packaging
INFO: Instrumenting packaging.specifiers
INFO: Instrumenting packaging.utils
INFO: Instrumenting packaging.tags
INFO: Instrumenting subprocess
INFO: Instrumenting locale
INFO: Instrumenting _locale
INFO: Instrumenting signal
INFO: Instrumenting selectors
INFO: Instrumenting sysconfig
INFO: Instrumenting packaging._manylinux
INFO: Instrumenting packaging._elffile
INFO: Instrumenting packaging._musllinux
INFO: Instrumenting packaging.version
INFO: Instrumenting packaging._structures
INFO: Instrumenting tomllib
INFO: Instrumenting tomllib._parser
INFO: Instrumenting tomllib._re
INFO: Instrumenting tomllib._types
INFO: Instrumenting black.handle_ipynb_magics
INFO: Instrumenting secrets
INFO: Instrumenting base64
INFO: Instrumenting hmac
INFO: Instrumenting black.report
INFO: Instrumenting black.linegen
INFO: Instrumenting black.brackets
INFO: Instrumenting black.lines
INFO: Instrumenting black.numerics
INFO: Instrumenting black.trans
INFO: Instrumenting black.rusty
INFO: Instrumenting black.parsing
INFO: Instrumenting black.ranges
INFO: Instrumenting difflib
INFO: Instrumenting heapq
INFO: Using built-in libfuzzer
WARNING: Failed to find function "__sanitizer_acquire_crash_state".
WARNING: Failed to find function "__sanitizer_print_stack_trace".
WARNING: Failed to find function "__sanitizer_set_death_callback".
INFO: Running with entropic power schedule (0xFF, 100).
INFO: Seed: 1895565471
INFO: -max_len is not provided; libFuzzer will not generate inputs larger than 4096 bytes
INFO: A corpus is not provided, starting from an empty corpus
#2	INITED cov: 2 ft: 2 corp: 1/1b exec/s: 0 rss: 58Mb
#11	NEW    cov: 250 ft: 250 corp: 2/5b lim: 4 exec/s: 0 rss: 58Mb L: 4/4 MS: 4 CrossOver-CopyPart-ChangeByte-CopyPart-
#17	NEW    cov: 462 ft: 682 corp: 3/9b lim: 4 exec/s: 0 rss: 58Mb L: 4/4 MS: 1 ChangeBinInt-
#22	NEW    cov: 475 ft: 697 corp: 4/13b lim: 4 exec/s: 0 rss: 58Mb L: 4/4 MS: 5 ChangeByte-ChangeByte-InsertByte-ShuffleBytes-CopyPart-
#44	NEW    cov: 484 ft: 764 corp: 5/17b lim: 4 exec/s: 0 rss: 58Mb L: 4/4 MS: 2 ChangeByte-ChangeByte-
#123	NEW    cov: 486 ft: 916 corp: 6/21b lim: 4 exec/s: 0 rss: 58Mb L: 4/4 MS: 4 ChangeBit-CopyPart-InsertByte-CopyPart-
#139	NEW    cov: 486 ft: 945 corp: 7/25b lim: 4 exec/s: 0 rss: 58Mb L: 4/4 MS: 1 ChangeBinInt-
#150	NEW    cov: 486 ft: 957 corp: 8/29b lim: 4 exec/s: 0 rss: 58Mb L: 4/4 MS: 1 ChangeByte-
#261	NEW    cov: 527 ft: 1008 corp: 9/33b lim: 4 exec/s: 0 rss: 58Mb L: 4/4 MS: 1 CrossOver-
#269	NEW    cov: 527 ft: 1012 corp: 10/37b lim: 4 exec/s: 0 rss: 58Mb L: 4/4 MS: 3 ChangeByte-ChangeByte-ChangeByte-
#324	NEW    cov: 533 ft: 1018 corp: 11/41b lim: 4 exec/s: 0 rss: 58Mb L: 4/4 MS: 5 CopyPart-ChangeByte-ChangeBit-ChangeBit-ChangeBinInt-
#348	NEW    cov: 536 ft: 1031 corp: 12/45b lim: 4 exec/s: 0 rss: 58Mb L: 4/4 MS: 4 ChangeByte-EraseBytes-InsertByte-ShuffleBytes-
#434	NEW    cov: 537 ft: 1032 corp: 13/49b lim: 4 exec/s: 0 rss: 58Mb L: 4/4 MS: 1 ChangeBit-
#646	NEW    cov: 537 ft: 1035 corp: 14/54b lim: 6 exec/s: 0 rss: 58Mb L: 5/5 MS: 2 ChangeBinInt-InsertByte-
#648	NEW    cov: 571 ft: 1112 corp: 15/60b lim: 6 exec/s: 0 rss: 58Mb L: 6/6 MS: 2 ChangeBit-CopyPart-
#675	NEW    cov: 582 ft: 1123 corp: 16/65b lim: 6 exec/s: 0 rss: 58Mb L: 5/6 MS: 2 ShuffleBytes-InsertByte-
#691	NEW    cov: 582 ft: 1132 corp: 17/70b lim: 6 exec/s: 0 rss: 58Mb L: 5/6 MS: 1 InsertByte-
#697	NEW    cov: 622 ft: 1262 corp: 18/75b lim: 6 exec/s: 0 rss: 58Mb L: 5/6 MS: 1 CrossOver-
#714	NEW    cov: 623 ft: 1263 corp: 19/81b lim: 6 exec/s: 0 rss: 58Mb L: 6/6 MS: 2 ShuffleBytes-ChangeByte-
#723	NEW    cov: 623 ft: 1265 corp: 20/87b lim: 6 exec/s: 0 rss: 58Mb L: 6/6 MS: 4 CopyPart-InsertByte-EraseBytes-InsertRepeatedBytes-
#724	NEW    cov: 623 ft: 1267 corp: 21/92b lim: 6 exec/s: 0 rss: 58Mb L: 5/6 MS: 1 InsertByte-
#742	NEW    cov: 623 ft: 1274 corp: 22/98b lim: 6 exec/s: 0 rss: 58Mb L: 6/6 MS: 3 ChangeASCIIInt-CrossOver-ChangeByte-
#747	NEW    cov: 625 ft: 1279 corp: 23/104b lim: 6 exec/s: 0 rss: 58Mb L: 6/6 MS: 5 CopyPart-CopyPart-ShuffleBytes-ChangeBinInt-ShuffleBytes-
#768	NEW    cov: 625 ft: 1281 corp: 24/110b lim: 6 exec/s: 0 rss: 58Mb L: 6/6 MS: 1 ShuffleBytes-
#783	NEW    cov: 625 ft: 1282 corp: 25/115b lim: 6 exec/s: 0 rss: 58Mb L: 5/6 MS: 5 CopyPart-ChangeBit-ChangeBit-CrossOver-InsertByte-
#787	NEW    cov: 625 ft: 1310 corp: 26/121b lim: 6 exec/s: 0 rss: 58Mb L: 6/6 MS: 4 CopyPart-EraseBytes-ShuffleBytes-CopyPart-
#803	NEW    cov: 625 ft: 1320 corp: 27/126b lim: 6 exec/s: 0 rss: 58Mb L: 5/6 MS: 1 InsertByte-
#804	NEW    cov: 625 ft: 1332 corp: 28/132b lim: 6 exec/s: 0 rss: 58Mb L: 6/6 MS: 1 CopyPart-
#810	NEW    cov: 625 ft: 1343 corp: 29/138b lim: 6 exec/s: 0 rss: 58Mb L: 6/6 MS: 1 CrossOver-
#829	NEW    cov: 625 ft: 1344 corp: 30/143b lim: 6 exec/s: 0 rss: 58Mb L: 5/6 MS: 4 CopyPart-EraseBytes-InsertByte-CopyPart-
#837	REDUCE cov: 625 ft: 1344 corp: 30/142b lim: 6 exec/s: 0 rss: 58Mb L: 5/6 MS: 3 ChangeBit-EraseBytes-ChangeBit-
#864	NEW    cov: 625 ft: 1350 corp: 31/147b lim: 6 exec/s: 0 rss: 58Mb L: 5/6 MS: 2 ChangeByte-ShuffleBytes-
#865	NEW    cov: 625 ft: 1352 corp: 32/153b lim: 6 exec/s: 0 rss: 58Mb L: 6/6 MS: 1 ChangeByte-
#876	NEW    cov: 625 ft: 1353 corp: 33/158b lim: 6 exec/s: 0 rss: 58Mb L: 5/6 MS: 1 CMP- DE: "\351\256\233"-
#893	NEW    cov: 625 ft: 1355 corp: 34/164b lim: 6 exec/s: 0 rss: 58Mb L: 6/6 MS: 2 ChangeByte-ChangeByte-
#894	NEW    cov: 625 ft: 1580 corp: 35/169b lim: 6 exec/s: 0 rss: 58Mb L: 5/6 MS: 1 InsertByte-
#902	NEW    cov: 625 ft: 1581 corp: 36/174b lim: 6 exec/s: 0 rss: 58Mb L: 5/6 MS: 3 ChangeBit-InsertByte-ChangeByte-
#943	NEW    cov: 625 ft: 1584 corp: 37/180b lim: 6 exec/s: 0 rss: 58Mb L: 6/6 MS: 1 PersAutoDict- DE: "\351\256\233"-
#953	REDUCE cov: 625 ft: 1584 corp: 37/179b lim: 6 exec/s: 0 rss: 58Mb L: 5/6 MS: 5 PersAutoDict-ChangeByte-CrossOver-CrossOver-InsertByte- DE: "\351\256\233"-
#1024	NEW    cov: 625 ft: 1585 corp: 38/185b lim: 6 exec/s: 0 rss: 58Mb L: 6/6 MS: 1 CopyPart-
#1064	NEW    cov: 700 ft: 1662 corp: 39/191b lim: 6 exec/s: 0 rss: 58Mb L: 6/6 MS: 5 ChangeBinInt-InsertByte-ShuffleBytes-CopyPart-CopyPart-
#1230	NEW    cov: 708 ft: 1682 corp: 40/197b lim: 6 exec/s: 0 rss: 58Mb L: 6/6 MS: 1 ShuffleBytes-
#1249	NEW    cov: 709 ft: 1683 corp: 41/203b lim: 6 exec/s: 0 rss: 58Mb L: 6/6 MS: 4 CopyPart-CrossOver-ChangeBinInt-CMP- DE: "in"-
#1336	NEW    cov: 709 ft: 1701 corp: 42/209b lim: 6 exec/s: 0 rss: 58Mb L: 6/6 MS: 2 ChangeByte-InsertByte-
#1376	NEW    cov: 709 ft: 1703 corp: 43/215b lim: 6 exec/s: 0 rss: 58Mb L: 6/6 MS: 5 ShuffleBytes-InsertByte-PersAutoDict-CrossOver-CopyPart- DE: "\351\256\233"-
#1454	NEW    cov: 709 ft: 1714 corp: 44/221b lim: 6 exec/s: 0 rss: 58Mb L: 6/6 MS: 3 InsertByte-ShuffleBytes-CrossOver-
#1508	REDUCE cov: 709 ft: 1714 corp: 44/220b lim: 6 exec/s: 0 rss: 58Mb L: 4/6 MS: 4 ChangeBinInt-ChangeBit-EraseBytes-InsertByte-
#1526	NEW    cov: 732 ft: 1879 corp: 45/226b lim: 6 exec/s: 0 rss: 58Mb L: 6/6 MS: 3 InsertByte-InsertByte-ShuffleBytes-
#1537	REDUCE cov: 735 ft: 1885 corp: 46/232b lim: 6 exec/s: 0 rss: 58Mb L: 6/6 MS: 1 PersAutoDict- DE: "in"-
#1538	NEW    cov: 737 ft: 1893 corp: 47/238b lim: 6 exec/s: 0 rss: 58Mb L: 6/6 MS: 1 InsertByte-
#1656	NEW    cov: 744 ft: 1970 corp: 48/244b lim: 6 exec/s: 0 rss: 58Mb L: 6/6 MS: 3 CrossOver-CrossOver-InsertByte-
#1703	REDUCE cov: 783 ft: 2081 corp: 49/250b lim: 6 exec/s: 0 rss: 58Mb L: 6/6 MS: 2 ShuffleBytes-InsertByte-
#1744	REDUCE cov: 783 ft: 2081 corp: 49/249b lim: 6 exec/s: 0 rss: 58Mb L: 5/6 MS: 1 EraseBytes-
#1832	NEW    cov: 813 ft: 2118 corp: 50/255b lim: 6 exec/s: 0 rss: 58Mb L: 6/6 MS: 3 PersAutoDict-ShuffleBytes-CrossOver- DE: "\351\256\233"-
#1866	NEW    cov: 813 ft: 2132 corp: 51/261b lim: 6 exec/s: 0 rss: 58Mb L: 6/6 MS: 4 ShuffleBytes-ChangeByte-CopyPart-ChangeBinInt-
#2118	NEW    cov: 816 ft: 2147 corp: 52/267b lim: 8 exec/s: 2118 rss: 58Mb L: 6/6 MS: 2 CopyPart-ShuffleBytes-
#2168	NEW    cov: 816 ft: 2153 corp: 53/275b lim: 8 exec/s: 2168 rss: 58Mb L: 8/8 MS: 5 CrossOver-CMP-ShuffleBytes-InsertByte-CrossOver- DE: "not"-
#2185	NEW    cov: 816 ft: 2154 corp: 54/283b lim: 8 exec/s: 2185 rss: 58Mb L: 8/8 MS: 2 InsertByte-CopyPart-
#2187	NEW    cov: 816 ft: 2218 corp: 55/289b lim: 8 exec/s: 2187 rss: 58Mb L: 6/8 MS: 2 CrossOver-ChangeByte-
#2206	NEW    cov: 816 ft: 2220 corp: 56/297b lim: 8 exec/s: 2206 rss: 58Mb L: 8/8 MS: 4 InsertByte-InsertByte-EraseBytes-PersAutoDict- DE: "not"-
#2216	NEW    cov: 816 ft: 2225 corp: 57/304b lim: 8 exec/s: 2216 rss: 58Mb L: 7/8 MS: 5 ChangeByte-ShuffleBytes-InsertByte-ShuffleBytes-ShuffleBytes-
#2232	NEW    cov: 819 ft: 2229 corp: 58/310b lim: 8 exec/s: 2232 rss: 58Mb L: 6/8 MS: 1 CrossOver-
#2264	NEW    cov: 819 ft: 2230 corp: 59/317b lim: 8 exec/s: 2264 rss: 58Mb L: 7/8 MS: 2 ChangeByte-InsertByte-
#2298	NEW    cov: 819 ft: 2231 corp: 60/323b lim: 8 exec/s: 2298 rss: 58Mb L: 6/8 MS: 4 ChangeBit-ChangeASCIIInt-ChangeByte-ChangeBit-
#2356	NEW    cov: 819 ft: 2232 corp: 61/331b lim: 8 exec/s: 2356 rss: 58Mb L: 8/8 MS: 3 PersAutoDict-ChangeBit-CrossOver- DE: "in"-
#2370	NEW    cov: 819 ft: 2234 corp: 62/339b lim: 8 exec/s: 2370 rss: 58Mb L: 8/8 MS: 4 ChangeBinInt-ShuffleBytes-PersAutoDict-ChangeBinInt- DE: "\351\256\233"-
#2456	REDUCE cov: 821 ft: 2236 corp: 63/344b lim: 8 exec/s: 2456 rss: 58Mb L: 5/8 MS: 1 ChangeByte-
#2458	NEW    cov: 828 ft: 2257 corp: 64/351b lim: 8 exec/s: 2458 rss: 58Mb L: 7/8 MS: 2 CopyPart-InsertByte-
#2491	NEW    cov: 828 ft: 2258 corp: 65/357b lim: 8 exec/s: 2491 rss: 58Mb L: 6/8 MS: 3 CrossOver-PersAutoDict-CopyPart- DE: "not"-
#2543	NEW    cov: 828 ft: 2261 corp: 66/364b lim: 8 exec/s: 2543 rss: 58Mb L: 7/8 MS: 2 CopyPart-PersAutoDict- DE: "\351\256\233"-
#2742	NEW    cov: 828 ft: 2286 corp: 67/372b lim: 8 exec/s: 2742 rss: 58Mb L: 8/8 MS: 4 PersAutoDict-PersAutoDict-ChangeBit-ChangeByte- DE: "\351\256\233"-"in"-
#2772	NEW    cov: 882 ft: 2371 corp: 68/380b lim: 8 exec/s: 2772 rss: 58Mb L: 8/8 MS: 5 EraseBytes-ShuffleBytes-ChangeASCIIInt-ChangeByte-CrossOver-
#2824	NEW    cov: 882 ft: 2375 corp: 69/388b lim: 8 exec/s: 2824 rss: 58Mb L: 8/8 MS: 2 InsertByte-CopyPart-
#3075	NEW    cov: 882 ft: 2376 corp: 70/394b lim: 8 exec/s: 3075 rss: 58Mb L: 6/8 MS: 1 CMP- DE: "for"-
#3175	NEW    cov: 882 ft: 2380 corp: 71/401b lim: 8 exec/s: 3175 rss: 58Mb L: 7/8 MS: 5 EraseBytes-ChangeBit-ShuffleBytes-ChangeBinInt-PersAutoDict- DE: "\351\256\233"-
#3468	NEW    cov: 890 ft: 2422 corp: 72/409b lim: 8 exec/s: 1734 rss: 58Mb L: 8/8 MS: 3 CrossOver-EraseBytes-CopyPart-
#3568	NEW    cov: 892 ft: 2424 corp: 73/417b lim: 8 exec/s: 1784 rss: 58Mb L: 8/8 MS: 5 ChangeBinInt-ChangeBinInt-ShuffleBytes-ChangeBinInt-ChangeBit-
#3729	NEW    cov: 892 ft: 2434 corp: 74/425b lim: 8 exec/s: 1864 rss: 58Mb L: 8/8 MS: 1 CopyPart-
#3730	REDUCE cov: 892 ft: 2434 corp: 74/424b lim: 8 exec/s: 1865 rss: 58Mb L: 7/8 MS: 1 EraseBytes-
#4015	NEW    cov: 892 ft: 2468 corp: 75/431b lim: 8 exec/s: 2007 rss: 58Mb L: 7/8 MS: 5 ChangeASCIIInt-CrossOver-ChangeBinInt-InsertRepeatedBytes-CrossOver-
#4096	pulse  cov: 892 ft: 2468 corp: 75/431b lim: 8 exec/s: 2048 rss: 58Mb
#4119	NEW    cov: 892 ft: 2493 corp: 76/439b lim: 8 exec/s: 2059 rss: 58Mb L: 8/8 MS: 4 CrossOver-ChangeByte-CrossOver-CrossOver-
#4212	NEW    cov: 896 ft: 2497 corp: 77/447b lim: 8 exec/s: 2106 rss: 58Mb L: 8/8 MS: 3 InsertByte-ChangeByte-ChangeByte-
#4285	REDUCE cov: 896 ft: 2497 corp: 77/444b lim: 8 exec/s: 2142 rss: 58Mb L: 5/8 MS: 3 EraseBytes-ChangeASCIIInt-EraseBytes-
#4456	NEW    cov: 896 ft: 2498 corp: 78/452b lim: 8 exec/s: 2228 rss: 58Mb L: 8/8 MS: 1 CrossOver-
#4477	NEW    cov: 899 ft: 2506 corp: 79/460b lim: 8 exec/s: 2238 rss: 58Mb L: 8/8 MS: 1 CopyPart-
#4694	NEW    cov: 900 ft: 2507 corp: 80/467b lim: 8 exec/s: 1564 rss: 58Mb L: 7/8 MS: 2 ChangeBit-ChangeBit-
#4845	NEW    cov: 900 ft: 2509 corp: 81/474b lim: 8 exec/s: 1615 rss: 58Mb L: 7/8 MS: 1 CrossOver-
#4851	NEW    cov: 903 ft: 2515 corp: 82/480b lim: 8 exec/s: 1617 rss: 58Mb L: 6/8 MS: 1 ChangeByte-
#4895	NEW    cov: 903 ft: 2518 corp: 83/488b lim: 8 exec/s: 1631 rss: 58Mb L: 8/8 MS: 4 ChangeBit-ChangeBinInt-ShuffleBytes-CrossOver-
#4913	REDUCE cov: 903 ft: 2518 corp: 83/487b lim: 8 exec/s: 1637 rss: 58Mb L: 5/8 MS: 3 ChangeByte-InsertByte-CrossOver-
#4957	NEW    cov: 906 ft: 2529 corp: 84/495b lim: 8 exec/s: 1652 rss: 58Mb L: 8/8 MS: 4 CopyPart-ShuffleBytes-PersAutoDict-InsertByte- DE: "not"-
#5228	NEW    cov: 912 ft: 2535 corp: 85/503b lim: 8 exec/s: 1742 rss: 58Mb L: 8/8 MS: 1 ChangeBinInt-
#5299	NEW    cov: 913 ft: 2571 corp: 86/511b lim: 8 exec/s: 1766 rss: 58Mb L: 8/8 MS: 1 InsertByte-
#5548	NEW    cov: 914 ft: 2572 corp: 87/516b lim: 8 exec/s: 1849 rss: 58Mb L: 5/8 MS: 4 InsertByte-ChangeBinInt-ChangeByte-EraseBytes-
#5641	NEW    cov: 914 ft: 2575 corp: 88/524b lim: 8 exec/s: 1880 rss: 58Mb L: 8/8 MS: 3 CrossOver-EraseBytes-CopyPart-
#5683	REDUCE cov: 914 ft: 2575 corp: 88/523b lim: 8 exec/s: 1894 rss: 58Mb L: 5/8 MS: 2 CopyPart-CrossOver-
#5852	REDUCE cov: 914 ft: 2575 corp: 88/522b lim: 8 exec/s: 1463 rss: 58Mb L: 5/8 MS: 4 EraseBytes-ChangeByte-ShuffleBytes-ShuffleBytes-
#5975	NEW    cov: 914 ft: 2576 corp: 89/529b lim: 8 exec/s: 1493 rss: 58Mb L: 7/8 MS: 3 CMP-ShuffleBytes-InsertByte- DE: "\377\377"-
#5996	NEW    cov: 914 ft: 2594 corp: 90/535b lim: 8 exec/s: 1499 rss: 58Mb L: 6/8 MS: 1 ChangeBit-
#6162	REDUCE cov: 914 ft: 2594 corp: 90/534b lim: 8 exec/s: 1540 rss: 58Mb L: 7/8 MS: 1 EraseBytes-
#6280	NEW    cov: 914 ft: 2620 corp: 91/539b lim: 8 exec/s: 1570 rss: 58Mb L: 5/8 MS: 3 CrossOver-InsertByte-ShuffleBytes-
#6397	NEW    cov: 914 ft: 2626 corp: 92/546b lim: 8 exec/s: 1599 rss: 58Mb L: 7/8 MS: 2 ShuffleBytes-InsertByte-
#6661	NEW    cov: 915 ft: 2628 corp: 93/554b lim: 8 exec/s: 1665 rss: 58Mb L: 8/8 MS: 4 CopyPart-ChangeBit-EraseBytes-CopyPart-
#6714	NEW    cov: 917 ft: 2630 corp: 94/562b lim: 8 exec/s: 1678 rss: 58Mb L: 8/8 MS: 3 CrossOver-ChangeBit-CrossOver-
