INFO: Instrumenting arrow
INFO: Instrumenting arrow._version
INFO: Instrumenting arrow.api
INFO: Instrumenting datetime
INFO: Instrumenting arrow.arrow
INFO: Instrumenting calendar
INFO: Instrumenting locale
INFO: Instrumenting _locale
WARNING: It looks like this module is imported by a custom loader. Atheris has experimental support for this. However, it may be incompatible with certain libraries. If you experience unusual errors or poor coverage collection, try atheris.instrument_all() instead, add enable_loader_override=False to instrument_imports(), or file an issue on GitHub.
INFO: Instrumenting dateutil
INFO: Instrumenting dateutil._version
INFO: Instrumenting dateutil.tz
INFO: Instrumenting dateutil.tz.tz
INFO: Instrumenting struct
INFO: Instrumenting six
INFO: Instrumenting __future__
INFO: Instrumenting importlib.util
INFO: Instrumenting six.moves
INFO: Instrumenting dateutil.tz._common
INFO: Instrumenting dateutil.tz._factories
INFO: Instrumenting dateutil.tz.win
INFO: Instrumenting dateutil.relativedelta
INFO: Instrumenting dateutil._common
INFO: Instrumenting arrow.formatter
INFO: Instrumenting arrow.locales
INFO: Instrumenting arrow.constants
INFO: Instrumenting arrow.parser
INFO: Instrumenting zoneinfo
INFO: Instrumenting zoneinfo._tzpath
INFO: Instrumenting sysconfig
INFO: Instrumenting _sysconfigdata__linux_x86_64-linux-gnu
INFO: Instrumenting zoneinfo._common
INFO: Instrumenting arrow.util
INFO: Instrumenting dateutil.rrule
INFO: Instrumenting heapq
INFO: Instrumenting arrow.factory
INFO: Instrumenting decimal
INFO: Instrumenting numbers
INFO: Using built-in libfuzzer
WARNING: Failed to find function "__sanitizer_acquire_crash_state".
WARNING: Failed to find function "__sanitizer_print_stack_trace".
WARNING: Failed to find function "__sanitizer_set_death_callback".
INFO: Running with entropic power schedule (0xFF, 100).
INFO: Seed: 2094921254
INFO: -max_len is not provided; libFuzzer will not generate inputs larger than 4096 bytes
INFO: A corpus is not provided, starting from an empty corpus
#2	INITED cov: 32 ft: 32 corp: 1/1b exec/s: 0 rss: 48Mb
#3	NEW    cov: 146 ft: 152 corp: 2/3b lim: 4 exec/s: 0 rss: 48Mb L: 2/2 MS: 1 InsertByte-
#4	NEW    cov: 153 ft: 168 corp: 3/5b lim: 4 exec/s: 0 rss: 48Mb L: 2/2 MS: 1 ChangeBinInt-
#11	REDUCE cov: 153 ft: 168 corp: 3/4b lim: 4 exec/s: 0 rss: 48Mb L: 1/2 MS: 2 ChangeBinInt-EraseBytes-
#29	NEW    cov: 159 ft: 229 corp: 4/6b lim: 4 exec/s: 0 rss: 48Mb L: 2/2 MS: 3 ChangeBit-InsertByte-ChangeBit-
#31	NEW    cov: 162 ft: 232 corp: 5/7b lim: 4 exec/s: 0 rss: 49Mb L: 1/2 MS: 2 CopyPart-ChangeByte-
#32	REDUCE cov: 162 ft: 232 corp: 5/6b lim: 4 exec/s: 0 rss: 49Mb L: 1/2 MS: 1 EraseBytes-
#168	REDUCE cov: 162 ft: 232 corp: 5/5b lim: 4 exec/s: 0 rss: 49Mb L: 1/1 MS: 1 EraseBytes-
#23068	REDUCE cov: 188 ft: 344 corp: 6/224b lim: 226 exec/s: 23068 rss: 49Mb L: 219/219 MS: 5 ShuffleBytes-InsertRepeatedBytes-ChangeBit-ChangeBit-InsertRepeatedBytes-
#23125	NEW    cov: 188 ft: 348 corp: 7/449b lim: 226 exec/s: 23125 rss: 49Mb L: 225/225 MS: 2 InsertRepeatedBytes-ChangeByte-
#23144	REDUCE cov: 188 ft: 348 corp: 7/442b lim: 226 exec/s: 23144 rss: 49Mb L: 218/219 MS: 4 ChangeBinInt-InsertByte-ChangeBinInt-EraseBytes-
#23321	REDUCE cov: 188 ft: 348 corp: 7/441b lim: 226 exec/s: 23321 rss: 49Mb L: 218/218 MS: 2 ChangeBit-EraseBytes-
#23335	REDUCE cov: 188 ft: 433 corp: 8/666b lim: 226 exec/s: 23335 rss: 49Mb L: 225/225 MS: 4 CrossOver-InsertByte-CopyPart-InsertRepeatedBytes-
#23339	REDUCE cov: 191 ft: 436 corp: 9/871b lim: 226 exec/s: 23339 rss: 49Mb L: 205/225 MS: 4 InsertByte-ChangeByte-EraseBytes-InsertRepeatedBytes-
#23356	REDUCE cov: 191 ft: 436 corp: 9/863b lim: 226 exec/s: 23356 rss: 49Mb L: 217/218 MS: 2 ChangeByte-EraseBytes-
#23455	REDUCE cov: 191 ft: 436 corp: 9/853b lim: 226 exec/s: 23455 rss: 49Mb L: 208/218 MS: 4 ChangeBinInt-EraseBytes-CopyPart-CMP- DE: "\001\000\000\000\000\000\000\000"-
#23505	REDUCE cov: 191 ft: 436 corp: 9/852b lim: 226 exec/s: 23505 rss: 49Mb L: 207/218 MS: 5 InsertRepeatedBytes-InsertRepeatedBytes-ChangeBit-EraseBytes-CMP- DE: "\000\000"-
#23588	REDUCE cov: 191 ft: 436 corp: 9/845b lim: 226 exec/s: 23588 rss: 49Mb L: 211/217 MS: 3 ChangeBinInt-PersAutoDict-EraseBytes- DE: "\001\000\000\000\000\000\000\000"-
#23697	REDUCE cov: 191 ft: 436 corp: 9/842b lim: 226 exec/s: 23697 rss: 49Mb L: 208/217 MS: 4 ChangeBit-ChangeBit-InsertRepeatedBytes-EraseBytes-
#24200	REDUCE cov: 191 ft: 436 corp: 9/836b lim: 226 exec/s: 24200 rss: 49Mb L: 211/211 MS: 3 InsertRepeatedBytes-EraseBytes-CopyPart-
#24213	REDUCE cov: 194 ft: 443 corp: 10/1051b lim: 226 exec/s: 24213 rss: 49Mb L: 215/215 MS: 3 CMP-CMP-ChangeBit- DE: "|\007\000\000\000\000\000\000"-"year"-
#24404	REDUCE cov: 194 ft: 443 corp: 10/1047b lim: 226 exec/s: 24404 rss: 49Mb L: 207/215 MS: 1 EraseBytes-
#24491	REDUCE cov: 194 ft: 443 corp: 10/1039b lim: 226 exec/s: 24491 rss: 49Mb L: 207/208 MS: 2 ChangeBinInt-EraseBytes-
#24595	REDUCE cov: 199 ft: 450 corp: 11/1252b lim: 226 exec/s: 24595 rss: 49Mb L: 213/213 MS: 4 ChangeBit-InsertRepeatedBytes-InsertByte-ChangeByte-
#24810	REDUCE cov: 199 ft: 450 corp: 11/1247b lim: 226 exec/s: 24810 rss: 49Mb L: 208/208 MS: 5 ShuffleBytes-CopyPart-InsertByte-ChangeByte-EraseBytes-
#26180	NEW    cov: 200 ft: 486 corp: 12/1454b lim: 233 exec/s: 13090 rss: 49Mb L: 207/208 MS: 5 ChangeBit-ChangeBinInt-InsertByte-ShuffleBytes-InsertByte-
#26255	REDUCE cov: 200 ft: 487 corp: 13/1664b lim: 233 exec/s: 13127 rss: 49Mb L: 210/210 MS: 5 InsertByte-ChangeBinInt-ChangeBit-ChangeBinInt-InsertByte-
#26780	REDUCE cov: 201 ft: 488 corp: 14/1878b lim: 233 exec/s: 13390 rss: 49Mb L: 214/214 MS: 5 EraseBytes-InsertByte-CrossOver-ChangeByte-InsertRepeatedBytes-
#26931	REDUCE cov: 201 ft: 488 corp: 14/1876b lim: 233 exec/s: 13465 rss: 49Mb L: 212/212 MS: 1 EraseBytes-
#28250	REDUCE cov: 236 ft: 523 corp: 15/2116b lim: 240 exec/s: 14125 rss: 49Mb L: 240/240 MS: 4 InsertRepeatedBytes-ChangeBit-CopyPart-InsertRepeatedBytes-
#28262	NEW    cov: 241 ft: 528 corp: 16/2356b lim: 240 exec/s: 14131 rss: 49Mb L: 240/240 MS: 2 PersAutoDict-CrossOver- DE: "|\007\000\000\000\000\000\000"-
#28419	NEW    cov: 242 ft: 529 corp: 17/2596b lim: 240 exec/s: 9473 rss: 49Mb L: 240/240 MS: 2 ChangeByte-ChangeBinInt-
#28443	REDUCE cov: 242 ft: 529 corp: 17/2570b lim: 240 exec/s: 9481 rss: 49Mb L: 214/240 MS: 4 EraseBytes-ShuffleBytes-CMP-CopyPart- DE: "\001\000\000\000\000\000\000\000"-
#28507	REDUCE cov: 242 ft: 529 corp: 17/2565b lim: 240 exec/s: 9502 rss: 49Mb L: 209/240 MS: 4 EraseBytes-ChangeBinInt-CopyPart-InsertByte-
#28533	REDUCE cov: 242 ft: 529 corp: 17/2561b lim: 240 exec/s: 9511 rss: 49Mb L: 236/240 MS: 1 EraseBytes-
#28681	REDUCE cov: 242 ft: 529 corp: 17/2554b lim: 240 exec/s: 9560 rss: 49Mb L: 233/236 MS: 3 CopyPart-ChangeBit-EraseBytes-
#28760	NEW    cov: 242 ft: 532 corp: 18/2779b lim: 240 exec/s: 9586 rss: 49Mb L: 225/236 MS: 4 InsertByte-InsertRepeatedBytes-ChangeBinInt-CopyPart-
#28763	REDUCE cov: 242 ft: 532 corp: 18/2770b lim: 240 exec/s: 9587 rss: 49Mb L: 216/236 MS: 3 PersAutoDict-ChangeBinInt-EraseBytes- DE: "|\007\000\000\000\000\000\000"-
#29130	REDUCE cov: 242 ft: 532 corp: 18/2762b lim: 240 exec/s: 9710 rss: 49Mb L: 225/236 MS: 2 InsertRepeatedBytes-EraseBytes-
#29358	REDUCE cov: 242 ft: 532 corp: 18/2758b lim: 240 exec/s: 9786 rss: 49Mb L: 208/236 MS: 3 ShuffleBytes-InsertByte-EraseBytes-
#29420	REDUCE cov: 242 ft: 532 corp: 18/2731b lim: 240 exec/s: 9806 rss: 49Mb L: 209/225 MS: 2 ChangeByte-EraseBytes-
#29711	REDUCE cov: 242 ft: 532 corp: 18/2727b lim: 240 exec/s: 9903 rss: 49Mb L: 221/221 MS: 1 EraseBytes-
#29894	REDUCE cov: 242 ft: 532 corp: 18/2725b lim: 240 exec/s: 9964 rss: 49Mb L: 219/219 MS: 3 ChangeByte-ChangeBit-EraseBytes-
#30058	REDUCE cov: 242 ft: 532 corp: 18/2720b lim: 240 exec/s: 10019 rss: 49Mb L: 214/216 MS: 4 ChangeASCIIInt-ChangeASCIIInt-ChangeBinInt-EraseBytes-
#30172	REDUCE cov: 242 ft: 532 corp: 18/2719b lim: 240 exec/s: 10057 rss: 49Mb L: 207/216 MS: 4 CrossOver-EraseBytes-ChangeByte-InsertByte-
#30227	REDUCE cov: 244 ft: 534 corp: 19/2956b lim: 240 exec/s: 10075 rss: 49Mb L: 237/237 MS: 5 ShuffleBytes-ChangeBinInt-ChangeBit-CMP-InsertRepeatedBytes- DE: "day"-
#30382	REDUCE cov: 244 ft: 534 corp: 19/2950b lim: 240 exec/s: 10127 rss: 49Mb L: 231/231 MS: 5 ChangeASCIIInt-CrossOver-CopyPart-PersAutoDict-EraseBytes- DE: "\001\000\000\000\000\000\000\000"-
#30482	REDUCE cov: 244 ft: 534 corp: 19/2948b lim: 240 exec/s: 10160 rss: 49Mb L: 212/231 MS: 5 ShuffleBytes-PersAutoDict-CMP-CopyPart-EraseBytes- DE: "|\007\000\000\000\000\000\000"-"\000\000"-
#30630	REDUCE cov: 244 ft: 534 corp: 19/2944b lim: 240 exec/s: 10210 rss: 49Mb L: 208/231 MS: 3 CrossOver-EraseBytes-InsertByte-
#31061	REDUCE cov: 244 ft: 534 corp: 19/2934b lim: 240 exec/s: 10353 rss: 49Mb L: 206/231 MS: 1 EraseBytes-
#32058	REDUCE cov: 244 ft: 534 corp: 19/2929b lim: 247 exec/s: 10686 rss: 49Mb L: 226/226 MS: 2 CopyPart-EraseBytes-
#32399	REDUCE cov: 244 ft: 534 corp: 19/2928b lim: 247 exec/s: 10799 rss: 49Mb L: 225/225 MS: 1 EraseBytes-
#32409	NEW    cov: 244 ft: 537 corp: 20/3139b lim: 247 exec/s: 10803 rss: 49Mb L: 211/225 MS: 5 CopyPart-ChangeByte-CrossOver-ChangeBit-PersAutoDict- DE: "day"-
#32709	NEW    cov: 244 ft: 539 corp: 21/3380b lim: 247 exec/s: 10903 rss: 49Mb L: 241/241 MS: 5 ChangeBinInt-CMP-InsertRepeatedBytes-EraseBytes-InsertRepeatedBytes- DE: "\017\000\000\000\000\000\000\000"-
#32760	REDUCE cov: 244 ft: 539 corp: 21/3367b lim: 247 exec/s: 10920 rss: 49Mb L: 228/228 MS: 1 EraseBytes-
#32768	pulse  cov: 244 ft: 539 corp: 21/3367b lim: 247 exec/s: 10922 rss: 49Mb
#32928	REDUCE cov: 244 ft: 539 corp: 21/3366b lim: 247 exec/s: 10976 rss: 49Mb L: 210/228 MS: 3 InsertRepeatedBytes-ChangeBit-EraseBytes-
#34162	REDUCE cov: 244 ft: 539 corp: 21/3365b lim: 254 exec/s: 8540 rss: 49Mb L: 224/228 MS: 4 EraseBytes-CopyPart-PersAutoDict-InsertRepeatedBytes- DE: "\000\000"-
#34533	REDUCE cov: 244 ft: 539 corp: 21/3361b lim: 254 exec/s: 8633 rss: 49Mb L: 224/224 MS: 1 EraseBytes-
#34767	REDUCE cov: 244 ft: 540 corp: 22/3601b lim: 254 exec/s: 8691 rss: 49Mb L: 240/240 MS: 4 PersAutoDict-ChangeByte-PersAutoDict-InsertRepeatedBytes- DE: "\001\000\000\000\000\000\000\000"-"\017\000\000\000\000\000\000\000"-
#35275	REDUCE cov: 244 ft: 540 corp: 22/3584b lim: 254 exec/s: 8818 rss: 49Mb L: 223/224 MS: 3 CMP-ChangeBit-EraseBytes- DE: "\012\000\000\000\000\000\000\000"-
#35840	REDUCE cov: 244 ft: 540 corp: 22/3582b lim: 254 exec/s: 8960 rss: 49Mb L: 222/224 MS: 5 CopyPart-ChangeByte-EraseBytes-ChangeBit-InsertRepeatedBytes-
#35939	REDUCE cov: 244 ft: 540 corp: 22/3572b lim: 254 exec/s: 8984 rss: 49Mb L: 212/224 MS: 4 ChangeBinInt-InsertRepeatedBytes-PersAutoDict-EraseBytes- DE: "day"-
#36448	REDUCE cov: 244 ft: 540 corp: 22/3568b lim: 254 exec/s: 9112 rss: 49Mb L: 220/223 MS: 4 PersAutoDict-EraseBytes-EraseBytes-CopyPart- DE: "\001\000\000\000\000\000\000\000"-
#36630	REDUCE cov: 244 ft: 540 corp: 22/3565b lim: 254 exec/s: 9157 rss: 49Mb L: 220/220 MS: 2 ChangeByte-EraseBytes-
#36898	REDUCE cov: 244 ft: 540 corp: 22/3562b lim: 254 exec/s: 9224 rss: 49Mb L: 207/220 MS: 3 InsertRepeatedBytes-PersAutoDict-EraseBytes- DE: "year"-
#38546	REDUCE cov: 244 ft: 540 corp: 22/3554b lim: 269 exec/s: 9636 rss: 49Mb L: 212/220 MS: 3 EraseBytes-CMP-InsertRepeatedBytes- DE: "\001\000\000\000\000\000\000\014"-
#39839	REDUCE cov: 244 ft: 540 corp: 22/3552b lim: 277 exec/s: 7967 rss: 49Mb L: 210/220 MS: 3 ChangeBinInt-InsertRepeatedBytes-EraseBytes-
#40709	REDUCE cov: 244 ft: 540 corp: 22/3545b lim: 285 exec/s: 8141 rss: 49Mb L: 213/213 MS: 5 CMP-EraseBytes-InsertRepeatedBytes-InsertByte-CopyPart- DE: "\001\000"-
#41797	NEW    cov: 285 ft: 581 corp: 23/3820b lim: 293 exec/s: 8359 rss: 49Mb L: 275/275 MS: 3 CrossOver-PersAutoDict-CrossOver- DE: "\000\000"-
#41907	REDUCE cov: 285 ft: 581 corp: 23/3805b lim: 293 exec/s: 8381 rss: 49Mb L: 260/260 MS: 5 PersAutoDict-CopyPart-CMP-EraseBytes-CopyPart- DE: "\001\000\000\000\000\000\000\014"-"\377\377\377\377\377\377\377\377"-
#41933	REDUCE cov: 286 ft: 623 corp: 24/4068b lim: 293 exec/s: 8386 rss: 49Mb L: 263/263 MS: 1 PersAutoDict- DE: "day"-
#41952	REDUCE cov: 287 ft: 624 corp: 25/4328b lim: 293 exec/s: 8390 rss: 49Mb L: 260/263 MS: 4 ShuffleBytes-ChangeBinInt-CrossOver-ShuffleBytes-
#42038	NEW    cov: 287 ft: 641 corp: 26/4591b lim: 293 exec/s: 8407 rss: 49Mb L: 263/263 MS: 1 CrossOver-
#42078	REDUCE cov: 287 ft: 641 corp: 26/4584b lim: 293 exec/s: 8415 rss: 49Mb L: 256/263 MS: 5 PersAutoDict-CopyPart-ChangeBinInt-CMP-EraseBytes- DE: "\001\000\000\000\000\000\000\000"-"\015\000\000\000\000\000\000\000"-
#42186	NEW    cov: 287 ft: 683 corp: 27/4850b lim: 293 exec/s: 8437 rss: 49Mb L: 266/266 MS: 3 ChangeBinInt-ChangeBit-PersAutoDict- DE: "day"-
#42257	REDUCE cov: 287 ft: 683 corp: 27/4848b lim: 293 exec/s: 8451 rss: 49Mb L: 261/266 MS: 1 EraseBytes-
#42329	NEW    cov: 288 ft: 684 corp: 28/5110b lim: 293 exec/s: 8465 rss: 49Mb L: 262/266 MS: 2 InsertByte-InsertByte-
#42477	NEW    cov: 292 ft: 688 corp: 29/5335b lim: 293 exec/s: 8495 rss: 49Mb L: 225/266 MS: 3 EraseBytes-CopyPart-ChangeByte-
#42505	NEW    cov: 293 ft: 689 corp: 30/5568b lim: 293 exec/s: 8501 rss: 49Mb L: 233/266 MS: 3 CMP-CopyPart-CopyPart- DE: "\255\246\000\000\000\000\000\000"-
#42605	REDUCE cov: 293 ft: 689 corp: 30/5554b lim: 293 exec/s: 8521 rss: 49Mb L: 219/266 MS: 5 ShuffleBytes-CopyPart-CopyPart-InsertByte-EraseBytes-
#42620	REDUCE cov: 293 ft: 689 corp: 30/5549b lim: 293 exec/s: 8524 rss: 49Mb L: 251/266 MS: 5 InsertByte-InsertRepeatedBytes-ChangeBit-EraseBytes-InsertRepeatedBytes-
#42653	REDUCE cov: 293 ft: 689 corp: 30/5524b lim: 293 exec/s: 8530 rss: 49Mb L: 235/266 MS: 3 ChangeBit-EraseBytes-CopyPart-
#42746	REDUCE cov: 293 ft: 689 corp: 30/5523b lim: 293 exec/s: 8549 rss: 49Mb L: 211/266 MS: 3 PersAutoDict-CMP-EraseBytes- DE: "\017\000\000\000\000\000\000\000"-":\000\000\000\000\000\000\000"-
#42762	NEW    cov: 297 ft: 713 corp: 31/5801b lim: 293 exec/s: 8552 rss: 49Mb L: 278/278 MS: 1 InsertRepeatedBytes-
#42772	NEW    cov: 297 ft: 738 corp: 32/6067b lim: 293 exec/s: 8554 rss: 49Mb L: 266/278 MS: 5 ChangeBinInt-CopyPart-ChangeByte-CMP-CopyPart- DE: "week"-
#42800	NEW    cov: 297 ft: 742 corp: 33/6356b lim: 293 exec/s: 8560 rss: 49Mb L: 289/289 MS: 3 ChangeBinInt-CopyPart-InsertRepeatedBytes-
#42871	NEW    cov: 301 ft: 746 corp: 34/6646b lim: 293 exec/s: 8574 rss: 49Mb L: 290/290 MS: 1 CopyPart-
#42883	NEW    cov: 302 ft: 747 corp: 35/6912b lim: 293 exec/s: 8576 rss: 49Mb L: 266/290 MS: 2 ChangeByte-ChangeBinInt-
#42898	REDUCE cov: 302 ft: 747 corp: 35/6878b lim: 293 exec/s: 8579 rss: 49Mb L: 217/290 MS: 5 PersAutoDict-CopyPart-CMP-ChangeBinInt-EraseBytes- DE: "\000\000"-"\000\000"-
#42927	REDUCE cov: 302 ft: 747 corp: 35/6877b lim: 293 exec/s: 8585 rss: 49Mb L: 218/290 MS: 4 ShuffleBytes-ChangeBinInt-EraseBytes-CrossOver-
#42947	NEW    cov: 302 ft: 748 corp: 36/7168b lim: 293 exec/s: 8589 rss: 49Mb L: 291/291 MS: 5 InsertByte-CMP-ChangeBinInt-CopyPart-InsertRepeatedBytes- DE: "\264\007\000\000\000\000\000\000"-
#42989	NEW    cov: 309 ft: 755 corp: 37/7458b lim: 293 exec/s: 8597 rss: 49Mb L: 290/291 MS: 2 ShuffleBytes-InsertByte-
#43020	NEW    cov: 310 ft: 756 corp: 38/7749b lim: 293 exec/s: 8604 rss: 49Mb L: 291/291 MS: 1 CMP- DE: "hh"-
#43153	NEW    cov: 310 ft: 757 corp: 39/8040b lim: 293 exec/s: 8630 rss: 49Mb L: 291/291 MS: 3 ChangeBit-ChangeByte-PersAutoDict- DE: "\001\000\000\000\000\000\000\014"-
#43299	NEW    cov: 310 ft: 761 corp: 40/8325b lim: 293 exec/s: 8659 rss: 49Mb L: 285/291 MS: 1 InsertRepeatedBytes-
#43361	NEW    cov: 312 ft: 767 corp: 41/8611b lim: 293 exec/s: 8672 rss: 49Mb L: 286/291 MS: 2 InsertByte-InsertRepeatedBytes-
#43473	REDUCE cov: 312 ft: 767 corp: 41/8601b lim: 293 exec/s: 8694 rss: 49Mb L: 281/291 MS: 2 CopyPart-EraseBytes-
#43589	NEW    cov: 312 ft: 768 corp: 42/8867b lim: 293 exec/s: 8717 rss: 49Mb L: 266/291 MS: 1 ChangeBinInt-
#43628	REDUCE cov: 313 ft: 769 corp: 43/9152b lim: 293 exec/s: 8725 rss: 49Mb L: 285/291 MS: 4 ChangeBinInt-InsertRepeatedBytes-ChangeBit-CrossOver-
#43699	REDUCE cov: 313 ft: 769 corp: 43/9132b lim: 293 exec/s: 8739 rss: 49Mb L: 270/291 MS: 1 EraseBytes-
#43751	REDUCE cov: 313 ft: 769 corp: 43/9127b lim: 293 exec/s: 8750 rss: 49Mb L: 276/291 MS: 2 CMP-EraseBytes- DE: "\001\000\000\000\000\000\007{"-
#43754	REDUCE cov: 313 ft: 769 corp: 43/9126b lim: 293 exec/s: 8750 rss: 49Mb L: 265/291 MS: 3 InsertByte-PersAutoDict-EraseBytes- DE: "year"-
#43841	REDUCE cov: 313 ft: 769 corp: 43/9116b lim: 293 exec/s: 8768 rss: 49Mb L: 275/291 MS: 2 InsertRepeatedBytes-EraseBytes-
#43892	NEW    cov: 313 ft: 782 corp: 44/9382b lim: 293 exec/s: 8778 rss: 49Mb L: 266/291 MS: 1 PersAutoDict- DE: "year"-
#43913	NEW    cov: 314 ft: 783 corp: 45/9648b lim: 293 exec/s: 8782 rss: 49Mb L: 266/291 MS: 1 CrossOver-
#44062	NEW    cov: 314 ft: 784 corp: 46/9903b lim: 293 exec/s: 8812 rss: 49Mb L: 255/291 MS: 4 PersAutoDict-CMP-ChangeByte-EraseBytes- DE: "|\007\000\000\000\000\000\000"-"DD"-
#44310	REDUCE cov: 315 ft: 785 corp: 47/10173b lim: 293 exec/s: 8862 rss: 49Mb L: 270/291 MS: 3 CrossOver-ChangeBit-ChangeBit-
#44346	REDUCE cov: 315 ft: 785 corp: 47/10166b lim: 293 exec/s: 8869 rss: 49Mb L: 253/291 MS: 1 EraseBytes-
#44491	NEW    cov: 319 ft: 789 corp: 48/10420b lim: 293 exec/s: 8898 rss: 49Mb L: 254/291 MS: 5 ChangeBit-EraseBytes-InsertByte-InsertByte-InsertRepeatedBytes-
#44584	NEW    cov: 319 ft: 791 corp: 49/10675b lim: 293 exec/s: 8916 rss: 49Mb L: 255/291 MS: 3 ChangeBit-InsertByte-CopyPart-
#44652	NEW    cov: 319 ft: 792 corp: 50/10957b lim: 293 exec/s: 8930 rss: 49Mb L: 282/291 MS: 3 CopyPart-CrossOver-CopyPart-
#44688	NEW    cov: 320 ft: 793 corp: 51/11214b lim: 293 exec/s: 8937 rss: 49Mb L: 257/291 MS: 1 PersAutoDict- DE: "day"-
#44734	REDUCE cov: 320 ft: 793 corp: 51/11212b lim: 293 exec/s: 8946 rss: 49Mb L: 264/291 MS: 1 EraseBytes-
#44761	NEW    cov: 321 ft: 794 corp: 52/11467b lim: 293 exec/s: 8952 rss: 49Mb L: 255/291 MS: 2 ChangeBit-InsertByte-
#44782	NEW    cov: 322 ft: 795 corp: 53/11733b lim: 293 exec/s: 8956 rss: 49Mb L: 266/291 MS: 1 PersAutoDict- DE: "DD"-
#44801	NEW    cov: 322 ft: 802 corp: 54/12011b lim: 293 exec/s: 8960 rss: 49Mb L: 278/291 MS: 4 ShuffleBytes-ChangeByte-ChangeBinInt-InsertRepeatedBytes-
#44807	REDUCE cov: 322 ft: 802 corp: 54/11999b lim: 293 exec/s: 8961 rss: 49Mb L: 266/291 MS: 1 EraseBytes-
#44823	NEW    cov: 322 ft: 804 corp: 55/12270b lim: 293 exec/s: 8964 rss: 49Mb L: 271/291 MS: 1 InsertRepeatedBytes-
#44847	NEW    cov: 322 ft: 806 corp: 56/12552b lim: 293 exec/s: 8969 rss: 49Mb L: 282/291 MS: 4 ChangeByte-CopyPart-ChangeBit-CrossOver-
#44907	NEW    cov: 322 ft: 807 corp: 57/12822b lim: 293 exec/s: 8981 rss: 49Mb L: 270/291 MS: 5 InsertByte-CMP-ChangeBinInt-EraseBytes-CopyPart- DE: "\000\000"-
#44967	NEW    cov: 329 ft: 814 corp: 58/13083b lim: 293 exec/s: 8993 rss: 49Mb L: 261/291 MS: 5 ShuffleBytes-InsertByte-PersAutoDict-CMP-PersAutoDict- DE: "\001\000\000\000\000\000\007{"-"Do"-"day"-
#44977	REDUCE cov: 331 ft: 816 corp: 59/13349b lim: 293 exec/s: 8995 rss: 49Mb L: 266/291 MS: 5 CMP-CopyPart-ChangeBit-ChangeByte-ShuffleBytes- DE: "\377\377\377\377"-
#44993	NEW    cov: 332 ft: 819 corp: 60/13603b lim: 293 exec/s: 8998 rss: 49Mb L: 254/291 MS: 1 ChangeBinInt-
#45084	NEW    cov: 332 ft: 821 corp: 61/13820b lim: 293 exec/s: 9016 rss: 49Mb L: 217/291 MS: 1 EraseBytes-
#45085	REDUCE cov: 332 ft: 821 corp: 61/13791b lim: 293 exec/s: 9017 rss: 49Mb L: 226/291 MS: 1 EraseBytes-
#45097	NEW    cov: 332 ft: 822 corp: 62/14078b lim: 293 exec/s: 9019 rss: 49Mb L: 287/291 MS: 2 CopyPart-CopyPart-
#45158	NEW    cov: 332 ft: 823 corp: 63/14349b lim: 293 exec/s: 9031 rss: 49Mb L: 271/291 MS: 1 InsertByte-
#45233	REDUCE cov: 332 ft: 823 corp: 63/14336b lim: 293 exec/s: 9046 rss: 49Mb L: 248/291 MS: 5 CopyPart-ChangeByte-InsertByte-EraseBytes-CopyPart-
#45238	NEW    cov: 332 ft: 828 corp: 64/14607b lim: 293 exec/s: 9047 rss: 49Mb L: 271/291 MS: 5 ChangeByte-ShuffleBytes-PersAutoDict-InsertByte-ShuffleBytes- DE: "hh"-
#45244	REDUCE cov: 332 ft: 828 corp: 64/14603b lim: 293 exec/s: 9048 rss: 49Mb L: 250/291 MS: 1 EraseBytes-
#45291	NEW    cov: 332 ft: 829 corp: 65/14875b lim: 293 exec/s: 9058 rss: 49Mb L: 272/291 MS: 2 ChangeBit-InsertByte-
#45325	NEW    cov: 332 ft: 838 corp: 66/15148b lim: 293 exec/s: 9065 rss: 49Mb L: 273/291 MS: 4 EraseBytes-ChangeByte-ChangeByte-InsertRepeatedBytes-
#45374	REDUCE cov: 334 ft: 840 corp: 67/15397b lim: 293 exec/s: 9074 rss: 49Mb L: 249/291 MS: 4 ChangeBit-InsertByte-ChangeBinInt-CrossOver-
#45474	NEW    cov: 335 ft: 841 corp: 68/15675b lim: 293 exec/s: 9094 rss: 49Mb L: 278/291 MS: 5 PersAutoDict-InsertByte-CMP-ChangeByte-CopyPart- DE: "week"-"\001\000\000\000\000\013\335\200"-
#45514	REDUCE cov: 335 ft: 841 corp: 68/15639b lim: 293 exec/s: 9102 rss: 49Mb L: 255/291 MS: 5 CopyPart-PersAutoDict-CopyPart-CrossOver-EraseBytes- DE: "\001\000\000\000\000\013\335\200"-
#45536	NEW    cov: 335 ft: 843 corp: 69/15905b lim: 293 exec/s: 9107 rss: 49Mb L: 266/291 MS: 2 CopyPart-CrossOver-
#45695	NEW    cov: 335 ft: 847 corp: 70/16117b lim: 293 exec/s: 9139 rss: 49Mb L: 212/291 MS: 4 ChangeBit-InsertByte-InsertByte-EraseBytes-
#45714	REDUCE cov: 335 ft: 847 corp: 70/16097b lim: 293 exec/s: 9142 rss: 49Mb L: 246/291 MS: 4 PersAutoDict-ChangeBit-InsertRepeatedBytes-EraseBytes- DE: "\001\000\000\000\000\000\000\014"-
#45759	REDUCE cov: 335 ft: 847 corp: 70/16071b lim: 293 exec/s: 9151 rss: 49Mb L: 220/291 MS: 5 EraseBytes-InsertRepeatedBytes-InsertByte-CopyPart-InsertRepeatedBytes-
#45921	REDUCE cov: 335 ft: 847 corp: 70/16049b lim: 293 exec/s: 9184 rss: 49Mb L: 227/291 MS: 2 CopyPart-EraseBytes-
#45980	NEW    cov: 335 ft: 853 corp: 71/16340b lim: 293 exec/s: 9196 rss: 49Mb L: 291/291 MS: 4 CopyPart-CMP-InsertRepeatedBytes-CopyPart- DE: "\000\000"-
#46104	REDUCE cov: 335 ft: 853 corp: 71/16331b lim: 293 exec/s: 9220 rss: 49Mb L: 269/291 MS: 4 ChangeBit-EraseBytes-ChangeBit-InsertRepeatedBytes-
#46144	REDUCE cov: 335 ft: 853 corp: 71/16318b lim: 293 exec/s: 9228 rss: 49Mb L: 263/291 MS: 5 ChangeBinInt-InsertByte-PersAutoDict-EraseBytes-InsertByte- DE: "\377\377\377\377"-
#46277	REDUCE cov: 335 ft: 853 corp: 71/16314b lim: 293 exec/s: 7712 rss: 49Mb L: 269/291 MS: 3 ShuffleBytes-ShuffleBytes-EraseBytes-
#46398	REDUCE cov: 335 ft: 853 corp: 71/16312b lim: 293 exec/s: 7733 rss: 49Mb L: 264/291 MS: 1 EraseBytes-
#46404	REDUCE cov: 335 ft: 853 corp: 71/16291b lim: 293 exec/s: 7734 rss: 49Mb L: 249/291 MS: 1 EraseBytes-
#46437	NEW    cov: 337 ft: 855 corp: 72/16Kb lim: 293 exec/s: 7739 rss: 49Mb L: 270/291 MS: 3 CrossOver-CopyPart-CMP- DE: "YY"-
#46513	REDUCE cov: 337 ft: 855 corp: 72/16Kb lim: 293 exec/s: 7752 rss: 49Mb L: 245/291 MS: 1 EraseBytes-
#46548	NEW    cov: 337 ft: 857 corp: 73/16Kb lim: 293 exec/s: 7758 rss: 49Mb L: 285/291 MS: 5 ChangeBit-ChangeByte-ChangeBinInt-ChangeBinInt-CopyPart-
#46559	NEW    cov: 337 ft: 861 corp: 74/16Kb lim: 293 exec/s: 7759 rss: 49Mb L: 291/291 MS: 1 CopyPart-
#46635	NEW    cov: 337 ft: 863 corp: 75/16Kb lim: 293 exec/s: 7772 rss: 49Mb L: 266/291 MS: 1 ShuffleBytes-
#46656	NEW    cov: 337 ft: 864 corp: 76/17Kb lim: 293 exec/s: 7776 rss: 49Mb L: 293/293 MS: 1 CopyPart-
#46679	REDUCE cov: 337 ft: 864 corp: 76/17Kb lim: 293 exec/s: 7779 rss: 49Mb L: 241/293 MS: 3 CrossOver-EraseBytes-CrossOver-
#46713	REDUCE cov: 337 ft: 864 corp: 76/17Kb lim: 293 exec/s: 7785 rss: 49Mb L: 261/293 MS: 4 PersAutoDict-ChangeBinInt-PersAutoDict-EraseBytes- DE: "day"-"DD"-
#46720	NEW    cov: 337 ft: 866 corp: 77/17Kb lim: 293 exec/s: 7786 rss: 49Mb L: 289/293 MS: 2 CopyPart-InsertRepeatedBytes-
#46955	REDUCE cov: 337 ft: 866 corp: 77/17Kb lim: 293 exec/s: 7825 rss: 49Mb L: 263/293 MS: 5 ChangeBit-CopyPart-ChangeBinInt-PersAutoDict-EraseBytes- DE: "day"-
#47004	NEW    cov: 337 ft: 867 corp: 78/17Kb lim: 293 exec/s: 7834 rss: 49Mb L: 213/293 MS: 4 PersAutoDict-ChangeBinInt-CMP-InsertByte- DE: "|\007\000\000\000\000\000\000"-"\001\000\000\000"-
#47032	REDUCE cov: 337 ft: 868 corp: 79/17Kb lim: 293 exec/s: 7838 rss: 49Mb L: 270/293 MS: 3 CrossOver-InsertByte-CopyPart-
#47173	REDUCE cov: 337 ft: 868 corp: 79/17Kb lim: 293 exec/s: 7862 rss: 49Mb L: 261/293 MS: 1 EraseBytes-
#47370	NEW    cov: 339 ft: 870 corp: 80/18Kb lim: 293 exec/s: 7895 rss: 49Mb L: 287/293 MS: 2 ShuffleBytes-ChangeBinInt-
#47374	REDUCE cov: 339 ft: 870 corp: 80/18Kb lim: 293 exec/s: 7895 rss: 49Mb L: 280/293 MS: 4 CrossOver-ChangeBit-ChangeByte-EraseBytes-
#47423	NEW    cov: 339 ft: 872 corp: 81/18Kb lim: 293 exec/s: 7903 rss: 49Mb L: 267/293 MS: 4 ShuffleBytes-InsertByte-ChangeByte-CrossOver-
#47711	REDUCE cov: 339 ft: 872 corp: 81/18Kb lim: 293 exec/s: 7951 rss: 49Mb L: 244/293 MS: 3 ChangeBinInt-ChangeBit-EraseBytes-
#47712	REDUCE cov: 339 ft: 872 corp: 81/18Kb lim: 293 exec/s: 7952 rss: 49Mb L: 253/293 MS: 1 EraseBytes-
#47718	REDUCE cov: 339 ft: 872 corp: 81/18Kb lim: 293 exec/s: 7953 rss: 49Mb L: 233/293 MS: 1 EraseBytes-
#47833	NEW    cov: 339 ft: 876 corp: 82/18Kb lim: 293 exec/s: 7972 rss: 49Mb L: 291/293 MS: 5 InsertRepeatedBytes-CopyPart-ShuffleBytes-ChangeByte-PersAutoDict- DE: "\001\000\000\000\000\013\335\200"-
#47910	REDUCE cov: 339 ft: 876 corp: 82/18Kb lim: 293 exec/s: 7985 rss: 49Mb L: 221/293 MS: 2 ShuffleBytes-EraseBytes-
#47936	NEW    cov: 339 ft: 878 corp: 83/18Kb lim: 293 exec/s: 7989 rss: 49Mb L: 292/293 MS: 1 InsertByte-
#48003	NEW    cov: 339 ft: 880 corp: 84/19Kb lim: 293 exec/s: 8000 rss: 49Mb L: 293/293 MS: 2 CMP-ChangeByte- DE: "\001\000\000\000\000\000\000\014"-
#48090	REDUCE cov: 339 ft: 880 corp: 84/19Kb lim: 293 exec/s: 8015 rss: 49Mb L: 261/293 MS: 2 EraseBytes-InsertRepeatedBytes-
#48529	REDUCE cov: 339 ft: 880 corp: 84/19Kb lim: 293 exec/s: 8088 rss: 49Mb L: 259/293 MS: 4 InsertRepeatedBytes-CMP-PersAutoDict-EraseBytes- DE: "\001\000"-"hh"-
#48563	REDUCE cov: 339 ft: 893 corp: 85/19Kb lim: 293 exec/s: 8093 rss: 49Mb L: 267/293 MS: 4 ChangeByte-ChangeByte-InsertByte-CopyPart-
#48819	NEW    cov: 339 ft: 895 corp: 86/19Kb lim: 293 exec/s: 8136 rss: 49Mb L: 293/293 MS: 1 CrossOver-
#48891	REDUCE cov: 339 ft: 895 corp: 86/19Kb lim: 293 exec/s: 8148 rss: 49Mb L: 264/293 MS: 2 EraseBytes-InsertRepeatedBytes-
#49101	REDUCE cov: 339 ft: 895 corp: 86/19Kb lim: 293 exec/s: 8183 rss: 49Mb L: 254/293 MS: 5 ChangeBinInt-ChangeBinInt-PersAutoDict-ShuffleBytes-EraseBytes- DE: "\012\000\000\000\000\000\000\000"-
#49602	REDUCE cov: 339 ft: 895 corp: 86/19Kb lim: 293 exec/s: 8267 rss: 49Mb L: 247/293 MS: 1 EraseBytes-
#49619	NEW    cov: 339 ft: 896 corp: 87/20Kb lim: 293 exec/s: 8269 rss: 49Mb L: 272/293 MS: 2 CrossOver-InsertByte-
#49710	REDUCE cov: 339 ft: 896 corp: 87/20Kb lim: 293 exec/s: 8285 rss: 49Mb L: 255/293 MS: 1 EraseBytes-
#49857	REDUCE cov: 339 ft: 896 corp: 87/20Kb lim: 293 exec/s: 8309 rss: 49Mb L: 216/293 MS: 2 CopyPart-EraseBytes-
#49925	REDUCE cov: 339 ft: 896 corp: 87/19Kb lim: 293 exec/s: 8320 rss: 49Mb L: 235/293 MS: 3 CrossOver-EraseBytes-CopyPart-
#49940	REDUCE cov: 339 ft: 896 corp: 87/19Kb lim: 293 exec/s: 8323 rss: 49Mb L: 230/293 MS: 5 ShuffleBytes-InsertRepeatedBytes-PersAutoDict-ShuffleBytes-EraseBytes- DE: "week"-
#50092	REDUCE cov: 341 ft: 898 corp: 88/20Kb lim: 293 exec/s: 8348 rss: 49Mb L: 247/293 MS: 2 ChangeBit-ChangeByte-
#50181	REDUCE cov: 341 ft: 898 corp: 88/20Kb lim: 293 exec/s: 8363 rss: 49Mb L: 217/293 MS: 4 PersAutoDict-CMP-InsertRepeatedBytes-EraseBytes- DE: "DD"-"Do"-
#50201	REDUCE cov: 341 ft: 898 corp: 88/20Kb lim: 293 exec/s: 8366 rss: 49Mb L: 275/293 MS: 5 PersAutoDict-CrossOver-EraseBytes-InsertByte-CrossOver- DE: "|\007\000\000\000\000\000\000"-
#50638	NEW    cov: 342 ft: 899 corp: 89/20Kb lim: 293 exec/s: 8439 rss: 49Mb L: 293/293 MS: 2 ChangeBinInt-CopyPart-
#50664	NEW    cov: 342 ft: 900 corp: 90/20Kb lim: 293 exec/s: 8444 rss: 49Mb L: 293/293 MS: 1 ChangeBit-
#51010	NEW    cov: 342 ft: 901 corp: 91/21Kb lim: 293 exec/s: 8501 rss: 49Mb L: 238/293 MS: 1 EraseBytes-
#51231	REDUCE cov: 342 ft: 901 corp: 91/21Kb lim: 293 exec/s: 8538 rss: 49Mb L: 210/293 MS: 1 EraseBytes-
#51312	REDUCE cov: 342 ft: 901 corp: 91/21Kb lim: 293 exec/s: 8552 rss: 49Mb L: 287/293 MS: 1 EraseBytes-
#51340	NEW    cov: 342 ft: 902 corp: 92/21Kb lim: 293 exec/s: 8556 rss: 49Mb L: 212/293 MS: 3 CopyPart-ChangeBinInt-EraseBytes-
#51383	REDUCE cov: 344 ft: 904 corp: 93/21Kb lim: 293 exec/s: 8563 rss: 49Mb L: 292/293 MS: 3 InsertRepeatedBytes-PersAutoDict-InsertRepeatedBytes- DE: "hh"-
#51440	REDUCE cov: 344 ft: 904 corp: 93/21Kb lim: 293 exec/s: 8573 rss: 49Mb L: 288/293 MS: 2 ChangeBinInt-EraseBytes-
#51882	REDUCE cov: 344 ft: 904 corp: 93/21Kb lim: 293 exec/s: 8647 rss: 49Mb L: 255/293 MS: 2 ChangeByte-EraseBytes-
#51890	REDUCE cov: 344 ft: 904 corp: 93/21Kb lim: 293 exec/s: 8648 rss: 49Mb L: 234/293 MS: 3 CopyPart-InsertRepeatedBytes-EraseBytes-
#51994	NEW    cov: 344 ft: 907 corp: 94/21Kb lim: 293 exec/s: 8665 rss: 49Mb L: 277/293 MS: 4 ChangeByte-ChangeBinInt-ShuffleBytes-CrossOver-
#52163	REDUCE cov: 344 ft: 907 corp: 94/21Kb lim: 293 exec/s: 8693 rss: 49Mb L: 275/293 MS: 4 ChangeBit-ShuffleBytes-ShuffleBytes-EraseBytes-
#52222	REDUCE cov: 344 ft: 907 corp: 94/21Kb lim: 293 exec/s: 8703 rss: 49Mb L: 240/293 MS: 4 ChangeBinInt-InsertRepeatedBytes-InsertByte-EraseBytes-
#52241	REDUCE cov: 344 ft: 907 corp: 94/21Kb lim: 293 exec/s: 8706 rss: 49Mb L: 225/293 MS: 4 EraseBytes-CopyPart-ChangeBinInt-InsertByte-
#52282	NEW    cov: 346 ft: 909 corp: 95/21Kb lim: 293 exec/s: 8713 rss: 49Mb L: 276/293 MS: 1 EraseBytes-
#52395	NEW    cov: 346 ft: 910 corp: 96/22Kb lim: 293 exec/s: 8732 rss: 49Mb L: 273/293 MS: 3 EraseBytes-ChangeBinInt-CopyPart-
#52567	NEW    cov: 346 ft: 912 corp: 97/22Kb lim: 293 exec/s: 8761 rss: 49Mb L: 288/293 MS: 2 ChangeBinInt-CopyPart-
#52664	NEW    cov: 347 ft: 913 corp: 98/22Kb lim: 293 exec/s: 8777 rss: 49Mb L: 293/293 MS: 2 ChangeBinInt-InsertRepeatedBytes-
#52769	REDUCE cov: 347 ft: 913 corp: 98/22Kb lim: 293 exec/s: 8794 rss: 49Mb L: 253/293 MS: 5 ChangeByte-ChangeBit-ChangeBit-PersAutoDict-EraseBytes- DE: "Do"-
#52835	REDUCE cov: 347 ft: 913 corp: 98/22Kb lim: 293 exec/s: 8805 rss: 49Mb L: 242/293 MS: 1 EraseBytes-
#52964	NEW    cov: 347 ft: 914 corp: 99/23Kb lim: 293 exec/s: 8827 rss: 49Mb L: 282/293 MS: 4 ChangeByte-ShuffleBytes-ChangeBinInt-CrossOver-
#53053	REDUCE cov: 348 ft: 915 corp: 100/23Kb lim: 293 exec/s: 8842 rss: 49Mb L: 277/293 MS: 4 CrossOver-InsertRepeatedBytes-CrossOver-CMP- DE: "HH"-
#53177	REDUCE cov: 348 ft: 915 corp: 100/23Kb lim: 293 exec/s: 8862 rss: 49Mb L: 270/293 MS: 4 ChangeByte-ChangeBinInt-CMP-EraseBytes- DE: "\001\000\000\000\000\000\000\000"-
#53262	REDUCE cov: 348 ft: 915 corp: 100/23Kb lim: 293 exec/s: 8877 rss: 49Mb L: 229/293 MS: 5 PersAutoDict-ChangeByte-EraseBytes-CMP-PersAutoDict- DE: "YY"-"\377\377\377\377"-"|\007\000\000\000\000\000\000"-
#53278	REDUCE cov: 348 ft: 915 corp: 100/23Kb lim: 293 exec/s: 8879 rss: 49Mb L: 250/293 MS: 1 EraseBytes-
#53429	REDUCE cov: 348 ft: 915 corp: 100/23Kb lim: 293 exec/s: 8904 rss: 49Mb L: 273/293 MS: 1 EraseBytes-
#53715	REDUCE cov: 348 ft: 915 corp: 100/23Kb lim: 293 exec/s: 8952 rss: 49Mb L: 220/293 MS: 1 EraseBytes-
#53796	NEW    cov: 348 ft: 917 corp: 101/23Kb lim: 293 exec/s: 8966 rss: 49Mb L: 284/293 MS: 1 PersAutoDict- DE: "\001\000\000\000\000\000\007{"-
#53807	NEW    cov: 348 ft: 921 corp: 102/23Kb lim: 293 exec/s: 8967 rss: 49Mb L: 284/293 MS: 1 CopyPart-
#53943	REDUCE cov: 348 ft: 921 corp: 102/23Kb lim: 293 exec/s: 8990 rss: 49Mb L: 257/293 MS: 1 EraseBytes-
#54094	NEW    cov: 348 ft: 923 corp: 103/24Kb lim: 293 exec/s: 9015 rss: 49Mb L: 292/293 MS: 1 ChangeBit-
#54238	REDUCE cov: 348 ft: 924 corp: 104/24Kb lim: 293 exec/s: 9039 rss: 49Mb L: 291/293 MS: 4 InsertRepeatedBytes-PersAutoDict-InsertByte-InsertRepeatedBytes- DE: "\015\000\000\000\000\000\000\000"-
#54272	REDUCE cov: 348 ft: 924 corp: 104/24Kb lim: 293 exec/s: 9045 rss: 49Mb L: 218/293 MS: 4 ChangeBit-ChangeByte-InsertRepeatedBytes-EraseBytes-
#54305	REDUCE cov: 348 ft: 924 corp: 104/24Kb lim: 293 exec/s: 9050 rss: 49Mb L: 258/293 MS: 3 CMP-InsertByte-EraseBytes- DE: "dddd"-
#54597	REDUCE cov: 348 ft: 924 corp: 104/24Kb lim: 293 exec/s: 9099 rss: 49Mb L: 232/293 MS: 2 InsertRepeatedBytes-EraseBytes-
#54736	REDUCE cov: 348 ft: 924 corp: 104/24Kb lim: 293 exec/s: 9122 rss: 49Mb L: 259/293 MS: 4 CMP-PersAutoDict-ChangeBinInt-EraseBytes- DE: "\377\377"-"\001\000"-
#54893	REDUCE cov: 348 ft: 924 corp: 104/24Kb lim: 293 exec/s: 9148 rss: 49Mb L: 250/293 MS: 2 InsertByte-EraseBytes-
#54913	REDUCE cov: 348 ft: 924 corp: 104/24Kb lim: 293 exec/s: 9152 rss: 49Mb L: 240/293 MS: 5 EraseBytes-InsertByte-InsertByte-CopyPart-InsertRepeatedBytes-
#54965	REDUCE cov: 348 ft: 924 corp: 104/24Kb lim: 293 exec/s: 9160 rss: 49Mb L: 220/293 MS: 2 ChangeByte-EraseBytes-
#56028	REDUCE cov: 348 ft: 924 corp: 104/24Kb lim: 301 exec/s: 9338 rss: 49Mb L: 241/293 MS: 3 InsertRepeatedBytes-ShuffleBytes-EraseBytes-
#56538	REDUCE cov: 348 ft: 924 corp: 104/24Kb lim: 301 exec/s: 9423 rss: 49Mb L: 223/293 MS: 5 CopyPart-CrossOver-ChangeByte-ChangeBinInt-EraseBytes-
#56724	REDUCE cov: 348 ft: 924 corp: 104/24Kb lim: 301 exec/s: 9454 rss: 49Mb L: 248/293 MS: 1 EraseBytes-
#56767	NEW    cov: 349 ft: 925 corp: 105/24Kb lim: 301 exec/s: 9461 rss: 49Mb L: 294/294 MS: 3 ChangeBit-ChangeBinInt-InsertRepeatedBytes-
#56823	REDUCE cov: 349 ft: 925 corp: 105/24Kb lim: 301 exec/s: 9470 rss: 49Mb L: 218/294 MS: 1 EraseBytes-
#56953	REDUCE cov: 349 ft: 925 corp: 105/24Kb lim: 301 exec/s: 9492 rss: 49Mb L: 212/294 MS: 5 ChangeBinInt-InsertRepeatedBytes-InsertByte-ChangeByte-EraseBytes-
#56959	REDUCE cov: 349 ft: 925 corp: 105/24Kb lim: 301 exec/s: 9493 rss: 49Mb L: 224/294 MS: 1 EraseBytes-
#56964	NEW    cov: 349 ft: 926 corp: 106/24Kb lim: 301 exec/s: 9494 rss: 49Mb L: 298/298 MS: 5 ShuffleBytes-CopyPart-InsertByte-ShuffleBytes-CMP- DE: "ss"-
#57134	NEW    cov: 349 ft: 928 corp: 107/24Kb lim: 301 exec/s: 9522 rss: 49Mb L: 277/298 MS: 5 ShuffleBytes-InsertRepeatedBytes-ChangeBit-ChangeByte-CopyPart-
#57375	NEW    cov: 349 ft: 929 corp: 108/25Kb lim: 301 exec/s: 9562 rss: 49Mb L: 301/301 MS: 1 InsertRepeatedBytes-
#57407	REDUCE cov: 349 ft: 929 corp: 108/25Kb lim: 301 exec/s: 9567 rss: 49Mb L: 230/301 MS: 2 InsertRepeatedBytes-EraseBytes-
#57449	REDUCE cov: 349 ft: 929 corp: 108/25Kb lim: 301 exec/s: 9574 rss: 49Mb L: 231/301 MS: 2 InsertRepeatedBytes-EraseBytes-
#57630	REDUCE cov: 349 ft: 930 corp: 109/25Kb lim: 301 exec/s: 8232 rss: 49Mb L: 276/301 MS: 1 CrossOver-
#57633	REDUCE cov: 349 ft: 930 corp: 109/25Kb lim: 301 exec/s: 8233 rss: 49Mb L: 259/301 MS: 3 ChangeByte-ChangeBinInt-EraseBytes-
#57777	REDUCE cov: 349 ft: 930 corp: 109/25Kb lim: 301 exec/s: 8253 rss: 49Mb L: 276/301 MS: 4 ChangeBit-InsertRepeatedBytes-InsertByte-EraseBytes-
#57925	NEW    cov: 349 ft: 933 corp: 110/25Kb lim: 301 exec/s: 8275 rss: 49Mb L: 301/301 MS: 3 PersAutoDict-CMP-CopyPart- DE: "\264\007\000\000\000\000\000\000"-"\002\000\000\000\000\000\000\000"-
#57936	REDUCE cov: 349 ft: 933 corp: 110/25Kb lim: 301 exec/s: 8276 rss: 49Mb L: 244/301 MS: 1 EraseBytes-
#58061	REDUCE cov: 349 ft: 933 corp: 110/25Kb lim: 301 exec/s: 8294 rss: 49Mb L: 277/301 MS: 5 ChangeBit-ChangeBit-ChangeByte-ShuffleBytes-EraseBytes-
#58099	REDUCE cov: 349 ft: 933 corp: 110/25Kb lim: 301 exec/s: 8299 rss: 49Mb L: 281/301 MS: 3 ChangeByte-PersAutoDict-EraseBytes- DE: "\264\007\000\000\000\000\000\000"-
#58102	REDUCE cov: 349 ft: 933 corp: 110/25Kb lim: 301 exec/s: 8300 rss: 49Mb L: 273/301 MS: 3 EraseBytes-ChangeByte-CopyPart-
#58137	REDUCE cov: 349 ft: 933 corp: 110/25Kb lim: 301 exec/s: 8305 rss: 49Mb L: 233/301 MS: 5 ShuffleBytes-InsertByte-ChangeByte-EraseBytes-CrossOver-
#58172	NEW    cov: 349 ft: 935 corp: 111/25Kb lim: 301 exec/s: 8310 rss: 49Mb L: 258/301 MS: 5 EraseBytes-InsertRepeatedBytes-ChangeBit-CMP-InsertRepeatedBytes- DE: "\000\000\000\000\000\000\000\002"-
#58292	REDUCE cov: 349 ft: 935 corp: 111/25Kb lim: 301 exec/s: 8327 rss: 49Mb L: 275/301 MS: 5 ChangeBinInt-EraseBytes-ChangeBinInt-CopyPart-PersAutoDict- DE: "\377\377\377\377\377\377\377\377"-
#58422	REDUCE cov: 349 ft: 935 corp: 111/25Kb lim: 301 exec/s: 8346 rss: 49Mb L: 259/301 MS: 5 ShuffleBytes-InsertByte-CMP-EraseBytes-CopyPart- DE: "\377\377\377\377\377\377\006{"-
#58425	REDUCE cov: 349 ft: 935 corp: 111/25Kb lim: 301 exec/s: 8346 rss: 49Mb L: 229/301 MS: 3 EraseBytes-InsertByte-InsertRepeatedBytes-
#58457	REDUCE cov: 349 ft: 935 corp: 111/25Kb lim: 301 exec/s: 8351 rss: 49Mb L: 263/301 MS: 2 InsertByte-EraseBytes-
#58643	REDUCE cov: 351 ft: 937 corp: 112/26Kb lim: 301 exec/s: 8377 rss: 49Mb L: 289/301 MS: 1 InsertRepeatedBytes-
#58664	NEW    cov: 351 ft: 939 corp: 113/26Kb lim: 301 exec/s: 8380 rss: 49Mb L: 289/301 MS: 1 CopyPart-
#58707	NEW    cov: 351 ft: 941 corp: 114/26Kb lim: 301 exec/s: 8386 rss: 49Mb L: 261/301 MS: 3 InsertByte-InsertByte-InsertByte-
#58718	NEW    cov: 351 ft: 942 corp: 115/26Kb lim: 301 exec/s: 8388 rss: 49Mb L: 297/301 MS: 1 InsertRepeatedBytes-
#58842	NEW    cov: 351 ft: 943 corp: 116/27Kb lim: 301 exec/s: 8406 rss: 49Mb L: 284/301 MS: 4 InsertByte-CopyPart-CopyPart-CrossOver-
#58861	REDUCE cov: 351 ft: 943 corp: 116/27Kb lim: 301 exec/s: 8408 rss: 49Mb L: 269/301 MS: 4 InsertByte-CrossOver-ShuffleBytes-EraseBytes-
#59003	REDUCE cov: 351 ft: 943 corp: 116/27Kb lim: 301 exec/s: 8429 rss: 49Mb L: 221/301 MS: 2 EraseBytes-PersAutoDict- DE: "\377\377\377\377\377\377\377\377"-
#59050	NEW    cov: 351 ft: 944 corp: 117/27Kb lim: 301 exec/s: 8435 rss: 49Mb L: 301/301 MS: 2 PersAutoDict-CrossOver- DE: "year"-
#59110	NEW    cov: 351 ft: 956 corp: 118/27Kb lim: 301 exec/s: 8444 rss: 49Mb L: 293/301 MS: 5 InsertRepeatedBytes-InsertRepeatedBytes-ChangeByte-CMP-CopyPart- DE: "\001\000\000\000"-
#59144	REDUCE cov: 351 ft: 957 corp: 119/28Kb lim: 301 exec/s: 8449 rss: 49Mb L: 282/301 MS: 4 ChangeBinInt-ShuffleBytes-ChangeByte-InsertByte-
#59270	REDUCE cov: 351 ft: 957 corp: 119/28Kb lim: 301 exec/s: 8467 rss: 49Mb L: 215/301 MS: 1 EraseBytes-
#59307	REDUCE cov: 351 ft: 957 corp: 119/28Kb lim: 301 exec/s: 8472 rss: 49Mb L: 264/301 MS: 2 ChangeByte-EraseBytes-
#59364	NEW    cov: 351 ft: 979 corp: 120/28Kb lim: 301 exec/s: 8480 rss: 49Mb L: 281/301 MS: 2 InsertByte-CopyPart-
#59429	REDUCE cov: 351 ft: 981 corp: 121/28Kb lim: 301 exec/s: 8489 rss: 49Mb L: 265/301 MS: 5 InsertRepeatedBytes-EraseBytes-ChangeBit-PersAutoDict-InsertByte- DE: "\255\246\000\000\000\000\000\000"-
#59519	REDUCE cov: 351 ft: 981 corp: 121/28Kb lim: 301 exec/s: 8502 rss: 49Mb L: 269/301 MS: 5 ShuffleBytes-InsertByte-CopyPart-PersAutoDict-EraseBytes- DE: ":\000\000\000\000\000\000\000"-
#60017	REDUCE cov: 352 ft: 982 corp: 122/28Kb lim: 301 exec/s: 8573 rss: 49Mb L: 301/301 MS: 3 InsertRepeatedBytes-EraseBytes-InsertRepeatedBytes-
#60073	REDUCE cov: 352 ft: 983 corp: 123/29Kb lim: 301 exec/s: 8581 rss: 49Mb L: 234/301 MS: 1 CrossOver-
#60137	REDUCE cov: 352 ft: 983 corp: 123/29Kb lim: 301 exec/s: 8591 rss: 49Mb L: 230/301 MS: 4 InsertRepeatedBytes-ChangeByte-EraseBytes-CMP- DE: "\000\000"-
#60377	NEW    cov: 352 ft: 1004 corp: 124/29Kb lim: 301 exec/s: 8625 rss: 49Mb L: 277/301 MS: 5 CopyPart-CrossOver-EraseBytes-CopyPart-CopyPart-
#60437	REDUCE cov: 352 ft: 1005 corp: 125/29Kb lim: 301 exec/s: 8633 rss: 49Mb L: 281/301 MS: 5 ShuffleBytes-ChangeByte-ShuffleBytes-InsertRepeatedBytes-CopyPart-
#60668	REDUCE cov: 352 ft: 1005 corp: 125/29Kb lim: 301 exec/s: 8666 rss: 49Mb L: 222/301 MS: 1 EraseBytes-
#61024	REDUCE cov: 352 ft: 1005 corp: 125/29Kb lim: 301 exec/s: 8717 rss: 49Mb L: 300/301 MS: 1 EraseBytes-
#61565	NEW    cov: 352 ft: 1006 corp: 126/29Kb lim: 301 exec/s: 8795 rss: 49Mb L: 301/301 MS: 1 CopyPart-
#61617	NEW    cov: 352 ft: 1007 corp: 127/30Kb lim: 301 exec/s: 8802 rss: 49Mb L: 301/301 MS: 2 ShuffleBytes-ShuffleBytes-
#61899	REDUCE cov: 352 ft: 1007 corp: 127/30Kb lim: 301 exec/s: 8842 rss: 49Mb L: 233/301 MS: 2 EraseBytes-InsertByte-
#61920	NEW    cov: 353 ft: 1008 corp: 128/30Kb lim: 301 exec/s: 8845 rss: 49Mb L: 300/301 MS: 1 InsertRepeatedBytes-
#61952	REDUCE cov: 353 ft: 1008 corp: 128/30Kb lim: 301 exec/s: 8850 rss: 49Mb L: 231/301 MS: 2 InsertByte-EraseBytes-
#62092	NEW    cov: 353 ft: 1010 corp: 129/30Kb lim: 301 exec/s: 8870 rss: 49Mb L: 245/301 MS: 5 InsertByte-EraseBytes-ChangeByte-ChangeByte-PersAutoDict- DE: "\264\007\000\000\000\000\000\000"-
#62134	REDUCE cov: 353 ft: 1011 corp: 130/31Kb lim: 301 exec/s: 8876 rss: 49Mb L: 273/301 MS: 2 ChangeBit-CopyPart-
#62150	NEW    cov: 353 ft: 1012 corp: 131/31Kb lim: 301 exec/s: 8878 rss: 49Mb L: 274/301 MS: 1 InsertByte-
#62173	REDUCE cov: 354 ft: 1013 corp: 132/31Kb lim: 301 exec/s: 8881 rss: 49Mb L: 282/301 MS: 3 ChangeBinInt-ChangeBit-InsertRepeatedBytes-
#62321	NEW    cov: 354 ft: 1015 corp: 133/31Kb lim: 301 exec/s: 8903 rss: 49Mb L: 289/301 MS: 3 PersAutoDict-ChangeByte-CopyPart- DE: "\001\000\000\000\000\013\335\200"-
#62520	NEW    cov: 356 ft: 1017 corp: 134/32Kb lim: 301 exec/s: 8931 rss: 49Mb L: 295/301 MS: 4 ChangeBinInt-ChangeByte-InsertByte-InsertRepeatedBytes-
#62668	NEW    cov: 356 ft: 1022 corp: 135/32Kb lim: 301 exec/s: 8952 rss: 49Mb L: 275/301 MS: 3 ShuffleBytes-CMP-EraseBytes- DE: "YYYY"-
#62724	NEW    cov: 356 ft: 1023 corp: 136/32Kb lim: 301 exec/s: 8960 rss: 49Mb L: 273/301 MS: 1 CopyPart-
#62741	REDUCE cov: 356 ft: 1023 corp: 136/32Kb lim: 301 exec/s: 8963 rss: 49Mb L: 269/301 MS: 2 CopyPart-EraseBytes-
#62826	REDUCE cov: 356 ft: 1023 corp: 136/32Kb lim: 301 exec/s: 8975 rss: 49Mb L: 219/301 MS: 5 EraseBytes-ChangeBinInt-CrossOver-ChangeBinInt-CopyPart-
#63080	REDUCE cov: 356 ft: 1023 corp: 136/32Kb lim: 301 exec/s: 9011 rss: 49Mb L: 280/301 MS: 4 EraseBytes-InsertRepeatedBytes-ChangeBinInt-CopyPart-
#63147	REDUCE cov: 356 ft: 1023 corp: 136/32Kb lim: 301 exec/s: 9021 rss: 49Mb L: 268/301 MS: 2 InsertByte-EraseBytes-
#63231	NEW    cov: 357 ft: 1024 corp: 137/32Kb lim: 301 exec/s: 9033 rss: 49Mb L: 296/301 MS: 4 CrossOver-ChangeBinInt-CMP-ChangeBit- DE: "ZZZ"-
#63241	REDUCE cov: 357 ft: 1024 corp: 137/32Kb lim: 301 exec/s: 9034 rss: 49Mb L: 252/301 MS: 5 InsertByte-PersAutoDict-EraseBytes-ChangeByte-InsertRepeatedBytes- DE: "\264\007\000\000\000\000\000\000"-
#63259	NEW    cov: 357 ft: 1025 corp: 138/33Kb lim: 301 exec/s: 9037 rss: 49Mb L: 298/301 MS: 3 InsertByte-CMP-CMP- DE: "Do"-"SS"-
#63341	REDUCE cov: 357 ft: 1026 corp: 139/33Kb lim: 301 exec/s: 9048 rss: 49Mb L: 300/301 MS: 2 PersAutoDict-CrossOver- DE: "ZZZ"-
#63427	NEW    cov: 357 ft: 1028 corp: 140/33Kb lim: 301 exec/s: 9061 rss: 49Mb L: 283/301 MS: 1 InsertRepeatedBytes-
#63616	NEW    cov: 358 ft: 1029 corp: 141/34Kb lim: 301 exec/s: 9088 rss: 49Mb L: 293/301 MS: 4 CrossOver-EraseBytes-ShuffleBytes-CrossOver-
#63898	REDUCE cov: 358 ft: 1030 corp: 142/34Kb lim: 301 exec/s: 9128 rss: 49Mb L: 285/301 MS: 2 EraseBytes-InsertRepeatedBytes-
#63936	REDUCE cov: 358 ft: 1030 corp: 142/34Kb lim: 301 exec/s: 9133 rss: 49Mb L: 269/301 MS: 3 CopyPart-CopyPart-EraseBytes-
#64014	NEW    cov: 358 ft: 1031 corp: 143/34Kb lim: 301 exec/s: 9144 rss: 49Mb L: 261/301 MS: 3 InsertRepeatedBytes-ChangeByte-EraseBytes-
#64050	NEW    cov: 358 ft: 1032 corp: 144/34Kb lim: 301 exec/s: 9150 rss: 49Mb L: 289/301 MS: 1 CrossOver-
#64074	REDUCE cov: 358 ft: 1032 corp: 144/34Kb lim: 301 exec/s: 9153 rss: 49Mb L: 280/301 MS: 4 CrossOver-ChangeBit-InsertRepeatedBytes-EraseBytes-
#64215	REDUCE cov: 358 ft: 1032 corp: 144/34Kb lim: 301 exec/s: 9173 rss: 49Mb L: 265/301 MS: 1 EraseBytes-
#64288	REDUCE cov: 358 ft: 1033 corp: 145/35Kb lim: 301 exec/s: 9184 rss: 49Mb L: 301/301 MS: 3 InsertRepeatedBytes-InsertRepeatedBytes-CrossOver-
#64345	REDUCE cov: 358 ft: 1033 corp: 145/35Kb lim: 301 exec/s: 9192 rss: 49Mb L: 277/301 MS: 2 CopyPart-EraseBytes-
#64359	REDUCE cov: 358 ft: 1033 corp: 145/35Kb lim: 301 exec/s: 9194 rss: 49Mb L: 262/301 MS: 4 ChangeBit-ChangeByte-EraseBytes-ChangeBinInt-
#64500	NEW    cov: 359 ft: 1034 corp: 146/35Kb lim: 301 exec/s: 9214 rss: 49Mb L: 295/301 MS: 1 ChangeByte-
#64511	REDUCE cov: 359 ft: 1034 corp: 146/35Kb lim: 301 exec/s: 9215 rss: 49Mb L: 249/301 MS: 1 EraseBytes-
#64661	REDUCE cov: 359 ft: 1034 corp: 146/35Kb lim: 301 exec/s: 9237 rss: 49Mb L: 266/301 MS: 5 EraseBytes-ChangeBinInt-ShuffleBytes-ShuffleBytes-InsertByte-
#64778	NEW    cov: 359 ft: 1035 corp: 147/35Kb lim: 301 exec/s: 9254 rss: 49Mb L: 301/301 MS: 2 CrossOver-ChangeByte-
#64800	REDUCE cov: 359 ft: 1036 corp: 148/35Kb lim: 301 exec/s: 9257 rss: 49Mb L: 282/301 MS: 2 InsertRepeatedBytes-CopyPart-
#64814	REDUCE cov: 359 ft: 1036 corp: 148/35Kb lim: 301 exec/s: 9259 rss: 49Mb L: 264/301 MS: 4 EraseBytes-PersAutoDict-InsertByte-InsertRepeatedBytes- DE: "SS"-
#64919	REDUCE cov: 359 ft: 1036 corp: 148/35Kb lim: 301 exec/s: 9274 rss: 49Mb L: 277/301 MS: 5 ChangeASCIIInt-ShuffleBytes-CMP-ShuffleBytes-EraseBytes- DE: "hh"-
#64920	REDUCE cov: 359 ft: 1036 corp: 148/35Kb lim: 301 exec/s: 9274 rss: 49Mb L: 279/301 MS: 1 EraseBytes-
#64926	REDUCE cov: 359 ft: 1036 corp: 148/35Kb lim: 301 exec/s: 9275 rss: 49Mb L: 277/301 MS: 1 EraseBytes-
#64983	REDUCE cov: 359 ft: 1036 corp: 148/35Kb lim: 301 exec/s: 9283 rss: 49Mb L: 239/301 MS: 2 InsertByte-EraseBytes-
#65280	REDUCE cov: 359 ft: 1036 corp: 148/35Kb lim: 301 exec/s: 9325 rss: 49Mb L: 225/301 MS: 2 InsertRepeatedBytes-EraseBytes-
#65284	REDUCE cov: 359 ft: 1036 corp: 148/35Kb lim: 301 exec/s: 9326 rss: 49Mb L: 270/301 MS: 4 InsertRepeatedBytes-EraseBytes-PersAutoDict-InsertRepeatedBytes- DE: "\001\000\000\000\000\013\335\200"-
#65317	NEW    cov: 359 ft: 1037 corp: 149/36Kb lim: 301 exec/s: 9331 rss: 49Mb L: 300/301 MS: 3 ShuffleBytes-ChangeASCIIInt-CopyPart-
#65493	REDUCE cov: 359 ft: 1037 corp: 149/36Kb lim: 301 exec/s: 9356 rss: 49Mb L: 266/301 MS: 1 EraseBytes-
#65522	NEW    cov: 360 ft: 1038 corp: 150/36Kb lim: 301 exec/s: 9360 rss: 49Mb L: 300/301 MS: 4 EraseBytes-CopyPart-CMP-InsertRepeatedBytes- DE: "ss"-
#65536	pulse  cov: 360 ft: 1038 corp: 150/36Kb lim: 301 exec/s: 9362 rss: 49Mb
#65559	REDUCE cov: 360 ft: 1039 corp: 151/36Kb lim: 301 exec/s: 9365 rss: 49Mb L: 299/301 MS: 2 ChangeBinInt-InsertRepeatedBytes-
#65640	REDUCE cov: 360 ft: 1039 corp: 151/36Kb lim: 301 exec/s: 9377 rss: 49Mb L: 279/301 MS: 1 EraseBytes-
#65763	REDUCE cov: 360 ft: 1039 corp: 151/36Kb lim: 301 exec/s: 9394 rss: 49Mb L: 294/301 MS: 3 ChangeBinInt-InsertByte-EraseBytes-
#66099	NEW    cov: 361 ft: 1040 corp: 152/36Kb lim: 301 exec/s: 9442 rss: 49Mb L: 282/301 MS: 1 CrossOver-
#66405	REDUCE cov: 361 ft: 1040 corp: 152/36Kb lim: 301 exec/s: 9486 rss: 49Mb L: 212/301 MS: 1 EraseBytes-
#66486	NEW    cov: 361 ft: 1041 corp: 153/37Kb lim: 301 exec/s: 9498 rss: 49Mb L: 287/301 MS: 1 CopyPart-
#66762	NEW    cov: 361 ft: 1042 corp: 154/37Kb lim: 301 exec/s: 9537 rss: 49Mb L: 300/301 MS: 1 InsertRepeatedBytes-
#66848	NEW    cov: 361 ft: 1044 corp: 155/37Kb lim: 301 exec/s: 9549 rss: 49Mb L: 299/301 MS: 1 InsertRepeatedBytes-
#67036	REDUCE cov: 361 ft: 1044 corp: 155/37Kb lim: 301 exec/s: 9576 rss: 49Mb L: 294/301 MS: 3 InsertRepeatedBytes-CMP-EraseBytes- DE: "\001\000"-
#67047	REDUCE cov: 361 ft: 1044 corp: 155/37Kb lim: 301 exec/s: 9578 rss: 49Mb L: 244/301 MS: 1 EraseBytes-
#67123	REDUCE cov: 361 ft: 1044 corp: 155/37Kb lim: 301 exec/s: 9589 rss: 49Mb L: 292/301 MS: 1 EraseBytes-
#67482	REDUCE cov: 361 ft: 1044 corp: 155/37Kb lim: 301 exec/s: 8435 rss: 49Mb L: 276/301 MS: 4 InsertByte-ChangeBinInt-CopyPart-EraseBytes-
#67551	NEW    cov: 361 ft: 1045 corp: 156/38Kb lim: 301 exec/s: 8443 rss: 49Mb L: 284/301 MS: 4 ShuffleBytes-ChangeByte-CMP-ChangeBinInt- DE: "YY"-
#67637	REDUCE cov: 361 ft: 1045 corp: 156/38Kb lim: 301 exec/s: 8454 rss: 49Mb L: 286/301 MS: 1 EraseBytes-
#67641	REDUCE cov: 361 ft: 1045 corp: 156/38Kb lim: 301 exec/s: 8455 rss: 49Mb L: 221/301 MS: 4 CrossOver-ShuffleBytes-ShuffleBytes-EraseBytes-
#67665	NEW    cov: 361 ft: 1046 corp: 157/38Kb lim: 301 exec/s: 8458 rss: 49Mb L: 251/301 MS: 4 InsertByte-CMP-ShuffleBytes-EraseBytes- DE: ".\000\000\000\000\000\000\000"-
#67792	REDUCE cov: 361 ft: 1047 corp: 158/38Kb lim: 301 exec/s: 8474 rss: 49Mb L: 270/301 MS: 2 ShuffleBytes-CopyPart-
#67913	REDUCE cov: 361 ft: 1048 corp: 159/38Kb lim: 301 exec/s: 8489 rss: 49Mb L: 285/301 MS: 1 PersAutoDict- DE: "\001\000\000\000\000\000\000\014"-
#67986	NEW    cov: 361 ft: 1049 corp: 160/39Kb lim: 301 exec/s: 8498 rss: 49Mb L: 301/301 MS: 3 InsertByte-ShuffleBytes-CopyPart-
#68011	REDUCE cov: 361 ft: 1050 corp: 161/39Kb lim: 301 exec/s: 8501 rss: 49Mb L: 296/301 MS: 5 InsertByte-InsertByte-PersAutoDict-PersAutoDict-InsertRepeatedBytes- DE: "\001\000"-"\001\000\000\000\000\000\000\014"-
#68015	REDUCE cov: 361 ft: 1051 corp: 162/39Kb lim: 301 exec/s: 8501 rss: 49Mb L: 296/301 MS: 4 CMP-CMP-ChangeBinInt-CMP- DE: "\001\000"-"\377\377"-"mm"-
#68279	REDUCE cov: 361 ft: 1051 corp: 162/39Kb lim: 301 exec/s: 8534 rss: 49Mb L: 272/301 MS: 4 ChangeASCIIInt-CopyPart-CrossOver-EraseBytes-
#68298	NEW    cov: 361 ft: 1052 corp: 163/39Kb lim: 301 exec/s: 8537 rss: 49Mb L: 240/301 MS: 4 EraseBytes-InsertRepeatedBytes-PersAutoDict-InsertRepeatedBytes- DE: "ss"-
#68329	NEW    cov: 361 ft: 1053 corp: 164/40Kb lim: 301 exec/s: 8541 rss: 49Mb L: 259/301 MS: 1 EraseBytes-
#68430	REDUCE cov: 361 ft: 1053 corp: 164/40Kb lim: 301 exec/s: 8553 rss: 49Mb L: 289/301 MS: 1 EraseBytes-
#68553	REDUCE cov: 361 ft: 1054 corp: 165/40Kb lim: 301 exec/s: 8569 rss: 49Mb L: 273/301 MS: 3 CMP-CrossOver-CopyPart- DE: "DDD"-
#68616	REDUCE cov: 361 ft: 1054 corp: 165/40Kb lim: 301 exec/s: 8577 rss: 49Mb L: 272/301 MS: 3 ChangeBinInt-PersAutoDict-EraseBytes- DE: "HH"-
#68992	REDUCE cov: 361 ft: 1054 corp: 165/40Kb lim: 301 exec/s: 8624 rss: 49Mb L: 263/301 MS: 1 EraseBytes-
#68997	NEW    cov: 361 ft: 1055 corp: 166/40Kb lim: 301 exec/s: 8624 rss: 49Mb L: 288/301 MS: 5 ChangeByte-ChangeBit-ShuffleBytes-ShuffleBytes-CrossOver-
#69160	REDUCE cov: 361 ft: 1055 corp: 166/40Kb lim: 301 exec/s: 8645 rss: 49Mb L: 268/301 MS: 3 ChangeBinInt-CopyPart-EraseBytes-
#69284	REDUCE cov: 361 ft: 1055 corp: 166/40Kb lim: 301 exec/s: 8660 rss: 49Mb L: 263/301 MS: 4 ChangeBit-InsertByte-ShuffleBytes-EraseBytes-
#69371	REDUCE cov: 361 ft: 1055 corp: 166/40Kb lim: 301 exec/s: 8671 rss: 49Mb L: 273/301 MS: 2 EraseBytes-InsertRepeatedBytes-
#69499	REDUCE cov: 361 ft: 1055 corp: 166/40Kb lim: 301 exec/s: 8687 rss: 49Mb L: 230/301 MS: 3 CopyPart-ChangeBit-EraseBytes-
#69532	REDUCE cov: 362 ft: 1057 corp: 167/40Kb lim: 301 exec/s: 8691 rss: 49Mb L: 293/301 MS: 3 ChangeBit-ChangeByte-InsertRepeatedBytes-
#69621	REDUCE cov: 362 ft: 1057 corp: 167/40Kb lim: 301 exec/s: 8702 rss: 49Mb L: 280/301 MS: 4 ChangeBinInt-InsertByte-ShuffleBytes-EraseBytes-
#69912	REDUCE cov: 362 ft: 1057 corp: 167/40Kb lim: 301 exec/s: 8739 rss: 49Mb L: 295/301 MS: 1 EraseBytes-
#69934	REDUCE cov: 362 ft: 1059 corp: 168/41Kb lim: 301 exec/s: 8741 rss: 49Mb L: 282/301 MS: 2 PersAutoDict-CopyPart- DE: "hh"-
#69956	REDUCE cov: 362 ft: 1059 corp: 168/41Kb lim: 301 exec/s: 8744 rss: 49Mb L: 265/301 MS: 2 EraseBytes-InsertByte-
#70316	REDUCE cov: 362 ft: 1059 corp: 168/41Kb lim: 301 exec/s: 8789 rss: 49Mb L: 281/301 MS: 5 ChangeByte-InsertRepeatedBytes-InsertByte-EraseBytes-CopyPart-
#70345	REDUCE cov: 362 ft: 1059 corp: 168/41Kb lim: 301 exec/s: 8793 rss: 49Mb L: 274/301 MS: 4 ChangeByte-CrossOver-ChangeBinInt-EraseBytes-
#70684	NEW    cov: 362 ft: 1060 corp: 169/41Kb lim: 301 exec/s: 8835 rss: 49Mb L: 272/301 MS: 4 ChangeByte-ChangeBinInt-CopyPart-EraseBytes-
#70726	REDUCE cov: 362 ft: 1060 corp: 169/41Kb lim: 301 exec/s: 8840 rss: 49Mb L: 262/301 MS: 2 ChangeBinInt-EraseBytes-
#70782	REDUCE cov: 362 ft: 1060 corp: 169/41Kb lim: 301 exec/s: 8847 rss: 49Mb L: 238/301 MS: 1 EraseBytes-
#71017	REDUCE cov: 362 ft: 1060 corp: 169/41Kb lim: 301 exec/s: 8877 rss: 49Mb L: 257/301 MS: 5 EraseBytes-InsertByte-CMP-InsertByte-CMP- DE: "\001\000"-"\001\000\000\000"-
#71065	NEW    cov: 362 ft: 1061 corp: 170/41Kb lim: 301 exec/s: 8883 rss: 49Mb L: 263/301 MS: 3 CopyPart-CopyPart-CrossOver-
#71352	NEW    cov: 362 ft: 1062 corp: 171/41Kb lim: 301 exec/s: 8919 rss: 49Mb L: 301/301 MS: 2 CrossOver-CopyPart-
#71366	REDUCE cov: 362 ft: 1062 corp: 171/41Kb lim: 301 exec/s: 8920 rss: 49Mb L: 269/301 MS: 4 ChangeByte-CopyPart-CopyPart-EraseBytes-
#71367	REDUCE cov: 362 ft: 1062 corp: 171/41Kb lim: 301 exec/s: 8920 rss: 49Mb L: 263/301 MS: 1 EraseBytes-
#71475	REDUCE cov: 362 ft: 1062 corp: 171/41Kb lim: 301 exec/s: 8934 rss: 49Mb L: 264/301 MS: 3 ChangeBinInt-EraseBytes-InsertRepeatedBytes-
#71582	REDUCE cov: 362 ft: 1062 corp: 171/41Kb lim: 301 exec/s: 8947 rss: 49Mb L: 268/301 MS: 2 EraseBytes-InsertRepeatedBytes-
#71761	NEW    cov: 362 ft: 1063 corp: 172/42Kb lim: 301 exec/s: 8970 rss: 49Mb L: 291/301 MS: 4 ChangeByte-InsertByte-CopyPart-PersAutoDict- DE: "\377\377"-
#72002	REDUCE cov: 362 ft: 1063 corp: 172/42Kb lim: 301 exec/s: 9000 rss: 49Mb L: 278/301 MS: 1 EraseBytes-
#72029	NEW    cov: 362 ft: 1070 corp: 173/42Kb lim: 301 exec/s: 9003 rss: 49Mb L: 294/301 MS: 2 ShuffleBytes-InsertByte-
#72043	REDUCE cov: 362 ft: 1070 corp: 173/42Kb lim: 301 exec/s: 9005 rss: 49Mb L: 258/301 MS: 4 ChangeByte-ChangeBinInt-CopyPart-EraseBytes-
#72326	NEW    cov: 362 ft: 1076 corp: 174/42Kb lim: 301 exec/s: 9040 rss: 49Mb L: 299/301 MS: 3 InsertRepeatedBytes-CrossOver-CMP- DE: "\001\000\000\000"-
#72333	REDUCE cov: 362 ft: 1076 corp: 174/42Kb lim: 301 exec/s: 9041 rss: 49Mb L: 255/301 MS: 2 ChangeBit-EraseBytes-
#72489	REDUCE cov: 362 ft: 1076 corp: 174/42Kb lim: 301 exec/s: 9061 rss: 49Mb L: 279/301 MS: 1 EraseBytes-
#72539	REDUCE cov: 362 ft: 1076 corp: 174/42Kb lim: 301 exec/s: 9067 rss: 49Mb L: 258/301 MS: 5 PersAutoDict-PersAutoDict-CopyPart-ChangeBinInt-EraseBytes- DE: "\377\377\377\377"-"\001\000\000\000\000\000\000\000"-
#72556	REDUCE cov: 362 ft: 1076 corp: 174/42Kb lim: 301 exec/s: 9069 rss: 49Mb L: 247/301 MS: 2 EraseBytes-InsertRepeatedBytes-
#72567	REDUCE cov: 362 ft: 1076 corp: 174/42Kb lim: 301 exec/s: 9070 rss: 49Mb L: 233/301 MS: 1 EraseBytes-
#72734	REDUCE cov: 362 ft: 1076 corp: 174/42Kb lim: 301 exec/s: 9091 rss: 49Mb L: 256/301 MS: 2 EraseBytes-CopyPart-
#72977	REDUCE cov: 362 ft: 1076 corp: 174/42Kb lim: 301 exec/s: 9122 rss: 49Mb L: 258/301 MS: 3 InsertByte-ChangeByte-EraseBytes-
#73119	REDUCE cov: 362 ft: 1076 corp: 174/42Kb lim: 301 exec/s: 9139 rss: 49Mb L: 282/301 MS: 2 CrossOver-EraseBytes-
#73228	REDUCE cov: 362 ft: 1076 corp: 174/42Kb lim: 301 exec/s: 9153 rss: 49Mb L: 236/301 MS: 4 ChangeBit-PersAutoDict-CMP-EraseBytes- DE: "YY"-"HH"-
#73230	REDUCE cov: 362 ft: 1076 corp: 174/42Kb lim: 301 exec/s: 9153 rss: 49Mb L: 238/301 MS: 2 InsertByte-EraseBytes-
#73395	REDUCE cov: 362 ft: 1076 corp: 174/42Kb lim: 301 exec/s: 9174 rss: 49Mb L: 243/301 MS: 5 CopyPart-CrossOver-InsertRepeatedBytes-ChangeBinInt-EraseBytes-
#73531	NEW    cov: 362 ft: 1077 corp: 175/42Kb lim: 301 exec/s: 9191 rss: 49Mb L: 290/301 MS: 1 PersAutoDict- DE: "DD"-
#73544	REDUCE cov: 362 ft: 1082 corp: 176/43Kb lim: 301 exec/s: 9193 rss: 49Mb L: 301/301 MS: 3 CopyPart-CrossOver-CopyPart-
#73740	REDUCE cov: 362 ft: 1082 corp: 176/43Kb lim: 301 exec/s: 9217 rss: 49Mb L: 281/301 MS: 1 EraseBytes-
#74005	REDUCE cov: 362 ft: 1082 corp: 176/43Kb lim: 301 exec/s: 9250 rss: 49Mb L: 262/301 MS: 5 PersAutoDict-PersAutoDict-CopyPart-EraseBytes-CrossOver- DE: "\001\000\000\000"-"\012\000\000\000\000\000\000\000"-
#74427	REDUCE cov: 362 ft: 1082 corp: 176/43Kb lim: 301 exec/s: 9303 rss: 49Mb L: 268/301 MS: 2 CMP-EraseBytes- DE: "YYYY"-
#74544	REDUCE cov: 362 ft: 1082 corp: 176/43Kb lim: 301 exec/s: 9318 rss: 49Mb L: 244/301 MS: 2 InsertRepeatedBytes-EraseBytes-
#74558	NEW    cov: 362 ft: 1083 corp: 177/43Kb lim: 301 exec/s: 9319 rss: 49Mb L: 299/301 MS: 4 CrossOver-CopyPart-CopyPart-ChangeByte-
#74647	REDUCE cov: 362 ft: 1083 corp: 177/43Kb lim: 301 exec/s: 9330 rss: 49Mb L: 220/301 MS: 4 PersAutoDict-InsertByte-PersAutoDict-EraseBytes- DE: "ZZZ"-"\001\000"-
#74957	REDUCE cov: 362 ft: 1083 corp: 177/43Kb lim: 301 exec/s: 9369 rss: 49Mb L: 206/301 MS: 5 CMP-PersAutoDict-ChangeByte-EraseBytes-InsertRepeatedBytes- DE: "\030\000\000\000\000\000\000\000"-":\000\000\000\000\000\000\000"-
#75098	NEW    cov: 362 ft: 1084 corp: 178/43Kb lim: 301 exec/s: 9387 rss: 49Mb L: 294/301 MS: 1 CrossOver-
#75135	REDUCE cov: 362 ft: 1090 corp: 179/43Kb lim: 301 exec/s: 9391 rss: 49Mb L: 284/301 MS: 2 InsertByte-InsertRepeatedBytes-
#75165	NEW    cov: 362 ft: 1091 corp: 180/44Kb lim: 301 exec/s: 9395 rss: 49Mb L: 301/301 MS: 5 ChangeBit-InsertByte-InsertByte-CopyPart-ChangeByte-
#75304	REDUCE cov: 362 ft: 1091 corp: 180/44Kb lim: 301 exec/s: 9413 rss: 49Mb L: 258/301 MS: 4 CopyPart-PersAutoDict-CrossOver-EraseBytes- DE: "HH"-
#75347	REDUCE cov: 362 ft: 1091 corp: 180/44Kb lim: 301 exec/s: 9418 rss: 49Mb L: 221/301 MS: 3 ChangeByte-CopyPart-EraseBytes-
#75391	REDUCE cov: 362 ft: 1091 corp: 180/44Kb lim: 301 exec/s: 9423 rss: 49Mb L: 275/301 MS: 4 InsertByte-InsertByte-ChangeByte-EraseBytes-
#75410	REDUCE cov: 362 ft: 1091 corp: 180/44Kb lim: 301 exec/s: 9426 rss: 49Mb L: 266/301 MS: 4 PersAutoDict-ShuffleBytes-ShuffleBytes-EraseBytes- DE: "\000\000"-
#75435	NEW    cov: 362 ft: 1093 corp: 181/44Kb lim: 301 exec/s: 9429 rss: 49Mb L: 300/301 MS: 5 ShuffleBytes-PersAutoDict-InsertRepeatedBytes-InsertByte-CopyPart- DE: "\015\000\000\000\000\000\000\000"-
#75480	REDUCE cov: 362 ft: 1093 corp: 181/44Kb lim: 301 exec/s: 9435 rss: 49Mb L: 263/301 MS: 5 ChangeByte-InsertRepeatedBytes-ChangeBinInt-CopyPart-EraseBytes-
#75558	NEW    cov: 362 ft: 1097 corp: 182/44Kb lim: 301 exec/s: 9444 rss: 49Mb L: 284/301 MS: 3 ShuffleBytes-ShuffleBytes-CopyPart-
#75656	REDUCE cov: 362 ft: 1097 corp: 182/44Kb lim: 301 exec/s: 9457 rss: 49Mb L: 252/301 MS: 3 ChangeBit-CopyPart-EraseBytes-
#75820	NEW    cov: 362 ft: 1098 corp: 183/44Kb lim: 301 exec/s: 9477 rss: 49Mb L: 297/301 MS: 4 InsertByte-PersAutoDict-CopyPart-CrossOver- DE: "SS"-
#75835	REDUCE cov: 362 ft: 1098 corp: 183/44Kb lim: 301 exec/s: 9479 rss: 49Mb L: 248/301 MS: 5 CopyPart-InsertByte-ChangeBinInt-ChangeByte-EraseBytes-
#75992	REDUCE cov: 362 ft: 1098 corp: 183/44Kb lim: 301 exec/s: 9499 rss: 49Mb L: 271/301 MS: 2 EraseBytes-PersAutoDict- DE: "\001\000\000\000\000\013\335\200"-
#76012	REDUCE cov: 362 ft: 1098 corp: 183/44Kb lim: 301 exec/s: 9501 rss: 49Mb L: 279/301 MS: 5 CopyPart-ChangeByte-InsertByte-ChangeBit-EraseBytes-
#76254	REDUCE cov: 362 ft: 1098 corp: 183/44Kb lim: 301 exec/s: 9531 rss: 49Mb L: 259/301 MS: 2 EraseBytes-CopyPart-
#76305	REDUCE cov: 362 ft: 1098 corp: 183/44Kb lim: 301 exec/s: 9538 rss: 49Mb L: 253/301 MS: 1 EraseBytes-
#76436	REDUCE cov: 362 ft: 1098 corp: 183/44Kb lim: 301 exec/s: 9554 rss: 49Mb L: 260/301 MS: 1 EraseBytes-
#77115	REDUCE cov: 362 ft: 1098 corp: 183/44Kb lim: 301 exec/s: 8568 rss: 49Mb L: 275/301 MS: 4 CopyPart-EraseBytes-ShuffleBytes-PersAutoDict- DE: "\001\000\000\000"-
#77343	REDUCE cov: 362 ft: 1100 corp: 184/44Kb lim: 301 exec/s: 8593 rss: 49Mb L: 243/301 MS: 3 ShuffleBytes-ChangeByte-ShuffleBytes-
#77368	REDUCE cov: 362 ft: 1101 corp: 185/45Kb lim: 301 exec/s: 8596 rss: 49Mb L: 286/301 MS: 5 ChangeBinInt-ChangeBit-InsertRepeatedBytes-ChangeBinInt-CrossOver-
#77659	REDUCE cov: 362 ft: 1101 corp: 185/45Kb lim: 301 exec/s: 8628 rss: 49Mb L: 248/301 MS: 1 EraseBytes-
#77756	REDUCE cov: 362 ft: 1101 corp: 185/45Kb lim: 301 exec/s: 8639 rss: 49Mb L: 299/301 MS: 2 EraseBytes-CopyPart-
#77840	REDUCE cov: 362 ft: 1101 corp: 185/45Kb lim: 301 exec/s: 8648 rss: 49Mb L: 275/301 MS: 4 PersAutoDict-EraseBytes-EraseBytes-CopyPart- DE: "DD"-
#77862	NEW    cov: 362 ft: 1102 corp: 186/45Kb lim: 301 exec/s: 8651 rss: 49Mb L: 284/301 MS: 2 CMP-ChangeBinInt- DE: "ZZZ"-
#77927	REDUCE cov: 362 ft: 1102 corp: 186/45Kb lim: 301 exec/s: 8658 rss: 49Mb L: 246/301 MS: 5 ShuffleBytes-CrossOver-ChangeBit-PersAutoDict-EraseBytes- DE: "ss"-
#78030	REDUCE cov: 362 ft: 1102 corp: 186/45Kb lim: 301 exec/s: 8670 rss: 49Mb L: 284/301 MS: 3 CopyPart-EraseBytes-InsertRepeatedBytes-
#78496	REDUCE cov: 362 ft: 1102 corp: 186/45Kb lim: 301 exec/s: 8721 rss: 49Mb L: 255/301 MS: 1 EraseBytes-
#78647	NEW    cov: 362 ft: 1103 corp: 187/45Kb lim: 301 exec/s: 8738 rss: 49Mb L: 299/301 MS: 1 PersAutoDict- DE: "YY"-
#78711	REDUCE cov: 362 ft: 1103 corp: 187/45Kb lim: 301 exec/s: 8745 rss: 49Mb L: 259/301 MS: 4 PersAutoDict-InsertByte-ChangeByte-EraseBytes- DE: "|\007\000\000\000\000\000\000"-
#78717	NEW    cov: 362 ft: 1104 corp: 188/45Kb lim: 301 exec/s: 8746 rss: 49Mb L: 301/301 MS: 1 InsertRepeatedBytes-
#78727	REDUCE cov: 362 ft: 1104 corp: 188/45Kb lim: 301 exec/s: 8747 rss: 49Mb L: 251/301 MS: 5 ChangeBit-ChangeByte-ShuffleBytes-ChangeBinInt-EraseBytes-
#78855	REDUCE cov: 362 ft: 1104 corp: 188/45Kb lim: 301 exec/s: 8761 rss: 49Mb L: 292/301 MS: 3 ChangeBinInt-CrossOver-EraseBytes-
#78932	REDUCE cov: 362 ft: 1104 corp: 188/45Kb lim: 301 exec/s: 8770 rss: 49Mb L: 267/301 MS: 2 InsertByte-EraseBytes-
#79196	REDUCE cov: 362 ft: 1104 corp: 188/45Kb lim: 301 exec/s: 8799 rss: 49Mb L: 289/301 MS: 4 ShuffleBytes-CopyPart-CrossOver-EraseBytes-
#79213	REDUCE cov: 362 ft: 1104 corp: 188/45Kb lim: 301 exec/s: 8801 rss: 49Mb L: 299/301 MS: 2 EraseBytes-InsertRepeatedBytes-
#79303	NEW    cov: 362 ft: 1105 corp: 189/46Kb lim: 301 exec/s: 8811 rss: 49Mb L: 292/301 MS: 5 ChangeBinInt-EraseBytes-CopyPart-ChangeBinInt-InsertRepeatedBytes-
#79699	REDUCE cov: 362 ft: 1105 corp: 189/46Kb lim: 301 exec/s: 8855 rss: 49Mb L: 266/301 MS: 1 EraseBytes-
#80027	REDUCE cov: 362 ft: 1105 corp: 189/46Kb lim: 301 exec/s: 8891 rss: 49Mb L: 248/301 MS: 3 InsertByte-InsertRepeatedBytes-EraseBytes-
#80028	REDUCE cov: 362 ft: 1105 corp: 189/46Kb lim: 301 exec/s: 8892 rss: 49Mb L: 221/301 MS: 1 EraseBytes-
#80529	REDUCE cov: 362 ft: 1105 corp: 189/46Kb lim: 301 exec/s: 8947 rss: 49Mb L: 249/301 MS: 1 EraseBytes-
#80666	REDUCE cov: 362 ft: 1105 corp: 189/46Kb lim: 301 exec/s: 8962 rss: 49Mb L: 294/301 MS: 2 PersAutoDict-EraseBytes- DE: "HH"-
#80674	REDUCE cov: 362 ft: 1105 corp: 189/46Kb lim: 301 exec/s: 8963 rss: 49Mb L: 217/301 MS: 3 CMP-InsertRepeatedBytes-EraseBytes- DE: "\000\000\000\000"-
#80999	REDUCE cov: 362 ft: 1105 corp: 189/46Kb lim: 301 exec/s: 8999 rss: 49Mb L: 265/301 MS: 5 InsertRepeatedBytes-InsertRepeatedBytes-CMP-CopyPart-EraseBytes- DE: "\377\377"-
#81002	NEW    cov: 362 ft: 1109 corp: 190/46Kb lim: 301 exec/s: 9000 rss: 49Mb L: 293/301 MS: 3 PersAutoDict-CopyPart-CrossOver- DE: "\377\377"-
#81022	REDUCE cov: 362 ft: 1109 corp: 190/46Kb lim: 301 exec/s: 9002 rss: 49Mb L: 238/301 MS: 5 EraseBytes-ChangeBit-CrossOver-CMP-PersAutoDict- DE: "SS"-"DD"-
#81157	REDUCE cov: 362 ft: 1109 corp: 190/46Kb lim: 301 exec/s: 9017 rss: 49Mb L: 247/301 MS: 5 CrossOver-ChangeBinInt-ChangeBinInt-CrossOver-EraseBytes-
#81488	REDUCE cov: 362 ft: 1109 corp: 190/46Kb lim: 301 exec/s: 9054 rss: 49Mb L: 283/301 MS: 1 EraseBytes-
#81525	REDUCE cov: 362 ft: 1109 corp: 190/46Kb lim: 301 exec/s: 9058 rss: 49Mb L: 265/301 MS: 2 EraseBytes-CopyPart-
#81697	REDUCE cov: 362 ft: 1109 corp: 190/46Kb lim: 301 exec/s: 9077 rss: 49Mb L: 219/301 MS: 2 ChangeBit-EraseBytes-
#81776	REDUCE cov: 362 ft: 1109 corp: 190/46Kb lim: 301 exec/s: 9086 rss: 49Mb L: 258/301 MS: 4 ShuffleBytes-ChangeBinInt-EraseBytes-CMP- DE: "\000\000"-
#81993	REDUCE cov: 362 ft: 1109 corp: 190/46Kb lim: 301 exec/s: 9110 rss: 49Mb L: 278/301 MS: 2 EraseBytes-CrossOver-
#82064	REDUCE cov: 362 ft: 1109 corp: 190/46Kb lim: 301 exec/s: 9118 rss: 49Mb L: 290/301 MS: 1 EraseBytes-
#82145	REDUCE cov: 362 ft: 1116 corp: 191/46Kb lim: 301 exec/s: 9127 rss: 49Mb L: 299/301 MS: 1 CrossOver-
#82171	REDUCE cov: 362 ft: 1116 corp: 191/46Kb lim: 301 exec/s: 9130 rss: 49Mb L: 219/301 MS: 1 EraseBytes-
#82273	REDUCE cov: 362 ft: 1116 corp: 191/46Kb lim: 301 exec/s: 9141 rss: 49Mb L: 262/301 MS: 2 EraseBytes-CopyPart-
#82461	REDUCE cov: 362 ft: 1116 corp: 191/46Kb lim: 301 exec/s: 9162 rss: 49Mb L: 290/301 MS: 3 CopyPart-CMP-EraseBytes- DE: "\377\377"-
#82506	REDUCE cov: 362 ft: 1116 corp: 191/46Kb lim: 301 exec/s: 9167 rss: 49Mb L: 253/301 MS: 5 ChangeBit-ChangeBinInt-InsertRepeatedBytes-CopyPart-EraseBytes-
#82688	REDUCE cov: 362 ft: 1116 corp: 191/46Kb lim: 301 exec/s: 9187 rss: 49Mb L: 228/301 MS: 2 EraseBytes-InsertRepeatedBytes-
#82760	REDUCE cov: 362 ft: 1116 corp: 191/46Kb lim: 301 exec/s: 9195 rss: 49Mb L: 291/301 MS: 2 CMP-EraseBytes- DE: "\000\000\000\000\000\000\000\003"-
#83062	REDUCE cov: 362 ft: 1116 corp: 191/46Kb lim: 301 exec/s: 9229 rss: 49Mb L: 243/301 MS: 2 ChangeByte-EraseBytes-
#83248	REDUCE cov: 362 ft: 1117 corp: 192/46Kb lim: 301 exec/s: 9249 rss: 49Mb L: 272/301 MS: 1 CopyPart-
#83339	REDUCE cov: 362 ft: 1117 corp: 192/46Kb lim: 301 exec/s: 9259 rss: 49Mb L: 259/301 MS: 1 EraseBytes-
#83374	REDUCE cov: 362 ft: 1117 corp: 192/46Kb lim: 301 exec/s: 9263 rss: 49Mb L: 275/301 MS: 5 EraseBytes-InsertByte-PersAutoDict-ChangeBit-InsertRepeatedBytes- DE: "\000\000\000\000\000\000\000\003"-
#83765	REDUCE cov: 362 ft: 1117 corp: 192/46Kb lim: 301 exec/s: 9307 rss: 49Mb L: 245/301 MS: 1 EraseBytes-
#83777	REDUCE cov: 362 ft: 1117 corp: 192/46Kb lim: 301 exec/s: 9308 rss: 49Mb L: 244/301 MS: 2 ChangeByte-EraseBytes-
#83872	REDUCE cov: 362 ft: 1117 corp: 192/46Kb lim: 301 exec/s: 9319 rss: 49Mb L: 249/301 MS: 5 EraseBytes-InsertRepeatedBytes-ChangeBinInt-ChangeBinInt-PersAutoDict- DE: "\001\000\000\000\000\000\000\014"-
#84138	REDUCE cov: 362 ft: 1117 corp: 192/46Kb lim: 301 exec/s: 9348 rss: 49Mb L: 249/301 MS: 1 EraseBytes-
#84309	REDUCE cov: 362 ft: 1117 corp: 192/46Kb lim: 301 exec/s: 9367 rss: 49Mb L: 279/301 MS: 1 EraseBytes-
#84598	REDUCE cov: 362 ft: 1117 corp: 192/46Kb lim: 301 exec/s: 9399 rss: 49Mb L: 257/301 MS: 4 InsertByte-CMP-ShuffleBytes-EraseBytes- DE: "ZZ"-
#84864	REDUCE cov: 362 ft: 1117 corp: 192/46Kb lim: 301 exec/s: 9429 rss: 49Mb L: 266/301 MS: 1 EraseBytes-
#85445	REDUCE cov: 362 ft: 1117 corp: 192/46Kb lim: 301 exec/s: 8544 rss: 49Mb L: 229/301 MS: 1 EraseBytes-
#85686	REDUCE cov: 362 ft: 1117 corp: 192/46Kb lim: 301 exec/s: 8568 rss: 49Mb L: 290/301 MS: 1 EraseBytes-
#85924	REDUCE cov: 362 ft: 1117 corp: 192/46Kb lim: 301 exec/s: 8592 rss: 49Mb L: 282/301 MS: 3 ShuffleBytes-InsertByte-EraseBytes-
#86041	REDUCE cov: 362 ft: 1117 corp: 192/46Kb lim: 301 exec/s: 8604 rss: 49Mb L: 268/301 MS: 2 EraseBytes-InsertRepeatedBytes-
#86167	REDUCE cov: 362 ft: 1117 corp: 192/46Kb lim: 301 exec/s: 8616 rss: 49Mb L: 244/301 MS: 1 EraseBytes-
#86456	REDUCE cov: 362 ft: 1117 corp: 192/46Kb lim: 301 exec/s: 8645 rss: 49Mb L: 223/301 MS: 4 EraseBytes-CrossOver-ShuffleBytes-InsertRepeatedBytes-
#86563	REDUCE cov: 362 ft: 1118 corp: 193/46Kb lim: 301 exec/s: 8656 rss: 49Mb L: 256/301 MS: 2 InsertRepeatedBytes-CopyPart-
#86952	REDUCE cov: 362 ft: 1118 corp: 193/46Kb lim: 301 exec/s: 8695 rss: 49Mb L: 258/301 MS: 4 ChangeBinInt-ShuffleBytes-CopyPart-EraseBytes-
#86989	REDUCE cov: 362 ft: 1119 corp: 194/47Kb lim: 301 exec/s: 8698 rss: 49Mb L: 261/301 MS: 2 ChangeBinInt-CopyPart-
#86993	NEW    cov: 362 ft: 1120 corp: 195/47Kb lim: 301 exec/s: 8699 rss: 49Mb L: 301/301 MS: 4 ChangeByte-InsertRepeatedBytes-ChangeByte-CopyPart-
#87058	REDUCE cov: 362 ft: 1120 corp: 195/47Kb lim: 301 exec/s: 8705 rss: 49Mb L: 249/301 MS: 5 CMP-EraseBytes-PersAutoDict-ChangeBinInt-CopyPart- DE: "dddd"-"YYYY"-
#87099	REDUCE cov: 362 ft: 1121 corp: 196/47Kb lim: 301 exec/s: 8709 rss: 49Mb L: 272/301 MS: 1 InsertRepeatedBytes-
#87965	REDUCE cov: 362 ft: 1122 corp: 197/47Kb lim: 309 exec/s: 8796 rss: 49Mb L: 279/301 MS: 1 InsertRepeatedBytes-
#88236	REDUCE cov: 362 ft: 1122 corp: 197/47Kb lim: 309 exec/s: 8823 rss: 49Mb L: 228/301 MS: 1 EraseBytes-
#88431	REDUCE cov: 362 ft: 1122 corp: 197/47Kb lim: 309 exec/s: 8843 rss: 49Mb L: 240/301 MS: 5 ShuffleBytes-ChangeByte-EraseBytes-ShuffleBytes-CrossOver-
#88455	REDUCE cov: 363 ft: 1123 corp: 198/48Kb lim: 309 exec/s: 8845 rss: 49Mb L: 274/301 MS: 4 InsertRepeatedBytes-ChangeByte-ShuffleBytes-ChangeByte-
#88596	REDUCE cov: 363 ft: 1123 corp: 198/48Kb lim: 309 exec/s: 8859 rss: 49Mb L: 242/301 MS: 1 EraseBytes-
#88647	REDUCE cov: 363 ft: 1123 corp: 198/48Kb lim: 309 exec/s: 8864 rss: 49Mb L: 263/301 MS: 1 EraseBytes-
#88685	NEW    cov: 363 ft: 1124 corp: 199/48Kb lim: 309 exec/s: 8868 rss: 49Mb L: 302/302 MS: 3 ChangeBit-PersAutoDict-InsertRepeatedBytes- DE: "\377\377\377\377\377\377\377\377"-
#89073	REDUCE cov: 363 ft: 1125 corp: 200/48Kb lim: 309 exec/s: 8907 rss: 49Mb L: 252/302 MS: 3 EraseBytes-ChangeBit-InsertRepeatedBytes-
#89447	REDUCE cov: 363 ft: 1125 corp: 200/48Kb lim: 309 exec/s: 8944 rss: 49Mb L: 283/302 MS: 4 ChangeASCIIInt-CMP-PersAutoDict-EraseBytes- DE: "YY"-".\000\000\000\000\000\000\000"-
#89547	REDUCE cov: 363 ft: 1125 corp: 200/48Kb lim: 309 exec/s: 8954 rss: 49Mb L: 249/302 MS: 5 ChangeByte-EraseBytes-ShuffleBytes-ChangeBit-InsertRepeatedBytes-
#89816	REDUCE cov: 363 ft: 1125 corp: 200/48Kb lim: 309 exec/s: 8981 rss: 49Mb L: 280/302 MS: 4 ChangeBit-ChangeByte-CrossOver-EraseBytes-
#89949	REDUCE cov: 363 ft: 1125 corp: 200/48Kb lim: 309 exec/s: 8994 rss: 49Mb L: 283/302 MS: 3 EraseBytes-CrossOver-ChangeBinInt-
#90032	REDUCE cov: 363 ft: 1125 corp: 200/48Kb lim: 309 exec/s: 9003 rss: 49Mb L: 294/302 MS: 3 ChangeByte-EraseBytes-CopyPart-
#90200	REDUCE cov: 363 ft: 1125 corp: 200/48Kb lim: 309 exec/s: 9020 rss: 49Mb L: 290/302 MS: 3 CrossOver-CopyPart-EraseBytes-
#90679	NEW    cov: 363 ft: 1126 corp: 201/48Kb lim: 309 exec/s: 9067 rss: 49Mb L: 305/305 MS: 4 ChangeByte-InsertRepeatedBytes-ChangeBinInt-ChangeBit-
#91027	REDUCE cov: 363 ft: 1126 corp: 201/48Kb lim: 309 exec/s: 9102 rss: 49Mb L: 281/305 MS: 3 InsertRepeatedBytes-EraseBytes-InsertRepeatedBytes-
#91070	REDUCE cov: 363 ft: 1126 corp: 201/48Kb lim: 309 exec/s: 9107 rss: 49Mb L: 256/305 MS: 3 ChangeBit-ShuffleBytes-EraseBytes-
#91349	REDUCE cov: 363 ft: 1126 corp: 201/48Kb lim: 309 exec/s: 9134 rss: 49Mb L: 276/305 MS: 4 InsertRepeatedBytes-EraseBytes-ChangeByte-InsertRepeatedBytes-
#91407	REDUCE cov: 363 ft: 1126 corp: 201/48Kb lim: 309 exec/s: 9140 rss: 49Mb L: 239/305 MS: 3 EraseBytes-ShuffleBytes-InsertRepeatedBytes-
#91413	REDUCE cov: 363 ft: 1126 corp: 201/48Kb lim: 309 exec/s: 9141 rss: 49Mb L: 267/305 MS: 1 EraseBytes-
#91902	REDUCE cov: 363 ft: 1126 corp: 201/48Kb lim: 309 exec/s: 9190 rss: 49Mb L: 277/305 MS: 4 EraseBytes-InsertByte-ChangeBinInt-InsertRepeatedBytes-
#92786	REDUCE cov: 363 ft: 1126 corp: 201/48Kb lim: 317 exec/s: 9278 rss: 49Mb L: 277/305 MS: 4 EraseBytes-ChangeBinInt-InsertByte-InsertRepeatedBytes-
#93578	NEW    cov: 363 ft: 1128 corp: 202/49Kb lim: 317 exec/s: 9357 rss: 49Mb L: 275/305 MS: 2 InsertByte-CopyPart-
#93678	REDUCE cov: 363 ft: 1128 corp: 202/49Kb lim: 317 exec/s: 9367 rss: 49Mb L: 277/305 MS: 5 CopyPart-ChangeBinInt-InsertRepeatedBytes-ChangeBit-EraseBytes-
#93688	REDUCE cov: 363 ft: 1128 corp: 202/49Kb lim: 317 exec/s: 9368 rss: 49Mb L: 250/305 MS: 5 CopyPart-InsertRepeatedBytes-ChangeByte-ChangeBinInt-EraseBytes-
#93747	REDUCE cov: 363 ft: 1128 corp: 202/49Kb lim: 317 exec/s: 9374 rss: 49Mb L: 271/305 MS: 4 ShuffleBytes-CMP-CMP-EraseBytes- DE: "\001\000\000\000"-"\001\000\000\000\000\000\000\021"-
#93929	REDUCE cov: 363 ft: 1128 corp: 202/49Kb lim: 317 exec/s: 9392 rss: 49Mb L: 254/305 MS: 2 InsertByte-EraseBytes-
#94014	DONE   cov: 363 ft: 1128 corp: 202/49Kb lim: 317 exec/s: 8546 rss: 49Mb
###### Recommended dictionary. ######
"\001\000\000\000\000\000\000\000" # Uses: 463
"\000\000" # Uses: 519
"|\007\000\000\000\000\000\000" # Uses: 447
"year" # Uses: 441
"day" # Uses: 334
"\017\000\000\000\000\000\000\000" # Uses: 282
"\012\000\000\000\000\000\000\000" # Uses: 234
"\001\000\000\000\000\000\000\014" # Uses: 189
"\001\000" # Uses: 181
"\377\377\377\377\377\377\377\377" # Uses: 136
"\015\000\000\000\000\000\000\000" # Uses: 134
"\255\246\000\000\000\000\000\000" # Uses: 138
":\000\000\000\000\000\000\000" # Uses: 143
"week" # Uses: 152
"\264\007\000\000\000\000\000\000" # Uses: 141
"hh" # Uses: 180
"\001\000\000\000\000\000\007{" # Uses: 139
"DD" # Uses: 134
"Do" # Uses: 148
"\377\377\377\377" # Uses: 146
"\001\000\000\000\000\013\335\200" # Uses: 131
"YY" # Uses: 133
"\001\000\000\000" # Uses: 136
"HH" # Uses: 107
"dddd" # Uses: 100
"\377\377" # Uses: 116
"ss" # Uses: 94
"\002\000\000\000\000\000\000\000" # Uses: 76
"\000\000\000\000\000\000\000\002" # Uses: 84
"\377\377\377\377\377\377\006{" # Uses: 71
"YYYY" # Uses: 80
"ZZZ" # Uses: 64
"SS" # Uses: 75
".\000\000\000\000\000\000\000" # Uses: 65
"mm" # Uses: 60
"DDD" # Uses: 52
"\030\000\000\000\000\000\000\000" # Uses: 43
"\000\000\000\000" # Uses: 26
"\000\000\000\000\000\000\000\003" # Uses: 21
"ZZ" # Uses: 19
"\001\000\000\000\000\000\000\021" # Uses: 0
###### End of recommended dictionary. ######
Done 94014 runs in 11 second(s)
