INFO: Instrumenting 3671 functions...
INFO: Using built-in libfuzzer
WARNING: Failed to find function "__sanitizer_acquire_crash_state".
WARNING: Failed to find function "__sanitizer_print_stack_trace".
WARNING: Failed to find function "__sanitizer_set_death_callback".
INFO: Running with entropic power schedule (0xFF, 100).
INFO: Seed: 2649113820
INFO: -max_len is not provided; libFuzzer will not generate inputs larger than 4096 bytes
INFO: A corpus is not provided, starting from an empty corpus
#2	INITED cov: 67 ft: 67 corp: 1/1b exec/s: 0 rss: 59Mb
#575	NEW    cov: 280 ft: 290 corp: 2/5b lim: 8 exec/s: 0 rss: 59Mb L: 4/4 MS: 3 InsertRepeatedBytes-EraseBytes-ChangeByte-
#1438	NEW    cov: 312 ft: 324 corp: 3/10b lim: 14 exec/s: 0 rss: 59Mb L: 5/5 MS: 3 ChangeBit-ChangeByte-InsertRepeatedBytes-
#1509	NEW    cov: 744 ft: 977 corp: 4/18b lim: 14 exec/s: 0 rss: 59Mb L: 8/8 MS: 1 CopyPart-
#1529	NEW    cov: 746 ft: 979 corp: 5/30b lim: 14 exec/s: 0 rss: 59Mb L: 12/12 MS: 5 ChangeByte-InsertRepeatedBytes-InsertByte-ChangeBinInt-InsertByte-
#1632	REDUCE cov: 746 ft: 979 corp: 5/27b lim: 14 exec/s: 0 rss: 59Mb L: 9/9 MS: 3 EraseBytes-ChangeBinInt-ChangeByte-
#1633	NEW    cov: 746 ft: 996 corp: 6/35b lim: 14 exec/s: 0 rss: 59Mb L: 8/9 MS: 1 ShuffleBytes-
#1670	REDUCE cov: 746 ft: 996 corp: 6/34b lim: 14 exec/s: 0 rss: 59Mb L: 8/8 MS: 2 CopyPart-CrossOver-
#1701	NEW    cov: 750 ft: 1018 corp: 7/44b lim: 14 exec/s: 0 rss: 59Mb L: 10/10 MS: 1 CopyPart-
#1760	REDUCE cov: 750 ft: 1018 corp: 7/43b lim: 14 exec/s: 0 rss: 59Mb L: 7/10 MS: 4 InsertByte-ChangeByte-CopyPart-EraseBytes-
#1761	REDUCE cov: 751 ft: 1019 corp: 8/48b lim: 14 exec/s: 0 rss: 59Mb L: 5/10 MS: 1 EraseBytes-
#1809	REDUCE cov: 751 ft: 1019 corp: 8/47b lim: 14 exec/s: 0 rss: 59Mb L: 6/10 MS: 3 CrossOver-ShuffleBytes-CopyPart-
#1915	REDUCE cov: 751 ft: 1019 corp: 8/46b lim: 14 exec/s: 0 rss: 59Mb L: 4/10 MS: 1 CrossOver-
#2080	REDUCE cov: 751 ft: 1019 corp: 8/44b lim: 14 exec/s: 0 rss: 59Mb L: 4/10 MS: 5 CopyPart-ChangeBit-CopyPart-ChangeASCIIInt-EraseBytes-
#2121	REDUCE cov: 751 ft: 1019 corp: 8/43b lim: 14 exec/s: 0 rss: 59Mb L: 3/10 MS: 1 EraseBytes-
#2182	REDUCE cov: 751 ft: 1019 corp: 8/42b lim: 14 exec/s: 0 rss: 59Mb L: 3/10 MS: 1 EraseBytes-
#2359	REDUCE cov: 751 ft: 1019 corp: 8/41b lim: 14 exec/s: 0 rss: 59Mb L: 2/10 MS: 2 ChangeBit-EraseBytes-
#2441	REDUCE cov: 751 ft: 1019 corp: 8/40b lim: 14 exec/s: 0 rss: 59Mb L: 9/9 MS: 2 EraseBytes-InsertByte-
#2612	NEW    cov: 840 ft: 1421 corp: 9/49b lim: 14 exec/s: 0 rss: 59Mb L: 9/9 MS: 1 CrossOver-
#2873	REDUCE cov: 841 ft: 1465 corp: 10/58b lim: 14 exec/s: 2873 rss: 59Mb L: 9/9 MS: 1 CrossOver-
#2904	NEW    cov: 842 ft: 1475 corp: 11/65b lim: 14 exec/s: 2904 rss: 59Mb L: 7/9 MS: 1 EraseBytes-
#2937	NEW    cov: 847 ft: 1491 corp: 12/77b lim: 14 exec/s: 2937 rss: 59Mb L: 12/12 MS: 3 ChangeBinInt-CrossOver-CopyPart-
#3474	NEW    cov: 849 ft: 1497 corp: 13/87b lim: 17 exec/s: 3474 rss: 59Mb L: 10/12 MS: 2 CopyPart-EraseBytes-
#5402	NEW    cov: 851 ft: 1509 corp: 14/103b lim: 33 exec/s: 5402 rss: 59Mb L: 16/16 MS: 3 InsertByte-ShuffleBytes-CopyPart-
#5949	NEW    cov: 855 ft: 1513 corp: 15/115b lim: 38 exec/s: 5949 rss: 59Mb L: 12/16 MS: 2 ChangeBinInt-CrossOver-
#6190	NEW    cov: 855 ft: 1515 corp: 16/127b lim: 38 exec/s: 3095 rss: 59Mb L: 12/16 MS: 1 EraseBytes-
#6272	REDUCE cov: 855 ft: 1515 corp: 16/126b lim: 38 exec/s: 3136 rss: 59Mb L: 11/16 MS: 2 ChangeBit-EraseBytes-
==1442== libFuzzer: run interrupted; exiting
