INFO: Instrumenting arrow
INFO: Instrumenting arrow._version
INFO: Instrumenting arrow.api
INFO: Instrumenting datetime
INFO: Instrumenting arrow.arrow
INFO: Instrumenting calendar
INFO: Instrumenting locale
INFO: Instrumenting _locale
WARNING: It looks like this module is imported by a custom loader. Atheris has experimental support for this. However, it may be incompatible with certain libraries. If you experience unusual errors or poor coverage collection, try atheris.instrument_all() instead, add enable_loader_override=False to instrument_imports(), or file an issue on GitHub.
INFO: Instrumenting dateutil
INFO: Instrumenting dateutil._version
INFO: Instrumenting dateutil.tz
INFO: Instrumenting dateutil.tz.tz
INFO: Instrumenting struct
INFO: Instrumenting six
INFO: Instrumenting __future__
INFO: Instrumenting importlib.util
INFO: Instrumenting six.moves
INFO: Instrumenting dateutil.tz._common
INFO: Instrumenting dateutil.tz._factories
INFO: Instrumenting dateutil.tz.win
INFO: Instrumenting dateutil.relativedelta
INFO: Instrumenting dateutil._common
INFO: Instrumenting arrow.formatter
INFO: Instrumenting arrow.locales
INFO: Instrumenting arrow.constants
INFO: Instrumenting arrow.parser
INFO: Instrumenting zoneinfo
INFO: Instrumenting zoneinfo._tzpath
INFO: Instrumenting sysconfig
INFO: Instrumenting _sysconfigdata__linux_x86_64-linux-gnu
INFO: Instrumenting zoneinfo._common
INFO: Instrumenting arrow.util
INFO: Instrumenting dateutil.rrule
INFO: Instrumenting heapq
INFO: Instrumenting arrow.factory
INFO: Instrumenting decimal
INFO: Instrumenting numbers
INFO: Using built-in libfuzzer
WARNING: Failed to find function "__sanitizer_acquire_crash_state".
WARNING: Failed to find function "__sanitizer_print_stack_trace".
WARNING: Failed to find function "__sanitizer_set_death_callback".
INFO: Running with entropic power schedule (0xFF, 100).
INFO: Seed: 2517443902
INFO: -max_len is not provided; libFuzzer will not generate inputs larger than 4096 bytes
INFO: A corpus is not provided, starting from an empty corpus
#2	INITED cov: 84 ft: 84 corp: 1/1b exec/s: 0 rss: 52Mb
#13	NEW    cov: 84 ft: 86 corp: 2/3b lim: 4 exec/s: 0 rss: 52Mb L: 2/2 MS: 1 InsertByte-
#24	NEW    cov: 87 ft: 90 corp: 3/4b lim: 4 exec/s: 0 rss: 52Mb L: 1/2 MS: 1 ChangeBit-
#30	NEW    cov: 89 ft: 92 corp: 4/6b lim: 4 exec/s: 0 rss: 52Mb L: 2/2 MS: 1 InsertByte-
#32	NEW    cov: 90 ft: 93 corp: 5/10b lim: 4 exec/s: 0 rss: 52Mb L: 4/4 MS: 2 ChangeByte-CopyPart-
#33	NEW    cov: 95 ft: 106 corp: 6/14b lim: 4 exec/s: 0 rss: 52Mb L: 4/4 MS: 1 CopyPart-
#80	REDUCE cov: 95 ft: 106 corp: 6/13b lim: 4 exec/s: 0 rss: 52Mb L: 1/4 MS: 2 ShuffleBytes-EraseBytes-
#91	NEW    cov: 100 ft: 111 corp: 7/16b lim: 4 exec/s: 0 rss: 52Mb L: 3/4 MS: 1 EraseBytes-
#97	REDUCE cov: 100 ft: 136 corp: 8/17b lim: 4 exec/s: 0 rss: 52Mb L: 1/4 MS: 1 ChangeBit-
#99	NEW    cov: 110 ft: 146 corp: 9/21b lim: 4 exec/s: 0 rss: 52Mb L: 4/4 MS: 2 CrossOver-CopyPart-
#162	REDUCE cov: 110 ft: 146 corp: 9/20b lim: 4 exec/s: 0 rss: 52Mb L: 1/4 MS: 3 CrossOver-ShuffleBytes-EraseBytes-
#175	NEW    cov: 111 ft: 150 corp: 10/22b lim: 4 exec/s: 0 rss: 52Mb L: 2/4 MS: 3 CopyPart-ShuffleBytes-CopyPart-
#206	NEW    cov: 112 ft: 151 corp: 11/23b lim: 4 exec/s: 0 rss: 52Mb L: 1/4 MS: 1 ChangeByte-
#245	NEW    cov: 112 ft: 170 corp: 12/27b lim: 4 exec/s: 0 rss: 52Mb L: 4/4 MS: 4 CrossOver-ChangeBit-CrossOver-ChangeBit-
#312	NEW    cov: 135 ft: 197 corp: 13/30b lim: 4 exec/s: 0 rss: 52Mb L: 3/4 MS: 2 CopyPart-ChangeByte-
#322	REDUCE cov: 135 ft: 197 corp: 13/29b lim: 4 exec/s: 0 rss: 52Mb L: 2/4 MS: 5 ChangeByte-ChangeBit-EraseBytes-EraseBytes-CrossOver-
#388	REDUCE cov: 135 ft: 197 corp: 13/28b lim: 4 exec/s: 0 rss: 52Mb L: 2/4 MS: 1 EraseBytes-
#426	NEW    cov: 146 ft: 229 corp: 14/32b lim: 4 exec/s: 0 rss: 52Mb L: 4/4 MS: 3 CopyPart-ShuffleBytes-CrossOver-
#435	NEW    cov: 147 ft: 230 corp: 15/34b lim: 4 exec/s: 0 rss: 52Mb L: 2/4 MS: 4 ShuffleBytes-EraseBytes-ChangeBit-CrossOver-
#436	REDUCE cov: 147 ft: 232 corp: 16/35b lim: 4 exec/s: 0 rss: 52Mb L: 1/4 MS: 1 EraseBytes-
#440	NEW    cov: 149 ft: 237 corp: 17/38b lim: 4 exec/s: 0 rss: 52Mb L: 3/4 MS: 4 ShuffleBytes-InsertByte-InsertByte-ChangeBinInt-
#441	NEW    cov: 149 ft: 238 corp: 18/41b lim: 4 exec/s: 0 rss: 52Mb L: 3/4 MS: 1 ChangeByte-
#516	REDUCE cov: 149 ft: 238 corp: 18/40b lim: 4 exec/s: 0 rss: 52Mb L: 3/4 MS: 5 CrossOver-ChangeASCIIInt-ShuffleBytes-EraseBytes-CopyPart-
#624	REDUCE cov: 149 ft: 238 corp: 18/39b lim: 4 exec/s: 0 rss: 52Mb L: 2/4 MS: 3 InsertByte-EraseBytes-EraseBytes-
#824	NEW    cov: 151 ft: 240 corp: 19/43b lim: 4 exec/s: 824 rss: 52Mb L: 4/4 MS: 5 CrossOver-ChangeByte-ShuffleBytes-CopyPart-CrossOver-
#973	REDUCE cov: 151 ft: 250 corp: 20/47b lim: 4 exec/s: 973 rss: 52Mb L: 4/4 MS: 4 ChangeASCIIInt-CMP-CrossOver-ShuffleBytes- DE: "\000\000"-
#1157	REDUCE cov: 151 ft: 250 corp: 20/46b lim: 4 exec/s: 1157 rss: 52Mb L: 3/4 MS: 4 ChangeByte-EraseBytes-ChangeBinInt-CrossOver-
#1179	NEW    cov: 152 ft: 251 corp: 21/47b lim: 4 exec/s: 1179 rss: 52Mb L: 1/4 MS: 2 ShuffleBytes-ChangeBit-
#1291	REDUCE cov: 152 ft: 251 corp: 21/46b lim: 4 exec/s: 1291 rss: 52Mb L: 3/4 MS: 2 ChangeASCIIInt-EraseBytes-
#1302	NEW    cov: 152 ft: 252 corp: 22/50b lim: 4 exec/s: 1302 rss: 52Mb L: 4/4 MS: 1 CrossOver-
#1353	NEW    cov: 153 ft: 253 corp: 23/54b lim: 4 exec/s: 1353 rss: 52Mb L: 4/4 MS: 1 ChangeByte-
#1488	NEW    cov: 153 ft: 254 corp: 24/58b lim: 4 exec/s: 1488 rss: 52Mb L: 4/4 MS: 5 ChangeASCIIInt-ChangeASCIIInt-EraseBytes-CrossOver-CrossOver-
#1555	REDUCE cov: 153 ft: 254 corp: 24/57b lim: 4 exec/s: 1555 rss: 52Mb L: 1/4 MS: 2 CopyPart-EraseBytes-
#1586	NEW    cov: 153 ft: 264 corp: 25/61b lim: 4 exec/s: 1586 rss: 52Mb L: 4/4 MS: 1 CopyPart-
#1749	REDUCE cov: 153 ft: 264 corp: 25/60b lim: 4 exec/s: 874 rss: 52Mb L: 3/4 MS: 3 ChangeByte-ChangeASCIIInt-EraseBytes-
#1826	REDUCE cov: 153 ft: 264 corp: 25/59b lim: 4 exec/s: 913 rss: 52Mb L: 3/4 MS: 2 ShuffleBytes-EraseBytes-
#1848	REDUCE cov: 153 ft: 264 corp: 25/58b lim: 4 exec/s: 924 rss: 52Mb L: 3/4 MS: 2 ChangeByte-EraseBytes-
#2045	REDUCE cov: 153 ft: 264 corp: 25/57b lim: 4 exec/s: 1022 rss: 52Mb L: 2/4 MS: 2 CopyPart-EraseBytes-
#2048	pulse  cov: 153 ft: 264 corp: 25/57b lim: 4 exec/s: 1024 rss: 52Mb
#2151	REDUCE cov: 153 ft: 264 corp: 25/56b lim: 4 exec/s: 1075 rss: 52Mb L: 3/4 MS: 1 EraseBytes-
#2154	REDUCE cov: 153 ft: 265 corp: 26/60b lim: 4 exec/s: 1077 rss: 52Mb L: 4/4 MS: 3 ChangeByte-CrossOver-CopyPart-
#2241	REDUCE cov: 153 ft: 265 corp: 26/59b lim: 4 exec/s: 1120 rss: 52Mb L: 3/4 MS: 2 ChangeBit-EraseBytes-
#2259	REDUCE cov: 154 ft: 266 corp: 27/62b lim: 4 exec/s: 1129 rss: 52Mb L: 3/4 MS: 3 ChangeBinInt-ChangeBit-ChangeByte-
#2650	REDUCE cov: 154 ft: 268 corp: 28/67b lim: 6 exec/s: 883 rss: 52Mb L: 5/5 MS: 1 CrossOver-
#2743	REDUCE cov: 154 ft: 268 corp: 28/66b lim: 6 exec/s: 914 rss: 52Mb L: 2/5 MS: 3 ChangeBinInt-ChangeBit-EraseBytes-
#3896	NEW    cov: 155 ft: 269 corp: 29/82b lim: 17 exec/s: 974 rss: 52Mb L: 16/16 MS: 3 InsertRepeatedBytes-ShuffleBytes-InsertRepeatedBytes-
#3897	NEW    cov: 156 ft: 270 corp: 30/99b lim: 17 exec/s: 974 rss: 52Mb L: 17/17 MS: 1 InsertRepeatedBytes-
#4096	pulse  cov: 156 ft: 270 corp: 30/99b lim: 17 exec/s: 1024 rss: 52Mb
#4149	NEW    cov: 156 ft: 272 corp: 31/116b lim: 17 exec/s: 1037 rss: 52Mb L: 17/17 MS: 2 ChangeBit-InsertRepeatedBytes-
#4394	NEW    cov: 156 ft: 287 corp: 32/124b lim: 17 exec/s: 1098 rss: 52Mb L: 8/17 MS: 5 InsertRepeatedBytes-ChangeByte-CrossOver-ChangeASCIIInt-InsertRepeatedBytes-
#4420	NEW    cov: 159 ft: 302 corp: 33/132b lim: 17 exec/s: 1105 rss: 52Mb L: 8/17 MS: 1 CopyPart-
#4444	REDUCE cov: 159 ft: 302 corp: 33/131b lim: 17 exec/s: 1111 rss: 52Mb L: 7/17 MS: 4 InsertByte-ChangeBit-InsertByte-EraseBytes-
#4615	NEW    cov: 184 ft: 336 corp: 34/138b lim: 17 exec/s: 923 rss: 52Mb L: 7/17 MS: 1 CrossOver-
#4694	NEW    cov: 186 ft: 339 corp: 35/143b lim: 17 exec/s: 938 rss: 52Mb L: 5/17 MS: 4 ChangeByte-PersAutoDict-ChangeByte-CrossOver- DE: "\000\000"-
#4702	NEW    cov: 186 ft: 379 corp: 36/159b lim: 17 exec/s: 940 rss: 52Mb L: 16/17 MS: 3 CopyPart-ChangeASCIIInt-CMP- DE: "\000\000\000\000\000\000\000\036"-
#4928	NEW    cov: 186 ft: 394 corp: 37/166b lim: 17 exec/s: 985 rss: 52Mb L: 7/17 MS: 1 ChangeBit-
#5030	NEW    cov: 187 ft: 395 corp: 38/173b lim: 17 exec/s: 1006 rss: 52Mb L: 7/17 MS: 2 ShuffleBytes-ChangeASCIIInt-
#5199	NEW    cov: 187 ft: 397 corp: 39/190b lim: 17 exec/s: 1039 rss: 52Mb L: 17/17 MS: 4 ChangeBinInt-ShuffleBytes-ChangeBinInt-CrossOver-
#5201	NEW    cov: 187 ft: 442 corp: 40/199b lim: 17 exec/s: 1040 rss: 52Mb L: 9/17 MS: 2 ChangeASCIIInt-CrossOver-
#5232	NEW    cov: 188 ft: 443 corp: 41/208b lim: 17 exec/s: 1046 rss: 52Mb L: 9/17 MS: 1 ChangeBinInt-
#5263	REDUCE cov: 188 ft: 443 corp: 41/207b lim: 17 exec/s: 1052 rss: 52Mb L: 8/17 MS: 1 EraseBytes-
#5309	NEW    cov: 188 ft: 447 corp: 42/224b lim: 17 exec/s: 1061 rss: 52Mb L: 17/17 MS: 1 CopyPart-
#5320	REDUCE cov: 188 ft: 447 corp: 42/222b lim: 17 exec/s: 1064 rss: 52Mb L: 5/17 MS: 1 EraseBytes-
#5326	NEW    cov: 189 ft: 448 corp: 43/231b lim: 17 exec/s: 1065 rss: 52Mb L: 9/17 MS: 1 ShuffleBytes-
#5371	NEW    cov: 189 ft: 449 corp: 44/244b lim: 17 exec/s: 1074 rss: 52Mb L: 13/17 MS: 5 ChangeByte-PersAutoDict-ChangeBinInt-InsertRepeatedBytes-CrossOver- DE: "\000\000"-
#5387	NEW    cov: 189 ft: 450 corp: 45/257b lim: 17 exec/s: 1077 rss: 52Mb L: 13/17 MS: 1 ChangeBinInt-
#5459	NEW    cov: 189 ft: 451 corp: 46/273b lim: 17 exec/s: 909 rss: 52Mb L: 16/17 MS: 2 ChangeByte-ChangeASCIIInt-
#5554	NEW    cov: 191 ft: 453 corp: 47/279b lim: 17 exec/s: 925 rss: 52Mb L: 6/17 MS: 5 InsertByte-ChangeBinInt-ChangeByte-CMP-InsertByte- DE: "ddd"-
#5577	REDUCE cov: 191 ft: 453 corp: 47/277b lim: 17 exec/s: 929 rss: 52Mb L: 4/17 MS: 3 CopyPart-ChangeBit-EraseBytes-
#5648	REDUCE cov: 191 ft: 453 corp: 47/276b lim: 17 exec/s: 941 rss: 52Mb L: 3/17 MS: 1 EraseBytes-
#6045	REDUCE cov: 191 ft: 453 corp: 47/274b lim: 17 exec/s: 1007 rss: 52Mb L: 11/17 MS: 2 ChangeASCIIInt-EraseBytes-
#6353	REDUCE cov: 191 ft: 453 corp: 47/268b lim: 17 exec/s: 907 rss: 52Mb L: 7/17 MS: 3 InsertByte-ChangeBit-EraseBytes-
#6436	REDUCE cov: 192 ft: 454 corp: 48/273b lim: 17 exec/s: 919 rss: 52Mb L: 5/17 MS: 3 CMP-EraseBytes-EraseBytes- DE: "local"-
#6687	NEW    cov: 192 ft: 456 corp: 49/282b lim: 17 exec/s: 955 rss: 52Mb L: 9/17 MS: 1 ShuffleBytes-
#6893	REDUCE cov: 192 ft: 456 corp: 49/281b lim: 17 exec/s: 984 rss: 52Mb L: 15/17 MS: 1 EraseBytes-
#7064	NEW    cov: 195 ft: 469 corp: 50/297b lim: 17 exec/s: 1009 rss: 52Mb L: 16/17 MS: 1 CrossOver-
#7155	NEW    cov: 195 ft: 470 corp: 51/304b lim: 17 exec/s: 1022 rss: 52Mb L: 7/17 MS: 1 EraseBytes-
#7221	NEW    cov: 195 ft: 471 corp: 52/313b lim: 17 exec/s: 1031 rss: 52Mb L: 9/17 MS: 1 CrossOver-
#7303	NEW    cov: 195 ft: 472 corp: 53/318b lim: 17 exec/s: 912 rss: 52Mb L: 5/17 MS: 2 ChangeByte-EraseBytes-
#7564	REDUCE cov: 195 ft: 472 corp: 53/317b lim: 17 exec/s: 945 rss: 52Mb L: 4/17 MS: 1 EraseBytes-
#7906	REDUCE cov: 195 ft: 472 corp: 53/316b lim: 17 exec/s: 988 rss: 52Mb L: 7/17 MS: 2 CrossOver-EraseBytes-
#8015	NEW    cov: 195 ft: 473 corp: 54/333b lim: 17 exec/s: 1001 rss: 52Mb L: 17/17 MS: 4 CopyPart-ChangeBit-ShuffleBytes-InsertRepeatedBytes-
#8166	REDUCE cov: 195 ft: 473 corp: 54/327b lim: 17 exec/s: 1020 rss: 52Mb L: 11/17 MS: 1 EraseBytes-
#8192	pulse  cov: 195 ft: 473 corp: 54/327b lim: 17 exec/s: 1024 rss: 52Mb
#8227	REDUCE cov: 195 ft: 473 corp: 54/323b lim: 17 exec/s: 1028 rss: 52Mb L: 13/17 MS: 1 EraseBytes-
#8363	REDUCE cov: 195 ft: 473 corp: 54/322b lim: 17 exec/s: 929 rss: 52Mb L: 10/17 MS: 1 EraseBytes-
#8444	NEW    cov: 195 ft: 476 corp: 55/339b lim: 17 exec/s: 938 rss: 52Mb L: 17/17 MS: 1 CrossOver-
#8665	REDUCE cov: 195 ft: 476 corp: 55/338b lim: 17 exec/s: 962 rss: 52Mb L: 3/17 MS: 1 EraseBytes-
#8696	REDUCE cov: 195 ft: 476 corp: 55/337b lim: 17 exec/s: 966 rss: 52Mb L: 12/17 MS: 1 EraseBytes-
#8707	REDUCE cov: 195 ft: 476 corp: 55/336b lim: 17 exec/s: 967 rss: 52Mb L: 8/17 MS: 1 CrossOver-
#8791	REDUCE cov: 195 ft: 476 corp: 55/332b lim: 17 exec/s: 976 rss: 52Mb L: 8/17 MS: 4 PersAutoDict-ChangeBinInt-ChangeByte-EraseBytes- DE: "ddd"-
#8801	REDUCE cov: 196 ft: 477 corp: 56/349b lim: 17 exec/s: 977 rss: 52Mb L: 17/17 MS: 5 InsertByte-ChangeASCIIInt-InsertByte-ChangeBinInt-CrossOver-
#8808	REDUCE cov: 196 ft: 478 corp: 57/354b lim: 17 exec/s: 978 rss: 52Mb L: 5/17 MS: 2 CrossOver-EraseBytes-
#8949	REDUCE cov: 196 ft: 478 corp: 57/351b lim: 17 exec/s: 994 rss: 52Mb L: 14/17 MS: 1 EraseBytes-
#8981	REDUCE cov: 196 ft: 478 corp: 57/350b lim: 17 exec/s: 997 rss: 52Mb L: 16/17 MS: 2 CopyPart-EraseBytes-
#9299	NEW    cov: 197 ft: 479 corp: 58/358b lim: 17 exec/s: 929 rss: 52Mb L: 8/17 MS: 3 ChangeBit-InsertRepeatedBytes-EraseBytes-
#9742	REDUCE cov: 197 ft: 481 corp: 59/368b lim: 21 exec/s: 974 rss: 52Mb L: 10/17 MS: 3 ChangeASCIIInt-CopyPart-ChangeByte-
#9777	REDUCE cov: 198 ft: 482 corp: 60/379b lim: 21 exec/s: 977 rss: 52Mb L: 11/17 MS: 5 ChangeBit-InsertByte-InsertByte-ChangeBit-InsertByte-
#9863	NEW    cov: 198 ft: 483 corp: 61/397b lim: 21 exec/s: 986 rss: 52Mb L: 18/18 MS: 1 InsertByte-
#9925	REDUCE cov: 198 ft: 483 corp: 61/395b lim: 21 exec/s: 992 rss: 52Mb L: 6/18 MS: 2 ChangeBit-EraseBytes-
#10128	REDUCE cov: 198 ft: 484 corp: 62/406b lim: 21 exec/s: 1012 rss: 52Mb L: 11/18 MS: 3 ChangeByte-ChangeBinInt-CrossOver-
#10198	DONE   cov: 198 ft: 484 corp: 62/406b lim: 21 exec/s: 927 rss: 52Mb
###### Recommended dictionary. ######
"\000\000" # Uses: 421
"\000\000\000\000\000\000\000\036" # Uses: 95
"ddd" # Uses: 108
"local" # Uses: 76
###### End of recommended dictionary. ######
Done 10198 runs in 11 second(s)
