INFO: Instrumenting IPython
INFO: Instrumenting IPython.core
INFO: Instrumenting IPython.core.getipython
INFO: Instrumenting IPython.core.release
INFO: Instrumenting IPython.core.application
INFO: Instrumenting traitlets
INFO: Instrumenting __future__
INFO: Instrumenting traitlets.traitlets
INFO: Instrumenting traitlets.utils
INFO: Instrumenting traitlets.utils.bunch
INFO: Instrumenting traitlets.utils.descriptions
INFO: Instrumenting traitlets.utils.getargspec
INFO: Instrumenting traitlets.utils.importstring
INFO: Instrumenting traitlets.utils.sentinel
INFO: Instrumenting traitlets.utils.warnings
INFO: Instrumenting traitlets._version
INFO: Instrumenting traitlets.utils.decorators
INFO: Instrumenting traitlets.config
INFO: Instrumenting traitlets.config.application
INFO: Instrumenting json
INFO: Instrumenting json.decoder
INFO: Instrumenting json.scanner
INFO: Instrumenting json.encoder
INFO: Instrumenting pprint
INFO: Instrumenting logging.config
INFO: Instrumenting logging.handlers
INFO: Instrumenting socket
INFO: Instrumenting selectors
INFO: Instrumenting pickle
INFO: Instrumenting struct
INFO: Instrumenting _compat_pickle
INFO: Instrumenting queue
INFO: Instrumenting heapq
INFO: Instrumenting socketserver
INFO: Instrumenting traitlets.config.configurable
INFO: Instrumenting traitlets.utils.text
INFO: Instrumenting traitlets.config.loader
INFO: Instrumenting argparse
INFO: Instrumenting gettext
INFO: Instrumenting traitlets.utils.nested_update
INFO: Instrumenting IPython.core.crashhandler
INFO: Instrumenting IPython.core.ultratb
INFO: Instrumenting stack_data
INFO: Instrumenting stack_data.core
INFO: Instrumenting html
INFO: Instrumenting html.entities
INFO: Instrumenting executing
INFO: Instrumenting executing.executing
INFO: Instrumenting executing._utils
INFO: Instrumenting executing._position_node_finder
INFO: Instrumenting executing._exceptions
INFO: Instrumenting executing._pytest_utils
INFO: Instrumenting executing.version
INFO: Instrumenting asttokens
INFO: Instrumenting asttokens.line_numbers
INFO: Instrumenting asttokens.asttokens
INFO: Instrumenting asttokens.util
INFO: Instrumenting pure_eval
INFO: Instrumenting pure_eval.core
INFO: Instrumenting pure_eval.my_getattr_static
INFO: Instrumenting pure_eval.utils
INFO: Instrumenting datetime
INFO: Instrumenting decimal
INFO: Instrumenting numbers
INFO: Instrumenting fractions
INFO: Instrumenting pure_eval.version
INFO: Instrumenting stack_data.utils
INFO: Instrumenting stack_data.formatting
INFO: Instrumenting stack_data.serializing
INFO: Instrumenting stack_data.version
INFO: Instrumenting pygments
INFO: Instrumenting pygments.formatters
INFO: Instrumenting pygments.formatters._mapping
INFO: Instrumenting pygments.plugin
INFO: Instrumenting importlib.metadata
INFO: Instrumenting csv
INFO: Instrumenting email
INFO: Instrumenting zipfile
INFO: Instrumenting importlib.util
WARNING: It looks like this module is imported by a custom loader. Atheris has experimental support for this. However, it may be incompatible with certain libraries. If you experience unusual errors or poor coverage collection, try atheris.instrument_all() instead, add enable_loader_override=False to instrument_imports(), or file an issue on GitHub.
INFO: Instrumenting importlib.metadata._adapters
INFO: Instrumenting email.message
INFO: Instrumenting quopri
INFO: Instrumenting email.utils
INFO: Instrumenting email._parseaddr
INFO: Instrumenting calendar
INFO: Instrumenting locale
INFO: Instrumenting _locale
INFO: Instrumenting email.charset
INFO: Instrumenting email.base64mime
INFO: Instrumenting base64
INFO: Instrumenting email.quoprimime
INFO: Instrumenting email.errors
INFO: Instrumenting email.encoders
INFO: Instrumenting email._policybase
INFO: Instrumenting email.header
INFO: Instrumenting email._encoded_words
INFO: Instrumenting email.iterators
INFO: Instrumenting importlib.metadata._text
INFO: Instrumenting importlib.metadata._functools
INFO: Instrumenting importlib.metadata._meta
INFO: Instrumenting importlib.metadata._collections
INFO: Instrumenting importlib.metadata._itertools
INFO: Instrumenting pygments.util
INFO: Instrumenting pygments.formatters.terminal256
INFO: Instrumenting pygments.formatter
INFO: Instrumenting pygments.styles
INFO: Instrumenting pygments.styles._mapping
INFO: Instrumenting pygments.console
INFO: Instrumenting pygments.style
INFO: Instrumenting pygments.token
INFO: Instrumenting IPython.utils
INFO: Instrumenting IPython.utils.path
INFO: Instrumenting glob
INFO: Instrumenting IPython.utils.process
INFO: Instrumenting IPython.utils._process_posix
INFO: Instrumenting subprocess
INFO: Instrumenting signal
INFO: Instrumenting IPython.utils._process_common
INFO: Instrumenting shlex
INFO: Instrumenting IPython.utils.py3compat
INFO: Instrumenting platform
INFO: Instrumenting IPython.utils.encoding
INFO: Instrumenting IPython.utils.PyColorize
INFO: Instrumenting pygments.styles.monokai
INFO: Instrumenting pygments.styles.default
INFO: Instrumenting pygments.styles.pastie
INFO: Instrumenting pygments.styles.gruvbox
INFO: Instrumenting IPython.utils.terminal
INFO: Instrumenting IPython.core.display_trap
INFO: Instrumenting IPython.core.doctb
INFO: Instrumenting IPython.core.tbtools
INFO: Instrumenting pydoc
INFO: Instrumenting pkgutil
INFO: Instrumenting sysconfig
INFO: Instrumenting _sysconfigdata__linux_x86_64-linux-gnu
INFO: Instrumenting IPython.core.debugger
INFO: Instrumenting IPython.core.debugger_backport
INFO: Instrumenting codeop
INFO: Instrumenting pdb
INFO: Instrumenting cmd
INFO: Instrumenting bdb
INFO: Instrumenting code
INFO: Instrumenting IPython.utils.sysinfo
INFO: Instrumenting IPython.utils._sysinfo
INFO: Instrumenting IPython.core.profiledir
INFO: Instrumenting IPython.paths
INFO: Instrumenting IPython.utils.importstring
INFO: Instrumenting IPython.terminal
INFO: Instrumenting IPython.terminal.embed
INFO: Instrumenting IPython.core.compilerop
INFO: Instrumenting hashlib
INFO: Instrumenting IPython.core.magic_arguments
INFO: Instrumenting IPython.core.error
INFO: Instrumenting IPython.utils.decorators
INFO: Instrumenting IPython.utils.docs
INFO: Instrumenting IPython.utils.text
INFO: Instrumenting IPython.core.magic
INFO: Instrumenting getopt
INFO: Instrumenting IPython.core.oinspect
INFO: Instrumenting IPython.core.page
INFO: Instrumenting IPython.display
INFO: Instrumenting IPython.core.display_functions
INFO: Instrumenting IPython.core.display
INFO: Instrumenting mimetypes
INFO: Instrumenting IPython.testing
INFO: Instrumenting IPython.testing.skipdoctest
INFO: Instrumenting IPython.lib
INFO: Instrumenting IPython.lib.display
INFO: Instrumenting IPython.utils.data
INFO: Instrumenting IPython.lib.pretty
INFO: Instrumenting IPython.utils.openpy
INFO: Instrumenting IPython.utils.dir2
INFO: Instrumenting IPython.utils.wildcard
INFO: Instrumenting pygments.lexers
INFO: Instrumenting pygments.lexers._mapping
INFO: Instrumenting pygments.modeline
INFO: Instrumenting pygments.lexers.python
INFO: Instrumenting pygments.lexer
INFO: Instrumenting pygments.filter
INFO: Instrumenting pygments.filters
INFO: Instrumenting pygments.regexopt
INFO: Instrumenting pygments.unistring
INFO: Instrumenting pygments.formatters.html
INFO: Instrumenting IPython.core.inputtransformer2
INFO: Instrumenting IPython.utils.tokenutil
INFO: Instrumenting IPython.utils.ipstruct
INFO: Instrumenting IPython.core.interactiveshell
INFO: Instrumenting runpy
INFO: Instrumenting IPython.external
INFO: Instrumenting IPython.external.pickleshare
INFO: Instrumenting IPython.core.hooks
INFO: Instrumenting IPython.core.prefilter
INFO: Instrumenting IPython.core.autocall
INFO: Instrumenting IPython.core.macro
INFO: Instrumenting IPython.core.splitinput
INFO: Instrumenting IPython.core.alias
INFO: Instrumenting IPython.core.builtin_trap
INFO: Instrumenting IPython.core.displayhook
INFO: Instrumenting IPython.core.history
INFO: Instrumenting decorator
INFO: Instrumenting sqlite3
INFO: Instrumenting sqlite3.dbapi2
INFO: Instrumenting IPython.core.displaypub
INFO: Instrumenting IPython.core.events
INFO: Instrumenting IPython.core.extensions
INFO: Instrumenting IPython.core.formatters
INFO: Instrumenting IPython.utils.sentinel
INFO: Instrumenting IPython.core.logger
INFO: Instrumenting IPython.core.payload
INFO: Instrumenting IPython.core.tips
INFO: Instrumenting IPython.core.usage
INFO: Instrumenting IPython.utils.io
INFO: Instrumenting IPython.utils.capture
INFO: Instrumenting IPython.utils.strdispatch
INFO: Instrumenting IPython.utils.syspathcontext
INFO: Instrumenting IPython.core.async_helpers
INFO: Instrumenting asyncio
INFO: Instrumenting asyncio.base_events
INFO: Instrumenting concurrent
INFO: Instrumenting concurrent.futures
INFO: Instrumenting concurrent.futures._base
INFO: Instrumenting ssl
INFO: Instrumenting asyncio.constants
INFO: Instrumenting asyncio.coroutines
INFO: Instrumenting asyncio.events
INFO: Instrumenting contextvars
INFO: Instrumenting asyncio.format_helpers
INFO: Instrumenting asyncio.base_futures
INFO: Instrumenting asyncio.exceptions
INFO: Instrumenting asyncio.base_tasks
INFO: Instrumenting asyncio.futures
INFO: Instrumenting asyncio.protocols
INFO: Instrumenting asyncio.sslproto
INFO: Instrumenting asyncio.transports
INFO: Instrumenting asyncio.log
INFO: Instrumenting asyncio.staggered
INFO: Instrumenting asyncio.locks
INFO: Instrumenting asyncio.mixins
INFO: Instrumenting asyncio.tasks
INFO: Instrumenting asyncio.trsock
INFO: Instrumenting asyncio.runners
INFO: Instrumenting asyncio.queues
INFO: Instrumenting asyncio.streams
INFO: Instrumenting asyncio.subprocess
INFO: Instrumenting asyncio.taskgroups
INFO: Instrumenting asyncio.timeouts
INFO: Instrumenting asyncio.threads
INFO: Instrumenting asyncio.unix_events
INFO: Instrumenting asyncio.base_subprocess
INFO: Instrumenting asyncio.selector_events
INFO: Instrumenting IPython.terminal.interactiveshell
INFO: Instrumenting prompt_toolkit
INFO: Instrumenting prompt_toolkit.application
INFO: Instrumenting prompt_toolkit.application.application
INFO: Instrumenting prompt_toolkit.buffer
INFO: Instrumenting prompt_toolkit.application.current
INFO: Instrumenting prompt_toolkit.application.run_in_terminal
INFO: Instrumenting prompt_toolkit.eventloop
INFO: Instrumenting prompt_toolkit.eventloop.async_generator
INFO: Instrumenting prompt_toolkit.eventloop.utils
INFO: Instrumenting prompt_toolkit.eventloop.inputhook
INFO: Instrumenting prompt_toolkit.auto_suggest
INFO: Instrumenting prompt_toolkit.document
INFO: Instrumenting prompt_toolkit.clipboard
INFO: Instrumenting prompt_toolkit.clipboard.base
INFO: Instrumenting prompt_toolkit.selection
INFO: Instrumenting prompt_toolkit.clipboard.in_memory
INFO: Instrumenting prompt_toolkit.filters
INFO: Instrumenting prompt_toolkit.filters.app
INFO: Instrumenting prompt_toolkit.cache
INFO: Instrumenting prompt_toolkit.enums
INFO: Instrumenting prompt_toolkit.filters.base
INFO: Instrumenting prompt_toolkit.filters.cli
INFO: Instrumenting prompt_toolkit.filters.utils
INFO: Instrumenting prompt_toolkit.completion
INFO: Instrumenting prompt_toolkit.completion.base
INFO: Instrumenting prompt_toolkit.formatted_text
INFO: Instrumenting prompt_toolkit.formatted_text.ansi
INFO: Instrumenting prompt_toolkit.output
INFO: Instrumenting prompt_toolkit.output.base
INFO: Instrumenting prompt_toolkit.cursor_shapes
INFO: Instrumenting prompt_toolkit.key_binding
INFO: Instrumenting prompt_toolkit.key_binding.key_bindings
INFO: Instrumenting prompt_toolkit.keys
INFO: Instrumenting prompt_toolkit.key_binding.key_processor
INFO: Instrumenting prompt_toolkit.utils
INFO: Instrumenting wcwidth
INFO: Instrumenting wcwidth.wcwidth
INFO: Instrumenting wcwidth.bisearch
INFO: Instrumenting wcwidth.grapheme
INFO: Instrumenting wcwidth.table_grapheme
INFO: Instrumenting wcwidth.sgr_state
INFO: Instrumenting wcwidth.table_vs16
INFO: Instrumenting wcwidth.table_wide
INFO: Instrumenting wcwidth.table_zero
INFO: Instrumenting wcwidth.control_codes
INFO: Instrumenting wcwidth.table_ambiguous
INFO: Instrumenting wcwidth.escape_sequences
INFO: Instrumenting wcwidth.unicode_versions
INFO: Instrumenting wcwidth.textwrap
INFO: Instrumenting secrets
INFO: Instrumenting hmac
INFO: Instrumenting prompt_toolkit.key_binding.vi_state
INFO: Instrumenting prompt_toolkit.data_structures
INFO: Instrumenting prompt_toolkit.styles
INFO: Instrumenting prompt_toolkit.styles.base
INFO: Instrumenting prompt_toolkit.styles.defaults
INFO: Instrumenting prompt_toolkit.styles.named_colors
INFO: Instrumenting prompt_toolkit.styles.style
INFO: Instrumenting prompt_toolkit.styles.pygments
INFO: Instrumenting prompt_toolkit.styles.style_transformation
INFO: Instrumenting colorsys
INFO: Instrumenting prompt_toolkit.output.color_depth
INFO: Instrumenting prompt_toolkit.output.defaults
INFO: Instrumenting prompt_toolkit.output.plain_text
INFO: Instrumenting prompt_toolkit.output.flush_stdout
INFO: Instrumenting prompt_toolkit.output.vt100
INFO: Instrumenting prompt_toolkit.formatted_text.base
INFO: Instrumenting prompt_toolkit.mouse_events
INFO: Instrumenting prompt_toolkit.formatted_text.html
INFO: Instrumenting xml
INFO: Instrumenting xml.dom
INFO: Instrumenting xml.dom.domreg
INFO: Instrumenting xml.dom.minidom
INFO: Instrumenting xml.dom.minicompat
INFO: Instrumenting xml.dom.xmlbuilder
INFO: Instrumenting xml.dom.NodeFilter
INFO: Instrumenting prompt_toolkit.formatted_text.pygments
INFO: Instrumenting prompt_toolkit.formatted_text.utils
INFO: Instrumenting prompt_toolkit.completion.deduplicate
INFO: Instrumenting prompt_toolkit.completion.filesystem
INFO: Instrumenting prompt_toolkit.completion.fuzzy_completer
INFO: Instrumenting prompt_toolkit.completion.word_completer
INFO: Instrumenting prompt_toolkit.completion.nested
INFO: Instrumenting prompt_toolkit.history
INFO: Instrumenting prompt_toolkit.search
INFO: Instrumenting prompt_toolkit.validation
INFO: Instrumenting prompt_toolkit.input
INFO: Instrumenting prompt_toolkit.input.base
INFO: Instrumenting prompt_toolkit.input.defaults
INFO: Instrumenting prompt_toolkit.input.typeahead
INFO: Instrumenting prompt_toolkit.key_binding.bindings
INFO: Instrumenting prompt_toolkit.key_binding.bindings.page_navigation
INFO: Instrumenting prompt_toolkit.key_binding.bindings.scroll
INFO: Instrumenting prompt_toolkit.key_binding.defaults
INFO: Instrumenting prompt_toolkit.key_binding.bindings.basic
INFO: Instrumenting prompt_toolkit.key_binding.bindings.named_commands
INFO: Instrumenting prompt_toolkit.layout
INFO: Instrumenting prompt_toolkit.layout.containers
INFO: Instrumenting prompt_toolkit.layout.controls
INFO: Instrumenting prompt_toolkit.lexers
INFO: Instrumenting prompt_toolkit.lexers.base
INFO: Instrumenting prompt_toolkit.lexers.pygments
INFO: Instrumenting prompt_toolkit.layout.processors
INFO: Instrumenting prompt_toolkit.layout.utils
INFO: Instrumenting prompt_toolkit.layout.dimension
INFO: Instrumenting prompt_toolkit.layout.margins
INFO: Instrumenting prompt_toolkit.layout.mouse_handlers
INFO: Instrumenting prompt_toolkit.layout.screen
INFO: Instrumenting prompt_toolkit.layout.layout
INFO: Instrumenting prompt_toolkit.layout.menus
INFO: Instrumenting prompt_toolkit.layout.scrollable_pane
INFO: Instrumenting prompt_toolkit.key_binding.bindings.completion
INFO: Instrumenting prompt_toolkit.key_binding.bindings.cpr
INFO: Instrumenting prompt_toolkit.key_binding.bindings.emacs
INFO: Instrumenting prompt_toolkit.key_binding.bindings.mouse
INFO: Instrumenting prompt_toolkit.key_binding.bindings.vi
INFO: Instrumenting prompt_toolkit.input.vt100_parser
INFO: Instrumenting prompt_toolkit.input.ansi_escape_sequences
INFO: Instrumenting prompt_toolkit.key_binding.digraphs
INFO: Instrumenting prompt_toolkit.key_binding.emacs_state
INFO: Instrumenting prompt_toolkit.layout.dummy
INFO: Instrumenting prompt_toolkit.renderer
INFO: Instrumenting prompt_toolkit.application.dummy
INFO: Instrumenting prompt_toolkit.shortcuts
INFO: Instrumenting prompt_toolkit.shortcuts.choice_input
INFO: Instrumenting prompt_toolkit.widgets
INFO: Instrumenting prompt_toolkit.widgets.base
INFO: Instrumenting prompt_toolkit.widgets.toolbars
INFO: Instrumenting prompt_toolkit.widgets.dialogs
INFO: Instrumenting prompt_toolkit.key_binding.bindings.focus
INFO: Instrumenting prompt_toolkit.widgets.menus
INFO: Instrumenting prompt_toolkit.shortcuts.dialogs
INFO: Instrumenting prompt_toolkit.shortcuts.progress_bar
INFO: Instrumenting prompt_toolkit.shortcuts.progress_bar.base
INFO: Instrumenting prompt_toolkit.shortcuts.progress_bar.formatters
INFO: Instrumenting xml.dom.expatbuilder
INFO: Instrumenting xml.parsers
INFO: Instrumenting xml.parsers.expat
INFO: Instrumenting prompt_toolkit.shortcuts.prompt
INFO: Instrumenting prompt_toolkit.key_binding.bindings.auto_suggest
INFO: Instrumenting prompt_toolkit.key_binding.bindings.open_in_editor
INFO: Instrumenting prompt_toolkit.shortcuts.utils
INFO: Instrumenting email.parser
INFO: Instrumenting email.feedparser
INFO: Instrumenting prompt_toolkit.patch_stdout
INFO: Instrumenting IPython.terminal.debugger
INFO: Instrumenting IPython.core.completer
INFO: Instrumenting uuid
INFO: Instrumenting IPython.core.guarded_eval
INFO: Instrumenting typing_extensions
INFO: Instrumenting IPython.core.latex_symbols
INFO: Instrumenting IPython.utils.generics
INFO: Instrumenting jedi
INFO: Instrumenting jedi.api
INFO: Instrumenting parso
INFO: Instrumenting parso.parser
INFO: Instrumenting parso.tree
INFO: Instrumenting parso.utils
INFO: Instrumenting parso.pgen2
INFO: Instrumenting parso.pgen2.generator
INFO: Instrumenting parso.pgen2.grammar_parser
INFO: Instrumenting parso.python
INFO: Instrumenting parso.python.tokenize
INFO: Instrumenting parso.python.token
INFO: Instrumenting parso.grammar
INFO: Instrumenting parso._compatibility
INFO: Instrumenting parso.python.diff
INFO: Instrumenting difflib
INFO: Instrumenting parso.python.parser
INFO: Instrumenting parso.python.tree
INFO: Instrumenting parso.python.prefix
INFO: Instrumenting parso.cache
INFO: Instrumenting parso.python.errors
INFO: Instrumenting parso.normalizer
INFO: Instrumenting parso.python.pep8
INFO: Instrumenting parso.file_io
INFO: Instrumenting jedi.parser_utils
INFO: Instrumenting jedi.debug
INFO: Instrumenting jedi.settings
INFO: Instrumenting jedi.cache
INFO: Instrumenting jedi.file_io
INFO: Instrumenting jedi.api.classes
INFO: Instrumenting jedi.inference
INFO: Instrumenting jedi.inference.imports
INFO: Instrumenting jedi.inference.sys_path
INFO: Instrumenting jedi.inference.cache
INFO: Instrumenting jedi.inference.base_value
INFO: Instrumenting jedi.inference.helpers
INFO: Instrumenting jedi.inference.utils
INFO: Instrumenting jedi.inference.compiled
INFO: Instrumenting jedi.inference.compiled.value
INFO: Instrumenting jedi.inference.filters
INFO: Instrumenting jedi.inference.flow_analysis
INFO: Instrumenting jedi.inference.recursion
INFO: Instrumenting jedi.inference.names
INFO: Instrumenting jedi.inference.docstrings
INFO: Instrumenting jedi.inference.lazy_value
INFO: Instrumenting jedi.common
INFO: Instrumenting jedi.plugins
INFO: Instrumenting jedi.inference.compiled.access
INFO: Instrumenting jedi.inference.compiled.getattr_static
INFO: Instrumenting jedi.inference.signature
INFO: Instrumenting jedi.inference.context
INFO: Instrumenting jedi.inference.analysis
INFO: Instrumenting jedi.inference.gradual
INFO: Instrumenting jedi.inference.gradual.typeshed
INFO: Instrumenting jedi.inference.gradual.stub_value
INFO: Instrumenting jedi.inference.value
INFO: Instrumenting jedi.inference.value.module
INFO: Instrumenting jedi.inference.value.klass
INFO: Instrumenting jedi.inference.arguments
INFO: Instrumenting jedi.inference.value.iterable
INFO: Instrumenting jedi.inference.value.dynamic_arrays
INFO: Instrumenting jedi.inference.value.function
INFO: Instrumenting jedi.inference.parser_cache
INFO: Instrumenting jedi.inference.gradual.generics
INFO: Instrumenting jedi.inference.value.instance
INFO: Instrumenting jedi.inference.gradual.typing
INFO: Instrumenting jedi.inference.gradual.base
INFO: Instrumenting jedi.inference.gradual.type_var
INFO: Instrumenting jedi.inference.compiled.subprocess
INFO: Instrumenting jedi._compatibility
INFO: Instrumenting jedi.inference.compiled.subprocess.functions
INFO: Instrumenting jedi.api.exceptions
INFO: Instrumenting jedi.inference.syntax_tree
INFO: Instrumenting jedi.inference.gradual.annotation
INFO: Instrumenting jedi.inference.param
INFO: Instrumenting jedi.inference.value.decorator
INFO: Instrumenting jedi.inference.compiled.mixed
INFO: Instrumenting jedi.inference.gradual.conversion
INFO: Instrumenting jedi.api.keywords
INFO: Instrumenting pydoc_data
INFO: Instrumenting pydoc_data.topics
INFO: Instrumenting jedi.api.completion_cache
INFO: Instrumenting jedi.api.helpers
INFO: Instrumenting jedi.api.interpreter
INFO: Instrumenting jedi.api.completion
INFO: Instrumenting jedi.api.strings
INFO: Instrumenting jedi.api.file_name
INFO: Instrumenting jedi.inference.docstring_utils
INFO: Instrumenting jedi.api.environment
INFO: Instrumenting filecmp
INFO: Instrumenting jedi.api.project
INFO: Instrumenting jedi.inference.references
INFO: Instrumenting jedi.api.errors
INFO: Instrumenting jedi.api.refactoring
INFO: Instrumenting jedi.inference.value.namespace
INFO: Instrumenting jedi.api.refactoring.extract
INFO: Instrumenting jedi.inference.gradual.utils
INFO: Instrumenting jedi.plugins.registry
INFO: Instrumenting jedi.plugins.stdlib
INFO: Instrumenting jedi.plugins.flask
INFO: Instrumenting jedi.plugins.pytest
INFO: Instrumenting jedi.plugins.django
INFO: Instrumenting IPython.terminal.ptutils
INFO: Instrumenting IPython.terminal.shortcuts
INFO: Instrumenting IPython.terminal.shortcuts.auto_match
INFO: Instrumenting IPython.terminal.shortcuts.auto_suggest
INFO: Instrumenting IPython.terminal.shortcuts.filters
INFO: Instrumenting concurrent.futures.thread
INFO: Instrumenting IPython.terminal.magics
INFO: Instrumenting IPython.lib.clipboard
INFO: Instrumenting IPython.terminal.pt_inputhooks
INFO: Instrumenting IPython.terminal.prompts
INFO: Instrumenting IPython.terminal.ipapp
INFO: Instrumenting IPython.core.magics
INFO: Instrumenting IPython.core.magics.auto
INFO: Instrumenting IPython.core.magics.basic
INFO: Instrumenting IPython.core.magics.code
INFO: Instrumenting urllib.request
INFO: Instrumenting http
INFO: Instrumenting http.client
INFO: Instrumenting urllib.error
INFO: Instrumenting urllib.response
INFO: Instrumenting IPython.utils.contexts
INFO: Instrumenting IPython.core.magics.config
INFO: Instrumenting IPython.core.magics.display
INFO: Instrumenting IPython.core.magics.execution
INFO: Instrumenting cProfile
INFO: Instrumenting profile
INFO: Instrumenting pstats
INFO: Instrumenting timeit
INFO: Instrumenting IPython.utils.module_paths
INFO: Instrumenting IPython.utils.timing
INFO: Instrumenting IPython.core.magics.ast_mod
INFO: Instrumenting IPython.core.magics.extension
INFO: Instrumenting IPython.core.magics.history
INFO: Instrumenting IPython.core.magics.logging
INFO: Instrumenting IPython.core.magics.namespace
INFO: Instrumenting IPython.core.magics.osm
INFO: Instrumenting IPython.core.magics.packaging
INFO: Instrumenting IPython.core.magics.pylab
INFO: Instrumenting IPython.core.magics.script
INFO: Instrumenting IPython.core.shellapp
INFO: Instrumenting IPython.extensions
INFO: Instrumenting IPython.extensions.storemagic
INFO: Instrumenting IPython.utils.frame
INFO: Using built-in libfuzzer
WARNING: Failed to find function "__sanitizer_acquire_crash_state".
WARNING: Failed to find function "__sanitizer_print_stack_trace".
WARNING: Failed to find function "__sanitizer_set_death_callback".
INFO: Running with entropic power schedule (0xFF, 100).
INFO: Seed: 2109540618
INFO: -max_len is not provided; libFuzzer will not generate inputs larger than 4096 bytes
INFO: A corpus is not provided, starting from an empty corpus
#2	INITED cov: 86 ft: 86 corp: 1/1b exec/s: 0 rss: 84Mb
#6	NEW    cov: 87 ft: 95 corp: 2/3b lim: 4 exec/s: 0 rss: 84Mb L: 2/2 MS: 4 CopyPart-CopyPart-ChangeBinInt-ChangeByte-
#18	NEW    cov: 88 ft: 106 corp: 3/6b lim: 4 exec/s: 0 rss: 84Mb L: 3/3 MS: 2 ChangeBinInt-CrossOver-
#23	NEW    cov: 88 ft: 110 corp: 4/10b lim: 4 exec/s: 0 rss: 84Mb L: 4/4 MS: 5 ShuffleBytes-ChangeByte-CMP-ChangeBinInt-CrossOver- DE: "\001\000"-
#29	NEW    cov: 111 ft: 191 corp: 5/14b lim: 4 exec/s: 0 rss: 84Mb L: 4/4 MS: 1 ChangeByte-
#38	NEW    cov: 111 ft: 193 corp: 6/18b lim: 4 exec/s: 0 rss: 84Mb L: 4/4 MS: 4 EraseBytes-CrossOver-CopyPart-ChangeBit-
#46	NEW    cov: 112 ft: 194 corp: 7/22b lim: 4 exec/s: 0 rss: 84Mb L: 4/4 MS: 3 CrossOver-ChangeByte-CopyPart-
#49	NEW    cov: 112 ft: 196 corp: 8/24b lim: 4 exec/s: 0 rss: 84Mb L: 2/4 MS: 3 CopyPart-CopyPart-EraseBytes-
#147	NEW    cov: 115 ft: 219 corp: 9/28b lim: 4 exec/s: 0 rss: 84Mb L: 4/4 MS: 3 CrossOver-ChangeByte-ChangeBinInt-
#188	NEW    cov: 117 ft: 221 corp: 10/32b lim: 4 exec/s: 0 rss: 84Mb L: 4/4 MS: 1 ShuffleBytes-
#219	REDUCE cov: 117 ft: 221 corp: 10/31b lim: 4 exec/s: 0 rss: 84Mb L: 3/4 MS: 1 EraseBytes-
#236	NEW    cov: 118 ft: 224 corp: 11/34b lim: 4 exec/s: 0 rss: 84Mb L: 3/4 MS: 2 ChangeByte-ChangeBinInt-
#252	NEW    cov: 118 ft: 231 corp: 12/38b lim: 4 exec/s: 0 rss: 84Mb L: 4/4 MS: 1 ChangeByte-
#261	NEW    cov: 119 ft: 236 corp: 13/42b lim: 4 exec/s: 0 rss: 84Mb L: 4/4 MS: 4 PersAutoDict-CrossOver-ShuffleBytes-ChangeBit- DE: "\001\000"-
#262	NEW    cov: 121 ft: 241 corp: 14/46b lim: 4 exec/s: 0 rss: 84Mb L: 4/4 MS: 1 ChangeByte-
#286	REDUCE cov: 126 ft: 250 corp: 15/50b lim: 4 exec/s: 0 rss: 84Mb L: 4/4 MS: 4 ChangeByte-ShuffleBytes-InsertByte-ChangeByte-
#312	NEW    cov: 126 ft: 252 corp: 16/52b lim: 4 exec/s: 0 rss: 84Mb L: 2/4 MS: 1 EraseBytes-
#388	REDUCE cov: 126 ft: 252 corp: 16/51b lim: 4 exec/s: 0 rss: 84Mb L: 3/4 MS: 1 EraseBytes-
#419	NEW    cov: 126 ft: 253 corp: 17/55b lim: 4 exec/s: 0 rss: 84Mb L: 4/4 MS: 1 CrossOver-
#433	NEW    cov: 126 ft: 255 corp: 18/59b lim: 4 exec/s: 0 rss: 84Mb L: 4/4 MS: 4 CopyPart-ChangeASCIIInt-ChangeBit-ChangeBit-
#457	REDUCE cov: 126 ft: 255 corp: 18/58b lim: 4 exec/s: 0 rss: 84Mb L: 3/4 MS: 4 EraseBytes-CopyPart-CopyPart-ChangeBinInt-
#463	REDUCE cov: 129 ft: 260 corp: 19/61b lim: 4 exec/s: 0 rss: 84Mb L: 3/4 MS: 1 ShuffleBytes-
#470	REDUCE cov: 129 ft: 260 corp: 19/60b lim: 4 exec/s: 0 rss: 84Mb L: 2/4 MS: 2 ShuffleBytes-EraseBytes-
#514	NEW    cov: 129 ft: 262 corp: 20/64b lim: 4 exec/s: 0 rss: 84Mb L: 4/4 MS: 4 CopyPart-CopyPart-ShuffleBytes-CopyPart-
#547	NEW    cov: 134 ft: 268 corp: 21/67b lim: 4 exec/s: 0 rss: 84Mb L: 3/4 MS: 3 ShuffleBytes-EraseBytes-InsertByte-
#568	NEW    cov: 134 ft: 269 corp: 22/69b lim: 4 exec/s: 0 rss: 84Mb L: 2/4 MS: 1 EraseBytes-
#571	NEW    cov: 134 ft: 277 corp: 23/73b lim: 4 exec/s: 0 rss: 84Mb L: 4/4 MS: 3 ChangeBit-CrossOver-ChangeByte-
#584	REDUCE cov: 135 ft: 278 corp: 24/75b lim: 4 exec/s: 0 rss: 84Mb L: 2/4 MS: 3 ChangeBit-ChangeBinInt-ChangeByte-
#588	NEW    cov: 135 ft: 279 corp: 25/78b lim: 4 exec/s: 0 rss: 84Mb L: 3/4 MS: 4 CopyPart-CopyPart-ShuffleBytes-EraseBytes-
#639	REDUCE cov: 135 ft: 279 corp: 25/77b lim: 4 exec/s: 0 rss: 84Mb L: 3/4 MS: 1 EraseBytes-
#667	REDUCE cov: 137 ft: 281 corp: 26/81b lim: 4 exec/s: 0 rss: 84Mb L: 4/4 MS: 3 InsertByte-ChangeBit-ChangeByte-
#671	NEW    cov: 137 ft: 330 corp: 27/85b lim: 4 exec/s: 0 rss: 84Mb L: 4/4 MS: 4 ShuffleBytes-ChangeBit-PersAutoDict-CopyPart- DE: "\001\000"-
#682	REDUCE cov: 137 ft: 330 corp: 27/84b lim: 4 exec/s: 0 rss: 84Mb L: 3/4 MS: 1 EraseBytes-
/app/ipython/IPython/core/inputtransformer2.py:608: UserWarning: `make_tokens_by_line` received a list of lines which do not have lineending markers ('\n', '\r', '\r\n', '\x0b', '\x0c'), behavior will be unspecified
  tokens_by_line = make_tokens_by_line(lines)
#715	NEW    cov: 138 ft: 331 corp: 28/88b lim: 4 exec/s: 0 rss: 84Mb L: 4/4 MS: 3 EraseBytes-PersAutoDict-ChangeByte- DE: "\001\000"-
#782	NEW    cov: 143 ft: 336 corp: 29/91b lim: 4 exec/s: 0 rss: 84Mb L: 3/4 MS: 2 ChangeBit-CrossOver-
#834	REDUCE cov: 143 ft: 336 corp: 29/90b lim: 4 exec/s: 0 rss: 84Mb L: 3/4 MS: 2 EraseBytes-InsertByte-
#881	NEW    cov: 145 ft: 338 corp: 30/93b lim: 4 exec/s: 0 rss: 84Mb L: 3/4 MS: 2 EraseBytes-CrossOver-
#909	NEW    cov: 145 ft: 345 corp: 31/97b lim: 4 exec/s: 0 rss: 84Mb L: 4/4 MS: 3 ChangeBit-ShuffleBytes-ChangeByte-
#1028	REDUCE cov: 147 ft: 347 corp: 32/101b lim: 4 exec/s: 0 rss: 84Mb L: 4/4 MS: 4 ShuffleBytes-CopyPart-ChangeBit-ShuffleBytes-
#1034	NEW    cov: 147 ft: 349 corp: 33/105b lim: 4 exec/s: 0 rss: 84Mb L: 4/4 MS: 1 CopyPart-
#1040	NEW    cov: 147 ft: 353 corp: 34/109b lim: 4 exec/s: 0 rss: 84Mb L: 4/4 MS: 1 ChangeByte-
#1056	NEW    cov: 147 ft: 357 corp: 35/113b lim: 4 exec/s: 0 rss: 84Mb L: 4/4 MS: 1 CopyPart-
#1107	REDUCE cov: 147 ft: 357 corp: 35/112b lim: 4 exec/s: 0 rss: 84Mb L: 3/4 MS: 1 EraseBytes-
#1113	REDUCE cov: 147 ft: 357 corp: 35/111b lim: 4 exec/s: 0 rss: 84Mb L: 2/4 MS: 1 EraseBytes-
#1125	NEW    cov: 149 ft: 361 corp: 36/115b lim: 4 exec/s: 0 rss: 84Mb L: 4/4 MS: 2 ChangeBinInt-ChangeBit-
#1184	NEW    cov: 149 ft: 362 corp: 37/118b lim: 4 exec/s: 0 rss: 84Mb L: 3/4 MS: 4 CrossOver-ChangeByte-EraseBytes-CrossOver-
#1199	REDUCE cov: 149 ft: 362 corp: 37/117b lim: 4 exec/s: 0 rss: 84Mb L: 2/4 MS: 5 ChangeByte-ChangeBit-ChangeByte-ShuffleBytes-EraseBytes-
#1207	NEW    cov: 154 ft: 367 corp: 38/121b lim: 4 exec/s: 0 rss: 84Mb L: 4/4 MS: 3 CMP-PersAutoDict-CrossOver- DE: "\001\000"-"\001\000"-
#1305	NEW    cov: 154 ft: 428 corp: 39/125b lim: 4 exec/s: 0 rss: 84Mb L: 4/4 MS: 3 ChangeByte-ChangeByte-CopyPart-
#1356	NEW    cov: 154 ft: 431 corp: 40/129b lim: 4 exec/s: 0 rss: 84Mb L: 4/4 MS: 1 ChangeByte-
#1452	REDUCE cov: 154 ft: 431 corp: 40/128b lim: 4 exec/s: 0 rss: 84Mb L: 3/4 MS: 1 EraseBytes-
#1563	REDUCE cov: 154 ft: 431 corp: 40/127b lim: 4 exec/s: 0 rss: 84Mb L: 3/4 MS: 1 EraseBytes-
#1575	REDUCE cov: 156 ft: 433 corp: 41/131b lim: 4 exec/s: 0 rss: 84Mb L: 4/4 MS: 2 InsertByte-CrossOver-
#1692	NEW    cov: 156 ft: 437 corp: 42/135b lim: 4 exec/s: 0 rss: 84Mb L: 4/4 MS: 2 CopyPart-ChangeByte-
#1727	NEW    cov: 157 ft: 438 corp: 43/137b lim: 4 exec/s: 0 rss: 84Mb L: 2/4 MS: 5 ChangeBit-ShuffleBytes-CrossOver-CrossOver-ChangeBit-
#1873	REDUCE cov: 159 ft: 440 corp: 44/141b lim: 4 exec/s: 0 rss: 84Mb L: 4/4 MS: 1 InsertByte-
#1877	REDUCE cov: 159 ft: 440 corp: 44/140b lim: 4 exec/s: 0 rss: 84Mb L: 3/4 MS: 4 ShuffleBytes-ChangeByte-CopyPart-EraseBytes-
#2101	NEW    cov: 159 ft: 445 corp: 45/146b lim: 6 exec/s: 0 rss: 84Mb L: 6/6 MS: 4 InsertByte-ShuffleBytes-EraseBytes-CopyPart-
#2150	NEW    cov: 162 ft: 449 corp: 46/152b lim: 6 exec/s: 0 rss: 84Mb L: 6/6 MS: 4 CrossOver-CopyPart-ChangeByte-ChangeByte-
#2151	REDUCE cov: 162 ft: 449 corp: 46/151b lim: 6 exec/s: 0 rss: 84Mb L: 5/6 MS: 1 CrossOver-
#2182	NEW    cov: 162 ft: 451 corp: 47/157b lim: 6 exec/s: 0 rss: 84Mb L: 6/6 MS: 1 PersAutoDict- DE: "\001\000"-
#2288	REDUCE cov: 162 ft: 451 corp: 47/156b lim: 6 exec/s: 0 rss: 84Mb L: 3/6 MS: 1 CrossOver-
#2304	REDUCE cov: 162 ft: 451 corp: 47/155b lim: 6 exec/s: 0 rss: 84Mb L: 5/6 MS: 1 EraseBytes-
#2451	NEW    cov: 162 ft: 452 corp: 48/161b lim: 6 exec/s: 0 rss: 84Mb L: 6/6 MS: 2 InsertByte-CrossOver-
#2657	REDUCE cov: 162 ft: 466 corp: 49/168b lim: 8 exec/s: 0 rss: 84Mb L: 7/7 MS: 1 CrossOver-
#2795	NEW    cov: 162 ft: 470 corp: 50/173b lim: 8 exec/s: 0 rss: 84Mb L: 5/7 MS: 3 InsertByte-InsertByte-ChangeBit-
#2848	NEW    cov: 162 ft: 502 corp: 51/179b lim: 8 exec/s: 0 rss: 84Mb L: 6/7 MS: 3 CrossOver-CopyPart-CrossOver-
#2944	NEW    cov: 162 ft: 506 corp: 52/186b lim: 8 exec/s: 0 rss: 84Mb L: 7/7 MS: 1 CopyPart-
#3070	NEW    cov: 162 ft: 507 corp: 53/193b lim: 8 exec/s: 0 rss: 84Mb L: 7/7 MS: 1 InsertRepeatedBytes-
#3071	REDUCE cov: 164 ft: 509 corp: 54/197b lim: 8 exec/s: 0 rss: 84Mb L: 4/7 MS: 1 InsertByte-
#3207	REDUCE cov: 164 ft: 509 corp: 54/196b lim: 8 exec/s: 0 rss: 84Mb L: 3/7 MS: 1 EraseBytes-
#3216	NEW    cov: 165 ft: 510 corp: 55/201b lim: 8 exec/s: 0 rss: 84Mb L: 5/7 MS: 4 ShuffleBytes-PersAutoDict-ChangeByte-InsertByte- DE: "\001\000"-
#3477	REDUCE cov: 165 ft: 510 corp: 55/199b lim: 8 exec/s: 0 rss: 84Mb L: 5/7 MS: 1 EraseBytes-
#3493	REDUCE cov: 165 ft: 510 corp: 55/198b lim: 8 exec/s: 0 rss: 84Mb L: 3/7 MS: 1 EraseBytes-
#3500	NEW    cov: 165 ft: 511 corp: 56/203b lim: 8 exec/s: 0 rss: 84Mb L: 5/7 MS: 2 ChangeBit-EraseBytes-
#3576	NEW    cov: 165 ft: 517 corp: 57/210b lim: 8 exec/s: 0 rss: 84Mb L: 7/7 MS: 1 CrossOver-
#3811	REDUCE cov: 165 ft: 517 corp: 57/209b lim: 8 exec/s: 0 rss: 84Mb L: 3/7 MS: 5 CrossOver-ChangeByte-ShuffleBytes-ChangeBit-EraseBytes-
#3812	REDUCE cov: 165 ft: 517 corp: 57/208b lim: 8 exec/s: 0 rss: 84Mb L: 3/7 MS: 1 EraseBytes-
#3963	REDUCE cov: 165 ft: 517 corp: 57/207b lim: 8 exec/s: 0 rss: 84Mb L: 3/7 MS: 1 EraseBytes-
#4104	NEW    cov: 165 ft: 518 corp: 58/210b lim: 8 exec/s: 0 rss: 84Mb L: 3/7 MS: 1 CopyPart-
#4266	NEW    cov: 165 ft: 519 corp: 59/217b lim: 8 exec/s: 0 rss: 84Mb L: 7/7 MS: 2 InsertRepeatedBytes-ShuffleBytes-
#4292	REDUCE cov: 165 ft: 519 corp: 59/216b lim: 8 exec/s: 0 rss: 84Mb L: 2/7 MS: 1 EraseBytes-
#4294	REDUCE cov: 165 ft: 519 corp: 59/215b lim: 8 exec/s: 0 rss: 84Mb L: 6/7 MS: 2 ChangeByte-EraseBytes-
#4356	NEW    cov: 165 ft: 523 corp: 60/218b lim: 8 exec/s: 0 rss: 84Mb L: 3/7 MS: 2 PersAutoDict-EraseBytes- DE: "\001\000"-
#4582	NEW    cov: 165 ft: 532 corp: 61/226b lim: 8 exec/s: 0 rss: 84Mb L: 8/8 MS: 1 CopyPart-
#4586	REDUCE cov: 165 ft: 536 corp: 62/233b lim: 8 exec/s: 0 rss: 84Mb L: 7/8 MS: 4 InsertByte-CrossOver-ChangeBit-ShuffleBytes-
#4638	NEW    cov: 167 ft: 538 corp: 63/241b lim: 8 exec/s: 0 rss: 84Mb L: 8/8 MS: 2 InsertRepeatedBytes-ChangeBinInt-
#4641	NEW    cov: 167 ft: 540 corp: 64/249b lim: 8 exec/s: 0 rss: 84Mb L: 8/8 MS: 3 ShuffleBytes-CopyPart-ChangeBinInt-
#4663	NEW    cov: 167 ft: 543 corp: 65/256b lim: 8 exec/s: 0 rss: 84Mb L: 7/8 MS: 2 ChangeByte-CopyPart-
#4749	REDUCE cov: 167 ft: 543 corp: 65/253b lim: 8 exec/s: 0 rss: 84Mb L: 5/8 MS: 1 EraseBytes-
#4962	NEW    cov: 170 ft: 546 corp: 66/261b lim: 8 exec/s: 0 rss: 84Mb L: 8/8 MS: 3 PersAutoDict-InsertByte-ChangeByte- DE: "\001\000"-
#4999	REDUCE cov: 170 ft: 546 corp: 66/260b lim: 8 exec/s: 0 rss: 84Mb L: 2/8 MS: 2 ShuffleBytes-EraseBytes-
#5033	REDUCE cov: 170 ft: 546 corp: 66/259b lim: 8 exec/s: 0 rss: 84Mb L: 2/8 MS: 4 CopyPart-CopyPart-ChangeByte-EraseBytes-
#5193	NEW    cov: 170 ft: 547 corp: 67/266b lim: 8 exec/s: 0 rss: 84Mb L: 7/8 MS: 5 ChangeBit-CrossOver-InsertByte-CrossOver-InsertByte-
#5344	NEW    cov: 170 ft: 553 corp: 68/273b lim: 8 exec/s: 0 rss: 84Mb L: 7/8 MS: 1 ChangeByte-
#5427	NEW    cov: 170 ft: 555 corp: 69/281b lim: 8 exec/s: 0 rss: 84Mb L: 8/8 MS: 3 ShuffleBytes-InsertByte-CrossOver-
#5538	REDUCE cov: 170 ft: 555 corp: 69/280b lim: 8 exec/s: 0 rss: 84Mb L: 2/8 MS: 1 EraseBytes-
#5609	NEW    cov: 170 ft: 560 corp: 70/287b lim: 8 exec/s: 0 rss: 84Mb L: 7/8 MS: 1 CopyPart-
#5615	NEW    cov: 171 ft: 563 corp: 71/295b lim: 8 exec/s: 0 rss: 84Mb L: 8/8 MS: 1 InsertByte-
#5704	NEW    cov: 171 ft: 564 corp: 72/303b lim: 8 exec/s: 0 rss: 84Mb L: 8/8 MS: 4 ChangeByte-ShuffleBytes-CopyPart-CopyPart-
#5710	REDUCE cov: 171 ft: 564 corp: 72/302b lim: 8 exec/s: 0 rss: 84Mb L: 6/8 MS: 1 EraseBytes-
#5711	REDUCE cov: 171 ft: 566 corp: 73/307b lim: 8 exec/s: 0 rss: 84Mb L: 5/8 MS: 1 ShuffleBytes-
#5922	REDUCE cov: 171 ft: 566 corp: 73/305b lim: 8 exec/s: 0 rss: 84Mb L: 6/8 MS: 1 EraseBytes-
#6038	NEW    cov: 173 ft: 568 corp: 74/311b lim: 8 exec/s: 0 rss: 84Mb L: 6/8 MS: 1 CrossOver-
#6290	NEW    cov: 173 ft: 569 corp: 75/316b lim: 8 exec/s: 0 rss: 84Mb L: 5/8 MS: 2 InsertByte-CopyPart-
#6417	NEW    cov: 173 ft: 574 corp: 76/324b lim: 8 exec/s: 0 rss: 84Mb L: 8/8 MS: 2 CopyPart-ShuffleBytes-
#6452	REDUCE cov: 173 ft: 580 corp: 77/332b lim: 8 exec/s: 0 rss: 84Mb L: 8/8 MS: 5 InsertByte-ChangeBit-CopyPart-CopyPart-ShuffleBytes-
#6658	NEW    cov: 173 ft: 582 corp: 78/337b lim: 8 exec/s: 0 rss: 84Mb L: 5/8 MS: 1 InsertByte-
#7039	NEW    cov: 173 ft: 588 corp: 79/348b lim: 11 exec/s: 0 rss: 84Mb L: 11/11 MS: 1 CopyPart-
#7158	REDUCE cov: 173 ft: 591 corp: 80/358b lim: 11 exec/s: 7158 rss: 84Mb L: 10/11 MS: 4 CopyPart-CopyPart-InsertByte-InsertRepeatedBytes-
#7294	NEW    cov: 173 ft: 592 corp: 81/369b lim: 11 exec/s: 7294 rss: 84Mb L: 11/11 MS: 1 CopyPart-
#7545	NEW    cov: 173 ft: 596 corp: 82/380b lim: 11 exec/s: 7545 rss: 84Mb L: 11/11 MS: 1 CrossOver-
#7656	REDUCE cov: 173 ft: 596 corp: 82/379b lim: 11 exec/s: 7656 rss: 84Mb L: 2/11 MS: 1 EraseBytes-
#7742	NEW    cov: 173 ft: 598 corp: 83/389b lim: 11 exec/s: 7742 rss: 84Mb L: 10/11 MS: 1 CrossOver-
#7838	REDUCE cov: 173 ft: 600 corp: 84/398b lim: 11 exec/s: 7838 rss: 84Mb L: 9/11 MS: 1 CrossOver-
#7884	REDUCE cov: 173 ft: 600 corp: 84/396b lim: 11 exec/s: 7884 rss: 84Mb L: 6/11 MS: 1 EraseBytes-
#7990	NEW    cov: 173 ft: 602 corp: 85/407b lim: 11 exec/s: 7990 rss: 84Mb L: 11/11 MS: 1 ShuffleBytes-
#8111	NEW    cov: 173 ft: 637 corp: 86/418b lim: 11 exec/s: 8111 rss: 84Mb L: 11/11 MS: 1 CopyPart-
#8243	REDUCE cov: 173 ft: 637 corp: 86/417b lim: 11 exec/s: 8243 rss: 84Mb L: 6/11 MS: 2 InsertByte-EraseBytes-
#8319	NEW    cov: 173 ft: 641 corp: 87/428b lim: 11 exec/s: 8319 rss: 84Mb L: 11/11 MS: 1 InsertRepeatedBytes-
#8375	NEW    cov: 173 ft: 643 corp: 88/434b lim: 11 exec/s: 8375 rss: 84Mb L: 6/11 MS: 1 CrossOver-
#8498	REDUCE cov: 173 ft: 644 corp: 89/444b lim: 11 exec/s: 8498 rss: 84Mb L: 10/11 MS: 3 ChangeBinInt-ShuffleBytes-CrossOver-
#8675	REDUCE cov: 173 ft: 644 corp: 89/442b lim: 11 exec/s: 8675 rss: 84Mb L: 6/11 MS: 2 InsertByte-EraseBytes-
#8876	NEW    cov: 173 ft: 645 corp: 90/447b lim: 11 exec/s: 8876 rss: 84Mb L: 5/11 MS: 1 CopyPart-
#8877	NEW    cov: 173 ft: 646 corp: 91/458b lim: 11 exec/s: 8877 rss: 84Mb L: 11/11 MS: 1 CopyPart-
#8906	NEW    cov: 173 ft: 662 corp: 92/469b lim: 11 exec/s: 8906 rss: 84Mb L: 11/11 MS: 4 InsertByte-ChangeByte-CrossOver-CrossOver-
#8977	NEW    cov: 173 ft: 663 corp: 93/473b lim: 11 exec/s: 8977 rss: 84Mb L: 4/11 MS: 1 EraseBytes-
#9013	NEW    cov: 173 ft: 669 corp: 94/483b lim: 11 exec/s: 9013 rss: 84Mb L: 10/11 MS: 1 CopyPart-
#9219	NEW    cov: 173 ft: 670 corp: 95/492b lim: 11 exec/s: 9219 rss: 84Mb L: 9/11 MS: 1 InsertByte-
#9457	REDUCE cov: 173 ft: 672 corp: 96/499b lim: 11 exec/s: 9457 rss: 84Mb L: 7/11 MS: 3 CopyPart-PersAutoDict-CrossOver- DE: "\001\000"-
#9553	REDUCE cov: 173 ft: 672 corp: 96/497b lim: 11 exec/s: 9553 rss: 84Mb L: 9/11 MS: 1 EraseBytes-
#10195	NEW    cov: 173 ft: 674 corp: 97/508b lim: 17 exec/s: 10195 rss: 84Mb L: 11/11 MS: 2 CopyPart-ChangeBit-
#10351	NEW    cov: 173 ft: 675 corp: 98/524b lim: 17 exec/s: 10351 rss: 84Mb L: 16/16 MS: 1 CrossOver-
#10457	REDUCE cov: 174 ft: 676 corp: 99/527b lim: 17 exec/s: 10457 rss: 84Mb L: 3/16 MS: 1 ChangeByte-
#10580	REDUCE cov: 174 ft: 676 corp: 99/526b lim: 17 exec/s: 10580 rss: 84Mb L: 6/16 MS: 3 PersAutoDict-CrossOver-EraseBytes- DE: "\001\000"-
#10602	NEW    cov: 174 ft: 678 corp: 100/543b lim: 17 exec/s: 10602 rss: 84Mb L: 17/17 MS: 2 ChangeBinInt-CopyPart-
#10740	NEW    cov: 174 ft: 695 corp: 101/560b lim: 17 exec/s: 10740 rss: 84Mb L: 17/17 MS: 3 CrossOver-PersAutoDict-CopyPart- DE: "\001\000"-
#10906	REDUCE cov: 174 ft: 695 corp: 101/559b lim: 17 exec/s: 10906 rss: 84Mb L: 9/17 MS: 1 EraseBytes-
#11018	NEW    cov: 174 ft: 696 corp: 102/570b lim: 17 exec/s: 11018 rss: 84Mb L: 11/17 MS: 2 PersAutoDict-ChangeBit- DE: "\001\000"-
#11034	NEW    cov: 174 ft: 698 corp: 103/587b lim: 17 exec/s: 11034 rss: 84Mb L: 17/17 MS: 1 InsertByte-
#11668	NEW    cov: 174 ft: 703 corp: 104/607b lim: 21 exec/s: 5834 rss: 84Mb L: 20/20 MS: 4 EraseBytes-ShuffleBytes-ChangeBit-InsertRepeatedBytes-
#11954	REDUCE cov: 174 ft: 705 corp: 105/616b lim: 21 exec/s: 5977 rss: 84Mb L: 9/20 MS: 1 CrossOver-
#12182	NEW    cov: 174 ft: 706 corp: 106/635b lim: 21 exec/s: 6091 rss: 84Mb L: 19/20 MS: 3 ChangeBit-InsertRepeatedBytes-CopyPart-
#12663	NEW    cov: 174 ft: 708 corp: 107/646b lim: 25 exec/s: 6331 rss: 84Mb L: 11/20 MS: 1 ChangeBit-
#13524	NEW    cov: 174 ft: 711 corp: 108/666b lim: 33 exec/s: 6762 rss: 84Mb L: 20/20 MS: 1 CopyPart-
#13615	NEW    cov: 174 ft: 718 corp: 109/681b lim: 33 exec/s: 6807 rss: 84Mb L: 15/20 MS: 1 CrossOver-
#13643	NEW    cov: 174 ft: 720 corp: 110/711b lim: 33 exec/s: 6821 rss: 84Mb L: 30/30 MS: 3 CrossOver-CMP-CrossOver- DE: "\011\000\000\000\000\000\000\000"-
#13882	NEW    cov: 174 ft: 721 corp: 111/735b lim: 33 exec/s: 6941 rss: 84Mb L: 24/30 MS: 4 InsertRepeatedBytes-PersAutoDict-ShuffleBytes-ShuffleBytes- DE: "\001\000"-
#13885	REDUCE cov: 174 ft: 721 corp: 111/730b lim: 33 exec/s: 6942 rss: 84Mb L: 19/30 MS: 3 CrossOver-ChangeBit-EraseBytes-
#13906	NEW    cov: 174 ft: 722 corp: 112/762b lim: 33 exec/s: 6953 rss: 84Mb L: 32/32 MS: 1 CrossOver-
#13933	NEW    cov: 174 ft: 726 corp: 113/790b lim: 33 exec/s: 6966 rss: 84Mb L: 28/32 MS: 2 InsertRepeatedBytes-InsertByte-
#14015	NEW    cov: 174 ft: 729 corp: 114/803b lim: 33 exec/s: 7007 rss: 84Mb L: 13/32 MS: 2 ChangeBit-CopyPart-
#14456	NEW    cov: 174 ft: 731 corp: 115/833b lim: 33 exec/s: 7228 rss: 84Mb L: 30/32 MS: 1 ChangeBinInt-
#14707	REDUCE cov: 174 ft: 732 corp: 116/856b lim: 33 exec/s: 7353 rss: 84Mb L: 23/32 MS: 1 CrossOver-
#15023	NEW    cov: 175 ft: 733 corp: 117/877b lim: 33 exec/s: 7511 rss: 84Mb L: 21/32 MS: 1 CrossOver-
#15055	NEW    cov: 175 ft: 736 corp: 118/891b lim: 33 exec/s: 7527 rss: 84Mb L: 14/32 MS: 2 CrossOver-EraseBytes-
#15284	NEW    cov: 175 ft: 737 corp: 119/922b lim: 33 exec/s: 5094 rss: 84Mb L: 31/32 MS: 4 CrossOver-ChangeBit-ChangeBinInt-CopyPart-
#15299	REDUCE cov: 175 ft: 738 corp: 120/952b lim: 33 exec/s: 5099 rss: 84Mb L: 30/32 MS: 5 InsertRepeatedBytes-ChangeBinInt-PersAutoDict-ChangeBit-CopyPart- DE: "\001\000"-
#15685	NEW    cov: 175 ft: 742 corp: 121/969b lim: 33 exec/s: 5228 rss: 84Mb L: 17/32 MS: 1 CopyPart-
#15976	NEW    cov: 175 ft: 783 corp: 122/986b lim: 33 exec/s: 5325 rss: 84Mb L: 17/32 MS: 1 CopyPart-
#15982	REDUCE cov: 175 ft: 783 corp: 122/985b lim: 33 exec/s: 5327 rss: 84Mb L: 3/32 MS: 1 EraseBytes-
#16218	REDUCE cov: 175 ft: 783 corp: 122/980b lim: 33 exec/s: 5406 rss: 84Mb L: 16/32 MS: 1 EraseBytes-
#16384	pulse  cov: 175 ft: 783 corp: 122/980b lim: 33 exec/s: 5461 rss: 84Mb
#16477	NEW    cov: 175 ft: 786 corp: 123/1013b lim: 33 exec/s: 5492 rss: 84Mb L: 33/33 MS: 4 PersAutoDict-CopyPart-ChangeBit-CopyPart- DE: "\001\000"-
#16533	REDUCE cov: 175 ft: 786 corp: 123/1012b lim: 33 exec/s: 5511 rss: 84Mb L: 5/33 MS: 1 EraseBytes-
#16661	REDUCE cov: 175 ft: 786 corp: 123/1009b lim: 33 exec/s: 5553 rss: 84Mb L: 27/33 MS: 3 ChangeBit-CopyPart-EraseBytes-
#16669	NEW    cov: 175 ft: 788 corp: 124/1039b lim: 33 exec/s: 5556 rss: 84Mb L: 30/33 MS: 3 PersAutoDict-EraseBytes-CopyPart- DE: "\011\000\000\000\000\000\000\000"-
#16775	REDUCE cov: 175 ft: 788 corp: 124/1038b lim: 33 exec/s: 5591 rss: 84Mb L: 10/33 MS: 1 EraseBytes-
#17096	REDUCE cov: 175 ft: 788 corp: 124/1037b lim: 33 exec/s: 5698 rss: 84Mb L: 7/33 MS: 1 EraseBytes-
#17103	REDUCE cov: 175 ft: 788 corp: 124/1034b lim: 33 exec/s: 5701 rss: 84Mb L: 14/33 MS: 2 ChangeBinInt-EraseBytes-
#17124	NEW    cov: 175 ft: 802 corp: 125/1061b lim: 33 exec/s: 5708 rss: 84Mb L: 27/33 MS: 1 CopyPart-
#17745	NEW    cov: 175 ft: 804 corp: 126/1093b lim: 38 exec/s: 4436 rss: 84Mb L: 32/33 MS: 1 CrossOver-
#17981	REDUCE cov: 175 ft: 804 corp: 126/1083b lim: 38 exec/s: 4495 rss: 84Mb L: 20/33 MS: 1 EraseBytes-
#18125	NEW    cov: 175 ft: 806 corp: 127/1114b lim: 38 exec/s: 4531 rss: 84Mb L: 31/33 MS: 4 ShuffleBytes-ChangeByte-ChangeBinInt-CrossOver-
#18212	REDUCE cov: 175 ft: 807 corp: 128/1141b lim: 38 exec/s: 4553 rss: 84Mb L: 27/33 MS: 2 CopyPart-CopyPart-
#18658	REDUCE cov: 175 ft: 807 corp: 128/1139b lim: 38 exec/s: 4664 rss: 84Mb L: 5/33 MS: 1 EraseBytes-
#19054	REDUCE cov: 175 ft: 807 corp: 128/1137b lim: 38 exec/s: 4763 rss: 84Mb L: 25/33 MS: 1 EraseBytes-
#19286	REDUCE cov: 175 ft: 807 corp: 128/1136b lim: 38 exec/s: 4821 rss: 84Mb L: 5/33 MS: 2 InsertByte-EraseBytes-
#19317	NEW    cov: 175 ft: 813 corp: 129/1148b lim: 38 exec/s: 4829 rss: 84Mb L: 12/33 MS: 1 CopyPart-
#19424	NEW    cov: 175 ft: 814 corp: 130/1176b lim: 38 exec/s: 4856 rss: 84Mb L: 28/33 MS: 2 CopyPart-CrossOver-
#19545	REDUCE cov: 175 ft: 814 corp: 130/1175b lim: 38 exec/s: 4886 rss: 84Mb L: 7/33 MS: 1 EraseBytes-
#19546	REDUCE cov: 175 ft: 814 corp: 130/1174b lim: 38 exec/s: 4886 rss: 84Mb L: 3/33 MS: 1 EraseBytes-
#19978	NEW    cov: 175 ft: 815 corp: 131/1203b lim: 38 exec/s: 3995 rss: 84Mb L: 29/33 MS: 2 InsertByte-InsertByte-
#20143	NEW    cov: 175 ft: 816 corp: 132/1238b lim: 38 exec/s: 4028 rss: 84Mb L: 35/35 MS: 5 ShuffleBytes-InsertRepeatedBytes-ShuffleBytes-ChangeByte-InsertByte-
#20230	REDUCE cov: 175 ft: 818 corp: 133/1250b lim: 38 exec/s: 4046 rss: 84Mb L: 12/35 MS: 2 CopyPart-CopyPart-
#20263	NEW    cov: 175 ft: 829 corp: 134/1283b lim: 38 exec/s: 4052 rss: 84Mb L: 33/35 MS: 3 CopyPart-CopyPart-CopyPart-
#20319	REDUCE cov: 175 ft: 829 corp: 134/1281b lim: 38 exec/s: 4063 rss: 84Mb L: 18/35 MS: 1 EraseBytes-
#20551	NEW    cov: 175 ft: 832 corp: 135/1295b lim: 38 exec/s: 4110 rss: 84Mb L: 14/35 MS: 2 InsertByte-ChangeByte-
#20662	REDUCE cov: 175 ft: 832 corp: 135/1294b lim: 38 exec/s: 4132 rss: 84Mb L: 27/35 MS: 1 EraseBytes-
#20669	REDUCE cov: 175 ft: 832 corp: 135/1293b lim: 38 exec/s: 4133 rss: 84Mb L: 26/35 MS: 2 CrossOver-EraseBytes-
#20913	NEW    cov: 177 ft: 834 corp: 136/1330b lim: 38 exec/s: 4182 rss: 84Mb L: 37/37 MS: 4 ChangeByte-InsertByte-InsertByte-CopyPart-
#21402	NEW    cov: 177 ft: 835 corp: 137/1368b lim: 38 exec/s: 4280 rss: 84Mb L: 38/38 MS: 4 InsertRepeatedBytes-InsertByte-ChangeBit-CrossOver-
#21418	REDUCE cov: 177 ft: 835 corp: 137/1367b lim: 38 exec/s: 4283 rss: 84Mb L: 8/38 MS: 1 EraseBytes-
#21464	REDUCE cov: 177 ft: 835 corp: 137/1365b lim: 38 exec/s: 4292 rss: 84Mb L: 14/38 MS: 1 EraseBytes-
#21520	REDUCE cov: 177 ft: 835 corp: 137/1358b lim: 38 exec/s: 4304 rss: 84Mb L: 28/38 MS: 1 EraseBytes-
#21877	NEW    cov: 177 ft: 836 corp: 138/1388b lim: 38 exec/s: 3646 rss: 84Mb L: 30/38 MS: 2 ChangeBinInt-EraseBytes-
#22023	NEW    cov: 177 ft: 839 corp: 139/1421b lim: 38 exec/s: 3670 rss: 84Mb L: 33/38 MS: 1 CopyPart-
#22029	REDUCE cov: 177 ft: 839 corp: 139/1418b lim: 38 exec/s: 3671 rss: 84Mb L: 11/38 MS: 1 EraseBytes-
#22160	REDUCE cov: 177 ft: 839 corp: 139/1415b lim: 38 exec/s: 3693 rss: 84Mb L: 30/38 MS: 1 CrossOver-
#22273	NEW    cov: 177 ft: 841 corp: 140/1447b lim: 38 exec/s: 3712 rss: 84Mb L: 32/38 MS: 3 ShuffleBytes-InsertByte-InsertRepeatedBytes-
#22374	REDUCE cov: 177 ft: 841 corp: 140/1446b lim: 38 exec/s: 3729 rss: 84Mb L: 4/38 MS: 1 EraseBytes-
#22651	NEW    cov: 177 ft: 848 corp: 141/1480b lim: 38 exec/s: 3775 rss: 84Mb L: 34/38 MS: 2 CopyPart-CopyPart-
#23232	REDUCE cov: 177 ft: 848 corp: 141/1473b lim: 43 exec/s: 3318 rss: 84Mb L: 31/37 MS: 1 EraseBytes-
#23333	REDUCE cov: 177 ft: 848 corp: 141/1472b lim: 43 exec/s: 3333 rss: 84Mb L: 13/37 MS: 1 EraseBytes-
#23794	REDUCE cov: 177 ft: 849 corp: 142/1509b lim: 43 exec/s: 3399 rss: 84Mb L: 37/37 MS: 1 CrossOver-
#23878	REDUCE cov: 177 ft: 849 corp: 142/1508b lim: 43 exec/s: 3411 rss: 84Mb L: 5/37 MS: 4 ChangeBit-EraseBytes-ChangeByte-InsertByte-
#23886	NEW    cov: 177 ft: 850 corp: 143/1537b lim: 43 exec/s: 3412 rss: 84Mb L: 29/37 MS: 3 ChangeByte-ChangeByte-ChangeBinInt-
#24307	REDUCE cov: 177 ft: 852 corp: 144/1561b lim: 43 exec/s: 3472 rss: 84Mb L: 24/37 MS: 1 CopyPart-
#24629	REDUCE cov: 177 ft: 852 corp: 144/1551b lim: 43 exec/s: 3078 rss: 84Mb L: 19/37 MS: 2 ChangeBit-EraseBytes-
#24678	NEW    cov: 177 ft: 857 corp: 145/1587b lim: 43 exec/s: 3084 rss: 84Mb L: 36/37 MS: 4 CopyPart-InsertByte-ChangeBit-CopyPart-
#24913	REDUCE cov: 177 ft: 858 corp: 146/1625b lim: 43 exec/s: 3114 rss: 84Mb L: 38/38 MS: 5 CopyPart-CopyPart-CopyPart-ShuffleBytes-ChangeByte-
#24968	REDUCE cov: 177 ft: 858 corp: 146/1622b lim: 43 exec/s: 3121 rss: 84Mb L: 26/38 MS: 5 CopyPart-ChangeBinInt-InsertByte-InsertByte-EraseBytes-
#25654	NEW    cov: 177 ft: 860 corp: 147/1665b lim: 48 exec/s: 3206 rss: 84Mb L: 43/43 MS: 1 CrossOver-
#25715	NEW    cov: 177 ft: 861 corp: 148/1711b lim: 48 exec/s: 3214 rss: 84Mb L: 46/46 MS: 1 CopyPart-
#25796	REDUCE cov: 177 ft: 861 corp: 148/1704b lim: 48 exec/s: 3224 rss: 84Mb L: 24/46 MS: 1 EraseBytes-
#25927	REDUCE cov: 177 ft: 861 corp: 148/1701b lim: 48 exec/s: 2880 rss: 84Mb L: 22/46 MS: 1 EraseBytes-
#26326	NEW    cov: 177 ft: 865 corp: 149/1740b lim: 48 exec/s: 2925 rss: 84Mb L: 39/46 MS: 4 InsertByte-EraseBytes-ChangeBit-InsertRepeatedBytes-
#26407	REDUCE cov: 177 ft: 865 corp: 149/1738b lim: 48 exec/s: 2934 rss: 84Mb L: 18/46 MS: 1 EraseBytes-
#27188	NEW    cov: 177 ft: 875 corp: 150/1785b lim: 53 exec/s: 2718 rss: 84Mb L: 47/47 MS: 1 CopyPart-
#27282	NEW    cov: 177 ft: 877 corp: 151/1832b lim: 53 exec/s: 2728 rss: 84Mb L: 47/47 MS: 4 CrossOver-ChangeBit-ChangeBit-CrossOver-
#27302	NEW    cov: 177 ft: 881 corp: 152/1876b lim: 53 exec/s: 2730 rss: 84Mb L: 44/47 MS: 5 ChangeByte-PersAutoDict-ChangeBinInt-CMP-CopyPart- DE: "\001\000"-"\000\000"-
#27719	REDUCE cov: 177 ft: 881 corp: 152/1875b lim: 53 exec/s: 2771 rss: 84Mb L: 13/47 MS: 2 ChangeBinInt-EraseBytes-
#27815	REDUCE cov: 177 ft: 881 corp: 152/1874b lim: 53 exec/s: 2781 rss: 84Mb L: 4/47 MS: 1 EraseBytes-
#28067	REDUCE cov: 177 ft: 881 corp: 152/1870b lim: 53 exec/s: 2806 rss: 84Mb L: 9/47 MS: 2 CopyPart-EraseBytes-
#28100	REDUCE cov: 177 ft: 881 corp: 152/1866b lim: 53 exec/s: 2810 rss: 84Mb L: 20/47 MS: 3 CopyPart-CMP-EraseBytes- DE: "\377\377"-
#28141	REDUCE cov: 177 ft: 881 corp: 152/1863b lim: 53 exec/s: 2814 rss: 84Mb L: 16/47 MS: 1 EraseBytes-
#28176	REDUCE cov: 177 ft: 881 corp: 152/1854b lim: 53 exec/s: 2817 rss: 84Mb L: 13/47 MS: 5 ChangeBit-ChangeByte-ShuffleBytes-InsertByte-EraseBytes-
#28275	REDUCE cov: 177 ft: 886 corp: 153/1900b lim: 53 exec/s: 2827 rss: 84Mb L: 46/47 MS: 4 ChangeBinInt-CopyPart-ChangeByte-CopyPart-
#28410	DONE   cov: 177 ft: 886 corp: 153/1900b lim: 53 exec/s: 2582 rss: 84Mb
###### Recommended dictionary. ######
"\001\000" # Uses: 1933
"\011\000\000\000\000\000\000\000" # Uses: 536
"\000\000" # Uses: 39
"\377\377" # Uses: 8
###### End of recommended dictionary. ######
Done 28410 runs in 11 second(s)
