INFO: Instrumenting black
INFO: Instrumenting json
INFO: Instrumenting json.decoder
INFO: Instrumenting json.scanner
INFO: Instrumenting json.encoder
INFO: Instrumenting platform
INFO: Instrumenting datetime
INFO: Instrumenting click
INFO: Instrumenting __future__
INFO: Instrumenting click.core
INFO: Instrumenting gettext
INFO: Instrumenting click.types
INFO: Instrumenting click._compat
INFO: Instrumenting click.exceptions
INFO: Instrumenting click.globals
INFO: Instrumenting click.utils
INFO: Instrumenting click._utils
INFO: Instrumenting click.formatting
INFO: Instrumenting click.parser
INFO: Instrumenting click.termui
INFO: Instrumenting click.decorators
INFO: Instrumenting mypy_extensions
INFO: Instrumenting pathspec
INFO: Instrumenting pathspec.gitignore
INFO: Instrumenting pathspec.backend
INFO: Instrumenting pathspec._backends
INFO: Instrumenting pathspec._backends.agg
INFO: Instrumenting pathspec.pattern
INFO: Instrumenting pathspec._typing
INFO: Instrumenting pathspec._backends.hyperscan
INFO: Instrumenting pathspec._backends.hyperscan.base
INFO: Instrumenting pathspec._backends.hyperscan.gitignore
INFO: Instrumenting pathspec.patterns
INFO: Instrumenting pathspec.patterns.gitignore
INFO: Instrumenting pathspec.patterns.gitignore.base
INFO: Instrumenting pathspec.patterns.gitignore.basic
INFO: Instrumenting pathspec.util
INFO: Instrumenting pathspec.patterns.gitignore.spec
INFO: Instrumenting pathspec.patterns.gitwildmatch
INFO: Instrumenting pathspec._backends.hyperscan._base
INFO: Instrumenting pathspec._backends.hyperscan.pathspec
INFO: Instrumenting pathspec._backends._utils
INFO: Instrumenting pathspec._backends.re2
INFO: Instrumenting pathspec._backends.re2.base
INFO: Instrumenting pathspec._backends.re2._base
INFO: Instrumenting pathspec._backends.re2.gitignore
INFO: Instrumenting pathspec._backends.re2.pathspec
INFO: Instrumenting pathspec._backends.simple
INFO: Instrumenting pathspec._backends.simple.gitignore
INFO: Instrumenting pathspec._backends.simple.pathspec
INFO: Instrumenting pathspec.pathspec
INFO: Instrumenting pathspec._meta
INFO: Instrumenting pathspec._version
INFO: Instrumenting _black_version
INFO: Instrumenting black.cache
INFO: Instrumenting hashlib
INFO: Instrumenting pickle
INFO: Instrumenting struct
INFO: Instrumenting _compat_pickle
INFO: Instrumenting platformdirs
INFO: Instrumenting platformdirs.api
INFO: Instrumenting platformdirs.version
INFO: Instrumenting platformdirs.unix
INFO: Instrumenting configparser
INFO: Instrumenting black.mode
INFO: Instrumenting black.const
INFO: Instrumenting black.output
INFO: Instrumenting black.comments
INFO: Instrumenting black.nodes
INFO: Instrumenting black.strings
INFO: Instrumenting black._width_table
INFO: Instrumenting blib2to3
INFO: Instrumenting blib2to3.pytree
INFO: Instrumenting blib2to3.pgen2
INFO: Instrumenting blib2to3.pgen2.grammar
INFO: Instrumenting blib2to3.pgen2.token
INFO: Instrumenting blib2to3.pygram
INFO: Instrumenting blib2to3.pgen2.driver
INFO: Instrumenting pkgutil
INFO: Instrumenting importlib.util
WARNING: It looks like this module is imported by a custom loader. Atheris has experimental support for this. However, it may be incompatible with certain libraries. If you experience unusual errors or poor coverage collection, try atheris.instrument_all() instead, add enable_loader_override=False to instrument_imports(), or file an issue on GitHub.
INFO: Instrumenting blib2to3.pgen2.tokenize
INFO: Instrumenting blib2to3.pgen2.parse
INFO: Instrumenting blib2to3.pgen2.pgen
INFO: Instrumenting black.files
INFO: Instrumenting packaging
INFO: Instrumenting packaging.specifiers
INFO: Instrumenting packaging.utils
INFO: Instrumenting packaging.tags
INFO: Instrumenting subprocess
INFO: Instrumenting locale
INFO: Instrumenting _locale
INFO: Instrumenting signal
INFO: Instrumenting selectors
INFO: Instrumenting sysconfig
INFO: Instrumenting packaging._manylinux
INFO: Instrumenting packaging._elffile
INFO: Instrumenting packaging._musllinux
INFO: Instrumenting packaging.version
INFO: Instrumenting packaging._structures
INFO: Instrumenting tomllib
INFO: Instrumenting tomllib._parser
INFO: Instrumenting tomllib._re
INFO: Instrumenting tomllib._types
INFO: Instrumenting black.handle_ipynb_magics
INFO: Instrumenting secrets
INFO: Instrumenting base64
INFO: Instrumenting hmac
INFO: Instrumenting black.report
INFO: Instrumenting black.linegen
INFO: Instrumenting black.brackets
INFO: Instrumenting black.lines
INFO: Instrumenting black.numerics
INFO: Instrumenting black.trans
INFO: Instrumenting black.rusty
INFO: Instrumenting black.parsing
INFO: Instrumenting black.ranges
INFO: Instrumenting difflib
INFO: Instrumenting heapq
INFO: Using built-in libfuzzer
WARNING: Failed to find function "__sanitizer_acquire_crash_state".
WARNING: Failed to find function "__sanitizer_print_stack_trace".
WARNING: Failed to find function "__sanitizer_set_death_callback".
INFO: Running with entropic power schedule (0xFF, 100).
INFO: Seed: 3192893311
INFO: -max_len is not provided; libFuzzer will not generate inputs larger than 4096 bytes
INFO: A corpus is not provided, starting from an empty corpus
#2	INITED cov: 238 ft: 238 corp: 1/1b exec/s: 0 rss: 55Mb
#12	NEW    cov: 512 ft: 732 corp: 2/4b lim: 4 exec/s: 0 rss: 56Mb L: 3/3 MS: 5 CrossOver-InsertByte-ChangeByte-ChangeASCIIInt-CrossOver-
#16	NEW    cov: 546 ft: 789 corp: 3/6b lim: 4 exec/s: 0 rss: 56Mb L: 2/3 MS: 4 ChangeASCIIInt-ShuffleBytes-EraseBytes-ChangeByte-
#26	NEW    cov: 552 ft: 851 corp: 4/8b lim: 4 exec/s: 0 rss: 56Mb L: 2/3 MS: 5 ShuffleBytes-ChangeBit-ChangeByte-ShuffleBytes-CopyPart-
#28	NEW    cov: 557 ft: 883 corp: 5/10b lim: 4 exec/s: 0 rss: 56Mb L: 2/3 MS: 2 ShuffleBytes-ChangeByte-
#29	NEW    cov: 557 ft: 884 corp: 6/12b lim: 4 exec/s: 0 rss: 56Mb L: 2/3 MS: 1 ChangeBit-
#30	NEW    cov: 557 ft: 889 corp: 7/14b lim: 4 exec/s: 0 rss: 56Mb L: 2/3 MS: 1 ChangeByte-
#33	NEW    cov: 557 ft: 891 corp: 8/17b lim: 4 exec/s: 0 rss: 56Mb L: 3/3 MS: 3 CopyPart-EraseBytes-CrossOver-
#34	NEW    cov: 557 ft: 910 corp: 9/20b lim: 4 exec/s: 0 rss: 56Mb L: 3/3 MS: 1 CopyPart-
#38	NEW    cov: 562 ft: 1041 corp: 10/22b lim: 4 exec/s: 0 rss: 56Mb L: 2/3 MS: 4 EraseBytes-ChangeByte-ChangeBit-CopyPart-
#39	NEW    cov: 562 ft: 1052 corp: 11/25b lim: 4 exec/s: 0 rss: 56Mb L: 3/3 MS: 1 CrossOver-
#42	NEW    cov: 562 ft: 1054 corp: 12/29b lim: 4 exec/s: 0 rss: 56Mb L: 4/4 MS: 3 EraseBytes-CMP-ChangeBinInt- DE: "\343\240\212"-
#45	NEW    cov: 607 ft: 1119 corp: 13/32b lim: 4 exec/s: 0 rss: 56Mb L: 3/4 MS: 3 ChangeBit-ChangeByte-InsertByte-
#51	NEW    cov: 607 ft: 1122 corp: 14/35b lim: 4 exec/s: 0 rss: 56Mb L: 3/4 MS: 1 CopyPart-
#56	NEW    cov: 617 ft: 1392 corp: 15/39b lim: 4 exec/s: 0 rss: 56Mb L: 4/4 MS: 5 CopyPart-CrossOver-CrossOver-ChangeBit-ChangeBinInt-
#66	NEW    cov: 617 ft: 1413 corp: 16/41b lim: 4 exec/s: 0 rss: 56Mb L: 2/4 MS: 5 EraseBytes-CopyPart-ShuffleBytes-ChangeBit-CopyPart-
#70	NEW    cov: 617 ft: 1421 corp: 17/45b lim: 4 exec/s: 0 rss: 56Mb L: 4/4 MS: 4 InsertByte-ChangeByte-CMP-InsertByte- DE: "\015\012"-
#71	NEW    cov: 617 ft: 1422 corp: 18/49b lim: 4 exec/s: 0 rss: 56Mb L: 4/4 MS: 1 ChangeBinInt-
#76	NEW    cov: 617 ft: 1424 corp: 19/53b lim: 4 exec/s: 0 rss: 56Mb L: 4/4 MS: 5 ShuffleBytes-ShuffleBytes-ChangeBinInt-CopyPart-ShuffleBytes-
#85	REDUCE cov: 617 ft: 1424 corp: 19/51b lim: 4 exec/s: 0 rss: 56Mb L: 2/4 MS: 4 ShuffleBytes-EraseBytes-ChangeBit-EraseBytes-
#86	NEW    cov: 617 ft: 1426 corp: 20/54b lim: 4 exec/s: 0 rss: 56Mb L: 3/4 MS: 1 ChangeBit-
#87	NEW    cov: 617 ft: 1450 corp: 21/56b lim: 4 exec/s: 0 rss: 56Mb L: 2/4 MS: 1 CrossOver-
#88	NEW    cov: 617 ft: 1454 corp: 22/60b lim: 4 exec/s: 0 rss: 56Mb L: 4/4 MS: 1 InsertByte-
#99	NEW    cov: 627 ft: 1467 corp: 23/64b lim: 4 exec/s: 0 rss: 56Mb L: 4/4 MS: 1 PersAutoDict- DE: "\343\240\212"-
#108	NEW    cov: 629 ft: 1470 corp: 24/68b lim: 4 exec/s: 0 rss: 56Mb L: 4/4 MS: 4 ShuffleBytes-InsertByte-CopyPart-CrossOver-
#120	NEW    cov: 629 ft: 1473 corp: 25/72b lim: 4 exec/s: 0 rss: 56Mb L: 4/4 MS: 2 ChangeBinInt-CrossOver-
#131	NEW    cov: 629 ft: 1718 corp: 26/76b lim: 4 exec/s: 0 rss: 56Mb L: 4/4 MS: 1 ChangeBinInt-
#132	NEW    cov: 629 ft: 1720 corp: 27/80b lim: 4 exec/s: 0 rss: 56Mb L: 4/4 MS: 1 ChangeBit-
#141	NEW    cov: 629 ft: 1722 corp: 28/84b lim: 4 exec/s: 0 rss: 56Mb L: 4/4 MS: 4 ChangeBit-ChangeByte-EraseBytes-CopyPart-
#148	NEW    cov: 676 ft: 1927 corp: 29/88b lim: 4 exec/s: 0 rss: 56Mb L: 4/4 MS: 2 InsertByte-ChangeByte-
#153	NEW    cov: 677 ft: 1933 corp: 30/92b lim: 4 exec/s: 0 rss: 56Mb L: 4/4 MS: 5 CrossOver-CMP-PersAutoDict-CrossOver-PersAutoDict- DE: "\343\240\213"-"\015\012"-"\015\012"-
#157	NEW    cov: 677 ft: 1934 corp: 31/96b lim: 4 exec/s: 0 rss: 56Mb L: 4/4 MS: 4 ShuffleBytes-ChangeByte-ShuffleBytes-ShuffleBytes-
#180	NEW    cov: 677 ft: 1935 corp: 32/100b lim: 4 exec/s: 0 rss: 56Mb L: 4/4 MS: 3 InsertByte-CrossOver-ChangeByte-
#182	NEW    cov: 678 ft: 1941 corp: 33/103b lim: 4 exec/s: 0 rss: 56Mb L: 3/4 MS: 2 PersAutoDict-EraseBytes- DE: "\015\012"-
#204	NEW    cov: 678 ft: 2026 corp: 34/107b lim: 4 exec/s: 0 rss: 56Mb L: 4/4 MS: 2 PersAutoDict-PersAutoDict- DE: "\343\240\213"-"\343\240\212"-
#212	NEW    cov: 678 ft: 2036 corp: 35/111b lim: 4 exec/s: 0 rss: 56Mb L: 4/4 MS: 3 ChangeByte-ChangeBit-CrossOver-
#213	NEW    cov: 678 ft: 2037 corp: 36/114b lim: 4 exec/s: 0 rss: 56Mb L: 3/4 MS: 1 ChangeBit-
#234	NEW    cov: 871 ft: 2494 corp: 37/118b lim: 4 exec/s: 0 rss: 56Mb L: 4/4 MS: 1 CrossOver-
#237	NEW    cov: 871 ft: 2511 corp: 38/122b lim: 4 exec/s: 0 rss: 56Mb L: 4/4 MS: 3 ChangeByte-InsertByte-ChangeBit-
#254	NEW    cov: 871 ft: 2515 corp: 39/126b lim: 4 exec/s: 0 rss: 56Mb L: 4/4 MS: 2 ChangeBit-CrossOver-
#278	NEW    cov: 871 ft: 2540 corp: 40/130b lim: 4 exec/s: 0 rss: 56Mb L: 4/4 MS: 4 CrossOver-PersAutoDict-ChangeBinInt-CopyPart- DE: "\343\240\213"-
#283	NEW    cov: 871 ft: 2541 corp: 41/134b lim: 4 exec/s: 0 rss: 56Mb L: 4/4 MS: 5 ChangeBit-InsertByte-CopyPart-CopyPart-ChangeBit-
#291	NEW    cov: 872 ft: 2542 corp: 42/138b lim: 4 exec/s: 0 rss: 56Mb L: 4/4 MS: 3 ChangeBinInt-CopyPart-ChangeByte-
#307	REDUCE cov: 872 ft: 2542 corp: 42/137b lim: 4 exec/s: 0 rss: 56Mb L: 3/4 MS: 1 EraseBytes-
#323	NEW    cov: 878 ft: 2621 corp: 43/141b lim: 4 exec/s: 0 rss: 56Mb L: 4/4 MS: 1 ChangeBit-
#337	NEW    cov: 878 ft: 2622 corp: 44/145b lim: 4 exec/s: 0 rss: 56Mb L: 4/4 MS: 4 ChangeBinInt-ChangeBit-PersAutoDict-CopyPart- DE: "\343\240\213"-
#351	NEW    cov: 879 ft: 2623 corp: 45/148b lim: 4 exec/s: 0 rss: 56Mb L: 3/4 MS: 4 ChangeBit-ChangeByte-CopyPart-CrossOver-
#409	NEW    cov: 879 ft: 2624 corp: 46/152b lim: 4 exec/s: 0 rss: 56Mb L: 4/4 MS: 3 PersAutoDict-InsertByte-PersAutoDict- DE: "\343\240\212"-"\015\012"-
#445	NEW    cov: 880 ft: 2631 corp: 47/156b lim: 4 exec/s: 0 rss: 56Mb L: 4/4 MS: 1 ShuffleBytes-
#446	NEW    cov: 880 ft: 2634 corp: 48/160b lim: 4 exec/s: 0 rss: 56Mb L: 4/4 MS: 1 CopyPart-
#448	NEW    cov: 903 ft: 2710 corp: 49/164b lim: 4 exec/s: 0 rss: 56Mb L: 4/4 MS: 2 CrossOver-ChangeBinInt-
#455	NEW    cov: 903 ft: 2711 corp: 50/168b lim: 4 exec/s: 0 rss: 56Mb L: 4/4 MS: 2 ShuffleBytes-ChangeBit-
#487	NEW    cov: 903 ft: 2712 corp: 51/172b lim: 4 exec/s: 0 rss: 56Mb L: 4/4 MS: 2 CrossOver-CopyPart-
#545	NEW    cov: 904 ft: 2716 corp: 52/174b lim: 4 exec/s: 0 rss: 56Mb L: 2/4 MS: 3 ChangeBinInt-ChangeBinInt-CrossOver-
#611	NEW    cov: 904 ft: 2723 corp: 53/178b lim: 4 exec/s: 0 rss: 56Mb L: 4/4 MS: 1 CopyPart-
#647	NEW    cov: 904 ft: 2724 corp: 54/182b lim: 4 exec/s: 0 rss: 56Mb L: 4/4 MS: 1 PersAutoDict- DE: "\015\012"-
#674	NEW    cov: 904 ft: 2725 corp: 55/186b lim: 4 exec/s: 0 rss: 56Mb L: 4/4 MS: 2 ChangeByte-ChangeByte-
#709	NEW    cov: 909 ft: 2773 corp: 56/190b lim: 4 exec/s: 0 rss: 56Mb L: 4/4 MS: 5 InsertByte-InsertByte-ChangeByte-ChangeBit-ChangeByte-
#713	NEW    cov: 909 ft: 2776 corp: 57/194b lim: 4 exec/s: 0 rss: 56Mb L: 4/4 MS: 4 CopyPart-ChangeByte-ChangeByte-ChangeByte-
#749	NEW    cov: 909 ft: 2777 corp: 58/198b lim: 4 exec/s: 0 rss: 56Mb L: 4/4 MS: 1 ChangeBinInt-
#794	NEW    cov: 936 ft: 2813 corp: 59/201b lim: 4 exec/s: 0 rss: 56Mb L: 3/4 MS: 5 ShuffleBytes-EraseBytes-InsertByte-ChangeByte-CopyPart-
#809	NEW    cov: 966 ft: 2849 corp: 60/205b lim: 4 exec/s: 0 rss: 56Mb L: 4/4 MS: 5 CopyPart-CopyPart-CrossOver-CopyPart-ChangeByte-
#831	NEW    cov: 966 ft: 2855 corp: 61/209b lim: 4 exec/s: 0 rss: 56Mb L: 4/4 MS: 2 ChangeByte-CopyPart-
#890	NEW    cov: 966 ft: 2918 corp: 62/213b lim: 4 exec/s: 0 rss: 56Mb L: 4/4 MS: 4 ShuffleBytes-ChangeBinInt-CopyPart-CrossOver-
#893	NEW    cov: 968 ft: 2922 corp: 63/217b lim: 4 exec/s: 0 rss: 56Mb L: 4/4 MS: 3 ChangeBit-ChangeByte-ShuffleBytes-
#923	NEW    cov: 968 ft: 2923 corp: 64/219b lim: 4 exec/s: 0 rss: 56Mb L: 2/4 MS: 5 ShuffleBytes-ChangeBit-CopyPart-CrossOver-ChangeBinInt-
#975	NEW    cov: 968 ft: 2928 corp: 65/223b lim: 4 exec/s: 0 rss: 56Mb L: 4/4 MS: 2 ChangeByte-CrossOver-
#995	NEW    cov: 968 ft: 2930 corp: 66/227b lim: 4 exec/s: 995 rss: 56Mb L: 4/4 MS: 5 InsertByte-ChangeBit-CrossOver-ChangeBinInt-ShuffleBytes-
#1077	REDUCE cov: 968 ft: 2930 corp: 66/225b lim: 4 exec/s: 1077 rss: 56Mb L: 2/4 MS: 2 PersAutoDict-EraseBytes- DE: "\343\240\213"-
#1088	NEW    cov: 968 ft: 2960 corp: 67/228b lim: 4 exec/s: 1088 rss: 56Mb L: 3/4 MS: 1 EraseBytes-
#1234	NEW    cov: 970 ft: 2966 corp: 68/232b lim: 4 exec/s: 1234 rss: 56Mb L: 4/4 MS: 1 CrossOver-
#1238	REDUCE cov: 970 ft: 2966 corp: 68/231b lim: 4 exec/s: 1238 rss: 56Mb L: 3/4 MS: 4 ChangeASCIIInt-ChangeByte-EraseBytes-ChangeByte-
#1249	NEW    cov: 970 ft: 2969 corp: 69/235b lim: 4 exec/s: 1249 rss: 56Mb L: 4/4 MS: 1 InsertByte-
#1274	NEW    cov: 970 ft: 2994 corp: 70/238b lim: 4 exec/s: 1274 rss: 56Mb L: 3/4 MS: 5 CrossOver-EraseBytes-ChangeBit-ChangeByte-ChangeByte-
#1362	NEW    cov: 1043 ft: 3140 corp: 71/242b lim: 4 exec/s: 1362 rss: 56Mb L: 4/4 MS: 3 InsertByte-CopyPart-ChangeBit-
#1405	NEW    cov: 1043 ft: 3190 corp: 72/246b lim: 4 exec/s: 1405 rss: 56Mb L: 4/4 MS: 3 ChangeByte-CrossOver-ShuffleBytes-
#1474	NEW    cov: 1044 ft: 3191 corp: 73/250b lim: 4 exec/s: 1474 rss: 56Mb L: 4/4 MS: 4 ChangeBit-ChangeBit-CMP-ChangeBit- DE: "\000\000"-
#1497	NEW    cov: 1045 ft: 3193 corp: 74/254b lim: 4 exec/s: 1497 rss: 56Mb L: 4/4 MS: 3 PersAutoDict-CopyPart-CMP- DE: "\015\012"-"def"-
#1708	NEW    cov: 1045 ft: 3198 corp: 75/259b lim: 6 exec/s: 1708 rss: 56Mb L: 5/5 MS: 1 InsertByte-
#1711	NEW    cov: 1045 ft: 3202 corp: 76/265b lim: 6 exec/s: 1711 rss: 56Mb L: 6/6 MS: 3 CMP-ChangeBit-ShuffleBytes- DE: "def"-
#1791	NEW    cov: 1045 ft: 3204 corp: 77/271b lim: 6 exec/s: 1791 rss: 56Mb L: 6/6 MS: 5 CopyPart-EraseBytes-InsertByte-InsertRepeatedBytes-ChangeByte-
#1800	NEW    cov: 1045 ft: 3211 corp: 78/276b lim: 6 exec/s: 1800 rss: 56Mb L: 5/6 MS: 4 ShuffleBytes-InsertByte-CopyPart-ChangeByte-
#1816	NEW    cov: 1045 ft: 3212 corp: 79/281b lim: 6 exec/s: 1816 rss: 57Mb L: 5/6 MS: 1 InsertByte-
#1838	REDUCE cov: 1045 ft: 3212 corp: 79/280b lim: 6 exec/s: 1838 rss: 57Mb L: 3/6 MS: 2 EraseBytes-ChangeBit-
#1848	REDUCE cov: 1045 ft: 3213 corp: 80/286b lim: 6 exec/s: 1848 rss: 57Mb L: 6/6 MS: 5 CopyPart-CrossOver-InsertByte-ChangeBit-ChangeBinInt-
#1869	NEW    cov: 1046 ft: 3326 corp: 81/292b lim: 6 exec/s: 1869 rss: 57Mb L: 6/6 MS: 1 CopyPart-
#2007	NEW    cov: 1046 ft: 3361 corp: 82/298b lim: 6 exec/s: 1003 rss: 57Mb L: 6/6 MS: 3 ChangeByte-CrossOver-CopyPart-
#2048	pulse  cov: 1046 ft: 3361 corp: 82/298b lim: 6 exec/s: 1024 rss: 57Mb
#2078	NEW    cov: 1048 ft: 3364 corp: 83/303b lim: 6 exec/s: 1039 rss: 57Mb L: 5/6 MS: 1 InsertRepeatedBytes-
#2086	NEW    cov: 1050 ft: 3366 corp: 84/306b lim: 6 exec/s: 1043 rss: 57Mb L: 3/6 MS: 3 InsertByte-EraseBytes-ChangeByte-
#2147	NEW    cov: 1050 ft: 3541 corp: 85/311b lim: 6 exec/s: 1073 rss: 57Mb L: 5/6 MS: 1 CrossOver-
#2170	NEW    cov: 1050 ft: 3574 corp: 86/317b lim: 6 exec/s: 1085 rss: 57Mb L: 6/6 MS: 3 ChangeBit-CopyPart-ChangeByte-
#2171	NEW    cov: 1050 ft: 3575 corp: 87/323b lim: 6 exec/s: 1085 rss: 57Mb L: 6/6 MS: 1 PersAutoDict- DE: "\343\240\212"-
#2247	REDUCE cov: 1050 ft: 3575 corp: 87/322b lim: 6 exec/s: 1123 rss: 57Mb L: 3/6 MS: 1 EraseBytes-
#2292	NEW    cov: 1050 ft: 3578 corp: 88/326b lim: 6 exec/s: 1146 rss: 57Mb L: 4/6 MS: 5 ChangeBit-EraseBytes-InsertByte-CopyPart-CrossOver-
#2544	NEW    cov: 1050 ft: 3590 corp: 89/329b lim: 8 exec/s: 1272 rss: 57Mb L: 3/6 MS: 2 CrossOver-EraseBytes-
#2572	NEW    cov: 1050 ft: 3592 corp: 90/336b lim: 8 exec/s: 1286 rss: 57Mb L: 7/7 MS: 3 ShuffleBytes-InsertRepeatedBytes-ShuffleBytes-
#2635	NEW    cov: 1050 ft: 3634 corp: 91/342b lim: 8 exec/s: 1317 rss: 57Mb L: 6/7 MS: 3 InsertByte-ChangeByte-InsertByte-
#2674	NEW    cov: 1050 ft: 3639 corp: 92/350b lim: 8 exec/s: 1337 rss: 57Mb L: 8/8 MS: 4 ChangeByte-PersAutoDict-ChangeByte-InsertByte- DE: "\343\240\212"-
#2752	NEW    cov: 1051 ft: 3686 corp: 93/356b lim: 8 exec/s: 1376 rss: 57Mb L: 6/8 MS: 3 ChangeBit-CopyPart-ShuffleBytes-
#2866	NEW    cov: 1051 ft: 3692 corp: 94/362b lim: 8 exec/s: 955 rss: 57Mb L: 6/8 MS: 4 ChangeBit-ShuffleBytes-ShuffleBytes-CrossOver-
#2868	NEW    cov: 1051 ft: 3707 corp: 95/369b lim: 8 exec/s: 956 rss: 57Mb L: 7/8 MS: 2 CrossOver-InsertByte-
#2943	NEW    cov: 1051 ft: 3708 corp: 96/375b lim: 8 exec/s: 981 rss: 57Mb L: 6/8 MS: 5 ShuffleBytes-ChangeByte-CrossOver-PersAutoDict-ChangeBinInt- DE: "\000\000"-
#3079	NEW    cov: 1051 ft: 3710 corp: 97/383b lim: 8 exec/s: 1026 rss: 57Mb L: 8/8 MS: 1 CopyPart-
#3097	NEW    cov: 1057 ft: 3716 corp: 98/390b lim: 8 exec/s: 1032 rss: 57Mb L: 7/8 MS: 3 EraseBytes-InsertByte-InsertRepeatedBytes-
#3179	REDUCE cov: 1057 ft: 3716 corp: 98/389b lim: 8 exec/s: 1059 rss: 57Mb L: 5/8 MS: 2 ChangeBit-EraseBytes-
#3273	REDUCE cov: 1057 ft: 3716 corp: 98/388b lim: 8 exec/s: 1091 rss: 57Mb L: 3/8 MS: 4 ChangeByte-ChangeBit-ChangeBit-EraseBytes-
#3304	NEW    cov: 1057 ft: 3727 corp: 99/395b lim: 8 exec/s: 1101 rss: 57Mb L: 7/8 MS: 1 CrossOver-
#3342	NEW    cov: 1057 ft: 3743 corp: 100/401b lim: 8 exec/s: 1114 rss: 57Mb L: 6/8 MS: 3 ChangeBit-ChangeBit-EraseBytes-
#3427	NEW    cov: 1057 ft: 3811 corp: 101/407b lim: 8 exec/s: 1142 rss: 57Mb L: 6/8 MS: 5 ChangeBit-ChangeByte-PersAutoDict-CopyPart-ChangeBit- DE: "\343\240\213"-
#3494	NEW    cov: 1063 ft: 3822 corp: 102/413b lim: 8 exec/s: 1164 rss: 57Mb L: 6/8 MS: 2 ChangeBit-ShuffleBytes-
#3592	NEW    cov: 1063 ft: 3823 corp: 103/421b lim: 8 exec/s: 1197 rss: 57Mb L: 8/8 MS: 3 ShuffleBytes-ChangeASCIIInt-CMP- DE: "for"-
#3960	NEW    cov: 1064 ft: 3904 corp: 104/429b lim: 11 exec/s: 990 rss: 57Mb L: 8/8 MS: 3 InsertRepeatedBytes-EraseBytes-CopyPart-
#3962	NEW    cov: 1064 ft: 3907 corp: 105/437b lim: 11 exec/s: 990 rss: 57Mb L: 8/8 MS: 2 InsertByte-InsertRepeatedBytes-
#3966	NEW    cov: 1064 ft: 3935 corp: 106/447b lim: 11 exec/s: 991 rss: 57Mb L: 10/10 MS: 4 ShuffleBytes-PersAutoDict-CrossOver-CrossOver- DE: "\015\012"-
#3983	NEW    cov: 1064 ft: 3937 corp: 107/457b lim: 11 exec/s: 995 rss: 57Mb L: 10/10 MS: 2 ChangeByte-PersAutoDict- DE: "\015\012"-
#4021	NEW    cov: 1064 ft: 3942 corp: 108/468b lim: 11 exec/s: 1005 rss: 57Mb L: 11/11 MS: 3 InsertRepeatedBytes-InsertRepeatedBytes-ChangeByte-
#4022	NEW    cov: 1064 ft: 3943 corp: 109/476b lim: 11 exec/s: 1005 rss: 57Mb L: 8/11 MS: 1 CrossOver-
#4096	pulse  cov: 1064 ft: 3943 corp: 109/476b lim: 11 exec/s: 1024 rss: 57Mb
#4105	NEW    cov: 1064 ft: 3947 corp: 110/481b lim: 11 exec/s: 1026 rss: 57Mb L: 5/11 MS: 3 ChangeByte-CopyPart-InsertByte-
#4117	NEW    cov: 1064 ft: 4028 corp: 111/491b lim: 11 exec/s: 1029 rss: 57Mb L: 10/11 MS: 2 ChangeByte-CopyPart-
#4167	NEW    cov: 1064 ft: 4031 corp: 112/501b lim: 11 exec/s: 1041 rss: 57Mb L: 10/11 MS: 5 ShuffleBytes-InsertByte-ChangeByte-ChangeBit-InsertRepeatedBytes-
#4278	NEW    cov: 1064 ft: 4071 corp: 113/509b lim: 11 exec/s: 1069 rss: 57Mb L: 8/11 MS: 1 CopyPart-
#4326	NEW    cov: 1064 ft: 4072 corp: 114/515b lim: 11 exec/s: 1081 rss: 57Mb L: 6/11 MS: 3 CopyPart-ChangeBit-CopyPart-
#4342	NEW    cov: 1064 ft: 4074 corp: 115/521b lim: 11 exec/s: 1085 rss: 57Mb L: 6/11 MS: 1 CopyPart-
#4348	NEW    cov: 1197 ft: 4346 corp: 116/527b lim: 11 exec/s: 1087 rss: 57Mb L: 6/11 MS: 1 CopyPart-
#4517	NEW    cov: 1197 ft: 4348 corp: 117/531b lim: 11 exec/s: 903 rss: 57Mb L: 4/11 MS: 4 EraseBytes-ChangeBit-CopyPart-InsertByte-
#4522	NEW    cov: 1198 ft: 4349 corp: 118/542b lim: 11 exec/s: 904 rss: 57Mb L: 11/11 MS: 5 CrossOver-CrossOver-PersAutoDict-CMP-PersAutoDict- DE: "\343\240\212"-"\000\000\000\000"-"\343\240\212"-
#4525	REDUCE cov: 1198 ft: 4352 corp: 119/550b lim: 11 exec/s: 905 rss: 57Mb L: 8/11 MS: 3 ChangeBinInt-CrossOver-InsertRepeatedBytes-
#4537	REDUCE cov: 1198 ft: 4352 corp: 119/549b lim: 11 exec/s: 907 rss: 57Mb L: 7/11 MS: 2 ChangeByte-EraseBytes-
#4542	NEW    cov: 1198 ft: 4355 corp: 120/560b lim: 11 exec/s: 908 rss: 57Mb L: 11/11 MS: 5 ShuffleBytes-CMP-ChangeBinInt-ChangeBit-CopyPart- DE: "import"-
#4573	NEW    cov: 1199 ft: 4378 corp: 121/571b lim: 11 exec/s: 914 rss: 57Mb L: 11/11 MS: 1 CrossOver-
#4679	REDUCE cov: 1199 ft: 4395 corp: 122/576b lim: 11 exec/s: 935 rss: 57Mb L: 5/11 MS: 1 ShuffleBytes-
#4730	NEW    cov: 1199 ft: 4398 corp: 123/582b lim: 11 exec/s: 946 rss: 57Mb L: 6/11 MS: 1 CopyPart-
#4731	NEW    cov: 1199 ft: 4399 corp: 124/592b lim: 11 exec/s: 946 rss: 57Mb L: 10/11 MS: 1 CrossOver-
#4743	NEW    cov: 1201 ft: 4417 corp: 125/603b lim: 11 exec/s: 948 rss: 57Mb L: 11/11 MS: 2 CopyPart-CopyPart-
#4760	NEW    cov: 1213 ft: 4436 corp: 126/607b lim: 11 exec/s: 952 rss: 57Mb L: 4/11 MS: 2 CrossOver-ChangeBit-
#4782	NEW    cov: 1213 ft: 4437 corp: 127/618b lim: 11 exec/s: 956 rss: 57Mb L: 11/11 MS: 2 CopyPart-CopyPart-
#4837	NEW    cov: 1213 ft: 4446 corp: 128/629b lim: 11 exec/s: 967 rss: 57Mb L: 11/11 MS: 5 InsertRepeatedBytes-PersAutoDict-ChangeByte-ChangeByte-CrossOver- DE: "\343\240\212"-
#4878	NEW    cov: 1213 ft: 4447 corp: 129/640b lim: 11 exec/s: 975 rss: 57Mb L: 11/11 MS: 1 ChangeBinInt-
#4984	NEW    cov: 1218 ft: 4456 corp: 130/647b lim: 11 exec/s: 996 rss: 57Mb L: 7/11 MS: 1 CopyPart-
#5075	NEW    cov: 1218 ft: 4458 corp: 131/654b lim: 11 exec/s: 1015 rss: 57Mb L: 7/11 MS: 1 InsertRepeatedBytes-
#5086	NEW    cov: 1219 ft: 4461 corp: 132/658b lim: 11 exec/s: 1017 rss: 57Mb L: 4/11 MS: 1 ChangeBit-
#5232	NEW    cov: 1220 ft: 4463 corp: 133/664b lim: 11 exec/s: 1046 rss: 57Mb L: 6/11 MS: 1 CrossOver-
#5313	NEW    cov: 1221 ft: 4475 corp: 134/675b lim: 11 exec/s: 885 rss: 57Mb L: 11/11 MS: 1 CopyPart-
#5539	NEW    cov: 1221 ft: 4476 corp: 135/680b lim: 11 exec/s: 923 rss: 57Mb L: 5/11 MS: 1 CrossOver-
#5640	NEW    cov: 1221 ft: 4477 corp: 136/691b lim: 11 exec/s: 940 rss: 57Mb L: 11/11 MS: 1 ChangeByte-
#5708	NEW    cov: 1221 ft: 4478 corp: 137/702b lim: 11 exec/s: 951 rss: 57Mb L: 11/11 MS: 3 ChangeBit-ChangeByte-CopyPart-
#5717	NEW    cov: 1221 ft: 4497 corp: 138/713b lim: 11 exec/s: 952 rss: 57Mb L: 11/11 MS: 4 ShuffleBytes-CopyPart-ShuffleBytes-CopyPart-
#5828	REDUCE cov: 1221 ft: 4497 corp: 138/712b lim: 11 exec/s: 971 rss: 57Mb L: 5/11 MS: 1 EraseBytes-
#5868	NEW    cov: 1224 ft: 4500 corp: 139/717b lim: 11 exec/s: 978 rss: 57Mb L: 5/11 MS: 5 InsertRepeatedBytes-CrossOver-InsertRepeatedBytes-EraseBytes-ChangeByte-
#5971	REDUCE cov: 1228 ft: 4504 corp: 140/728b lim: 11 exec/s: 995 rss: 57Mb L: 11/11 MS: 3 InsertRepeatedBytes-ChangeByte-InsertByte-
#6050	NEW    cov: 1372 ft: 4661 corp: 141/735b lim: 11 exec/s: 1008 rss: 57Mb L: 7/11 MS: 4 ChangeByte-ChangeByte-ShuffleBytes-EraseBytes-
#6226	NEW    cov: 1372 ft: 4664 corp: 142/743b lim: 11 exec/s: 889 rss: 57Mb L: 8/11 MS: 1 CopyPart-
#6338	NEW    cov: 1372 ft: 4687 corp: 143/754b lim: 11 exec/s: 905 rss: 57Mb L: 11/11 MS: 2 CopyPart-CopyPart-
#6490	REDUCE cov: 1372 ft: 4687 corp: 143/751b lim: 11 exec/s: 927 rss: 57Mb L: 7/11 MS: 2 ChangeBit-EraseBytes-
#6556	NEW    cov: 1372 ft: 4691 corp: 144/762b lim: 11 exec/s: 936 rss: 57Mb L: 11/11 MS: 1 ShuffleBytes-
#6558	NEW    cov: 1372 ft: 4694 corp: 145/773b lim: 11 exec/s: 936 rss: 57Mb L: 11/11 MS: 2 ShuffleBytes-ChangeByte-
#6736	NEW    cov: 1372 ft: 4696 corp: 146/783b lim: 11 exec/s: 962 rss: 57Mb L: 10/11 MS: 3 CopyPart-ChangeBit-ShuffleBytes-
#6752	NEW    cov: 1373 ft: 4717 corp: 147/791b lim: 11 exec/s: 964 rss: 57Mb L: 8/11 MS: 1 InsertByte-
#6806	NEW    cov: 1381 ft: 4746 corp: 148/796b lim: 11 exec/s: 972 rss: 57Mb L: 5/11 MS: 4 EraseBytes-InsertByte-CopyPart-InsertByte-
#6922	REDUCE cov: 1381 ft: 4746 corp: 148/795b lim: 11 exec/s: 865 rss: 57Mb L: 5/11 MS: 1 CrossOver-
#6973	NEW    cov: 1382 ft: 4754 corp: 149/806b lim: 11 exec/s: 871 rss: 57Mb L: 11/11 MS: 1 ChangeByte-
#7024	NEW    cov: 1382 ft: 4759 corp: 150/812b lim: 11 exec/s: 878 rss: 57Mb L: 6/11 MS: 1 ChangeBinInt-
#7290	NEW    cov: 1382 ft: 4766 corp: 151/823b lim: 11 exec/s: 911 rss: 57Mb L: 11/11 MS: 1 InsertByte-
#7427	NEW    cov: 1382 ft: 4789 corp: 152/831b lim: 11 exec/s: 928 rss: 57Mb L: 8/11 MS: 2 InsertRepeatedBytes-CopyPart-
#7564	NEW    cov: 1382 ft: 4790 corp: 153/840b lim: 11 exec/s: 945 rss: 57Mb L: 9/11 MS: 2 ChangeBinInt-CrossOver-
#7565	NEW    cov: 1382 ft: 4799 corp: 154/850b lim: 11 exec/s: 945 rss: 57Mb L: 10/11 MS: 1 InsertRepeatedBytes-
#7711	REDUCE cov: 1382 ft: 4800 corp: 155/861b lim: 11 exec/s: 856 rss: 57Mb L: 11/11 MS: 1 PersAutoDict- DE: "import"-
#7860	NEW    cov: 1382 ft: 4805 corp: 156/870b lim: 11 exec/s: 873 rss: 57Mb L: 9/11 MS: 4 InsertRepeatedBytes-ShuffleBytes-CMP-CrossOver- DE: "\001\000"-
#7896	NEW    cov: 1382 ft: 4808 corp: 157/879b lim: 11 exec/s: 877 rss: 57Mb L: 9/11 MS: 1 InsertByte-
#7978	NEW    cov: 1382 ft: 4809 corp: 158/888b lim: 11 exec/s: 886 rss: 57Mb L: 9/11 MS: 2 InsertByte-CopyPart-
#8030	NEW    cov: 1382 ft: 4810 corp: 159/896b lim: 11 exec/s: 892 rss: 57Mb L: 8/11 MS: 2 ShuffleBytes-CrossOver-
#8031	NEW    cov: 1382 ft: 4811 corp: 160/907b lim: 11 exec/s: 892 rss: 57Mb L: 11/11 MS: 1 CopyPart-
#8150	NEW    cov: 1382 ft: 4813 corp: 161/916b lim: 11 exec/s: 905 rss: 57Mb L: 9/11 MS: 4 CopyPart-CopyPart-ShuffleBytes-EraseBytes-
#8192	pulse  cov: 1382 ft: 4813 corp: 161/916b lim: 11 exec/s: 910 rss: 57Mb
#8197	NEW    cov: 1382 ft: 4814 corp: 162/927b lim: 11 exec/s: 910 rss: 57Mb L: 11/11 MS: 2 InsertByte-ChangeBinInt-
#8208	NEW    cov: 1382 ft: 4815 corp: 163/934b lim: 11 exec/s: 912 rss: 57Mb L: 7/11 MS: 1 CopyPart-
#8241	NEW    cov: 1383 ft: 4816 corp: 164/941b lim: 11 exec/s: 915 rss: 57Mb L: 7/11 MS: 3 CrossOver-ChangeBinInt-CopyPart-
#8276	NEW    cov: 1385 ft: 4818 corp: 165/946b lim: 11 exec/s: 919 rss: 57Mb L: 5/11 MS: 5 ChangeBit-ChangeBinInt-InsertByte-CopyPart-ChangeBit-
#8403	NEW    cov: 1385 ft: 4819 corp: 166/957b lim: 11 exec/s: 840 rss: 57Mb L: 11/11 MS: 2 ChangeByte-InsertRepeatedBytes-
#8645	NEW    cov: 1385 ft: 4822 corp: 167/968b lim: 11 exec/s: 864 rss: 57Mb L: 11/11 MS: 2 ChangeBinInt-CrossOver-
#8671	NEW    cov: 1390 ft: 4834 corp: 168/979b lim: 11 exec/s: 867 rss: 57Mb L: 11/11 MS: 1 CrossOver-
#8830	REDUCE cov: 1390 ft: 4834 corp: 168/978b lim: 11 exec/s: 883 rss: 57Mb L: 10/11 MS: 4 ChangeByte-CMP-EraseBytes-CopyPart- DE: "IAl"-
#8915	NEW    cov: 1438 ft: 4884 corp: 169/982b lim: 11 exec/s: 891 rss: 57Mb L: 4/11 MS: 5 EraseBytes-EraseBytes-ChangeBit-ChangeByte-CopyPart-
#8986	NEW    cov: 1438 ft: 4886 corp: 170/993b lim: 11 exec/s: 898 rss: 57Mb L: 11/11 MS: 1 CrossOver-
#8997	REDUCE cov: 1438 ft: 4886 corp: 170/991b lim: 11 exec/s: 899 rss: 57Mb L: 6/11 MS: 1 EraseBytes-
#9029	REDUCE cov: 1438 ft: 4886 corp: 170/990b lim: 11 exec/s: 902 rss: 57Mb L: 10/11 MS: 2 CopyPart-EraseBytes-
#9031	NEW    cov: 1439 ft: 4887 corp: 171/996b lim: 11 exec/s: 903 rss: 57Mb L: 6/11 MS: 2 ShuffleBytes-CMP- DE: "*y\012"-
#9063	NEW    cov: 1439 ft: 4888 corp: 172/1006b lim: 11 exec/s: 906 rss: 57Mb L: 10/11 MS: 2 ChangeBit-CopyPart-
#9148	DONE   cov: 1439 ft: 4888 corp: 172/1006b lim: 11 exec/s: 831 rss: 57Mb
###### Recommended dictionary. ######
"\343\240\212" # Uses: 127
"\015\012" # Uses: 162
"\343\240\213" # Uses: 110
"\000\000" # Uses: 101
"def" # Uses: 86
"for" # Uses: 54
"\000\000\000\000" # Uses: 46
"import" # Uses: 25
"\001\000" # Uses: 8
"IAl" # Uses: 4
"*y\012" # Uses: 1
###### End of recommended dictionary. ######
Done 9148 runs in 11 second(s)
