INFO: Instrumenting black
INFO: Instrumenting json
INFO: Instrumenting json.decoder
INFO: Instrumenting json.scanner
INFO: Instrumenting json.encoder
INFO: Instrumenting platform
INFO: Instrumenting datetime
INFO: Instrumenting click
INFO: Instrumenting __future__
INFO: Instrumenting click.core
INFO: Instrumenting gettext
INFO: Instrumenting click.types
INFO: Instrumenting click._compat
INFO: Instrumenting click.exceptions
INFO: Instrumenting click.globals
INFO: Instrumenting click.utils
INFO: Instrumenting click._utils
INFO: Instrumenting click.formatting
INFO: Instrumenting click.parser
INFO: Instrumenting click.termui
INFO: Instrumenting click.decorators
INFO: Instrumenting mypy_extensions
INFO: Instrumenting pathspec
INFO: Instrumenting pathspec.gitignore
INFO: Instrumenting pathspec.backend
INFO: Instrumenting pathspec._backends
INFO: Instrumenting pathspec._backends.agg
INFO: Instrumenting pathspec.pattern
INFO: Instrumenting pathspec._typing
INFO: Instrumenting pathspec._backends.hyperscan
INFO: Instrumenting pathspec._backends.hyperscan.base
INFO: Instrumenting pathspec._backends.hyperscan.gitignore
INFO: Instrumenting pathspec.patterns
INFO: Instrumenting pathspec.patterns.gitignore
INFO: Instrumenting pathspec.patterns.gitignore.base
INFO: Instrumenting pathspec.patterns.gitignore.basic
INFO: Instrumenting pathspec.util
INFO: Instrumenting pathspec.patterns.gitignore.spec
INFO: Instrumenting pathspec.patterns.gitwildmatch
INFO: Instrumenting pathspec._backends.hyperscan._base
INFO: Instrumenting pathspec._backends.hyperscan.pathspec
INFO: Instrumenting pathspec._backends._utils
INFO: Instrumenting pathspec._backends.re2
INFO: Instrumenting pathspec._backends.re2.base
INFO: Instrumenting pathspec._backends.re2.gitignore
INFO: Instrumenting pathspec._backends.re2._base
INFO: Instrumenting pathspec._backends.re2.pathspec
INFO: Instrumenting pathspec._backends.simple
INFO: Instrumenting pathspec._backends.simple.gitignore
INFO: Instrumenting pathspec._backends.simple.pathspec
INFO: Instrumenting pathspec.pathspec
INFO: Instrumenting pathspec._meta
INFO: Instrumenting pathspec._version
INFO: Instrumenting _black_version
INFO: Instrumenting black.cache
INFO: Instrumenting hashlib
INFO: Instrumenting pickle
INFO: Instrumenting struct
INFO: Instrumenting _compat_pickle
INFO: Instrumenting platformdirs
INFO: Instrumenting platformdirs.api
INFO: Instrumenting platformdirs.version
INFO: Instrumenting platformdirs.unix
INFO: Instrumenting configparser
INFO: Instrumenting black.mode
INFO: Instrumenting black.const
INFO: Instrumenting black.output
INFO: Instrumenting black.comments
INFO: Instrumenting black.nodes
INFO: Instrumenting black.strings
INFO: Instrumenting black._width_table
INFO: Instrumenting blib2to3
INFO: Instrumenting blib2to3.pytree
INFO: Instrumenting blib2to3.pgen2
INFO: Instrumenting blib2to3.pgen2.grammar
INFO: Instrumenting blib2to3.pgen2.token
INFO: Instrumenting blib2to3.pygram
INFO: Instrumenting blib2to3.pgen2.driver
INFO: Instrumenting pkgutil
INFO: Instrumenting importlib.util
WARNING: It looks like this module is imported by a custom loader. Atheris has experimental support for this. However, it may be incompatible with certain libraries. If you experience unusual errors or poor coverage collection, try atheris.instrument_all() instead, add enable_loader_override=False to instrument_imports(), or file an issue on GitHub.
INFO: Instrumenting blib2to3.pgen2.tokenize
INFO: Instrumenting blib2to3.pgen2.parse
INFO: Instrumenting blib2to3.pgen2.pgen
INFO: Instrumenting black.files
INFO: Instrumenting packaging
INFO: Instrumenting packaging.specifiers
INFO: Instrumenting packaging.utils
INFO: Instrumenting packaging.tags
INFO: Instrumenting subprocess
INFO: Instrumenting locale
INFO: Instrumenting _locale
INFO: Instrumenting signal
INFO: Instrumenting selectors
INFO: Instrumenting sysconfig
INFO: Instrumenting packaging._manylinux
INFO: Instrumenting packaging._elffile
INFO: Instrumenting packaging._musllinux
INFO: Instrumenting packaging.version
INFO: Instrumenting packaging._structures
INFO: Instrumenting tomllib
INFO: Instrumenting tomllib._parser
INFO: Instrumenting tomllib._re
INFO: Instrumenting tomllib._types
INFO: Instrumenting black.handle_ipynb_magics
INFO: Instrumenting secrets
INFO: Instrumenting base64
INFO: Instrumenting hmac
INFO: Instrumenting black.report
INFO: Instrumenting black.linegen
INFO: Instrumenting black.brackets
INFO: Instrumenting black.lines
INFO: Instrumenting black.numerics
INFO: Instrumenting black.trans
INFO: Instrumenting black.rusty
INFO: Instrumenting black.parsing
INFO: Instrumenting black.ranges
INFO: Instrumenting difflib
INFO: Instrumenting heapq
INFO: Using built-in libfuzzer
WARNING: Failed to find function "__sanitizer_acquire_crash_state".
WARNING: Failed to find function "__sanitizer_print_stack_trace".
WARNING: Failed to find function "__sanitizer_set_death_callback".
INFO: Running with entropic power schedule (0xFF, 100).
INFO: Seed: 4001567656
INFO: -max_len is not provided; libFuzzer will not generate inputs larger than 4096 bytes
INFO: A corpus is not provided, starting from an empty corpus
#2	INITED cov: 234 ft: 234 corp: 1/1b exec/s: 0 rss: 55Mb
#4	NEW    cov: 240 ft: 244 corp: 2/3b lim: 4 exec/s: 0 rss: 55Mb L: 2/2 MS: 2 CopyPart-InsertByte-
#11	NEW    cov: 266 ft: 348 corp: 3/5b lim: 4 exec/s: 0 rss: 55Mb L: 2/2 MS: 2 ChangeBit-CrossOver-
#12	NEW    cov: 470 ft: 745 corp: 4/8b lim: 4 exec/s: 0 rss: 55Mb L: 3/3 MS: 1 CrossOver-
#18	NEW    cov: 470 ft: 747 corp: 5/11b lim: 4 exec/s: 0 rss: 55Mb L: 3/3 MS: 1 ShuffleBytes-
#20	NEW    cov: 473 ft: 755 corp: 6/13b lim: 4 exec/s: 0 rss: 55Mb L: 2/3 MS: 2 ChangeBinInt-ChangeBit-
#32	NEW    cov: 475 ft: 761 corp: 7/16b lim: 4 exec/s: 0 rss: 55Mb L: 3/3 MS: 2 CrossOver-ChangeBinInt-
#36	NEW    cov: 477 ft: 794 corp: 8/18b lim: 4 exec/s: 0 rss: 55Mb L: 2/3 MS: 4 ShuffleBytes-CrossOver-EraseBytes-InsertByte-
#46	NEW    cov: 478 ft: 795 corp: 9/20b lim: 4 exec/s: 0 rss: 55Mb L: 2/3 MS: 5 EraseBytes-ChangeByte-ChangeBinInt-ChangeASCIIInt-ChangeByte-
#50	NEW    cov: 478 ft: 798 corp: 10/24b lim: 4 exec/s: 0 rss: 55Mb L: 4/4 MS: 4 ShuffleBytes-InsertByte-ShuffleBytes-ChangeBinInt-
#62	NEW    cov: 478 ft: 801 corp: 11/27b lim: 4 exec/s: 0 rss: 55Mb L: 3/4 MS: 2 ChangeASCIIInt-InsertByte-
#74	NEW    cov: 521 ft: 968 corp: 12/29b lim: 4 exec/s: 0 rss: 55Mb L: 2/4 MS: 2 ChangeByte-ChangeBit-
#88	NEW    cov: 521 ft: 974 corp: 13/31b lim: 4 exec/s: 0 rss: 55Mb L: 2/4 MS: 4 ShuffleBytes-ChangeByte-CopyPart-ChangeByte-
#104	NEW    cov: 533 ft: 987 corp: 14/33b lim: 4 exec/s: 0 rss: 55Mb L: 2/4 MS: 1 CrossOver-
#112	NEW    cov: 533 ft: 988 corp: 15/36b lim: 4 exec/s: 0 rss: 55Mb L: 3/4 MS: 3 ChangeBit-CrossOver-CMP- DE: "for"-
#113	NEW    cov: 533 ft: 992 corp: 16/38b lim: 4 exec/s: 0 rss: 55Mb L: 2/4 MS: 1 ShuffleBytes-
#139	NEW    cov: 533 ft: 1031 corp: 17/41b lim: 4 exec/s: 0 rss: 55Mb L: 3/4 MS: 1 ShuffleBytes-
#190	NEW    cov: 533 ft: 1062 corp: 18/45b lim: 4 exec/s: 0 rss: 55Mb L: 4/4 MS: 1 InsertByte-
#195	NEW    cov: 533 ft: 1073 corp: 19/49b lim: 4 exec/s: 0 rss: 55Mb L: 4/4 MS: 5 ChangeByte-ChangeByte-ChangeByte-CrossOver-ChangeBinInt-
#211	NEW    cov: 536 ft: 1102 corp: 20/52b lim: 4 exec/s: 0 rss: 55Mb L: 3/4 MS: 1 InsertByte-
#248	NEW    cov: 537 ft: 1112 corp: 21/56b lim: 4 exec/s: 0 rss: 55Mb L: 4/4 MS: 2 CrossOver-PersAutoDict- DE: "for"-
#265	NEW    cov: 537 ft: 1113 corp: 22/59b lim: 4 exec/s: 0 rss: 55Mb L: 3/4 MS: 2 CopyPart-ChangeByte-
#266	NEW    cov: 537 ft: 1352 corp: 23/62b lim: 4 exec/s: 0 rss: 55Mb L: 3/4 MS: 1 CrossOver-
#273	NEW    cov: 537 ft: 1354 corp: 24/65b lim: 4 exec/s: 0 rss: 55Mb L: 3/4 MS: 2 CopyPart-ChangeBit-
#277	NEW    cov: 583 ft: 1493 corp: 25/68b lim: 4 exec/s: 0 rss: 55Mb L: 3/4 MS: 4 ChangeByte-ShuffleBytes-CrossOver-ChangeBinInt-
#278	NEW    cov: 584 ft: 1497 corp: 26/70b lim: 4 exec/s: 0 rss: 55Mb L: 2/4 MS: 1 ChangeBinInt-
#304	NEW    cov: 584 ft: 1498 corp: 27/73b lim: 4 exec/s: 0 rss: 55Mb L: 3/4 MS: 1 ChangeByte-
#312	NEW    cov: 613 ft: 1534 corp: 28/76b lim: 4 exec/s: 0 rss: 55Mb L: 3/4 MS: 3 ChangeBit-ChangeBit-CopyPart-
#358	NEW    cov: 613 ft: 1552 corp: 29/79b lim: 4 exec/s: 0 rss: 55Mb L: 3/4 MS: 1 ChangeByte-
#383	NEW    cov: 613 ft: 1553 corp: 30/83b lim: 4 exec/s: 0 rss: 55Mb L: 4/4 MS: 5 PersAutoDict-ChangeByte-EraseBytes-InsertByte-InsertByte- DE: "for"-
#458	NEW    cov: 618 ft: 1558 corp: 31/86b lim: 4 exec/s: 0 rss: 55Mb L: 3/4 MS: 5 CrossOver-ChangeBinInt-ChangeBit-EraseBytes-InsertByte-
#480	NEW    cov: 618 ft: 1574 corp: 32/90b lim: 4 exec/s: 0 rss: 55Mb L: 4/4 MS: 2 InsertByte-CrossOver-
#481	REDUCE cov: 618 ft: 1574 corp: 32/89b lim: 4 exec/s: 0 rss: 55Mb L: 2/4 MS: 1 EraseBytes-
#532	NEW    cov: 618 ft: 1576 corp: 33/93b lim: 4 exec/s: 0 rss: 55Mb L: 4/4 MS: 1 CopyPart-
#625	NEW    cov: 618 ft: 1579 corp: 34/97b lim: 4 exec/s: 0 rss: 55Mb L: 4/4 MS: 3 InsertByte-ChangeBit-CopyPart-
#640	NEW    cov: 618 ft: 1587 corp: 35/101b lim: 4 exec/s: 0 rss: 55Mb L: 4/4 MS: 5 CrossOver-CrossOver-ChangeBinInt-ShuffleBytes-CrossOver-
#680	NEW    cov: 618 ft: 1597 corp: 36/105b lim: 4 exec/s: 0 rss: 55Mb L: 4/4 MS: 5 ShuffleBytes-ChangeByte-CopyPart-ChangeByte-ChangeBit-
#805	NEW    cov: 633 ft: 1701 corp: 37/109b lim: 4 exec/s: 0 rss: 55Mb L: 4/4 MS: 5 ShuffleBytes-EraseBytes-CrossOver-InsertByte-CopyPart-
#822	REDUCE cov: 633 ft: 1701 corp: 37/108b lim: 4 exec/s: 0 rss: 55Mb L: 3/4 MS: 2 CopyPart-EraseBytes-
#842	NEW    cov: 633 ft: 1708 corp: 38/112b lim: 4 exec/s: 0 rss: 55Mb L: 4/4 MS: 5 ChangeByte-CopyPart-CopyPart-ChangeASCIIInt-ChangeByte-
#847	NEW    cov: 633 ft: 1709 corp: 39/114b lim: 4 exec/s: 0 rss: 55Mb L: 2/4 MS: 5 ShuffleBytes-ShuffleBytes-ChangeByte-EraseBytes-ChangeBinInt-
#849	NEW    cov: 637 ft: 1742 corp: 40/118b lim: 4 exec/s: 0 rss: 55Mb L: 4/4 MS: 2 CrossOver-InsertByte-
#850	NEW    cov: 637 ft: 1745 corp: 41/122b lim: 4 exec/s: 0 rss: 55Mb L: 4/4 MS: 1 ShuffleBytes-
#886	NEW    cov: 638 ft: 1750 corp: 42/124b lim: 4 exec/s: 0 rss: 55Mb L: 2/4 MS: 1 ChangeBinInt-
#950	NEW    cov: 638 ft: 1753 corp: 43/128b lim: 4 exec/s: 0 rss: 55Mb L: 4/4 MS: 4 ChangeBit-ChangeBit-CopyPart-CopyPart-
#996	NEW    cov: 642 ft: 1773 corp: 44/132b lim: 4 exec/s: 0 rss: 55Mb L: 4/4 MS: 1 CopyPart-
#1045	NEW    cov: 642 ft: 1774 corp: 45/136b lim: 4 exec/s: 0 rss: 55Mb L: 4/4 MS: 4 ChangeByte-ChangeByte-CopyPart-InsertByte-
#1061	NEW    cov: 642 ft: 1775 corp: 46/140b lim: 4 exec/s: 0 rss: 55Mb L: 4/4 MS: 1 ChangeBinInt-
#1072	NEW    cov: 642 ft: 1777 corp: 47/144b lim: 4 exec/s: 0 rss: 55Mb L: 4/4 MS: 1 ChangeByte-
#1116	NEW    cov: 642 ft: 1780 corp: 48/148b lim: 4 exec/s: 0 rss: 55Mb L: 4/4 MS: 4 ChangeByte-CopyPart-ChangeByte-CopyPart-
#1217	REDUCE cov: 643 ft: 1781 corp: 49/151b lim: 4 exec/s: 0 rss: 55Mb L: 3/4 MS: 1 CrossOver-
#1231	NEW    cov: 643 ft: 1784 corp: 50/155b lim: 4 exec/s: 0 rss: 55Mb L: 4/4 MS: 4 EraseBytes-CrossOver-CMP-CrossOver- DE: "\377\377\377\377"-
#1267	REDUCE cov: 643 ft: 1784 corp: 50/154b lim: 4 exec/s: 0 rss: 55Mb L: 3/4 MS: 1 EraseBytes-
#1308	NEW    cov: 643 ft: 1785 corp: 51/158b lim: 4 exec/s: 0 rss: 55Mb L: 4/4 MS: 1 CMP- DE: "\357\243\257"-
#1514	NEW    cov: 643 ft: 1786 corp: 52/162b lim: 6 exec/s: 1514 rss: 55Mb L: 4/4 MS: 1 CrossOver-
#1515	REDUCE cov: 643 ft: 1797 corp: 53/166b lim: 6 exec/s: 1515 rss: 55Mb L: 4/4 MS: 1 InsertByte-
#1523	NEW    cov: 643 ft: 1803 corp: 54/171b lim: 6 exec/s: 1523 rss: 55Mb L: 5/5 MS: 3 InsertByte-CopyPart-CrossOver-
#1534	NEW    cov: 643 ft: 1806 corp: 55/176b lim: 6 exec/s: 1534 rss: 55Mb L: 5/5 MS: 1 InsertByte-
#1550	NEW    cov: 643 ft: 1846 corp: 56/181b lim: 6 exec/s: 1550 rss: 55Mb L: 5/5 MS: 1 CrossOver-
#1637	NEW    cov: 643 ft: 1851 corp: 57/186b lim: 6 exec/s: 1637 rss: 55Mb L: 5/5 MS: 2 CrossOver-EraseBytes-
#1697	NEW    cov: 643 ft: 1854 corp: 58/192b lim: 6 exec/s: 1697 rss: 55Mb L: 6/6 MS: 5 ChangeBinInt-CopyPart-ChangeBit-CopyPart-ChangeByte-
#1751	NEW    cov: 668 ft: 1999 corp: 59/197b lim: 6 exec/s: 1751 rss: 55Mb L: 5/6 MS: 4 ChangeByte-EraseBytes-PersAutoDict-CrossOver- DE: "for"-
#1790	NEW    cov: 668 ft: 2008 corp: 60/202b lim: 6 exec/s: 1790 rss: 55Mb L: 5/6 MS: 4 ShuffleBytes-ChangeByte-ChangeASCIIInt-ChangeByte-
#1847	REDUCE cov: 668 ft: 2008 corp: 60/201b lim: 6 exec/s: 1847 rss: 55Mb L: 3/6 MS: 2 EraseBytes-ChangeByte-
#1881	NEW    cov: 668 ft: 2031 corp: 61/207b lim: 6 exec/s: 1881 rss: 55Mb L: 6/6 MS: 4 CopyPart-ShuffleBytes-InsertByte-CrossOver-
#1889	NEW    cov: 668 ft: 2032 corp: 62/213b lim: 6 exec/s: 1889 rss: 55Mb L: 6/6 MS: 3 InsertByte-CopyPart-CopyPart-
#1957	NEW    cov: 671 ft: 2061 corp: 63/217b lim: 6 exec/s: 1957 rss: 55Mb L: 4/6 MS: 3 EraseBytes-ChangeBit-InsertByte-
#2162	REDUCE cov: 672 ft: 2062 corp: 64/223b lim: 6 exec/s: 2162 rss: 55Mb L: 6/6 MS: 5 CMP-ChangeBit-ChangeBit-CopyPart-ChangeBit- DE: "def"-
#2284	NEW    cov: 672 ft: 2100 corp: 65/229b lim: 6 exec/s: 2284 rss: 55Mb L: 6/6 MS: 2 InsertByte-CrossOver-
#2295	NEW    cov: 672 ft: 2101 corp: 66/235b lim: 6 exec/s: 2295 rss: 55Mb L: 6/6 MS: 1 CopyPart-
#2304	NEW    cov: 695 ft: 2124 corp: 67/241b lim: 6 exec/s: 2304 rss: 55Mb L: 6/6 MS: 4 InsertByte-CopyPart-PersAutoDict-ShuffleBytes- DE: "for"-
#2336	NEW    cov: 695 ft: 2150 corp: 68/244b lim: 6 exec/s: 2336 rss: 55Mb L: 3/6 MS: 2 ChangeByte-ShuffleBytes-
#2467	NEW    cov: 697 ft: 2152 corp: 69/248b lim: 6 exec/s: 2467 rss: 55Mb L: 4/6 MS: 1 ChangeByte-
#2468	REDUCE cov: 697 ft: 2152 corp: 69/247b lim: 6 exec/s: 2468 rss: 55Mb L: 3/6 MS: 1 EraseBytes-
#2484	NEW    cov: 698 ft: 2153 corp: 70/251b lim: 6 exec/s: 2484 rss: 55Mb L: 4/6 MS: 1 ChangeByte-
#2567	REDUCE cov: 698 ft: 2153 corp: 70/250b lim: 6 exec/s: 2567 rss: 55Mb L: 3/6 MS: 3 CrossOver-CopyPart-CrossOver-
#2572	NEW    cov: 729 ft: 2235 corp: 71/255b lim: 6 exec/s: 2572 rss: 55Mb L: 5/6 MS: 5 CrossOver-PersAutoDict-EraseBytes-ChangeByte-CopyPart- DE: "for"-
#2583	NEW    cov: 729 ft: 2236 corp: 72/261b lim: 6 exec/s: 2583 rss: 56Mb L: 6/6 MS: 1 ChangeByte-
#2621	NEW    cov: 730 ft: 2264 corp: 73/266b lim: 6 exec/s: 2621 rss: 56Mb L: 5/6 MS: 3 EraseBytes-ChangeBit-CopyPart-
#2818	NEW    cov: 730 ft: 2265 corp: 74/271b lim: 6 exec/s: 1409 rss: 56Mb L: 5/6 MS: 2 CopyPart-ChangeBinInt-
#2945	REDUCE cov: 730 ft: 2275 corp: 75/277b lim: 6 exec/s: 1472 rss: 56Mb L: 6/6 MS: 2 CopyPart-ChangeByte-
#3094	NEW    cov: 731 ft: 2276 corp: 76/283b lim: 6 exec/s: 1547 rss: 56Mb L: 6/6 MS: 4 EraseBytes-ShuffleBytes-InsertByte-CrossOver-
#3110	NEW    cov: 731 ft: 2279 corp: 77/287b lim: 6 exec/s: 1555 rss: 56Mb L: 4/6 MS: 1 ChangeBit-
#3191	REDUCE cov: 731 ft: 2279 corp: 77/286b lim: 6 exec/s: 1595 rss: 56Mb L: 2/6 MS: 1 EraseBytes-
#3252	NEW    cov: 732 ft: 2281 corp: 78/291b lim: 6 exec/s: 1626 rss: 56Mb L: 5/6 MS: 1 ShuffleBytes-
#3411	NEW    cov: 739 ft: 2299 corp: 79/296b lim: 6 exec/s: 1705 rss: 56Mb L: 5/6 MS: 4 InsertByte-EraseBytes-ChangeBinInt-ChangeBit-
#3547	NEW    cov: 740 ft: 2300 corp: 80/301b lim: 6 exec/s: 1773 rss: 56Mb L: 5/6 MS: 1 ChangeBinInt-
#3778	NEW    cov: 740 ft: 2309 corp: 81/307b lim: 8 exec/s: 1889 rss: 56Mb L: 6/6 MS: 1 CrossOver-
#3852	NEW    cov: 740 ft: 2310 corp: 82/313b lim: 8 exec/s: 1926 rss: 56Mb L: 6/6 MS: 4 CopyPart-InsertByte-CrossOver-ChangeByte-
#3882	NEW    cov: 741 ft: 2328 corp: 83/316b lim: 8 exec/s: 1941 rss: 56Mb L: 3/6 MS: 5 ChangeByte-EraseBytes-ShuffleBytes-ChangeByte-InsertByte-
#3893	NEW    cov: 741 ft: 2340 corp: 84/323b lim: 8 exec/s: 1946 rss: 56Mb L: 7/7 MS: 1 CrossOver-
#3981	NEW    cov: 814 ft: 2415 corp: 85/330b lim: 8 exec/s: 1327 rss: 56Mb L: 7/7 MS: 3 CrossOver-CopyPart-CrossOver-
#4007	REDUCE cov: 814 ft: 2415 corp: 85/327b lim: 8 exec/s: 1335 rss: 56Mb L: 3/7 MS: 1 EraseBytes-
#4010	NEW    cov: 814 ft: 2417 corp: 86/335b lim: 8 exec/s: 1336 rss: 56Mb L: 8/8 MS: 3 CopyPart-ChangeBinInt-ChangeBinInt-
#4046	NEW    cov: 814 ft: 2420 corp: 87/341b lim: 8 exec/s: 1348 rss: 56Mb L: 6/8 MS: 1 ChangeByte-
#4096	pulse  cov: 814 ft: 2420 corp: 87/341b lim: 8 exec/s: 1365 rss: 56Mb
#4323	NEW    cov: 814 ft: 2421 corp: 88/349b lim: 8 exec/s: 1441 rss: 56Mb L: 8/8 MS: 2 ChangeASCIIInt-InsertByte-
#4352	REDUCE cov: 814 ft: 2441 corp: 89/356b lim: 8 exec/s: 1450 rss: 56Mb L: 7/8 MS: 4 CMP-ChangeBit-PersAutoDict-ChangeBit- DE: "\001\000\000\000"-"\357\243\257"-
#4497	NEW    cov: 814 ft: 2443 corp: 90/364b lim: 8 exec/s: 1499 rss: 56Mb L: 8/8 MS: 5 ChangeBit-CrossOver-InsertByte-ChangeBit-CopyPart-
#4504	NEW    cov: 814 ft: 2446 corp: 91/371b lim: 8 exec/s: 1501 rss: 56Mb L: 7/8 MS: 2 CopyPart-InsertByte-
#4576	NEW    cov: 814 ft: 2467 corp: 92/378b lim: 8 exec/s: 1525 rss: 56Mb L: 7/8 MS: 2 CrossOver-ChangeByte-
#4698	NEW    cov: 818 ft: 2471 corp: 93/384b lim: 8 exec/s: 1566 rss: 56Mb L: 6/8 MS: 2 ChangeBit-InsertRepeatedBytes-
#4773	NEW    cov: 818 ft: 2497 corp: 94/391b lim: 8 exec/s: 1591 rss: 56Mb L: 7/8 MS: 5 ChangeBit-ChangeBit-ChangeBit-ChangeByte-InsertByte-
#4830	NEW    cov: 818 ft: 2557 corp: 95/398b lim: 8 exec/s: 1610 rss: 56Mb L: 7/8 MS: 2 ChangeBinInt-CrossOver-
#4846	NEW    cov: 818 ft: 2568 corp: 96/406b lim: 8 exec/s: 1615 rss: 56Mb L: 8/8 MS: 1 CopyPart-
#4893	NEW    cov: 818 ft: 2571 corp: 97/414b lim: 8 exec/s: 1631 rss: 56Mb L: 8/8 MS: 2 ShuffleBytes-PersAutoDict- DE: "\357\243\257"-
#5119	NEW    cov: 818 ft: 2574 corp: 98/418b lim: 8 exec/s: 1279 rss: 56Mb L: 4/8 MS: 1 EraseBytes-
#5165	REDUCE cov: 818 ft: 2574 corp: 98/417b lim: 8 exec/s: 1291 rss: 56Mb L: 3/8 MS: 1 EraseBytes-
#5177	NEW    cov: 818 ft: 2577 corp: 99/425b lim: 8 exec/s: 1294 rss: 56Mb L: 8/8 MS: 2 ChangeByte-ShuffleBytes-
#5305	REDUCE cov: 818 ft: 2577 corp: 99/423b lim: 8 exec/s: 1326 rss: 56Mb L: 4/8 MS: 3 ChangeBit-ChangeBit-EraseBytes-
#5307	NEW    cov: 818 ft: 2579 corp: 100/431b lim: 8 exec/s: 1326 rss: 56Mb L: 8/8 MS: 2 InsertByte-ChangeBinInt-
#5315	NEW    cov: 818 ft: 2580 corp: 101/439b lim: 8 exec/s: 1328 rss: 56Mb L: 8/8 MS: 3 InsertByte-CrossOver-ShuffleBytes-
#5352	NEW    cov: 819 ft: 2581 corp: 102/444b lim: 8 exec/s: 1338 rss: 56Mb L: 5/8 MS: 2 ShuffleBytes-ChangeByte-
#5393	NEW    cov: 819 ft: 2583 corp: 103/451b lim: 8 exec/s: 1348 rss: 56Mb L: 7/8 MS: 1 PersAutoDict- DE: "\357\243\257"-
#5421	NEW    cov: 819 ft: 2587 corp: 104/457b lim: 8 exec/s: 1355 rss: 56Mb L: 6/8 MS: 3 ShuffleBytes-CopyPart-CopyPart-
#5843	NEW    cov: 819 ft: 2588 corp: 105/464b lim: 11 exec/s: 1460 rss: 56Mb L: 7/8 MS: 2 ChangeBit-CopyPart-
#5864	REDUCE cov: 819 ft: 2588 corp: 105/463b lim: 11 exec/s: 1466 rss: 56Mb L: 6/8 MS: 1 EraseBytes-
#5925	NEW    cov: 819 ft: 2589 corp: 106/473b lim: 11 exec/s: 1481 rss: 56Mb L: 10/10 MS: 1 CMP- DE: "\350\232\231\350\266\220"-
#6051	REDUCE cov: 819 ft: 2590 corp: 107/483b lim: 11 exec/s: 1512 rss: 56Mb L: 10/10 MS: 1 CopyPart-
#6123	NEW    cov: 881 ft: 2660 corp: 108/489b lim: 11 exec/s: 1530 rss: 56Mb L: 6/10 MS: 2 CopyPart-InsertByte-
#6197	NEW    cov: 881 ft: 2661 corp: 109/499b lim: 11 exec/s: 1549 rss: 56Mb L: 10/10 MS: 4 InsertByte-CopyPart-ChangeBinInt-PersAutoDict- DE: "\350\232\231\350\266\220"-
#6270	NEW    cov: 883 ft: 2669 corp: 110/503b lim: 11 exec/s: 1254 rss: 56Mb L: 4/10 MS: 3 ChangeBinInt-ChangeBinInt-ChangeBinInt-
#6305	NEW    cov: 883 ft: 2671 corp: 111/510b lim: 11 exec/s: 1261 rss: 56Mb L: 7/10 MS: 5 InsertByte-EraseBytes-CrossOver-ChangeBinInt-InsertByte-
#6358	NEW    cov: 883 ft: 2681 corp: 112/520b lim: 11 exec/s: 1271 rss: 56Mb L: 10/10 MS: 3 ChangeBit-ChangeByte-ChangeByte-
#6411	REDUCE cov: 891 ft: 2703 corp: 113/523b lim: 11 exec/s: 1282 rss: 56Mb L: 3/10 MS: 3 CopyPart-InsertByte-CopyPart-
#6523	NEW    cov: 892 ft: 2704 corp: 114/531b lim: 11 exec/s: 1304 rss: 56Mb L: 8/10 MS: 2 ChangeBit-ChangeBinInt-
#6577	NEW    cov: 895 ft: 2707 corp: 115/536b lim: 11 exec/s: 1315 rss: 56Mb L: 5/10 MS: 4 InsertByte-ChangeByte-CrossOver-ShuffleBytes-
#6600	NEW    cov: 896 ft: 2744 corp: 116/546b lim: 11 exec/s: 1320 rss: 56Mb L: 10/10 MS: 3 PersAutoDict-ChangeBit-CopyPart- DE: "for"-
#6627	NEW    cov: 896 ft: 2756 corp: 117/557b lim: 11 exec/s: 1325 rss: 56Mb L: 11/11 MS: 2 InsertRepeatedBytes-ChangeBit-
#6693	NEW    cov: 896 ft: 2759 corp: 118/565b lim: 11 exec/s: 1338 rss: 56Mb L: 8/11 MS: 1 ChangeByte-
#6919	NEW    cov: 896 ft: 2776 corp: 119/576b lim: 11 exec/s: 1383 rss: 56Mb L: 11/11 MS: 1 CrossOver-
#6934	NEW    cov: 896 ft: 2777 corp: 120/585b lim: 11 exec/s: 1386 rss: 56Mb L: 9/11 MS: 5 CopyPart-CrossOver-CMP-ChangeBit-CrossOver- DE: "\000\000"-
#7091	REDUCE cov: 896 ft: 2777 corp: 120/582b lim: 11 exec/s: 1418 rss: 56Mb L: 7/11 MS: 2 ChangeBit-EraseBytes-
#7139	NEW    cov: 897 ft: 2778 corp: 121/591b lim: 11 exec/s: 1427 rss: 56Mb L: 9/11 MS: 3 InsertRepeatedBytes-CrossOver-ChangeBinInt-
#7280	NEW    cov: 897 ft: 2780 corp: 122/595b lim: 11 exec/s: 1456 rss: 56Mb L: 4/11 MS: 1 InsertByte-
#7307	NEW    cov: 897 ft: 2781 corp: 123/600b lim: 11 exec/s: 1461 rss: 56Mb L: 5/11 MS: 2 ChangeBit-CrossOver-
#7360	NEW    cov: 897 ft: 2782 corp: 124/611b lim: 11 exec/s: 1472 rss: 56Mb L: 11/11 MS: 3 CrossOver-ChangeBit-CopyPart-
#7434	NEW    cov: 897 ft: 2785 corp: 125/622b lim: 11 exec/s: 1239 rss: 56Mb L: 11/11 MS: 4 PersAutoDict-CrossOver-CrossOver-ChangeByte- DE: "\000\000"-
#7571	NEW    cov: 897 ft: 2794 corp: 126/632b lim: 11 exec/s: 1261 rss: 56Mb L: 10/11 MS: 2 CrossOver-CrossOver-
#7607	NEW    cov: 905 ft: 2803 corp: 127/643b lim: 11 exec/s: 1267 rss: 56Mb L: 11/11 MS: 1 ShuffleBytes-
#7632	NEW    cov: 905 ft: 2810 corp: 128/653b lim: 11 exec/s: 1272 rss: 56Mb L: 10/11 MS: 5 ChangeByte-ShuffleBytes-ChangeBinInt-ChangeByte-InsertRepeatedBytes-
#7638	NEW    cov: 905 ft: 2811 corp: 129/662b lim: 11 exec/s: 1273 rss: 56Mb L: 9/11 MS: 1 InsertByte-
#7751	NEW    cov: 963 ft: 2883 corp: 130/668b lim: 11 exec/s: 1291 rss: 56Mb L: 6/11 MS: 3 EraseBytes-CopyPart-ShuffleBytes-
#7785	REDUCE cov: 963 ft: 2883 corp: 130/667b lim: 11 exec/s: 1297 rss: 56Mb L: 4/11 MS: 4 ChangeBit-ChangeBit-ChangeBit-EraseBytes-
#7871	NEW    cov: 963 ft: 2884 corp: 131/678b lim: 11 exec/s: 1311 rss: 56Mb L: 11/11 MS: 1 ChangeByte-
#7932	NEW    cov: 963 ft: 2912 corp: 132/689b lim: 11 exec/s: 1322 rss: 56Mb L: 11/11 MS: 1 ShuffleBytes-
#7963	NEW    cov: 966 ft: 2916 corp: 133/696b lim: 11 exec/s: 1327 rss: 56Mb L: 7/11 MS: 1 CopyPart-
#8024	NEW    cov: 966 ft: 2917 corp: 134/702b lim: 11 exec/s: 1337 rss: 56Mb L: 6/11 MS: 1 CrossOver-
#8131	NEW    cov: 966 ft: 2919 corp: 135/713b lim: 11 exec/s: 1355 rss: 56Mb L: 11/11 MS: 2 CrossOver-CopyPart-
#8134	NEW    cov: 966 ft: 2921 corp: 136/724b lim: 11 exec/s: 1355 rss: 56Mb L: 11/11 MS: 3 EraseBytes-CrossOver-CopyPart-
#8192	pulse  cov: 966 ft: 2921 corp: 136/724b lim: 11 exec/s: 1365 rss: 56Mb
#8295	NEW    cov: 966 ft: 3019 corp: 137/735b lim: 11 exec/s: 1382 rss: 56Mb L: 11/11 MS: 1 CopyPart-
#8343	NEW    cov: 966 ft: 3029 corp: 138/746b lim: 11 exec/s: 1390 rss: 56Mb L: 11/11 MS: 3 CopyPart-CopyPart-ChangeByte-
#8346	NEW    cov: 967 ft: 3030 corp: 139/754b lim: 11 exec/s: 1391 rss: 56Mb L: 8/11 MS: 3 CrossOver-CopyPart-ChangeBit-
#8448	NEW    cov: 967 ft: 3038 corp: 140/762b lim: 11 exec/s: 1206 rss: 56Mb L: 8/11 MS: 2 EraseBytes-InsertByte-
#8494	NEW    cov: 967 ft: 3041 corp: 141/770b lim: 11 exec/s: 1213 rss: 56Mb L: 8/11 MS: 1 CopyPart-
#8535	NEW    cov: 967 ft: 3058 corp: 142/781b lim: 11 exec/s: 1219 rss: 56Mb L: 11/11 MS: 1 CopyPart-
#8616	NEW    cov: 967 ft: 3064 corp: 143/792b lim: 11 exec/s: 1230 rss: 56Mb L: 11/11 MS: 1 CopyPart-
#8678	REDUCE cov: 967 ft: 3064 corp: 143/791b lim: 11 exec/s: 1239 rss: 56Mb L: 4/11 MS: 2 ShuffleBytes-EraseBytes-
#8679	REDUCE cov: 967 ft: 3064 corp: 143/790b lim: 11 exec/s: 1239 rss: 56Mb L: 10/11 MS: 1 EraseBytes-
#8771	REDUCE cov: 972 ft: 3069 corp: 144/796b lim: 11 exec/s: 1253 rss: 56Mb L: 6/11 MS: 2 ChangeByte-InsertRepeatedBytes-
#8927	REDUCE cov: 972 ft: 3069 corp: 144/794b lim: 11 exec/s: 1275 rss: 56Mb L: 8/11 MS: 1 EraseBytes-
#8929	REDUCE cov: 972 ft: 3070 corp: 145/805b lim: 11 exec/s: 1275 rss: 56Mb L: 11/11 MS: 2 ShuffleBytes-InsertRepeatedBytes-
#8935	NEW    cov: 975 ft: 3073 corp: 146/812b lim: 11 exec/s: 1276 rss: 56Mb L: 7/11 MS: 1 ChangeByte-
#8975	REDUCE cov: 975 ft: 3073 corp: 146/811b lim: 11 exec/s: 1282 rss: 56Mb L: 7/11 MS: 5 ChangeBit-CopyPart-CopyPart-CopyPart-EraseBytes-
#9371	NEW    cov: 980 ft: 3115 corp: 147/819b lim: 14 exec/s: 1338 rss: 56Mb L: 8/11 MS: 1 ShuffleBytes-
#9428	NEW    cov: 980 ft: 3160 corp: 148/827b lim: 14 exec/s: 1178 rss: 56Mb L: 8/11 MS: 2 CrossOver-InsertByte-
#9531	NEW    cov: 980 ft: 3161 corp: 149/840b lim: 14 exec/s: 1191 rss: 56Mb L: 13/13 MS: 3 PersAutoDict-CopyPart-ChangeBit- DE: "\377\377\377\377"-
#9576	NEW    cov: 982 ft: 3163 corp: 150/851b lim: 14 exec/s: 1197 rss: 56Mb L: 11/13 MS: 5 PersAutoDict-CopyPart-CMP-EraseBytes-CrossOver- DE: "def"-"\341\200\212"-
#9677	REDUCE cov: 982 ft: 3163 corp: 150/850b lim: 14 exec/s: 1209 rss: 56Mb L: 10/13 MS: 1 EraseBytes-
#9751	REDUCE cov: 983 ft: 3179 corp: 151/858b lim: 14 exec/s: 1218 rss: 56Mb L: 8/13 MS: 4 CopyPart-ShuffleBytes-ShuffleBytes-PersAutoDict- DE: "\341\200\212"-
#9753	REDUCE cov: 983 ft: 3179 corp: 151/857b lim: 14 exec/s: 1219 rss: 56Mb L: 7/13 MS: 2 ChangeByte-EraseBytes-
#9769	NEW    cov: 983 ft: 3182 corp: 152/868b lim: 14 exec/s: 1221 rss: 56Mb L: 11/13 MS: 1 ChangeBinInt-
#10011	REDUCE cov: 983 ft: 3182 corp: 152/867b lim: 14 exec/s: 1251 rss: 56Mb L: 5/13 MS: 2 ShuffleBytes-EraseBytes-
#10107	NEW    cov: 983 ft: 3184 corp: 153/878b lim: 14 exec/s: 1263 rss: 56Mb L: 11/13 MS: 1 CopyPart-
#10124	REDUCE cov: 983 ft: 3185 corp: 154/887b lim: 14 exec/s: 1265 rss: 56Mb L: 9/13 MS: 2 InsertRepeatedBytes-EraseBytes-
#10275	REDUCE cov: 983 ft: 3185 corp: 154/884b lim: 14 exec/s: 1284 rss: 56Mb L: 8/13 MS: 1 EraseBytes-
#10417	NEW    cov: 984 ft: 3201 corp: 155/898b lim: 14 exec/s: 1302 rss: 56Mb L: 14/14 MS: 2 ShuffleBytes-CopyPart-
#10431	NEW    cov: 984 ft: 3225 corp: 156/911b lim: 14 exec/s: 1303 rss: 56Mb L: 13/14 MS: 4 ChangeBit-ChangeBit-ShuffleBytes-InsertRepeatedBytes-
#10745	NEW    cov: 991 ft: 3298 corp: 157/924b lim: 17 exec/s: 1193 rss: 56Mb L: 13/14 MS: 4 ChangeBit-PersAutoDict-CrossOver-CopyPart- DE: "def"-
#10766	REDUCE cov: 991 ft: 3299 corp: 158/931b lim: 17 exec/s: 1196 rss: 56Mb L: 7/14 MS: 1 ChangeByte-
#10852	NEW    cov: 991 ft: 3303 corp: 159/942b lim: 17 exec/s: 1205 rss: 56Mb L: 11/14 MS: 1 ChangeBinInt-
#11218	NEW    cov: 994 ft: 3306 corp: 160/951b lim: 17 exec/s: 1246 rss: 56Mb L: 9/14 MS: 1 PersAutoDict- DE: "\357\243\257"-
#11504	NEW    cov: 994 ft: 3365 corp: 161/967b lim: 17 exec/s: 1150 rss: 56Mb L: 16/16 MS: 1 CopyPart-
#11535	NEW    cov: 998 ft: 3378 corp: 162/971b lim: 17 exec/s: 1153 rss: 56Mb L: 4/16 MS: 1 EraseBytes-
#11582	NEW    cov: 998 ft: 3392 corp: 163/979b lim: 17 exec/s: 1158 rss: 56Mb L: 8/16 MS: 2 ShuffleBytes-ChangeBinInt-
#11640	NEW    cov: 998 ft: 3393 corp: 164/990b lim: 17 exec/s: 1164 rss: 56Mb L: 11/16 MS: 3 CMP-ChangeByte-CrossOver- DE: "for"-
#11647	NEW    cov: 998 ft: 3396 corp: 165/1007b lim: 17 exec/s: 1164 rss: 56Mb L: 17/17 MS: 2 InsertRepeatedBytes-CrossOver-
#11704	NEW    cov: 998 ft: 3484 corp: 166/1018b lim: 17 exec/s: 1170 rss: 56Mb L: 11/17 MS: 2 ShuffleBytes-ShuffleBytes-
#11745	REDUCE cov: 998 ft: 3523 corp: 167/1035b lim: 17 exec/s: 1174 rss: 56Mb L: 17/17 MS: 1 CopyPart-
#11841	NEW    cov: 998 ft: 3526 corp: 168/1048b lim: 17 exec/s: 1184 rss: 56Mb L: 13/17 MS: 1 InsertRepeatedBytes-
#12047	NEW    cov: 998 ft: 3528 corp: 169/1061b lim: 17 exec/s: 1204 rss: 56Mb L: 13/17 MS: 1 InsertRepeatedBytes-
#12060	NEW    cov: 1000 ft: 3530 corp: 170/1069b lim: 17 exec/s: 1206 rss: 56Mb L: 8/17 MS: 3 EraseBytes-ChangeByte-InsertRepeatedBytes-
#12070	NEW    cov: 1002 ft: 3533 corp: 171/1081b lim: 17 exec/s: 1207 rss: 56Mb L: 12/17 MS: 5 CrossOver-ChangeByte-CMP-ChangeByte-InsertByte- DE: "\000\000\000\000"-
#12292	NEW    cov: 1002 ft: 3535 corp: 172/1089b lim: 17 exec/s: 1229 rss: 56Mb L: 8/17 MS: 2 InsertByte-InsertByte-
#12340	NEW    cov: 1002 ft: 3537 corp: 173/1106b lim: 17 exec/s: 1234 rss: 56Mb L: 17/17 MS: 3 CMP-ChangeBit-CrossOver- DE: "\001\000\000\000"-
#12408	NEW    cov: 1002 ft: 3546 corp: 174/1123b lim: 17 exec/s: 1240 rss: 56Mb L: 17/17 MS: 3 ChangeByte-ShuffleBytes-CopyPart-
#12428	DONE   cov: 1002 ft: 3546 corp: 174/1123b lim: 17 exec/s: 1129 rss: 56Mb
###### Recommended dictionary. ######
"for" # Uses: 193
"\377\377\377\377" # Uses: 107
"\357\243\257" # Uses: 145
"def" # Uses: 152
"\001\000\000\000" # Uses: 97
"\350\232\231\350\266\220" # Uses: 49
"\000\000" # Uses: 67
"\341\200\212" # Uses: 37
"\000\000\000\000" # Uses: 0
###### End of recommended dictionary. ######
Done 12428 runs in 11 second(s)
