INFO: Instrumenting arrow
INFO: Instrumenting arrow._version
INFO: Instrumenting arrow.api
INFO: Instrumenting datetime
INFO: Instrumenting arrow.arrow
INFO: Instrumenting calendar
INFO: Instrumenting locale
INFO: Instrumenting _locale
WARNING: It looks like this module is imported by a custom loader. Atheris has experimental support for this. However, it may be incompatible with certain libraries. If you experience unusual errors or poor coverage collection, try atheris.instrument_all() instead, add enable_loader_override=False to instrument_imports(), or file an issue on GitHub.
INFO: Instrumenting dateutil
INFO: Instrumenting dateutil._version
INFO: Instrumenting dateutil.tz
INFO: Instrumenting dateutil.tz.tz
INFO: Instrumenting struct
INFO: Instrumenting six
INFO: Instrumenting __future__
INFO: Instrumenting importlib.util
INFO: Instrumenting six.moves
INFO: Instrumenting dateutil.tz._common
INFO: Instrumenting dateutil.tz._factories
INFO: Instrumenting dateutil.tz.win
INFO: Instrumenting dateutil.relativedelta
INFO: Instrumenting dateutil._common
INFO: Instrumenting arrow.formatter
INFO: Instrumenting arrow.locales
INFO: Instrumenting arrow.constants
INFO: Instrumenting arrow.parser
INFO: Instrumenting zoneinfo
INFO: Instrumenting zoneinfo._tzpath
INFO: Instrumenting sysconfig
INFO: Instrumenting _sysconfigdata__linux_x86_64-linux-gnu
INFO: Instrumenting zoneinfo._common
INFO: Instrumenting arrow.util
INFO: Instrumenting dateutil.rrule
INFO: Instrumenting heapq
INFO: Instrumenting arrow.factory
INFO: Instrumenting decimal
INFO: Instrumenting numbers
INFO: Using built-in libfuzzer
WARNING: Failed to find function "__sanitizer_acquire_crash_state".
WARNING: Failed to find function "__sanitizer_print_stack_trace".
WARNING: Failed to find function "__sanitizer_set_death_callback".
INFO: Running with entropic power schedule (0xFF, 100).
INFO: Seed: 1489243410
INFO: -max_len is not provided; libFuzzer will not generate inputs larger than 4096 bytes
INFO: A corpus is not provided, starting from an empty corpus
#2	INITED cov: 48 ft: 48 corp: 1/1b exec/s: 0 rss: 48Mb
#540	NEW    cov: 53 ft: 53 corp: 2/4b lim: 8 exec/s: 0 rss: 48Mb L: 3/3 MS: 3 ShuffleBytes-InsertByte-InsertByte-
#582	NEW    cov: 54 ft: 54 corp: 3/12b lim: 8 exec/s: 0 rss: 48Mb L: 8/8 MS: 2 InsertRepeatedBytes-CopyPart-
#593	REDUCE cov: 54 ft: 54 corp: 3/8b lim: 8 exec/s: 0 rss: 48Mb L: 4/4 MS: 1 CrossOver-
#609	REDUCE cov: 54 ft: 54 corp: 3/7b lim: 8 exec/s: 0 rss: 48Mb L: 2/4 MS: 1 EraseBytes-
#785	REDUCE cov: 54 ft: 54 corp: 3/6b lim: 8 exec/s: 0 rss: 48Mb L: 3/3 MS: 1 EraseBytes-
#1418	REDUCE cov: 56 ft: 56 corp: 4/8b lim: 14 exec/s: 0 rss: 48Mb L: 2/3 MS: 3 CopyPart-ChangeByte-ChangeByte-
#5833	NEW    cov: 86 ft: 102 corp: 5/19b lim: 53 exec/s: 0 rss: 48Mb L: 11/11 MS: 5 CrossOver-ChangeBit-InsertRepeatedBytes-CrossOver-ChangeBinInt-
#6129	NEW    cov: 96 ft: 119 corp: 6/26b lim: 53 exec/s: 0 rss: 48Mb L: 7/11 MS: 1 EraseBytes-
#6355	NEW    cov: 121 ft: 154 corp: 7/38b lim: 53 exec/s: 0 rss: 48Mb L: 12/12 MS: 1 InsertByte-
#6391	NEW    cov: 121 ft: 169 corp: 8/51b lim: 53 exec/s: 0 rss: 48Mb L: 13/13 MS: 1 InsertByte-
#7152	REDUCE cov: 121 ft: 169 corp: 8/50b lim: 58 exec/s: 0 rss: 48Mb L: 12/12 MS: 1 EraseBytes-
#8768	NEW    cov: 131 ft: 179 corp: 9/54b lim: 74 exec/s: 0 rss: 48Mb L: 4/12 MS: 1 CrossOver-
#9210	REDUCE cov: 132 ft: 180 corp: 10/58b lim: 74 exec/s: 0 rss: 48Mb L: 4/12 MS: 2 ChangeBit-CrossOver-
#9556	NEW    cov: 133 ft: 181 corp: 11/64b lim: 74 exec/s: 0 rss: 48Mb L: 6/12 MS: 1 CopyPart-
#10122	REDUCE cov: 133 ft: 181 corp: 11/63b lim: 74 exec/s: 10122 rss: 48Mb L: 11/12 MS: 1 EraseBytes-
#10174	NEW    cov: 134 ft: 182 corp: 12/71b lim: 74 exec/s: 10174 rss: 48Mb L: 8/12 MS: 2 CrossOver-EraseBytes-
#10503	NEW    cov: 136 ft: 184 corp: 13/76b lim: 74 exec/s: 10503 rss: 48Mb L: 5/12 MS: 4 CrossOver-EraseBytes-ShuffleBytes-InsertByte-
#10600	REDUCE cov: 136 ft: 184 corp: 13/75b lim: 74 exec/s: 10600 rss: 48Mb L: 10/12 MS: 2 CopyPart-EraseBytes-
#10727	NEW    cov: 141 ft: 189 corp: 14/83b lim: 74 exec/s: 10727 rss: 48Mb L: 8/12 MS: 2 ChangeBinInt-ShuffleBytes-
#12379	REDUCE cov: 141 ft: 189 corp: 14/81b lim: 86 exec/s: 12379 rss: 48Mb L: 9/12 MS: 2 ChangeBit-EraseBytes-
#14455	NEW    cov: 145 ft: 208 corp: 15/93b lim: 104 exec/s: 14455 rss: 48Mb L: 12/12 MS: 1 CopyPart-
#15333	REDUCE cov: 145 ft: 208 corp: 15/91b lim: 110 exec/s: 15333 rss: 48Mb L: 5/12 MS: 3 ShuffleBytes-InsertByte-EraseBytes-
#17219	NEW    cov: 145 ft: 215 corp: 16/101b lim: 128 exec/s: 17219 rss: 48Mb L: 10/12 MS: 1 CopyPart-
#17981	NEW    cov: 146 ft: 216 corp: 17/109b lim: 135 exec/s: 17981 rss: 48Mb L: 8/12 MS: 2 ChangeBit-ChangeBit-
#18957	NEW    cov: 147 ft: 217 corp: 18/121b lim: 142 exec/s: 18957 rss: 48Mb L: 12/12 MS: 1 ChangeByte-
#21653	REDUCE cov: 147 ft: 217 corp: 18/117b lim: 163 exec/s: 10826 rss: 48Mb L: 8/12 MS: 1 EraseBytes-
#21984	REDUCE cov: 147 ft: 217 corp: 18/116b lim: 163 exec/s: 10992 rss: 48Mb L: 9/12 MS: 1 EraseBytes-
#22100	REDUCE cov: 147 ft: 217 corp: 18/114b lim: 163 exec/s: 11050 rss: 48Mb L: 6/12 MS: 1 EraseBytes-
#22991	NEW    cov: 158 ft: 228 corp: 19/126b lim: 170 exec/s: 11495 rss: 48Mb L: 12/12 MS: 1 ChangeByte-
#23097	NEW    cov: 159 ft: 229 corp: 20/138b lim: 170 exec/s: 11548 rss: 48Mb L: 12/12 MS: 1 CopyPart-
#23208	REDUCE cov: 159 ft: 229 corp: 20/134b lim: 170 exec/s: 11604 rss: 48Mb L: 8/12 MS: 1 EraseBytes-
#23866	REDUCE cov: 159 ft: 229 corp: 20/133b lim: 170 exec/s: 11933 rss: 48Mb L: 8/12 MS: 3 CopyPart-ChangeBinInt-EraseBytes-
#32270	NEW    cov: 178 ft: 248 corp: 21/142b lim: 247 exec/s: 10756 rss: 48Mb L: 9/12 MS: 4 ChangeBit-ChangeBinInt-CrossOver-EraseBytes-
#32768	pulse  cov: 178 ft: 248 corp: 21/142b lim: 247 exec/s: 10922 rss: 48Mb
#34147	NEW    cov: 178 ft: 251 corp: 22/156b lim: 261 exec/s: 11382 rss: 48Mb L: 14/14 MS: 2 CopyPart-EraseBytes-
#34848	REDUCE cov: 178 ft: 251 corp: 22/155b lim: 261 exec/s: 11616 rss: 48Mb L: 11/14 MS: 1 EraseBytes-
#35934	NEW    cov: 179 ft: 252 corp: 23/200b lim: 269 exec/s: 11978 rss: 48Mb L: 45/45 MS: 1 InsertRepeatedBytes-
#36072	REDUCE cov: 179 ft: 252 corp: 23/198b lim: 269 exec/s: 12024 rss: 48Mb L: 43/43 MS: 3 ChangeByte-ChangeByte-EraseBytes-
#36340	REDUCE cov: 179 ft: 252 corp: 23/181b lim: 269 exec/s: 12113 rss: 48Mb L: 26/26 MS: 3 ShuffleBytes-ChangeBinInt-EraseBytes-
#37444	REDUCE cov: 183 ft: 256 corp: 24/195b lim: 277 exec/s: 9361 rss: 48Mb L: 14/26 MS: 4 CrossOver-ChangeBinInt-ShuffleBytes-InsertByte-
#37961	REDUCE cov: 183 ft: 256 corp: 24/187b lim: 277 exec/s: 9490 rss: 48Mb L: 18/18 MS: 2 ShuffleBytes-EraseBytes-
#39047	NEW    cov: 183 ft: 258 corp: 25/203b lim: 285 exec/s: 9761 rss: 48Mb L: 16/18 MS: 1 CopyPart-
#39378	REDUCE cov: 183 ft: 258 corp: 25/198b lim: 285 exec/s: 9844 rss: 48Mb L: 13/16 MS: 1 EraseBytes-
#40349	REDUCE cov: 183 ft: 258 corp: 25/195b lim: 293 exec/s: 10087 rss: 48Mb L: 10/16 MS: 1 EraseBytes-
#40785	REDUCE cov: 183 ft: 258 corp: 25/192b lim: 293 exec/s: 10196 rss: 48Mb L: 7/16 MS: 1 EraseBytes-
#43236	NEW    cov: 184 ft: 259 corp: 26/207b lim: 317 exec/s: 10809 rss: 48Mb L: 15/16 MS: 1 InsertByte-
#43767	REDUCE cov: 184 ft: 259 corp: 26/206b lim: 317 exec/s: 10941 rss: 48Mb L: 14/16 MS: 1 EraseBytes-
#44539	REDUCE cov: 184 ft: 259 corp: 26/205b lim: 317 exec/s: 11134 rss: 48Mb L: 13/16 MS: 2 ChangeBit-EraseBytes-
#44641	REDUCE cov: 184 ft: 259 corp: 26/204b lim: 317 exec/s: 11160 rss: 48Mb L: 12/16 MS: 2 ChangeBit-EraseBytes-
#45413	REDUCE cov: 184 ft: 264 corp: 27/222b lim: 317 exec/s: 11353 rss: 48Mb L: 18/18 MS: 2 CrossOver-EraseBytes-
#45604	REDUCE cov: 184 ft: 264 corp: 27/220b lim: 317 exec/s: 11401 rss: 48Mb L: 10/18 MS: 1 EraseBytes-
#45905	REDUCE cov: 184 ft: 264 corp: 27/218b lim: 317 exec/s: 11476 rss: 48Mb L: 9/18 MS: 1 EraseBytes-
#46581	REDUCE cov: 184 ft: 264 corp: 27/217b lim: 317 exec/s: 9316 rss: 48Mb L: 9/18 MS: 1 EraseBytes-
#47322	REDUCE cov: 184 ft: 264 corp: 27/214b lim: 317 exec/s: 9464 rss: 48Mb L: 11/18 MS: 1 EraseBytes-
#47954	REDUCE cov: 184 ft: 264 corp: 27/211b lim: 317 exec/s: 9590 rss: 48Mb L: 15/16 MS: 2 CMP-EraseBytes- DE: "\000\000"-
#49986	REDUCE cov: 184 ft: 264 corp: 27/209b lim: 333 exec/s: 9997 rss: 48Mb L: 7/16 MS: 2 CopyPart-EraseBytes-
#59572	NEW    cov: 186 ft: 266 corp: 28/218b lim: 421 exec/s: 9928 rss: 48Mb L: 9/16 MS: 1 ChangeBit-
#59980	NEW    cov: 186 ft: 267 corp: 29/227b lim: 421 exec/s: 9996 rss: 48Mb L: 9/16 MS: 3 ShuffleBytes-CopyPart-CrossOver-
#62637	REDUCE cov: 186 ft: 267 corp: 29/226b lim: 445 exec/s: 10439 rss: 48Mb L: 8/16 MS: 2 EraseBytes-ShuffleBytes-
#64033	REDUCE cov: 186 ft: 267 corp: 29/225b lim: 453 exec/s: 9147 rss: 48Mb L: 6/16 MS: 1 EraseBytes-
#64459	REDUCE cov: 186 ft: 267 corp: 29/224b lim: 453 exec/s: 9208 rss: 48Mb L: 14/16 MS: 1 EraseBytes-
#65536	pulse  cov: 186 ft: 267 corp: 29/224b lim: 461 exec/s: 9362 rss: 48Mb
#66560	NEW    cov: 187 ft: 268 corp: 30/233b lim: 469 exec/s: 9508 rss: 48Mb L: 9/16 MS: 1 CrossOver-
#69831	REDUCE cov: 187 ft: 273 corp: 31/247b lim: 501 exec/s: 9975 rss: 48Mb L: 14/16 MS: 1 CrossOver-
#70918	NEW    cov: 188 ft: 274 corp: 32/266b lim: 509 exec/s: 10131 rss: 48Mb L: 19/19 MS: 2 CopyPart-ChangeByte-
#74215	REDUCE cov: 188 ft: 274 corp: 32/265b lim: 535 exec/s: 9276 rss: 48Mb L: 18/18 MS: 2 ChangeBit-EraseBytes-
#74476	REDUCE cov: 188 ft: 274 corp: 32/262b lim: 535 exec/s: 9309 rss: 48Mb L: 15/16 MS: 1 EraseBytes-
#76477	REDUCE cov: 188 ft: 274 corp: 32/260b lim: 553 exec/s: 9559 rss: 48Mb L: 13/16 MS: 1 EraseBytes-
#81948	NEW    cov: 188 ft: 276 corp: 33/276b lim: 607 exec/s: 10243 rss: 48Mb L: 16/16 MS: 1 CopyPart-
#82000	REDUCE cov: 188 ft: 293 corp: 34/286b lim: 607 exec/s: 10250 rss: 48Mb L: 10/16 MS: 2 EraseBytes-CopyPart-
#85101	NEW    cov: 188 ft: 308 corp: 35/295b lim: 634 exec/s: 9455 rss: 48Mb L: 9/16 MS: 1 EraseBytes-
#88362	REDUCE cov: 188 ft: 308 corp: 35/293b lim: 661 exec/s: 9818 rss: 48Mb L: 11/16 MS: 1 EraseBytes-
#90909	NEW    cov: 188 ft: 323 corp: 36/304b lim: 679 exec/s: 10101 rss: 48Mb L: 11/16 MS: 2 ChangeBit-CopyPart-
#96745	REDUCE cov: 188 ft: 323 corp: 36/303b lim: 733 exec/s: 9674 rss: 48Mb L: 7/16 MS: 1 EraseBytes-
#101315	DONE   cov: 188 ft: 323 corp: 36/303b lim: 778 exec/s: 9210 rss: 48Mb
###### Recommended dictionary. ######
"\000\000" # Uses: 5017
###### End of recommended dictionary. ######
Done 101315 runs in 11 second(s)
