Trial setup-fuzzing-py__CfWmmy7 failed: Docker compose command failed for environment setup-fuzzing-py. Command: docker compose -p setup-fuzzing-py__cfwmmy7 -f /home/zhengshh/skillsbench/.venv/lib/python3.12/site-packages/harbor/environments/docker/docker-compose-build.yaml build. Return code: 1. Stdout: Compose can now delegate builds to bake for better performance.
 To do so, set COMPOSE_BAKE=true.
#0 building with "default" instance using docker driver

#1 [main internal] load build definition from Dockerfile
#1 transferring dockerfile:
#1 transferring dockerfile: 778B 0.0s done
#1 DONE 1.5s

#2 [main internal] load metadata for gcr.io/oss-fuzz-base/base-builder-python:latest
#2 DONE 3.3s

#3 [main internal] load .dockerignore
#3 DONE 0.0s

#3 [main internal] load .dockerignore
#3 transferring context: 2B done
#3 DONE 0.6s

#4 [main 1/7] FROM gcr.io/oss-fuzz-base/base-builder-python:latest@sha256:a37991e5c6d8dd58014d30f95a01373c438a8377be0052525f8227a79a9beaf4
#4 DONE 0.0s

#5 [main internal] load build context
#5 transferring context: 945B done
#5 DONE 0.6s

#6 [main 4/7] WORKDIR /app
#6 CACHED

#7 [main 5/7] COPY build_dataset.sh /app/build_dataset.sh
#7 CACHED

#8 [main 6/7] RUN bash /app/build_dataset.sh
#8 CACHED

#9 [main 2/7] RUN curl -LsSf https://astral.sh/uv/0.9.22/install.sh | sh
#9 CACHED

#10 [main 3/7] RUN apt-get update && apt-get install -y tree git make wget
#10 CACHED

#11 [main 7/7] RUN rm -rf /app/build_dataset.sh
#11 CACHED

#12 [main] exporting to image
#12 exporting layers done
#12 writing image sha256:c461e2d0ec065cf9eae682a46387c2e64f335e4fe558d24c3a5a39d1bf613c0b 0.0s done
#12 naming to docker.io/library/hb__setup-fuzzing-py 0.0s done
#12 DONE 2.0s
failed to solve: ResourceExhausted: write /var/lib/docker/buildkit/containerdmeta.db: no space left on device
. Stderr: None. 
Not retrying trial because the maximum number of retries has been reached
