INFO: Instrumenting arrow
INFO: Instrumenting arrow._version
INFO: Instrumenting arrow.api
INFO: Instrumenting datetime
INFO: Instrumenting arrow.arrow
INFO: Instrumenting calendar
INFO: Instrumenting locale
INFO: Instrumenting _locale
WARNING: It looks like this module is imported by a custom loader. Atheris has experimental support for this. However, it may be incompatible with certain libraries. If you experience unusual errors or poor coverage collection, try atheris.instrument_all() instead, add enable_loader_override=False to instrument_imports(), or file an issue on GitHub.
INFO: Instrumenting dateutil
INFO: Instrumenting dateutil._version
INFO: Instrumenting dateutil.tz
INFO: Instrumenting dateutil.tz.tz
INFO: Instrumenting struct
INFO: Instrumenting six
INFO: Instrumenting __future__
INFO: Instrumenting importlib.util
INFO: Instrumenting six.moves
INFO: Instrumenting dateutil.tz._common
INFO: Instrumenting dateutil.tz._factories
INFO: Instrumenting dateutil.tz.win
INFO: Instrumenting dateutil.relativedelta
INFO: Instrumenting dateutil._common
INFO: Instrumenting arrow.formatter
INFO: Instrumenting arrow.locales
INFO: Instrumenting arrow.constants
INFO: Instrumenting arrow.parser
INFO: Instrumenting zoneinfo
INFO: Instrumenting zoneinfo._tzpath
INFO: Instrumenting sysconfig
INFO: Instrumenting _sysconfigdata__linux_x86_64-linux-gnu
INFO: Instrumenting zoneinfo._common
INFO: Instrumenting arrow.util
INFO: Instrumenting dateutil.rrule
INFO: Instrumenting heapq
INFO: Instrumenting arrow.factory
INFO: Instrumenting decimal
INFO: Instrumenting numbers
INFO: Using built-in libfuzzer
WARNING: Failed to find function "__sanitizer_acquire_crash_state".
WARNING: Failed to find function "__sanitizer_print_stack_trace".
WARNING: Failed to find function "__sanitizer_set_death_callback".
INFO: Running with entropic power schedule (0xFF, 100).
INFO: Seed: 2471404522
INFO: -max_len is not provided; libFuzzer will not generate inputs larger than 4096 bytes
INFO: A corpus is not provided, starting from an empty corpus
#2	INITED cov: 34 ft: 34 corp: 1/1b exec/s: 0 rss: 52Mb
#122	NEW    cov: 39 ft: 39 corp: 2/3b lim: 4 exec/s: 0 rss: 52Mb L: 2/2 MS: 5 InsertByte-EraseBytes-CrossOver-CopyPart-ChangeByte-
#1432	NEW    cov: 83 ft: 97 corp: 3/11b lim: 14 exec/s: 0 rss: 52Mb L: 8/8 MS: 5 ChangeBit-ChangeByte-ShuffleBytes-EraseBytes-InsertRepeatedBytes-
#1438	NEW    cov: 83 ft: 112 corp: 4/25b lim: 14 exec/s: 0 rss: 52Mb L: 14/14 MS: 1 CopyPart-
#1445	NEW    cov: 85 ft: 114 corp: 5/33b lim: 14 exec/s: 0 rss: 52Mb L: 8/14 MS: 2 CMP-ChangeBit- DE: "\001\000\000\000\000\000\000\000"-
#1457	NEW    cov: 96 ft: 137 corp: 6/47b lim: 14 exec/s: 0 rss: 52Mb L: 14/14 MS: 2 ShuffleBytes-CopyPart-
#1463	NEW    cov: 97 ft: 145 corp: 7/61b lim: 14 exec/s: 0 rss: 52Mb L: 14/14 MS: 1 ChangeBinInt-
#1493	REDUCE cov: 97 ft: 145 corp: 7/60b lim: 14 exec/s: 0 rss: 52Mb L: 7/14 MS: 5 ChangeByte-InsertRepeatedBytes-ChangeByte-CopyPart-EraseBytes-
#1504	REDUCE cov: 97 ft: 145 corp: 7/55b lim: 14 exec/s: 0 rss: 52Mb L: 9/14 MS: 1 EraseBytes-
#1506	REDUCE cov: 97 ft: 145 corp: 7/50b lim: 14 exec/s: 0 rss: 52Mb L: 9/14 MS: 2 EraseBytes-CopyPart-
#1548	REDUCE cov: 98 ft: 146 corp: 8/64b lim: 14 exec/s: 0 rss: 52Mb L: 14/14 MS: 2 ChangeBinInt-InsertRepeatedBytes-
#1550	REDUCE cov: 98 ft: 146 corp: 8/63b lim: 14 exec/s: 0 rss: 52Mb L: 13/14 MS: 2 ShuffleBytes-CrossOver-
#1595	REDUCE cov: 98 ft: 146 corp: 8/60b lim: 14 exec/s: 0 rss: 52Mb L: 10/14 MS: 5 InsertByte-ChangeBinInt-ChangeBinInt-ChangeByte-CrossOver-
#1625	REDUCE cov: 98 ft: 146 corp: 8/58b lim: 14 exec/s: 0 rss: 52Mb L: 8/14 MS: 5 ChangeByte-EraseBytes-EraseBytes-ChangeByte-CopyPart-
#1721	NEW    cov: 99 ft: 147 corp: 9/66b lim: 14 exec/s: 0 rss: 52Mb L: 8/14 MS: 1 ChangeBit-
#1917	REDUCE cov: 99 ft: 147 corp: 9/57b lim: 14 exec/s: 0 rss: 52Mb L: 5/9 MS: 1 CrossOver-
#1954	NEW    cov: 109 ft: 157 corp: 10/71b lim: 14 exec/s: 0 rss: 52Mb L: 14/14 MS: 2 CopyPart-CrossOver-
#1955	REDUCE cov: 109 ft: 157 corp: 10/68b lim: 14 exec/s: 0 rss: 52Mb L: 4/14 MS: 1 EraseBytes-
#1989	NEW    cov: 110 ft: 158 corp: 11/82b lim: 14 exec/s: 0 rss: 52Mb L: 14/14 MS: 4 PersAutoDict-ChangeBinInt-ChangeByte-CopyPart- DE: "\001\000\000\000\000\000\000\000"-
#2020	REDUCE cov: 110 ft: 158 corp: 11/79b lim: 14 exec/s: 0 rss: 52Mb L: 11/14 MS: 1 EraseBytes-
#2158	REDUCE cov: 110 ft: 158 corp: 11/78b lim: 14 exec/s: 0 rss: 52Mb L: 13/13 MS: 3 ChangeByte-ChangeBit-EraseBytes-
#2259	REDUCE cov: 110 ft: 158 corp: 11/76b lim: 14 exec/s: 0 rss: 52Mb L: 6/13 MS: 1 EraseBytes-
#2355	NEW    cov: 111 ft: 159 corp: 12/84b lim: 14 exec/s: 0 rss: 52Mb L: 8/13 MS: 1 CrossOver-
#2388	REDUCE cov: 111 ft: 159 corp: 12/83b lim: 14 exec/s: 0 rss: 52Mb L: 7/13 MS: 3 InsertRepeatedBytes-ChangeBit-EraseBytes-
#2734	REDUCE cov: 111 ft: 159 corp: 12/79b lim: 17 exec/s: 0 rss: 52Mb L: 9/11 MS: 1 EraseBytes-
#2760	REDUCE cov: 111 ft: 159 corp: 12/77b lim: 17 exec/s: 0 rss: 52Mb L: 7/11 MS: 1 EraseBytes-
#2851	REDUCE cov: 111 ft: 159 corp: 12/75b lim: 17 exec/s: 0 rss: 52Mb L: 5/11 MS: 1 EraseBytes-
#2908	REDUCE cov: 112 ft: 160 corp: 13/85b lim: 17 exec/s: 0 rss: 52Mb L: 10/11 MS: 2 InsertRepeatedBytes-CrossOver-
#3209	REDUCE cov: 112 ft: 160 corp: 13/84b lim: 17 exec/s: 0 rss: 52Mb L: 3/11 MS: 1 EraseBytes-
#3315	REDUCE cov: 112 ft: 160 corp: 13/83b lim: 17 exec/s: 0 rss: 52Mb L: 2/11 MS: 1 EraseBytes-
#3471	REDUCE cov: 112 ft: 160 corp: 13/82b lim: 17 exec/s: 0 rss: 52Mb L: 6/11 MS: 1 EraseBytes-
#3748	NEW    cov: 113 ft: 161 corp: 14/93b lim: 17 exec/s: 3748 rss: 52Mb L: 11/11 MS: 2 ChangeByte-InsertByte-
#3884	REDUCE cov: 113 ft: 161 corp: 14/92b lim: 17 exec/s: 3884 rss: 52Mb L: 4/11 MS: 1 EraseBytes-
#4111	REDUCE cov: 113 ft: 161 corp: 14/90b lim: 17 exec/s: 4111 rss: 52Mb L: 8/11 MS: 2 ShuffleBytes-EraseBytes-
#4207	REDUCE cov: 113 ft: 161 corp: 14/88b lim: 17 exec/s: 4207 rss: 52Mb L: 9/11 MS: 1 EraseBytes-
#4237	REDUCE cov: 115 ft: 163 corp: 15/97b lim: 17 exec/s: 4237 rss: 52Mb L: 9/11 MS: 5 EraseBytes-ChangeByte-ChangeBit-CopyPart-CrossOver-
#4648	REDUCE cov: 115 ft: 163 corp: 15/96b lim: 21 exec/s: 4648 rss: 52Mb L: 5/11 MS: 1 EraseBytes-
#4682	REDUCE cov: 115 ft: 163 corp: 15/95b lim: 21 exec/s: 4682 rss: 52Mb L: 8/11 MS: 4 ChangeByte-CMP-InsertByte-EraseBytes- DE: "\377\377\377\377"-
#4786	REDUCE cov: 115 ft: 163 corp: 15/92b lim: 21 exec/s: 4786 rss: 52Mb L: 3/11 MS: 4 ChangeBit-ChangeByte-EraseBytes-ShuffleBytes-
#5537	REDUCE cov: 115 ft: 163 corp: 15/91b lim: 25 exec/s: 5537 rss: 52Mb L: 7/11 MS: 1 EraseBytes-
#5823	REDUCE cov: 115 ft: 163 corp: 15/90b lim: 25 exec/s: 5823 rss: 52Mb L: 8/11 MS: 1 EraseBytes-
#6543	REDUCE cov: 115 ft: 163 corp: 15/88b lim: 29 exec/s: 6543 rss: 52Mb L: 7/11 MS: 5 ChangeBit-InsertByte-ChangeBinInt-CrossOver-EraseBytes-
#6809	REDUCE cov: 116 ft: 164 corp: 16/96b lim: 29 exec/s: 6809 rss: 52Mb L: 8/11 MS: 1 ChangeBinInt-
#7430	REDUCE cov: 116 ft: 164 corp: 16/94b lim: 33 exec/s: 7430 rss: 52Mb L: 9/9 MS: 1 EraseBytes-
#8191	REDUCE cov: 116 ft: 164 corp: 16/93b lim: 38 exec/s: 4095 rss: 52Mb L: 6/9 MS: 1 EraseBytes-
#8192	pulse  cov: 116 ft: 164 corp: 16/93b lim: 38 exec/s: 4096 rss: 52Mb
#8268	REDUCE cov: 116 ft: 164 corp: 16/91b lim: 38 exec/s: 4134 rss: 52Mb L: 6/9 MS: 2 CopyPart-EraseBytes-
#9170	REDUCE cov: 123 ft: 182 corp: 17/109b lim: 43 exec/s: 4585 rss: 52Mb L: 18/18 MS: 2 InsertByte-CrossOver-
#9788	REDUCE cov: 124 ft: 183 corp: 18/127b lim: 48 exec/s: 4894 rss: 52Mb L: 18/18 MS: 3 PersAutoDict-ChangeByte-InsertByte- DE: "\001\000\000\000\000\000\000\000"-
#10149	REDUCE cov: 124 ft: 183 corp: 18/122b lim: 48 exec/s: 5074 rss: 52Mb L: 13/18 MS: 1 EraseBytes-
#10265	NEW    cov: 124 ft: 184 corp: 19/137b lim: 48 exec/s: 5132 rss: 52Mb L: 15/18 MS: 1 EraseBytes-
#10736	NEW    cov: 124 ft: 188 corp: 20/145b lim: 48 exec/s: 5368 rss: 52Mb L: 8/18 MS: 1 CrossOver-
#11252	REDUCE cov: 124 ft: 188 corp: 20/144b lim: 53 exec/s: 5626 rss: 52Mb L: 8/18 MS: 1 EraseBytes-
#11688	NEW    cov: 126 ft: 196 corp: 21/162b lim: 53 exec/s: 5844 rss: 52Mb L: 18/18 MS: 1 CrossOver-
#12648	NEW    cov: 126 ft: 199 corp: 22/178b lim: 58 exec/s: 4216 rss: 52Mb L: 16/18 MS: 5 ChangeBinInt-CopyPart-EraseBytes-ChangeByte-EraseBytes-
#12654	REDUCE cov: 126 ft: 199 corp: 22/177b lim: 58 exec/s: 4218 rss: 52Mb L: 7/18 MS: 1 EraseBytes-
#13072	REDUCE cov: 126 ft: 199 corp: 22/175b lim: 58 exec/s: 4357 rss: 52Mb L: 16/18 MS: 3 CopyPart-InsertByte-EraseBytes-
#14045	REDUCE cov: 126 ft: 201 corp: 23/226b lim: 63 exec/s: 4681 rss: 52Mb L: 51/51 MS: 3 InsertRepeatedBytes-ShuffleBytes-CrossOver-
#14563	REDUCE cov: 126 ft: 201 corp: 23/204b lim: 68 exec/s: 4854 rss: 52Mb L: 29/29 MS: 3 ShuffleBytes-ChangeBit-EraseBytes-
#15144	REDUCE cov: 126 ft: 201 corp: 23/200b lim: 68 exec/s: 5048 rss: 52Mb L: 11/29 MS: 1 EraseBytes-
#16384	pulse  cov: 126 ft: 201 corp: 23/200b lim: 80 exec/s: 5461 rss: 52Mb
#17445	REDUCE cov: 126 ft: 201 corp: 23/196b lim: 86 exec/s: 4361 rss: 52Mb L: 14/29 MS: 1 EraseBytes-
#17567	REDUCE cov: 126 ft: 201 corp: 23/195b lim: 86 exec/s: 4391 rss: 52Mb L: 4/29 MS: 2 EraseBytes-ShuffleBytes-
#17759	REDUCE cov: 126 ft: 201 corp: 23/193b lim: 86 exec/s: 4439 rss: 52Mb L: 27/27 MS: 2 ChangeASCIIInt-EraseBytes-
#18630	REDUCE cov: 126 ft: 201 corp: 23/190b lim: 92 exec/s: 4657 rss: 52Mb L: 10/27 MS: 1 EraseBytes-
#19372	NEW    cov: 137 ft: 212 corp: 24/208b lim: 98 exec/s: 4843 rss: 52Mb L: 18/27 MS: 2 CrossOver-InsertByte-
#19723	REDUCE cov: 137 ft: 212 corp: 24/206b lim: 98 exec/s: 4930 rss: 52Mb L: 8/27 MS: 1 EraseBytes-
#21889	REDUCE cov: 137 ft: 212 corp: 24/205b lim: 116 exec/s: 4377 rss: 52Mb L: 26/26 MS: 1 EraseBytes-
#22355	REDUCE cov: 137 ft: 212 corp: 24/203b lim: 116 exec/s: 4471 rss: 52Mb L: 16/26 MS: 1 EraseBytes-
#22887	REDUCE cov: 137 ft: 212 corp: 24/201b lim: 116 exec/s: 4577 rss: 52Mb L: 5/26 MS: 2 ChangeBinInt-EraseBytes-
#23423	REDUCE cov: 138 ft: 213 corp: 25/218b lim: 116 exec/s: 4684 rss: 52Mb L: 17/26 MS: 1 InsertByte-
#23440	REDUCE cov: 138 ft: 213 corp: 25/216b lim: 116 exec/s: 4688 rss: 52Mb L: 14/26 MS: 2 CopyPart-EraseBytes-
#24876	REDUCE cov: 138 ft: 213 corp: 25/212b lim: 128 exec/s: 4975 rss: 52Mb L: 22/22 MS: 1 EraseBytes-
#25023	REDUCE cov: 138 ft: 213 corp: 25/211b lim: 128 exec/s: 5004 rss: 52Mb L: 16/22 MS: 2 ChangeASCIIInt-EraseBytes-
#26796	NEW    cov: 138 ft: 219 corp: 26/235b lim: 142 exec/s: 4466 rss: 52Mb L: 24/24 MS: 3 CopyPart-ShuffleBytes-CrossOver-
#26858	REDUCE cov: 138 ft: 219 corp: 26/234b lim: 142 exec/s: 4476 rss: 52Mb L: 15/24 MS: 2 ChangeBit-EraseBytes-
#27155	REDUCE cov: 138 ft: 219 corp: 26/233b lim: 142 exec/s: 4525 rss: 52Mb L: 21/24 MS: 2 CopyPart-EraseBytes-
#27565	REDUCE cov: 138 ft: 220 corp: 27/247b lim: 142 exec/s: 4594 rss: 52Mb L: 14/24 MS: 5 EraseBytes-ShuffleBytes-ChangeBit-ChangeBinInt-InsertByte-
#28371	REDUCE cov: 138 ft: 220 corp: 27/246b lim: 149 exec/s: 4728 rss: 52Mb L: 23/23 MS: 1 EraseBytes-
#29257	REDUCE cov: 138 ft: 220 corp: 27/245b lim: 156 exec/s: 4876 rss: 52Mb L: 13/23 MS: 1 EraseBytes-
#29373	REDUCE cov: 138 ft: 220 corp: 27/242b lim: 156 exec/s: 4895 rss: 52Mb L: 10/23 MS: 1 EraseBytes-
#29762	REDUCE cov: 138 ft: 220 corp: 27/241b lim: 156 exec/s: 4960 rss: 52Mb L: 7/23 MS: 4 InsertByte-ChangeByte-ChangeBinInt-EraseBytes-
#30723	REDUCE cov: 138 ft: 220 corp: 27/238b lim: 163 exec/s: 4389 rss: 52Mb L: 20/21 MS: 1 EraseBytes-
#31004	REDUCE cov: 138 ft: 220 corp: 27/235b lim: 163 exec/s: 4429 rss: 52Mb L: 13/21 MS: 1 EraseBytes-
#31685	REDUCE cov: 138 ft: 220 corp: 27/234b lim: 163 exec/s: 4526 rss: 52Mb L: 13/21 MS: 1 EraseBytes-
#32768	pulse  cov: 138 ft: 220 corp: 27/234b lim: 170 exec/s: 4681 rss: 52Mb
#34766	REDUCE cov: 138 ft: 220 corp: 27/232b lim: 191 exec/s: 4966 rss: 52Mb L: 19/20 MS: 1 EraseBytes-
#35112	REDUCE cov: 138 ft: 220 corp: 27/231b lim: 191 exec/s: 4389 rss: 52Mb L: 9/20 MS: 1 EraseBytes-
#35303	REDUCE cov: 138 ft: 220 corp: 27/230b lim: 191 exec/s: 4412 rss: 52Mb L: 8/20 MS: 1 EraseBytes-
#36129	REDUCE cov: 138 ft: 220 corp: 27/226b lim: 198 exec/s: 4516 rss: 52Mb L: 16/19 MS: 1 EraseBytes-
#36918	REDUCE cov: 138 ft: 220 corp: 27/225b lim: 205 exec/s: 4614 rss: 52Mb L: 12/19 MS: 4 CrossOver-ChangeBit-CopyPart-EraseBytes-
#37529	REDUCE cov: 138 ft: 220 corp: 27/223b lim: 205 exec/s: 4691 rss: 52Mb L: 14/19 MS: 1 EraseBytes-
#38140	REDUCE cov: 138 ft: 220 corp: 27/221b lim: 205 exec/s: 4767 rss: 52Mb L: 11/19 MS: 1 EraseBytes-
#38481	REDUCE cov: 138 ft: 220 corp: 27/218b lim: 205 exec/s: 4810 rss: 52Mb L: 16/16 MS: 1 EraseBytes-
#42552	REDUCE cov: 140 ft: 222 corp: 28/229b lim: 240 exec/s: 4728 rss: 52Mb L: 11/16 MS: 1 ChangeBit-
#43494	REDUCE cov: 140 ft: 222 corp: 28/228b lim: 247 exec/s: 4832 rss: 52Mb L: 14/16 MS: 2 ChangeASCIIInt-EraseBytes-
#45445	REDUCE cov: 140 ft: 222 corp: 28/227b lim: 261 exec/s: 4544 rss: 52Mb L: 13/16 MS: 1 EraseBytes-
#45571	REDUCE cov: 140 ft: 222 corp: 28/225b lim: 261 exec/s: 4557 rss: 52Mb L: 12/16 MS: 1 EraseBytes-
#48821	DONE   cov: 140 ft: 222 corp: 28/225b lim: 293 exec/s: 4438 rss: 52Mb
###### Recommended dictionary. ######
"\001\000\000\000\000\000\000\000" # Uses: 2001
"\377\377\377\377" # Uses: 1974
###### End of recommended dictionary. ######
Done 48821 runs in 11 second(s)
