INFO: Instrumenting arrow
INFO: Instrumenting arrow._version
INFO: Instrumenting arrow.api
INFO: Instrumenting datetime
INFO: Instrumenting arrow.arrow
INFO: Instrumenting calendar
INFO: Instrumenting locale
INFO: Instrumenting _locale
WARNING: It looks like this module is imported by a custom loader. Atheris has experimental support for this. However, it may be incompatible with certain libraries. If you experience unusual errors or poor coverage collection, try atheris.instrument_all() instead, add enable_loader_override=False to instrument_imports(), or file an issue on GitHub.
INFO: Instrumenting dateutil
INFO: Instrumenting dateutil._version
INFO: Instrumenting dateutil.tz
INFO: Instrumenting dateutil.tz.tz
INFO: Instrumenting struct
INFO: Instrumenting six
INFO: Instrumenting __future__
INFO: Instrumenting importlib.util
INFO: Instrumenting six.moves
INFO: Instrumenting dateutil.tz._common
INFO: Instrumenting dateutil.tz._factories
INFO: Instrumenting dateutil.tz.win
INFO: Instrumenting dateutil.relativedelta
INFO: Instrumenting dateutil._common
INFO: Instrumenting arrow.formatter
INFO: Instrumenting arrow.locales
INFO: Instrumenting arrow.constants
INFO: Instrumenting arrow.parser
INFO: Instrumenting zoneinfo
INFO: Instrumenting zoneinfo._tzpath
INFO: Instrumenting sysconfig
INFO: Instrumenting _sysconfigdata__linux_x86_64-linux-gnu
INFO: Instrumenting zoneinfo._common
INFO: Instrumenting arrow.util
INFO: Instrumenting dateutil.rrule
INFO: Instrumenting heapq
INFO: Instrumenting arrow.factory
INFO: Instrumenting decimal
INFO: Instrumenting numbers
INFO: Using built-in libfuzzer
WARNING: Failed to find function "__sanitizer_acquire_crash_state".
WARNING: Failed to find function "__sanitizer_print_stack_trace".
WARNING: Failed to find function "__sanitizer_set_death_callback".
INFO: Running with entropic power schedule (0xFF, 100).
INFO: Seed: 48310729
INFO: -max_len is not provided; libFuzzer will not generate inputs larger than 4096 bytes
INFO: A corpus is not provided, starting from an empty corpus
#2	INITED cov: 48 ft: 48 corp: 1/1b exec/s: 0 rss: 52Mb
#19	NEW    cov: 53 ft: 53 corp: 2/3b lim: 4 exec/s: 0 rss: 52Mb L: 2/2 MS: 2 ShuffleBytes-InsertByte-
#68	REDUCE cov: 53 ft: 53 corp: 2/2b lim: 4 exec/s: 0 rss: 52Mb L: 1/1 MS: 4 CopyPart-ChangeBit-ChangeBit-EraseBytes-
#160	NEW    cov: 54 ft: 54 corp: 3/5b lim: 4 exec/s: 0 rss: 52Mb L: 3/3 MS: 2 CrossOver-CopyPart-
#161	REDUCE cov: 54 ft: 54 corp: 3/4b lim: 4 exec/s: 0 rss: 52Mb L: 2/2 MS: 1 CrossOver-
#1073	REDUCE cov: 55 ft: 55 corp: 4/6b lim: 11 exec/s: 0 rss: 52Mb L: 2/2 MS: 2 CrossOver-InsertByte-
#1134	NEW    cov: 56 ft: 56 corp: 5/7b lim: 11 exec/s: 0 rss: 52Mb L: 1/2 MS: 1 EraseBytes-
#1580	REDUCE cov: 56 ft: 56 corp: 5/6b lim: 14 exec/s: 0 rss: 52Mb L: 1/2 MS: 1 EraseBytes-
#7398	REDUCE cov: 66 ft: 66 corp: 6/9b lim: 68 exec/s: 0 rss: 52Mb L: 3/3 MS: 3 ChangeByte-InsertByte-ShuffleBytes-
#7601	NEW    cov: 98 ft: 100 corp: 7/13b lim: 68 exec/s: 0 rss: 52Mb L: 4/4 MS: 3 ChangeBit-ChangeBit-CopyPart-
#7748	NEW    cov: 106 ft: 129 corp: 8/21b lim: 68 exec/s: 0 rss: 52Mb L: 8/8 MS: 2 ChangeBit-CopyPart-
#7972	REDUCE cov: 107 ft: 130 corp: 9/26b lim: 68 exec/s: 0 rss: 52Mb L: 5/8 MS: 4 ShuffleBytes-EraseBytes-ShuffleBytes-CrossOver-
#8829	NEW    cov: 132 ft: 165 corp: 10/34b lim: 74 exec/s: 0 rss: 52Mb L: 8/8 MS: 2 ShuffleBytes-ChangeByte-
#9005	NEW    cov: 132 ft: 180 corp: 11/42b lim: 74 exec/s: 0 rss: 52Mb L: 8/8 MS: 1 ChangeASCIIInt-
#9322	NEW    cov: 133 ft: 181 corp: 12/50b lim: 74 exec/s: 0 rss: 52Mb L: 8/8 MS: 2 ChangeASCIIInt-CrossOver-
#9323	NEW    cov: 134 ft: 182 corp: 13/55b lim: 74 exec/s: 0 rss: 52Mb L: 5/8 MS: 1 CrossOver-
#9961	REDUCE cov: 134 ft: 182 corp: 13/54b lim: 80 exec/s: 9961 rss: 52Mb L: 7/8 MS: 3 ChangeASCIIInt-ChangeASCIIInt-EraseBytes-
#10085	NEW    cov: 136 ft: 184 corp: 14/72b lim: 80 exec/s: 10085 rss: 52Mb L: 18/18 MS: 4 ChangeBit-ChangeASCIIInt-InsertRepeatedBytes-ChangeByte-
#10570	REDUCE cov: 136 ft: 184 corp: 14/67b lim: 80 exec/s: 10570 rss: 52Mb L: 13/13 MS: 5 ChangeASCIIInt-ChangeBinInt-ShuffleBytes-InsertByte-EraseBytes-
#10653	REDUCE cov: 136 ft: 184 corp: 14/66b lim: 80 exec/s: 10653 rss: 52Mb L: 7/13 MS: 3 ChangeByte-ChangeASCIIInt-EraseBytes-
#10860	REDUCE cov: 136 ft: 184 corp: 14/64b lim: 80 exec/s: 10860 rss: 52Mb L: 3/13 MS: 2 ChangeBit-EraseBytes-
#11187	REDUCE cov: 136 ft: 184 corp: 14/63b lim: 80 exec/s: 11187 rss: 52Mb L: 12/12 MS: 2 InsertByte-EraseBytes-
#11228	REDUCE cov: 143 ft: 202 corp: 15/75b lim: 80 exec/s: 11228 rss: 52Mb L: 12/12 MS: 1 CrossOver-
#11489	REDUCE cov: 143 ft: 202 corp: 15/71b lim: 80 exec/s: 11489 rss: 52Mb L: 8/12 MS: 1 EraseBytes-
#11505	REDUCE cov: 143 ft: 202 corp: 15/69b lim: 80 exec/s: 11505 rss: 52Mb L: 6/12 MS: 1 EraseBytes-
#11526	NEW    cov: 143 ft: 206 corp: 16/82b lim: 80 exec/s: 11526 rss: 52Mb L: 13/13 MS: 1 InsertByte-
#11632	NEW    cov: 144 ft: 207 corp: 17/89b lim: 80 exec/s: 11632 rss: 52Mb L: 7/13 MS: 1 EraseBytes-
#11669	NEW    cov: 144 ft: 211 corp: 18/96b lim: 80 exec/s: 11669 rss: 52Mb L: 7/13 MS: 2 ShuffleBytes-EraseBytes-
#11855	NEW    cov: 144 ft: 212 corp: 19/107b lim: 80 exec/s: 11855 rss: 52Mb L: 11/13 MS: 1 CrossOver-
#12641	REDUCE cov: 144 ft: 212 corp: 19/106b lim: 86 exec/s: 12641 rss: 52Mb L: 10/13 MS: 1 EraseBytes-
#13602	NEW    cov: 146 ft: 219 corp: 20/117b lim: 92 exec/s: 13602 rss: 52Mb L: 11/13 MS: 1 CrossOver-
#15447	NEW    cov: 146 ft: 220 corp: 21/131b lim: 110 exec/s: 15447 rss: 52Mb L: 14/14 MS: 5 ShuffleBytes-CopyPart-ShuffleBytes-ChangeBinInt-CrossOver-
#15626	NEW    cov: 161 ft: 235 corp: 22/146b lim: 110 exec/s: 15626 rss: 52Mb L: 15/15 MS: 4 CopyPart-ChangeByte-CopyPart-CrossOver-
#15868	NEW    cov: 161 ft: 236 corp: 23/162b lim: 110 exec/s: 15868 rss: 52Mb L: 16/16 MS: 2 ChangeBinInt-CrossOver-
#16742	REDUCE cov: 161 ft: 236 corp: 23/160b lim: 116 exec/s: 16742 rss: 52Mb L: 13/16 MS: 4 ChangeASCIIInt-CrossOver-CopyPart-EraseBytes-
#18233	NEW    cov: 162 ft: 237 corp: 24/173b lim: 128 exec/s: 9116 rss: 52Mb L: 13/16 MS: 1 CrossOver-
#19914	REDUCE cov: 162 ft: 237 corp: 24/172b lim: 142 exec/s: 9957 rss: 52Mb L: 12/16 MS: 1 EraseBytes-
#20545	NEW    cov: 162 ft: 244 corp: 25/190b lim: 142 exec/s: 10272 rss: 52Mb L: 18/18 MS: 1 CopyPart-
#21311	REDUCE cov: 162 ft: 245 corp: 26/202b lim: 149 exec/s: 10655 rss: 52Mb L: 12/18 MS: 1 ChangeByte-
#21508	REDUCE cov: 162 ft: 245 corp: 26/196b lim: 149 exec/s: 10754 rss: 52Mb L: 6/18 MS: 2 ShuffleBytes-EraseBytes-
#21509	REDUCE cov: 162 ft: 245 corp: 26/195b lim: 149 exec/s: 10754 rss: 52Mb L: 11/18 MS: 1 EraseBytes-
#21695	NEW    cov: 166 ft: 249 corp: 27/213b lim: 149 exec/s: 10847 rss: 52Mb L: 18/18 MS: 1 ChangeBinInt-
#22236	REDUCE cov: 166 ft: 249 corp: 27/212b lim: 149 exec/s: 11118 rss: 52Mb L: 5/18 MS: 1 EraseBytes-
#25247	REDUCE cov: 166 ft: 249 corp: 27/211b lim: 177 exec/s: 8415 rss: 52Mb L: 10/18 MS: 1 EraseBytes-
#25968	REDUCE cov: 166 ft: 249 corp: 27/207b lim: 184 exec/s: 8656 rss: 52Mb L: 14/18 MS: 1 EraseBytes-
#26259	REDUCE cov: 166 ft: 249 corp: 27/206b lim: 184 exec/s: 8753 rss: 52Mb L: 9/18 MS: 1 EraseBytes-
#27080	REDUCE cov: 166 ft: 249 corp: 27/203b lim: 191 exec/s: 9026 rss: 52Mb L: 10/18 MS: 1 EraseBytes-
#27681	REDUCE cov: 167 ft: 250 corp: 28/213b lim: 191 exec/s: 9227 rss: 52Mb L: 10/18 MS: 1 ChangeBinInt-
#32768	pulse  cov: 167 ft: 250 corp: 28/213b lim: 240 exec/s: 8192 rss: 52Mb
#33027	REDUCE cov: 167 ft: 250 corp: 28/212b lim: 240 exec/s: 8256 rss: 52Mb L: 4/18 MS: 1 EraseBytes-
#33538	REDUCE cov: 167 ft: 250 corp: 28/211b lim: 240 exec/s: 8384 rss: 52Mb L: 9/18 MS: 1 EraseBytes-
#33749	REDUCE cov: 167 ft: 250 corp: 28/208b lim: 240 exec/s: 8437 rss: 52Mb L: 6/18 MS: 1 EraseBytes-
#36701	REDUCE cov: 168 ft: 251 corp: 29/218b lim: 269 exec/s: 9175 rss: 52Mb L: 10/18 MS: 2 ShuffleBytes-ChangeASCIIInt-
#39112	REDUCE cov: 168 ft: 251 corp: 29/217b lim: 285 exec/s: 7822 rss: 52Mb L: 8/18 MS: 1 EraseBytes-
#47523	REDUCE cov: 168 ft: 251 corp: 29/216b lim: 365 exec/s: 7920 rss: 52Mb L: 7/18 MS: 1 EraseBytes-
#53640	REDUCE cov: 168 ft: 251 corp: 29/215b lim: 421 exec/s: 8940 rss: 52Mb L: 9/18 MS: 2 EraseBytes-ShuffleBytes-
#56422	NEW    cov: 169 ft: 252 corp: 30/228b lim: 445 exec/s: 8060 rss: 52Mb L: 13/18 MS: 2 ChangeBinInt-EraseBytes-
#56900	REDUCE cov: 169 ft: 252 corp: 30/226b lim: 445 exec/s: 8128 rss: 52Mb L: 11/18 MS: 3 ChangeBit-ChangeBit-EraseBytes-
#56911	REDUCE cov: 169 ft: 252 corp: 30/225b lim: 445 exec/s: 8130 rss: 52Mb L: 15/18 MS: 1 EraseBytes-
#59442	REDUCE cov: 169 ft: 252 corp: 30/221b lim: 469 exec/s: 8491 rss: 52Mb L: 7/18 MS: 1 EraseBytes-
#60214	REDUCE cov: 169 ft: 252 corp: 30/220b lim: 469 exec/s: 7526 rss: 52Mb L: 5/18 MS: 2 ShuffleBytes-EraseBytes-
#61947	REDUCE cov: 169 ft: 252 corp: 30/219b lim: 485 exec/s: 7743 rss: 52Mb L: 6/18 MS: 3 ChangeBit-CopyPart-EraseBytes-
#63753	NEW    cov: 173 ft: 256 corp: 31/229b lim: 501 exec/s: 7969 rss: 52Mb L: 10/18 MS: 1 ChangeASCIIInt-
#64705	NEW    cov: 180 ft: 263 corp: 32/236b lim: 509 exec/s: 8088 rss: 52Mb L: 7/18 MS: 2 ShuffleBytes-ChangeByte-
#65156	NEW    cov: 180 ft: 278 corp: 33/246b lim: 509 exec/s: 8144 rss: 52Mb L: 10/18 MS: 1 CrossOver-
#65536	pulse  cov: 180 ft: 278 corp: 33/246b lim: 509 exec/s: 8192 rss: 52Mb
#68078	NEW    cov: 180 ft: 295 corp: 34/255b lim: 535 exec/s: 7564 rss: 52Mb L: 9/18 MS: 2 ShuffleBytes-EraseBytes-
#68241	NEW    cov: 180 ft: 310 corp: 35/264b lim: 535 exec/s: 7582 rss: 52Mb L: 9/18 MS: 3 ChangeASCIIInt-ChangeASCIIInt-EraseBytes-
#68642	NEW    cov: 181 ft: 311 corp: 36/272b lim: 535 exec/s: 7626 rss: 52Mb L: 8/18 MS: 1 InsertByte-
#75134	NEW    cov: 181 ft: 326 corp: 37/282b lim: 598 exec/s: 7513 rss: 52Mb L: 10/18 MS: 2 ChangeBit-ChangeBit-
#76475	NEW    cov: 181 ft: 328 corp: 38/292b lim: 607 exec/s: 7647 rss: 52Mb L: 10/18 MS: 1 CrossOver-
#79255	DONE   cov: 181 ft: 328 corp: 38/292b lim: 634 exec/s: 7205 rss: 52Mb
Done 79255 runs in 11 second(s)
