
============================================================
Evaluating: /root/Tokenizer.scala
============================================================

✓ File exists
✓ Source loaded (10537 characters)

--- Checking Compilation ---
❌ Compilation failed
  - java.io.IOException: User limit of inotify instances reached or too many open files
  - Use 'last' for the full log.

--- Running Unit Tests ---
⚠ Skipping tests (sbt not available or compilation failed)

--- Evaluating Code Quality Criteria ---


FUNCTIONALITY_PRESERVATION:
----------------------------------------
Score: 4/5 (GOOD)
  Found 9/9 required components
  Found 3/4 key methods

SCALA_CONVENTIONS:
----------------------------------------
Score: 4/5 (GOOD)
  ✓ camelCase_methods: 31 occurrences
  ✓ PascalCase_classes: 23 occurrences
  ✓ immutable_val: 31 occurrences
  ✓ case_class: 1 occurrences
  ✓ sealed_trait: 1 occurrences
  Suggestions:
    → Consider refactoring: Null usage (prefer Option)
    → Consider refactoring: Explicit return statement (often unnecessary in Scala)

READABILITY:
----------------------------------------
Score: 4/5 (GOOD)
  Total lines: 390
  Scaladoc blocks: 1
  Single-line comments: 15
  Type annotations: 87

PARADIGM_MATCH:
----------------------------------------
Score: 3/5 (ADEQUATE)
  ✓ map: 7 occurrences
  ✓ flatMap: 1 occurrences
  ✓ higher_order_func: 16 occurrences
  ✓ immutable_collections: 9 occurrences
  Immutability ratio (val/total): 73.81%
  Suggestions:
    → Consider reducing mutable variables (11 vars found)
    → Consider using Option instead of null

APPROPRIATE_ABSTRACTIONS:
----------------------------------------
Score: 5/5 (EXCELLENT)
  Traits defined: 5
  ✓ Sealed hierarchies: 1
  Generic type usages: 31
  Objects/Companions: 1
  ✓ Variance annotations: 3
  Suggestions:
    → Consider using type classes for polymorphism

============================================================
EVALUATION SUMMARY
============================================================
Overall Score: 20/25 (80.0%)
Status: ❌ NEEDS IMPROVEMENT
============================================================

