INFO: Instrumenting IPython
INFO: Instrumenting IPython.core
INFO: Instrumenting IPython.core.getipython
INFO: Instrumenting IPython.core.release
INFO: Instrumenting IPython.core.application
INFO: Instrumenting traitlets
INFO: Instrumenting __future__
INFO: Instrumenting traitlets.traitlets
INFO: Instrumenting traitlets.utils
INFO: Instrumenting traitlets.utils.bunch
INFO: Instrumenting traitlets.utils.descriptions
INFO: Instrumenting traitlets.utils.getargspec
INFO: Instrumenting traitlets.utils.importstring
INFO: Instrumenting traitlets.utils.sentinel
INFO: Instrumenting traitlets.utils.warnings
INFO: Instrumenting traitlets._version
INFO: Instrumenting traitlets.utils.decorators
INFO: Instrumenting traitlets.config
INFO: Instrumenting traitlets.config.application
INFO: Instrumenting json
INFO: Instrumenting json.decoder
INFO: Instrumenting json.scanner
INFO: Instrumenting json.encoder
INFO: Instrumenting pprint
INFO: Instrumenting logging.config
INFO: Instrumenting logging.handlers
INFO: Instrumenting socket
INFO: Instrumenting selectors
INFO: Instrumenting pickle
INFO: Instrumenting struct
INFO: Instrumenting _compat_pickle
INFO: Instrumenting queue
INFO: Instrumenting heapq
INFO: Instrumenting socketserver
INFO: Instrumenting traitlets.config.configurable
INFO: Instrumenting traitlets.utils.text
INFO: Instrumenting traitlets.config.loader
INFO: Instrumenting argparse
INFO: Instrumenting gettext
INFO: Instrumenting traitlets.utils.nested_update
INFO: Instrumenting IPython.core.crashhandler
INFO: Instrumenting IPython.core.ultratb
INFO: Instrumenting stack_data
INFO: Instrumenting stack_data.core
INFO: Instrumenting html
INFO: Instrumenting html.entities
INFO: Instrumenting executing
INFO: Instrumenting executing.executing
INFO: Instrumenting executing._utils
INFO: Instrumenting executing._position_node_finder
INFO: Instrumenting executing._exceptions
INFO: Instrumenting executing._pytest_utils
INFO: Instrumenting executing.version
INFO: Instrumenting asttokens
INFO: Instrumenting asttokens.line_numbers
INFO: Instrumenting asttokens.asttokens
INFO: Instrumenting asttokens.util
INFO: Instrumenting pure_eval
INFO: Instrumenting pure_eval.core
INFO: Instrumenting pure_eval.my_getattr_static
INFO: Instrumenting pure_eval.utils
INFO: Instrumenting datetime
INFO: Instrumenting decimal
INFO: Instrumenting numbers
INFO: Instrumenting fractions
INFO: Instrumenting pure_eval.version
INFO: Instrumenting stack_data.utils
INFO: Instrumenting stack_data.formatting
INFO: Instrumenting stack_data.serializing
INFO: Instrumenting stack_data.version
INFO: Instrumenting pygments
INFO: Instrumenting pygments.formatters
INFO: Instrumenting pygments.formatters._mapping
INFO: Instrumenting pygments.plugin
INFO: Instrumenting importlib.metadata
INFO: Instrumenting csv
INFO: Instrumenting email
INFO: Instrumenting zipfile
INFO: Instrumenting importlib.util
WARNING: It looks like this module is imported by a custom loader. Atheris has experimental support for this. However, it may be incompatible with certain libraries. If you experience unusual errors or poor coverage collection, try atheris.instrument_all() instead, add enable_loader_override=False to instrument_imports(), or file an issue on GitHub.
INFO: Instrumenting importlib.metadata._adapters
INFO: Instrumenting email.message
INFO: Instrumenting quopri
INFO: Instrumenting email.utils
INFO: Instrumenting email._parseaddr
INFO: Instrumenting calendar
INFO: Instrumenting locale
INFO: Instrumenting _locale
INFO: Instrumenting email.charset
INFO: Instrumenting email.base64mime
INFO: Instrumenting base64
INFO: Instrumenting email.quoprimime
INFO: Instrumenting email.errors
INFO: Instrumenting email.encoders
INFO: Instrumenting email._policybase
INFO: Instrumenting email.header
INFO: Instrumenting email._encoded_words
INFO: Instrumenting email.iterators
INFO: Instrumenting importlib.metadata._text
INFO: Instrumenting importlib.metadata._functools
INFO: Instrumenting importlib.metadata._meta
INFO: Instrumenting importlib.metadata._collections
INFO: Instrumenting importlib.metadata._itertools
INFO: Instrumenting pygments.util
INFO: Instrumenting pygments.formatters.terminal256
INFO: Instrumenting pygments.formatter
INFO: Instrumenting pygments.styles
INFO: Instrumenting pygments.styles._mapping
INFO: Instrumenting pygments.console
INFO: Instrumenting pygments.style
INFO: Instrumenting pygments.token
INFO: Instrumenting IPython.utils
INFO: Instrumenting IPython.utils.path
INFO: Instrumenting glob
INFO: Instrumenting IPython.utils.process
INFO: Instrumenting IPython.utils._process_posix
INFO: Instrumenting subprocess
INFO: Instrumenting signal
INFO: Instrumenting IPython.utils._process_common
INFO: Instrumenting shlex
INFO: Instrumenting IPython.utils.py3compat
INFO: Instrumenting platform
INFO: Instrumenting IPython.utils.encoding
INFO: Instrumenting IPython.utils.PyColorize
INFO: Instrumenting pygments.styles.monokai
INFO: Instrumenting pygments.styles.default
INFO: Instrumenting pygments.styles.pastie
INFO: Instrumenting pygments.styles.gruvbox
INFO: Instrumenting IPython.utils.terminal
INFO: Instrumenting IPython.core.display_trap
INFO: Instrumenting IPython.core.doctb
INFO: Instrumenting IPython.core.tbtools
INFO: Instrumenting pydoc
INFO: Instrumenting pkgutil
INFO: Instrumenting sysconfig
INFO: Instrumenting _sysconfigdata__linux_x86_64-linux-gnu
INFO: Instrumenting IPython.core.debugger
INFO: Instrumenting IPython.core.debugger_backport
INFO: Instrumenting codeop
INFO: Instrumenting pdb
INFO: Instrumenting cmd
INFO: Instrumenting bdb
INFO: Instrumenting code
INFO: Instrumenting IPython.utils.sysinfo
INFO: Instrumenting IPython.utils._sysinfo
INFO: Instrumenting IPython.core.profiledir
INFO: Instrumenting IPython.paths
INFO: Instrumenting IPython.utils.importstring
INFO: Instrumenting IPython.terminal
INFO: Instrumenting IPython.terminal.embed
INFO: Instrumenting IPython.core.compilerop
INFO: Instrumenting hashlib
INFO: Instrumenting IPython.core.magic_arguments
INFO: Instrumenting IPython.core.error
INFO: Instrumenting IPython.utils.decorators
INFO: Instrumenting IPython.utils.docs
INFO: Instrumenting IPython.utils.text
INFO: Instrumenting IPython.core.magic
INFO: Instrumenting getopt
INFO: Instrumenting IPython.core.oinspect
INFO: Instrumenting IPython.core.page
INFO: Instrumenting IPython.display
INFO: Instrumenting IPython.core.display_functions
INFO: Instrumenting IPython.core.display
INFO: Instrumenting mimetypes
INFO: Instrumenting IPython.testing
INFO: Instrumenting IPython.testing.skipdoctest
INFO: Instrumenting IPython.lib
INFO: Instrumenting IPython.lib.display
INFO: Instrumenting IPython.utils.data
INFO: Instrumenting IPython.lib.pretty
INFO: Instrumenting IPython.utils.openpy
INFO: Instrumenting IPython.utils.dir2
INFO: Instrumenting IPython.utils.wildcard
INFO: Instrumenting pygments.lexers
INFO: Instrumenting pygments.lexers._mapping
INFO: Instrumenting pygments.modeline
INFO: Instrumenting pygments.lexers.python
INFO: Instrumenting pygments.lexer
INFO: Instrumenting pygments.filter
INFO: Instrumenting pygments.filters
INFO: Instrumenting pygments.regexopt
INFO: Instrumenting pygments.unistring
INFO: Instrumenting pygments.formatters.html
INFO: Instrumenting IPython.core.inputtransformer2
INFO: Instrumenting IPython.utils.tokenutil
INFO: Instrumenting IPython.utils.ipstruct
INFO: Instrumenting IPython.core.interactiveshell
INFO: Instrumenting runpy
INFO: Instrumenting IPython.external
INFO: Instrumenting IPython.external.pickleshare
INFO: Instrumenting IPython.core.hooks
INFO: Instrumenting IPython.core.prefilter
INFO: Instrumenting IPython.core.autocall
INFO: Instrumenting IPython.core.macro
INFO: Instrumenting IPython.core.splitinput
INFO: Instrumenting IPython.core.alias
INFO: Instrumenting IPython.core.builtin_trap
INFO: Instrumenting IPython.core.displayhook
INFO: Instrumenting IPython.core.history
INFO: Instrumenting decorator
INFO: Instrumenting sqlite3
INFO: Instrumenting sqlite3.dbapi2
INFO: Instrumenting IPython.core.displaypub
INFO: Instrumenting IPython.core.events
INFO: Instrumenting IPython.core.extensions
INFO: Instrumenting IPython.core.formatters
INFO: Instrumenting IPython.utils.sentinel
INFO: Instrumenting IPython.core.logger
INFO: Instrumenting IPython.core.payload
INFO: Instrumenting IPython.core.tips
INFO: Instrumenting IPython.core.usage
INFO: Instrumenting IPython.utils.io
INFO: Instrumenting IPython.utils.capture
INFO: Instrumenting IPython.utils.strdispatch
INFO: Instrumenting IPython.utils.syspathcontext
INFO: Instrumenting IPython.core.async_helpers
INFO: Instrumenting asyncio
INFO: Instrumenting asyncio.base_events
INFO: Instrumenting concurrent
INFO: Instrumenting concurrent.futures
INFO: Instrumenting concurrent.futures._base
INFO: Instrumenting ssl
INFO: Instrumenting asyncio.constants
INFO: Instrumenting asyncio.coroutines
INFO: Instrumenting asyncio.events
INFO: Instrumenting contextvars
INFO: Instrumenting asyncio.format_helpers
INFO: Instrumenting asyncio.base_futures
INFO: Instrumenting asyncio.exceptions
INFO: Instrumenting asyncio.base_tasks
INFO: Instrumenting asyncio.futures
INFO: Instrumenting asyncio.protocols
INFO: Instrumenting asyncio.sslproto
INFO: Instrumenting asyncio.transports
INFO: Instrumenting asyncio.log
INFO: Instrumenting asyncio.staggered
INFO: Instrumenting asyncio.locks
INFO: Instrumenting asyncio.mixins
INFO: Instrumenting asyncio.tasks
INFO: Instrumenting asyncio.trsock
INFO: Instrumenting asyncio.runners
INFO: Instrumenting asyncio.queues
INFO: Instrumenting asyncio.streams
INFO: Instrumenting asyncio.subprocess
INFO: Instrumenting asyncio.taskgroups
INFO: Instrumenting asyncio.timeouts
INFO: Instrumenting asyncio.threads
INFO: Instrumenting asyncio.unix_events
INFO: Instrumenting asyncio.base_subprocess
INFO: Instrumenting asyncio.selector_events
INFO: Instrumenting IPython.terminal.interactiveshell
INFO: Instrumenting prompt_toolkit
INFO: Instrumenting prompt_toolkit.application
INFO: Instrumenting prompt_toolkit.application.application
INFO: Instrumenting prompt_toolkit.buffer
INFO: Instrumenting prompt_toolkit.application.current
INFO: Instrumenting prompt_toolkit.application.run_in_terminal
INFO: Instrumenting prompt_toolkit.eventloop
INFO: Instrumenting prompt_toolkit.eventloop.async_generator
INFO: Instrumenting prompt_toolkit.eventloop.utils
INFO: Instrumenting prompt_toolkit.eventloop.inputhook
INFO: Instrumenting prompt_toolkit.auto_suggest
INFO: Instrumenting prompt_toolkit.document
INFO: Instrumenting prompt_toolkit.clipboard
INFO: Instrumenting prompt_toolkit.clipboard.base
INFO: Instrumenting prompt_toolkit.selection
INFO: Instrumenting prompt_toolkit.clipboard.in_memory
INFO: Instrumenting prompt_toolkit.filters
INFO: Instrumenting prompt_toolkit.filters.app
INFO: Instrumenting prompt_toolkit.cache
INFO: Instrumenting prompt_toolkit.enums
INFO: Instrumenting prompt_toolkit.filters.base
INFO: Instrumenting prompt_toolkit.filters.cli
INFO: Instrumenting prompt_toolkit.filters.utils
INFO: Instrumenting prompt_toolkit.completion
INFO: Instrumenting prompt_toolkit.completion.base
INFO: Instrumenting prompt_toolkit.formatted_text
INFO: Instrumenting prompt_toolkit.formatted_text.ansi
INFO: Instrumenting prompt_toolkit.output
INFO: Instrumenting prompt_toolkit.output.base
INFO: Instrumenting prompt_toolkit.cursor_shapes
INFO: Instrumenting prompt_toolkit.key_binding
INFO: Instrumenting prompt_toolkit.key_binding.key_bindings
INFO: Instrumenting prompt_toolkit.keys
INFO: Instrumenting prompt_toolkit.key_binding.key_processor
INFO: Instrumenting prompt_toolkit.utils
INFO: Instrumenting wcwidth
INFO: Instrumenting wcwidth.wcwidth
INFO: Instrumenting wcwidth.bisearch
INFO: Instrumenting wcwidth.grapheme
INFO: Instrumenting wcwidth.table_grapheme
INFO: Instrumenting wcwidth.table_vs16
INFO: Instrumenting wcwidth.table_wide
INFO: Instrumenting wcwidth.table_zero
INFO: Instrumenting wcwidth.control_codes
INFO: Instrumenting wcwidth.table_ambiguous
INFO: Instrumenting wcwidth.escape_sequences
INFO: Instrumenting wcwidth.unicode_versions
INFO: Instrumenting wcwidth.textwrap
INFO: Instrumenting prompt_toolkit.key_binding.vi_state
INFO: Instrumenting prompt_toolkit.data_structures
INFO: Instrumenting prompt_toolkit.styles
INFO: Instrumenting prompt_toolkit.styles.base
INFO: Instrumenting prompt_toolkit.styles.defaults
INFO: Instrumenting prompt_toolkit.styles.named_colors
INFO: Instrumenting prompt_toolkit.styles.style
INFO: Instrumenting prompt_toolkit.styles.pygments
INFO: Instrumenting prompt_toolkit.styles.style_transformation
INFO: Instrumenting colorsys
INFO: Instrumenting prompt_toolkit.output.color_depth
INFO: Instrumenting prompt_toolkit.output.defaults
INFO: Instrumenting prompt_toolkit.output.plain_text
INFO: Instrumenting prompt_toolkit.output.flush_stdout
INFO: Instrumenting prompt_toolkit.output.vt100
INFO: Instrumenting prompt_toolkit.formatted_text.base
INFO: Instrumenting prompt_toolkit.mouse_events
INFO: Instrumenting prompt_toolkit.formatted_text.html
INFO: Instrumenting xml
INFO: Instrumenting xml.dom
INFO: Instrumenting xml.dom.domreg
INFO: Instrumenting xml.dom.minidom
INFO: Instrumenting xml.dom.minicompat
INFO: Instrumenting xml.dom.xmlbuilder
INFO: Instrumenting xml.dom.NodeFilter
INFO: Instrumenting prompt_toolkit.formatted_text.pygments
INFO: Instrumenting prompt_toolkit.formatted_text.utils
INFO: Instrumenting prompt_toolkit.completion.deduplicate
INFO: Instrumenting prompt_toolkit.completion.filesystem
INFO: Instrumenting prompt_toolkit.completion.fuzzy_completer
INFO: Instrumenting prompt_toolkit.completion.word_completer
INFO: Instrumenting prompt_toolkit.completion.nested
INFO: Instrumenting prompt_toolkit.history
INFO: Instrumenting prompt_toolkit.search
INFO: Instrumenting prompt_toolkit.validation
INFO: Instrumenting prompt_toolkit.input
INFO: Instrumenting prompt_toolkit.input.base
INFO: Instrumenting prompt_toolkit.input.defaults
INFO: Instrumenting prompt_toolkit.input.typeahead
INFO: Instrumenting prompt_toolkit.key_binding.bindings
INFO: Instrumenting prompt_toolkit.key_binding.bindings.page_navigation
INFO: Instrumenting prompt_toolkit.key_binding.bindings.scroll
INFO: Instrumenting prompt_toolkit.key_binding.defaults
INFO: Instrumenting prompt_toolkit.key_binding.bindings.basic
INFO: Instrumenting prompt_toolkit.key_binding.bindings.named_commands
INFO: Instrumenting prompt_toolkit.layout
INFO: Instrumenting prompt_toolkit.layout.containers
INFO: Instrumenting prompt_toolkit.layout.controls
INFO: Instrumenting prompt_toolkit.lexers
INFO: Instrumenting prompt_toolkit.lexers.base
INFO: Instrumenting prompt_toolkit.lexers.pygments
INFO: Instrumenting prompt_toolkit.layout.processors
INFO: Instrumenting prompt_toolkit.layout.utils
INFO: Instrumenting prompt_toolkit.layout.dimension
INFO: Instrumenting prompt_toolkit.layout.margins
INFO: Instrumenting prompt_toolkit.layout.mouse_handlers
INFO: Instrumenting prompt_toolkit.layout.screen
INFO: Instrumenting prompt_toolkit.layout.layout
INFO: Instrumenting prompt_toolkit.layout.menus
INFO: Instrumenting prompt_toolkit.layout.scrollable_pane
INFO: Instrumenting prompt_toolkit.key_binding.bindings.completion
INFO: Instrumenting prompt_toolkit.key_binding.bindings.cpr
INFO: Instrumenting prompt_toolkit.key_binding.bindings.emacs
INFO: Instrumenting prompt_toolkit.key_binding.bindings.mouse
INFO: Instrumenting prompt_toolkit.key_binding.bindings.vi
INFO: Instrumenting prompt_toolkit.input.vt100_parser
INFO: Instrumenting prompt_toolkit.input.ansi_escape_sequences
INFO: Instrumenting prompt_toolkit.key_binding.digraphs
INFO: Instrumenting prompt_toolkit.key_binding.emacs_state
INFO: Instrumenting prompt_toolkit.layout.dummy
INFO: Instrumenting prompt_toolkit.renderer
INFO: Instrumenting prompt_toolkit.application.dummy
INFO: Instrumenting prompt_toolkit.shortcuts
INFO: Instrumenting prompt_toolkit.shortcuts.choice_input
INFO: Instrumenting prompt_toolkit.widgets
INFO: Instrumenting prompt_toolkit.widgets.base
INFO: Instrumenting prompt_toolkit.widgets.toolbars
INFO: Instrumenting prompt_toolkit.widgets.dialogs
INFO: Instrumenting prompt_toolkit.key_binding.bindings.focus
INFO: Instrumenting prompt_toolkit.widgets.menus
INFO: Instrumenting prompt_toolkit.shortcuts.dialogs
INFO: Instrumenting prompt_toolkit.shortcuts.progress_bar
INFO: Instrumenting prompt_toolkit.shortcuts.progress_bar.base
INFO: Instrumenting prompt_toolkit.shortcuts.progress_bar.formatters
INFO: Instrumenting xml.dom.expatbuilder
INFO: Instrumenting xml.parsers
INFO: Instrumenting xml.parsers.expat
INFO: Instrumenting prompt_toolkit.shortcuts.prompt
INFO: Instrumenting prompt_toolkit.key_binding.bindings.auto_suggest
INFO: Instrumenting prompt_toolkit.key_binding.bindings.open_in_editor
INFO: Instrumenting prompt_toolkit.shortcuts.utils
INFO: Instrumenting email.parser
INFO: Instrumenting email.feedparser
INFO: Instrumenting prompt_toolkit.patch_stdout
INFO: Instrumenting IPython.terminal.debugger
INFO: Instrumenting IPython.core.completer
INFO: Instrumenting uuid
INFO: Instrumenting IPython.core.guarded_eval
INFO: Instrumenting typing_extensions
INFO: Instrumenting IPython.core.latex_symbols
INFO: Instrumenting IPython.utils.generics
INFO: Instrumenting jedi
INFO: Instrumenting jedi.api
INFO: Instrumenting parso
INFO: Instrumenting parso.parser
INFO: Instrumenting parso.tree
INFO: Instrumenting parso.utils
INFO: Instrumenting parso.pgen2
INFO: Instrumenting parso.pgen2.generator
INFO: Instrumenting parso.pgen2.grammar_parser
INFO: Instrumenting parso.python
INFO: Instrumenting parso.python.tokenize
INFO: Instrumenting parso.python.token
INFO: Instrumenting parso.grammar
INFO: Instrumenting parso._compatibility
INFO: Instrumenting parso.python.diff
INFO: Instrumenting difflib
INFO: Instrumenting parso.python.parser
INFO: Instrumenting parso.python.tree
INFO: Instrumenting parso.python.prefix
INFO: Instrumenting parso.cache
INFO: Instrumenting parso.python.errors
INFO: Instrumenting parso.normalizer
INFO: Instrumenting parso.python.pep8
INFO: Instrumenting parso.file_io
INFO: Instrumenting jedi.parser_utils
INFO: Instrumenting jedi.debug
INFO: Instrumenting jedi.settings
INFO: Instrumenting jedi.cache
INFO: Instrumenting jedi.file_io
INFO: Instrumenting jedi.api.classes
INFO: Instrumenting jedi.inference
INFO: Instrumenting jedi.inference.imports
INFO: Instrumenting jedi.inference.sys_path
INFO: Instrumenting jedi.inference.cache
INFO: Instrumenting jedi.inference.base_value
INFO: Instrumenting jedi.inference.helpers
INFO: Instrumenting jedi.inference.utils
INFO: Instrumenting jedi.inference.compiled
INFO: Instrumenting jedi.inference.compiled.value
INFO: Instrumenting jedi.inference.filters
INFO: Instrumenting jedi.inference.flow_analysis
INFO: Instrumenting jedi.inference.recursion
INFO: Instrumenting jedi.inference.names
INFO: Instrumenting jedi.inference.docstrings
INFO: Instrumenting jedi.inference.lazy_value
INFO: Instrumenting jedi.common
INFO: Instrumenting jedi.plugins
INFO: Instrumenting jedi.inference.compiled.access
INFO: Instrumenting jedi.inference.compiled.getattr_static
INFO: Instrumenting jedi.inference.signature
INFO: Instrumenting jedi.inference.context
INFO: Instrumenting jedi.inference.analysis
INFO: Instrumenting jedi.inference.gradual
INFO: Instrumenting jedi.inference.gradual.typeshed
INFO: Instrumenting jedi.inference.gradual.stub_value
INFO: Instrumenting jedi.inference.value
INFO: Instrumenting jedi.inference.value.module
INFO: Instrumenting jedi.inference.value.klass
INFO: Instrumenting jedi.inference.arguments
INFO: Instrumenting jedi.inference.value.iterable
INFO: Instrumenting jedi.inference.value.dynamic_arrays
INFO: Instrumenting jedi.inference.value.function
INFO: Instrumenting jedi.inference.parser_cache
INFO: Instrumenting jedi.inference.gradual.generics
INFO: Instrumenting jedi.inference.value.instance
INFO: Instrumenting jedi.inference.gradual.typing
INFO: Instrumenting jedi.inference.gradual.base
INFO: Instrumenting jedi.inference.gradual.type_var
INFO: Instrumenting jedi.inference.compiled.subprocess
INFO: Instrumenting jedi._compatibility
INFO: Instrumenting jedi.inference.compiled.subprocess.functions
INFO: Instrumenting jedi.api.exceptions
INFO: Instrumenting jedi.inference.syntax_tree
INFO: Instrumenting jedi.inference.gradual.annotation
INFO: Instrumenting jedi.inference.param
INFO: Instrumenting jedi.inference.value.decorator
INFO: Instrumenting jedi.inference.compiled.mixed
INFO: Instrumenting jedi.inference.gradual.conversion
INFO: Instrumenting jedi.api.keywords
INFO: Instrumenting pydoc_data
INFO: Instrumenting pydoc_data.topics
INFO: Instrumenting jedi.api.completion_cache
INFO: Instrumenting jedi.api.helpers
INFO: Instrumenting jedi.api.interpreter
INFO: Instrumenting jedi.api.completion
INFO: Instrumenting jedi.api.strings
INFO: Instrumenting jedi.api.file_name
INFO: Instrumenting jedi.inference.docstring_utils
INFO: Instrumenting jedi.api.environment
INFO: Instrumenting filecmp
INFO: Instrumenting jedi.api.project
INFO: Instrumenting jedi.inference.references
INFO: Instrumenting jedi.api.errors
INFO: Instrumenting jedi.api.refactoring
INFO: Instrumenting jedi.inference.value.namespace
INFO: Instrumenting jedi.api.refactoring.extract
INFO: Instrumenting jedi.inference.gradual.utils
INFO: Instrumenting jedi.plugins.registry
INFO: Instrumenting jedi.plugins.stdlib
INFO: Instrumenting jedi.plugins.flask
INFO: Instrumenting jedi.plugins.pytest
INFO: Instrumenting jedi.plugins.django
INFO: Instrumenting IPython.terminal.ptutils
INFO: Instrumenting IPython.terminal.shortcuts
INFO: Instrumenting IPython.terminal.shortcuts.auto_match
INFO: Instrumenting IPython.terminal.shortcuts.auto_suggest
INFO: Instrumenting IPython.terminal.shortcuts.filters
INFO: Instrumenting concurrent.futures.thread
INFO: Instrumenting IPython.terminal.magics
INFO: Instrumenting IPython.lib.clipboard
INFO: Instrumenting IPython.terminal.pt_inputhooks
INFO: Instrumenting IPython.terminal.prompts
INFO: Instrumenting IPython.terminal.ipapp
INFO: Instrumenting IPython.core.magics
INFO: Instrumenting IPython.core.magics.auto
INFO: Instrumenting IPython.core.magics.basic
INFO: Instrumenting IPython.core.magics.code
INFO: Instrumenting urllib.request
INFO: Instrumenting http
INFO: Instrumenting http.client
INFO: Instrumenting urllib.error
INFO: Instrumenting urllib.response
INFO: Instrumenting IPython.utils.contexts
INFO: Instrumenting IPython.core.magics.config
INFO: Instrumenting IPython.core.magics.display
INFO: Instrumenting IPython.core.magics.execution
INFO: Instrumenting cProfile
INFO: Instrumenting profile
INFO: Instrumenting pstats
INFO: Instrumenting timeit
INFO: Instrumenting IPython.utils.module_paths
INFO: Instrumenting IPython.utils.timing
INFO: Instrumenting IPython.core.magics.ast_mod
INFO: Instrumenting IPython.core.magics.extension
INFO: Instrumenting IPython.core.magics.history
INFO: Instrumenting IPython.core.magics.logging
INFO: Instrumenting IPython.core.magics.namespace
INFO: Instrumenting IPython.core.magics.osm
INFO: Instrumenting IPython.core.magics.packaging
INFO: Instrumenting IPython.core.magics.pylab
INFO: Instrumenting IPython.core.magics.script
INFO: Instrumenting IPython.core.shellapp
INFO: Instrumenting IPython.extensions
INFO: Instrumenting IPython.extensions.storemagic
INFO: Instrumenting IPython.utils.frame
INFO: Using built-in libfuzzer
WARNING: Failed to find function "__sanitizer_acquire_crash_state".
WARNING: Failed to find function "__sanitizer_print_stack_trace".
WARNING: Failed to find function "__sanitizer_set_death_callback".
INFO: Running with entropic power schedule (0xFF, 100).
INFO: Seed: 349508913
INFO: -max_len is not provided; libFuzzer will not generate inputs larger than 4096 bytes
INFO: A corpus is not provided, starting from an empty corpus
#2	INITED cov: 86 ft: 86 corp: 1/1b exec/s: 0 rss: 85Mb
#5	NEW    cov: 87 ft: 95 corp: 2/4b lim: 4 exec/s: 0 rss: 85Mb L: 3/3 MS: 3 CopyPart-InsertByte-InsertByte-
#11	NEW    cov: 105 ft: 119 corp: 3/8b lim: 4 exec/s: 0 rss: 85Mb L: 4/4 MS: 1 InsertByte-
#24	NEW    cov: 111 ft: 140 corp: 4/11b lim: 4 exec/s: 0 rss: 85Mb L: 3/4 MS: 3 ShuffleBytes-ChangeBinInt-ChangeByte-
#25	NEW    cov: 124 ft: 209 corp: 5/15b lim: 4 exec/s: 0 rss: 85Mb L: 4/4 MS: 1 InsertByte-
#29	NEW    cov: 124 ft: 223 corp: 6/19b lim: 4 exec/s: 0 rss: 85Mb L: 4/4 MS: 4 CrossOver-ChangeByte-CrossOver-ChangeByte-
#34	NEW    cov: 124 ft: 231 corp: 7/22b lim: 4 exec/s: 0 rss: 85Mb L: 3/4 MS: 5 CopyPart-CMP-ChangeByte-EraseBytes-CrossOver- DE: "\000\000\000\000"-
#52	NEW    cov: 125 ft: 233 corp: 8/26b lim: 4 exec/s: 0 rss: 85Mb L: 4/4 MS: 3 ChangeBit-ChangeByte-ChangeBinInt-
#55	NEW    cov: 127 ft: 239 corp: 9/29b lim: 4 exec/s: 0 rss: 85Mb L: 3/4 MS: 3 CrossOver-CopyPart-CopyPart-
#66	NEW    cov: 127 ft: 241 corp: 10/33b lim: 4 exec/s: 0 rss: 85Mb L: 4/4 MS: 1 ChangeByte-
#72	NEW    cov: 128 ft: 248 corp: 11/35b lim: 4 exec/s: 0 rss: 85Mb L: 2/4 MS: 1 EraseBytes-
#96	NEW    cov: 128 ft: 252 corp: 12/39b lim: 4 exec/s: 0 rss: 85Mb L: 4/4 MS: 4 ChangeBit-ChangeByte-ChangeBinInt-CrossOver-
#106	NEW    cov: 133 ft: 258 corp: 13/42b lim: 4 exec/s: 0 rss: 85Mb L: 3/4 MS: 5 ChangeByte-InsertByte-EraseBytes-CopyPart-CrossOver-
#107	NEW    cov: 138 ft: 267 corp: 14/46b lim: 4 exec/s: 0 rss: 85Mb L: 4/4 MS: 1 InsertByte-
#131	NEW    cov: 139 ft: 271 corp: 15/48b lim: 4 exec/s: 0 rss: 85Mb L: 2/4 MS: 4 ShuffleBytes-ChangeByte-ChangeBit-ChangeBit-
#177	NEW    cov: 139 ft: 275 corp: 16/52b lim: 4 exec/s: 0 rss: 85Mb L: 4/4 MS: 1 CopyPart-
#195	NEW    cov: 140 ft: 276 corp: 17/56b lim: 4 exec/s: 0 rss: 85Mb L: 4/4 MS: 3 ChangeBit-CrossOver-ChangeByte-
#312	NEW    cov: 141 ft: 277 corp: 18/58b lim: 4 exec/s: 0 rss: 85Mb L: 2/4 MS: 2 ShuffleBytes-ChangeBinInt-
#327	NEW    cov: 143 ft: 279 corp: 19/61b lim: 4 exec/s: 0 rss: 85Mb L: 3/4 MS: 5 ChangeBit-CopyPart-EraseBytes-ChangeByte-InsertByte-
#375	NEW    cov: 146 ft: 282 corp: 20/64b lim: 4 exec/s: 0 rss: 85Mb L: 3/4 MS: 3 CopyPart-ShuffleBytes-CrossOver-
#411	NEW    cov: 146 ft: 294 corp: 21/68b lim: 4 exec/s: 0 rss: 85Mb L: 4/4 MS: 1 CopyPart-
#458	NEW    cov: 146 ft: 296 corp: 22/72b lim: 4 exec/s: 0 rss: 85Mb L: 4/4 MS: 2 CrossOver-CopyPart-
#465	NEW    cov: 146 ft: 301 corp: 23/76b lim: 4 exec/s: 0 rss: 85Mb L: 4/4 MS: 2 ChangeByte-CrossOver-
#474	NEW    cov: 148 ft: 304 corp: 24/80b lim: 4 exec/s: 0 rss: 85Mb L: 4/4 MS: 4 ChangeBinInt-InsertByte-InsertByte-ChangeByte-
#505	NEW    cov: 148 ft: 308 corp: 25/83b lim: 4 exec/s: 0 rss: 85Mb L: 3/4 MS: 1 ChangeByte-
#512	NEW    cov: 148 ft: 314 corp: 26/86b lim: 4 exec/s: 0 rss: 85Mb L: 3/4 MS: 2 ChangeBit-ShuffleBytes-
#577	NEW    cov: 149 ft: 315 corp: 27/90b lim: 4 exec/s: 0 rss: 85Mb L: 4/4 MS: 5 ChangeBinInt-EraseBytes-EraseBytes-ChangeByte-CrossOver-
#578	REDUCE cov: 149 ft: 315 corp: 27/89b lim: 4 exec/s: 0 rss: 85Mb L: 3/4 MS: 1 EraseBytes-
/app/ipython/IPython/core/inputtransformer2.py:608: UserWarning: `make_tokens_by_line` received a list of lines which do not have lineending markers ('\n', '\r', '\r\n', '\x0b', '\x0c'), behavior will be unspecified
  tokens_by_line = make_tokens_by_line(lines)
#622	NEW    cov: 150 ft: 316 corp: 28/92b lim: 4 exec/s: 0 rss: 85Mb L: 3/4 MS: 4 CopyPart-InsertByte-ChangeBit-ChangeByte-
#644	NEW    cov: 150 ft: 317 corp: 29/96b lim: 4 exec/s: 0 rss: 85Mb L: 4/4 MS: 2 ChangeByte-ChangeBinInt-
#657	NEW    cov: 152 ft: 319 corp: 30/99b lim: 4 exec/s: 0 rss: 85Mb L: 3/4 MS: 3 ChangeBit-CopyPart-CopyPart-
#737	NEW    cov: 153 ft: 320 corp: 31/101b lim: 4 exec/s: 0 rss: 85Mb L: 2/4 MS: 5 InsertByte-ChangeBit-EraseBytes-ChangeBit-ChangeByte-
#749	NEW    cov: 153 ft: 323 corp: 32/105b lim: 4 exec/s: 0 rss: 85Mb L: 4/4 MS: 2 CrossOver-ChangeByte-
#750	REDUCE cov: 153 ft: 323 corp: 32/104b lim: 4 exec/s: 0 rss: 85Mb L: 2/4 MS: 1 EraseBytes-
#791	NEW    cov: 153 ft: 364 corp: 33/107b lim: 4 exec/s: 0 rss: 85Mb L: 3/4 MS: 1 EraseBytes-
#824	REDUCE cov: 153 ft: 364 corp: 33/106b lim: 4 exec/s: 0 rss: 85Mb L: 3/4 MS: 3 CrossOver-ChangeBinInt-ShuffleBytes-
#885	NEW    cov: 153 ft: 427 corp: 34/110b lim: 4 exec/s: 0 rss: 85Mb L: 4/4 MS: 1 CopyPart-
#926	NEW    cov: 155 ft: 429 corp: 35/114b lim: 4 exec/s: 0 rss: 85Mb L: 4/4 MS: 1 CrossOver-
#1012	NEW    cov: 155 ft: 437 corp: 36/118b lim: 4 exec/s: 0 rss: 85Mb L: 4/4 MS: 1 ChangeBinInt-
#1148	NEW    cov: 155 ft: 438 corp: 37/122b lim: 4 exec/s: 0 rss: 85Mb L: 4/4 MS: 1 ChangeBit-
#1164	REDUCE cov: 155 ft: 438 corp: 37/121b lim: 4 exec/s: 0 rss: 85Mb L: 2/4 MS: 1 EraseBytes-
#1321	NEW    cov: 157 ft: 440 corp: 38/124b lim: 4 exec/s: 0 rss: 85Mb L: 3/4 MS: 2 EraseBytes-CopyPart-
#1364	NEW    cov: 162 ft: 445 corp: 39/128b lim: 4 exec/s: 0 rss: 85Mb L: 4/4 MS: 3 ChangeByte-ChangeBit-CrossOver-
#1411	REDUCE cov: 162 ft: 445 corp: 39/126b lim: 4 exec/s: 0 rss: 85Mb L: 2/4 MS: 2 ChangeBit-EraseBytes-
#1457	NEW    cov: 162 ft: 446 corp: 40/130b lim: 4 exec/s: 0 rss: 85Mb L: 4/4 MS: 1 CrossOver-
#1597	NEW    cov: 162 ft: 447 corp: 41/133b lim: 4 exec/s: 0 rss: 85Mb L: 3/4 MS: 5 EraseBytes-ChangeBit-ChangeBit-ChangeByte-CopyPart-
#1655	NEW    cov: 162 ft: 450 corp: 42/137b lim: 4 exec/s: 0 rss: 85Mb L: 4/4 MS: 3 CMP-ChangeBinInt-ShuffleBytes- DE: "\377\377"-
#1808	REDUCE cov: 162 ft: 450 corp: 42/136b lim: 4 exec/s: 0 rss: 85Mb L: 2/4 MS: 3 PersAutoDict-ChangeBinInt-EraseBytes- DE: "\377\377"-
#2051	NEW    cov: 162 ft: 456 corp: 43/142b lim: 6 exec/s: 0 rss: 85Mb L: 6/6 MS: 3 ChangeBit-CopyPart-ShuffleBytes-
#2063	NEW    cov: 162 ft: 488 corp: 44/148b lim: 6 exec/s: 0 rss: 85Mb L: 6/6 MS: 2 ChangeBit-CrossOver-
#2144	NEW    cov: 162 ft: 491 corp: 45/153b lim: 6 exec/s: 0 rss: 85Mb L: 5/6 MS: 1 CopyPart-
#2150	NEW    cov: 162 ft: 498 corp: 46/159b lim: 6 exec/s: 0 rss: 85Mb L: 6/6 MS: 1 CopyPart-
#2163	REDUCE cov: 162 ft: 498 corp: 46/158b lim: 6 exec/s: 0 rss: 85Mb L: 3/6 MS: 3 PersAutoDict-EraseBytes-EraseBytes- DE: "\377\377"-
#2194	NEW    cov: 162 ft: 504 corp: 47/163b lim: 6 exec/s: 0 rss: 85Mb L: 5/6 MS: 1 InsertByte-
#2518	NEW    cov: 162 ft: 509 corp: 48/170b lim: 8 exec/s: 0 rss: 85Mb L: 7/7 MS: 4 ShuffleBytes-CopyPart-InsertByte-ShuffleBytes-
#2592	REDUCE cov: 162 ft: 509 corp: 48/169b lim: 8 exec/s: 0 rss: 85Mb L: 6/6 MS: 4 ChangeBit-ChangeByte-ChangeBit-EraseBytes-
#2664	REDUCE cov: 162 ft: 511 corp: 49/174b lim: 8 exec/s: 0 rss: 85Mb L: 5/6 MS: 2 CopyPart-InsertRepeatedBytes-
#2810	REDUCE cov: 162 ft: 511 corp: 49/173b lim: 8 exec/s: 0 rss: 85Mb L: 3/6 MS: 1 EraseBytes-
#2929	NEW    cov: 162 ft: 513 corp: 50/179b lim: 8 exec/s: 0 rss: 85Mb L: 6/6 MS: 4 ChangeBit-InsertByte-ChangeByte-InsertByte-
#3071	NEW    cov: 162 ft: 514 corp: 51/184b lim: 8 exec/s: 0 rss: 85Mb L: 5/6 MS: 2 CrossOver-CopyPart-
#3097	NEW    cov: 164 ft: 522 corp: 52/190b lim: 8 exec/s: 0 rss: 85Mb L: 6/6 MS: 1 CrossOver-
#3113	NEW    cov: 164 ft: 527 corp: 53/198b lim: 8 exec/s: 0 rss: 85Mb L: 8/8 MS: 1 CrossOver-
#3165	NEW    cov: 164 ft: 529 corp: 54/205b lim: 8 exec/s: 0 rss: 85Mb L: 7/8 MS: 2 CopyPart-CopyPart-
#3221	NEW    cov: 164 ft: 534 corp: 55/213b lim: 8 exec/s: 0 rss: 85Mb L: 8/8 MS: 1 CrossOver-
#3242	NEW    cov: 164 ft: 541 corp: 56/220b lim: 8 exec/s: 0 rss: 85Mb L: 7/8 MS: 1 EraseBytes-
#3268	REDUCE cov: 164 ft: 541 corp: 56/218b lim: 8 exec/s: 0 rss: 85Mb L: 2/8 MS: 1 EraseBytes-
#3477	NEW    cov: 164 ft: 550 corp: 57/226b lim: 8 exec/s: 0 rss: 85Mb L: 8/8 MS: 4 CopyPart-ChangeBinInt-InsertByte-CopyPart-
#3698	NEW    cov: 164 ft: 551 corp: 58/234b lim: 8 exec/s: 0 rss: 85Mb L: 8/8 MS: 1 ShuffleBytes-
#3734	REDUCE cov: 164 ft: 551 corp: 58/233b lim: 8 exec/s: 0 rss: 85Mb L: 3/8 MS: 1 EraseBytes-
#3887	NEW    cov: 164 ft: 579 corp: 59/241b lim: 8 exec/s: 0 rss: 85Mb L: 8/8 MS: 3 ChangeASCIIInt-ChangeBit-CopyPart-
#3923	NEW    cov: 164 ft: 582 corp: 60/249b lim: 8 exec/s: 0 rss: 85Mb L: 8/8 MS: 1 CopyPart-
#3940	NEW    cov: 164 ft: 584 corp: 61/257b lim: 8 exec/s: 0 rss: 85Mb L: 8/8 MS: 2 PersAutoDict-CrossOver- DE: "\377\377"-
#4167	NEW    cov: 164 ft: 589 corp: 62/265b lim: 8 exec/s: 0 rss: 85Mb L: 8/8 MS: 2 ChangeBit-CopyPart-
#4223	NEW    cov: 164 ft: 593 corp: 63/272b lim: 8 exec/s: 0 rss: 85Mb L: 7/8 MS: 1 InsertByte-
#4280	NEW    cov: 164 ft: 598 corp: 64/279b lim: 8 exec/s: 0 rss: 85Mb L: 7/8 MS: 2 CopyPart-EraseBytes-
#4611	NEW    cov: 164 ft: 616 corp: 65/288b lim: 11 exec/s: 0 rss: 85Mb L: 9/9 MS: 1 CopyPart-
#4662	NEW    cov: 164 ft: 620 corp: 66/299b lim: 11 exec/s: 0 rss: 85Mb L: 11/11 MS: 1 CopyPart-
#4678	REDUCE cov: 164 ft: 620 corp: 66/298b lim: 11 exec/s: 0 rss: 85Mb L: 3/11 MS: 1 EraseBytes-
#4992	NEW    cov: 164 ft: 623 corp: 67/311b lim: 14 exec/s: 0 rss: 85Mb L: 13/13 MS: 4 ChangeBit-CMP-EraseBytes-CrossOver- DE: "\377\377"-
#5293	NEW    cov: 164 ft: 627 corp: 68/324b lim: 14 exec/s: 0 rss: 85Mb L: 13/13 MS: 1 CopyPart-
#5446	REDUCE cov: 165 ft: 628 corp: 69/338b lim: 14 exec/s: 0 rss: 85Mb L: 14/14 MS: 3 ChangeByte-InsertRepeatedBytes-InsertRepeatedBytes-
#5648	NEW    cov: 165 ft: 630 corp: 70/346b lim: 14 exec/s: 0 rss: 85Mb L: 8/14 MS: 2 ShuffleBytes-CrossOver-
#5751	NEW    cov: 167 ft: 632 corp: 71/356b lim: 14 exec/s: 0 rss: 85Mb L: 10/14 MS: 3 ChangeBit-PersAutoDict-InsertByte- DE: "\377\377"-
#5822	REDUCE cov: 167 ft: 632 corp: 71/355b lim: 14 exec/s: 0 rss: 85Mb L: 3/14 MS: 1 EraseBytes-
#6094	NEW    cov: 167 ft: 636 corp: 72/367b lim: 14 exec/s: 0 rss: 85Mb L: 12/14 MS: 2 PersAutoDict-CopyPart- DE: "\000\000\000\000"-
#6275	NEW    cov: 167 ft: 637 corp: 73/379b lim: 14 exec/s: 0 rss: 85Mb L: 12/14 MS: 1 CrossOver-
#6315	NEW    cov: 167 ft: 639 corp: 74/390b lim: 14 exec/s: 0 rss: 85Mb L: 11/14 MS: 5 ChangeBit-ChangeByte-ChangeByte-CopyPart-ShuffleBytes-
#6491	REDUCE cov: 167 ft: 639 corp: 74/386b lim: 14 exec/s: 0 rss: 85Mb L: 10/13 MS: 1 EraseBytes-
#6528	NEW    cov: 167 ft: 640 corp: 75/391b lim: 14 exec/s: 0 rss: 85Mb L: 5/13 MS: 2 EraseBytes-CrossOver-
#6656	REDUCE cov: 167 ft: 640 corp: 75/390b lim: 14 exec/s: 0 rss: 85Mb L: 10/13 MS: 3 ChangeBinInt-ChangeBit-EraseBytes-
#6759	NEW    cov: 167 ft: 642 corp: 76/404b lim: 14 exec/s: 0 rss: 85Mb L: 14/14 MS: 3 CrossOver-ChangeByte-CrossOver-
#6867	REDUCE cov: 167 ft: 642 corp: 76/398b lim: 14 exec/s: 0 rss: 85Mb L: 7/14 MS: 3 ChangeBinInt-ChangeByte-EraseBytes-
#6868	NEW    cov: 167 ft: 643 corp: 77/410b lim: 14 exec/s: 0 rss: 85Mb L: 12/14 MS: 1 CMP- DE: "\377\377\377\377"-
#6980	NEW    cov: 167 ft: 646 corp: 78/424b lim: 14 exec/s: 0 rss: 85Mb L: 14/14 MS: 2 CopyPart-CopyPart-
#7067	NEW    cov: 167 ft: 647 corp: 79/433b lim: 14 exec/s: 0 rss: 85Mb L: 9/14 MS: 2 ShuffleBytes-InsertRepeatedBytes-
#7221	NEW    cov: 167 ft: 648 corp: 80/447b lim: 14 exec/s: 0 rss: 85Mb L: 14/14 MS: 4 CrossOver-InsertRepeatedBytes-ChangeByte-InsertByte-
#7267	REDUCE cov: 167 ft: 648 corp: 80/446b lim: 14 exec/s: 0 rss: 85Mb L: 11/14 MS: 1 EraseBytes-
#7298	NEW    cov: 167 ft: 659 corp: 81/460b lim: 14 exec/s: 0 rss: 85Mb L: 14/14 MS: 1 CopyPart-
#7508	REDUCE cov: 170 ft: 663 corp: 82/471b lim: 14 exec/s: 0 rss: 85Mb L: 11/14 MS: 5 InsertByte-InsertRepeatedBytes-ChangeByte-CMP-ChangeBit- DE: "\000\000"-
#7593	NEW    cov: 170 ft: 665 corp: 83/484b lim: 14 exec/s: 0 rss: 85Mb L: 13/14 MS: 5 CrossOver-EraseBytes-CrossOver-InsertByte-CrossOver-
#7630	REDUCE cov: 170 ft: 665 corp: 83/483b lim: 14 exec/s: 0 rss: 85Mb L: 9/14 MS: 2 ChangeBit-EraseBytes-
#7637	NEW    cov: 170 ft: 666 corp: 84/495b lim: 14 exec/s: 0 rss: 85Mb L: 12/14 MS: 2 ChangeBit-InsertByte-
#7654	NEW    cov: 170 ft: 667 corp: 85/509b lim: 14 exec/s: 0 rss: 85Mb L: 14/14 MS: 2 ChangeByte-CopyPart-
#7702	NEW    cov: 170 ft: 670 corp: 86/518b lim: 14 exec/s: 0 rss: 85Mb L: 9/14 MS: 3 InsertByte-CopyPart-ChangeByte-
#7984	NEW    cov: 173 ft: 676 corp: 87/522b lim: 14 exec/s: 0 rss: 85Mb L: 4/14 MS: 2 ChangeByte-CrossOver-
#8022	NEW    cov: 173 ft: 679 corp: 88/536b lim: 14 exec/s: 0 rss: 85Mb L: 14/14 MS: 3 ChangeBit-ChangeBit-PersAutoDict- DE: "\000\000"-
#8028	REDUCE cov: 173 ft: 679 corp: 88/532b lim: 14 exec/s: 0 rss: 85Mb L: 7/14 MS: 1 EraseBytes-
#8050	NEW    cov: 173 ft: 685 corp: 89/543b lim: 14 exec/s: 0 rss: 85Mb L: 11/14 MS: 2 ShuffleBytes-ChangeBinInt-
#8117	REDUCE cov: 173 ft: 685 corp: 89/542b lim: 14 exec/s: 0 rss: 85Mb L: 13/14 MS: 2 ChangeByte-EraseBytes-
#8138	REDUCE cov: 173 ft: 685 corp: 89/538b lim: 14 exec/s: 0 rss: 85Mb L: 6/14 MS: 1 EraseBytes-
#8164	REDUCE cov: 173 ft: 688 corp: 90/550b lim: 14 exec/s: 0 rss: 85Mb L: 12/14 MS: 1 InsertRepeatedBytes-
#8192	REDUCE cov: 173 ft: 688 corp: 90/549b lim: 14 exec/s: 0 rss: 85Mb L: 4/14 MS: 3 ChangeBit-InsertRepeatedBytes-CrossOver-
#8474	NEW    cov: 173 ft: 693 corp: 91/563b lim: 14 exec/s: 0 rss: 85Mb L: 14/14 MS: 2 CopyPart-CopyPart-
#8635	REDUCE cov: 173 ft: 693 corp: 91/560b lim: 14 exec/s: 0 rss: 85Mb L: 11/14 MS: 1 EraseBytes-
#8832	REDUCE cov: 173 ft: 693 corp: 91/559b lim: 14 exec/s: 0 rss: 85Mb L: 3/14 MS: 2 EraseBytes-ChangeByte-
#8873	REDUCE cov: 173 ft: 693 corp: 91/558b lim: 14 exec/s: 0 rss: 85Mb L: 7/14 MS: 1 CrossOver-
#8889	NEW    cov: 173 ft: 698 corp: 92/569b lim: 14 exec/s: 0 rss: 85Mb L: 11/14 MS: 1 CrossOver-
#8925	REDUCE cov: 173 ft: 698 corp: 92/568b lim: 14 exec/s: 0 rss: 85Mb L: 13/14 MS: 1 EraseBytes-
#8943	REDUCE cov: 173 ft: 698 corp: 92/567b lim: 14 exec/s: 0 rss: 85Mb L: 12/14 MS: 3 CopyPart-ShuffleBytes-EraseBytes-
#9081	REDUCE cov: 173 ft: 698 corp: 92/565b lim: 14 exec/s: 0 rss: 85Mb L: 9/14 MS: 3 CopyPart-ChangeBit-EraseBytes-
#9184	REDUCE cov: 173 ft: 702 corp: 93/579b lim: 14 exec/s: 0 rss: 85Mb L: 14/14 MS: 3 CopyPart-CrossOver-CrossOver-
#9380	REDUCE cov: 173 ft: 702 corp: 93/577b lim: 14 exec/s: 0 rss: 85Mb L: 7/14 MS: 1 EraseBytes-
#9476	REDUCE cov: 173 ft: 702 corp: 93/576b lim: 14 exec/s: 0 rss: 85Mb L: 5/14 MS: 1 EraseBytes-
#9507	REDUCE cov: 173 ft: 702 corp: 93/572b lim: 14 exec/s: 0 rss: 85Mb L: 8/14 MS: 1 EraseBytes-
#9528	NEW    cov: 173 ft: 704 corp: 94/583b lim: 14 exec/s: 0 rss: 85Mb L: 11/14 MS: 1 ChangeBinInt-
#9895	REDUCE cov: 173 ft: 704 corp: 94/580b lim: 17 exec/s: 0 rss: 85Mb L: 11/14 MS: 2 ChangeBit-EraseBytes-
#10186	REDUCE cov: 173 ft: 705 corp: 95/594b lim: 17 exec/s: 0 rss: 85Mb L: 14/14 MS: 1 CrossOver-
#10887	NEW    cov: 173 ft: 706 corp: 96/610b lim: 21 exec/s: 10887 rss: 85Mb L: 16/16 MS: 1 CopyPart-
#10899	REDUCE cov: 173 ft: 708 corp: 97/622b lim: 21 exec/s: 10899 rss: 85Mb L: 12/16 MS: 2 CopyPart-CrossOver-
#10931	NEW    cov: 173 ft: 710 corp: 98/638b lim: 21 exec/s: 10931 rss: 85Mb L: 16/16 MS: 2 CrossOver-ShuffleBytes-
#10997	NEW    cov: 173 ft: 711 corp: 99/645b lim: 21 exec/s: 10997 rss: 85Mb L: 7/16 MS: 1 CopyPart-
#11103	NEW    cov: 173 ft: 712 corp: 100/654b lim: 21 exec/s: 11103 rss: 85Mb L: 9/16 MS: 1 CrossOver-
#11115	NEW    cov: 173 ft: 720 corp: 101/675b lim: 21 exec/s: 11115 rss: 85Mb L: 21/21 MS: 2 InsertRepeatedBytes-CrossOver-
#11141	REDUCE cov: 173 ft: 720 corp: 101/674b lim: 21 exec/s: 11141 rss: 85Mb L: 6/21 MS: 1 EraseBytes-
#11154	NEW    cov: 173 ft: 722 corp: 102/690b lim: 21 exec/s: 11154 rss: 85Mb L: 16/21 MS: 3 ChangeByte-CrossOver-ShuffleBytes-
#11235	NEW    cov: 173 ft: 724 corp: 103/700b lim: 21 exec/s: 11235 rss: 85Mb L: 10/21 MS: 1 CrossOver-
#11238	REDUCE cov: 173 ft: 724 corp: 103/699b lim: 21 exec/s: 11238 rss: 85Mb L: 12/21 MS: 3 CopyPart-ChangeBit-EraseBytes-
#11278	REDUCE cov: 173 ft: 728 corp: 104/717b lim: 21 exec/s: 11278 rss: 85Mb L: 18/21 MS: 5 EraseBytes-EraseBytes-ChangeByte-ChangeBit-InsertRepeatedBytes-
#11352	NEW    cov: 174 ft: 729 corp: 105/722b lim: 21 exec/s: 11352 rss: 85Mb L: 5/21 MS: 4 CrossOver-EraseBytes-CrossOver-CrossOver-
#11584	NEW    cov: 174 ft: 730 corp: 106/738b lim: 21 exec/s: 11584 rss: 85Mb L: 16/21 MS: 2 ShuffleBytes-ChangeBinInt-
#11656	NEW    cov: 175 ft: 731 corp: 107/757b lim: 21 exec/s: 11656 rss: 85Mb L: 19/21 MS: 2 CMP-InsertRepeatedBytes- DE: "\377\377"-
#11722	NEW    cov: 175 ft: 732 corp: 108/778b lim: 21 exec/s: 11722 rss: 85Mb L: 21/21 MS: 1 CopyPart-
#11828	NEW    cov: 175 ft: 733 corp: 109/783b lim: 21 exec/s: 11828 rss: 85Mb L: 5/21 MS: 1 CopyPart-
#11890	REDUCE cov: 175 ft: 734 corp: 110/804b lim: 21 exec/s: 11890 rss: 85Mb L: 21/21 MS: 2 CopyPart-CopyPart-
#11946	NEW    cov: 175 ft: 739 corp: 111/823b lim: 21 exec/s: 11946 rss: 85Mb L: 19/21 MS: 1 CrossOver-
#12012	NEW    cov: 175 ft: 740 corp: 112/832b lim: 21 exec/s: 12012 rss: 85Mb L: 9/21 MS: 1 CrossOver-
#12123	NEW    cov: 175 ft: 742 corp: 113/850b lim: 21 exec/s: 12123 rss: 85Mb L: 18/21 MS: 1 CrossOver-
#12225	REDUCE cov: 175 ft: 742 corp: 113/849b lim: 21 exec/s: 12225 rss: 85Mb L: 7/21 MS: 2 ChangeBinInt-EraseBytes-
#12246	NEW    cov: 175 ft: 743 corp: 114/856b lim: 21 exec/s: 12246 rss: 85Mb L: 7/21 MS: 1 CopyPart-
#12307	REDUCE cov: 175 ft: 743 corp: 114/855b lim: 21 exec/s: 12307 rss: 85Mb L: 8/21 MS: 1 EraseBytes-
#12398	NEW    cov: 175 ft: 785 corp: 115/872b lim: 21 exec/s: 12398 rss: 85Mb L: 17/21 MS: 1 CopyPart-
#12549	NEW    cov: 176 ft: 786 corp: 116/884b lim: 21 exec/s: 12549 rss: 85Mb L: 12/21 MS: 1 InsertByte-
#12585	REDUCE cov: 176 ft: 786 corp: 116/883b lim: 21 exec/s: 12585 rss: 85Mb L: 18/21 MS: 1 EraseBytes-
#12736	NEW    cov: 176 ft: 788 corp: 117/901b lim: 21 exec/s: 12736 rss: 85Mb L: 18/21 MS: 1 ChangeBit-
#12789	REDUCE cov: 176 ft: 789 corp: 118/914b lim: 21 exec/s: 12789 rss: 85Mb L: 13/21 MS: 3 ShuffleBytes-InsertByte-CrossOver-
#12862	NEW    cov: 176 ft: 790 corp: 119/933b lim: 21 exec/s: 12862 rss: 85Mb L: 19/21 MS: 3 InsertByte-ShuffleBytes-CopyPart-
#12913	REDUCE cov: 176 ft: 791 corp: 120/940b lim: 21 exec/s: 12913 rss: 85Mb L: 7/21 MS: 1 CrossOver-
#13076	NEW    cov: 176 ft: 793 corp: 121/957b lim: 21 exec/s: 13076 rss: 85Mb L: 17/21 MS: 3 InsertByte-InsertByte-InsertRepeatedBytes-
#13135	REDUCE cov: 176 ft: 793 corp: 121/954b lim: 21 exec/s: 13135 rss: 85Mb L: 9/21 MS: 4 ChangeBit-ShuffleBytes-CrossOver-ChangeByte-
#13502	REDUCE cov: 176 ft: 794 corp: 122/972b lim: 21 exec/s: 13502 rss: 85Mb L: 18/21 MS: 2 ChangeByte-CopyPart-
#13536	NEW    cov: 176 ft: 797 corp: 123/988b lim: 21 exec/s: 13536 rss: 85Mb L: 16/21 MS: 4 ChangeByte-CrossOver-ShuffleBytes-ChangeByte-
#13780	NEW    cov: 176 ft: 798 corp: 124/1008b lim: 21 exec/s: 13780 rss: 85Mb L: 20/21 MS: 4 CMP-InsertByte-InsertByte-CrossOver- DE: "\377\377"-
#13814	NEW    cov: 176 ft: 799 corp: 125/1026b lim: 21 exec/s: 13814 rss: 85Mb L: 18/21 MS: 4 CrossOver-ChangeBinInt-EraseBytes-CrossOver-
#13880	NEW    cov: 176 ft: 800 corp: 126/1040b lim: 21 exec/s: 13880 rss: 85Mb L: 14/21 MS: 1 ChangeByte-
#14041	NEW    cov: 176 ft: 802 corp: 127/1057b lim: 21 exec/s: 14041 rss: 85Mb L: 17/21 MS: 1 CopyPart-
#14073	REDUCE cov: 176 ft: 802 corp: 127/1055b lim: 21 exec/s: 14073 rss: 85Mb L: 7/21 MS: 2 ChangeBit-EraseBytes-
#14518	NEW    cov: 176 ft: 803 corp: 128/1078b lim: 25 exec/s: 14518 rss: 85Mb L: 23/23 MS: 5 ChangeByte-PersAutoDict-ChangeBinInt-CrossOver-CrossOver- DE: "\000\000"-
#14576	NEW    cov: 176 ft: 804 corp: 129/1100b lim: 25 exec/s: 14576 rss: 85Mb L: 22/23 MS: 3 ShuffleBytes-ShuffleBytes-CrossOver-
#14662	REDUCE cov: 176 ft: 804 corp: 129/1099b lim: 25 exec/s: 14662 rss: 85Mb L: 8/23 MS: 1 EraseBytes-
#14730	NEW    cov: 176 ft: 806 corp: 130/1121b lim: 25 exec/s: 14730 rss: 85Mb L: 22/23 MS: 3 InsertRepeatedBytes-CopyPart-CrossOver-
#14746	REDUCE cov: 176 ft: 806 corp: 130/1116b lim: 25 exec/s: 14746 rss: 85Mb L: 18/22 MS: 1 EraseBytes-
#14883	NEW    cov: 176 ft: 812 corp: 131/1141b lim: 25 exec/s: 14883 rss: 85Mb L: 25/25 MS: 2 PersAutoDict-CopyPart- DE: "\000\000"-
#14915	REDUCE cov: 176 ft: 812 corp: 131/1140b lim: 25 exec/s: 14915 rss: 85Mb L: 21/25 MS: 2 CrossOver-EraseBytes-
#15036	REDUCE cov: 176 ft: 812 corp: 131/1139b lim: 25 exec/s: 15036 rss: 85Mb L: 4/25 MS: 1 EraseBytes-
#15119	REDUCE cov: 176 ft: 813 corp: 132/1161b lim: 25 exec/s: 15119 rss: 85Mb L: 22/25 MS: 3 ShuffleBytes-ChangeByte-CopyPart-
#15280	NEW    cov: 176 ft: 815 corp: 133/1174b lim: 25 exec/s: 15280 rss: 85Mb L: 13/25 MS: 1 CopyPart-
#15303	NEW    cov: 176 ft: 816 corp: 134/1194b lim: 25 exec/s: 15303 rss: 85Mb L: 20/25 MS: 3 ChangeBit-CMP-CrossOver- DE: "?\000\000\000\000\000\000\000"-
#15399	REDUCE cov: 176 ft: 816 corp: 134/1191b lim: 25 exec/s: 15399 rss: 85Mb L: 9/25 MS: 1 EraseBytes-
#15598	NEW    cov: 176 ft: 818 corp: 135/1214b lim: 25 exec/s: 15598 rss: 85Mb L: 23/25 MS: 4 CopyPart-ChangeByte-ChangeByte-CopyPart-
#15749	NEW    cov: 176 ft: 819 corp: 136/1234b lim: 25 exec/s: 15749 rss: 85Mb L: 20/25 MS: 1 InsertByte-
#15801	NEW    cov: 176 ft: 820 corp: 137/1252b lim: 25 exec/s: 15801 rss: 85Mb L: 18/25 MS: 2 InsertByte-CopyPart-
#15952	NEW    cov: 176 ft: 821 corp: 138/1265b lim: 25 exec/s: 7976 rss: 85Mb L: 13/25 MS: 1 ChangeBinInt-
#16034	REDUCE cov: 176 ft: 821 corp: 138/1264b lim: 25 exec/s: 8017 rss: 85Mb L: 11/25 MS: 2 InsertByte-EraseBytes-
#16155	NEW    cov: 176 ft: 824 corp: 139/1286b lim: 25 exec/s: 8077 rss: 85Mb L: 22/25 MS: 1 InsertRepeatedBytes-
#16167	REDUCE cov: 176 ft: 824 corp: 139/1281b lim: 25 exec/s: 8083 rss: 85Mb L: 13/25 MS: 2 ShuffleBytes-EraseBytes-
#16220	REDUCE cov: 176 ft: 825 corp: 140/1305b lim: 25 exec/s: 8110 rss: 85Mb L: 24/25 MS: 3 ShuffleBytes-InsertRepeatedBytes-CrossOver-
#16334	NEW    cov: 176 ft: 826 corp: 141/1318b lim: 25 exec/s: 8167 rss: 85Mb L: 13/25 MS: 4 ChangeByte-ShuffleBytes-PersAutoDict-ChangeByte- DE: "\377\377"-
#16365	REDUCE cov: 176 ft: 826 corp: 141/1314b lim: 25 exec/s: 8182 rss: 85Mb L: 13/25 MS: 1 EraseBytes-
#16384	pulse  cov: 176 ft: 826 corp: 141/1314b lim: 25 exec/s: 8192 rss: 85Mb
#16451	REDUCE cov: 176 ft: 826 corp: 141/1313b lim: 25 exec/s: 8225 rss: 85Mb L: 7/25 MS: 1 EraseBytes-
#16643	REDUCE cov: 176 ft: 826 corp: 141/1308b lim: 25 exec/s: 8321 rss: 85Mb L: 13/25 MS: 2 CrossOver-EraseBytes-
#16679	REDUCE cov: 176 ft: 826 corp: 141/1302b lim: 25 exec/s: 8339 rss: 85Mb L: 14/25 MS: 1 EraseBytes-
#16777	REDUCE cov: 176 ft: 826 corp: 141/1301b lim: 25 exec/s: 8388 rss: 85Mb L: 2/25 MS: 3 EraseBytes-EraseBytes-CrossOver-
#16849	NEW    cov: 176 ft: 827 corp: 142/1325b lim: 25 exec/s: 8424 rss: 85Mb L: 24/25 MS: 2 InsertByte-CopyPart-
#16872	REDUCE cov: 176 ft: 827 corp: 142/1323b lim: 25 exec/s: 8436 rss: 85Mb L: 12/25 MS: 3 PersAutoDict-ChangeBit-EraseBytes- DE: "?\000\000\000\000\000\000\000"-
#16925	REDUCE cov: 176 ft: 827 corp: 142/1322b lim: 25 exec/s: 8462 rss: 85Mb L: 10/25 MS: 3 ChangeBinInt-CrossOver-EraseBytes-
#16969	REDUCE cov: 176 ft: 827 corp: 142/1314b lim: 25 exec/s: 8484 rss: 85Mb L: 8/25 MS: 4 InsertByte-EraseBytes-EraseBytes-ChangeByte-
#17272	REDUCE cov: 176 ft: 827 corp: 142/1312b lim: 25 exec/s: 8636 rss: 85Mb L: 9/25 MS: 3 ChangeBinInt-CrossOver-EraseBytes-
#17284	REDUCE cov: 176 ft: 827 corp: 142/1311b lim: 25 exec/s: 8642 rss: 85Mb L: 7/25 MS: 2 EraseBytes-CrossOver-
#17400	REDUCE cov: 176 ft: 827 corp: 142/1309b lim: 25 exec/s: 8700 rss: 85Mb L: 10/25 MS: 1 EraseBytes-
#17483	REDUCE cov: 176 ft: 827 corp: 142/1308b lim: 25 exec/s: 8741 rss: 85Mb L: 23/25 MS: 3 InsertByte-ChangeASCIIInt-EraseBytes-
#17578	REDUCE cov: 176 ft: 828 corp: 143/1317b lim: 25 exec/s: 8789 rss: 85Mb L: 9/25 MS: 5 CopyPart-CopyPart-CrossOver-ChangeBit-CrossOver-
#17614	REDUCE cov: 176 ft: 828 corp: 143/1316b lim: 25 exec/s: 8807 rss: 85Mb L: 4/25 MS: 1 EraseBytes-
#17857	REDUCE cov: 176 ft: 829 corp: 144/1333b lim: 25 exec/s: 8928 rss: 85Mb L: 17/25 MS: 3 ChangeBit-InsertRepeatedBytes-ChangeBit-
#17924	REDUCE cov: 176 ft: 832 corp: 145/1356b lim: 25 exec/s: 8962 rss: 85Mb L: 23/25 MS: 2 ChangeBit-ChangeBit-
#17980	REDUCE cov: 176 ft: 832 corp: 145/1355b lim: 25 exec/s: 8990 rss: 85Mb L: 22/25 MS: 1 EraseBytes-
#18036	REDUCE cov: 176 ft: 835 corp: 146/1378b lim: 25 exec/s: 9018 rss: 85Mb L: 23/25 MS: 1 CopyPart-
#18129	REDUCE cov: 176 ft: 835 corp: 146/1373b lim: 25 exec/s: 9064 rss: 85Mb L: 14/25 MS: 3 InsertByte-ChangeBit-EraseBytes-
#18168	NEW    cov: 176 ft: 836 corp: 147/1398b lim: 25 exec/s: 9084 rss: 85Mb L: 25/25 MS: 4 EraseBytes-PersAutoDict-ChangeByte-CrossOver- DE: "?\000\000\000\000\000\000\000"-
#18240	REDUCE cov: 176 ft: 836 corp: 147/1394b lim: 25 exec/s: 9120 rss: 85Mb L: 5/25 MS: 2 InsertByte-EraseBytes-
#18387	REDUCE cov: 176 ft: 836 corp: 147/1393b lim: 25 exec/s: 9193 rss: 85Mb L: 12/25 MS: 2 ChangeBit-EraseBytes-
#19178	REDUCE cov: 176 ft: 841 corp: 148/1422b lim: 29 exec/s: 9589 rss: 85Mb L: 29/29 MS: 1 CopyPart-
#19232	REDUCE cov: 176 ft: 841 corp: 148/1421b lim: 29 exec/s: 9616 rss: 85Mb L: 17/29 MS: 4 InsertByte-CopyPart-ChangeByte-EraseBytes-
#19623	REDUCE cov: 176 ft: 841 corp: 148/1419b lim: 29 exec/s: 6541 rss: 85Mb L: 15/29 MS: 1 EraseBytes-
#19742	REDUCE cov: 176 ft: 841 corp: 148/1413b lim: 29 exec/s: 6580 rss: 85Mb L: 19/29 MS: 4 InsertRepeatedBytes-ChangeBit-ShuffleBytes-EraseBytes-
#19946	NEW    cov: 176 ft: 842 corp: 149/1431b lim: 29 exec/s: 6648 rss: 85Mb L: 18/29 MS: 4 ShuffleBytes-PersAutoDict-PersAutoDict-EraseBytes- DE: "\377\377"-"\377\377\377\377"-
#20007	NEW    cov: 176 ft: 852 corp: 150/1460b lim: 29 exec/s: 6669 rss: 85Mb L: 29/29 MS: 1 CrossOver-
#20092	REDUCE cov: 176 ft: 853 corp: 151/1476b lim: 29 exec/s: 6697 rss: 85Mb L: 16/29 MS: 5 ChangeBinInt-ChangeByte-CMP-CrossOver-EraseBytes- DE: "\001\000\000\000"-
#20108	REDUCE cov: 176 ft: 853 corp: 151/1474b lim: 29 exec/s: 6702 rss: 85Mb L: 8/29 MS: 1 EraseBytes-
#20230	REDUCE cov: 176 ft: 853 corp: 151/1473b lim: 29 exec/s: 6743 rss: 85Mb L: 21/29 MS: 2 InsertByte-CrossOver-
#20262	REDUCE cov: 176 ft: 853 corp: 151/1472b lim: 29 exec/s: 6754 rss: 85Mb L: 11/29 MS: 2 CopyPart-EraseBytes-
#20379	REDUCE cov: 176 ft: 853 corp: 151/1470b lim: 29 exec/s: 6793 rss: 85Mb L: 16/29 MS: 2 ChangeByte-EraseBytes-
#20387	REDUCE cov: 176 ft: 855 corp: 152/1494b lim: 29 exec/s: 6795 rss: 85Mb L: 24/29 MS: 3 ShuffleBytes-ChangeByte-CopyPart-
#20403	REDUCE cov: 176 ft: 855 corp: 152/1492b lim: 29 exec/s: 6801 rss: 85Mb L: 6/29 MS: 1 EraseBytes-
#20494	NEW    cov: 176 ft: 858 corp: 153/1520b lim: 29 exec/s: 6831 rss: 85Mb L: 28/29 MS: 1 CrossOver-
#20500	REDUCE cov: 176 ft: 858 corp: 153/1515b lim: 29 exec/s: 6833 rss: 85Mb L: 17/29 MS: 1 EraseBytes-
#20542	NEW    cov: 176 ft: 861 corp: 154/1542b lim: 29 exec/s: 6847 rss: 85Mb L: 27/29 MS: 2 ChangeByte-CopyPart-
#20637	NEW    cov: 176 ft: 863 corp: 155/1562b lim: 29 exec/s: 6879 rss: 85Mb L: 20/29 MS: 5 ShuffleBytes-InsertRepeatedBytes-ShuffleBytes-ChangeByte-CrossOver-
#20648	REDUCE cov: 176 ft: 863 corp: 155/1561b lim: 29 exec/s: 6882 rss: 85Mb L: 13/29 MS: 1 EraseBytes-
#20939	REDUCE cov: 176 ft: 863 corp: 155/1560b lim: 29 exec/s: 6979 rss: 85Mb L: 15/29 MS: 1 EraseBytes-
#20960	REDUCE cov: 176 ft: 863 corp: 155/1559b lim: 29 exec/s: 6986 rss: 85Mb L: 6/29 MS: 1 EraseBytes-
#20991	REDUCE cov: 176 ft: 863 corp: 155/1557b lim: 29 exec/s: 6997 rss: 85Mb L: 18/29 MS: 1 EraseBytes-
#21322	REDUCE cov: 176 ft: 863 corp: 155/1553b lim: 29 exec/s: 7107 rss: 85Mb L: 15/29 MS: 1 EraseBytes-
#21420	REDUCE cov: 176 ft: 863 corp: 155/1549b lim: 29 exec/s: 7140 rss: 85Mb L: 14/29 MS: 3 InsertRepeatedBytes-ChangeBinInt-EraseBytes-
#21871	REDUCE cov: 176 ft: 863 corp: 155/1541b lim: 33 exec/s: 7290 rss: 85Mb L: 13/29 MS: 1 EraseBytes-
#21892	NEW    cov: 176 ft: 864 corp: 156/1567b lim: 33 exec/s: 7297 rss: 85Mb L: 26/29 MS: 1 CopyPart-
#21893	REDUCE cov: 176 ft: 864 corp: 156/1565b lim: 33 exec/s: 7297 rss: 85Mb L: 14/29 MS: 1 EraseBytes-
#21960	REDUCE cov: 176 ft: 864 corp: 156/1563b lim: 33 exec/s: 7320 rss: 85Mb L: 10/29 MS: 2 InsertByte-EraseBytes-
#22611	NEW    cov: 176 ft: 865 corp: 157/1597b lim: 38 exec/s: 5652 rss: 85Mb L: 34/34 MS: 1 CrossOver-
#22627	NEW    cov: 176 ft: 866 corp: 158/1626b lim: 38 exec/s: 5656 rss: 85Mb L: 29/34 MS: 1 CrossOver-
#22843	NEW    cov: 176 ft: 870 corp: 159/1655b lim: 38 exec/s: 5710 rss: 85Mb L: 29/34 MS: 1 ChangeByte-
#22847	NEW    cov: 176 ft: 873 corp: 160/1691b lim: 38 exec/s: 5711 rss: 85Mb L: 36/36 MS: 4 PersAutoDict-CopyPart-ShuffleBytes-InsertRepeatedBytes- DE: "\377\377"-
#23034	REDUCE cov: 176 ft: 873 corp: 160/1689b lim: 38 exec/s: 5758 rss: 85Mb L: 12/36 MS: 2 ChangeBinInt-EraseBytes-
#23216	REDUCE cov: 176 ft: 873 corp: 160/1688b lim: 38 exec/s: 5804 rss: 85Mb L: 6/36 MS: 2 EraseBytes-CopyPart-
#23332	REDUCE cov: 176 ft: 873 corp: 160/1686b lim: 38 exec/s: 5833 rss: 85Mb L: 9/36 MS: 1 EraseBytes-
#23416	NEW    cov: 176 ft: 875 corp: 161/1719b lim: 38 exec/s: 5854 rss: 85Mb L: 33/36 MS: 4 ShuffleBytes-ChangeByte-EraseBytes-CopyPart-
#23706	NEW    cov: 176 ft: 880 corp: 162/1750b lim: 38 exec/s: 5926 rss: 85Mb L: 31/36 MS: 5 CopyPart-PersAutoDict-InsertByte-ChangeBit-InsertByte- DE: "\377\377\377\377"-
#23715	NEW    cov: 176 ft: 881 corp: 163/1777b lim: 38 exec/s: 5928 rss: 85Mb L: 27/36 MS: 4 CMP-PersAutoDict-CopyPart-CrossOver- DE: "\000\000\000\000"-"\377\377"-
#23787	REDUCE cov: 176 ft: 883 corp: 164/1812b lim: 38 exec/s: 5946 rss: 85Mb L: 35/36 MS: 2 PersAutoDict-CopyPart- DE: "\377\377"-
#23893	NEW    cov: 176 ft: 884 corp: 165/1850b lim: 38 exec/s: 5973 rss: 85Mb L: 38/38 MS: 1 CopyPart-
#23944	REDUCE cov: 176 ft: 884 corp: 165/1844b lim: 38 exec/s: 5986 rss: 85Mb L: 32/36 MS: 1 EraseBytes-
#24030	REDUCE cov: 176 ft: 884 corp: 165/1840b lim: 38 exec/s: 6007 rss: 85Mb L: 12/36 MS: 1 EraseBytes-
#24231	REDUCE cov: 176 ft: 884 corp: 165/1836b lim: 38 exec/s: 6057 rss: 85Mb L: 16/36 MS: 1 EraseBytes-
#24502	REDUCE cov: 176 ft: 884 corp: 165/1835b lim: 38 exec/s: 6125 rss: 85Mb L: 5/36 MS: 1 EraseBytes-
#24789	REDUCE cov: 176 ft: 884 corp: 165/1834b lim: 38 exec/s: 4957 rss: 85Mb L: 13/36 MS: 2 PersAutoDict-EraseBytes- DE: "\000\000\000\000"-
#24795	REDUCE cov: 176 ft: 884 corp: 165/1831b lim: 38 exec/s: 4959 rss: 85Mb L: 26/36 MS: 1 EraseBytes-
#24844	REDUCE cov: 176 ft: 884 corp: 165/1828b lim: 38 exec/s: 4968 rss: 85Mb L: 20/36 MS: 4 ShuffleBytes-EraseBytes-InsertByte-CopyPart-
#25181	REDUCE cov: 176 ft: 884 corp: 165/1827b lim: 38 exec/s: 5036 rss: 85Mb L: 28/36 MS: 2 ChangeASCIIInt-EraseBytes-
#25189	NEW    cov: 176 ft: 885 corp: 166/1850b lim: 38 exec/s: 5037 rss: 85Mb L: 23/36 MS: 3 InsertRepeatedBytes-CrossOver-CrossOver-
#25250	REDUCE cov: 176 ft: 885 corp: 166/1848b lim: 38 exec/s: 5050 rss: 85Mb L: 21/36 MS: 1 EraseBytes-
#25671	REDUCE cov: 176 ft: 885 corp: 166/1846b lim: 38 exec/s: 5134 rss: 85Mb L: 5/36 MS: 1 EraseBytes-
#25727	REDUCE cov: 176 ft: 885 corp: 166/1844b lim: 38 exec/s: 5145 rss: 85Mb L: 8/36 MS: 1 EraseBytes-
#26008	REDUCE cov: 176 ft: 885 corp: 166/1840b lim: 38 exec/s: 5201 rss: 85Mb L: 17/36 MS: 1 EraseBytes-
#26137	REDUCE cov: 176 ft: 886 corp: 167/1875b lim: 38 exec/s: 5227 rss: 85Mb L: 35/36 MS: 4 ChangeBinInt-CopyPart-ShuffleBytes-CopyPart-
#26210	NEW    cov: 176 ft: 888 corp: 168/1896b lim: 38 exec/s: 5242 rss: 85Mb L: 21/36 MS: 3 CrossOver-CopyPart-CopyPart-
#26532	REDUCE cov: 176 ft: 888 corp: 168/1895b lim: 38 exec/s: 5306 rss: 85Mb L: 34/36 MS: 2 ChangeByte-EraseBytes-
#26825	REDUCE cov: 176 ft: 888 corp: 168/1894b lim: 38 exec/s: 5365 rss: 85Mb L: 3/36 MS: 3 CopyPart-InsertByte-EraseBytes-
#26862	REDUCE cov: 176 ft: 888 corp: 168/1890b lim: 38 exec/s: 5372 rss: 85Mb L: 31/36 MS: 2 ChangeASCIIInt-EraseBytes-
#27243	REDUCE cov: 176 ft: 888 corp: 168/1888b lim: 38 exec/s: 4540 rss: 85Mb L: 11/36 MS: 1 EraseBytes-
#27585	NEW    cov: 176 ft: 927 corp: 169/1924b lim: 38 exec/s: 4597 rss: 85Mb L: 36/36 MS: 2 ShuffleBytes-CopyPart-
#27646	NEW    cov: 176 ft: 929 corp: 170/1955b lim: 38 exec/s: 4607 rss: 85Mb L: 31/36 MS: 1 CopyPart-
#27647	NEW    cov: 176 ft: 930 corp: 171/1979b lim: 38 exec/s: 4607 rss: 85Mb L: 24/36 MS: 1 ShuffleBytes-
#27915	NEW    cov: 176 ft: 931 corp: 172/2012b lim: 38 exec/s: 4652 rss: 85Mb L: 33/36 MS: 3 InsertByte-CrossOver-PersAutoDict- DE: "?\000\000\000\000\000\000\000"-
#28018	REDUCE cov: 176 ft: 931 corp: 172/2011b lim: 38 exec/s: 4669 rss: 85Mb L: 32/36 MS: 3 CopyPart-ChangeBit-EraseBytes-
#28240	REDUCE cov: 176 ft: 931 corp: 172/2010b lim: 38 exec/s: 4706 rss: 85Mb L: 6/36 MS: 2 InsertByte-EraseBytes-
#28611	REDUCE cov: 176 ft: 931 corp: 172/2006b lim: 38 exec/s: 4768 rss: 85Mb L: 12/36 MS: 1 EraseBytes-
#28612	REDUCE cov: 176 ft: 931 corp: 172/2005b lim: 38 exec/s: 4768 rss: 85Mb L: 5/36 MS: 1 EraseBytes-
#28903	REDUCE cov: 176 ft: 931 corp: 172/2002b lim: 38 exec/s: 4817 rss: 85Mb L: 10/36 MS: 1 EraseBytes-
#29135	REDUCE cov: 176 ft: 931 corp: 172/2001b lim: 38 exec/s: 4855 rss: 85Mb L: 12/36 MS: 2 InsertByte-EraseBytes-
#29147	NEW    cov: 176 ft: 932 corp: 173/2028b lim: 38 exec/s: 4857 rss: 85Mb L: 27/36 MS: 2 ChangeBit-CrossOver-
#29378	REDUCE cov: 176 ft: 932 corp: 173/2024b lim: 38 exec/s: 4196 rss: 85Mb L: 16/36 MS: 1 EraseBytes-
#29584	REDUCE cov: 176 ft: 932 corp: 173/2020b lim: 38 exec/s: 4226 rss: 85Mb L: 23/36 MS: 1 EraseBytes-
#29727	NEW    cov: 176 ft: 938 corp: 174/2058b lim: 38 exec/s: 4246 rss: 85Mb L: 38/38 MS: 3 ChangeByte-CopyPart-CrossOver-
#29774	REDUCE cov: 176 ft: 938 corp: 174/2053b lim: 38 exec/s: 4253 rss: 85Mb L: 26/38 MS: 2 EraseBytes-CopyPart-
#29916	REDUCE cov: 176 ft: 938 corp: 174/2049b lim: 38 exec/s: 4273 rss: 85Mb L: 27/38 MS: 2 ChangeBit-EraseBytes-
#30108	REDUCE cov: 176 ft: 939 corp: 175/2067b lim: 38 exec/s: 4301 rss: 85Mb L: 18/38 MS: 2 CopyPart-CopyPart-
#30159	REDUCE cov: 176 ft: 939 corp: 175/2066b lim: 38 exec/s: 4308 rss: 85Mb L: 11/38 MS: 1 EraseBytes-
#30161	REDUCE cov: 176 ft: 939 corp: 175/2060b lim: 38 exec/s: 4308 rss: 85Mb L: 28/38 MS: 2 CopyPart-EraseBytes-
#30232	REDUCE cov: 176 ft: 939 corp: 175/2058b lim: 38 exec/s: 4318 rss: 85Mb L: 21/38 MS: 1 EraseBytes-
#30423	REDUCE cov: 176 ft: 939 corp: 175/2057b lim: 38 exec/s: 4346 rss: 85Mb L: 17/38 MS: 1 EraseBytes-
#30454	NEW    cov: 176 ft: 940 corp: 176/2095b lim: 38 exec/s: 4350 rss: 85Mb L: 38/38 MS: 1 CopyPart-
#30594	NEW    cov: 176 ft: 942 corp: 177/2123b lim: 38 exec/s: 4370 rss: 85Mb L: 28/38 MS: 5 InsertRepeatedBytes-PersAutoDict-ChangeBit-EraseBytes-CopyPart- DE: "\377\377"-
#30666	REDUCE cov: 176 ft: 944 corp: 178/2161b lim: 38 exec/s: 4380 rss: 85Mb L: 38/38 MS: 2 CrossOver-CopyPart-
#31102	NEW    cov: 176 ft: 945 corp: 179/2191b lim: 38 exec/s: 4443 rss: 85Mb L: 30/38 MS: 1 InsertRepeatedBytes-
#31618	REDUCE cov: 176 ft: 946 corp: 180/2208b lim: 43 exec/s: 3952 rss: 85Mb L: 17/38 MS: 1 CopyPart-
#31756	NEW    cov: 176 ft: 948 corp: 181/2248b lim: 43 exec/s: 3969 rss: 85Mb L: 40/40 MS: 3 PersAutoDict-CopyPart-CopyPart- DE: "?\000\000\000\000\000\000\000"-
#32107	REDUCE cov: 176 ft: 948 corp: 181/2246b lim: 43 exec/s: 4013 rss: 85Mb L: 26/40 MS: 1 EraseBytes-
#32238	REDUCE cov: 176 ft: 948 corp: 181/2243b lim: 43 exec/s: 4029 rss: 85Mb L: 25/40 MS: 1 EraseBytes-
#32575	NEW    cov: 176 ft: 950 corp: 182/2286b lim: 43 exec/s: 4071 rss: 85Mb L: 43/43 MS: 2 ChangeByte-CopyPart-
#32611	NEW    cov: 176 ft: 953 corp: 183/2326b lim: 43 exec/s: 4076 rss: 85Mb L: 40/43 MS: 1 ChangeByte-
#32625	REDUCE cov: 176 ft: 953 corp: 183/2325b lim: 43 exec/s: 4078 rss: 85Mb L: 4/43 MS: 4 ChangeBit-EraseBytes-PersAutoDict-EraseBytes- DE: "\001\000\000\000"-
#32753	REDUCE cov: 176 ft: 953 corp: 183/2324b lim: 43 exec/s: 4094 rss: 85Mb L: 37/43 MS: 3 CopyPart-ChangeByte-EraseBytes-
#32768	pulse  cov: 176 ft: 953 corp: 183/2324b lim: 43 exec/s: 4096 rss: 85Mb
#33069	REDUCE cov: 176 ft: 953 corp: 183/2322b lim: 43 exec/s: 4133 rss: 85Mb L: 15/43 MS: 1 EraseBytes-
#33235	NEW    cov: 176 ft: 955 corp: 184/2363b lim: 43 exec/s: 3692 rss: 85Mb L: 41/43 MS: 1 CrossOver-
#33301	REDUCE cov: 176 ft: 955 corp: 184/2358b lim: 43 exec/s: 3700 rss: 85Mb L: 8/43 MS: 1 EraseBytes-
#33357	NEW    cov: 176 ft: 956 corp: 185/2399b lim: 43 exec/s: 3706 rss: 85Mb L: 41/43 MS: 1 CopyPart-
#33710	REDUCE cov: 176 ft: 956 corp: 185/2397b lim: 43 exec/s: 3745 rss: 85Mb L: 15/43 MS: 3 CopyPart-CopyPart-EraseBytes-
#34388	REDUCE cov: 176 ft: 958 corp: 186/2442b lim: 48 exec/s: 3820 rss: 85Mb L: 45/45 MS: 3 InsertRepeatedBytes-ChangeASCIIInt-CopyPart-
#34422	REDUCE cov: 176 ft: 958 corp: 186/2437b lim: 48 exec/s: 3824 rss: 85Mb L: 10/45 MS: 4 ShuffleBytes-InsertByte-EraseBytes-InsertByte-
#34594	NEW    cov: 176 ft: 960 corp: 187/2483b lim: 48 exec/s: 3843 rss: 85Mb L: 46/46 MS: 2 PersAutoDict-CopyPart- DE: "?\000\000\000\000\000\000\000"-
#34625	REDUCE cov: 176 ft: 961 corp: 188/2522b lim: 48 exec/s: 3847 rss: 85Mb L: 39/46 MS: 1 CopyPart-
#35381	NEW    cov: 176 ft: 964 corp: 189/2567b lim: 53 exec/s: 3538 rss: 85Mb L: 45/46 MS: 1 InsertRepeatedBytes-
#35392	REDUCE cov: 176 ft: 964 corp: 189/2566b lim: 53 exec/s: 3539 rss: 85Mb L: 14/46 MS: 1 EraseBytes-
#35505	REDUCE cov: 176 ft: 964 corp: 189/2562b lim: 53 exec/s: 3550 rss: 85Mb L: 9/46 MS: 3 ChangeByte-EraseBytes-ChangeBinInt-
#35890	DONE   cov: 176 ft: 964 corp: 189/2562b lim: 53 exec/s: 3262 rss: 85Mb
###### Recommended dictionary. ######
"\000\000\000\000" # Uses: 661
"\377\377" # Uses: 825
"\377\377\377\377" # Uses: 511
"\000\000" # Uses: 525
"?\000\000\000\000\000\000\000" # Uses: 254
"\001\000\000\000" # Uses: 235
###### End of recommended dictionary. ######
Done 35890 runs in 11 second(s)
