
============================================================
Evaluating: /root/Tokenizer.scala
============================================================

✓ File exists
✓ Source loaded (12162 characters)

--- Checking Compilation ---
✓ Compilation successful

--- Running Unit Tests ---
[info] welcome to sbt 1.12.1 (Ubuntu Java 21.0.9)
[info] loading project definition from /root/localtest/project
[info] loading settings for project root from build.sbt...
[info] set current project to scala-tokenizer (in build file:/root/localtest/)
[info] compiling 1 Scala source to /root/localtest/target/scala-2.13/test-classes ...
[error] /root/localtest/src/test/scala/tokenizer/Tokenizertest.scala:19:15: value STRING is not a member of object tokenizer.TokenType
[error]     TokenType.STRING.value shouldBe "string"
[error]               ^
[error] /root/localtest/src/test/scala/tokenizer/Tokenizertest.scala:20:15: value NUMERIC is not a member of object tokenizer.TokenType
[error]     TokenType.NUMERIC.value shouldBe "numeric"
[error]               ^
[error] /root/localtest/src/test/scala/tokenizer/Tokenizertest.scala:21:15: value TEMPORAL is not a member of object tokenizer.TokenType
[error]     TokenType.TEMPORAL.value shouldBe "temporal"
[error]               ^
[error] /root/localtest/src/test/scala/tokenizer/Tokenizertest.scala:22:15: value STRUCTURED is not a member of object tokenizer.TokenType
[error]     TokenType.STRUCTURED.value shouldBe "structured"
[error]               ^
[error] /root/localtest/src/test/scala/tokenizer/Tokenizertest.scala:23:15: value BINARY is not a member of object tokenizer.TokenType
[error]     TokenType.BINARY.value shouldBe "binary"
[error]               ^
[error] /root/localtest/src/test/scala/tokenizer/Tokenizertest.scala:24:15: value NULL is not a member of object tokenizer.TokenType
[error]     TokenType.NULL.value shouldBe "null"
[error]               ^
[error] /root/localtest/src/test/scala/tokenizer/Tokenizertest.scala:33:41: value STRING is not a member of object tokenizer.TokenType
[error]     val token = Token("test", TokenType.STRING)
[error]                                         ^
[error] /root/localtest/src/test/scala/tokenizer/Tokenizertest.scala:50:15: value size is not a member of tokenizer.TokenContainer[String]
[error]     container.size shouldBe 3
[error]               ^
[error] /root/localtest/src/test/scala/tokenizer/Tokenizertest.scala:60:27: value tokenizeNull is not a member of tokenizer.UniversalTokenizer
[error]     val token = tokenizer.tokenizeNull
[error]                           ^
[error] /root/localtest/src/test/scala/tokenizer/Tokenizertest.scala:71:40: value TEMPORAL is not a member of object tokenizer.TokenType
[error]     token.tokenType shouldBe TokenType.TEMPORAL
[error]                                        ^
[error] /root/localtest/src/test/scala/tokenizer/Tokenizertest.scala:86:43: value STRING is not a member of object tokenizer.TokenType
[error]       Some(Token(s.toUpperCase, TokenType.STRING))
[error]                                           ^
[error] /root/localtest/src/test/scala/tokenizer/Tokenizertest.scala:103:12: value get is not a member of tokenizer.TokenFunctor[Int]
[error]     mapped.get shouldBe 10
[error]            ^
[error] /root/localtest/src/test/scala/tokenizer/Tokenizertest.scala:116:40: value STRUCTURED is not a member of object tokenizer.TokenType
[error]     token.tokenType shouldBe TokenType.STRUCTURED
[error]                                        ^
[error] /root/localtest/src/test/scala/tokenizer/Tokenizertest.scala:143:21: not found: value TokenizerBuilder
[error]     val tokenizer = TokenizerBuilder[String]()
[error]                     ^
[error] 14 errors found
[error] (Test / compileIncremental) Compilation failed
[error] Total time: 18 s, completed Jan 29, 2026, 9:55:31 AM

Tests passed: 0/0

--- Evaluating Code Quality Criteria ---


FUNCTIONALITY_PRESERVATION:
----------------------------------------
Score: 5/5 (EXCELLENT)
  Found 9/9 required components
  Found 4/4 key methods

SCALA_CONVENTIONS:
----------------------------------------
Score: 5/5 (EXCELLENT)
  ✓ camelCase_methods: 45 occurrences
  ✓ PascalCase_classes: 30 occurrences
  ✓ immutable_val: 34 occurrences
  ✓ case_class: 1 occurrences
  ✓ sealed_trait: 1 occurrences
  Suggestions:
    → Consider refactoring: Null usage (prefer Option)
    → Consider refactoring: Unsafe casting with asInstanceOf
    → Consider refactoring: Explicit return statement (often unnecessary in Scala)

READABILITY:
----------------------------------------
Score: 5/5 (EXCELLENT)
  Total lines: 404
  Scaladoc blocks: 0
  Single-line comments: 36
  Type annotations: 107

PARADIGM_MATCH:
----------------------------------------
Score: 4/5 (GOOD)
  ✓ map: 5 occurrences
  ✓ flatMap: 1 occurrences
  ✓ higher_order_func: 23 occurrences
  ✓ immutable_collections: 17 occurrences
  Immutability ratio (val/total): 87.18%
  Suggestions:
    → Consider reducing mutable variables (5 vars found)
    → Consider using Option instead of null

APPROPRIATE_ABSTRACTIONS:
----------------------------------------
Score: 5/5 (EXCELLENT)
  Traits defined: 7
  ✓ Sealed hierarchies: 1
  Generic type usages: 68
  Objects/Companions: 3
  ✓ Variance annotations: 2
  Suggestions:
    → Consider using type classes for polymorphism

============================================================
EVALUATION SUMMARY
============================================================
Overall Score: 24/25 (96.0%)
Status: ❌ NEEDS IMPROVEMENT
============================================================

