
============================================================
Evaluating: /root/Tokenizer.scala
============================================================

✓ File exists
✓ Source loaded (3644 characters)

--- Checking Compilation ---
❌ Compilation failed
  - java.io.IOException: User limit of inotify instances reached or too many open files
  - Use 'last' for the full log.

--- Running Unit Tests ---
⚠ Skipping tests (sbt not available or compilation failed)

--- Evaluating Code Quality Criteria ---


FUNCTIONALITY_PRESERVATION:
----------------------------------------
Score: 3/5 (ADEQUATE)
  Found 5/9 required components
  Missing components: TemporalTokenizer, UniversalTokenizer, WhitespaceTokenizer, TokenizerBuilder
  Found 3/4 key methods
  Suggestions:
    → Implement missing components: TemporalTokenizer, UniversalTokenizer, WhitespaceTokenizer, TokenizerBuilder

SCALA_CONVENTIONS:
----------------------------------------
Score: 5/5 (EXCELLENT)
  ✓ camelCase_methods: 11 occurrences
  ✓ PascalCase_classes: 13 occurrences
  ✓ immutable_val: 3 occurrences
  ✓ case_class: 1 occurrences
  ✓ sealed_trait: 1 occurrences

READABILITY:
----------------------------------------
Score: 5/5 (EXCELLENT)
  Total lines: 109
  Scaladoc blocks: 0
  Single-line comments: 22
  Type annotations: 23

PARADIGM_MATCH:
----------------------------------------
Score: 5/5 (EXCELLENT)
  ✓ map: 2 occurrences
  ✓ higher_order_func: 2 occurrences
  ✓ immutable_collections: 2 occurrences
  Immutability ratio (val/total): 100.00%
  Option usage: 1, null usage: 0

APPROPRIATE_ABSTRACTIONS:
----------------------------------------
Score: 3/5 (ADEQUATE)
  Traits defined: 3
  ✓ Sealed hierarchies: 1
  Generic type usages: 10
  Objects/Companions: 1
  Encapsulation modifiers: 0
  Suggestions:
    → Consider using type classes for polymorphism

============================================================
EVALUATION SUMMARY
============================================================
Overall Score: 21/25 (84.0%)
Status: ❌ NEEDS IMPROVEMENT
============================================================

