INFO: Using built-in libfuzzer
WARNING: Failed to find function "__sanitizer_acquire_crash_state".
WARNING: Failed to find function "__sanitizer_print_stack_trace".
WARNING: Failed to find function "__sanitizer_set_death_callback".
INFO: Running with entropic power schedule (0xFF, 100).
INFO: Seed: 3387581486
INFO: A corpus is not provided, starting from an empty corpus
#2	pulse  exec/s: 0 rss: 674Mb
#2	INITED exec/s: 0 rss: 674Mb
WARNING: no interesting inputs were found so far. Is the code instrumented for coverage?
This may also happen if the target rejected all inputs we tried so far
#4	pulse  corp: 1/1b lim: 4 exec/s: 0 rss: 674Mb
#8	pulse  corp: 1/1b lim: 4 exec/s: 0 rss: 674Mb
#16	pulse  corp: 1/1b lim: 4 exec/s: 1 rss: 674Mb
#32	pulse  corp: 1/1b lim: 4 exec/s: 3 rss: 674Mb
#64	pulse  corp: 1/1b lim: 4 exec/s: 6 rss: 674Mb
#128	pulse  corp: 1/1b lim: 4 exec/s: 12 rss: 674Mb
#256	pulse  corp: 1/1b lim: 6 exec/s: 25 rss: 674Mb
#512	pulse  corp: 1/1b lim: 8 exec/s: 51 rss: 674Mb
#1024	pulse  corp: 1/1b lim: 14 exec/s: 102 rss: 674Mb
#2048	pulse  corp: 1/1b lim: 21 exec/s: 204 rss: 674Mb
#4096	pulse  corp: 1/1b lim: 43 exec/s: 409 rss: 674Mb
#8192	pulse  corp: 1/1b lim: 80 exec/s: 819 rss: 674Mb
#16384	pulse  corp: 1/1b lim: 163 exec/s: 1638 rss: 674Mb
#32768	pulse  corp: 1/1b lim: 256 exec/s: 3276 rss: 674Mb
#65536	pulse  corp: 1/1b lim: 256 exec/s: 6553 rss: 674Mb
#131072	pulse  corp: 1/1b lim: 256 exec/s: 13107 rss: 674Mb
#207617	DONE   corp: 1/1b lim: 256 exec/s: 18874 rss: 674Mb
Done 207617 runs in 11 second(s)
