
============================================================
Evaluating: /root/Tokenizer.scala
============================================================

✓ File exists
✓ Source loaded (11959 characters)

--- Checking Compilation ---
❌ Compilation failed
  - /root/localtest/src/main/scala/tokenizer/Tokenizer.scala:137:26: Missing conversion operator in '%'; use %% for literal %, %n for newline
  - case f: Float => f"%.${precision}f".format(f)
  - ^
  - /root/localtest/src/main/scala/tokenizer/Tokenizer.scala:138:27: Missing conversion operator in '%'; use %% for literal %, %n for newline
  - case d: Double => f"%.${precision}f".format(d)

--- Running Unit Tests ---
⚠ Skipping tests (sbt not available or compilation failed)

--- Evaluating Code Quality Criteria ---


FUNCTIONALITY_PRESERVATION:
----------------------------------------
Score: 4/5 (GOOD)
  Found 9/9 required components
  Found 3/4 key methods

SCALA_CONVENTIONS:
----------------------------------------
Score: 5/5 (EXCELLENT)
  ✓ camelCase_methods: 45 occurrences
  ✓ PascalCase_classes: 29 occurrences
  ✓ immutable_val: 39 occurrences
  ✓ case_class: 1 occurrences
  ✓ sealed_trait: 1 occurrences
  Suggestions:
    → Consider refactoring: Null usage (prefer Option)
    → Consider refactoring: Explicit return statement (often unnecessary in Scala)

READABILITY:
----------------------------------------
Score: 5/5 (EXCELLENT)
  Total lines: 409
  Scaladoc blocks: 0
  Single-line comments: 36
  ⚠ Lines > 120 chars: 1
  Type annotations: 107
  Suggestions:
    → Consider breaking long lines for readability

PARADIGM_MATCH:
----------------------------------------
Score: 4/5 (GOOD)
  ✓ map: 6 occurrences
  ✓ flatMap: 1 occurrences
  ✓ higher_order_func: 17 occurrences
  ✓ immutable_collections: 13 occurrences
  Immutability ratio (val/total): 84.78%
  Suggestions:
    → Consider reducing mutable variables (7 vars found)
    → Consider using Option instead of null

APPROPRIATE_ABSTRACTIONS:
----------------------------------------
Score: 5/5 (EXCELLENT)
  Traits defined: 4
  ✓ Sealed hierarchies: 1
  Generic type usages: 52
  Objects/Companions: 3
  ✓ Variance annotations: 3
  Suggestions:
    → Consider using type classes for polymorphism

============================================================
EVALUATION SUMMARY
============================================================
Overall Score: 23/25 (92.0%)
Status: ❌ NEEDS IMPROVEMENT
============================================================

