INFO: Instrumenting IPython
INFO: Instrumenting IPython.core
INFO: Instrumenting IPython.core.getipython
INFO: Instrumenting IPython.core.release
INFO: Instrumenting IPython.core.application
INFO: Instrumenting traitlets
INFO: Instrumenting __future__
INFO: Instrumenting traitlets.traitlets
INFO: Instrumenting traitlets.utils
INFO: Instrumenting traitlets.utils.bunch
INFO: Instrumenting traitlets.utils.descriptions
INFO: Instrumenting traitlets.utils.getargspec
INFO: Instrumenting traitlets.utils.importstring
INFO: Instrumenting traitlets.utils.sentinel
INFO: Instrumenting traitlets.utils.warnings
INFO: Instrumenting traitlets._version
INFO: Instrumenting traitlets.utils.decorators
INFO: Instrumenting traitlets.config
INFO: Instrumenting traitlets.config.application
INFO: Instrumenting json
INFO: Instrumenting json.decoder
INFO: Instrumenting json.scanner
INFO: Instrumenting json.encoder
INFO: Instrumenting pprint
INFO: Instrumenting logging.config
INFO: Instrumenting logging.handlers
INFO: Instrumenting socket
INFO: Instrumenting selectors
INFO: Instrumenting pickle
INFO: Instrumenting struct
INFO: Instrumenting _compat_pickle
INFO: Instrumenting queue
INFO: Instrumenting heapq
INFO: Instrumenting socketserver
INFO: Instrumenting traitlets.config.configurable
INFO: Instrumenting traitlets.utils.text
INFO: Instrumenting traitlets.config.loader
INFO: Instrumenting argparse
INFO: Instrumenting gettext
INFO: Instrumenting traitlets.utils.nested_update
INFO: Instrumenting IPython.core.crashhandler
INFO: Instrumenting IPython.core.ultratb
INFO: Instrumenting stack_data
INFO: Instrumenting stack_data.core
INFO: Instrumenting html
INFO: Instrumenting html.entities
INFO: Instrumenting executing
INFO: Instrumenting executing.executing
INFO: Instrumenting executing._utils
INFO: Instrumenting executing._position_node_finder
INFO: Instrumenting executing._exceptions
INFO: Instrumenting executing._pytest_utils
INFO: Instrumenting executing.version
INFO: Instrumenting asttokens
INFO: Instrumenting asttokens.line_numbers
INFO: Instrumenting asttokens.asttokens
INFO: Instrumenting asttokens.util
INFO: Instrumenting pure_eval
INFO: Instrumenting pure_eval.core
INFO: Instrumenting pure_eval.my_getattr_static
INFO: Instrumenting pure_eval.utils
INFO: Instrumenting datetime
INFO: Instrumenting decimal
INFO: Instrumenting numbers
INFO: Instrumenting fractions
INFO: Instrumenting pure_eval.version
INFO: Instrumenting stack_data.utils
INFO: Instrumenting stack_data.formatting
INFO: Instrumenting stack_data.serializing
INFO: Instrumenting stack_data.version
INFO: Instrumenting pygments
INFO: Instrumenting pygments.formatters
INFO: Instrumenting pygments.formatters._mapping
INFO: Instrumenting pygments.plugin
INFO: Instrumenting importlib.metadata
INFO: Instrumenting csv
INFO: Instrumenting email
INFO: Instrumenting zipfile
INFO: Instrumenting importlib.util
WARNING: It looks like this module is imported by a custom loader. Atheris has experimental support for this. However, it may be incompatible with certain libraries. If you experience unusual errors or poor coverage collection, try atheris.instrument_all() instead, add enable_loader_override=False to instrument_imports(), or file an issue on GitHub.
INFO: Instrumenting importlib.metadata._adapters
INFO: Instrumenting email.message
INFO: Instrumenting quopri
INFO: Instrumenting email.utils
INFO: Instrumenting email._parseaddr
INFO: Instrumenting calendar
INFO: Instrumenting locale
INFO: Instrumenting _locale
INFO: Instrumenting email.charset
INFO: Instrumenting email.base64mime
INFO: Instrumenting base64
INFO: Instrumenting email.quoprimime
INFO: Instrumenting email.errors
INFO: Instrumenting email.encoders
INFO: Instrumenting email._policybase
INFO: Instrumenting email.header
INFO: Instrumenting email._encoded_words
INFO: Instrumenting email.iterators
INFO: Instrumenting importlib.metadata._text
INFO: Instrumenting importlib.metadata._functools
INFO: Instrumenting importlib.metadata._meta
INFO: Instrumenting importlib.metadata._collections
INFO: Instrumenting importlib.metadata._itertools
INFO: Instrumenting pygments.util
INFO: Instrumenting pygments.formatters.terminal256
INFO: Instrumenting pygments.formatter
INFO: Instrumenting pygments.styles
INFO: Instrumenting pygments.styles._mapping
INFO: Instrumenting pygments.console
INFO: Instrumenting pygments.style
INFO: Instrumenting pygments.token
INFO: Instrumenting IPython.utils
INFO: Instrumenting IPython.utils.path
INFO: Instrumenting glob
INFO: Instrumenting IPython.utils.process
INFO: Instrumenting IPython.utils._process_posix
INFO: Instrumenting subprocess
INFO: Instrumenting signal
INFO: Instrumenting IPython.utils._process_common
INFO: Instrumenting shlex
INFO: Instrumenting IPython.utils.py3compat
INFO: Instrumenting platform
INFO: Instrumenting IPython.utils.encoding
INFO: Instrumenting IPython.utils.PyColorize
INFO: Instrumenting pygments.styles.monokai
INFO: Instrumenting pygments.styles.default
INFO: Instrumenting pygments.styles.pastie
INFO: Instrumenting pygments.styles.gruvbox
INFO: Instrumenting IPython.utils.terminal
INFO: Instrumenting IPython.core.display_trap
INFO: Instrumenting IPython.core.doctb
INFO: Instrumenting IPython.core.tbtools
INFO: Instrumenting pydoc
INFO: Instrumenting pkgutil
INFO: Instrumenting sysconfig
INFO: Instrumenting _sysconfigdata__linux_x86_64-linux-gnu
INFO: Instrumenting IPython.core.debugger
INFO: Instrumenting IPython.core.debugger_backport
INFO: Instrumenting codeop
INFO: Instrumenting pdb
INFO: Instrumenting cmd
INFO: Instrumenting bdb
INFO: Instrumenting code
INFO: Instrumenting IPython.utils.sysinfo
INFO: Instrumenting IPython.utils._sysinfo
INFO: Instrumenting IPython.core.profiledir
INFO: Instrumenting IPython.paths
INFO: Instrumenting IPython.utils.importstring
INFO: Instrumenting IPython.terminal
INFO: Instrumenting IPython.terminal.embed
INFO: Instrumenting IPython.core.compilerop
INFO: Instrumenting hashlib
INFO: Instrumenting IPython.core.magic_arguments
INFO: Instrumenting IPython.core.error
INFO: Instrumenting IPython.utils.decorators
INFO: Instrumenting IPython.utils.docs
INFO: Instrumenting IPython.utils.text
INFO: Instrumenting IPython.core.magic
INFO: Instrumenting getopt
INFO: Instrumenting IPython.core.oinspect
INFO: Instrumenting IPython.core.page
INFO: Instrumenting IPython.display
INFO: Instrumenting IPython.core.display_functions
INFO: Instrumenting IPython.core.display
INFO: Instrumenting mimetypes
INFO: Instrumenting IPython.testing
INFO: Instrumenting IPython.testing.skipdoctest
INFO: Instrumenting IPython.lib
INFO: Instrumenting IPython.lib.display
INFO: Instrumenting IPython.utils.data
INFO: Instrumenting IPython.lib.pretty
INFO: Instrumenting IPython.utils.openpy
INFO: Instrumenting IPython.utils.dir2
INFO: Instrumenting IPython.utils.wildcard
INFO: Instrumenting pygments.lexers
INFO: Instrumenting pygments.lexers._mapping
INFO: Instrumenting pygments.modeline
INFO: Instrumenting pygments.lexers.python
INFO: Instrumenting pygments.lexer
INFO: Instrumenting pygments.filter
INFO: Instrumenting pygments.filters
INFO: Instrumenting pygments.regexopt
INFO: Instrumenting pygments.unistring
INFO: Instrumenting pygments.formatters.html
INFO: Instrumenting IPython.core.inputtransformer2
INFO: Instrumenting IPython.utils.tokenutil
INFO: Instrumenting IPython.utils.ipstruct
INFO: Instrumenting IPython.core.interactiveshell
INFO: Instrumenting runpy
INFO: Instrumenting IPython.external
INFO: Instrumenting IPython.external.pickleshare
INFO: Instrumenting IPython.core.hooks
INFO: Instrumenting IPython.core.prefilter
INFO: Instrumenting IPython.core.autocall
INFO: Instrumenting IPython.core.macro
INFO: Instrumenting IPython.core.splitinput
INFO: Instrumenting IPython.core.alias
INFO: Instrumenting IPython.core.builtin_trap
INFO: Instrumenting IPython.core.displayhook
INFO: Instrumenting IPython.core.history
INFO: Instrumenting decorator
INFO: Instrumenting sqlite3
INFO: Instrumenting sqlite3.dbapi2
INFO: Instrumenting IPython.core.displaypub
INFO: Instrumenting IPython.core.events
INFO: Instrumenting IPython.core.extensions
INFO: Instrumenting IPython.core.formatters
INFO: Instrumenting IPython.utils.sentinel
INFO: Instrumenting IPython.core.logger
INFO: Instrumenting IPython.core.payload
INFO: Instrumenting IPython.core.tips
INFO: Instrumenting IPython.core.usage
INFO: Instrumenting IPython.utils.io
INFO: Instrumenting IPython.utils.capture
INFO: Instrumenting IPython.utils.strdispatch
INFO: Instrumenting IPython.utils.syspathcontext
INFO: Instrumenting IPython.core.async_helpers
INFO: Instrumenting asyncio
INFO: Instrumenting asyncio.base_events
INFO: Instrumenting concurrent
INFO: Instrumenting concurrent.futures
INFO: Instrumenting concurrent.futures._base
INFO: Instrumenting ssl
INFO: Instrumenting asyncio.constants
INFO: Instrumenting asyncio.coroutines
INFO: Instrumenting asyncio.events
INFO: Instrumenting contextvars
INFO: Instrumenting asyncio.format_helpers
INFO: Instrumenting asyncio.base_futures
INFO: Instrumenting asyncio.exceptions
INFO: Instrumenting asyncio.base_tasks
INFO: Instrumenting asyncio.futures
INFO: Instrumenting asyncio.protocols
INFO: Instrumenting asyncio.sslproto
INFO: Instrumenting asyncio.transports
INFO: Instrumenting asyncio.log
INFO: Instrumenting asyncio.staggered
INFO: Instrumenting asyncio.locks
INFO: Instrumenting asyncio.mixins
INFO: Instrumenting asyncio.tasks
INFO: Instrumenting asyncio.trsock
INFO: Instrumenting asyncio.runners
INFO: Instrumenting asyncio.queues
INFO: Instrumenting asyncio.streams
INFO: Instrumenting asyncio.subprocess
INFO: Instrumenting asyncio.taskgroups
INFO: Instrumenting asyncio.timeouts
INFO: Instrumenting asyncio.threads
INFO: Instrumenting asyncio.unix_events
INFO: Instrumenting asyncio.base_subprocess
INFO: Instrumenting asyncio.selector_events
INFO: Instrumenting IPython.terminal.interactiveshell
INFO: Instrumenting prompt_toolkit
INFO: Instrumenting prompt_toolkit.application
INFO: Instrumenting prompt_toolkit.application.application
INFO: Instrumenting prompt_toolkit.buffer
INFO: Instrumenting prompt_toolkit.application.current
INFO: Instrumenting prompt_toolkit.application.run_in_terminal
INFO: Instrumenting prompt_toolkit.eventloop
INFO: Instrumenting prompt_toolkit.eventloop.async_generator
INFO: Instrumenting prompt_toolkit.eventloop.utils
INFO: Instrumenting prompt_toolkit.eventloop.inputhook
INFO: Instrumenting prompt_toolkit.auto_suggest
INFO: Instrumenting prompt_toolkit.document
INFO: Instrumenting prompt_toolkit.clipboard
INFO: Instrumenting prompt_toolkit.clipboard.base
INFO: Instrumenting prompt_toolkit.selection
INFO: Instrumenting prompt_toolkit.clipboard.in_memory
INFO: Instrumenting prompt_toolkit.filters
INFO: Instrumenting prompt_toolkit.filters.app
INFO: Instrumenting prompt_toolkit.cache
INFO: Instrumenting prompt_toolkit.enums
INFO: Instrumenting prompt_toolkit.filters.base
INFO: Instrumenting prompt_toolkit.filters.cli
INFO: Instrumenting prompt_toolkit.filters.utils
INFO: Instrumenting prompt_toolkit.completion
INFO: Instrumenting prompt_toolkit.completion.base
INFO: Instrumenting prompt_toolkit.formatted_text
INFO: Instrumenting prompt_toolkit.formatted_text.ansi
INFO: Instrumenting prompt_toolkit.output
INFO: Instrumenting prompt_toolkit.output.base
INFO: Instrumenting prompt_toolkit.cursor_shapes
INFO: Instrumenting prompt_toolkit.key_binding
INFO: Instrumenting prompt_toolkit.key_binding.key_bindings
INFO: Instrumenting prompt_toolkit.keys
INFO: Instrumenting prompt_toolkit.key_binding.key_processor
INFO: Instrumenting prompt_toolkit.utils
INFO: Instrumenting wcwidth
INFO: Instrumenting wcwidth.wcwidth
INFO: Instrumenting wcwidth.bisearch
INFO: Instrumenting wcwidth.grapheme
INFO: Instrumenting wcwidth.table_grapheme
INFO: Instrumenting wcwidth.sgr_state
INFO: Instrumenting wcwidth.table_vs16
INFO: Instrumenting wcwidth.table_wide
INFO: Instrumenting wcwidth.table_zero
INFO: Instrumenting wcwidth.control_codes
INFO: Instrumenting wcwidth.table_ambiguous
INFO: Instrumenting wcwidth.escape_sequences
INFO: Instrumenting wcwidth.unicode_versions
INFO: Instrumenting wcwidth.textwrap
INFO: Instrumenting secrets
INFO: Instrumenting hmac
INFO: Instrumenting prompt_toolkit.key_binding.vi_state
INFO: Instrumenting prompt_toolkit.data_structures
INFO: Instrumenting prompt_toolkit.styles
INFO: Instrumenting prompt_toolkit.styles.base
INFO: Instrumenting prompt_toolkit.styles.defaults
INFO: Instrumenting prompt_toolkit.styles.named_colors
INFO: Instrumenting prompt_toolkit.styles.style
INFO: Instrumenting prompt_toolkit.styles.pygments
INFO: Instrumenting prompt_toolkit.styles.style_transformation
INFO: Instrumenting colorsys
INFO: Instrumenting prompt_toolkit.output.color_depth
INFO: Instrumenting prompt_toolkit.output.defaults
INFO: Instrumenting prompt_toolkit.output.plain_text
INFO: Instrumenting prompt_toolkit.output.flush_stdout
INFO: Instrumenting prompt_toolkit.output.vt100
INFO: Instrumenting prompt_toolkit.formatted_text.base
INFO: Instrumenting prompt_toolkit.mouse_events
INFO: Instrumenting prompt_toolkit.formatted_text.html
INFO: Instrumenting xml
INFO: Instrumenting xml.dom
INFO: Instrumenting xml.dom.domreg
INFO: Instrumenting xml.dom.minidom
INFO: Instrumenting xml.dom.minicompat
INFO: Instrumenting xml.dom.xmlbuilder
INFO: Instrumenting xml.dom.NodeFilter
INFO: Instrumenting prompt_toolkit.formatted_text.pygments
INFO: Instrumenting prompt_toolkit.formatted_text.utils
INFO: Instrumenting prompt_toolkit.completion.deduplicate
INFO: Instrumenting prompt_toolkit.completion.filesystem
INFO: Instrumenting prompt_toolkit.completion.fuzzy_completer
INFO: Instrumenting prompt_toolkit.completion.word_completer
INFO: Instrumenting prompt_toolkit.completion.nested
INFO: Instrumenting prompt_toolkit.history
INFO: Instrumenting prompt_toolkit.search
INFO: Instrumenting prompt_toolkit.validation
INFO: Instrumenting prompt_toolkit.input
INFO: Instrumenting prompt_toolkit.input.base
INFO: Instrumenting prompt_toolkit.input.defaults
INFO: Instrumenting prompt_toolkit.input.typeahead
INFO: Instrumenting prompt_toolkit.key_binding.bindings
INFO: Instrumenting prompt_toolkit.key_binding.bindings.page_navigation
INFO: Instrumenting prompt_toolkit.key_binding.bindings.scroll
INFO: Instrumenting prompt_toolkit.key_binding.defaults
INFO: Instrumenting prompt_toolkit.key_binding.bindings.basic
INFO: Instrumenting prompt_toolkit.key_binding.bindings.named_commands
INFO: Instrumenting prompt_toolkit.layout
INFO: Instrumenting prompt_toolkit.layout.containers
INFO: Instrumenting prompt_toolkit.layout.controls
INFO: Instrumenting prompt_toolkit.lexers
INFO: Instrumenting prompt_toolkit.lexers.base
INFO: Instrumenting prompt_toolkit.lexers.pygments
INFO: Instrumenting prompt_toolkit.layout.processors
INFO: Instrumenting prompt_toolkit.layout.utils
INFO: Instrumenting prompt_toolkit.layout.dimension
INFO: Instrumenting prompt_toolkit.layout.margins
INFO: Instrumenting prompt_toolkit.layout.mouse_handlers
INFO: Instrumenting prompt_toolkit.layout.screen
INFO: Instrumenting prompt_toolkit.layout.layout
INFO: Instrumenting prompt_toolkit.layout.menus
INFO: Instrumenting prompt_toolkit.layout.scrollable_pane
INFO: Instrumenting prompt_toolkit.key_binding.bindings.completion
INFO: Instrumenting prompt_toolkit.key_binding.bindings.cpr
INFO: Instrumenting prompt_toolkit.key_binding.bindings.emacs
INFO: Instrumenting prompt_toolkit.key_binding.bindings.mouse
INFO: Instrumenting prompt_toolkit.key_binding.bindings.vi
INFO: Instrumenting prompt_toolkit.input.vt100_parser
INFO: Instrumenting prompt_toolkit.input.ansi_escape_sequences
INFO: Instrumenting prompt_toolkit.key_binding.digraphs
INFO: Instrumenting prompt_toolkit.key_binding.emacs_state
INFO: Instrumenting prompt_toolkit.layout.dummy
INFO: Instrumenting prompt_toolkit.renderer
INFO: Instrumenting prompt_toolkit.application.dummy
INFO: Instrumenting prompt_toolkit.shortcuts
INFO: Instrumenting prompt_toolkit.shortcuts.choice_input
INFO: Instrumenting prompt_toolkit.widgets
INFO: Instrumenting prompt_toolkit.widgets.base
INFO: Instrumenting prompt_toolkit.widgets.toolbars
INFO: Instrumenting prompt_toolkit.widgets.dialogs
INFO: Instrumenting prompt_toolkit.key_binding.bindings.focus
INFO: Instrumenting prompt_toolkit.widgets.menus
INFO: Instrumenting prompt_toolkit.shortcuts.dialogs
INFO: Instrumenting prompt_toolkit.shortcuts.progress_bar
INFO: Instrumenting prompt_toolkit.shortcuts.progress_bar.base
INFO: Instrumenting prompt_toolkit.shortcuts.progress_bar.formatters
INFO: Instrumenting xml.dom.expatbuilder
INFO: Instrumenting xml.parsers
INFO: Instrumenting xml.parsers.expat
INFO: Instrumenting prompt_toolkit.shortcuts.prompt
INFO: Instrumenting prompt_toolkit.key_binding.bindings.auto_suggest
INFO: Instrumenting prompt_toolkit.key_binding.bindings.open_in_editor
INFO: Instrumenting prompt_toolkit.shortcuts.utils
INFO: Instrumenting email.parser
INFO: Instrumenting email.feedparser
INFO: Instrumenting prompt_toolkit.patch_stdout
INFO: Instrumenting IPython.terminal.debugger
INFO: Instrumenting IPython.core.completer
INFO: Instrumenting uuid
INFO: Instrumenting IPython.core.guarded_eval
INFO: Instrumenting typing_extensions
INFO: Instrumenting IPython.core.latex_symbols
INFO: Instrumenting IPython.utils.generics
INFO: Instrumenting jedi
INFO: Instrumenting jedi.api
INFO: Instrumenting parso
INFO: Instrumenting parso.parser
INFO: Instrumenting parso.tree
INFO: Instrumenting parso.utils
INFO: Instrumenting parso.pgen2
INFO: Instrumenting parso.pgen2.generator
INFO: Instrumenting parso.pgen2.grammar_parser
INFO: Instrumenting parso.python
INFO: Instrumenting parso.python.tokenize
INFO: Instrumenting parso.python.token
INFO: Instrumenting parso.grammar
INFO: Instrumenting parso._compatibility
INFO: Instrumenting parso.python.diff
INFO: Instrumenting difflib
INFO: Instrumenting parso.python.parser
INFO: Instrumenting parso.python.tree
INFO: Instrumenting parso.python.prefix
INFO: Instrumenting parso.cache
INFO: Instrumenting parso.python.errors
INFO: Instrumenting parso.normalizer
INFO: Instrumenting parso.python.pep8
INFO: Instrumenting parso.file_io
INFO: Instrumenting jedi.parser_utils
INFO: Instrumenting jedi.debug
INFO: Instrumenting jedi.settings
INFO: Instrumenting jedi.cache
INFO: Instrumenting jedi.file_io
INFO: Instrumenting jedi.api.classes
INFO: Instrumenting jedi.inference
INFO: Instrumenting jedi.inference.imports
INFO: Instrumenting jedi.inference.sys_path
INFO: Instrumenting jedi.inference.cache
INFO: Instrumenting jedi.inference.base_value
INFO: Instrumenting jedi.inference.helpers
INFO: Instrumenting jedi.inference.utils
INFO: Instrumenting jedi.inference.compiled
INFO: Instrumenting jedi.inference.compiled.value
INFO: Instrumenting jedi.inference.filters
INFO: Instrumenting jedi.inference.flow_analysis
INFO: Instrumenting jedi.inference.recursion
INFO: Instrumenting jedi.inference.names
INFO: Instrumenting jedi.inference.docstrings
INFO: Instrumenting jedi.inference.lazy_value
INFO: Instrumenting jedi.common
INFO: Instrumenting jedi.plugins
INFO: Instrumenting jedi.inference.compiled.access
INFO: Instrumenting jedi.inference.compiled.getattr_static
INFO: Instrumenting jedi.inference.signature
INFO: Instrumenting jedi.inference.context
INFO: Instrumenting jedi.inference.analysis
INFO: Instrumenting jedi.inference.gradual
INFO: Instrumenting jedi.inference.gradual.typeshed
INFO: Instrumenting jedi.inference.gradual.stub_value
INFO: Instrumenting jedi.inference.value
INFO: Instrumenting jedi.inference.value.module
INFO: Instrumenting jedi.inference.value.klass
INFO: Instrumenting jedi.inference.arguments
INFO: Instrumenting jedi.inference.value.iterable
INFO: Instrumenting jedi.inference.value.dynamic_arrays
INFO: Instrumenting jedi.inference.value.function
INFO: Instrumenting jedi.inference.parser_cache
INFO: Instrumenting jedi.inference.gradual.generics
INFO: Instrumenting jedi.inference.value.instance
INFO: Instrumenting jedi.inference.gradual.typing
INFO: Instrumenting jedi.inference.gradual.base
INFO: Instrumenting jedi.inference.gradual.type_var
INFO: Instrumenting jedi.inference.compiled.subprocess
INFO: Instrumenting jedi._compatibility
INFO: Instrumenting jedi.inference.compiled.subprocess.functions
INFO: Instrumenting jedi.api.exceptions
INFO: Instrumenting jedi.inference.syntax_tree
INFO: Instrumenting jedi.inference.gradual.annotation
INFO: Instrumenting jedi.inference.param
INFO: Instrumenting jedi.inference.value.decorator
INFO: Instrumenting jedi.inference.compiled.mixed
INFO: Instrumenting jedi.inference.gradual.conversion
INFO: Instrumenting jedi.api.keywords
INFO: Instrumenting pydoc_data
INFO: Instrumenting pydoc_data.topics
INFO: Instrumenting jedi.api.completion_cache
INFO: Instrumenting jedi.api.helpers
INFO: Instrumenting jedi.api.interpreter
INFO: Instrumenting jedi.api.completion
INFO: Instrumenting jedi.api.strings
INFO: Instrumenting jedi.api.file_name
INFO: Instrumenting jedi.inference.docstring_utils
INFO: Instrumenting jedi.api.environment
INFO: Instrumenting filecmp
INFO: Instrumenting jedi.api.project
INFO: Instrumenting jedi.inference.references
INFO: Instrumenting jedi.api.errors
INFO: Instrumenting jedi.api.refactoring
INFO: Instrumenting jedi.inference.value.namespace
INFO: Instrumenting jedi.api.refactoring.extract
INFO: Instrumenting jedi.inference.gradual.utils
INFO: Instrumenting jedi.plugins.registry
INFO: Instrumenting jedi.plugins.stdlib
INFO: Instrumenting jedi.plugins.flask
INFO: Instrumenting jedi.plugins.pytest
INFO: Instrumenting jedi.plugins.django
INFO: Instrumenting IPython.terminal.ptutils
INFO: Instrumenting IPython.terminal.shortcuts
INFO: Instrumenting IPython.terminal.shortcuts.auto_match
INFO: Instrumenting IPython.terminal.shortcuts.auto_suggest
INFO: Instrumenting IPython.terminal.shortcuts.filters
INFO: Instrumenting concurrent.futures.thread
INFO: Instrumenting IPython.terminal.magics
INFO: Instrumenting IPython.lib.clipboard
INFO: Instrumenting IPython.terminal.pt_inputhooks
INFO: Instrumenting IPython.terminal.prompts
INFO: Instrumenting IPython.terminal.ipapp
INFO: Instrumenting IPython.core.magics
INFO: Instrumenting IPython.core.magics.auto
INFO: Instrumenting IPython.core.magics.basic
INFO: Instrumenting IPython.core.magics.code
INFO: Instrumenting urllib.request
INFO: Instrumenting http
INFO: Instrumenting http.client
INFO: Instrumenting urllib.error
INFO: Instrumenting urllib.response
INFO: Instrumenting IPython.utils.contexts
INFO: Instrumenting IPython.core.magics.config
INFO: Instrumenting IPython.core.magics.display
INFO: Instrumenting IPython.core.magics.execution
INFO: Instrumenting cProfile
INFO: Instrumenting profile
INFO: Instrumenting pstats
INFO: Instrumenting timeit
INFO: Instrumenting IPython.utils.module_paths
INFO: Instrumenting IPython.utils.timing
INFO: Instrumenting IPython.core.magics.ast_mod
INFO: Instrumenting IPython.core.magics.extension
INFO: Instrumenting IPython.core.magics.history
INFO: Instrumenting IPython.core.magics.logging
INFO: Instrumenting IPython.core.magics.namespace
INFO: Instrumenting IPython.core.magics.osm
INFO: Instrumenting IPython.core.magics.packaging
INFO: Instrumenting IPython.core.magics.pylab
INFO: Instrumenting IPython.core.magics.script
INFO: Instrumenting IPython.core.shellapp
INFO: Instrumenting IPython.extensions
INFO: Instrumenting IPython.extensions.storemagic
INFO: Instrumenting IPython.utils.frame
INFO: Using built-in libfuzzer
WARNING: Failed to find function "__sanitizer_acquire_crash_state".
WARNING: Failed to find function "__sanitizer_print_stack_trace".
WARNING: Failed to find function "__sanitizer_set_death_callback".
INFO: Running with entropic power schedule (0xFF, 100).
INFO: Seed: 3470463150
INFO: -max_len is not provided; libFuzzer will not generate inputs larger than 4096 bytes
INFO: A corpus is not provided, starting from an empty corpus
#2	INITED cov: 85 ft: 85 corp: 1/1b exec/s: 0 rss: 86Mb
#4	NEW    cov: 87 ft: 95 corp: 2/2b lim: 4 exec/s: 0 rss: 86Mb L: 1/1 MS: 2 ShuffleBytes-ChangeByte-
#6	NEW    cov: 88 ft: 106 corp: 3/4b lim: 4 exec/s: 0 rss: 86Mb L: 2/2 MS: 2 InsertByte-ChangeBinInt-
#8	NEW    cov: 112 ft: 187 corp: 4/5b lim: 4 exec/s: 0 rss: 86Mb L: 1/2 MS: 2 ChangeBit-ChangeByte-
#30	NEW    cov: 116 ft: 198 corp: 5/6b lim: 4 exec/s: 0 rss: 86Mb L: 1/2 MS: 2 ShuffleBytes-ChangeBit-
#31	NEW    cov: 126 ft: 223 corp: 6/8b lim: 4 exec/s: 0 rss: 86Mb L: 2/2 MS: 1 CrossOver-
#42	NEW    cov: 126 ft: 225 corp: 7/10b lim: 4 exec/s: 0 rss: 86Mb L: 2/2 MS: 1 CrossOver-
#43	NEW    cov: 128 ft: 227 corp: 8/12b lim: 4 exec/s: 0 rss: 86Mb L: 2/2 MS: 1 CrossOver-
#50	NEW    cov: 129 ft: 228 corp: 9/14b lim: 4 exec/s: 0 rss: 86Mb L: 2/2 MS: 2 EraseBytes-InsertByte-
#51	NEW    cov: 131 ft: 239 corp: 10/16b lim: 4 exec/s: 0 rss: 86Mb L: 2/2 MS: 1 CopyPart-
#53	NEW    cov: 131 ft: 240 corp: 11/19b lim: 4 exec/s: 0 rss: 86Mb L: 3/3 MS: 2 ChangeBinInt-InsertByte-
#62	NEW    cov: 135 ft: 248 corp: 12/23b lim: 4 exec/s: 0 rss: 86Mb L: 4/4 MS: 4 ChangeByte-ChangeBit-InsertByte-CrossOver-
#70	NEW    cov: 147 ft: 260 corp: 13/27b lim: 4 exec/s: 0 rss: 86Mb L: 4/4 MS: 3 EraseBytes-CrossOver-ChangeBit-
#73	NEW    cov: 148 ft: 271 corp: 14/30b lim: 4 exec/s: 0 rss: 86Mb L: 3/4 MS: 3 EraseBytes-CrossOver-InsertByte-
#81	NEW    cov: 150 ft: 277 corp: 15/32b lim: 4 exec/s: 0 rss: 86Mb L: 2/4 MS: 3 CopyPart-ShuffleBytes-EraseBytes-
#97	NEW    cov: 150 ft: 293 corp: 16/35b lim: 4 exec/s: 0 rss: 86Mb L: 3/4 MS: 1 CrossOver-
#123	REDUCE cov: 150 ft: 293 corp: 16/34b lim: 4 exec/s: 0 rss: 86Mb L: 2/4 MS: 1 EraseBytes-
#125	NEW    cov: 151 ft: 294 corp: 17/37b lim: 4 exec/s: 0 rss: 86Mb L: 3/4 MS: 2 ChangeBit-ChangeByte-
#139	NEW    cov: 154 ft: 299 corp: 18/41b lim: 4 exec/s: 0 rss: 86Mb L: 4/4 MS: 4 ShuffleBytes-CrossOver-CrossOver-ChangeBit-
#148	NEW    cov: 154 ft: 301 corp: 19/45b lim: 4 exec/s: 0 rss: 86Mb L: 4/4 MS: 4 CopyPart-InsertByte-CrossOver-InsertByte-
#150	NEW    cov: 155 ft: 316 corp: 20/48b lim: 4 exec/s: 0 rss: 86Mb L: 3/4 MS: 2 ChangeByte-ChangeByte-
#176	NEW    cov: 155 ft: 363 corp: 21/51b lim: 4 exec/s: 0 rss: 86Mb L: 3/4 MS: 1 CopyPart-
#187	NEW    cov: 155 ft: 364 corp: 22/55b lim: 4 exec/s: 0 rss: 86Mb L: 4/4 MS: 1 CrossOver-
#194	NEW    cov: 157 ft: 366 corp: 23/59b lim: 4 exec/s: 0 rss: 86Mb L: 4/4 MS: 2 InsertByte-CopyPart-
#200	NEW    cov: 157 ft: 370 corp: 24/61b lim: 4 exec/s: 0 rss: 86Mb L: 2/4 MS: 1 ChangeBit-
#212	NEW    cov: 157 ft: 371 corp: 25/65b lim: 4 exec/s: 0 rss: 86Mb L: 4/4 MS: 2 ChangeBinInt-ChangeBinInt-
#223	NEW    cov: 158 ft: 372 corp: 26/68b lim: 4 exec/s: 0 rss: 86Mb L: 3/4 MS: 1 InsertByte-
#226	NEW    cov: 158 ft: 373 corp: 27/72b lim: 4 exec/s: 0 rss: 86Mb L: 4/4 MS: 3 InsertByte-CopyPart-ChangeBinInt-
/app/ipython/IPython/core/inputtransformer2.py:608: UserWarning: `make_tokens_by_line` received a list of lines which do not have lineending markers ('\n', '\r', '\r\n', '\x0b', '\x0c'), behavior will be unspecified
  tokens_by_line = make_tokens_by_line(lines)
#247	NEW    cov: 159 ft: 374 corp: 28/76b lim: 4 exec/s: 0 rss: 86Mb L: 4/4 MS: 1 ChangeByte-
#273	NEW    cov: 159 ft: 375 corp: 29/80b lim: 4 exec/s: 0 rss: 86Mb L: 4/4 MS: 1 CrossOver-
#324	NEW    cov: 159 ft: 377 corp: 30/83b lim: 4 exec/s: 0 rss: 86Mb L: 3/4 MS: 1 ChangeBit-
#355	REDUCE cov: 159 ft: 377 corp: 30/82b lim: 4 exec/s: 0 rss: 86Mb L: 3/4 MS: 1 EraseBytes-
#368	REDUCE cov: 159 ft: 377 corp: 30/81b lim: 4 exec/s: 0 rss: 86Mb L: 3/4 MS: 3 CrossOver-CrossOver-CrossOver-
#399	NEW    cov: 159 ft: 378 corp: 31/84b lim: 4 exec/s: 0 rss: 86Mb L: 3/4 MS: 1 CrossOver-
#401	REDUCE cov: 159 ft: 378 corp: 31/83b lim: 4 exec/s: 0 rss: 86Mb L: 3/4 MS: 2 ChangeBit-EraseBytes-
#453	NEW    cov: 159 ft: 381 corp: 32/87b lim: 4 exec/s: 0 rss: 86Mb L: 4/4 MS: 2 CopyPart-InsertByte-
#470	NEW    cov: 159 ft: 386 corp: 33/91b lim: 4 exec/s: 0 rss: 86Mb L: 4/4 MS: 2 CrossOver-CrossOver-
#496	NEW    cov: 159 ft: 388 corp: 34/95b lim: 4 exec/s: 0 rss: 86Mb L: 4/4 MS: 1 CrossOver-
#517	NEW    cov: 160 ft: 389 corp: 35/98b lim: 4 exec/s: 0 rss: 86Mb L: 3/4 MS: 1 InsertByte-
#519	REDUCE cov: 160 ft: 389 corp: 35/97b lim: 4 exec/s: 0 rss: 86Mb L: 2/4 MS: 2 ChangeBit-EraseBytes-
#540	REDUCE cov: 160 ft: 389 corp: 35/96b lim: 4 exec/s: 0 rss: 86Mb L: 2/4 MS: 1 EraseBytes-
#553	NEW    cov: 160 ft: 390 corp: 36/98b lim: 4 exec/s: 0 rss: 86Mb L: 2/4 MS: 3 ChangeBit-ChangeBinInt-CopyPart-
#561	REDUCE cov: 160 ft: 390 corp: 36/97b lim: 4 exec/s: 0 rss: 86Mb L: 2/4 MS: 3 CopyPart-ChangeBinInt-EraseBytes-
#603	NEW    cov: 160 ft: 395 corp: 37/99b lim: 4 exec/s: 0 rss: 86Mb L: 2/4 MS: 2 ShuffleBytes-EraseBytes-
#608	REDUCE cov: 160 ft: 396 corp: 38/103b lim: 4 exec/s: 0 rss: 86Mb L: 4/4 MS: 5 CrossOver-ShuffleBytes-ChangeBit-CrossOver-CopyPart-
#610	NEW    cov: 160 ft: 397 corp: 39/107b lim: 4 exec/s: 0 rss: 86Mb L: 4/4 MS: 2 ChangeByte-CopyPart-
#637	NEW    cov: 160 ft: 440 corp: 40/111b lim: 4 exec/s: 0 rss: 86Mb L: 4/4 MS: 2 CopyPart-CopyPart-
#699	NEW    cov: 160 ft: 441 corp: 41/115b lim: 4 exec/s: 0 rss: 86Mb L: 4/4 MS: 2 ChangeByte-ShuffleBytes-
#713	NEW    cov: 160 ft: 443 corp: 42/117b lim: 4 exec/s: 0 rss: 86Mb L: 2/4 MS: 4 CrossOver-ShuffleBytes-CopyPart-CopyPart-
#719	NEW    cov: 160 ft: 453 corp: 43/121b lim: 4 exec/s: 0 rss: 86Mb L: 4/4 MS: 1 CrossOver-
#750	NEW    cov: 160 ft: 456 corp: 44/125b lim: 4 exec/s: 0 rss: 86Mb L: 4/4 MS: 1 CopyPart-
#779	NEW    cov: 160 ft: 459 corp: 45/129b lim: 4 exec/s: 0 rss: 86Mb L: 4/4 MS: 4 InsertByte-ChangeByte-CrossOver-CrossOver-
#911	REDUCE cov: 160 ft: 459 corp: 45/128b lim: 4 exec/s: 0 rss: 86Mb L: 3/4 MS: 2 CrossOver-EraseBytes-
#952	NEW    cov: 160 ft: 461 corp: 46/132b lim: 4 exec/s: 0 rss: 86Mb L: 4/4 MS: 1 ChangeBinInt-
#985	REDUCE cov: 160 ft: 461 corp: 46/131b lim: 4 exec/s: 0 rss: 86Mb L: 3/4 MS: 3 CrossOver-ShuffleBytes-EraseBytes-
#998	NEW    cov: 160 ft: 467 corp: 47/135b lim: 4 exec/s: 0 rss: 86Mb L: 4/4 MS: 3 ChangeByte-CopyPart-CrossOver-
#1006	REDUCE cov: 160 ft: 467 corp: 47/134b lim: 4 exec/s: 0 rss: 86Mb L: 1/4 MS: 3 ChangeBinInt-ChangeByte-CrossOver-
#1034	NEW    cov: 160 ft: 468 corp: 48/138b lim: 4 exec/s: 0 rss: 86Mb L: 4/4 MS: 3 ShuffleBytes-CopyPart-CrossOver-
#1035	REDUCE cov: 160 ft: 468 corp: 48/136b lim: 4 exec/s: 0 rss: 86Mb L: 2/4 MS: 1 EraseBytes-
#1133	REDUCE cov: 160 ft: 468 corp: 48/135b lim: 4 exec/s: 0 rss: 86Mb L: 2/4 MS: 3 CopyPart-ChangeByte-EraseBytes-
#1154	REDUCE cov: 160 ft: 469 corp: 49/139b lim: 4 exec/s: 0 rss: 86Mb L: 4/4 MS: 1 CopyPart-
#1155	REDUCE cov: 160 ft: 469 corp: 49/138b lim: 4 exec/s: 0 rss: 86Mb L: 1/4 MS: 1 EraseBytes-
#1157	REDUCE cov: 160 ft: 469 corp: 49/137b lim: 4 exec/s: 0 rss: 86Mb L: 1/4 MS: 2 InsertByte-CrossOver-
#1228	REDUCE cov: 160 ft: 469 corp: 49/136b lim: 4 exec/s: 0 rss: 86Mb L: 1/4 MS: 1 CrossOver-
#1353	NEW    cov: 160 ft: 471 corp: 50/140b lim: 4 exec/s: 0 rss: 86Mb L: 4/4 MS: 5 CrossOver-ShuffleBytes-CopyPart-ShuffleBytes-ChangeBit-
#1389	REDUCE cov: 160 ft: 471 corp: 50/139b lim: 4 exec/s: 0 rss: 86Mb L: 3/4 MS: 1 EraseBytes-
#1411	NEW    cov: 160 ft: 472 corp: 51/143b lim: 4 exec/s: 0 rss: 86Mb L: 4/4 MS: 2 CopyPart-CopyPart-
#1462	REDUCE cov: 160 ft: 472 corp: 51/142b lim: 4 exec/s: 0 rss: 86Mb L: 2/4 MS: 1 EraseBytes-
#1484	REDUCE cov: 160 ft: 472 corp: 51/141b lim: 4 exec/s: 0 rss: 86Mb L: 3/4 MS: 2 ShuffleBytes-EraseBytes-
#1652	REDUCE cov: 160 ft: 472 corp: 51/140b lim: 4 exec/s: 0 rss: 86Mb L: 1/4 MS: 3 ChangeBit-ShuffleBytes-EraseBytes-
#1724	REDUCE cov: 161 ft: 473 corp: 52/143b lim: 4 exec/s: 0 rss: 86Mb L: 3/4 MS: 2 ChangeBit-ChangeByte-
#1750	NEW    cov: 161 ft: 476 corp: 53/147b lim: 4 exec/s: 0 rss: 86Mb L: 4/4 MS: 1 CrossOver-
#1761	REDUCE cov: 161 ft: 476 corp: 53/146b lim: 4 exec/s: 0 rss: 86Mb L: 2/4 MS: 1 EraseBytes-
#2077	REDUCE cov: 161 ft: 476 corp: 53/145b lim: 6 exec/s: 0 rss: 86Mb L: 3/4 MS: 1 EraseBytes-
#2168	NEW    cov: 161 ft: 477 corp: 54/151b lim: 6 exec/s: 0 rss: 86Mb L: 6/6 MS: 1 CopyPart-
#2173	NEW    cov: 161 ft: 483 corp: 55/157b lim: 6 exec/s: 0 rss: 86Mb L: 6/6 MS: 5 InsertByte-CopyPart-EraseBytes-ChangeByte-CopyPart-
#2192	REDUCE cov: 161 ft: 483 corp: 55/156b lim: 6 exec/s: 0 rss: 86Mb L: 1/6 MS: 4 ChangeByte-CrossOver-CrossOver-EraseBytes-
#2194	REDUCE cov: 161 ft: 483 corp: 55/155b lim: 6 exec/s: 0 rss: 86Mb L: 3/6 MS: 2 ChangeByte-EraseBytes-
#2409	NEW    cov: 161 ft: 490 corp: 56/161b lim: 8 exec/s: 0 rss: 86Mb L: 6/6 MS: 5 CopyPart-CopyPart-CopyPart-CrossOver-ShuffleBytes-
#2431	NEW    cov: 161 ft: 512 corp: 57/167b lim: 8 exec/s: 0 rss: 86Mb L: 6/6 MS: 2 CopyPart-CopyPart-
#2433	NEW    cov: 161 ft: 514 corp: 58/172b lim: 8 exec/s: 0 rss: 86Mb L: 5/6 MS: 2 InsertByte-ShuffleBytes-
#2463	NEW    cov: 161 ft: 515 corp: 59/178b lim: 8 exec/s: 0 rss: 86Mb L: 6/6 MS: 5 ShuffleBytes-ChangeBit-ChangeByte-CrossOver-CrossOver-
#2569	REDUCE cov: 161 ft: 515 corp: 59/177b lim: 8 exec/s: 0 rss: 86Mb L: 3/6 MS: 1 EraseBytes-
#2630	NEW    cov: 161 ft: 564 corp: 60/185b lim: 8 exec/s: 0 rss: 86Mb L: 8/8 MS: 1 CrossOver-
#2667	NEW    cov: 161 ft: 568 corp: 61/193b lim: 8 exec/s: 0 rss: 86Mb L: 8/8 MS: 2 ShuffleBytes-InsertRepeatedBytes-
#2844	NEW    cov: 161 ft: 573 corp: 62/201b lim: 8 exec/s: 0 rss: 86Mb L: 8/8 MS: 2 CopyPart-CopyPart-
#2983	NEW    cov: 161 ft: 575 corp: 63/209b lim: 8 exec/s: 0 rss: 86Mb L: 8/8 MS: 4 CopyPart-ChangeBinInt-EraseBytes-CrossOver-
#3126	NEW    cov: 161 ft: 577 corp: 64/217b lim: 8 exec/s: 0 rss: 86Mb L: 8/8 MS: 3 CrossOver-CopyPart-CrossOver-
#3167	NEW    cov: 161 ft: 582 corp: 65/223b lim: 8 exec/s: 0 rss: 86Mb L: 6/8 MS: 1 CMP- DE: "\001\000"-
#3238	NEW    cov: 161 ft: 585 corp: 66/231b lim: 8 exec/s: 0 rss: 86Mb L: 8/8 MS: 1 ChangeBinInt-
#3246	NEW    cov: 161 ft: 586 corp: 67/237b lim: 8 exec/s: 0 rss: 86Mb L: 6/8 MS: 3 CrossOver-ShuffleBytes-CrossOver-
#3329	REDUCE cov: 161 ft: 586 corp: 67/236b lim: 8 exec/s: 0 rss: 86Mb L: 2/8 MS: 3 CopyPart-CopyPart-EraseBytes-
#3461	NEW    cov: 161 ft: 589 corp: 68/244b lim: 8 exec/s: 0 rss: 86Mb L: 8/8 MS: 2 PersAutoDict-CopyPart- DE: "\001\000"-
#3499	REDUCE cov: 161 ft: 589 corp: 68/243b lim: 8 exec/s: 0 rss: 86Mb L: 2/8 MS: 3 PersAutoDict-CrossOver-ChangeByte- DE: "\001\000"-
#3505	NEW    cov: 161 ft: 590 corp: 69/248b lim: 8 exec/s: 0 rss: 86Mb L: 5/8 MS: 1 CrossOver-
#3518	NEW    cov: 161 ft: 591 corp: 70/256b lim: 8 exec/s: 0 rss: 86Mb L: 8/8 MS: 3 CrossOver-PersAutoDict-CrossOver- DE: "\001\000"-
#3519	REDUCE cov: 161 ft: 591 corp: 70/255b lim: 8 exec/s: 0 rss: 86Mb L: 5/8 MS: 1 EraseBytes-
#3760	REDUCE cov: 161 ft: 591 corp: 70/254b lim: 8 exec/s: 0 rss: 86Mb L: 1/8 MS: 1 EraseBytes-
#3797	NEW    cov: 161 ft: 597 corp: 71/262b lim: 8 exec/s: 0 rss: 86Mb L: 8/8 MS: 2 CrossOver-ShuffleBytes-
#3820	REDUCE cov: 164 ft: 601 corp: 72/270b lim: 8 exec/s: 0 rss: 86Mb L: 8/8 MS: 3 InsertRepeatedBytes-ChangeBinInt-ChangeBinInt-
#3976	NEW    cov: 164 ft: 604 corp: 73/276b lim: 8 exec/s: 0 rss: 86Mb L: 6/8 MS: 1 CrossOver-
#4053	NEW    cov: 164 ft: 605 corp: 74/282b lim: 8 exec/s: 0 rss: 86Mb L: 6/8 MS: 2 EraseBytes-CopyPart-
#4285	REDUCE cov: 164 ft: 605 corp: 74/281b lim: 8 exec/s: 0 rss: 86Mb L: 7/8 MS: 2 ShuffleBytes-EraseBytes-
#4326	NEW    cov: 164 ft: 606 corp: 75/287b lim: 8 exec/s: 0 rss: 86Mb L: 6/8 MS: 1 CopyPart-
#4357	NEW    cov: 164 ft: 613 corp: 76/295b lim: 8 exec/s: 0 rss: 86Mb L: 8/8 MS: 1 PersAutoDict- DE: "\001\000"-
#4374	NEW    cov: 164 ft: 615 corp: 77/302b lim: 8 exec/s: 0 rss: 86Mb L: 7/8 MS: 2 InsertByte-ChangeBinInt-
#4401	NEW    cov: 164 ft: 617 corp: 78/308b lim: 8 exec/s: 0 rss: 86Mb L: 6/8 MS: 2 EraseBytes-PersAutoDict- DE: "\001\000"-
#4449	REDUCE cov: 164 ft: 617 corp: 78/307b lim: 8 exec/s: 0 rss: 86Mb L: 3/8 MS: 3 ChangeByte-ChangeByte-EraseBytes-
#4520	REDUCE cov: 164 ft: 617 corp: 78/306b lim: 8 exec/s: 0 rss: 86Mb L: 3/8 MS: 1 EraseBytes-
#4551	REDUCE cov: 164 ft: 617 corp: 78/305b lim: 8 exec/s: 0 rss: 86Mb L: 2/8 MS: 1 EraseBytes-
#4602	REDUCE cov: 164 ft: 617 corp: 78/304b lim: 8 exec/s: 4602 rss: 86Mb L: 1/8 MS: 1 EraseBytes-
#4650	REDUCE cov: 164 ft: 617 corp: 78/303b lim: 8 exec/s: 4650 rss: 86Mb L: 2/8 MS: 3 ShuffleBytes-InsertByte-EraseBytes-
#4712	REDUCE cov: 164 ft: 617 corp: 78/300b lim: 8 exec/s: 4712 rss: 86Mb L: 5/8 MS: 2 ShuffleBytes-EraseBytes-
#4733	REDUCE cov: 164 ft: 617 corp: 78/298b lim: 8 exec/s: 4733 rss: 86Mb L: 6/8 MS: 1 EraseBytes-
#4814	NEW    cov: 164 ft: 618 corp: 79/306b lim: 8 exec/s: 4814 rss: 86Mb L: 8/8 MS: 1 CopyPart-
#4835	REDUCE cov: 164 ft: 618 corp: 79/305b lim: 8 exec/s: 4835 rss: 86Mb L: 1/8 MS: 1 EraseBytes-
#4986	NEW    cov: 164 ft: 623 corp: 80/312b lim: 8 exec/s: 4986 rss: 86Mb L: 7/8 MS: 1 InsertByte-
#5086	NEW    cov: 167 ft: 626 corp: 81/320b lim: 8 exec/s: 5086 rss: 86Mb L: 8/8 MS: 5 InsertRepeatedBytes-CopyPart-PersAutoDict-ChangeBit-CrossOver- DE: "\001\000"-
#5109	NEW    cov: 167 ft: 627 corp: 82/328b lim: 8 exec/s: 5109 rss: 86Mb L: 8/8 MS: 3 CopyPart-CopyPart-CopyPart-
#5135	NEW    cov: 167 ft: 628 corp: 83/332b lim: 8 exec/s: 5135 rss: 86Mb L: 4/8 MS: 1 ChangeBit-
#5261	REDUCE cov: 167 ft: 628 corp: 83/331b lim: 8 exec/s: 5261 rss: 86Mb L: 2/8 MS: 1 EraseBytes-
#5307	REDUCE cov: 167 ft: 628 corp: 83/329b lim: 8 exec/s: 5307 rss: 86Mb L: 6/8 MS: 1 EraseBytes-
#5405	REDUCE cov: 167 ft: 628 corp: 83/328b lim: 8 exec/s: 5405 rss: 86Mb L: 2/8 MS: 3 CopyPart-ChangeBit-EraseBytes-
#5456	REDUCE cov: 167 ft: 629 corp: 84/332b lim: 8 exec/s: 5456 rss: 86Mb L: 4/8 MS: 1 CopyPart-
#5599	NEW    cov: 167 ft: 634 corp: 85/339b lim: 8 exec/s: 5599 rss: 86Mb L: 7/8 MS: 3 CrossOver-PersAutoDict-CrossOver- DE: "\001\000"-
#5655	REDUCE cov: 167 ft: 634 corp: 85/337b lim: 8 exec/s: 5655 rss: 86Mb L: 3/8 MS: 1 EraseBytes-
#5684	NEW    cov: 167 ft: 636 corp: 86/344b lim: 8 exec/s: 5684 rss: 86Mb L: 7/8 MS: 4 ChangeByte-InsertByte-PersAutoDict-ChangeBit- DE: "\001\000"-
#5711	REDUCE cov: 167 ft: 636 corp: 86/342b lim: 8 exec/s: 5711 rss: 86Mb L: 2/8 MS: 2 ShuffleBytes-EraseBytes-
#5743	REDUCE cov: 167 ft: 636 corp: 86/341b lim: 8 exec/s: 5743 rss: 86Mb L: 5/8 MS: 2 InsertByte-EraseBytes-
#5999	REDUCE cov: 167 ft: 636 corp: 86/340b lim: 8 exec/s: 5999 rss: 86Mb L: 6/8 MS: 1 EraseBytes-
#6075	REDUCE cov: 167 ft: 636 corp: 86/339b lim: 8 exec/s: 6075 rss: 86Mb L: 5/8 MS: 1 EraseBytes-
#6289	REDUCE cov: 169 ft: 638 corp: 87/346b lim: 8 exec/s: 6289 rss: 86Mb L: 7/8 MS: 4 CopyPart-InsertByte-InsertByte-CrossOver-
#6310	NEW    cov: 169 ft: 640 corp: 88/354b lim: 8 exec/s: 6310 rss: 86Mb L: 8/8 MS: 1 CrossOver-
#6340	NEW    cov: 169 ft: 642 corp: 89/362b lim: 8 exec/s: 6340 rss: 86Mb L: 8/8 MS: 5 InsertByte-ChangeBinInt-ChangeBinInt-CrossOver-ChangeBit-
#6663	NEW    cov: 169 ft: 644 corp: 90/373b lim: 11 exec/s: 6663 rss: 86Mb L: 11/11 MS: 3 ShuffleBytes-PersAutoDict-CopyPart- DE: "\001\000"-
#6680	NEW    cov: 169 ft: 645 corp: 91/383b lim: 11 exec/s: 6680 rss: 86Mb L: 10/11 MS: 2 InsertRepeatedBytes-CrossOver-
#6756	NEW    cov: 169 ft: 670 corp: 92/394b lim: 11 exec/s: 6756 rss: 86Mb L: 11/11 MS: 1 CopyPart-
#6927	REDUCE cov: 169 ft: 671 corp: 93/402b lim: 11 exec/s: 6927 rss: 86Mb L: 8/11 MS: 1 CopyPart-
#6955	REDUCE cov: 169 ft: 673 corp: 94/413b lim: 11 exec/s: 6955 rss: 86Mb L: 11/11 MS: 3 CrossOver-ChangeBit-CrossOver-
#7061	NEW    cov: 169 ft: 677 corp: 95/421b lim: 11 exec/s: 7061 rss: 86Mb L: 8/11 MS: 1 CrossOver-
#7142	REDUCE cov: 169 ft: 677 corp: 95/420b lim: 11 exec/s: 7142 rss: 86Mb L: 7/11 MS: 1 EraseBytes-
#7203	REDUCE cov: 169 ft: 677 corp: 95/419b lim: 11 exec/s: 7203 rss: 86Mb L: 3/11 MS: 1 EraseBytes-
#7258	NEW    cov: 169 ft: 679 corp: 96/427b lim: 11 exec/s: 7258 rss: 86Mb L: 8/11 MS: 5 CrossOver-PersAutoDict-EraseBytes-ChangeBit-CrossOver- DE: "\001\000"-
#7459	NEW    cov: 169 ft: 681 corp: 97/435b lim: 11 exec/s: 7459 rss: 86Mb L: 8/11 MS: 1 ChangeByte-
#7466	NEW    cov: 169 ft: 682 corp: 98/443b lim: 11 exec/s: 7466 rss: 86Mb L: 8/11 MS: 2 ChangeBit-CrossOver-
#7510	NEW    cov: 169 ft: 684 corp: 99/454b lim: 11 exec/s: 7510 rss: 86Mb L: 11/11 MS: 4 ChangeBit-PersAutoDict-CopyPart-CopyPart- DE: "\001\000"-
#7803	REDUCE cov: 169 ft: 684 corp: 99/453b lim: 11 exec/s: 7803 rss: 86Mb L: 10/11 MS: 3 ShuffleBytes-ShuffleBytes-EraseBytes-
#7941	NEW    cov: 169 ft: 689 corp: 100/464b lim: 11 exec/s: 3970 rss: 86Mb L: 11/11 MS: 3 InsertByte-CrossOver-InsertByte-
#8017	REDUCE cov: 169 ft: 689 corp: 100/462b lim: 11 exec/s: 4008 rss: 86Mb L: 5/11 MS: 1 EraseBytes-
#8028	NEW    cov: 169 ft: 690 corp: 101/473b lim: 11 exec/s: 4014 rss: 86Mb L: 11/11 MS: 1 ChangeByte-
#8059	NEW    cov: 169 ft: 691 corp: 102/482b lim: 11 exec/s: 4029 rss: 86Mb L: 9/11 MS: 1 EraseBytes-
#8152	REDUCE cov: 169 ft: 691 corp: 102/481b lim: 11 exec/s: 4076 rss: 86Mb L: 2/11 MS: 3 ChangeBit-InsertByte-EraseBytes-
#8192	pulse  cov: 169 ft: 691 corp: 102/481b lim: 11 exec/s: 4096 rss: 86Mb
#8193	NEW    cov: 169 ft: 696 corp: 103/492b lim: 11 exec/s: 4096 rss: 86Mb L: 11/11 MS: 1 CopyPart-
#8205	REDUCE cov: 169 ft: 699 corp: 104/503b lim: 11 exec/s: 4102 rss: 86Mb L: 11/11 MS: 2 ShuffleBytes-InsertByte-
#8347	REDUCE cov: 169 ft: 699 corp: 104/502b lim: 11 exec/s: 4173 rss: 86Mb L: 7/11 MS: 2 ShuffleBytes-EraseBytes-
#9049	NEW    cov: 169 ft: 700 corp: 105/518b lim: 17 exec/s: 4524 rss: 86Mb L: 16/16 MS: 2 ShuffleBytes-CopyPart-
#9077	NEW    cov: 169 ft: 702 corp: 106/530b lim: 17 exec/s: 4538 rss: 86Mb L: 12/16 MS: 3 InsertByte-ChangeBit-CrossOver-
#9373	NEW    cov: 169 ft: 704 corp: 107/538b lim: 17 exec/s: 4686 rss: 86Mb L: 8/16 MS: 1 ShuffleBytes-
#9443	REDUCE cov: 169 ft: 704 corp: 107/537b lim: 17 exec/s: 4721 rss: 86Mb L: 2/16 MS: 5 InsertRepeatedBytes-InsertByte-PersAutoDict-PersAutoDict-CrossOver- DE: "\001\000"-"\001\000"-
#9544	NEW    cov: 169 ft: 705 corp: 108/545b lim: 17 exec/s: 4772 rss: 86Mb L: 8/16 MS: 1 CrossOver-
#9570	NEW    cov: 169 ft: 716 corp: 109/562b lim: 17 exec/s: 4785 rss: 86Mb L: 17/17 MS: 1 CopyPart-
#9573	NEW    cov: 169 ft: 717 corp: 110/571b lim: 17 exec/s: 4786 rss: 86Mb L: 9/17 MS: 3 ShuffleBytes-CrossOver-CopyPart-
#9599	REDUCE cov: 169 ft: 717 corp: 110/570b lim: 17 exec/s: 4799 rss: 86Mb L: 6/17 MS: 1 EraseBytes-
#9715	REDUCE cov: 169 ft: 717 corp: 110/569b lim: 17 exec/s: 4857 rss: 86Mb L: 2/17 MS: 1 EraseBytes-
#9865	NEW    cov: 172 ft: 723 corp: 111/585b lim: 17 exec/s: 4932 rss: 86Mb L: 16/17 MS: 5 CopyPart-ChangeBit-ChangeBinInt-ChangeByte-ShuffleBytes-
#9966	NEW    cov: 172 ft: 724 corp: 112/595b lim: 17 exec/s: 4983 rss: 86Mb L: 10/17 MS: 1 CopyPart-
#10153	NEW    cov: 172 ft: 726 corp: 113/607b lim: 17 exec/s: 5076 rss: 86Mb L: 12/17 MS: 2 CopyPart-InsertByte-
#10470	REDUCE cov: 172 ft: 726 corp: 113/605b lim: 17 exec/s: 5235 rss: 86Mb L: 14/17 MS: 2 InsertByte-EraseBytes-
#10551	NEW    cov: 172 ft: 729 corp: 114/620b lim: 17 exec/s: 5275 rss: 86Mb L: 15/17 MS: 1 CrossOver-
#10647	NEW    cov: 172 ft: 730 corp: 115/636b lim: 17 exec/s: 5323 rss: 86Mb L: 16/17 MS: 1 CrossOver-
#10663	REDUCE cov: 172 ft: 730 corp: 115/635b lim: 17 exec/s: 5331 rss: 86Mb L: 10/17 MS: 1 EraseBytes-
#10730	REDUCE cov: 172 ft: 732 corp: 116/648b lim: 17 exec/s: 5365 rss: 86Mb L: 13/17 MS: 2 PersAutoDict-CrossOver- DE: "\001\000"-
#10789	NEW    cov: 172 ft: 733 corp: 117/663b lim: 17 exec/s: 5394 rss: 86Mb L: 15/17 MS: 4 ChangeBit-PersAutoDict-ChangeByte-CrossOver- DE: "\001\000"-
#10920	REDUCE cov: 172 ft: 733 corp: 117/662b lim: 17 exec/s: 3640 rss: 86Mb L: 5/17 MS: 1 EraseBytes-
#10921	NEW    cov: 172 ft: 734 corp: 118/669b lim: 17 exec/s: 3640 rss: 86Mb L: 7/17 MS: 1 EraseBytes-
#10928	NEW    cov: 172 ft: 740 corp: 119/686b lim: 17 exec/s: 3642 rss: 86Mb L: 17/17 MS: 2 CrossOver-CopyPart-
#10929	NEW    cov: 172 ft: 745 corp: 120/703b lim: 17 exec/s: 3643 rss: 86Mb L: 17/17 MS: 1 CrossOver-
#11095	REDUCE cov: 172 ft: 745 corp: 120/702b lim: 17 exec/s: 3698 rss: 86Mb L: 7/17 MS: 1 EraseBytes-
#11132	NEW    cov: 172 ft: 748 corp: 121/719b lim: 17 exec/s: 3710 rss: 86Mb L: 17/17 MS: 2 InsertByte-CrossOver-
#11368	REDUCE cov: 172 ft: 748 corp: 121/718b lim: 17 exec/s: 3789 rss: 86Mb L: 13/17 MS: 1 EraseBytes-
#11618	REDUCE cov: 172 ft: 749 corp: 122/723b lim: 17 exec/s: 3872 rss: 86Mb L: 5/17 MS: 5 ChangeByte-CMP-CrossOver-CrossOver-CopyPart- DE: "\000\000\000\000\000\000\000>"-
#11678	NEW    cov: 172 ft: 750 corp: 123/737b lim: 17 exec/s: 3892 rss: 86Mb L: 14/17 MS: 5 EraseBytes-ChangeBit-ChangeBit-CrossOver-InsertRepeatedBytes-
#12069	REDUCE cov: 172 ft: 750 corp: 123/734b lim: 17 exec/s: 4023 rss: 86Mb L: 12/17 MS: 1 EraseBytes-
#12214	NEW    cov: 172 ft: 751 corp: 124/742b lim: 17 exec/s: 4071 rss: 86Mb L: 8/17 MS: 5 ChangeBit-ChangeBinInt-InsertByte-CrossOver-CMP- DE: "\000\000"-
#12420	NEW    cov: 172 ft: 752 corp: 125/750b lim: 17 exec/s: 4140 rss: 86Mb L: 8/17 MS: 1 ChangeByte-
#12463	REDUCE cov: 172 ft: 753 corp: 126/767b lim: 17 exec/s: 4154 rss: 86Mb L: 17/17 MS: 3 ChangeByte-ShuffleBytes-CrossOver-
#12479	NEW    cov: 172 ft: 756 corp: 127/784b lim: 17 exec/s: 4159 rss: 86Mb L: 17/17 MS: 1 CopyPart-
#12635	REDUCE cov: 172 ft: 756 corp: 127/780b lim: 17 exec/s: 4211 rss: 86Mb L: 13/17 MS: 1 EraseBytes-
#12756	REDUCE cov: 172 ft: 756 corp: 127/779b lim: 17 exec/s: 4252 rss: 86Mb L: 8/17 MS: 1 EraseBytes-
#12777	REDUCE cov: 172 ft: 756 corp: 127/778b lim: 17 exec/s: 4259 rss: 86Mb L: 3/17 MS: 1 EraseBytes-
#12873	REDUCE cov: 172 ft: 756 corp: 127/774b lim: 17 exec/s: 4291 rss: 86Mb L: 12/17 MS: 1 EraseBytes-
#13150	REDUCE cov: 172 ft: 758 corp: 128/782b lim: 17 exec/s: 3287 rss: 86Mb L: 8/17 MS: 2 ChangeBinInt-ChangeBinInt-
#13156	REDUCE cov: 172 ft: 758 corp: 128/781b lim: 17 exec/s: 3289 rss: 86Mb L: 15/17 MS: 1 EraseBytes-
#13244	NEW    cov: 172 ft: 759 corp: 129/793b lim: 17 exec/s: 3311 rss: 86Mb L: 12/17 MS: 3 CMP-CrossOver-CrossOver- DE: "\001\000"-
#13271	REDUCE cov: 172 ft: 759 corp: 129/791b lim: 17 exec/s: 3317 rss: 86Mb L: 10/17 MS: 2 InsertByte-EraseBytes-
#13315	REDUCE cov: 172 ft: 759 corp: 129/789b lim: 17 exec/s: 3328 rss: 86Mb L: 6/17 MS: 4 CopyPart-EraseBytes-CopyPart-ChangeBit-
#13640	NEW    cov: 172 ft: 799 corp: 130/806b lim: 17 exec/s: 3410 rss: 86Mb L: 17/17 MS: 5 ShuffleBytes-CrossOver-CrossOver-CopyPart-CrossOver-
#13861	REDUCE cov: 172 ft: 799 corp: 130/805b lim: 17 exec/s: 3465 rss: 86Mb L: 16/17 MS: 1 EraseBytes-
#13957	NEW    cov: 172 ft: 802 corp: 131/822b lim: 17 exec/s: 3489 rss: 86Mb L: 17/17 MS: 1 CopyPart-
#14248	REDUCE cov: 172 ft: 802 corp: 131/818b lim: 17 exec/s: 3562 rss: 86Mb L: 6/17 MS: 1 EraseBytes-
#14464	REDUCE cov: 172 ft: 802 corp: 131/817b lim: 17 exec/s: 3616 rss: 86Mb L: 7/17 MS: 1 EraseBytes-
#14475	REDUCE cov: 172 ft: 802 corp: 131/816b lim: 17 exec/s: 3618 rss: 86Mb L: 6/17 MS: 1 EraseBytes-
#14516	NEW    cov: 172 ft: 804 corp: 132/832b lim: 17 exec/s: 3629 rss: 86Mb L: 16/17 MS: 1 CopyPart-
#14639	REDUCE cov: 172 ft: 804 corp: 132/830b lim: 17 exec/s: 3659 rss: 86Mb L: 11/17 MS: 3 EraseBytes-EraseBytes-CopyPart-
#14858	REDUCE cov: 172 ft: 804 corp: 132/828b lim: 17 exec/s: 3714 rss: 86Mb L: 4/17 MS: 4 ShuffleBytes-CopyPart-CopyPart-EraseBytes-
#15152	REDUCE cov: 172 ft: 804 corp: 132/827b lim: 17 exec/s: 3788 rss: 86Mb L: 7/17 MS: 4 InsertByte-CopyPart-ChangeBit-EraseBytes-
#15168	NEW    cov: 172 ft: 805 corp: 133/834b lim: 17 exec/s: 3792 rss: 86Mb L: 7/17 MS: 1 CopyPart-
#15474	REDUCE cov: 172 ft: 805 corp: 133/832b lim: 17 exec/s: 3094 rss: 86Mb L: 5/17 MS: 1 EraseBytes-
#15546	NEW    cov: 172 ft: 807 corp: 134/845b lim: 17 exec/s: 3109 rss: 86Mb L: 13/17 MS: 2 InsertRepeatedBytes-CrossOver-
#15637	REDUCE cov: 172 ft: 807 corp: 134/844b lim: 17 exec/s: 3127 rss: 86Mb L: 2/17 MS: 1 EraseBytes-
#15650	NEW    cov: 172 ft: 808 corp: 135/861b lim: 17 exec/s: 3130 rss: 86Mb L: 17/17 MS: 3 CrossOver-PersAutoDict-CopyPart- DE: "\000\000"-
#15682	REDUCE cov: 172 ft: 808 corp: 135/860b lim: 17 exec/s: 3136 rss: 86Mb L: 16/17 MS: 2 ChangeByte-EraseBytes-
#16202	REDUCE cov: 172 ft: 810 corp: 136/881b lim: 21 exec/s: 3240 rss: 86Mb L: 21/21 MS: 5 CrossOver-PersAutoDict-CrossOver-ChangeBit-CrossOver- DE: "\000\000\000\000\000\000\000>"-
#16384	pulse  cov: 172 ft: 810 corp: 136/881b lim: 21 exec/s: 3276 rss: 86Mb
#16483	NEW    cov: 172 ft: 812 corp: 137/897b lim: 21 exec/s: 3296 rss: 86Mb L: 16/21 MS: 1 CopyPart-
#16505	REDUCE cov: 172 ft: 812 corp: 137/896b lim: 21 exec/s: 3301 rss: 86Mb L: 6/21 MS: 2 ShuffleBytes-EraseBytes-
#16526	NEW    cov: 172 ft: 815 corp: 138/916b lim: 21 exec/s: 3305 rss: 86Mb L: 20/21 MS: 1 CrossOver-
#16552	REDUCE cov: 172 ft: 815 corp: 138/915b lim: 21 exec/s: 3310 rss: 86Mb L: 11/21 MS: 1 EraseBytes-
#16596	REDUCE cov: 172 ft: 817 corp: 139/929b lim: 21 exec/s: 3319 rss: 86Mb L: 14/21 MS: 4 ShuffleBytes-CrossOver-InsertByte-CopyPart-
#16987	REDUCE cov: 172 ft: 817 corp: 139/928b lim: 21 exec/s: 3397 rss: 86Mb L: 7/21 MS: 1 EraseBytes-
#17084	REDUCE cov: 172 ft: 817 corp: 139/927b lim: 21 exec/s: 3416 rss: 86Mb L: 5/21 MS: 2 ChangeByte-EraseBytes-
#17097	NEW    cov: 172 ft: 818 corp: 140/939b lim: 21 exec/s: 3419 rss: 86Mb L: 12/21 MS: 3 CrossOver-ShuffleBytes-CrossOver-
#17186	NEW    cov: 172 ft: 819 corp: 141/949b lim: 21 exec/s: 3437 rss: 86Mb L: 10/21 MS: 4 ShuffleBytes-EraseBytes-CrossOver-CopyPart-
#17444	REDUCE cov: 172 ft: 819 corp: 141/948b lim: 21 exec/s: 2907 rss: 86Mb L: 10/21 MS: 3 CopyPart-ChangeBinInt-EraseBytes-
#17630	NEW    cov: 172 ft: 821 corp: 142/961b lim: 21 exec/s: 2938 rss: 86Mb L: 13/21 MS: 1 ShuffleBytes-
#17632	REDUCE cov: 172 ft: 821 corp: 142/960b lim: 21 exec/s: 2938 rss: 86Mb L: 5/21 MS: 2 CrossOver-EraseBytes-
#17968	REDUCE cov: 172 ft: 821 corp: 142/959b lim: 21 exec/s: 2994 rss: 86Mb L: 1/21 MS: 1 EraseBytes-
#18226	NEW    cov: 172 ft: 822 corp: 143/980b lim: 21 exec/s: 3037 rss: 86Mb L: 21/21 MS: 3 CrossOver-InsertRepeatedBytes-ChangeByte-
#18292	NEW    cov: 172 ft: 826 corp: 144/998b lim: 21 exec/s: 3048 rss: 86Mb L: 18/21 MS: 1 InsertByte-
#18468	REDUCE cov: 172 ft: 826 corp: 144/993b lim: 21 exec/s: 3078 rss: 86Mb L: 16/21 MS: 1 EraseBytes-
#18505	REDUCE cov: 172 ft: 826 corp: 144/991b lim: 21 exec/s: 3084 rss: 86Mb L: 15/21 MS: 2 EraseBytes-CopyPart-
#18537	NEW    cov: 172 ft: 831 corp: 145/1010b lim: 21 exec/s: 3089 rss: 86Mb L: 19/21 MS: 2 CopyPart-CrossOver-
#18598	REDUCE cov: 172 ft: 831 corp: 145/1009b lim: 21 exec/s: 3099 rss: 86Mb L: 6/21 MS: 1 EraseBytes-
#18669	REDUCE cov: 172 ft: 831 corp: 145/1008b lim: 21 exec/s: 3111 rss: 86Mb L: 4/21 MS: 1 EraseBytes-
#18746	REDUCE cov: 172 ft: 831 corp: 145/1007b lim: 21 exec/s: 3124 rss: 86Mb L: 11/21 MS: 2 ShuffleBytes-EraseBytes-
#19009	NEW    cov: 172 ft: 832 corp: 146/1027b lim: 21 exec/s: 3168 rss: 86Mb L: 20/21 MS: 3 ShuffleBytes-ChangeBit-InsertByte-
#19321	NEW    cov: 172 ft: 833 corp: 147/1047b lim: 21 exec/s: 2760 rss: 86Mb L: 20/21 MS: 2 CrossOver-InsertRepeatedBytes-
#19343	REDUCE cov: 172 ft: 833 corp: 147/1046b lim: 21 exec/s: 2763 rss: 86Mb L: 19/21 MS: 2 ShuffleBytes-EraseBytes-
#19359	REDUCE cov: 172 ft: 833 corp: 147/1043b lim: 21 exec/s: 2765 rss: 86Mb L: 11/21 MS: 1 EraseBytes-
#19380	REDUCE cov: 172 ft: 833 corp: 147/1041b lim: 21 exec/s: 2768 rss: 86Mb L: 5/21 MS: 1 EraseBytes-
#19503	NEW    cov: 172 ft: 835 corp: 148/1061b lim: 21 exec/s: 2786 rss: 86Mb L: 20/21 MS: 3 ShuffleBytes-ShuffleBytes-CopyPart-
#19610	REDUCE cov: 172 ft: 835 corp: 148/1060b lim: 21 exec/s: 2801 rss: 86Mb L: 4/21 MS: 2 PersAutoDict-EraseBytes- DE: "\001\000"-
#19771	REDUCE cov: 172 ft: 835 corp: 148/1059b lim: 21 exec/s: 2824 rss: 86Mb L: 7/21 MS: 1 EraseBytes-
#20107	NEW    cov: 172 ft: 837 corp: 149/1073b lim: 21 exec/s: 2872 rss: 86Mb L: 14/21 MS: 1 CopyPart-
#20218	REDUCE cov: 172 ft: 837 corp: 149/1068b lim: 21 exec/s: 2888 rss: 86Mb L: 8/21 MS: 1 EraseBytes-
#20337	NEW    cov: 174 ft: 839 corp: 150/1077b lim: 21 exec/s: 2905 rss: 86Mb L: 9/21 MS: 4 InsertByte-ShuffleBytes-ChangeByte-InsertRepeatedBytes-
#20453	NEW    cov: 174 ft: 840 corp: 151/1098b lim: 21 exec/s: 2921 rss: 86Mb L: 21/21 MS: 1 CopyPart-
#20769	REDUCE cov: 174 ft: 840 corp: 151/1097b lim: 21 exec/s: 2967 rss: 86Mb L: 5/21 MS: 1 EraseBytes-
#20995	NEW    cov: 174 ft: 844 corp: 152/1118b lim: 21 exec/s: 2624 rss: 86Mb L: 21/21 MS: 1 CopyPart-
#21012	REDUCE cov: 174 ft: 844 corp: 152/1115b lim: 21 exec/s: 2626 rss: 86Mb L: 6/21 MS: 2 PersAutoDict-EraseBytes- DE: "\001\000"-
#21013	REDUCE cov: 174 ft: 844 corp: 152/1114b lim: 21 exec/s: 2626 rss: 86Mb L: 20/21 MS: 1 EraseBytes-
#21304	REDUCE cov: 174 ft: 846 corp: 153/1133b lim: 21 exec/s: 2663 rss: 86Mb L: 19/21 MS: 1 CrossOver-
#21325	REDUCE cov: 174 ft: 849 corp: 154/1151b lim: 21 exec/s: 2665 rss: 86Mb L: 18/21 MS: 1 CopyPart-
#21976	REDUCE cov: 174 ft: 849 corp: 154/1148b lim: 25 exec/s: 2747 rss: 86Mb L: 17/21 MS: 1 EraseBytes-
#22139	NEW    cov: 174 ft: 850 corp: 155/1162b lim: 25 exec/s: 2767 rss: 86Mb L: 14/21 MS: 3 ChangeByte-CrossOver-CopyPart-
#22376	REDUCE cov: 174 ft: 850 corp: 155/1161b lim: 25 exec/s: 2797 rss: 86Mb L: 16/21 MS: 2 EraseBytes-CopyPart-
#22377	REDUCE cov: 174 ft: 850 corp: 155/1160b lim: 25 exec/s: 2797 rss: 86Mb L: 9/21 MS: 1 EraseBytes-
#22664	REDUCE cov: 174 ft: 850 corp: 155/1159b lim: 25 exec/s: 2518 rss: 86Mb L: 7/21 MS: 2 InsertByte-EraseBytes-
#22900	REDUCE cov: 174 ft: 850 corp: 155/1158b lim: 25 exec/s: 2544 rss: 86Mb L: 9/21 MS: 1 CrossOver-
#22903	NEW    cov: 175 ft: 851 corp: 156/1180b lim: 25 exec/s: 2544 rss: 86Mb L: 22/22 MS: 3 ChangeBinInt-InsertRepeatedBytes-ChangeBinInt-
#22944	NEW    cov: 175 ft: 861 corp: 157/1205b lim: 25 exec/s: 2549 rss: 86Mb L: 25/25 MS: 1 CopyPart-
#23036	NEW    cov: 175 ft: 863 corp: 158/1227b lim: 25 exec/s: 2559 rss: 86Mb L: 22/25 MS: 2 ShuffleBytes-CopyPart-
#23083	REDUCE cov: 175 ft: 863 corp: 158/1226b lim: 25 exec/s: 2564 rss: 86Mb L: 15/25 MS: 2 CrossOver-EraseBytes-
#23090	REDUCE cov: 175 ft: 863 corp: 158/1225b lim: 25 exec/s: 2565 rss: 86Mb L: 6/25 MS: 2 EraseBytes-CrossOver-
#23266	REDUCE cov: 175 ft: 863 corp: 158/1224b lim: 25 exec/s: 2585 rss: 86Mb L: 3/25 MS: 1 EraseBytes-
#23503	NEW    cov: 175 ft: 864 corp: 159/1248b lim: 25 exec/s: 2611 rss: 86Mb L: 24/25 MS: 2 CopyPart-CopyPart-
#23946	NEW    cov: 175 ft: 865 corp: 160/1274b lim: 29 exec/s: 2660 rss: 86Mb L: 26/26 MS: 3 InsertByte-ChangeASCIIInt-CopyPart-
#24273	NEW    cov: 175 ft: 876 corp: 161/1301b lim: 29 exec/s: 2427 rss: 86Mb L: 27/27 MS: 2 CrossOver-CopyPart-
#24774	REDUCE cov: 175 ft: 878 corp: 162/1317b lim: 33 exec/s: 2477 rss: 86Mb L: 16/27 MS: 1 CopyPart-
#24850	REDUCE cov: 175 ft: 878 corp: 162/1316b lim: 33 exec/s: 2485 rss: 86Mb L: 4/27 MS: 1 EraseBytes-
#24889	REDUCE cov: 175 ft: 878 corp: 162/1315b lim: 33 exec/s: 2488 rss: 86Mb L: 7/27 MS: 4 CopyPart-CMP-ShuffleBytes-CrossOver- DE: "\002\000\000\000\000\000\000\000"-
#24976	REDUCE cov: 175 ft: 878 corp: 162/1312b lim: 33 exec/s: 2497 rss: 86Mb L: 4/27 MS: 2 EraseBytes-CrossOver-
#25028	REDUCE cov: 175 ft: 878 corp: 162/1311b lim: 33 exec/s: 2502 rss: 86Mb L: 21/27 MS: 2 ChangeByte-EraseBytes-
#25101	REDUCE cov: 175 ft: 878 corp: 162/1306b lim: 33 exec/s: 2510 rss: 86Mb L: 16/27 MS: 3 InsertByte-ChangeBinInt-EraseBytes-
#25181	DONE   cov: 175 ft: 878 corp: 162/1306b lim: 33 exec/s: 2289 rss: 86Mb
###### Recommended dictionary. ######
"\001\000" # Uses: 1267
"\000\000\000\000\000\000\000>" # Uses: 298
"\000\000" # Uses: 415
"\002\000\000\000\000\000\000\000" # Uses: 6
###### End of recommended dictionary. ######
Done 25181 runs in 11 second(s)
