INFO: Instrumenting black
INFO: Instrumenting json
INFO: Instrumenting json.decoder
INFO: Instrumenting json.scanner
INFO: Instrumenting json.encoder
INFO: Instrumenting platform
INFO: Instrumenting datetime
INFO: Instrumenting click
INFO: Instrumenting __future__
INFO: Instrumenting click.core
INFO: Instrumenting gettext
INFO: Instrumenting click.types
INFO: Instrumenting click._compat
INFO: Instrumenting click.exceptions
INFO: Instrumenting click.globals
INFO: Instrumenting click.utils
INFO: Instrumenting click._utils
INFO: Instrumenting click.formatting
INFO: Instrumenting click.parser
INFO: Instrumenting click.termui
INFO: Instrumenting click.decorators
INFO: Instrumenting mypy_extensions
INFO: Instrumenting pathspec
INFO: Instrumenting pathspec.gitignore
INFO: Instrumenting pathspec.backend
INFO: Instrumenting pathspec._backends
INFO: Instrumenting pathspec._backends.agg
INFO: Instrumenting pathspec.pattern
INFO: Instrumenting pathspec._typing
INFO: Instrumenting pathspec._backends.hyperscan
INFO: Instrumenting pathspec._backends.hyperscan.base
INFO: Instrumenting pathspec._backends.hyperscan.gitignore
INFO: Instrumenting pathspec.patterns
INFO: Instrumenting pathspec.patterns.gitignore
INFO: Instrumenting pathspec.patterns.gitignore.base
INFO: Instrumenting pathspec.patterns.gitignore.basic
INFO: Instrumenting pathspec.util
INFO: Instrumenting pathspec.patterns.gitignore.spec
INFO: Instrumenting pathspec.patterns.gitwildmatch
INFO: Instrumenting pathspec._backends.hyperscan._base
INFO: Instrumenting pathspec._backends.hyperscan.pathspec
INFO: Instrumenting pathspec._backends._utils
INFO: Instrumenting pathspec._backends.re2
INFO: Instrumenting pathspec._backends.re2.base
INFO: Instrumenting pathspec._backends.re2.gitignore
INFO: Instrumenting pathspec._backends.re2._base
INFO: Instrumenting pathspec._backends.re2.pathspec
INFO: Instrumenting pathspec._backends.simple
INFO: Instrumenting pathspec._backends.simple.gitignore
INFO: Instrumenting pathspec._backends.simple.pathspec
INFO: Instrumenting pathspec.pathspec
INFO: Instrumenting pathspec._meta
INFO: Instrumenting pathspec._version
INFO: Instrumenting _black_version
INFO: Instrumenting black.cache
INFO: Instrumenting hashlib
INFO: Instrumenting pickle
INFO: Instrumenting struct
INFO: Instrumenting _compat_pickle
INFO: Instrumenting platformdirs
INFO: Instrumenting platformdirs.api
INFO: Instrumenting platformdirs.version
INFO: Instrumenting platformdirs.unix
INFO: Instrumenting configparser
INFO: Instrumenting black.mode
INFO: Instrumenting black.const
INFO: Instrumenting black.output
INFO: Instrumenting black.comments
INFO: Instrumenting black.nodes
INFO: Instrumenting black.strings
INFO: Instrumenting black._width_table
INFO: Instrumenting blib2to3
INFO: Instrumenting blib2to3.pytree
INFO: Instrumenting blib2to3.pgen2
INFO: Instrumenting blib2to3.pgen2.grammar
INFO: Instrumenting blib2to3.pgen2.token
INFO: Instrumenting blib2to3.pygram
INFO: Instrumenting blib2to3.pgen2.driver
INFO: Instrumenting pkgutil
INFO: Instrumenting importlib.util
WARNING: It looks like this module is imported by a custom loader. Atheris has experimental support for this. However, it may be incompatible with certain libraries. If you experience unusual errors or poor coverage collection, try atheris.instrument_all() instead, add enable_loader_override=False to instrument_imports(), or file an issue on GitHub.
INFO: Instrumenting blib2to3.pgen2.tokenize
INFO: Instrumenting blib2to3.pgen2.parse
INFO: Instrumenting blib2to3.pgen2.pgen
INFO: Instrumenting black.files
INFO: Instrumenting packaging
INFO: Instrumenting packaging.specifiers
INFO: Instrumenting packaging.utils
INFO: Instrumenting packaging.tags
INFO: Instrumenting subprocess
INFO: Instrumenting locale
INFO: Instrumenting _locale
INFO: Instrumenting signal
INFO: Instrumenting selectors
INFO: Instrumenting sysconfig
INFO: Instrumenting packaging._manylinux
INFO: Instrumenting packaging._elffile
INFO: Instrumenting packaging._musllinux
INFO: Instrumenting packaging.version
INFO: Instrumenting packaging._structures
INFO: Instrumenting tomllib
INFO: Instrumenting tomllib._parser
INFO: Instrumenting tomllib._re
INFO: Instrumenting tomllib._types
INFO: Instrumenting black.handle_ipynb_magics
INFO: Instrumenting secrets
INFO: Instrumenting base64
INFO: Instrumenting hmac
INFO: Instrumenting black.report
INFO: Instrumenting black.linegen
INFO: Instrumenting black.brackets
INFO: Instrumenting black.lines
INFO: Instrumenting black.numerics
INFO: Instrumenting black.trans
INFO: Instrumenting black.rusty
INFO: Instrumenting black.parsing
INFO: Instrumenting black.ranges
INFO: Instrumenting difflib
INFO: Instrumenting heapq
INFO: Using built-in libfuzzer
WARNING: Failed to find function "__sanitizer_acquire_crash_state".
WARNING: Failed to find function "__sanitizer_print_stack_trace".
WARNING: Failed to find function "__sanitizer_set_death_callback".
INFO: Running with entropic power schedule (0xFF, 100).
INFO: Seed: 2156382902
INFO: -max_len is not provided; libFuzzer will not generate inputs larger than 4096 bytes
INFO: A corpus is not provided, starting from an empty corpus
#2	INITED cov: 234 ft: 234 corp: 1/1b exec/s: 0 rss: 55Mb
#5	NEW    cov: 240 ft: 244 corp: 2/3b lim: 4 exec/s: 0 rss: 55Mb L: 2/2 MS: 3 ShuffleBytes-InsertByte-ShuffleBytes-
#8	NEW    cov: 449 ft: 610 corp: 3/6b lim: 4 exec/s: 0 rss: 55Mb L: 3/3 MS: 3 ChangeBit-ShuffleBytes-InsertByte-
#15	NEW    cov: 465 ft: 630 corp: 4/10b lim: 4 exec/s: 0 rss: 55Mb L: 4/4 MS: 2 CrossOver-InsertByte-
#18	NEW    cov: 471 ft: 718 corp: 5/12b lim: 4 exec/s: 0 rss: 55Mb L: 2/4 MS: 3 EraseBytes-ChangeBit-CrossOver-
#20	NEW    cov: 473 ft: 1097 corp: 6/14b lim: 4 exec/s: 0 rss: 55Mb L: 2/4 MS: 2 CrossOver-EraseBytes-
#22	NEW    cov: 475 ft: 1107 corp: 7/16b lim: 4 exec/s: 0 rss: 55Mb L: 2/4 MS: 2 InsertByte-ChangeBinInt-
#23	NEW    cov: 475 ft: 1111 corp: 8/18b lim: 4 exec/s: 0 rss: 55Mb L: 2/4 MS: 1 ChangeByte-
#37	NEW    cov: 559 ft: 1198 corp: 9/21b lim: 4 exec/s: 0 rss: 55Mb L: 3/4 MS: 4 EraseBytes-ChangeByte-CopyPart-InsertByte-
#46	NEW    cov: 559 ft: 1200 corp: 10/24b lim: 4 exec/s: 0 rss: 55Mb L: 3/4 MS: 4 CopyPart-ChangeBit-ChangeByte-InsertByte-
#49	NEW    cov: 559 ft: 1241 corp: 11/27b lim: 4 exec/s: 0 rss: 55Mb L: 3/4 MS: 3 ShuffleBytes-ChangeBit-ShuffleBytes-
#52	NEW    cov: 559 ft: 1258 corp: 12/29b lim: 4 exec/s: 0 rss: 55Mb L: 2/4 MS: 3 EraseBytes-InsertByte-ChangeBit-
#59	NEW    cov: 562 ft: 1266 corp: 13/31b lim: 4 exec/s: 0 rss: 55Mb L: 2/4 MS: 2 ChangeByte-ShuffleBytes-
#61	NEW    cov: 562 ft: 1269 corp: 14/35b lim: 4 exec/s: 0 rss: 55Mb L: 4/4 MS: 2 CopyPart-CrossOver-
#65	NEW    cov: 617 ft: 1467 corp: 15/39b lim: 4 exec/s: 0 rss: 55Mb L: 4/4 MS: 4 ShuffleBytes-ChangeByte-ChangeBit-CopyPart-
#112	NEW    cov: 628 ft: 1478 corp: 16/43b lim: 4 exec/s: 0 rss: 55Mb L: 4/4 MS: 2 ChangeBit-CopyPart-
#129	NEW    cov: 629 ft: 1479 corp: 17/45b lim: 4 exec/s: 0 rss: 55Mb L: 2/4 MS: 2 ChangeBinInt-EraseBytes-
#131	NEW    cov: 650 ft: 1640 corp: 18/49b lim: 4 exec/s: 0 rss: 55Mb L: 4/4 MS: 2 CopyPart-CopyPart-
#133	NEW    cov: 650 ft: 1727 corp: 19/51b lim: 4 exec/s: 0 rss: 55Mb L: 2/4 MS: 2 ShuffleBytes-ShuffleBytes-
#150	NEW    cov: 650 ft: 1732 corp: 20/55b lim: 4 exec/s: 0 rss: 55Mb L: 4/4 MS: 2 ShuffleBytes-ChangeBinInt-
#204	NEW    cov: 650 ft: 1739 corp: 21/58b lim: 4 exec/s: 0 rss: 56Mb L: 3/4 MS: 4 InsertByte-ShuffleBytes-ChangeByte-ChangeBinInt-
#209	NEW    cov: 652 ft: 1742 corp: 22/62b lim: 4 exec/s: 0 rss: 56Mb L: 4/4 MS: 5 InsertByte-EraseBytes-ChangeBinInt-CopyPart-ChangeBit-
#255	NEW    cov: 652 ft: 1743 corp: 23/64b lim: 4 exec/s: 0 rss: 56Mb L: 2/4 MS: 1 ChangeBit-
#271	NEW    cov: 652 ft: 1750 corp: 24/68b lim: 4 exec/s: 0 rss: 56Mb L: 4/4 MS: 1 ChangeByte-
#275	NEW    cov: 696 ft: 1800 corp: 25/72b lim: 4 exec/s: 0 rss: 56Mb L: 4/4 MS: 4 ShuffleBytes-CopyPart-ShuffleBytes-InsertByte-
#286	NEW    cov: 696 ft: 1801 corp: 26/76b lim: 4 exec/s: 0 rss: 56Mb L: 4/4 MS: 1 ChangeBinInt-
#293	NEW    cov: 696 ft: 1802 corp: 27/79b lim: 4 exec/s: 0 rss: 56Mb L: 3/4 MS: 2 ShuffleBytes-ChangeBit-
#342	NEW    cov: 702 ft: 1835 corp: 28/82b lim: 4 exec/s: 0 rss: 56Mb L: 3/4 MS: 4 ShuffleBytes-EraseBytes-ChangeBit-CrossOver-
#380	NEW    cov: 702 ft: 1836 corp: 29/86b lim: 4 exec/s: 0 rss: 56Mb L: 4/4 MS: 3 EraseBytes-CopyPart-ChangeBinInt-
#437	NEW    cov: 702 ft: 1838 corp: 30/89b lim: 4 exec/s: 0 rss: 56Mb L: 3/4 MS: 2 ChangeByte-ShuffleBytes-
#445	NEW    cov: 702 ft: 1839 corp: 31/93b lim: 4 exec/s: 0 rss: 56Mb L: 4/4 MS: 3 CrossOver-ChangeBit-ShuffleBytes-
#463	NEW    cov: 702 ft: 1841 corp: 32/95b lim: 4 exec/s: 0 rss: 56Mb L: 2/4 MS: 3 CrossOver-CrossOver-ChangeBit-
#486	NEW    cov: 702 ft: 1843 corp: 33/99b lim: 4 exec/s: 0 rss: 56Mb L: 4/4 MS: 3 CrossOver-CopyPart-CopyPart-
#505	NEW    cov: 702 ft: 1846 corp: 34/103b lim: 4 exec/s: 0 rss: 56Mb L: 4/4 MS: 4 CrossOver-ChangeBinInt-ChangeBinInt-ChangeByte-
#514	NEW    cov: 702 ft: 1897 corp: 35/106b lim: 4 exec/s: 0 rss: 56Mb L: 3/4 MS: 4 CrossOver-ChangeBit-CopyPart-EraseBytes-
#538	NEW    cov: 702 ft: 1898 corp: 36/110b lim: 4 exec/s: 0 rss: 56Mb L: 4/4 MS: 4 ChangeBit-ChangeByte-ChangeBit-CrossOver-
#551	NEW    cov: 710 ft: 1907 corp: 37/114b lim: 4 exec/s: 0 rss: 56Mb L: 4/4 MS: 3 ChangeBit-ChangeByte-CopyPart-
#564	NEW    cov: 712 ft: 1909 corp: 38/118b lim: 4 exec/s: 0 rss: 56Mb L: 4/4 MS: 3 ChangeByte-CopyPart-CrossOver-
#580	NEW    cov: 712 ft: 1916 corp: 39/122b lim: 4 exec/s: 0 rss: 56Mb L: 4/4 MS: 1 CrossOver-
#589	NEW    cov: 712 ft: 1917 corp: 40/126b lim: 4 exec/s: 0 rss: 56Mb L: 4/4 MS: 4 CopyPart-ShuffleBytes-ShuffleBytes-ShuffleBytes-
#611	NEW    cov: 748 ft: 1993 corp: 41/130b lim: 4 exec/s: 0 rss: 56Mb L: 4/4 MS: 2 CrossOver-ChangeBinInt-
#632	NEW    cov: 748 ft: 1994 corp: 42/134b lim: 4 exec/s: 0 rss: 56Mb L: 4/4 MS: 1 CrossOver-
#633	NEW    cov: 750 ft: 2001 corp: 43/138b lim: 4 exec/s: 0 rss: 56Mb L: 4/4 MS: 1 InsertByte-
#664	NEW    cov: 750 ft: 2002 corp: 44/141b lim: 4 exec/s: 0 rss: 56Mb L: 3/4 MS: 1 ShuffleBytes-
#691	NEW    cov: 753 ft: 2027 corp: 45/145b lim: 4 exec/s: 0 rss: 56Mb L: 4/4 MS: 2 CrossOver-CopyPart-
#692	REDUCE cov: 753 ft: 2027 corp: 45/144b lim: 4 exec/s: 0 rss: 56Mb L: 3/4 MS: 1 EraseBytes-
#704	NEW    cov: 755 ft: 2029 corp: 46/147b lim: 4 exec/s: 0 rss: 56Mb L: 3/4 MS: 2 ChangeBit-CrossOver-
#760	REDUCE cov: 755 ft: 2029 corp: 46/146b lim: 4 exec/s: 0 rss: 56Mb L: 3/4 MS: 1 EraseBytes-
#772	NEW    cov: 755 ft: 2030 corp: 47/150b lim: 4 exec/s: 0 rss: 56Mb L: 4/4 MS: 2 ChangeByte-ChangeByte-
#832	NEW    cov: 774 ft: 2064 corp: 48/153b lim: 4 exec/s: 0 rss: 56Mb L: 3/4 MS: 5 CrossOver-CopyPart-InsertByte-CrossOver-InsertByte-
#847	NEW    cov: 774 ft: 2067 corp: 49/157b lim: 4 exec/s: 0 rss: 56Mb L: 4/4 MS: 5 ChangeBit-ChangeBit-ChangeByte-CrossOver-CrossOver-
#994	NEW    cov: 775 ft: 2068 corp: 50/161b lim: 4 exec/s: 0 rss: 56Mb L: 4/4 MS: 2 ChangeBinInt-ChangeBinInt-
#1018	NEW    cov: 776 ft: 2070 corp: 51/164b lim: 4 exec/s: 0 rss: 56Mb L: 3/4 MS: 4 EraseBytes-ShuffleBytes-ChangeByte-CrossOver-
#1087	NEW    cov: 778 ft: 2080 corp: 52/168b lim: 4 exec/s: 0 rss: 56Mb L: 4/4 MS: 4 ChangeBit-ChangeBinInt-ChangeByte-ChangeByte-
#1154	NEW    cov: 778 ft: 2081 corp: 53/172b lim: 4 exec/s: 0 rss: 56Mb L: 4/4 MS: 2 ChangeByte-ShuffleBytes-
#1283	REDUCE cov: 778 ft: 2081 corp: 53/171b lim: 4 exec/s: 0 rss: 56Mb L: 3/4 MS: 4 CopyPart-CrossOver-CopyPart-EraseBytes-
#1309	NEW    cov: 779 ft: 2082 corp: 54/175b lim: 4 exec/s: 0 rss: 56Mb L: 4/4 MS: 1 ChangeByte-
#1381	NEW    cov: 779 ft: 2084 corp: 55/179b lim: 4 exec/s: 0 rss: 56Mb L: 4/4 MS: 2 ChangeByte-CrossOver-
#1414	NEW    cov: 782 ft: 2095 corp: 56/183b lim: 4 exec/s: 0 rss: 56Mb L: 4/4 MS: 3 ShuffleBytes-ChangeBit-ChangeBinInt-
#1441	NEW    cov: 782 ft: 2098 corp: 57/187b lim: 4 exec/s: 0 rss: 56Mb L: 4/4 MS: 2 CrossOver-InsertByte-
#1602	NEW    cov: 782 ft: 2162 corp: 58/191b lim: 4 exec/s: 0 rss: 56Mb L: 4/4 MS: 1 ChangeBit-
#1649	NEW    cov: 782 ft: 2166 corp: 59/194b lim: 4 exec/s: 0 rss: 56Mb L: 3/4 MS: 2 ChangeByte-ChangeByte-
#1667	NEW    cov: 783 ft: 2167 corp: 60/198b lim: 4 exec/s: 0 rss: 56Mb L: 4/4 MS: 3 ChangeByte-CopyPart-ChangeByte-
#1882	NEW    cov: 783 ft: 2168 corp: 61/204b lim: 6 exec/s: 0 rss: 56Mb L: 6/6 MS: 5 ChangeBit-InsertByte-CopyPart-CopyPart-CrossOver-
#1898	NEW    cov: 783 ft: 2169 corp: 62/210b lim: 6 exec/s: 0 rss: 56Mb L: 6/6 MS: 1 ShuffleBytes-
#1919	REDUCE cov: 783 ft: 2169 corp: 62/209b lim: 6 exec/s: 0 rss: 56Mb L: 2/6 MS: 1 EraseBytes-
#1927	NEW    cov: 783 ft: 2171 corp: 63/214b lim: 6 exec/s: 0 rss: 56Mb L: 5/6 MS: 3 EraseBytes-CopyPart-InsertRepeatedBytes-
#1947	NEW    cov: 783 ft: 2177 corp: 64/220b lim: 6 exec/s: 0 rss: 56Mb L: 6/6 MS: 5 ShuffleBytes-InsertByte-ChangeASCIIInt-CrossOver-CopyPart-
#1964	NEW    cov: 783 ft: 2178 corp: 65/226b lim: 6 exec/s: 0 rss: 56Mb L: 6/6 MS: 2 CopyPart-CopyPart-
#1966	NEW    cov: 783 ft: 2180 corp: 66/231b lim: 6 exec/s: 0 rss: 56Mb L: 5/6 MS: 2 EraseBytes-CMP- DE: "\322\242"-
#2083	NEW    cov: 783 ft: 2216 corp: 67/236b lim: 6 exec/s: 0 rss: 56Mb L: 5/6 MS: 2 ChangeBinInt-CopyPart-
#2096	NEW    cov: 796 ft: 2246 corp: 68/241b lim: 6 exec/s: 0 rss: 56Mb L: 5/6 MS: 3 PersAutoDict-ShuffleBytes-PersAutoDict- DE: "\322\242"-"\322\242"-
#2112	NEW    cov: 796 ft: 2250 corp: 69/246b lim: 6 exec/s: 0 rss: 56Mb L: 5/6 MS: 1 InsertByte-
#2227	NEW    cov: 796 ft: 2251 corp: 70/250b lim: 6 exec/s: 0 rss: 56Mb L: 4/6 MS: 5 PersAutoDict-ChangeBit-ChangeBit-ShuffleBytes-CrossOver- DE: "\322\242"-
#2286	NEW    cov: 824 ft: 2332 corp: 71/254b lim: 6 exec/s: 0 rss: 56Mb L: 4/6 MS: 4 CopyPart-ShuffleBytes-EraseBytes-CrossOver-
#2318	NEW    cov: 825 ft: 2333 corp: 72/260b lim: 6 exec/s: 0 rss: 56Mb L: 6/6 MS: 2 InsertRepeatedBytes-CMP- DE: "for"-
#2336	NEW    cov: 825 ft: 2385 corp: 73/266b lim: 6 exec/s: 0 rss: 56Mb L: 6/6 MS: 3 ChangeBit-ChangeBit-InsertByte-
#2354	NEW    cov: 825 ft: 2386 corp: 74/270b lim: 6 exec/s: 0 rss: 56Mb L: 4/6 MS: 3 ChangeByte-ChangeASCIIInt-CMP- DE: "def"-
#2381	NEW    cov: 825 ft: 2396 corp: 75/275b lim: 6 exec/s: 0 rss: 56Mb L: 5/6 MS: 2 InsertByte-CMP- DE: "\347\211\257"-
#2486	NEW    cov: 825 ft: 2399 corp: 76/281b lim: 6 exec/s: 0 rss: 56Mb L: 6/6 MS: 5 ChangeBit-ChangeByte-ChangeByte-CrossOver-CopyPart-
#2593	NEW    cov: 831 ft: 2441 corp: 77/286b lim: 6 exec/s: 0 rss: 56Mb L: 5/6 MS: 2 CopyPart-ChangeBinInt-
#2614	NEW    cov: 831 ft: 2442 corp: 78/292b lim: 6 exec/s: 0 rss: 56Mb L: 6/6 MS: 1 InsertByte-
#2643	REDUCE cov: 831 ft: 2442 corp: 78/291b lim: 6 exec/s: 0 rss: 56Mb L: 3/6 MS: 4 CrossOver-PersAutoDict-ShuffleBytes-EraseBytes- DE: "\347\211\257"-
#2787	NEW    cov: 831 ft: 2443 corp: 79/297b lim: 6 exec/s: 0 rss: 56Mb L: 6/6 MS: 4 ChangeByte-InsertByte-PersAutoDict-CrossOver- DE: "\347\211\257"-
#2815	NEW    cov: 837 ft: 2463 corp: 80/301b lim: 6 exec/s: 0 rss: 56Mb L: 4/6 MS: 3 EraseBytes-ChangeByte-CopyPart-
#2832	NEW    cov: 837 ft: 2464 corp: 81/307b lim: 6 exec/s: 0 rss: 56Mb L: 6/6 MS: 2 PersAutoDict-CrossOver- DE: "\322\242"-
#2871	NEW    cov: 882 ft: 2528 corp: 82/312b lim: 6 exec/s: 0 rss: 56Mb L: 5/6 MS: 4 CopyPart-EraseBytes-CopyPart-InsertByte-
#2893	REDUCE cov: 882 ft: 2528 corp: 82/311b lim: 6 exec/s: 0 rss: 56Mb L: 5/6 MS: 2 CrossOver-ChangeByte-
#2923	REDUCE cov: 882 ft: 2528 corp: 82/309b lim: 6 exec/s: 0 rss: 56Mb L: 4/6 MS: 5 ShuffleBytes-PersAutoDict-ChangeBinInt-EraseBytes-CopyPart- DE: "\322\242"-
#2935	NEW    cov: 882 ft: 2532 corp: 83/315b lim: 6 exec/s: 0 rss: 56Mb L: 6/6 MS: 2 CopyPart-InsertByte-
#3188	REDUCE cov: 882 ft: 2532 corp: 83/314b lim: 8 exec/s: 3188 rss: 56Mb L: 3/6 MS: 3 CopyPart-EraseBytes-InsertByte-
#3234	REDUCE cov: 882 ft: 2532 corp: 83/313b lim: 8 exec/s: 3234 rss: 56Mb L: 3/6 MS: 1 EraseBytes-
#3316	REDUCE cov: 882 ft: 2532 corp: 83/312b lim: 8 exec/s: 3316 rss: 56Mb L: 3/6 MS: 2 EraseBytes-ChangeBit-
#3393	NEW    cov: 882 ft: 2546 corp: 84/317b lim: 8 exec/s: 3393 rss: 56Mb L: 5/6 MS: 2 ChangeByte-InsertByte-
#3434	REDUCE cov: 882 ft: 2578 corp: 85/324b lim: 8 exec/s: 3434 rss: 56Mb L: 7/7 MS: 1 CopyPart-
#3440	NEW    cov: 882 ft: 2588 corp: 86/329b lim: 8 exec/s: 3440 rss: 56Mb L: 5/7 MS: 1 CrossOver-
#3463	NEW    cov: 882 ft: 2589 corp: 87/337b lim: 8 exec/s: 3463 rss: 56Mb L: 8/8 MS: 3 ShuffleBytes-PersAutoDict-InsertRepeatedBytes- DE: "for"-
#3465	REDUCE cov: 882 ft: 2590 corp: 88/344b lim: 8 exec/s: 3465 rss: 56Mb L: 7/8 MS: 2 ChangeBinInt-InsertRepeatedBytes-
#3565	NEW    cov: 882 ft: 2591 corp: 89/352b lim: 8 exec/s: 3565 rss: 56Mb L: 8/8 MS: 5 PersAutoDict-InsertByte-ChangeBit-CopyPart-ShuffleBytes- DE: "for"-
#3607	NEW    cov: 882 ft: 2593 corp: 90/356b lim: 8 exec/s: 3607 rss: 56Mb L: 4/8 MS: 2 PersAutoDict-EraseBytes- DE: "\347\211\257"-
#3721	NEW    cov: 882 ft: 2596 corp: 91/364b lim: 8 exec/s: 3721 rss: 56Mb L: 8/8 MS: 4 EraseBytes-PersAutoDict-ChangeBit-CMP- DE: "for"-"lambda"-
#3887	REDUCE cov: 882 ft: 2598 corp: 92/371b lim: 8 exec/s: 3887 rss: 56Mb L: 7/8 MS: 1 InsertRepeatedBytes-
#4188	NEW    cov: 882 ft: 2600 corp: 93/376b lim: 8 exec/s: 4188 rss: 56Mb L: 5/8 MS: 1 InsertByte-
#4475	NEW    cov: 882 ft: 2602 corp: 94/382b lim: 8 exec/s: 4475 rss: 56Mb L: 6/8 MS: 2 CopyPart-ChangeByte-
#4484	NEW    cov: 882 ft: 2624 corp: 95/389b lim: 8 exec/s: 4484 rss: 56Mb L: 7/8 MS: 4 CMP-CopyPart-ChangeByte-ShuffleBytes- DE: "for"-
#4677	NEW    cov: 882 ft: 2625 corp: 96/396b lim: 8 exec/s: 4677 rss: 56Mb L: 7/8 MS: 3 ChangeByte-ChangeByte-CMP- DE: "class"-
#4719	REDUCE cov: 882 ft: 2625 corp: 96/394b lim: 8 exec/s: 4719 rss: 56Mb L: 2/8 MS: 2 ChangeBit-EraseBytes-
#4805	NEW    cov: 882 ft: 2626 corp: 97/401b lim: 8 exec/s: 4805 rss: 56Mb L: 7/8 MS: 1 PersAutoDict- DE: "\347\211\257"-
#4862	REDUCE cov: 882 ft: 2626 corp: 97/400b lim: 8 exec/s: 4862 rss: 56Mb L: 7/8 MS: 2 ShuffleBytes-EraseBytes-
#4891	NEW    cov: 882 ft: 2658 corp: 98/408b lim: 8 exec/s: 4891 rss: 56Mb L: 8/8 MS: 4 ChangeByte-ChangeBit-InsertByte-CopyPart-
#4900	NEW    cov: 882 ft: 2659 corp: 99/416b lim: 8 exec/s: 4900 rss: 56Mb L: 8/8 MS: 4 EraseBytes-InsertByte-ChangeBit-CopyPart-
#5061	NEW    cov: 884 ft: 2661 corp: 100/422b lim: 8 exec/s: 5061 rss: 56Mb L: 6/8 MS: 1 InsertRepeatedBytes-
#5080	NEW    cov: 885 ft: 2665 corp: 101/430b lim: 8 exec/s: 5080 rss: 56Mb L: 8/8 MS: 4 CMP-InsertByte-EraseBytes-InsertRepeatedBytes- DE: "\000\000"-
#5111	NEW    cov: 885 ft: 2674 corp: 102/437b lim: 8 exec/s: 5111 rss: 56Mb L: 7/8 MS: 1 InsertByte-
#5232	NEW    cov: 885 ft: 2686 corp: 103/444b lim: 8 exec/s: 5232 rss: 56Mb L: 7/8 MS: 1 CMP- DE: "\346\215\243"-
#5349	NEW    cov: 885 ft: 2690 corp: 104/452b lim: 8 exec/s: 5349 rss: 56Mb L: 8/8 MS: 2 CopyPart-CrossOver-
#5355	NEW    cov: 885 ft: 2693 corp: 105/457b lim: 8 exec/s: 5355 rss: 56Mb L: 5/8 MS: 1 InsertByte-
#5497	NEW    cov: 885 ft: 2697 corp: 106/465b lim: 8 exec/s: 2748 rss: 56Mb L: 8/8 MS: 2 CrossOver-CopyPart-
#5550	REDUCE cov: 885 ft: 2697 corp: 106/464b lim: 8 exec/s: 2775 rss: 56Mb L: 6/8 MS: 3 ChangeByte-ChangeBit-CrossOver-
#5551	NEW    cov: 885 ft: 2714 corp: 107/470b lim: 8 exec/s: 2775 rss: 56Mb L: 6/8 MS: 1 PersAutoDict- DE: "\346\215\243"-
#5737	NEW    cov: 885 ft: 2719 corp: 108/476b lim: 8 exec/s: 2868 rss: 56Mb L: 6/8 MS: 1 CrossOver-
#5775	REDUCE cov: 885 ft: 2719 corp: 108/475b lim: 8 exec/s: 2887 rss: 56Mb L: 3/8 MS: 3 EraseBytes-InsertByte-ChangeBit-
#5841	NEW    cov: 885 ft: 2720 corp: 109/481b lim: 8 exec/s: 2920 rss: 56Mb L: 6/8 MS: 1 ChangeBit-
#5847	NEW    cov: 886 ft: 2721 corp: 110/487b lim: 8 exec/s: 2923 rss: 56Mb L: 6/8 MS: 1 ChangeBinInt-
#6163	NEW    cov: 887 ft: 2727 corp: 111/495b lim: 11 exec/s: 3081 rss: 56Mb L: 8/8 MS: 1 CopyPart-
#6264	NEW    cov: 887 ft: 2734 corp: 112/502b lim: 11 exec/s: 3132 rss: 56Mb L: 7/8 MS: 1 CrossOver-
#6295	NEW    cov: 887 ft: 2737 corp: 113/510b lim: 11 exec/s: 3147 rss: 56Mb L: 8/8 MS: 1 PersAutoDict- DE: "\346\215\243"-
#6331	NEW    cov: 887 ft: 2738 corp: 114/517b lim: 11 exec/s: 3165 rss: 56Mb L: 7/8 MS: 1 ChangeByte-
#6332	REDUCE cov: 887 ft: 2738 corp: 114/516b lim: 11 exec/s: 3166 rss: 56Mb L: 5/8 MS: 1 EraseBytes-
#6379	NEW    cov: 887 ft: 2745 corp: 115/524b lim: 11 exec/s: 3189 rss: 56Mb L: 8/8 MS: 2 ShuffleBytes-ChangeByte-
#6390	NEW    cov: 887 ft: 2774 corp: 116/532b lim: 11 exec/s: 3195 rss: 56Mb L: 8/8 MS: 1 ShuffleBytes-
#6516	NEW    cov: 887 ft: 2794 corp: 117/542b lim: 11 exec/s: 3258 rss: 56Mb L: 10/10 MS: 1 CopyPart-
#6554	NEW    cov: 887 ft: 2814 corp: 118/550b lim: 11 exec/s: 3277 rss: 56Mb L: 8/10 MS: 3 ShuffleBytes-CrossOver-ChangeBinInt-
#6595	NEW    cov: 894 ft: 2846 corp: 119/561b lim: 11 exec/s: 3297 rss: 56Mb L: 11/11 MS: 1 InsertByte-
#6659	NEW    cov: 894 ft: 2849 corp: 120/572b lim: 11 exec/s: 3329 rss: 56Mb L: 11/11 MS: 4 InsertByte-InsertRepeatedBytes-CrossOver-ShuffleBytes-
#6732	REDUCE cov: 894 ft: 2849 corp: 120/571b lim: 11 exec/s: 3366 rss: 56Mb L: 3/11 MS: 3 EraseBytes-ChangeByte-ChangeBinInt-
#7083	NEW    cov: 894 ft: 2954 corp: 121/583b lim: 14 exec/s: 3541 rss: 56Mb L: 12/12 MS: 1 CopyPart-
#7105	NEW    cov: 894 ft: 2971 corp: 122/596b lim: 14 exec/s: 3552 rss: 56Mb L: 13/13 MS: 2 ShuffleBytes-InsertRepeatedBytes-
#7131	NEW    cov: 894 ft: 3005 corp: 123/604b lim: 14 exec/s: 3565 rss: 56Mb L: 8/13 MS: 1 CopyPart-
#7355	NEW    cov: 894 ft: 3040 corp: 124/617b lim: 14 exec/s: 3677 rss: 56Mb L: 13/13 MS: 4 PersAutoDict-ChangeByte-ShuffleBytes-CrossOver- DE: "def"-
#7362	NEW    cov: 894 ft: 3042 corp: 125/629b lim: 14 exec/s: 3681 rss: 56Mb L: 12/13 MS: 2 ShuffleBytes-CrossOver-
#7377	NEW    cov: 894 ft: 3044 corp: 126/642b lim: 14 exec/s: 3688 rss: 56Mb L: 13/13 MS: 5 InsertByte-InsertByte-PersAutoDict-ChangeByte-InsertRepeatedBytes- DE: "\322\242"-
#7381	NEW    cov: 894 ft: 3073 corp: 127/654b lim: 14 exec/s: 3690 rss: 56Mb L: 12/13 MS: 4 CopyPart-ShuffleBytes-InsertByte-ChangeBit-
#7383	NEW    cov: 894 ft: 3075 corp: 128/660b lim: 14 exec/s: 3691 rss: 56Mb L: 6/13 MS: 2 ChangeByte-ShuffleBytes-
#7411	NEW    cov: 894 ft: 3078 corp: 129/668b lim: 14 exec/s: 3705 rss: 56Mb L: 8/13 MS: 3 CMP-CopyPart-EraseBytes- DE: "Bfa"-
#7612	REDUCE cov: 894 ft: 3078 corp: 129/667b lim: 14 exec/s: 3806 rss: 56Mb L: 5/13 MS: 1 EraseBytes-
#7647	NEW    cov: 894 ft: 3081 corp: 130/679b lim: 14 exec/s: 3823 rss: 56Mb L: 12/13 MS: 5 ShuffleBytes-PersAutoDict-EraseBytes-ChangeByte-PersAutoDict- DE: "Bfa"-"class"-
#7901	NEW    cov: 894 ft: 3120 corp: 131/688b lim: 14 exec/s: 2633 rss: 56Mb L: 9/13 MS: 4 CrossOver-EraseBytes-CopyPart-InsertRepeatedBytes-
#7948	NEW    cov: 902 ft: 3129 corp: 132/694b lim: 14 exec/s: 2649 rss: 56Mb L: 6/13 MS: 2 PersAutoDict-EraseBytes- DE: "for"-
#8180	NEW    cov: 903 ft: 3130 corp: 133/699b lim: 14 exec/s: 2726 rss: 56Mb L: 5/13 MS: 2 ChangeByte-ChangeBit-
#8192	pulse  cov: 903 ft: 3130 corp: 133/699b lim: 14 exec/s: 2730 rss: 56Mb
#8296	REDUCE cov: 903 ft: 3130 corp: 133/698b lim: 14 exec/s: 2765 rss: 56Mb L: 3/13 MS: 1 EraseBytes-
#8429	NEW    cov: 903 ft: 3132 corp: 134/705b lim: 14 exec/s: 2809 rss: 56Mb L: 7/13 MS: 3 CrossOver-CrossOver-CrossOver-
#8503	NEW    cov: 903 ft: 3136 corp: 135/713b lim: 14 exec/s: 2834 rss: 56Mb L: 8/13 MS: 4 InsertByte-EraseBytes-ChangeBit-PersAutoDict- DE: "Bfa"-
#8784	NEW    cov: 906 ft: 3139 corp: 136/721b lim: 14 exec/s: 2928 rss: 56Mb L: 8/13 MS: 1 ChangeBit-
#9015	NEW    cov: 906 ft: 3140 corp: 137/729b lim: 14 exec/s: 3005 rss: 56Mb L: 8/13 MS: 1 PersAutoDict- DE: "\346\215\243"-
#9355	NEW    cov: 908 ft: 3142 corp: 138/736b lim: 17 exec/s: 3118 rss: 56Mb L: 7/13 MS: 5 PersAutoDict-ChangeBit-PersAutoDict-ChangeByte-EraseBytes- DE: "class"-"\346\215\243"-
#9549	NEW    cov: 908 ft: 3144 corp: 139/753b lim: 17 exec/s: 3183 rss: 56Mb L: 17/17 MS: 4 CrossOver-ShuffleBytes-ShuffleBytes-CrossOver-
#9552	NEW    cov: 908 ft: 3146 corp: 140/770b lim: 17 exec/s: 3184 rss: 56Mb L: 17/17 MS: 3 ChangeBit-ChangeBit-InsertRepeatedBytes-
#9568	NEW    cov: 908 ft: 3147 corp: 141/786b lim: 17 exec/s: 3189 rss: 56Mb L: 16/17 MS: 1 CMP- DE: "---+Bfi\012\012ec\012"-
#9581	REDUCE cov: 908 ft: 3147 corp: 141/784b lim: 17 exec/s: 3193 rss: 56Mb L: 4/17 MS: 3 ChangeBit-ChangeBit-EraseBytes-
#9706	NEW    cov: 908 ft: 3164 corp: 142/793b lim: 17 exec/s: 3235 rss: 56Mb L: 9/17 MS: 5 CrossOver-ChangeBit-CrossOver-CrossOver-EraseBytes-
#9777	REDUCE cov: 908 ft: 3164 corp: 142/792b lim: 17 exec/s: 3259 rss: 56Mb L: 5/17 MS: 1 EraseBytes-
#9836	NEW    cov: 909 ft: 3165 corp: 143/806b lim: 17 exec/s: 3278 rss: 56Mb L: 14/17 MS: 4 PersAutoDict-ChangeByte-CrossOver-InsertRepeatedBytes- DE: "Bfa"-
#9914	NEW    cov: 916 ft: 3174 corp: 144/820b lim: 17 exec/s: 3304 rss: 56Mb L: 14/17 MS: 3 PersAutoDict-InsertByte-CrossOver- DE: "lambda"-
#9938	NEW    cov: 916 ft: 3177 corp: 145/826b lim: 17 exec/s: 3312 rss: 56Mb L: 6/17 MS: 4 CopyPart-ChangeBit-CopyPart-ChangeBit-
#10030	REDUCE cov: 916 ft: 3177 corp: 145/825b lim: 17 exec/s: 2507 rss: 56Mb L: 3/17 MS: 2 EraseBytes-ChangeByte-
#10093	NEW    cov: 916 ft: 3178 corp: 146/836b lim: 17 exec/s: 2523 rss: 56Mb L: 11/17 MS: 3 ShuffleBytes-ShuffleBytes-EraseBytes-
#10110	NEW    cov: 916 ft: 3179 corp: 147/845b lim: 17 exec/s: 2527 rss: 56Mb L: 9/17 MS: 2 ChangeBinInt-CopyPart-
#10166	NEW    cov: 916 ft: 3180 corp: 148/859b lim: 17 exec/s: 2541 rss: 56Mb L: 14/17 MS: 1 CrossOver-
#10184	REDUCE cov: 918 ft: 3185 corp: 149/865b lim: 17 exec/s: 2546 rss: 56Mb L: 6/17 MS: 3 CopyPart-CopyPart-CopyPart-
#10216	REDUCE cov: 918 ft: 3185 corp: 149/863b lim: 17 exec/s: 2554 rss: 56Mb L: 9/17 MS: 2 InsertByte-EraseBytes-
#10289	NEW    cov: 919 ft: 3189 corp: 150/872b lim: 17 exec/s: 2572 rss: 56Mb L: 9/17 MS: 3 ChangeBinInt-EraseBytes-CopyPart-
#10321	NEW    cov: 919 ft: 3190 corp: 151/889b lim: 17 exec/s: 2580 rss: 56Mb L: 17/17 MS: 2 CrossOver-ShuffleBytes-
#10367	REDUCE cov: 919 ft: 3190 corp: 151/888b lim: 17 exec/s: 2591 rss: 56Mb L: 6/17 MS: 1 EraseBytes-
#10378	NEW    cov: 919 ft: 3192 corp: 152/903b lim: 17 exec/s: 2594 rss: 56Mb L: 15/17 MS: 1 CrossOver-
#10496	NEW    cov: 920 ft: 3193 corp: 153/909b lim: 17 exec/s: 2624 rss: 56Mb L: 6/17 MS: 3 PersAutoDict-CrossOver-ChangeByte- DE: "for"-
#10513	REDUCE cov: 920 ft: 3205 corp: 154/926b lim: 17 exec/s: 2628 rss: 56Mb L: 17/17 MS: 2 PersAutoDict-CopyPart- DE: "def"-
#10566	NEW    cov: 920 ft: 3220 corp: 155/937b lim: 17 exec/s: 2641 rss: 56Mb L: 11/17 MS: 3 CrossOver-EraseBytes-CrossOver-
#10600	NEW    cov: 920 ft: 3221 corp: 156/951b lim: 17 exec/s: 2650 rss: 56Mb L: 14/17 MS: 4 EraseBytes-CrossOver-InsertByte-ChangeByte-
#10698	NEW    cov: 922 ft: 3238 corp: 157/959b lim: 17 exec/s: 2674 rss: 56Mb L: 8/17 MS: 3 ChangeBit-ChangeBit-CrossOver-
#10892	NEW    cov: 922 ft: 3239 corp: 158/969b lim: 17 exec/s: 2723 rss: 56Mb L: 10/17 MS: 4 ShuffleBytes-EraseBytes-ChangeBinInt-ChangeBit-
#11074	NEW    cov: 922 ft: 3241 corp: 159/981b lim: 17 exec/s: 2768 rss: 56Mb L: 12/17 MS: 2 PersAutoDict-CopyPart- DE: "class"-
#11091	REDUCE cov: 922 ft: 3241 corp: 159/980b lim: 17 exec/s: 2772 rss: 56Mb L: 13/17 MS: 2 ChangeBit-EraseBytes-
#11142	REDUCE cov: 922 ft: 3241 corp: 159/979b lim: 17 exec/s: 2785 rss: 56Mb L: 6/17 MS: 1 EraseBytes-
#11243	NEW    cov: 922 ft: 3244 corp: 160/989b lim: 17 exec/s: 2810 rss: 56Mb L: 10/17 MS: 1 CopyPart-
#11289	REDUCE cov: 922 ft: 3244 corp: 160/987b lim: 17 exec/s: 2822 rss: 56Mb L: 5/17 MS: 1 EraseBytes-
#11305	REDUCE cov: 922 ft: 3244 corp: 160/985b lim: 17 exec/s: 2826 rss: 56Mb L: 12/17 MS: 1 EraseBytes-
#11471	REDUCE cov: 922 ft: 3244 corp: 160/984b lim: 17 exec/s: 2867 rss: 56Mb L: 4/17 MS: 1 EraseBytes-
#11557	NEW    cov: 922 ft: 3286 corp: 161/999b lim: 17 exec/s: 2889 rss: 56Mb L: 15/17 MS: 1 CopyPart-
#11733	NEW    cov: 922 ft: 3287 corp: 162/1006b lim: 17 exec/s: 2933 rss: 56Mb L: 7/17 MS: 1 InsertByte-
#11995	REDUCE cov: 922 ft: 3287 corp: 162/1001b lim: 17 exec/s: 2998 rss: 56Mb L: 12/17 MS: 2 ChangeByte-EraseBytes-
#12016	REDUCE cov: 922 ft: 3287 corp: 162/1000b lim: 17 exec/s: 3004 rss: 56Mb L: 4/17 MS: 1 EraseBytes-
#12302	NEW    cov: 922 ft: 3288 corp: 163/1016b lim: 17 exec/s: 2460 rss: 56Mb L: 16/17 MS: 1 CrossOver-
#12552	NEW    cov: 922 ft: 3289 corp: 164/1031b lim: 17 exec/s: 2510 rss: 56Mb L: 15/17 MS: 5 ChangeByte-EraseBytes-CrossOver-InsertByte-PersAutoDict- DE: "---+Bfi\012\012ec\012"-
#12740	REDUCE cov: 922 ft: 3289 corp: 164/1027b lim: 17 exec/s: 2548 rss: 56Mb L: 6/17 MS: 3 CopyPart-ChangeBinInt-EraseBytes-
#12818	REDUCE cov: 926 ft: 3293 corp: 165/1030b lim: 17 exec/s: 2563 rss: 56Mb L: 3/17 MS: 3 ShuffleBytes-PersAutoDict-CMP- DE: "\322\242"-"\343\256\267"-
#12909	NEW    cov: 942 ft: 3328 corp: 166/1036b lim: 17 exec/s: 2581 rss: 56Mb L: 6/17 MS: 1 ChangeBit-
#12936	NEW    cov: 942 ft: 3329 corp: 167/1050b lim: 17 exec/s: 2587 rss: 56Mb L: 14/17 MS: 2 ChangeBinInt-ShuffleBytes-
#12947	NEW    cov: 942 ft: 3333 corp: 168/1065b lim: 17 exec/s: 2589 rss: 56Mb L: 15/17 MS: 1 CopyPart-
#13198	REDUCE cov: 942 ft: 3333 corp: 168/1064b lim: 17 exec/s: 2639 rss: 56Mb L: 7/17 MS: 1 EraseBytes-
#13215	NEW    cov: 942 ft: 3335 corp: 169/1074b lim: 17 exec/s: 2643 rss: 56Mb L: 10/17 MS: 2 ChangeBit-InsertByte-
#13299	NEW    cov: 942 ft: 3350 corp: 170/1087b lim: 17 exec/s: 2659 rss: 56Mb L: 13/17 MS: 4 CopyPart-CrossOver-CopyPart-PersAutoDict- DE: "---+Bfi\012\012ec\012"-
#13501	NEW    cov: 942 ft: 3355 corp: 171/1094b lim: 17 exec/s: 2700 rss: 56Mb L: 7/17 MS: 2 ChangeByte-PersAutoDict- DE: "\346\215\243"-
#13611	NEW    cov: 942 ft: 3358 corp: 172/1111b lim: 17 exec/s: 2722 rss: 56Mb L: 17/17 MS: 5 ChangeBit-ChangeBit-InsertRepeatedBytes-CrossOver-PersAutoDict- DE: "\322\242"-
#13614	NEW    cov: 942 ft: 3436 corp: 173/1128b lim: 17 exec/s: 2722 rss: 56Mb L: 17/17 MS: 3 InsertByte-ChangeBit-CopyPart-
#13680	NEW    cov: 942 ft: 3437 corp: 174/1138b lim: 17 exec/s: 2736 rss: 56Mb L: 10/17 MS: 1 InsertByte-
#13921	NEW    cov: 942 ft: 3439 corp: 175/1155b lim: 17 exec/s: 2784 rss: 56Mb L: 17/17 MS: 1 CopyPart-
#14026	REDUCE cov: 942 ft: 3441 corp: 176/1172b lim: 17 exec/s: 2337 rss: 56Mb L: 17/17 MS: 5 ChangeBit-CrossOver-CopyPart-CrossOver-CopyPart-
#14171	REDUCE cov: 942 ft: 3471 corp: 177/1187b lim: 17 exec/s: 2361 rss: 56Mb L: 15/17 MS: 5 InsertRepeatedBytes-ChangeByte-EraseBytes-ChangeBit-CrossOver-
#14257	NEW    cov: 942 ft: 3478 corp: 178/1204b lim: 17 exec/s: 2376 rss: 56Mb L: 17/17 MS: 1 ChangeBinInt-
#14260	NEW    cov: 945 ft: 3490 corp: 179/1213b lim: 17 exec/s: 2376 rss: 56Mb L: 9/17 MS: 3 CopyPart-ShuffleBytes-InsertRepeatedBytes-
#14397	NEW    cov: 945 ft: 3510 corp: 180/1225b lim: 17 exec/s: 2399 rss: 56Mb L: 12/17 MS: 2 InsertRepeatedBytes-PersAutoDict- DE: "---+Bfi\012\012ec\012"-
#14474	REDUCE cov: 945 ft: 3510 corp: 180/1222b lim: 17 exec/s: 2412 rss: 56Mb L: 11/17 MS: 2 CrossOver-CMP- DE: "\001\000\000\000"-
#14520	REDUCE cov: 945 ft: 3510 corp: 180/1220b lim: 17 exec/s: 2420 rss: 56Mb L: 10/17 MS: 1 EraseBytes-
#14545	NEW    cov: 951 ft: 3516 corp: 181/1237b lim: 17 exec/s: 2424 rss: 56Mb L: 17/17 MS: 5 CrossOver-InsertRepeatedBytes-InsertByte-ChangeByte-CopyPart-
#14572	REDUCE cov: 951 ft: 3516 corp: 181/1235b lim: 17 exec/s: 2428 rss: 56Mb L: 13/17 MS: 2 ChangeBinInt-EraseBytes-
#14633	REDUCE cov: 951 ft: 3516 corp: 181/1230b lim: 17 exec/s: 2438 rss: 56Mb L: 7/17 MS: 1 EraseBytes-
#14645	NEW    cov: 953 ft: 3518 corp: 182/1241b lim: 17 exec/s: 2440 rss: 56Mb L: 11/17 MS: 2 CMP-ChangeByte- DE: "BcBcB"-
#14807	REDUCE cov: 953 ft: 3521 corp: 183/1248b lim: 17 exec/s: 2467 rss: 56Mb L: 7/17 MS: 2 ShuffleBytes-CopyPart-
#14903	REDUCE cov: 953 ft: 3521 corp: 183/1247b lim: 17 exec/s: 2483 rss: 56Mb L: 7/17 MS: 1 EraseBytes-
#14944	REDUCE cov: 953 ft: 3521 corp: 183/1244b lim: 17 exec/s: 2490 rss: 56Mb L: 12/17 MS: 1 EraseBytes-
#14955	REDUCE cov: 953 ft: 3521 corp: 183/1243b lim: 17 exec/s: 2492 rss: 56Mb L: 13/17 MS: 1 EraseBytes-
#14996	NEW    cov: 953 ft: 3522 corp: 184/1258b lim: 17 exec/s: 2499 rss: 56Mb L: 15/17 MS: 1 CrossOver-
#15062	NEW    cov: 953 ft: 3547 corp: 185/1271b lim: 17 exec/s: 2510 rss: 56Mb L: 13/17 MS: 1 CopyPart-
#15203	NEW    cov: 954 ft: 3548 corp: 186/1274b lim: 17 exec/s: 2533 rss: 56Mb L: 3/17 MS: 1 ShuffleBytes-
#15226	NEW    cov: 954 ft: 3550 corp: 187/1291b lim: 17 exec/s: 2537 rss: 56Mb L: 17/17 MS: 3 ChangeBit-ChangeASCIIInt-ChangeBit-
#15267	NEW    cov: 954 ft: 3554 corp: 188/1308b lim: 17 exec/s: 2544 rss: 56Mb L: 17/17 MS: 1 ChangeByte-
#15314	NEW    cov: 954 ft: 3555 corp: 189/1323b lim: 17 exec/s: 2552 rss: 56Mb L: 15/17 MS: 2 ChangeBit-ChangeBit-
#15640	NEW    cov: 954 ft: 3558 corp: 190/1340b lim: 17 exec/s: 2606 rss: 57Mb L: 17/17 MS: 1 InsertByte-
#15668	NEW    cov: 956 ft: 3570 corp: 191/1352b lim: 17 exec/s: 2611 rss: 57Mb L: 12/17 MS: 3 ChangeByte-ChangeByte-EraseBytes-
#15709	NEW    cov: 956 ft: 3578 corp: 192/1363b lim: 17 exec/s: 2618 rss: 57Mb L: 11/17 MS: 1 PersAutoDict- DE: "\347\211\257"-
#15820	NEW    cov: 956 ft: 3580 corp: 193/1369b lim: 17 exec/s: 2636 rss: 57Mb L: 6/17 MS: 1 CrossOver-
#15945	NEW    cov: 957 ft: 3581 corp: 194/1385b lim: 17 exec/s: 2277 rss: 57Mb L: 16/17 MS: 5 InsertByte-ChangeBit-ChangeByte-ChangeBit-ChangeBinInt-
#16279	REDUCE cov: 957 ft: 3581 corp: 194/1381b lim: 17 exec/s: 2325 rss: 57Mb L: 13/17 MS: 4 CopyPart-PersAutoDict-CopyPart-EraseBytes- DE: "lambda"-
#16384	pulse  cov: 957 ft: 3581 corp: 194/1381b lim: 17 exec/s: 2340 rss: 57Mb
#16515	REDUCE cov: 957 ft: 3581 corp: 194/1379b lim: 17 exec/s: 2359 rss: 57Mb L: 9/17 MS: 1 EraseBytes-
#16586	NEW    cov: 957 ft: 3583 corp: 195/1392b lim: 17 exec/s: 2369 rss: 57Mb L: 13/17 MS: 1 CopyPart-
#16883	REDUCE cov: 957 ft: 3583 corp: 195/1391b lim: 17 exec/s: 2411 rss: 57Mb L: 5/17 MS: 2 ChangeBinInt-EraseBytes-
#17009	REDUCE cov: 957 ft: 3583 corp: 195/1390b lim: 17 exec/s: 2429 rss: 57Mb L: 7/17 MS: 1 EraseBytes-
#17065	NEW    cov: 957 ft: 3598 corp: 196/1407b lim: 17 exec/s: 2437 rss: 57Mb L: 17/17 MS: 1 CopyPart-
#17132	NEW    cov: 957 ft: 3600 corp: 197/1422b lim: 17 exec/s: 2447 rss: 57Mb L: 15/17 MS: 2 CopyPart-PersAutoDict- DE: "\000\000"-
#17133	NEW    cov: 957 ft: 3603 corp: 198/1438b lim: 17 exec/s: 2447 rss: 57Mb L: 16/17 MS: 1 ChangeBinInt-
#17599	NEW    cov: 957 ft: 3604 corp: 199/1449b lim: 21 exec/s: 2514 rss: 57Mb L: 11/17 MS: 1 CrossOver-
#17662	REDUCE cov: 957 ft: 3606 corp: 200/1464b lim: 21 exec/s: 2523 rss: 57Mb L: 15/17 MS: 3 InsertRepeatedBytes-ShuffleBytes-InsertByte-
#17998	REDUCE cov: 957 ft: 3606 corp: 200/1463b lim: 21 exec/s: 2249 rss: 57Mb L: 4/17 MS: 1 EraseBytes-
#18138	REDUCE cov: 957 ft: 3606 corp: 200/1462b lim: 21 exec/s: 2267 rss: 57Mb L: 10/17 MS: 5 ChangeByte-ChangeBit-InsertRepeatedBytes-CrossOver-EraseBytes-
#18239	NEW    cov: 957 ft: 3609 corp: 201/1469b lim: 21 exec/s: 2279 rss: 57Mb L: 7/17 MS: 1 CrossOver-
#18295	NEW    cov: 957 ft: 3614 corp: 202/1486b lim: 21 exec/s: 2286 rss: 57Mb L: 17/17 MS: 1 PersAutoDict- DE: "\346\215\243"-
#18556	REDUCE cov: 957 ft: 3614 corp: 202/1485b lim: 21 exec/s: 2319 rss: 57Mb L: 12/17 MS: 1 EraseBytes-
#18622	NEW    cov: 957 ft: 3621 corp: 203/1503b lim: 21 exec/s: 2327 rss: 57Mb L: 18/18 MS: 1 CopyPart-
#18736	REDUCE cov: 958 ft: 3676 corp: 204/1518b lim: 21 exec/s: 2342 rss: 57Mb L: 15/18 MS: 4 InsertRepeatedBytes-ChangeBinInt-PersAutoDict-CopyPart- DE: "def"-
#18858	NEW    cov: 958 ft: 3695 corp: 205/1532b lim: 21 exec/s: 2357 rss: 57Mb L: 14/18 MS: 2 PersAutoDict-InsertByte- DE: "lambda"-
#18986	NEW    cov: 959 ft: 3696 corp: 206/1537b lim: 21 exec/s: 2373 rss: 57Mb L: 5/18 MS: 3 InsertByte-CrossOver-ChangeBit-
#18992	NEW    cov: 959 ft: 3697 corp: 207/1547b lim: 21 exec/s: 2374 rss: 57Mb L: 10/18 MS: 1 CrossOver-
#19123	REDUCE cov: 959 ft: 3697 corp: 207/1546b lim: 21 exec/s: 2390 rss: 57Mb L: 4/18 MS: 1 EraseBytes-
#19150	REDUCE cov: 959 ft: 3698 corp: 208/1554b lim: 21 exec/s: 2393 rss: 57Mb L: 8/18 MS: 2 PersAutoDict-ChangeByte- DE: "\322\242"-
#19241	NEW    cov: 959 ft: 3728 corp: 209/1574b lim: 21 exec/s: 2405 rss: 57Mb L: 20/20 MS: 1 CrossOver-
#19752	NEW    cov: 959 ft: 3741 corp: 210/1587b lim: 25 exec/s: 2469 rss: 57Mb L: 13/20 MS: 1 CopyPart-
#19828	REDUCE cov: 959 ft: 3741 corp: 210/1582b lim: 25 exec/s: 2478 rss: 57Mb L: 7/20 MS: 1 EraseBytes-
#20007	REDUCE cov: 959 ft: 3743 corp: 211/1607b lim: 25 exec/s: 2223 rss: 57Mb L: 25/25 MS: 4 EraseBytes-InsertRepeatedBytes-ChangeASCIIInt-ChangeASCIIInt-
#20073	REDUCE cov: 959 ft: 3743 corp: 211/1605b lim: 25 exec/s: 2230 rss: 57Mb L: 15/25 MS: 1 EraseBytes-
#20086	NEW    cov: 959 ft: 3744 corp: 212/1628b lim: 25 exec/s: 2231 rss: 57Mb L: 23/25 MS: 3 InsertRepeatedBytes-ChangeBit-CopyPart-
#20203	REDUCE cov: 959 ft: 3744 corp: 212/1626b lim: 25 exec/s: 2244 rss: 57Mb L: 15/25 MS: 2 CopyPart-EraseBytes-
#20229	NEW    cov: 959 ft: 3750 corp: 213/1634b lim: 25 exec/s: 2247 rss: 57Mb L: 8/25 MS: 1 CopyPart-
#20345	NEW    cov: 959 ft: 3751 corp: 214/1647b lim: 25 exec/s: 2260 rss: 57Mb L: 13/25 MS: 1 ChangeByte-
#20397	NEW    cov: 959 ft: 3764 corp: 215/1660b lim: 25 exec/s: 2266 rss: 57Mb L: 13/25 MS: 2 EraseBytes-CrossOver-
#20428	REDUCE cov: 959 ft: 3764 corp: 215/1659b lim: 25 exec/s: 2269 rss: 57Mb L: 7/25 MS: 1 EraseBytes-
#20769	NEW    cov: 959 ft: 3766 corp: 216/1682b lim: 25 exec/s: 2307 rss: 57Mb L: 23/25 MS: 1 InsertRepeatedBytes-
#20865	NEW    cov: 959 ft: 3768 corp: 217/1706b lim: 25 exec/s: 2318 rss: 57Mb L: 24/25 MS: 1 CopyPart-
#20872	REDUCE cov: 959 ft: 3770 corp: 218/1712b lim: 25 exec/s: 2319 rss: 57Mb L: 6/25 MS: 2 CopyPart-ChangeByte-
#21103	NEW    cov: 985 ft: 3817 corp: 219/1725b lim: 25 exec/s: 2344 rss: 57Mb L: 13/25 MS: 1 InsertByte-
#21171	REDUCE cov: 985 ft: 3817 corp: 219/1723b lim: 25 exec/s: 2352 rss: 57Mb L: 4/25 MS: 3 CrossOver-InsertByte-EraseBytes-
#21272	NEW    cov: 985 ft: 3822 corp: 220/1745b lim: 25 exec/s: 2363 rss: 57Mb L: 22/25 MS: 1 InsertRepeatedBytes-
#21338	NEW    cov: 985 ft: 3833 corp: 221/1769b lim: 25 exec/s: 2370 rss: 57Mb L: 24/25 MS: 1 CopyPart-
#21449	NEW    cov: 985 ft: 3834 corp: 222/1789b lim: 25 exec/s: 2383 rss: 57Mb L: 20/25 MS: 1 PersAutoDict- DE: "\347\211\257"-
#21540	NEW    cov: 985 ft: 3854 corp: 223/1811b lim: 25 exec/s: 2393 rss: 57Mb L: 22/25 MS: 1 CopyPart-
#21801	REDUCE cov: 985 ft: 3854 corp: 223/1810b lim: 25 exec/s: 2422 rss: 57Mb L: 10/25 MS: 1 EraseBytes-
#22007	NEW    cov: 985 ft: 3855 corp: 224/1828b lim: 25 exec/s: 2200 rss: 57Mb L: 18/25 MS: 1 CopyPart-
#22028	REDUCE cov: 985 ft: 3855 corp: 224/1825b lim: 25 exec/s: 2202 rss: 57Mb L: 20/25 MS: 1 EraseBytes-
#22095	NEW    cov: 986 ft: 3856 corp: 225/1837b lim: 25 exec/s: 2209 rss: 57Mb L: 12/25 MS: 2 ShuffleBytes-ChangeBit-
#22238	NEW    cov: 989 ft: 3859 corp: 226/1860b lim: 25 exec/s: 2223 rss: 57Mb L: 23/25 MS: 3 InsertRepeatedBytes-PersAutoDict-CrossOver- DE: "\346\215\243"-
#22267	NEW    cov: 990 ft: 3860 corp: 227/1864b lim: 25 exec/s: 2226 rss: 57Mb L: 4/25 MS: 4 EraseBytes-InsertByte-InsertByte-CopyPart-
#22637	NEW    cov: 994 ft: 3864 corp: 228/1878b lim: 25 exec/s: 2263 rss: 57Mb L: 14/25 MS: 5 InsertByte-PersAutoDict-ChangeByte-CMP-CrossOver- DE: "---+Bfi\012\012ec\012"-"\016\000\000\000\000\000\000\000"-
#22694	NEW    cov: 996 ft: 3866 corp: 229/1895b lim: 25 exec/s: 2269 rss: 57Mb L: 17/25 MS: 2 CrossOver-ChangeByte-
#22700	NEW    cov: 996 ft: 3904 corp: 230/1913b lim: 25 exec/s: 2270 rss: 57Mb L: 18/25 MS: 1 CopyPart-
#22708	NEW    cov: 996 ft: 3905 corp: 231/1930b lim: 25 exec/s: 2270 rss: 57Mb L: 17/25 MS: 3 EraseBytes-ChangeBinInt-CopyPart-
#22782	NEW    cov: 996 ft: 3909 corp: 232/1955b lim: 25 exec/s: 2278 rss: 57Mb L: 25/25 MS: 4 ChangeByte-ChangeASCIIInt-ChangeBinInt-CopyPart-
#22868	NEW    cov: 996 ft: 4011 corp: 233/1979b lim: 25 exec/s: 2286 rss: 57Mb L: 24/25 MS: 1 CrossOver-
#23064	NEW    cov: 996 ft: 4012 corp: 234/1996b lim: 25 exec/s: 2306 rss: 57Mb L: 17/25 MS: 1 ChangeBit-
#23171	REDUCE cov: 996 ft: 4012 corp: 234/1992b lim: 25 exec/s: 2317 rss: 57Mb L: 11/25 MS: 2 ChangeByte-EraseBytes-
#23262	NEW    cov: 996 ft: 4014 corp: 235/2017b lim: 25 exec/s: 2326 rss: 57Mb L: 25/25 MS: 1 ChangeByte-
#23358	REDUCE cov: 996 ft: 4014 corp: 235/2014b lim: 25 exec/s: 2335 rss: 57Mb L: 12/25 MS: 1 EraseBytes-
#23538	DONE   cov: 996 ft: 4014 corp: 235/2014b lim: 25 exec/s: 2139 rss: 57Mb
###### Recommended dictionary. ######
"\322\242" # Uses: 266
"for" # Uses: 201
"def" # Uses: 191
"\347\211\257" # Uses: 210
"lambda" # Uses: 127
"class" # Uses: 136
"\000\000" # Uses: 176
"\346\215\243" # Uses: 125
"Bfa" # Uses: 117
"---+Bfi\012\012ec\012" # Uses: 47
"\343\256\267" # Uses: 74
"\001\000\000\000" # Uses: 49
"BcBcB" # Uses: 57
"\016\000\000\000\000\000\000\000" # Uses: 3
###### End of recommended dictionary. ######
Done 23538 runs in 11 second(s)
