
============================================================
Evaluating: /root/Tokenizer.scala
============================================================

✓ File exists
✓ Source loaded (10845 characters)

--- Checking Compilation ---
❌ Compilation failed
  - /root/localtest/src/main/scala/tokenizer/Tokenizer.scala:118:15: pattern type is incompatible with expected type;
  - found   : Double
  - required: Number
  - case d: Double => f"$d%.${precision}f"
  - ^

--- Running Unit Tests ---
⚠ Skipping tests (sbt not available or compilation failed)

--- Evaluating Code Quality Criteria ---


FUNCTIONALITY_PRESERVATION:
----------------------------------------
Score: 5/5 (EXCELLENT)
  Found 9/9 required components
  Found 4/4 key methods

SCALA_CONVENTIONS:
----------------------------------------
Score: 5/5 (EXCELLENT)
  ✓ camelCase_methods: 30 occurrences
  ✓ PascalCase_classes: 25 occurrences
  ✓ immutable_val: 31 occurrences
  ✓ case_class: 1 occurrences
  ✓ sealed_trait: 1 occurrences
  Suggestions:
    → Consider refactoring: Null usage (prefer Option)
    → Consider refactoring: Explicit return statement (often unnecessary in Scala)

READABILITY:
----------------------------------------
Score: 5/5 (EXCELLENT)
  Total lines: 367
  Scaladoc blocks: 8
  Single-line comments: 36
  Type annotations: 77

PARADIGM_MATCH:
----------------------------------------
Score: 4/5 (GOOD)
  ✓ map: 5 occurrences
  ✓ higher_order_func: 11 occurrences
  ✓ immutable_collections: 7 occurrences
  Immutability ratio (val/total): 91.18%
  Option usage: 7, null usage: 2
  Suggestions:
    → Consider reducing mutable variables (3 vars found)
    → Consider using Option instead of null

APPROPRIATE_ABSTRACTIONS:
----------------------------------------
Score: 5/5 (EXCELLENT)
  Traits defined: 3
  ✓ Sealed hierarchies: 1
  Generic type usages: 36
  Objects/Companions: 9
  ✓ Type class instances: 1

============================================================
EVALUATION SUMMARY
============================================================
Overall Score: 24/25 (96.0%)
Status: ❌ NEEDS IMPROVEMENT
============================================================

