
============================================================
Evaluating: /root/Tokenizer.scala
============================================================

✓ File exists
✓ Source loaded (15775 characters)

--- Checking Compilation ---
✓ Compilation successful

--- Running Unit Tests ---
[info] welcome to sbt 1.12.1 (Ubuntu Java 21.0.9)
[info] loading project definition from /root/localtest/project
[info] loading settings for project root from build.sbt...
[info] set current project to scala-tokenizer (in build file:/root/localtest/)
[info] compiling 1 Scala source to /root/localtest/target/scala-2.13/test-classes ...
[error] /root/localtest/src/test/scala/tokenizer/Tokenizertest.scala:19:15: value STRING is not a member of object tokenizer.TokenType
[error]     TokenType.STRING.value shouldBe "string"
[error]               ^
[error] /root/localtest/src/test/scala/tokenizer/Tokenizertest.scala:20:15: value NUMERIC is not a member of object tokenizer.TokenType
[error]     TokenType.NUMERIC.value shouldBe "numeric"
[error]               ^
[error] /root/localtest/src/test/scala/tokenizer/Tokenizertest.scala:21:15: value TEMPORAL is not a member of object tokenizer.TokenType
[error]     TokenType.TEMPORAL.value shouldBe "temporal"
[error]               ^
[error] /root/localtest/src/test/scala/tokenizer/Tokenizertest.scala:22:15: value STRUCTURED is not a member of object tokenizer.TokenType
[error]     TokenType.STRUCTURED.value shouldBe "structured"
[error]               ^
[error] /root/localtest/src/test/scala/tokenizer/Tokenizertest.scala:23:15: value BINARY is not a member of object tokenizer.TokenType
[error]     TokenType.BINARY.value shouldBe "binary"
[error]               ^
[error] /root/localtest/src/test/scala/tokenizer/Tokenizertest.scala:24:15: value NULL is not a member of object tokenizer.TokenType
[error]     TokenType.NULL.value shouldBe "null"
[error]               ^
[error] /root/localtest/src/test/scala/tokenizer/Tokenizertest.scala:33:41: value STRING is not a member of object tokenizer.TokenType
[error]     val token = Token("test", TokenType.STRING)
[error]                                         ^
[error] /root/localtest/src/test/scala/tokenizer/Tokenizertest.scala:50:15: value size is not a member of tokenizer.TokenContainer[String]
[error]     container.size shouldBe 3
[error]               ^
[error] /root/localtest/src/test/scala/tokenizer/Tokenizertest.scala:60:27: value tokenizeNull is not a member of tokenizer.UniversalTokenizer
[error]     val token = tokenizer.tokenizeNull
[error]                           ^
[error] /root/localtest/src/test/scala/tokenizer/Tokenizertest.scala:71:40: value TEMPORAL is not a member of object tokenizer.TokenType
[error]     token.tokenType shouldBe TokenType.TEMPORAL
[error]                                        ^
[error] /root/localtest/src/test/scala/tokenizer/Tokenizertest.scala:86:43: value STRING is not a member of object tokenizer.TokenType
[error]       Some(Token(s.toUpperCase, TokenType.STRING))
[error]                                           ^
[error] /root/localtest/src/test/scala/tokenizer/Tokenizertest.scala:116:40: value STRUCTURED is not a member of object tokenizer.TokenType
[error]     token.tokenType shouldBe TokenType.STRUCTURED
[error]                                        ^
[error] /root/localtest/src/test/scala/tokenizer/Tokenizertest.scala:143:21: not found: value TokenizerBuilder
[error]     val tokenizer = TokenizerBuilder[String]()
[error]                     ^
[error] 13 errors found
[error] (Test / compileIncremental) Compilation failed
[error] Total time: 16 s, completed Jan 29, 2026, 6:56:37 AM

Tests passed: 0/0

--- Evaluating Code Quality Criteria ---


FUNCTIONALITY_PRESERVATION:
----------------------------------------
Score: 5/5 (EXCELLENT)
  Found 9/9 required components
  Found 4/4 key methods

SCALA_CONVENTIONS:
----------------------------------------
Score: 4/5 (GOOD)
  ✓ camelCase_methods: 48 occurrences
  ✓ PascalCase_classes: 29 occurrences
  ✓ immutable_val: 38 occurrences
  ✓ case_class: 2 occurrences
  ✓ sealed_trait: 2 occurrences
  Suggestions:
    → Consider refactoring: Null usage (prefer Option)
    → Consider refactoring: Unsafe casting with asInstanceOf
    → Consider refactoring: Explicit return statement (often unnecessary in Scala)

READABILITY:
----------------------------------------
Score: 5/5 (EXCELLENT)
  Total lines: 545
  Scaladoc blocks: 30
  Single-line comments: 41
  Type annotations: 124

PARADIGM_MATCH:
----------------------------------------
Score: 3/5 (ADEQUATE)
  ✓ map: 8 occurrences
  ✓ flatMap: 1 occurrences
  ✓ higher_order_func: 19 occurrences
  ✓ immutable_collections: 24 occurrences
  Immutability ratio (val/total): 77.55%
  Suggestions:
    → Consider reducing mutable variables (11 vars found)
    → Consider using Option instead of null

APPROPRIATE_ABSTRACTIONS:
----------------------------------------
Score: 5/5 (EXCELLENT)
  Traits defined: 4
  ✓ Sealed hierarchies: 2
  Generic type usages: 67
  Objects/Companions: 5
  ✓ Variance annotations: 4

============================================================
EVALUATION SUMMARY
============================================================
Overall Score: 22/25 (88.0%)
Status: ❌ NEEDS IMPROVEMENT
============================================================

