
============================================================
Evaluating: /root/Tokenizer.scala
============================================================

✓ File exists
✓ Source loaded (4863 characters)

--- Checking Compilation ---
❌ Compilation failed
  - java.io.IOException: User limit of inotify instances reached or too many open files
  - Use 'last' for the full log.

--- Running Unit Tests ---
⚠ Skipping tests (sbt not available or compilation failed)

--- Evaluating Code Quality Criteria ---


FUNCTIONALITY_PRESERVATION:
----------------------------------------
Score: 3/5 (ADEQUATE)
  Found 5/9 required components
  Missing components: TemporalTokenizer, UniversalTokenizer, WhitespaceTokenizer, TokenizerBuilder
  Found 3/4 key methods
  Suggestions:
    → Implement missing components: TemporalTokenizer, UniversalTokenizer, WhitespaceTokenizer, TokenizerBuilder

SCALA_CONVENTIONS:
----------------------------------------
Score: 5/5 (EXCELLENT)
  ✓ camelCase_methods: 25 occurrences
  ✓ PascalCase_classes: 19 occurrences
  ✓ immutable_val: 14 occurrences
  ✓ case_class: 2 occurrences
  ✓ sealed_trait: 1 occurrences
  Suggestions:
    → Consider refactoring: Null usage (prefer Option)

READABILITY:
----------------------------------------
Score: 5/5 (EXCELLENT)
  Total lines: 174
  Scaladoc blocks: 2
  Single-line comments: 15
  Type annotations: 44

PARADIGM_MATCH:
----------------------------------------
Score: 4/5 (GOOD)
  ✓ map: 2 occurrences
  ✓ higher_order_func: 3 occurrences
  ✓ immutable_collections: 7 occurrences
  Immutability ratio (val/total): 87.50%
  Option usage: 0, null usage: 1
  Suggestions:
    → Consider reducing mutable variables (2 vars found)
    → Consider using Option instead of null

APPROPRIATE_ABSTRACTIONS:
----------------------------------------
Score: 5/5 (EXCELLENT)
  Traits defined: 5
  ✓ Sealed hierarchies: 1
  Generic type usages: 18
  Objects/Companions: 1
  ✓ Variance annotations: 3
  Suggestions:
    → Consider using type classes for polymorphism

============================================================
EVALUATION SUMMARY
============================================================
Overall Score: 22/25 (88.0%)
Status: ❌ NEEDS IMPROVEMENT
============================================================

