
============================================================
Evaluating: /root/Tokenizer.scala
============================================================

✓ File exists
✓ Source loaded (22418 characters)

--- Checking Compilation ---
❌ Compilation failed
  - java.io.IOException: User limit of inotify instances reached or too many open files
  - Use 'last' for the full log.

--- Running Unit Tests ---
⚠ Skipping tests (sbt not available or compilation failed)

--- Evaluating Code Quality Criteria ---


FUNCTIONALITY_PRESERVATION:
----------------------------------------
Score: 5/5 (EXCELLENT)
  Found 9/9 required components
  Found 4/4 key methods

SCALA_CONVENTIONS:
----------------------------------------
Score: 4/5 (GOOD)
  ✓ camelCase_methods: 86 occurrences
  ✓ PascalCase_classes: 63 occurrences
  ✓ immutable_val: 46 occurrences
  ✓ case_class: 15 occurrences
  ✓ sealed_trait: 3 occurrences
  Suggestions:
    → Consider refactoring: Null usage (prefer Option)
    → Consider refactoring: Explicit return statement (often unnecessary in Scala)

READABILITY:
----------------------------------------
Score: 5/5 (EXCELLENT)
  Total lines: 706
  Scaladoc blocks: 36
  Single-line comments: 34
  Type annotations: 211

PARADIGM_MATCH:
----------------------------------------
Score: 4/5 (GOOD)
  ✓ map: 13 occurrences
  ✓ flatMap: 2 occurrences
  ✓ filter: 2 occurrences
  ✓ higher_order_func: 28 occurrences
  ✓ immutable_collections: 22 occurrences
  Suggestions:
    → Consider reducing mutable variables (5 vars found)
    → Consider using Option instead of null

APPROPRIATE_ABSTRACTIONS:
----------------------------------------
Score: 5/5 (EXCELLENT)
  Traits defined: 7
  ✓ Sealed hierarchies: 3
  Generic type usages: 112
  Objects/Companions: 19
  ✓ Variance annotations: 3

============================================================
EVALUATION SUMMARY
============================================================
Overall Score: 23/25 (92.0%)
Status: ❌ NEEDS IMPROVEMENT
============================================================

