
============================================================
Evaluating: /root/Tokenizer.scala
============================================================

✓ File exists
✓ Source loaded (11585 characters)

--- Checking Compilation ---
✓ Compilation successful

--- Running Unit Tests ---
[info] welcome to sbt 1.12.1 (Ubuntu Java 21.0.9)
[info] loading project definition from /root/localtest/project
[info] loading settings for project root from build.sbt...
[info] set current project to scala-tokenizer (in build file:/root/localtest/)
[info] compiling 1 Scala source to /root/localtest/target/scala-2.13/test-classes ...
[info] done compiling
[info] TokenizerSpec:
[info] TokenType
[info] - should have correct string values
[info] Token
[info] - should be immutable and create new instances with metadata
[info] TokenContainer
[info] - should store and retrieve items
[info] UniversalTokenizer
[info] - should tokenize null values
[info] - should tokenize datetime
[info] TokenRegistry
[info] - should register and process containers
[info] TokenFunctor
[info] - should map values
[info] JsonTokenizer
[info] - should tokenize JSON values
[info] WhitespaceTokenizer
[info] - should combine multiple options
[info] TokenizerBuilder
[info] - should chain multiple operations fluently
[info] Run completed in 1 second, 156 milliseconds.
[info] Total number of tests run: 10
[info] Suites: completed 1, aborted 0
[info] Tests: succeeded 10, failed 0, canceled 0, ignored 0, pending 0
[info] All tests passed.
[success] Total time: 15 s, completed Jan 29, 2026, 9:29:36 AM

Tests passed: 10/10

--- Evaluating Code Quality Criteria ---


FUNCTIONALITY_PRESERVATION:
----------------------------------------
Score: 4/5 (GOOD)
  Found 9/9 required components
  Found 3/4 key methods

SCALA_CONVENTIONS:
----------------------------------------
Score: 5/5 (EXCELLENT)
  ✓ camelCase_methods: 44 occurrences
  ✓ PascalCase_classes: 29 occurrences
  ✓ immutable_val: 26 occurrences
  ✓ case_class: 1 occurrences
  ✓ sealed_trait: 1 occurrences
  Suggestions:
    → Consider refactoring: Null usage (prefer Option)

READABILITY:
----------------------------------------
Score: 4/5 (GOOD)
  Total lines: 387
  Scaladoc blocks: 1
  Single-line comments: 30
  Type annotations: 113

PARADIGM_MATCH:
----------------------------------------
Score: 4/5 (GOOD)
  ✓ map: 9 occurrences
  ✓ flatMap: 4 occurrences
  ✓ filter: 4 occurrences
  ✓ fold: 2 occurrences
  ✓ higher_order_func: 22 occurrences
  Suggestions:
    → Consider reducing mutable variables (12 vars found)
    → Consider using Option instead of null

APPROPRIATE_ABSTRACTIONS:
----------------------------------------
Score: 5/5 (EXCELLENT)
  Traits defined: 5
  ✓ Sealed hierarchies: 1
  Generic type usages: 52
  Objects/Companions: 3
  ✓ Variance annotations: 3
  Suggestions:
    → Consider using type classes for polymorphism

============================================================
EVALUATION SUMMARY
============================================================
Overall Score: 22/25 (88.0%)
Status: ✓ PASSED
============================================================

