INFO: Instrumenting arrow
INFO: Instrumenting arrow._version
INFO: Instrumenting arrow.api
INFO: Instrumenting datetime
INFO: Instrumenting arrow.arrow
INFO: Instrumenting calendar
INFO: Instrumenting locale
INFO: Instrumenting _locale
WARNING: It looks like this module is imported by a custom loader. Atheris has experimental support for this. However, it may be incompatible with certain libraries. If you experience unusual errors or poor coverage collection, try atheris.instrument_all() instead, add enable_loader_override=False to instrument_imports(), or file an issue on GitHub.
INFO: Instrumenting dateutil
INFO: Instrumenting dateutil._version
INFO: Instrumenting dateutil.tz
INFO: Instrumenting dateutil.tz.tz
INFO: Instrumenting struct
INFO: Instrumenting six
INFO: Instrumenting __future__
INFO: Instrumenting importlib.util
INFO: Instrumenting six.moves
INFO: Instrumenting dateutil.tz._common
INFO: Instrumenting dateutil.tz._factories
INFO: Instrumenting dateutil.tz.win
INFO: Instrumenting dateutil.relativedelta
INFO: Instrumenting dateutil._common
INFO: Instrumenting arrow.formatter
INFO: Instrumenting arrow.locales
INFO: Instrumenting arrow.constants
INFO: Instrumenting arrow.parser
INFO: Instrumenting zoneinfo
INFO: Instrumenting zoneinfo._tzpath
INFO: Instrumenting sysconfig
INFO: Instrumenting _sysconfigdata__linux_x86_64-linux-gnu
INFO: Instrumenting zoneinfo._common
INFO: Instrumenting arrow.util
INFO: Instrumenting dateutil.rrule
INFO: Instrumenting heapq
INFO: Instrumenting arrow.factory
INFO: Instrumenting decimal
INFO: Instrumenting numbers
INFO: Using built-in libfuzzer
WARNING: Failed to find function "__sanitizer_acquire_crash_state".
WARNING: Failed to find function "__sanitizer_print_stack_trace".
WARNING: Failed to find function "__sanitizer_set_death_callback".
INFO: Running with entropic power schedule (0xFF, 100).
INFO: Seed: 2518344191
INFO: -max_len is not provided; libFuzzer will not generate inputs larger than 4096 bytes
INFO: A corpus is not provided, starting from an empty corpus
#2	INITED cov: 48 ft: 48 corp: 1/1b exec/s: 0 rss: 51Mb
#2797	NEW    cov: 92 ft: 106 corp: 2/11b lim: 29 exec/s: 0 rss: 51Mb L: 10/10 MS: 5 ChangeByte-InsertByte-CopyPart-ShuffleBytes-InsertRepeatedBytes-
#2798	NEW    cov: 92 ft: 121 corp: 3/21b lim: 29 exec/s: 0 rss: 51Mb L: 10/10 MS: 1 CopyPart-
#2830	NEW    cov: 103 ft: 144 corp: 4/37b lim: 29 exec/s: 0 rss: 51Mb L: 16/16 MS: 2 CopyPart-CrossOver-
#2908	NEW    cov: 113 ft: 161 corp: 5/44b lim: 29 exec/s: 0 rss: 51Mb L: 7/16 MS: 3 ChangeBit-CrossOver-EraseBytes-
#3150	REDUCE cov: 113 ft: 161 corp: 5/37b lim: 29 exec/s: 0 rss: 51Mb L: 9/10 MS: 2 InsertByte-EraseBytes-
#3282	REDUCE cov: 113 ft: 161 corp: 5/36b lim: 29 exec/s: 0 rss: 51Mb L: 9/10 MS: 2 InsertRepeatedBytes-EraseBytes-
#3621	REDUCE cov: 118 ft: 166 corp: 6/47b lim: 29 exec/s: 0 rss: 51Mb L: 11/11 MS: 4 CrossOver-CrossOver-InsertRepeatedBytes-ChangeBinInt-
#3632	REDUCE cov: 118 ft: 166 corp: 6/43b lim: 29 exec/s: 0 rss: 51Mb L: 7/10 MS: 1 EraseBytes-
#3910	REDUCE cov: 118 ft: 166 corp: 6/42b lim: 29 exec/s: 3910 rss: 51Mb L: 6/10 MS: 3 CrossOver-ChangeBit-EraseBytes-
#4029	REDUCE cov: 118 ft: 166 corp: 6/40b lim: 29 exec/s: 4029 rss: 51Mb L: 4/10 MS: 4 ChangeByte-ShuffleBytes-ShuffleBytes-EraseBytes-
#4165	NEW    cov: 120 ft: 168 corp: 7/50b lim: 29 exec/s: 4165 rss: 51Mb L: 10/10 MS: 1 ChangeBit-
#4176	REDUCE cov: 120 ft: 168 corp: 7/46b lim: 29 exec/s: 4176 rss: 51Mb L: 6/10 MS: 1 EraseBytes-
#4203	REDUCE cov: 120 ft: 168 corp: 7/45b lim: 29 exec/s: 4203 rss: 51Mb L: 3/10 MS: 2 InsertByte-EraseBytes-
#4208	REDUCE cov: 120 ft: 168 corp: 7/44b lim: 29 exec/s: 4208 rss: 51Mb L: 2/10 MS: 5 InsertRepeatedBytes-CrossOver-EraseBytes-EraseBytes-EraseBytes-
#4328	REDUCE cov: 121 ft: 169 corp: 8/60b lim: 29 exec/s: 4328 rss: 51Mb L: 16/16 MS: 5 InsertByte-InsertRepeatedBytes-CopyPart-CrossOver-CopyPart-
#4371	REDUCE cov: 121 ft: 169 corp: 8/59b lim: 29 exec/s: 4371 rss: 51Mb L: 8/16 MS: 3 ChangeByte-EraseBytes-CrossOver-
#4384	REDUCE cov: 121 ft: 169 corp: 8/54b lim: 29 exec/s: 4384 rss: 51Mb L: 11/11 MS: 3 ChangeByte-ChangeByte-CrossOver-
#4400	REDUCE cov: 133 ft: 181 corp: 9/61b lim: 29 exec/s: 4400 rss: 51Mb L: 7/11 MS: 1 InsertByte-
#4515	REDUCE cov: 133 ft: 181 corp: 9/58b lim: 29 exec/s: 4515 rss: 51Mb L: 8/10 MS: 5 CopyPart-ChangeByte-ChangeByte-CopyPart-EraseBytes-
#4586	REDUCE cov: 133 ft: 181 corp: 9/55b lim: 29 exec/s: 4586 rss: 51Mb L: 3/10 MS: 1 EraseBytes-
#4629	REDUCE cov: 134 ft: 182 corp: 10/68b lim: 29 exec/s: 4629 rss: 51Mb L: 13/13 MS: 3 InsertRepeatedBytes-ShuffleBytes-ShuffleBytes-
#4860	REDUCE cov: 134 ft: 182 corp: 10/65b lim: 29 exec/s: 4860 rss: 51Mb L: 5/13 MS: 1 EraseBytes-
#4981	REDUCE cov: 134 ft: 182 corp: 10/63b lim: 29 exec/s: 4981 rss: 51Mb L: 11/11 MS: 1 EraseBytes-
#5257	REDUCE cov: 134 ft: 182 corp: 10/62b lim: 29 exec/s: 5257 rss: 51Mb L: 4/11 MS: 1 EraseBytes-
#5578	REDUCE cov: 134 ft: 182 corp: 10/61b lim: 29 exec/s: 5578 rss: 51Mb L: 2/11 MS: 1 EraseBytes-
#5954	REDUCE cov: 134 ft: 182 corp: 10/59b lim: 29 exec/s: 5954 rss: 51Mb L: 9/10 MS: 1 EraseBytes-
#5965	REDUCE cov: 135 ft: 183 corp: 11/67b lim: 29 exec/s: 5965 rss: 51Mb L: 8/10 MS: 1 ChangeBit-
#5976	REDUCE cov: 136 ft: 184 corp: 12/76b lim: 29 exec/s: 5976 rss: 51Mb L: 9/10 MS: 1 CrossOver-
#6692	REDUCE cov: 137 ft: 185 corp: 13/86b lim: 33 exec/s: 6692 rss: 51Mb L: 10/10 MS: 1 CrossOver-
#6779	REDUCE cov: 138 ft: 186 corp: 14/95b lim: 33 exec/s: 6779 rss: 51Mb L: 9/10 MS: 2 ChangeByte-ShuffleBytes-
#6996	REDUCE cov: 138 ft: 186 corp: 14/90b lim: 33 exec/s: 6996 rss: 51Mb L: 5/10 MS: 2 ChangeByte-EraseBytes-
#7207	REDUCE cov: 138 ft: 186 corp: 14/88b lim: 33 exec/s: 7207 rss: 51Mb L: 7/10 MS: 1 EraseBytes-
#7829	REDUCE cov: 138 ft: 186 corp: 14/87b lim: 38 exec/s: 7829 rss: 51Mb L: 6/10 MS: 2 ChangeBit-EraseBytes-
#8191	REDUCE cov: 138 ft: 186 corp: 14/86b lim: 38 exec/s: 8191 rss: 51Mb L: 8/10 MS: 2 ShuffleBytes-EraseBytes-
#8772	REDUCE cov: 138 ft: 186 corp: 14/85b lim: 43 exec/s: 4386 rss: 51Mb L: 4/10 MS: 1 EraseBytes-
#8869	REDUCE cov: 138 ft: 186 corp: 14/84b lim: 43 exec/s: 4434 rss: 51Mb L: 6/10 MS: 2 ChangeByte-EraseBytes-
#9830	REDUCE cov: 138 ft: 186 corp: 14/83b lim: 48 exec/s: 4915 rss: 51Mb L: 3/10 MS: 1 EraseBytes-
#11356	REDUCE cov: 143 ft: 191 corp: 15/91b lim: 63 exec/s: 5678 rss: 51Mb L: 8/10 MS: 1 CrossOver-
#11798	REDUCE cov: 143 ft: 191 corp: 15/90b lim: 63 exec/s: 5899 rss: 51Mb L: 5/10 MS: 2 CrossOver-EraseBytes-
#12789	NEW    cov: 168 ft: 222 corp: 16/99b lim: 68 exec/s: 4263 rss: 51Mb L: 9/10 MS: 1 InsertByte-
#12981	REDUCE cov: 168 ft: 222 corp: 16/98b lim: 68 exec/s: 4327 rss: 51Mb L: 7/10 MS: 2 CopyPart-EraseBytes-
#13697	REDUCE cov: 168 ft: 223 corp: 17/165b lim: 74 exec/s: 4565 rss: 51Mb L: 67/67 MS: 1 InsertRepeatedBytes-
#13704	REDUCE cov: 168 ft: 223 corp: 17/137b lim: 74 exec/s: 4568 rss: 51Mb L: 39/39 MS: 2 ChangeBinInt-EraseBytes-
#14304	REDUCE cov: 168 ft: 232 corp: 18/150b lim: 74 exec/s: 4768 rss: 51Mb L: 13/39 MS: 5 InsertByte-ChangeBit-CopyPart-ShuffleBytes-CrossOver-
#14366	REDUCE cov: 168 ft: 232 corp: 18/145b lim: 74 exec/s: 4788 rss: 51Mb L: 34/34 MS: 2 ChangeBinInt-EraseBytes-
#14369	REDUCE cov: 168 ft: 232 corp: 18/138b lim: 74 exec/s: 4789 rss: 51Mb L: 27/27 MS: 3 ShuffleBytes-ChangeBinInt-EraseBytes-
#14720	REDUCE cov: 168 ft: 232 corp: 18/135b lim: 74 exec/s: 4906 rss: 51Mb L: 24/24 MS: 1 CrossOver-
#14929	REDUCE cov: 168 ft: 232 corp: 18/128b lim: 74 exec/s: 4976 rss: 51Mb L: 17/17 MS: 4 ChangeBinInt-ShuffleBytes-ChangeBit-EraseBytes-
#15328	REDUCE cov: 168 ft: 232 corp: 18/127b lim: 74 exec/s: 5109 rss: 51Mb L: 6/17 MS: 4 CMP-ShuffleBytes-ChangeBit-EraseBytes- DE: "\377\377"-
#15379	REDUCE cov: 168 ft: 232 corp: 18/126b lim: 74 exec/s: 5126 rss: 51Mb L: 12/17 MS: 1 EraseBytes-
#15480	REDUCE cov: 168 ft: 232 corp: 18/121b lim: 74 exec/s: 5160 rss: 51Mb L: 12/12 MS: 1 EraseBytes-
#16358	REDUCE cov: 169 ft: 233 corp: 19/131b lim: 80 exec/s: 5452 rss: 51Mb L: 10/12 MS: 3 ChangeBit-CopyPart-EraseBytes-
#16384	pulse  cov: 169 ft: 233 corp: 19/131b lim: 80 exec/s: 5461 rss: 51Mb
#16479	REDUCE cov: 169 ft: 233 corp: 19/130b lim: 80 exec/s: 5493 rss: 51Mb L: 11/12 MS: 1 EraseBytes-
#17702	NEW    cov: 169 ft: 234 corp: 20/142b lim: 92 exec/s: 4425 rss: 51Mb L: 12/12 MS: 3 CopyPart-ShuffleBytes-CopyPart-
#18183	REDUCE cov: 170 ft: 241 corp: 21/154b lim: 92 exec/s: 4545 rss: 51Mb L: 12/12 MS: 1 ShuffleBytes-
#18731	REDUCE cov: 170 ft: 241 corp: 21/153b lim: 92 exec/s: 4682 rss: 51Mb L: 8/12 MS: 3 CrossOver-ShuffleBytes-EraseBytes-
#18888	REDUCE cov: 170 ft: 241 corp: 21/152b lim: 92 exec/s: 4722 rss: 51Mb L: 5/12 MS: 2 ChangeBinInt-EraseBytes-
#20537	NEW    cov: 171 ft: 242 corp: 22/167b lim: 104 exec/s: 5134 rss: 51Mb L: 15/15 MS: 4 EraseBytes-ShuffleBytes-InsertByte-CrossOver-
#20693	REDUCE cov: 171 ft: 242 corp: 22/161b lim: 104 exec/s: 5173 rss: 51Mb L: 9/12 MS: 1 EraseBytes-
#21259	REDUCE cov: 171 ft: 242 corp: 22/159b lim: 104 exec/s: 5314 rss: 51Mb L: 9/12 MS: 1 EraseBytes-
#22015	NEW    cov: 171 ft: 245 corp: 23/172b lim: 110 exec/s: 4403 rss: 51Mb L: 13/13 MS: 1 InsertByte-
#22109	REDUCE cov: 171 ft: 245 corp: 23/171b lim: 110 exec/s: 4421 rss: 51Mb L: 6/13 MS: 4 CopyPart-ChangeBinInt-EraseBytes-ShuffleBytes-
#22271	NEW    cov: 171 ft: 247 corp: 24/187b lim: 110 exec/s: 4454 rss: 51Mb L: 16/16 MS: 2 ChangeASCIIInt-CopyPart-
#24271	REDUCE cov: 172 ft: 248 corp: 25/315b lim: 128 exec/s: 4854 rss: 51Mb L: 128/128 MS: 5 InsertRepeatedBytes-CopyPart-CrossOver-CrossOver-InsertByte-
#24537	REDUCE cov: 172 ft: 248 corp: 25/293b lim: 128 exec/s: 4907 rss: 51Mb L: 106/106 MS: 1 EraseBytes-
#25151	REDUCE cov: 172 ft: 248 corp: 25/270b lim: 128 exec/s: 5030 rss: 51Mb L: 83/83 MS: 4 CMP-CMP-ShuffleBytes-EraseBytes- DE: "\000\000\000\000"-"\000\000"-
#26605	REDUCE cov: 172 ft: 248 corp: 25/250b lim: 142 exec/s: 4434 rss: 51Mb L: 63/63 MS: 4 PersAutoDict-EraseBytes-ChangeBinInt-ChangeBit- DE: "\377\377"-
#26782	REDUCE cov: 172 ft: 248 corp: 25/232b lim: 142 exec/s: 4463 rss: 51Mb L: 45/45 MS: 2 ChangeBinInt-EraseBytes-
#26949	REDUCE cov: 172 ft: 248 corp: 25/225b lim: 142 exec/s: 4491 rss: 51Mb L: 38/38 MS: 2 InsertRepeatedBytes-EraseBytes-
#27712	REDUCE cov: 172 ft: 248 corp: 25/220b lim: 149 exec/s: 4618 rss: 51Mb L: 33/33 MS: 3 ChangeBit-ShuffleBytes-EraseBytes-
#27728	REDUCE cov: 172 ft: 248 corp: 25/216b lim: 149 exec/s: 4621 rss: 51Mb L: 29/29 MS: 1 EraseBytes-
#27945	REDUCE cov: 172 ft: 248 corp: 25/212b lim: 149 exec/s: 4657 rss: 51Mb L: 25/25 MS: 2 InsertByte-EraseBytes-
#30337	NEW    cov: 174 ft: 250 corp: 26/225b lim: 170 exec/s: 5056 rss: 51Mb L: 13/25 MS: 2 ShuffleBytes-ChangeBit-
#30983	REDUCE cov: 174 ft: 250 corp: 26/221b lim: 170 exec/s: 4426 rss: 51Mb L: 9/25 MS: 1 EraseBytes-
#32180	REDUCE cov: 175 ft: 251 corp: 27/230b lim: 177 exec/s: 4597 rss: 51Mb L: 9/25 MS: 2 CopyPart-ChangeASCIIInt-
#32768	pulse  cov: 175 ft: 251 corp: 27/230b lim: 177 exec/s: 4681 rss: 51Mb
#33671	REDUCE cov: 175 ft: 251 corp: 27/229b lim: 191 exec/s: 4810 rss: 51Mb L: 8/25 MS: 1 EraseBytes-
#34380	REDUCE cov: 175 ft: 251 corp: 27/228b lim: 198 exec/s: 4911 rss: 51Mb L: 24/24 MS: 4 InsertByte-EraseBytes-ChangeByte-EraseBytes-
#34407	NEW    cov: 175 ft: 257 corp: 28/241b lim: 198 exec/s: 4915 rss: 51Mb L: 13/24 MS: 2 ChangeASCIIInt-CopyPart-
#40693	REDUCE cov: 175 ft: 257 corp: 28/240b lim: 254 exec/s: 4521 rss: 51Mb L: 8/24 MS: 1 EraseBytes-
#49413	DONE   cov: 175 ft: 257 corp: 28/240b lim: 333 exec/s: 4492 rss: 51Mb
###### Recommended dictionary. ######
"\377\377" # Uses: 1656
"\000\000\000\000" # Uses: 674
"\000\000" # Uses: 757
###### End of recommended dictionary. ######
Done 49413 runs in 11 second(s)
