
============================================================
Evaluating: /root/Tokenizer.scala
============================================================

✓ File exists
✓ Source loaded (23320 characters)

--- Checking Compilation ---
❌ Compilation failed
  - java.io.IOException: User limit of inotify instances reached or too many open files
  - Use 'last' for the full log.

--- Running Unit Tests ---
⚠ Skipping tests (sbt not available or compilation failed)

--- Evaluating Code Quality Criteria ---


FUNCTIONALITY_PRESERVATION:
----------------------------------------
Score: 5/5 (EXCELLENT)
  Found 9/9 required components
  Found 4/4 key methods

SCALA_CONVENTIONS:
----------------------------------------
Score: 4/5 (GOOD)
  ✓ camelCase_methods: 74 occurrences
  ✓ PascalCase_classes: 60 occurrences
  ✓ immutable_val: 52 occurrences
  ✓ case_class: 15 occurrences
  ✓ sealed_trait: 4 occurrences
  Suggestions:
    → Consider refactoring: Null usage (prefer Option)
    → Consider refactoring: Explicit return statement (often unnecessary in Scala)

READABILITY:
----------------------------------------
Score: 5/5 (EXCELLENT)
  Total lines: 745
  Scaladoc blocks: 48
  Single-line comments: 36
  Type annotations: 191

PARADIGM_MATCH:
----------------------------------------
Score: 4/5 (GOOD)
  ✓ map: 11 occurrences
  ✓ flatMap: 4 occurrences
  ✓ filter: 3 occurrences
  ✓ fold: 1 occurrences
  ✓ higher_order_func: 27 occurrences
  Suggestions:
    → Consider reducing mutable variables (5 vars found)
    → Consider using Option instead of null

APPROPRIATE_ABSTRACTIONS:
----------------------------------------
Score: 5/5 (EXCELLENT)
  Traits defined: 7
  ✓ Sealed hierarchies: 4
  Generic type usages: 96
  Objects/Companions: 17
  ✓ Variance annotations: 2

============================================================
EVALUATION SUMMARY
============================================================
Overall Score: 23/25 (92.0%)
Status: ❌ NEEDS IMPROVEMENT
============================================================

