
============================================================
Evaluating: /root/Tokenizer.scala
============================================================

✓ File exists
✓ Source loaded (16425 characters)

--- Checking Compilation ---
❌ Compilation failed
  - java.io.IOException: User limit of inotify instances reached or too many open files
  - Use 'last' for the full log.

--- Running Unit Tests ---
⚠ Skipping tests (sbt not available or compilation failed)

--- Evaluating Code Quality Criteria ---


FUNCTIONALITY_PRESERVATION:
----------------------------------------
Score: 5/5 (EXCELLENT)
  Found 9/9 required components
  Found 4/4 key methods

SCALA_CONVENTIONS:
----------------------------------------
Score: 5/5 (EXCELLENT)
  ✓ camelCase_methods: 60 occurrences
  ✓ PascalCase_classes: 48 occurrences
  ✓ immutable_val: 54 occurrences
  ✓ case_class: 13 occurrences
  ✓ sealed_trait: 4 occurrences
  Suggestions:
    → Consider refactoring: Null usage (prefer Option)
    → Consider refactoring: Explicit return statement (often unnecessary in Scala)

READABILITY:
----------------------------------------
Score: 5/5 (EXCELLENT)
  Total lines: 479
  Scaladoc blocks: 15
  Single-line comments: 30
  Type annotations: 143

PARADIGM_MATCH:
----------------------------------------
Score: 5/5 (EXCELLENT)
  ✓ map: 12 occurrences
  ✓ flatMap: 2 occurrences
  ✓ filter: 3 occurrences
  ✓ fold: 1 occurrences
  ✓ for_comprehension: 1 occurrences
  Suggestions:
    → Consider reducing mutable variables (5 vars found)
    → Consider using Option instead of null

APPROPRIATE_ABSTRACTIONS:
----------------------------------------
Score: 5/5 (EXCELLENT)
  Traits defined: 7
  ✓ Sealed hierarchies: 4
  Generic type usages: 67
  Objects/Companions: 7
  ✓ Variance annotations: 3
  Suggestions:
    → Consider using type classes for polymorphism

============================================================
EVALUATION SUMMARY
============================================================
Overall Score: 25/25 (100.0%)
Status: ❌ NEEDS IMPROVEMENT
============================================================

