INFO: Instrumenting 3671 functions...
INFO: Using built-in libfuzzer
WARNING: Failed to find function "__sanitizer_acquire_crash_state".
WARNING: Failed to find function "__sanitizer_print_stack_trace".
WARNING: Failed to find function "__sanitizer_set_death_callback".
INFO: Running with entropic power schedule (0xFF, 100).
INFO: Seed: 3463382698
INFO: -max_len is not provided; libFuzzer will not generate inputs larger than 4096 bytes
INFO: A corpus is not provided, starting from an empty corpus
#2	INITED cov: 67 ft: 67 corp: 1/1b exec/s: 0 rss: 61Mb
#490	NEW    cov: 280 ft: 290 corp: 2/9b lim: 8 exec/s: 0 rss: 61Mb L: 8/8 MS: 3 CMP-InsertRepeatedBytes-ChangeBit- DE: "\001\000"-
#556	NEW    cov: 281 ft: 291 corp: 3/17b lim: 8 exec/s: 0 rss: 61Mb L: 8/8 MS: 1 CopyPart-
#597	REDUCE cov: 281 ft: 291 corp: 3/13b lim: 8 exec/s: 0 rss: 61Mb L: 4/8 MS: 1 EraseBytes-
#599	REDUCE cov: 281 ft: 291 corp: 3/12b lim: 8 exec/s: 0 rss: 61Mb L: 3/8 MS: 2 EraseBytes-InsertByte-
#2563	NEW    cov: 282 ft: 292 corp: 4/37b lim: 25 exec/s: 0 rss: 61Mb L: 25/25 MS: 4 InsertRepeatedBytes-InsertRepeatedBytes-InsertByte-InsertByte-
#2575	NEW    cov: 283 ft: 293 corp: 5/57b lim: 25 exec/s: 0 rss: 61Mb L: 20/25 MS: 2 CopyPart-EraseBytes-
#2582	REDUCE cov: 283 ft: 293 corp: 5/46b lim: 25 exec/s: 0 rss: 61Mb L: 14/20 MS: 2 ShuffleBytes-EraseBytes-
#2596	REDUCE cov: 283 ft: 293 corp: 5/44b lim: 25 exec/s: 0 rss: 61Mb L: 12/20 MS: 4 ChangeBinInt-PersAutoDict-CMP-EraseBytes- DE: "\001\000"-"\000\000"-
#2614	REDUCE cov: 283 ft: 293 corp: 5/42b lim: 25 exec/s: 0 rss: 61Mb L: 10/20 MS: 3 ChangeByte-ShuffleBytes-EraseBytes-
#2631	REDUCE cov: 283 ft: 293 corp: 5/33b lim: 25 exec/s: 0 rss: 61Mb L: 11/11 MS: 2 ChangeASCIIInt-CrossOver-
#2647	REDUCE cov: 283 ft: 293 corp: 5/30b lim: 25 exec/s: 0 rss: 61Mb L: 7/11 MS: 1 CrossOver-
#2803	REDUCE cov: 283 ft: 293 corp: 5/28b lim: 25 exec/s: 0 rss: 61Mb L: 5/11 MS: 1 EraseBytes-
#2849	REDUCE cov: 283 ft: 293 corp: 5/26b lim: 25 exec/s: 0 rss: 61Mb L: 3/11 MS: 1 EraseBytes-
#2880	REDUCE cov: 283 ft: 293 corp: 5/25b lim: 25 exec/s: 0 rss: 61Mb L: 2/11 MS: 1 EraseBytes-
#2987	REDUCE cov: 283 ft: 293 corp: 5/21b lim: 25 exec/s: 0 rss: 61Mb L: 7/8 MS: 2 ChangeBit-EraseBytes-
#3099	REDUCE cov: 283 ft: 293 corp: 5/19b lim: 25 exec/s: 0 rss: 61Mb L: 5/8 MS: 2 ChangeByte-EraseBytes-
#3125	REDUCE cov: 283 ft: 293 corp: 5/18b lim: 25 exec/s: 0 rss: 61Mb L: 4/8 MS: 1 EraseBytes-
#3216	REDUCE cov: 283 ft: 293 corp: 5/17b lim: 25 exec/s: 0 rss: 61Mb L: 3/8 MS: 1 EraseBytes-
#3787	REDUCE cov: 283 ft: 293 corp: 5/16b lim: 29 exec/s: 0 rss: 61Mb L: 2/8 MS: 1 EraseBytes-
#4256	REDUCE cov: 315 ft: 327 corp: 6/21b lim: 33 exec/s: 4256 rss: 61Mb L: 5/8 MS: 4 ChangeBit-CopyPart-ShuffleBytes-CopyPart-
#4302	NEW    cov: 747 ft: 980 corp: 7/29b lim: 33 exec/s: 4302 rss: 61Mb L: 8/8 MS: 1 CopyPart-
#4373	NEW    cov: 835 ft: 1381 corp: 8/39b lim: 33 exec/s: 4373 rss: 61Mb L: 10/10 MS: 1 CrossOver-
#4424	NEW    cov: 837 ft: 1427 corp: 9/53b lim: 33 exec/s: 4424 rss: 61Mb L: 14/14 MS: 1 CrossOver-
#4485	NEW    cov: 837 ft: 1444 corp: 10/61b lim: 33 exec/s: 4485 rss: 61Mb L: 8/14 MS: 1 ChangeASCIIInt-
#4526	NEW    cov: 838 ft: 1454 corp: 11/70b lim: 33 exec/s: 4526 rss: 61Mb L: 9/14 MS: 1 CrossOver-
#4648	NEW    cov: 842 ft: 1476 corp: 12/79b lim: 33 exec/s: 4648 rss: 61Mb L: 9/14 MS: 2 EraseBytes-CopyPart-
#4675	NEW    cov: 843 ft: 1477 corp: 13/87b lim: 33 exec/s: 4675 rss: 61Mb L: 8/14 MS: 2 ChangeASCIIInt-ChangeBit-
#5634	NEW    cov: 852 ft: 1611 corp: 14/97b lim: 38 exec/s: 5634 rss: 61Mb L: 10/14 MS: 4 ShuffleBytes-ChangeASCIIInt-ChangeBit-InsertByte-
#5865	NEW    cov: 857 ft: 1616 corp: 15/105b lim: 38 exec/s: 5865 rss: 61Mb L: 8/14 MS: 1 EraseBytes-
#6381	NEW    cov: 858 ft: 1631 corp: 16/113b lim: 43 exec/s: 6381 rss: 61Mb L: 8/14 MS: 1 ChangeBit-
#6762	NEW    cov: 858 ft: 1652 corp: 17/123b lim: 43 exec/s: 3381 rss: 61Mb L: 10/14 MS: 1 ShuffleBytes-
==1446== libFuzzer: run interrupted; exiting
