INFO: Instrumenting 3655 functions...
INFO: Using built-in libfuzzer
WARNING: Failed to find function "__sanitizer_acquire_crash_state".
WARNING: Failed to find function "__sanitizer_print_stack_trace".
WARNING: Failed to find function "__sanitizer_set_death_callback".
INFO: Running with entropic power schedule (0xFF, 100).
INFO: Seed: 526471327
INFO: -max_len is not provided; libFuzzer will not generate inputs larger than 4096 bytes
INFO: A corpus is not provided, starting from an empty corpus
#2	INITED cov: 67 ft: 67 corp: 1/1b exec/s: 0 rss: 61Mb
#1092	NEW    cov: 280 ft: 290 corp: 2/15b lim: 14 exec/s: 0 rss: 61Mb L: 14/14 MS: 5 CMP-CopyPart-InsertRepeatedBytes-CMP-ChangeBit- DE: "\377\377\377\377\377\377\001\000"-"\000\000\000\000\000\000\000\000"-
#1195	NEW    cov: 281 ft: 291 corp: 3/21b lim: 14 exec/s: 0 rss: 61Mb L: 6/14 MS: 3 ChangeBit-ChangeByte-InsertRepeatedBytes-
#1260	REDUCE cov: 281 ft: 291 corp: 3/20b lim: 14 exec/s: 0 rss: 61Mb L: 5/14 MS: 5 ChangeBit-InsertRepeatedBytes-ChangeBit-EraseBytes-EraseBytes-
#1366	REDUCE cov: 281 ft: 291 corp: 3/19b lim: 14 exec/s: 0 rss: 61Mb L: 4/14 MS: 1 EraseBytes-
#2407	REDUCE cov: 281 ft: 291 corp: 3/18b lim: 21 exec/s: 0 rss: 61Mb L: 3/14 MS: 1 EraseBytes-
#4341	REDUCE cov: 283 ft: 293 corp: 4/39b lim: 38 exec/s: 0 rss: 61Mb L: 21/21 MS: 4 PersAutoDict-InsertRepeatedBytes-CopyPart-InsertRepeatedBytes- DE: "\000\000\000\000\000\000\000\000"-
#4579	REDUCE cov: 283 ft: 293 corp: 4/34b lim: 38 exec/s: 0 rss: 61Mb L: 16/16 MS: 3 ShuffleBytes-ChangeByte-EraseBytes-
#4893	REDUCE cov: 283 ft: 293 corp: 4/33b lim: 38 exec/s: 0 rss: 61Mb L: 15/15 MS: 4 CrossOver-ShuffleBytes-ShuffleBytes-EraseBytes-
#5630	REDUCE cov: 283 ft: 293 corp: 4/32b lim: 43 exec/s: 0 rss: 61Mb L: 14/14 MS: 2 ChangeBit-EraseBytes-
#5728	REDUCE cov: 283 ft: 293 corp: 4/28b lim: 43 exec/s: 0 rss: 61Mb L: 10/14 MS: 3 InsertByte-CopyPart-EraseBytes-
#5735	REDUCE cov: 283 ft: 293 corp: 4/23b lim: 43 exec/s: 0 rss: 61Mb L: 5/14 MS: 2 ChangeBinInt-EraseBytes-
#5810	REDUCE cov: 283 ft: 293 corp: 4/21b lim: 43 exec/s: 0 rss: 61Mb L: 3/14 MS: 5 ShuffleBytes-ChangeBit-CrossOver-CMP-EraseBytes- DE: "\001\000\000\000"-
#6526	REDUCE cov: 283 ft: 293 corp: 4/20b lim: 48 exec/s: 0 rss: 61Mb L: 2/14 MS: 1 EraseBytes-
#7568	REDUCE cov: 496 ft: 703 corp: 5/28b lim: 58 exec/s: 7568 rss: 61Mb L: 8/14 MS: 2 EraseBytes-InsertRepeatedBytes-
#7610	NEW    cov: 498 ft: 732 corp: 6/34b lim: 58 exec/s: 7610 rss: 61Mb L: 6/14 MS: 2 ChangeBinInt-EraseBytes-
#7687	NEW    cov: 510 ft: 858 corp: 7/44b lim: 58 exec/s: 7687 rss: 61Mb L: 10/14 MS: 2 InsertByte-InsertByte-
#7692	NEW    cov: 511 ft: 867 corp: 8/66b lim: 58 exec/s: 7692 rss: 61Mb L: 22/22 MS: 5 CopyPart-InsertByte-InsertRepeatedBytes-CrossOver-ShuffleBytes-
#7718	REDUCE cov: 512 ft: 909 corp: 9/70b lim: 58 exec/s: 7718 rss: 61Mb L: 4/22 MS: 1 CrossOver-
#8249	NEW    cov: 512 ft: 931 corp: 10/80b lim: 63 exec/s: 8249 rss: 61Mb L: 10/22 MS: 1 ShuffleBytes-
#8495	NEW    cov: 558 ft: 979 corp: 11/92b lim: 63 exec/s: 8495 rss: 61Mb L: 12/22 MS: 1 CopyPart-
#8561	NEW    cov: 858 ft: 1594 corp: 12/107b lim: 63 exec/s: 8561 rss: 61Mb L: 15/22 MS: 1 CrossOver-
#8631	NEW    cov: 858 ft: 1622 corp: 13/116b lim: 63 exec/s: 8631 rss: 61Mb L: 9/22 MS: 5 ChangeByte-EraseBytes-ShuffleBytes-CopyPart-ChangeByte-
#8814	NEW    cov: 858 ft: 1629 corp: 14/121b lim: 63 exec/s: 8814 rss: 61Mb L: 5/22 MS: 3 ShuffleBytes-InsertByte-EraseBytes-
#9021	NEW    cov: 861 ft: 1643 corp: 15/136b lim: 63 exec/s: 9021 rss: 61Mb L: 15/22 MS: 2 ChangeByte-ShuffleBytes-
#9028	NEW    cov: 861 ft: 1656 corp: 16/145b lim: 63 exec/s: 9028 rss: 61Mb L: 9/22 MS: 2 ChangeASCIIInt-EraseBytes-
#9040	NEW    cov: 861 ft: 1661 corp: 17/155b lim: 63 exec/s: 9040 rss: 61Mb L: 10/22 MS: 2 CopyPart-EraseBytes-
#10020	NEW    cov: 861 ft: 1664 corp: 18/193b lim: 68 exec/s: 10020 rss: 61Mb L: 38/38 MS: 5 ChangeBit-CrossOver-InsertRepeatedBytes-ChangeBinInt-ChangeByte-
#10096	NEW    cov: 863 ft: 1666 corp: 19/203b lim: 68 exec/s: 10096 rss: 61Mb L: 10/38 MS: 1 InsertByte-
#10204	NEW    cov: 864 ft: 1680 corp: 20/213b lim: 68 exec/s: 10204 rss: 61Mb L: 10/38 MS: 3 CrossOver-ChangeBinInt-ChangeByte-
#10235	NEW    cov: 864 ft: 1722 corp: 21/223b lim: 68 exec/s: 10235 rss: 61Mb L: 10/38 MS: 1 ShuffleBytes-
#10256	NEW    cov: 864 ft: 1723 corp: 22/233b lim: 68 exec/s: 10256 rss: 61Mb L: 10/38 MS: 1 CopyPart-
#10772	NEW    cov: 867 ft: 1726 corp: 23/248b lim: 68 exec/s: 10772 rss: 61Mb L: 15/38 MS: 1 ChangeASCIIInt-
#11448	NEW    cov: 882 ft: 1741 corp: 24/261b lim: 74 exec/s: 11448 rss: 61Mb L: 13/38 MS: 1 InsertByte-
#11469	NEW    cov: 883 ft: 1742 corp: 25/269b lim: 74 exec/s: 11469 rss: 61Mb L: 8/38 MS: 1 EraseBytes-
#11510	NEW    cov: 884 ft: 1765 corp: 26/282b lim: 74 exec/s: 11510 rss: 61Mb L: 13/38 MS: 1 InsertByte-
#12671	NEW    cov: 884 ft: 1986 corp: 27/296b lim: 80 exec/s: 6335 rss: 61Mb L: 14/38 MS: 1 InsertByte-
#14333	NEW    cov: 886 ft: 1990 corp: 28/308b lim: 92 exec/s: 7166 rss: 61Mb L: 12/38 MS: 2 CopyPart-ChangeBinInt-
#15342	REDUCE cov: 886 ft: 1990 corp: 28/305b lim: 98 exec/s: 7671 rss: 61Mb L: 12/38 MS: 4 InsertByte-ChangeByte-ChangeASCIIInt-EraseBytes-
#15753	REDUCE cov: 886 ft: 1990 corp: 28/301b lim: 98 exec/s: 7876 rss: 61Mb L: 8/38 MS: 1 EraseBytes-
#16384	pulse  cov: 886 ft: 1990 corp: 28/301b lim: 104 exec/s: 8192 rss: 61Mb
#18019	REDUCE cov: 886 ft: 1990 corp: 28/300b lim: 116 exec/s: 9009 rss: 61Mb L: 14/38 MS: 1 EraseBytes-
#18069	NEW    cov: 886 ft: 1993 corp: 29/311b lim: 116 exec/s: 9034 rss: 61Mb L: 11/38 MS: 5 InsertByte-InsertByte-ChangeByte-PersAutoDict-InsertByte- DE: "\001\000\000\000"-
#18525	NEW    cov: 1192 ft: 2498 corp: 30/324b lim: 116 exec/s: 6175 rss: 62Mb L: 13/38 MS: 1 ChangeBit-
#18761	NEW    cov: 1195 ft: 2515 corp: 31/337b lim: 116 exec/s: 6253 rss: 62Mb L: 13/38 MS: 1 ChangeBit-
#18782	REDUCE cov: 1195 ft: 2515 corp: 31/333b lim: 116 exec/s: 6260 rss: 62Mb L: 9/38 MS: 1 EraseBytes-
#20958	NEW    cov: 1196 ft: 2516 corp: 32/344b lim: 135 exec/s: 6986 rss: 62Mb L: 11/38 MS: 1 EraseBytes-
#22165	NEW    cov: 1196 ft: 2517 corp: 33/366b lim: 142 exec/s: 7388 rss: 62Mb L: 22/38 MS: 2 ChangeBit-ChangeBinInt-
#23651	NEW    cov: 1196 ft: 2541 corp: 34/377b lim: 156 exec/s: 7883 rss: 62Mb L: 11/38 MS: 1 CopyPart-
#23691	NEW    cov: 1196 ft: 2569 corp: 35/386b lim: 156 exec/s: 7897 rss: 62Mb L: 9/38 MS: 5 CopyPart-ChangeBit-ShuffleBytes-CrossOver-EraseBytes-
#32768	pulse  cov: 1196 ft: 2569 corp: 35/386b lim: 240 exec/s: 6553 rss: 62Mb
#37303	NEW    cov: 1197 ft: 2577 corp: 36/399b lim: 285 exec/s: 7460 rss: 62Mb L: 13/38 MS: 2 CrossOver-ShuffleBytes-
#37339	NEW    cov: 1197 ft: 2579 corp: 37/432b lim: 285 exec/s: 6223 rss: 62Mb L: 33/38 MS: 1 CrossOver-
#39757	NEW    cov: 1197 ft: 2598 corp: 38/443b lim: 309 exec/s: 6626 rss: 62Mb L: 11/38 MS: 3 ChangeBinInt-CrossOver-ShuffleBytes-
#48688	REDUCE cov: 1197 ft: 2598 corp: 38/442b lim: 397 exec/s: 6955 rss: 62Mb L: 10/38 MS: 1 EraseBytes-
#52950	REDUCE cov: 1197 ft: 2598 corp: 38/438b lim: 437 exec/s: 6618 rss: 62Mb L: 18/38 MS: 2 CrossOver-EraseBytes-
#57312	REDUCE cov: 1197 ft: 2598 corp: 38/436b lim: 477 exec/s: 6368 rss: 62Mb L: 12/38 MS: 2 ChangeASCIIInt-EraseBytes-
#58673	REDUCE cov: 1197 ft: 2598 corp: 38/435b lim: 485 exec/s: 6519 rss: 62Mb L: 8/38 MS: 1 EraseBytes-
#62502	REDUCE cov: 1198 ft: 2604 corp: 39/453b lim: 517 exec/s: 6944 rss: 62Mb L: 18/38 MS: 4 ChangeByte-EraseBytes-InsertByte-CrossOver-
#62503	NEW    cov: 1216 ft: 2796 corp: 40/466b lim: 517 exec/s: 6944 rss: 62Mb L: 13/38 MS: 1 ChangeBit-
#62504	NEW    cov: 1216 ft: 2911 corp: 41/477b lim: 517 exec/s: 6944 rss: 62Mb L: 11/38 MS: 1 ChangeBit-
#62505	NEW    cov: 1216 ft: 2944 corp: 42/487b lim: 517 exec/s: 6945 rss: 62Mb L: 10/38 MS: 1 ChangeBinInt-
#63058	NEW    cov: 1216 ft: 2946 corp: 43/498b lim: 517 exec/s: 6305 rss: 62Mb L: 11/38 MS: 3 CrossOver-ChangeASCIIInt-EraseBytes-
#63064	NEW    cov: 1216 ft: 2958 corp: 44/512b lim: 517 exec/s: 6306 rss: 62Mb L: 14/38 MS: 1 InsertByte-
#63400	REDUCE cov: 1216 ft: 3031 corp: 45/524b lim: 517 exec/s: 6340 rss: 62Mb L: 12/38 MS: 1 CrossOver-
#63591	NEW    cov: 1216 ft: 3243 corp: 46/536b lim: 517 exec/s: 6359 rss: 62Mb L: 12/38 MS: 1 ChangeBinInt-
#65536	pulse  cov: 1216 ft: 3243 corp: 46/536b lim: 535 exec/s: 6553 rss: 62Mb
#66766	DONE   cov: 1216 ft: 3243 corp: 46/536b lim: 544 exec/s: 6069 rss: 62Mb
###### Recommended dictionary. ######
"\377\377\377\377\377\377\001\000" # Uses: 1794
"\000\000\000\000\000\000\000\000" # Uses: 1799
"\001\000\000\000" # Uses: 1723
###### End of recommended dictionary. ######
Done 66766 runs in 11 second(s)
