INFO: Instrumenting arrow
INFO: Instrumenting arrow._version
INFO: Instrumenting arrow.api
INFO: Instrumenting datetime
INFO: Instrumenting arrow.arrow
INFO: Instrumenting calendar
INFO: Instrumenting locale
INFO: Instrumenting _locale
WARNING: It looks like this module is imported by a custom loader. Atheris has experimental support for this. However, it may be incompatible with certain libraries. If you experience unusual errors or poor coverage collection, try atheris.instrument_all() instead, add enable_loader_override=False to instrument_imports(), or file an issue on GitHub.
INFO: Instrumenting dateutil
INFO: Instrumenting dateutil._version
INFO: Instrumenting dateutil.tz
INFO: Instrumenting dateutil.tz.tz
INFO: Instrumenting struct
INFO: Instrumenting six
INFO: Instrumenting __future__
INFO: Instrumenting importlib.util
INFO: Instrumenting six.moves
INFO: Instrumenting dateutil.tz._common
INFO: Instrumenting dateutil.tz._factories
INFO: Instrumenting dateutil.tz.win
INFO: Instrumenting dateutil.relativedelta
INFO: Instrumenting dateutil._common
INFO: Instrumenting arrow.formatter
INFO: Instrumenting arrow.locales
INFO: Instrumenting arrow.constants
INFO: Instrumenting arrow.parser
INFO: Instrumenting zoneinfo
INFO: Instrumenting zoneinfo._tzpath
INFO: Instrumenting sysconfig
INFO: Instrumenting _sysconfigdata__linux_x86_64-linux-gnu
INFO: Instrumenting zoneinfo._common
INFO: Instrumenting arrow.util
INFO: Instrumenting dateutil.rrule
INFO: Instrumenting heapq
INFO: Instrumenting arrow.factory
INFO: Instrumenting decimal
INFO: Instrumenting numbers
INFO: Using built-in libfuzzer
WARNING: Failed to find function "__sanitizer_acquire_crash_state".
WARNING: Failed to find function "__sanitizer_print_stack_trace".
WARNING: Failed to find function "__sanitizer_set_death_callback".
INFO: Running with entropic power schedule (0xFF, 100).
INFO: Seed: 2670411589
INFO: -max_len is not provided; libFuzzer will not generate inputs larger than 4096 bytes
INFO: A corpus is not provided, starting from an empty corpus
#2	INITED cov: 48 ft: 48 corp: 1/1b exec/s: 0 rss: 50Mb
#867	NEW    cov: 92 ft: 105 corp: 2/11b lim: 11 exec/s: 0 rss: 50Mb L: 10/10 MS: 5 ShuffleBytes-InsertByte-EraseBytes-InsertRepeatedBytes-CrossOver-
#883	NEW    cov: 92 ft: 120 corp: 3/21b lim: 11 exec/s: 0 rss: 50Mb L: 10/10 MS: 1 ChangeByte-
#885	NEW    cov: 103 ft: 135 corp: 4/32b lim: 11 exec/s: 0 rss: 50Mb L: 11/11 MS: 2 CopyPart-CopyPart-
#941	NEW    cov: 113 ft: 151 corp: 5/39b lim: 11 exec/s: 0 rss: 50Mb L: 7/11 MS: 1 EraseBytes-
#1041	NEW    cov: 114 ft: 152 corp: 6/50b lim: 11 exec/s: 0 rss: 50Mb L: 11/11 MS: 5 InsertByte-ChangeBit-ChangeASCIIInt-ChangeASCIIInt-CopyPart-
#1295	NEW    cov: 119 ft: 157 corp: 7/61b lim: 11 exec/s: 0 rss: 50Mb L: 11/11 MS: 4 ChangeASCIIInt-ChangeByte-CopyPart-ChangeBinInt-
#1317	REDUCE cov: 119 ft: 157 corp: 7/59b lim: 11 exec/s: 0 rss: 50Mb L: 9/11 MS: 2 CrossOver-EraseBytes-
#1475	REDUCE cov: 129 ft: 170 corp: 8/70b lim: 11 exec/s: 1475 rss: 50Mb L: 11/11 MS: 3 ChangeByte-CopyPart-CrossOver-
#1497	REDUCE cov: 129 ft: 170 corp: 8/69b lim: 11 exec/s: 1497 rss: 50Mb L: 10/11 MS: 2 ChangeBit-EraseBytes-
#1593	REDUCE cov: 129 ft: 170 corp: 8/68b lim: 11 exec/s: 1593 rss: 50Mb L: 9/11 MS: 1 EraseBytes-
#1680	REDUCE cov: 130 ft: 171 corp: 9/74b lim: 11 exec/s: 1680 rss: 50Mb L: 6/11 MS: 2 ChangeBit-EraseBytes-
#1856	REDUCE cov: 130 ft: 171 corp: 9/70b lim: 11 exec/s: 1856 rss: 50Mb L: 5/11 MS: 1 CrossOver-
#2125	REDUCE cov: 130 ft: 171 corp: 9/69b lim: 11 exec/s: 2125 rss: 50Mb L: 10/11 MS: 4 EraseBytes-ChangeBinInt-CrossOver-CrossOver-
#2151	REDUCE cov: 130 ft: 171 corp: 9/68b lim: 11 exec/s: 2151 rss: 50Mb L: 4/11 MS: 1 EraseBytes-
#2217	REDUCE cov: 130 ft: 171 corp: 9/67b lim: 11 exec/s: 2217 rss: 50Mb L: 8/11 MS: 1 EraseBytes-
#2409	REDUCE cov: 131 ft: 172 corp: 10/77b lim: 11 exec/s: 2409 rss: 50Mb L: 10/11 MS: 2 CopyPart-CrossOver-
#2783	NEW    cov: 133 ft: 174 corp: 11/90b lim: 14 exec/s: 2783 rss: 50Mb L: 13/13 MS: 4 CrossOver-InsertRepeatedBytes-InsertByte-ChangeByte-
#2945	REDUCE cov: 133 ft: 174 corp: 11/88b lim: 14 exec/s: 2945 rss: 50Mb L: 11/11 MS: 2 InsertByte-EraseBytes-
#2959	REDUCE cov: 133 ft: 174 corp: 11/87b lim: 14 exec/s: 2959 rss: 50Mb L: 10/11 MS: 4 ChangeBinInt-ChangeBit-InsertByte-EraseBytes-
#3088	REDUCE cov: 134 ft: 175 corp: 12/97b lim: 14 exec/s: 1544 rss: 50Mb L: 10/11 MS: 4 ShuffleBytes-CopyPart-CrossOver-ShuffleBytes-
#3105	REDUCE cov: 134 ft: 175 corp: 12/93b lim: 14 exec/s: 1552 rss: 50Mb L: 6/11 MS: 2 ChangeByte-EraseBytes-
#3481	REDUCE cov: 134 ft: 175 corp: 12/90b lim: 17 exec/s: 1740 rss: 50Mb L: 7/11 MS: 1 EraseBytes-
#3662	REDUCE cov: 134 ft: 175 corp: 12/88b lim: 17 exec/s: 1831 rss: 50Mb L: 4/11 MS: 1 EraseBytes-
#3821	NEW    cov: 136 ft: 177 corp: 13/100b lim: 17 exec/s: 1910 rss: 50Mb L: 12/12 MS: 4 CrossOver-ChangeBit-ChangeASCIIInt-CrossOver-
#4096	pulse  cov: 136 ft: 177 corp: 13/100b lim: 17 exec/s: 2048 rss: 50Mb
#4098	REDUCE cov: 136 ft: 177 corp: 13/97b lim: 17 exec/s: 2049 rss: 50Mb L: 9/11 MS: 2 InsertByte-EraseBytes-
#4180	REDUCE cov: 136 ft: 177 corp: 13/95b lim: 17 exec/s: 2090 rss: 50Mb L: 5/11 MS: 2 CrossOver-InsertByte-
#5056	REDUCE cov: 136 ft: 177 corp: 13/93b lim: 25 exec/s: 1685 rss: 50Mb L: 7/11 MS: 1 EraseBytes-
#5102	NEW    cov: 137 ft: 178 corp: 14/104b lim: 25 exec/s: 1700 rss: 50Mb L: 11/11 MS: 1 InsertByte-
#5998	REDUCE cov: 142 ft: 183 corp: 15/114b lim: 33 exec/s: 1999 rss: 50Mb L: 10/11 MS: 1 CrossOver-
#6156	NEW    cov: 143 ft: 184 corp: 16/125b lim: 33 exec/s: 2052 rss: 50Mb L: 11/11 MS: 3 ChangeByte-ChangeBit-InsertByte-
#6176	REDUCE cov: 143 ft: 184 corp: 16/123b lim: 33 exec/s: 2058 rss: 50Mb L: 9/11 MS: 5 ShuffleBytes-ChangeByte-ChangeBit-CrossOver-EraseBytes-
#6397	REDUCE cov: 144 ft: 185 corp: 17/138b lim: 33 exec/s: 1599 rss: 50Mb L: 15/15 MS: 1 CrossOver-
#6528	REDUCE cov: 144 ft: 185 corp: 17/134b lim: 33 exec/s: 1632 rss: 50Mb L: 11/11 MS: 1 EraseBytes-
#6660	NEW    cov: 148 ft: 201 corp: 18/148b lim: 33 exec/s: 1665 rss: 50Mb L: 14/14 MS: 2 ShuffleBytes-CopyPart-
#7532	REDUCE cov: 149 ft: 202 corp: 19/156b lim: 38 exec/s: 1883 rss: 50Mb L: 8/14 MS: 2 CopyPart-CrossOver-
#7794	REDUCE cov: 149 ft: 202 corp: 19/155b lim: 38 exec/s: 1948 rss: 50Mb L: 7/14 MS: 2 CrossOver-EraseBytes-
#8192	pulse  cov: 149 ft: 202 corp: 19/155b lim: 38 exec/s: 2048 rss: 50Mb
#9431	NEW    cov: 149 ft: 206 corp: 20/172b lim: 53 exec/s: 1886 rss: 50Mb L: 17/17 MS: 2 CopyPart-CopyPart-
#10835	NEW    cov: 149 ft: 207 corp: 21/187b lim: 63 exec/s: 1805 rss: 50Mb L: 15/17 MS: 4 ChangeBit-EraseBytes-ChangeASCIIInt-InsertByte-
#10881	REDUCE cov: 149 ft: 207 corp: 21/186b lim: 63 exec/s: 1813 rss: 50Mb L: 10/17 MS: 1 EraseBytes-
#11432	REDUCE cov: 149 ft: 207 corp: 21/185b lim: 68 exec/s: 1905 rss: 50Mb L: 6/17 MS: 1 EraseBytes-
#14013	REDUCE cov: 149 ft: 207 corp: 21/182b lim: 92 exec/s: 2001 rss: 50Mb L: 12/17 MS: 1 EraseBytes-
#16139	NEW    cov: 149 ft: 208 corp: 22/200b lim: 110 exec/s: 2017 rss: 50Mb L: 18/18 MS: 1 InsertByte-
#16384	pulse  cov: 149 ft: 208 corp: 22/200b lim: 110 exec/s: 2048 rss: 50Mb
#17115	REDUCE cov: 149 ft: 208 corp: 22/199b lim: 116 exec/s: 1901 rss: 50Mb L: 10/18 MS: 1 EraseBytes-
#18072	NEW    cov: 154 ft: 218 corp: 23/220b lim: 122 exec/s: 1807 rss: 50Mb L: 21/21 MS: 2 ChangeBit-CrossOver-
#19628	REDUCE cov: 154 ft: 218 corp: 23/219b lim: 135 exec/s: 1962 rss: 50Mb L: 9/21 MS: 1 EraseBytes-
#19628	DONE   cov: 154 ft: 218 corp: 23/219b lim: 135 exec/s: 1635 rss: 50Mb
Done 19628 runs in 12 second(s)
