INFO: Instrumenting 3670 functions...
INFO: Using built-in libfuzzer
WARNING: Failed to find function "__sanitizer_acquire_crash_state".
WARNING: Failed to find function "__sanitizer_print_stack_trace".
WARNING: Failed to find function "__sanitizer_set_death_callback".
INFO: Running with entropic power schedule (0xFF, 100).
INFO: Seed: 219883849
INFO: -max_len is not provided; libFuzzer will not generate inputs larger than 4096 bytes
INFO: A corpus is not provided, starting from an empty corpus
#2	INITED cov: 67 ft: 67 corp: 1/1b exec/s: 0 rss: 61Mb
#969	NEW    cov: 99 ft: 101 corp: 2/8b lim: 11 exec/s: 0 rss: 61Mb L: 7/7 MS: 2 InsertRepeatedBytes-ChangeBit-
#970	REDUCE cov: 99 ft: 101 corp: 2/7b lim: 11 exec/s: 0 rss: 61Mb L: 6/6 MS: 1 EraseBytes-
#986	REDUCE cov: 100 ft: 102 corp: 3/13b lim: 11 exec/s: 0 rss: 61Mb L: 6/6 MS: 1 ChangeASCIIInt-
#1017	NEW    cov: 107 ft: 144 corp: 4/23b lim: 11 exec/s: 0 rss: 61Mb L: 10/10 MS: 1 CopyPart-
#1124	REDUCE cov: 320 ft: 367 corp: 5/33b lim: 11 exec/s: 0 rss: 61Mb L: 10/10 MS: 2 InsertRepeatedBytes-ChangeBit-
#1192	NEW    cov: 748 ft: 1001 corp: 6/42b lim: 11 exec/s: 0 rss: 61Mb L: 9/10 MS: 3 ChangeBit-ShuffleBytes-InsertRepeatedBytes-
#1193	NEW    cov: 748 ft: 1016 corp: 7/52b lim: 11 exec/s: 0 rss: 61Mb L: 10/10 MS: 1 CopyPart-
#1259	NEW    cov: 837 ft: 1419 corp: 8/63b lim: 11 exec/s: 0 rss: 61Mb L: 11/11 MS: 1 CrossOver-
#1301	NEW    cov: 839 ft: 1421 corp: 9/70b lim: 11 exec/s: 0 rss: 61Mb L: 7/11 MS: 2 EraseBytes-ChangeBit-
#1372	NEW    cov: 840 ft: 1422 corp: 10/80b lim: 11 exec/s: 0 rss: 61Mb L: 10/11 MS: 1 ChangeBinInt-
#1380	REDUCE cov: 840 ft: 1422 corp: 10/77b lim: 11 exec/s: 0 rss: 61Mb L: 7/11 MS: 3 ChangeASCIIInt-ChangeBinInt-EraseBytes-
#1512	REDUCE cov: 840 ft: 1422 corp: 10/76b lim: 11 exec/s: 0 rss: 61Mb L: 6/11 MS: 2 ShuffleBytes-CrossOver-
#1550	REDUCE cov: 840 ft: 1422 corp: 10/75b lim: 11 exec/s: 0 rss: 61Mb L: 6/11 MS: 3 CopyPart-ChangeBit-EraseBytes-
#1622	REDUCE cov: 840 ft: 1422 corp: 10/74b lim: 11 exec/s: 0 rss: 61Mb L: 5/11 MS: 2 CopyPart-EraseBytes-
#1816	NEW    cov: 841 ft: 1457 corp: 11/82b lim: 11 exec/s: 0 rss: 61Mb L: 8/11 MS: 4 ChangeByte-CopyPart-EraseBytes-CrossOver-
#1892	REDUCE cov: 841 ft: 1457 corp: 11/81b lim: 11 exec/s: 0 rss: 61Mb L: 5/11 MS: 1 EraseBytes-
#2118	REDUCE cov: 841 ft: 1457 corp: 11/80b lim: 11 exec/s: 0 rss: 61Mb L: 4/11 MS: 1 EraseBytes-
#2399	REDUCE cov: 841 ft: 1457 corp: 11/78b lim: 11 exec/s: 2399 rss: 61Mb L: 2/11 MS: 1 EraseBytes-
#2450	NEW    cov: 842 ft: 1476 corp: 12/88b lim: 11 exec/s: 2450 rss: 61Mb L: 10/11 MS: 1 CrossOver-
#2753	NEW    cov: 849 ft: 1485 corp: 13/98b lim: 11 exec/s: 2753 rss: 61Mb L: 10/11 MS: 3 ChangeByte-ChangeASCIIInt-CrossOver-
#2821	NEW    cov: 850 ft: 1486 corp: 14/106b lim: 11 exec/s: 2821 rss: 61Mb L: 8/11 MS: 3 ShuffleBytes-ChangeByte-EraseBytes-
#2974	REDUCE cov: 850 ft: 1486 corp: 14/105b lim: 11 exec/s: 2974 rss: 61Mb L: 5/11 MS: 3 ChangeBit-InsertByte-EraseBytes-
#3001	NEW    cov: 850 ft: 1490 corp: 15/116b lim: 11 exec/s: 3001 rss: 61Mb L: 11/11 MS: 2 CopyPart-ShuffleBytes-
#3197	REDUCE cov: 850 ft: 1490 corp: 15/114b lim: 11 exec/s: 3197 rss: 61Mb L: 8/11 MS: 1 EraseBytes-
#3438	REDUCE cov: 850 ft: 1490 corp: 15/113b lim: 11 exec/s: 3438 rss: 61Mb L: 4/11 MS: 1 EraseBytes-
#3669	REDUCE cov: 850 ft: 1490 corp: 15/112b lim: 11 exec/s: 3669 rss: 61Mb L: 3/11 MS: 1 EraseBytes-
#3690	NEW    cov: 851 ft: 1505 corp: 16/118b lim: 11 exec/s: 3690 rss: 61Mb L: 6/11 MS: 1 ChangeBit-
#4052	NEW    cov: 851 ft: 1515 corp: 17/131b lim: 14 exec/s: 4052 rss: 61Mb L: 13/13 MS: 2 CopyPart-CopyPart-
#4428	NEW    cov: 851 ft: 1519 corp: 18/145b lim: 17 exec/s: 4428 rss: 61Mb L: 14/14 MS: 1 CrossOver-
#5184	NEW    cov: 853 ft: 1526 corp: 19/157b lim: 21 exec/s: 2592 rss: 61Mb L: 12/14 MS: 1 CrossOver-
#5261	NEW    cov: 853 ft: 1527 corp: 20/173b lim: 21 exec/s: 2630 rss: 61Mb L: 16/16 MS: 2 ChangeBinInt-CrossOver-
#7658	NEW    cov: 853 ft: 1528 corp: 21/189b lim: 43 exec/s: 2552 rss: 61Mb L: 16/16 MS: 2 CrossOver-ShuffleBytes-
#8000	REDUCE cov: 853 ft: 1528 corp: 21/186b lim: 43 exec/s: 2666 rss: 61Mb L: 8/16 MS: 2 InsertByte-EraseBytes-
#8192	pulse  cov: 853 ft: 1528 corp: 21/186b lim: 43 exec/s: 2730 rss: 61Mb
#8695	NEW    cov: 862 ft: 1644 corp: 22/205b lim: 48 exec/s: 2898 rss: 61Mb L: 19/19 MS: 5 ChangeBinInt-CrossOver-InsertByte-InsertByte-InsertByte-
#10082	NEW    cov: 1153 ft: 2135 corp: 23/214b lim: 58 exec/s: 3360 rss: 61Mb L: 9/19 MS: 2 EraseBytes-ChangeByte-
#10097	NEW    cov: 1153 ft: 2152 corp: 24/225b lim: 58 exec/s: 3365 rss: 61Mb L: 11/19 MS: 5 InsertByte-CrossOver-CopyPart-ChangeByte-EraseBytes-
#10448	NEW    cov: 1153 ft: 2344 corp: 25/241b lim: 58 exec/s: 2612 rss: 61Mb L: 16/19 MS: 1 ChangeByte-
#10519	NEW    cov: 1156 ft: 2361 corp: 26/250b lim: 58 exec/s: 2629 rss: 61Mb L: 9/19 MS: 1 CopyPart-
#10646	REDUCE cov: 1156 ft: 2361 corp: 26/249b lim: 58 exec/s: 2661 rss: 61Mb L: 9/19 MS: 2 ChangeBit-EraseBytes-
#10777	NEW    cov: 1156 ft: 2515 corp: 27/263b lim: 58 exec/s: 2694 rss: 61Mb L: 14/19 MS: 1 EraseBytes-
#11638	NEW    cov: 1160 ft: 2519 corp: 28/278b lim: 63 exec/s: 2909 rss: 61Mb L: 15/19 MS: 1 CrossOver-
#11924	NEW    cov: 1160 ft: 2546 corp: 29/293b lim: 63 exec/s: 2981 rss: 61Mb L: 15/19 MS: 1 ShuffleBytes-
#12394	NEW    cov: 1162 ft: 2549 corp: 30/312b lim: 63 exec/s: 3098 rss: 61Mb L: 19/19 MS: 5 ShuffleBytes-ChangeBinInt-ChangeBinInt-ChangeBinInt-CrossOver-
#16384	pulse  cov: 1162 ft: 2549 corp: 30/312b lim: 98 exec/s: 2730 rss: 61Mb
#16696	REDUCE cov: 1162 ft: 2549 corp: 30/311b lim: 104 exec/s: 2782 rss: 61Mb L: 5/19 MS: 2 CopyPart-EraseBytes-
#18093	NEW    cov: 1163 ft: 2559 corp: 31/320b lim: 116 exec/s: 3015 rss: 61Mb L: 9/19 MS: 2 ChangeBinInt-InsertByte-
==1607== libFuzzer: run interrupted; exiting
