INFO: Instrumenting black
INFO: Instrumenting json
INFO: Instrumenting json.decoder
INFO: Instrumenting json.scanner
INFO: Instrumenting json.encoder
INFO: Instrumenting platform
INFO: Instrumenting datetime
INFO: Instrumenting click
INFO: Instrumenting __future__
INFO: Instrumenting click.core
INFO: Instrumenting gettext
INFO: Instrumenting click.types
INFO: Instrumenting click._compat
INFO: Instrumenting click.exceptions
INFO: Instrumenting click.globals
INFO: Instrumenting click.utils
INFO: Instrumenting click._utils
INFO: Instrumenting click.formatting
INFO: Instrumenting click.parser
INFO: Instrumenting click.termui
INFO: Instrumenting click.decorators
INFO: Instrumenting mypy_extensions
INFO: Instrumenting pathspec
INFO: Instrumenting pathspec.gitignore
INFO: Instrumenting pathspec.backend
INFO: Instrumenting pathspec._backends
INFO: Instrumenting pathspec._backends.agg
INFO: Instrumenting pathspec.pattern
INFO: Instrumenting pathspec._typing
INFO: Instrumenting pathspec._backends.hyperscan
INFO: Instrumenting pathspec._backends.hyperscan.base
INFO: Instrumenting pathspec._backends.hyperscan.gitignore
INFO: Instrumenting pathspec.patterns
INFO: Instrumenting pathspec.patterns.gitignore
INFO: Instrumenting pathspec.patterns.gitignore.base
INFO: Instrumenting pathspec.patterns.gitignore.basic
INFO: Instrumenting pathspec.util
INFO: Instrumenting pathspec.patterns.gitignore.spec
INFO: Instrumenting pathspec.patterns.gitwildmatch
INFO: Instrumenting pathspec._backends.hyperscan._base
INFO: Instrumenting pathspec._backends.hyperscan.pathspec
INFO: Instrumenting pathspec._backends._utils
INFO: Instrumenting pathspec._backends.re2
INFO: Instrumenting pathspec._backends.re2.base
INFO: Instrumenting pathspec._backends.re2.gitignore
INFO: Instrumenting pathspec._backends.re2._base
INFO: Instrumenting pathspec._backends.re2.pathspec
INFO: Instrumenting pathspec._backends.simple
INFO: Instrumenting pathspec._backends.simple.gitignore
INFO: Instrumenting pathspec._backends.simple.pathspec
INFO: Instrumenting pathspec.pathspec
INFO: Instrumenting pathspec._meta
INFO: Instrumenting pathspec._version
INFO: Instrumenting _black_version
INFO: Instrumenting black.cache
INFO: Instrumenting hashlib
INFO: Instrumenting pickle
INFO: Instrumenting struct
INFO: Instrumenting _compat_pickle
INFO: Instrumenting platformdirs
INFO: Instrumenting platformdirs.api
INFO: Instrumenting platformdirs.version
INFO: Instrumenting platformdirs.unix
INFO: Instrumenting configparser
INFO: Instrumenting black.mode
INFO: Instrumenting black.const
INFO: Instrumenting black.output
INFO: Instrumenting black.comments
INFO: Instrumenting black.nodes
INFO: Instrumenting black.strings
INFO: Instrumenting black._width_table
INFO: Instrumenting blib2to3
INFO: Instrumenting blib2to3.pytree
INFO: Instrumenting blib2to3.pgen2
INFO: Instrumenting blib2to3.pgen2.grammar
INFO: Instrumenting blib2to3.pgen2.token
INFO: Instrumenting blib2to3.pygram
INFO: Instrumenting blib2to3.pgen2.driver
INFO: Instrumenting pkgutil
INFO: Instrumenting importlib.util
WARNING: It looks like this module is imported by a custom loader. Atheris has experimental support for this. However, it may be incompatible with certain libraries. If you experience unusual errors or poor coverage collection, try atheris.instrument_all() instead, add enable_loader_override=False to instrument_imports(), or file an issue on GitHub.
INFO: Instrumenting blib2to3.pgen2.tokenize
INFO: Instrumenting blib2to3.pgen2.parse
INFO: Instrumenting blib2to3.pgen2.pgen
INFO: Instrumenting black.files
INFO: Instrumenting packaging
INFO: Instrumenting packaging.specifiers
INFO: Instrumenting packaging.utils
INFO: Instrumenting packaging.tags
INFO: Instrumenting subprocess
INFO: Instrumenting locale
INFO: Instrumenting _locale
INFO: Instrumenting signal
INFO: Instrumenting selectors
INFO: Instrumenting sysconfig
INFO: Instrumenting packaging._manylinux
INFO: Instrumenting packaging._elffile
INFO: Instrumenting packaging._musllinux
INFO: Instrumenting packaging.version
INFO: Instrumenting packaging._structures
INFO: Instrumenting tomllib
INFO: Instrumenting tomllib._parser
INFO: Instrumenting tomllib._re
INFO: Instrumenting tomllib._types
INFO: Instrumenting black.handle_ipynb_magics
INFO: Instrumenting secrets
INFO: Instrumenting base64
INFO: Instrumenting hmac
INFO: Instrumenting black.report
INFO: Instrumenting black.linegen
INFO: Instrumenting black.brackets
INFO: Instrumenting black.lines
INFO: Instrumenting black.numerics
INFO: Instrumenting black.trans
INFO: Instrumenting black.rusty
INFO: Instrumenting black.parsing
INFO: Instrumenting black.ranges
INFO: Instrumenting difflib
INFO: Instrumenting heapq
INFO: Using built-in libfuzzer
WARNING: Failed to find function "__sanitizer_acquire_crash_state".
WARNING: Failed to find function "__sanitizer_print_stack_trace".
WARNING: Failed to find function "__sanitizer_set_death_callback".
INFO: Running with entropic power schedule (0xFF, 100).
INFO: Seed: 656206074
INFO: -max_len is not provided; libFuzzer will not generate inputs larger than 4096 bytes
INFO: A corpus is not provided, starting from an empty corpus
#2	INITED cov: 4 ft: 4 corp: 1/1b exec/s: 0 rss: 56Mb
#3	NEW    cov: 7 ft: 7 corp: 2/2b lim: 4 exec/s: 0 rss: 56Mb L: 1/1 MS: 1 ChangeBinInt-
#224	NEW    cov: 124 ft: 124 corp: 3/7b lim: 6 exec/s: 0 rss: 56Mb L: 5/5 MS: 1 CMP- DE: "\001\000\000\000"-
#249	NEW    cov: 142 ft: 142 corp: 4/12b lim: 6 exec/s: 0 rss: 56Mb L: 5/5 MS: 5 ChangeBinInt-EraseBytes-ChangeBit-InsertByte-ChangeByte-
#251	NEW    cov: 145 ft: 158 corp: 5/18b lim: 6 exec/s: 0 rss: 56Mb L: 6/6 MS: 2 ShuffleBytes-InsertByte-
#270	NEW    cov: 145 ft: 160 corp: 6/23b lim: 6 exec/s: 0 rss: 56Mb L: 5/6 MS: 4 ShuffleBytes-CrossOver-InsertByte-CrossOver-
#281	NEW    cov: 487 ft: 561 corp: 7/29b lim: 6 exec/s: 0 rss: 56Mb L: 6/6 MS: 1 InsertRepeatedBytes-
#287	REDUCE cov: 487 ft: 561 corp: 7/28b lim: 6 exec/s: 0 rss: 56Mb L: 5/6 MS: 1 EraseBytes-
#288	NEW    cov: 487 ft: 564 corp: 8/34b lim: 6 exec/s: 0 rss: 56Mb L: 6/6 MS: 1 PersAutoDict- DE: "\001\000\000\000"-
#290	NEW    cov: 487 ft: 596 corp: 9/40b lim: 6 exec/s: 0 rss: 56Mb L: 6/6 MS: 2 ChangeByte-CrossOver-
#298	NEW    cov: 487 ft: 599 corp: 10/46b lim: 6 exec/s: 0 rss: 56Mb L: 6/6 MS: 3 InsertRepeatedBytes-CrossOver-InsertByte-
#370	REDUCE cov: 488 ft: 628 corp: 11/52b lim: 6 exec/s: 0 rss: 56Mb L: 6/6 MS: 2 ChangeByte-InsertByte-
#384	NEW    cov: 488 ft: 631 corp: 12/58b lim: 6 exec/s: 0 rss: 56Mb L: 6/6 MS: 4 CopyPart-ChangeBit-CopyPart-InsertByte-
#434	REDUCE cov: 489 ft: 632 corp: 13/64b lim: 6 exec/s: 0 rss: 56Mb L: 6/6 MS: 5 ChangeBit-ChangeByte-EraseBytes-CrossOver-ShuffleBytes-
#442	NEW    cov: 492 ft: 635 corp: 14/70b lim: 6 exec/s: 0 rss: 56Mb L: 6/6 MS: 3 ChangeBit-ChangeByte-ChangeBit-
#475	NEW    cov: 492 ft: 636 corp: 15/76b lim: 6 exec/s: 0 rss: 56Mb L: 6/6 MS: 3 CrossOver-EraseBytes-InsertRepeatedBytes-
#487	NEW    cov: 492 ft: 639 corp: 16/82b lim: 6 exec/s: 0 rss: 56Mb L: 6/6 MS: 2 CopyPart-ChangeByte-
#551	NEW    cov: 492 ft: 640 corp: 17/88b lim: 6 exec/s: 0 rss: 56Mb L: 6/6 MS: 4 ChangeByte-InsertRepeatedBytes-ChangeBit-ChangeBinInt-
#565	NEW    cov: 492 ft: 674 corp: 18/94b lim: 6 exec/s: 0 rss: 56Mb L: 6/6 MS: 4 CrossOver-CopyPart-ChangeBinInt-ChangeByte-
#723	NEW    cov: 492 ft: 675 corp: 19/100b lim: 6 exec/s: 0 rss: 56Mb L: 6/6 MS: 3 ChangeBit-ChangeBit-ChangeByte-
#799	NEW    cov: 498 ft: 689 corp: 20/106b lim: 6 exec/s: 0 rss: 56Mb L: 6/6 MS: 1 ChangeByte-
#815	NEW    cov: 499 ft: 690 corp: 21/112b lim: 6 exec/s: 0 rss: 56Mb L: 6/6 MS: 1 ChangeBinInt-
#824	NEW    cov: 512 ft: 845 corp: 22/118b lim: 6 exec/s: 0 rss: 56Mb L: 6/6 MS: 4 ChangeBit-CrossOver-PersAutoDict-ChangeBit- DE: "\001\000\000\000"-
#838	NEW    cov: 512 ft: 847 corp: 23/124b lim: 6 exec/s: 0 rss: 56Mb L: 6/6 MS: 4 ChangeByte-ChangeBit-CopyPart-ChangeByte-
#875	REDUCE cov: 512 ft: 847 corp: 23/123b lim: 6 exec/s: 0 rss: 56Mb L: 5/6 MS: 2 EraseBytes-InsertByte-
#961	NEW    cov: 512 ft: 851 corp: 24/129b lim: 6 exec/s: 0 rss: 56Mb L: 6/6 MS: 1 PersAutoDict- DE: "\001\000\000\000"-
#968	REDUCE cov: 512 ft: 852 corp: 25/134b lim: 6 exec/s: 0 rss: 56Mb L: 5/6 MS: 2 ChangeBit-ChangeByte-
#974	NEW    cov: 518 ft: 859 corp: 26/139b lim: 6 exec/s: 0 rss: 56Mb L: 5/6 MS: 1 EraseBytes-
#1009	NEW    cov: 519 ft: 1159 corp: 27/145b lim: 6 exec/s: 0 rss: 56Mb L: 6/6 MS: 5 InsertRepeatedBytes-EraseBytes-ChangeBit-ShuffleBytes-CrossOver-
#1190	NEW    cov: 520 ft: 1324 corp: 28/150b lim: 6 exec/s: 0 rss: 56Mb L: 5/6 MS: 1 EraseBytes-
#1282	NEW    cov: 520 ft: 1325 corp: 29/155b lim: 6 exec/s: 0 rss: 56Mb L: 5/6 MS: 2 CopyPart-EraseBytes-
#1333	REDUCE cov: 520 ft: 1325 corp: 29/154b lim: 6 exec/s: 0 rss: 56Mb L: 5/6 MS: 1 EraseBytes-
#1372	REDUCE cov: 522 ft: 1327 corp: 30/160b lim: 6 exec/s: 0 rss: 56Mb L: 6/6 MS: 4 CopyPart-PersAutoDict-CMP-ChangeASCIIInt- DE: "\001\000\000\000"-"\345\264\226"-
#1428	NEW    cov: 524 ft: 1338 corp: 31/166b lim: 6 exec/s: 0 rss: 56Mb L: 6/6 MS: 1 ChangeByte-
#1449	NEW    cov: 537 ft: 1351 corp: 32/171b lim: 6 exec/s: 0 rss: 56Mb L: 5/6 MS: 1 PersAutoDict- DE: "\345\264\226"-
#1459	NEW    cov: 578 ft: 1396 corp: 33/176b lim: 6 exec/s: 0 rss: 56Mb L: 5/6 MS: 5 ShuffleBytes-ChangeBinInt-ChangeBinInt-ChangeBinInt-ChangeByte-
#1516	NEW    cov: 578 ft: 1400 corp: 34/182b lim: 6 exec/s: 0 rss: 56Mb L: 6/6 MS: 2 PersAutoDict-ChangeBit- DE: "\345\264\226"-
#1532	NEW    cov: 578 ft: 1402 corp: 35/188b lim: 6 exec/s: 0 rss: 56Mb L: 6/6 MS: 1 ShuffleBytes-
#1537	NEW    cov: 578 ft: 1405 corp: 36/194b lim: 6 exec/s: 0 rss: 56Mb L: 6/6 MS: 5 ShuffleBytes-PersAutoDict-ChangeBit-PersAutoDict-InsertByte- DE: "\001\000\000\000"-"\345\264\226"-
#1649	REDUCE cov: 626 ft: 1533 corp: 37/200b lim: 6 exec/s: 0 rss: 56Mb L: 6/6 MS: 2 InsertByte-ShuffleBytes-
#1655	NEW    cov: 629 ft: 1562 corp: 38/206b lim: 6 exec/s: 0 rss: 56Mb L: 6/6 MS: 1 CopyPart-
#1673	NEW    cov: 629 ft: 1577 corp: 39/212b lim: 6 exec/s: 0 rss: 56Mb L: 6/6 MS: 3 ShuffleBytes-CopyPart-ChangeByte-
#1722	REDUCE cov: 629 ft: 1577 corp: 39/211b lim: 6 exec/s: 0 rss: 56Mb L: 5/6 MS: 4 EraseBytes-InsertByte-ChangeASCIIInt-CopyPart-
#1736	NEW    cov: 635 ft: 1589 corp: 40/217b lim: 6 exec/s: 0 rss: 56Mb L: 6/6 MS: 4 CrossOver-ShuffleBytes-CMP-CopyPart- DE: "\342\214\201"-
#1941	REDUCE cov: 635 ft: 1599 corp: 41/223b lim: 6 exec/s: 0 rss: 56Mb L: 6/6 MS: 5 CrossOver-ShuffleBytes-ChangeBinInt-InsertByte-CrossOver-
#1988	NEW    cov: 635 ft: 1609 corp: 42/229b lim: 6 exec/s: 0 rss: 56Mb L: 6/6 MS: 2 ChangeByte-ChangeBit-
#2014	NEW    cov: 635 ft: 1611 corp: 43/235b lim: 6 exec/s: 0 rss: 56Mb L: 6/6 MS: 1 ChangeByte-
#2230	NEW    cov: 635 ft: 1614 corp: 44/242b lim: 8 exec/s: 0 rss: 56Mb L: 7/7 MS: 1 InsertByte-
#2257	NEW    cov: 635 ft: 1681 corp: 45/249b lim: 8 exec/s: 0 rss: 56Mb L: 7/7 MS: 2 CopyPart-InsertByte-
#2285	NEW    cov: 635 ft: 1684 corp: 46/257b lim: 8 exec/s: 0 rss: 56Mb L: 8/8 MS: 3 CrossOver-CrossOver-InsertByte-
#2350	NEW    cov: 635 ft: 1685 corp: 47/265b lim: 8 exec/s: 0 rss: 56Mb L: 8/8 MS: 5 EraseBytes-ShuffleBytes-CopyPart-CMP-CrossOver- DE: "\377\377\377\377"-
#2512	NEW    cov: 635 ft: 1688 corp: 48/273b lim: 8 exec/s: 2512 rss: 56Mb L: 8/8 MS: 2 ChangeBinInt-CrossOver-
#2551	NEW    cov: 636 ft: 1689 corp: 49/280b lim: 8 exec/s: 2551 rss: 56Mb L: 7/8 MS: 4 InsertByte-InsertByte-PersAutoDict-CMP- DE: "\342\214\201"-"\000\000"-
#2662	NEW    cov: 636 ft: 1690 corp: 50/288b lim: 8 exec/s: 2662 rss: 56Mb L: 8/8 MS: 1 ShuffleBytes-
#2680	NEW    cov: 636 ft: 1691 corp: 51/296b lim: 8 exec/s: 2680 rss: 56Mb L: 8/8 MS: 3 ShuffleBytes-ShuffleBytes-CMP- DE: "for"-
#2682	REDUCE cov: 636 ft: 1694 corp: 52/303b lim: 8 exec/s: 2682 rss: 56Mb L: 7/8 MS: 2 CMP-CMP- DE: "\377\377"-"\356\212\201"-
#2761	NEW    cov: 636 ft: 1696 corp: 53/311b lim: 8 exec/s: 2761 rss: 56Mb L: 8/8 MS: 4 CopyPart-CopyPart-ChangeByte-ChangeBinInt-
#2762	NEW    cov: 662 ft: 1775 corp: 54/318b lim: 8 exec/s: 2762 rss: 56Mb L: 7/8 MS: 1 InsertByte-
#2803	NEW    cov: 662 ft: 1781 corp: 55/326b lim: 8 exec/s: 2803 rss: 56Mb L: 8/8 MS: 1 CrossOver-
#2958	NEW    cov: 663 ft: 1784 corp: 56/333b lim: 8 exec/s: 2958 rss: 56Mb L: 7/8 MS: 5 CopyPart-CrossOver-EraseBytes-PersAutoDict-CrossOver- DE: "for"-
#3144	NEW    cov: 663 ft: 1787 corp: 57/340b lim: 8 exec/s: 3144 rss: 56Mb L: 7/8 MS: 1 InsertByte-
#3378	NEW    cov: 663 ft: 1794 corp: 58/348b lim: 8 exec/s: 3378 rss: 56Mb L: 8/8 MS: 4 ShuffleBytes-ChangeByte-ChangeBit-CopyPart-
#3524	NEW    cov: 663 ft: 1795 corp: 59/355b lim: 8 exec/s: 3524 rss: 56Mb L: 7/8 MS: 1 ChangeByte-
#3543	NEW    cov: 665 ft: 1888 corp: 60/362b lim: 8 exec/s: 3543 rss: 56Mb L: 7/8 MS: 4 ChangeBinInt-ChangeByte-ChangeBinInt-ShuffleBytes-
#3545	NEW    cov: 667 ft: 1890 corp: 61/367b lim: 8 exec/s: 3545 rss: 56Mb L: 5/8 MS: 2 ChangeByte-PersAutoDict- DE: "\345\264\226"-
#3702	NEW    cov: 667 ft: 1891 corp: 62/375b lim: 8 exec/s: 3702 rss: 56Mb L: 8/8 MS: 2 CrossOver-CopyPart-
#3967	NEW    cov: 766 ft: 2116 corp: 63/382b lim: 8 exec/s: 3967 rss: 56Mb L: 7/8 MS: 5 ChangeBit-CopyPart-ShuffleBytes-ChangeByte-InsertByte-
#4018	NEW    cov: 772 ft: 2165 corp: 64/390b lim: 8 exec/s: 2009 rss: 56Mb L: 8/8 MS: 1 ChangeByte-
#4096	pulse  cov: 772 ft: 2165 corp: 64/390b lim: 8 exec/s: 2048 rss: 56Mb
#4173	NEW    cov: 772 ft: 2173 corp: 65/398b lim: 8 exec/s: 2086 rss: 56Mb L: 8/8 MS: 5 CrossOver-ShuffleBytes-ChangeByte-CopyPart-CrossOver-
#4323	NEW    cov: 790 ft: 2212 corp: 66/406b lim: 8 exec/s: 2161 rss: 56Mb L: 8/8 MS: 5 InsertByte-CrossOver-ChangeBit-EraseBytes-CrossOver-
#4540	NEW    cov: 818 ft: 2251 corp: 67/414b lim: 8 exec/s: 2270 rss: 56Mb L: 8/8 MS: 2 CopyPart-ChangeBit-
#4743	NEW    cov: 818 ft: 2253 corp: 68/421b lim: 8 exec/s: 2371 rss: 56Mb L: 7/8 MS: 3 CopyPart-ChangeBit-CrossOver-
==1962== libFuzzer: run interrupted; exiting
