
============================================================
Evaluating: /root/Tokenizer.scala
============================================================

✓ File exists
✓ Source loaded (0 characters)

--- Checking Compilation ---
❌ Compilation failed
  - java.io.IOException: User limit of inotify instances reached or too many open files
  - Use 'last' for the full log.

--- Running Unit Tests ---
⚠ Skipping tests (sbt not available or compilation failed)

--- Evaluating Code Quality Criteria ---


FUNCTIONALITY_PRESERVATION:
----------------------------------------
Score: 1/5 (POOR)
  Could not load source file

SCALA_CONVENTIONS:
----------------------------------------
Score: 1/5 (POOR)
  Could not load source file

READABILITY:
----------------------------------------
Score: 1/5 (POOR)
  Could not load source file

PARADIGM_MATCH:
----------------------------------------
Score: 1/5 (POOR)
  Could not load source file

APPROPRIATE_ABSTRACTIONS:
----------------------------------------
Score: 1/5 (POOR)
  Could not load source file

============================================================
EVALUATION SUMMARY
============================================================
Overall Score: 5/25 (20.0%)
Status: ❌ NEEDS IMPROVEMENT
============================================================

