
============================================================
Evaluating: /root/Tokenizer.scala
============================================================

✓ File exists
✓ Source loaded (13469 characters)

--- Checking Compilation ---
❌ Compilation failed
  - java.io.IOException: User limit of inotify instances reached or too many open files
  - Use 'last' for the full log.

--- Running Unit Tests ---
⚠ Skipping tests (sbt not available or compilation failed)

--- Evaluating Code Quality Criteria ---


FUNCTIONALITY_PRESERVATION:
----------------------------------------
Score: 4/5 (GOOD)
  Found 8/9 required components
  Missing components: TokenType
  Found 3/4 key methods
  Suggestions:
    → Implement missing components: TokenType

SCALA_CONVENTIONS:
----------------------------------------
Score: 4/5 (GOOD)
  ✓ camelCase_methods: 52 occurrences
  ✓ PascalCase_classes: 28 occurrences
  ✓ immutable_val: 40 occurrences
  ✓ case_class: 6 occurrences
  ✓ sealed_trait: 1 occurrences
  Suggestions:
    → Consider refactoring: Null usage (prefer Option)
    → Consider refactoring: Explicit return statement (often unnecessary in Scala)

READABILITY:
----------------------------------------
Score: 4/5 (GOOD)
  Total lines: 436
  Scaladoc blocks: 0
  Single-line comments: 33
  ⚠ Lines > 120 chars: 1
  Type annotations: 120
  Suggestions:
    → Consider breaking long lines for readability

PARADIGM_MATCH:
----------------------------------------
Score: 4/5 (GOOD)
  ✓ map: 9 occurrences
  ✓ flatMap: 1 occurrences
  ✓ higher_order_func: 25 occurrences
  ✓ immutable_collections: 8 occurrences
  Immutability ratio (val/total): 83.33%
  Suggestions:
    → Consider reducing mutable variables (8 vars found)
    → Consider using Option instead of null

APPROPRIATE_ABSTRACTIONS:
----------------------------------------
Score: 5/5 (EXCELLENT)
  Traits defined: 4
  ✓ Sealed hierarchies: 1
  Generic type usages: 51
  ✓ Type aliases: 1
  Objects/Companions: 1
  Suggestions:
    → Consider using type classes for polymorphism

============================================================
EVALUATION SUMMARY
============================================================
Overall Score: 21/25 (84.0%)
Status: ❌ NEEDS IMPROVEMENT
============================================================

