INFO: Instrumenting black
INFO: Instrumenting json
INFO: Instrumenting json.decoder
INFO: Instrumenting json.scanner
INFO: Instrumenting json.encoder
INFO: Instrumenting platform
INFO: Instrumenting datetime
INFO: Instrumenting click
INFO: Instrumenting __future__
INFO: Instrumenting click.core
INFO: Instrumenting gettext
INFO: Instrumenting click.types
INFO: Instrumenting click._compat
INFO: Instrumenting click.exceptions
INFO: Instrumenting click.globals
INFO: Instrumenting click.utils
INFO: Instrumenting click._utils
INFO: Instrumenting click.formatting
INFO: Instrumenting click.parser
INFO: Instrumenting click.termui
INFO: Instrumenting click.decorators
INFO: Instrumenting mypy_extensions
INFO: Instrumenting pathspec
INFO: Instrumenting pathspec.gitignore
INFO: Instrumenting pathspec.backend
INFO: Instrumenting pathspec._backends
INFO: Instrumenting pathspec._backends.agg
INFO: Instrumenting pathspec.pattern
INFO: Instrumenting pathspec._typing
INFO: Instrumenting pathspec._backends.hyperscan
INFO: Instrumenting pathspec._backends.hyperscan.base
INFO: Instrumenting pathspec._backends.hyperscan.gitignore
INFO: Instrumenting pathspec.patterns
INFO: Instrumenting pathspec.patterns.gitignore
INFO: Instrumenting pathspec.patterns.gitignore.base
INFO: Instrumenting pathspec.patterns.gitignore.basic
INFO: Instrumenting pathspec.util
INFO: Instrumenting pathspec.patterns.gitignore.spec
INFO: Instrumenting pathspec.patterns.gitwildmatch
INFO: Instrumenting pathspec._backends.hyperscan._base
INFO: Instrumenting pathspec._backends.hyperscan.pathspec
INFO: Instrumenting pathspec._backends._utils
INFO: Instrumenting pathspec._backends.re2
INFO: Instrumenting pathspec._backends.re2.base
INFO: Instrumenting pathspec._backends.re2._base
INFO: Instrumenting pathspec._backends.re2.gitignore
INFO: Instrumenting pathspec._backends.re2.pathspec
INFO: Instrumenting pathspec._backends.simple
INFO: Instrumenting pathspec._backends.simple.gitignore
INFO: Instrumenting pathspec._backends.simple.pathspec
INFO: Instrumenting pathspec.pathspec
INFO: Instrumenting pathspec._meta
INFO: Instrumenting pathspec._version
INFO: Instrumenting _black_version
INFO: Instrumenting black.cache
INFO: Instrumenting hashlib
INFO: Instrumenting pickle
INFO: Instrumenting struct
INFO: Instrumenting _compat_pickle
INFO: Instrumenting platformdirs
INFO: Instrumenting platformdirs.api
INFO: Instrumenting platformdirs.version
INFO: Instrumenting platformdirs.unix
INFO: Instrumenting configparser
INFO: Instrumenting black.mode
INFO: Instrumenting black.const
INFO: Instrumenting black.output
INFO: Instrumenting black.comments
INFO: Instrumenting black.nodes
INFO: Instrumenting black.strings
INFO: Instrumenting black._width_table
INFO: Instrumenting blib2to3
INFO: Instrumenting blib2to3.pytree
INFO: Instrumenting blib2to3.pgen2
INFO: Instrumenting blib2to3.pgen2.grammar
INFO: Instrumenting blib2to3.pgen2.token
INFO: Instrumenting blib2to3.pygram
INFO: Instrumenting blib2to3.pgen2.driver
INFO: Instrumenting pkgutil
INFO: Instrumenting importlib.util
WARNING: It looks like this module is imported by a custom loader. Atheris has experimental support for this. However, it may be incompatible with certain libraries. If you experience unusual errors or poor coverage collection, try atheris.instrument_all() instead, add enable_loader_override=False to instrument_imports(), or file an issue on GitHub.
INFO: Instrumenting blib2to3.pgen2.tokenize
INFO: Instrumenting blib2to3.pgen2.parse
INFO: Instrumenting blib2to3.pgen2.pgen
INFO: Instrumenting black.files
INFO: Instrumenting packaging
INFO: Instrumenting packaging.specifiers
INFO: Instrumenting packaging.utils
INFO: Instrumenting packaging.tags
INFO: Instrumenting subprocess
INFO: Instrumenting locale
INFO: Instrumenting _locale
INFO: Instrumenting signal
INFO: Instrumenting selectors
INFO: Instrumenting sysconfig
INFO: Instrumenting packaging._manylinux
INFO: Instrumenting packaging._elffile
INFO: Instrumenting packaging._musllinux
INFO: Instrumenting packaging.version
INFO: Instrumenting packaging._structures
INFO: Instrumenting tomllib
INFO: Instrumenting tomllib._parser
INFO: Instrumenting tomllib._re
INFO: Instrumenting tomllib._types
INFO: Instrumenting black.handle_ipynb_magics
INFO: Instrumenting secrets
INFO: Instrumenting base64
INFO: Instrumenting hmac
INFO: Instrumenting black.report
INFO: Instrumenting black.linegen
INFO: Instrumenting black.brackets
INFO: Instrumenting black.lines
INFO: Instrumenting black.numerics
INFO: Instrumenting black.trans
INFO: Instrumenting black.rusty
INFO: Instrumenting black.parsing
INFO: Instrumenting black.ranges
INFO: Instrumenting difflib
INFO: Instrumenting heapq
INFO: Using built-in libfuzzer
WARNING: Failed to find function "__sanitizer_acquire_crash_state".
WARNING: Failed to find function "__sanitizer_print_stack_trace".
WARNING: Failed to find function "__sanitizer_set_death_callback".
INFO: Running with entropic power schedule (0xFF, 100).
INFO: Seed: 1717357175
INFO: -max_len is not provided; libFuzzer will not generate inputs larger than 4096 bytes
INFO: A corpus is not provided, starting from an empty corpus
#2	INITED cov: 234 ft: 234 corp: 1/1b exec/s: 0 rss: 58Mb
#17	NEW    cov: 457 ft: 677 corp: 2/4b lim: 4 exec/s: 0 rss: 58Mb L: 3/3 MS: 5 ShuffleBytes-ChangeBit-CopyPart-CrossOver-CopyPart-
#23	NEW    cov: 487 ft: 720 corp: 3/7b lim: 4 exec/s: 0 rss: 58Mb L: 3/3 MS: 1 ChangeByte-
#24	NEW    cov: 493 ft: 730 corp: 4/9b lim: 4 exec/s: 0 rss: 58Mb L: 2/3 MS: 1 InsertByte-
#25	NEW    cov: 494 ft: 731 corp: 5/11b lim: 4 exec/s: 0 rss: 58Mb L: 2/3 MS: 1 ChangeBinInt-
#34	NEW    cov: 500 ft: 788 corp: 6/14b lim: 4 exec/s: 0 rss: 58Mb L: 3/3 MS: 4 CopyPart-InsertByte-ChangeBit-CrossOver-
#47	NEW    cov: 504 ft: 818 corp: 7/16b lim: 4 exec/s: 0 rss: 58Mb L: 2/3 MS: 3 EraseBytes-ChangeByte-CopyPart-
#54	NEW    cov: 505 ft: 843 corp: 8/18b lim: 4 exec/s: 0 rss: 58Mb L: 2/3 MS: 2 ChangeByte-EraseBytes-
#60	NEW    cov: 505 ft: 859 corp: 9/21b lim: 4 exec/s: 0 rss: 58Mb L: 3/3 MS: 1 CopyPart-
#63	NEW    cov: 505 ft: 862 corp: 10/23b lim: 4 exec/s: 0 rss: 58Mb L: 2/3 MS: 3 ChangeByte-CopyPart-ShuffleBytes-
#64	NEW    cov: 505 ft: 899 corp: 11/27b lim: 4 exec/s: 0 rss: 58Mb L: 4/4 MS: 1 CopyPart-
#67	NEW    cov: 505 ft: 905 corp: 12/30b lim: 4 exec/s: 0 rss: 58Mb L: 3/4 MS: 3 ChangeByte-ChangeBinInt-ChangeByte-
#79	NEW    cov: 505 ft: 909 corp: 13/33b lim: 4 exec/s: 0 rss: 58Mb L: 3/4 MS: 2 CrossOver-ChangeByte-
#82	NEW    cov: 505 ft: 911 corp: 14/36b lim: 4 exec/s: 0 rss: 58Mb L: 3/4 MS: 3 EraseBytes-CopyPart-InsertByte-
#98	REDUCE cov: 505 ft: 911 corp: 14/35b lim: 4 exec/s: 0 rss: 58Mb L: 2/4 MS: 1 EraseBytes-
#113	NEW    cov: 505 ft: 921 corp: 15/38b lim: 4 exec/s: 0 rss: 58Mb L: 3/4 MS: 5 EraseBytes-EraseBytes-InsertByte-CopyPart-InsertByte-
#119	REDUCE cov: 505 ft: 921 corp: 15/37b lim: 4 exec/s: 0 rss: 58Mb L: 2/4 MS: 1 CrossOver-
#135	NEW    cov: 505 ft: 942 corp: 16/41b lim: 4 exec/s: 0 rss: 58Mb L: 4/4 MS: 1 CopyPart-
#138	NEW    cov: 505 ft: 943 corp: 17/45b lim: 4 exec/s: 0 rss: 58Mb L: 4/4 MS: 3 InsertByte-CMP-ChangeBit- DE: "\343\250\232"-
#147	NEW    cov: 552 ft: 1073 corp: 18/48b lim: 4 exec/s: 0 rss: 58Mb L: 3/4 MS: 4 ChangeBinInt-CopyPart-CrossOver-ShuffleBytes-
#170	NEW    cov: 552 ft: 1331 corp: 19/52b lim: 4 exec/s: 0 rss: 58Mb L: 4/4 MS: 3 EraseBytes-CopyPart-CrossOver-
#194	NEW    cov: 597 ft: 1464 corp: 20/56b lim: 4 exec/s: 0 rss: 58Mb L: 4/4 MS: 4 ShuffleBytes-InsertByte-ChangeBit-CopyPart-
#204	NEW    cov: 607 ft: 1477 corp: 21/60b lim: 4 exec/s: 0 rss: 58Mb L: 4/4 MS: 5 CopyPart-CopyPart-ChangeBit-ShuffleBytes-CMP- DE: "yyu"-
#210	NEW    cov: 607 ft: 1572 corp: 22/64b lim: 4 exec/s: 0 rss: 58Mb L: 4/4 MS: 1 CopyPart-
#211	NEW    cov: 607 ft: 1573 corp: 23/67b lim: 4 exec/s: 0 rss: 58Mb L: 3/4 MS: 1 ChangeByte-
#219	NEW    cov: 607 ft: 1575 corp: 24/70b lim: 4 exec/s: 0 rss: 58Mb L: 3/4 MS: 3 InsertByte-ChangeByte-ChangeBit-
#233	NEW    cov: 607 ft: 1576 corp: 25/74b lim: 4 exec/s: 0 rss: 58Mb L: 4/4 MS: 4 PersAutoDict-PersAutoDict-InsertByte-CrossOver- DE: "\343\250\232"-"\343\250\232"-
#245	NEW    cov: 607 ft: 1606 corp: 26/77b lim: 4 exec/s: 0 rss: 58Mb L: 3/4 MS: 2 PersAutoDict-CrossOver- DE: "yyu"-
#248	NEW    cov: 607 ft: 1636 corp: 27/80b lim: 4 exec/s: 0 rss: 58Mb L: 3/4 MS: 3 ChangeByte-CopyPart-ShuffleBytes-
#250	NEW    cov: 607 ft: 1637 corp: 28/84b lim: 4 exec/s: 0 rss: 58Mb L: 4/4 MS: 2 ChangeBit-ShuffleBytes-
#381	NEW    cov: 607 ft: 1640 corp: 29/88b lim: 4 exec/s: 0 rss: 58Mb L: 4/4 MS: 1 CrossOver-
#498	NEW    cov: 608 ft: 1641 corp: 30/92b lim: 4 exec/s: 0 rss: 58Mb L: 4/4 MS: 2 ShuffleBytes-ChangeByte-
#503	NEW    cov: 608 ft: 1642 corp: 31/95b lim: 4 exec/s: 0 rss: 58Mb L: 3/4 MS: 5 CopyPart-CrossOver-ChangeBit-CMP-ChangeBit- DE: "\001\000"-
#538	NEW    cov: 608 ft: 1643 corp: 32/97b lim: 4 exec/s: 0 rss: 58Mb L: 2/4 MS: 5 PersAutoDict-CrossOver-ChangeBit-ChangeByte-EraseBytes- DE: "\343\250\232"-
#540	NEW    cov: 608 ft: 1644 corp: 33/101b lim: 4 exec/s: 0 rss: 58Mb L: 4/4 MS: 2 CopyPart-ShuffleBytes-
#583	REDUCE cov: 608 ft: 1644 corp: 33/100b lim: 4 exec/s: 0 rss: 58Mb L: 3/4 MS: 3 ShuffleBytes-EraseBytes-ShuffleBytes-
#624	NEW    cov: 608 ft: 1654 corp: 34/103b lim: 4 exec/s: 0 rss: 58Mb L: 3/4 MS: 1 InsertByte-
#694	NEW    cov: 608 ft: 1656 corp: 35/107b lim: 4 exec/s: 0 rss: 58Mb L: 4/4 MS: 5 PersAutoDict-CMP-CrossOver-PersAutoDict-ChangeByte- DE: "\001\000"-"\000\000\000\000"-"yyu"-
#719	NEW    cov: 608 ft: 1680 corp: 36/109b lim: 4 exec/s: 0 rss: 58Mb L: 2/4 MS: 5 ShuffleBytes-ChangeByte-EraseBytes-ChangeBit-CopyPart-
#807	NEW    cov: 608 ft: 1681 corp: 37/113b lim: 4 exec/s: 0 rss: 58Mb L: 4/4 MS: 3 InsertByte-ChangeByte-ChangeByte-
#833	REDUCE cov: 608 ft: 1683 corp: 38/116b lim: 4 exec/s: 0 rss: 58Mb L: 3/4 MS: 1 CopyPart-
#841	NEW    cov: 608 ft: 1690 corp: 39/120b lim: 4 exec/s: 0 rss: 58Mb L: 4/4 MS: 3 CopyPart-CopyPart-CopyPart-
#944	NEW    cov: 635 ft: 1728 corp: 40/123b lim: 4 exec/s: 0 rss: 58Mb L: 3/4 MS: 3 CrossOver-CopyPart-InsertByte-
#1016	NEW    cov: 636 ft: 1730 corp: 41/127b lim: 4 exec/s: 1016 rss: 58Mb L: 4/4 MS: 2 InsertByte-CMP- DE: "def"-
#1150	NEW    cov: 636 ft: 1734 corp: 42/131b lim: 4 exec/s: 1150 rss: 58Mb L: 4/4 MS: 4 ChangeBit-PersAutoDict-ChangeByte-CrossOver- DE: "\343\250\232"-
#1193	NEW    cov: 636 ft: 1735 corp: 43/135b lim: 4 exec/s: 1193 rss: 59Mb L: 4/4 MS: 3 InsertByte-CopyPart-CopyPart-
#1201	NEW    cov: 636 ft: 1736 corp: 44/139b lim: 4 exec/s: 1201 rss: 59Mb L: 4/4 MS: 3 EraseBytes-CopyPart-InsertByte-
#1205	REDUCE cov: 636 ft: 1736 corp: 44/138b lim: 4 exec/s: 1205 rss: 59Mb L: 2/4 MS: 4 ShuffleBytes-InsertByte-EraseBytes-EraseBytes-
#1253	NEW    cov: 836 ft: 2187 corp: 45/142b lim: 4 exec/s: 1253 rss: 59Mb L: 4/4 MS: 3 CopyPart-CrossOver-ShuffleBytes-
#1278	NEW    cov: 836 ft: 2189 corp: 46/146b lim: 4 exec/s: 1278 rss: 59Mb L: 4/4 MS: 5 CopyPart-ChangeByte-InsertByte-CrossOver-CopyPart-
#1340	NEW    cov: 866 ft: 2322 corp: 47/150b lim: 4 exec/s: 1340 rss: 59Mb L: 4/4 MS: 2 CopyPart-CMP- DE: "\347\270\212"-
#1412	NEW    cov: 866 ft: 2323 corp: 48/154b lim: 4 exec/s: 1412 rss: 59Mb L: 4/4 MS: 2 CopyPart-ChangeByte-
#1453	NEW    cov: 866 ft: 2324 corp: 49/157b lim: 4 exec/s: 1453 rss: 59Mb L: 3/4 MS: 1 ChangeByte-
#1477	NEW    cov: 867 ft: 2325 corp: 50/161b lim: 4 exec/s: 1477 rss: 59Mb L: 4/4 MS: 4 ChangeByte-ChangeBit-ChangeBinInt-ChangeByte-
#1531	NEW    cov: 876 ft: 2360 corp: 51/165b lim: 4 exec/s: 1531 rss: 59Mb L: 4/4 MS: 4 InsertByte-ChangeByte-ShuffleBytes-CopyPart-
#1540	NEW    cov: 882 ft: 2389 corp: 52/169b lim: 4 exec/s: 1540 rss: 59Mb L: 4/4 MS: 4 CrossOver-ShuffleBytes-ChangeBit-CrossOver-
#1562	NEW    cov: 885 ft: 2395 corp: 53/173b lim: 4 exec/s: 1562 rss: 59Mb L: 4/4 MS: 2 PersAutoDict-CrossOver- DE: "\347\270\212"-
#1568	REDUCE cov: 885 ft: 2395 corp: 53/171b lim: 4 exec/s: 1568 rss: 59Mb L: 2/4 MS: 1 EraseBytes-
#1614	REDUCE cov: 885 ft: 2396 corp: 54/175b lim: 4 exec/s: 1614 rss: 59Mb L: 4/4 MS: 1 InsertByte-
#1691	NEW    cov: 887 ft: 2398 corp: 55/179b lim: 4 exec/s: 1691 rss: 59Mb L: 4/4 MS: 2 ShuffleBytes-ChangeBinInt-
#1692	NEW    cov: 887 ft: 2411 corp: 56/182b lim: 4 exec/s: 1692 rss: 59Mb L: 3/4 MS: 1 EraseBytes-
#1902	NEW    cov: 887 ft: 2413 corp: 57/187b lim: 6 exec/s: 1902 rss: 59Mb L: 5/5 MS: 5 ChangeBinInt-ChangeBit-CrossOver-ShuffleBytes-InsertRepeatedBytes-
#1936	NEW    cov: 887 ft: 2414 corp: 58/193b lim: 6 exec/s: 968 rss: 59Mb L: 6/6 MS: 4 CopyPart-ChangeByte-ChangeByte-CopyPart-
#1940	NEW    cov: 887 ft: 2421 corp: 59/199b lim: 6 exec/s: 970 rss: 59Mb L: 6/6 MS: 4 CrossOver-ShuffleBytes-PersAutoDict-ShuffleBytes- DE: "def"-
#1946	NEW    cov: 887 ft: 2422 corp: 60/205b lim: 6 exec/s: 973 rss: 59Mb L: 6/6 MS: 1 CopyPart-
#1961	NEW    cov: 889 ft: 2424 corp: 61/209b lim: 6 exec/s: 980 rss: 59Mb L: 4/6 MS: 5 InsertByte-EraseBytes-ShuffleBytes-InsertByte-ChangeBit-
#2024	NEW    cov: 889 ft: 2428 corp: 62/214b lim: 6 exec/s: 1012 rss: 59Mb L: 5/6 MS: 3 ChangeBinInt-ChangeByte-InsertByte-
#2028	NEW    cov: 975 ft: 2619 corp: 63/220b lim: 6 exec/s: 1014 rss: 59Mb L: 6/6 MS: 4 InsertByte-CopyPart-ChangeByte-ShuffleBytes-
#2048	pulse  cov: 975 ft: 2619 corp: 63/220b lim: 6 exec/s: 1024 rss: 59Mb
#2095	NEW    cov: 976 ft: 2682 corp: 64/226b lim: 6 exec/s: 1047 rss: 59Mb L: 6/6 MS: 2 CopyPart-CrossOver-
#2115	NEW    cov: 981 ft: 2707 corp: 65/231b lim: 6 exec/s: 1057 rss: 59Mb L: 5/6 MS: 5 ShuffleBytes-ChangeBit-ChangeBit-ChangeASCIIInt-CrossOver-
#2136	NEW    cov: 982 ft: 2708 corp: 66/235b lim: 6 exec/s: 1068 rss: 59Mb L: 4/6 MS: 1 ChangeBinInt-
#2185	NEW    cov: 982 ft: 2709 corp: 67/241b lim: 6 exec/s: 1092 rss: 59Mb L: 6/6 MS: 4 ChangeBinInt-ChangeBit-ShuffleBytes-PersAutoDict- DE: "\001\000"-
#2227	NEW    cov: 982 ft: 2727 corp: 68/245b lim: 6 exec/s: 1113 rss: 59Mb L: 4/6 MS: 2 CrossOver-CMP- DE: "\356\240\243"-
#2369	NEW    cov: 982 ft: 2733 corp: 69/251b lim: 6 exec/s: 1184 rss: 59Mb L: 6/6 MS: 2 CrossOver-InsertByte-
#2376	NEW    cov: 982 ft: 2734 corp: 70/256b lim: 6 exec/s: 1188 rss: 59Mb L: 5/6 MS: 2 InsertByte-ChangeBinInt-
#2387	NEW    cov: 995 ft: 2756 corp: 71/261b lim: 6 exec/s: 1193 rss: 59Mb L: 5/6 MS: 1 InsertByte-
#2435	NEW    cov: 995 ft: 2762 corp: 72/266b lim: 6 exec/s: 1217 rss: 59Mb L: 5/6 MS: 3 InsertByte-EraseBytes-CrossOver-
#2459	NEW    cov: 995 ft: 2764 corp: 73/271b lim: 6 exec/s: 1229 rss: 59Mb L: 5/6 MS: 4 InsertRepeatedBytes-ShuffleBytes-ChangeBit-ChangeByte-
#2467	NEW    cov: 997 ft: 2766 corp: 74/276b lim: 6 exec/s: 1233 rss: 59Mb L: 5/6 MS: 3 PersAutoDict-ChangeByte-InsertByte- DE: "def"-
#2483	NEW    cov: 997 ft: 2776 corp: 75/281b lim: 6 exec/s: 1241 rss: 59Mb L: 5/6 MS: 1 CopyPart-
#2504	NEW    cov: 997 ft: 2778 corp: 76/285b lim: 6 exec/s: 1252 rss: 59Mb L: 4/6 MS: 1 ChangeByte-
#2565	NEW    cov: 997 ft: 2784 corp: 77/290b lim: 6 exec/s: 1282 rss: 59Mb L: 5/6 MS: 1 InsertByte-
#2576	NEW    cov: 999 ft: 2786 corp: 78/296b lim: 6 exec/s: 1288 rss: 59Mb L: 6/6 MS: 1 InsertByte-
#2622	NEW    cov: 999 ft: 2970 corp: 79/302b lim: 6 exec/s: 1311 rss: 59Mb L: 6/6 MS: 1 InsertByte-
#2625	REDUCE cov: 999 ft: 2970 corp: 79/301b lim: 6 exec/s: 1312 rss: 59Mb L: 3/6 MS: 3 ShuffleBytes-PersAutoDict-EraseBytes- DE: "\347\270\212"-
#2704	NEW    cov: 1001 ft: 2978 corp: 80/305b lim: 6 exec/s: 1352 rss: 59Mb L: 4/6 MS: 4 ChangeBit-CrossOver-ChangeByte-ChangeByte-
#2725	NEW    cov: 1001 ft: 2979 corp: 81/311b lim: 6 exec/s: 1362 rss: 59Mb L: 6/6 MS: 1 PersAutoDict- DE: "\001\000"-
#2734	NEW    cov: 1002 ft: 2980 corp: 82/316b lim: 6 exec/s: 1367 rss: 59Mb L: 5/6 MS: 4 ChangeBit-ChangeByte-InsertByte-ChangeByte-
#2757	NEW    cov: 1002 ft: 2981 corp: 83/322b lim: 6 exec/s: 1378 rss: 59Mb L: 6/6 MS: 3 EraseBytes-CrossOver-ChangeBinInt-
#2818	REDUCE cov: 1002 ft: 2981 corp: 83/321b lim: 6 exec/s: 1409 rss: 59Mb L: 2/6 MS: 1 EraseBytes-
#2983	NEW    cov: 1002 ft: 2995 corp: 84/327b lim: 6 exec/s: 994 rss: 59Mb L: 6/6 MS: 5 CopyPart-EraseBytes-CrossOver-CopyPart-PersAutoDict- DE: "\347\270\212"-
#3146	NEW    cov: 1004 ft: 2997 corp: 85/331b lim: 6 exec/s: 1048 rss: 59Mb L: 4/6 MS: 3 ChangeBinInt-ChangeBit-ShuffleBytes-
#3147	NEW    cov: 1004 ft: 3000 corp: 86/337b lim: 6 exec/s: 1049 rss: 59Mb L: 6/6 MS: 1 ChangeBinInt-
#3279	REDUCE cov: 1004 ft: 3000 corp: 86/336b lim: 6 exec/s: 1093 rss: 59Mb L: 5/6 MS: 2 CopyPart-EraseBytes-
#3465	REDUCE cov: 1004 ft: 3000 corp: 86/335b lim: 6 exec/s: 1155 rss: 59Mb L: 4/6 MS: 1 EraseBytes-
#3543	NEW    cov: 1004 ft: 3002 corp: 87/341b lim: 6 exec/s: 1181 rss: 59Mb L: 6/6 MS: 3 InsertRepeatedBytes-CrossOver-CopyPart-
#3548	NEW    cov: 1005 ft: 3034 corp: 88/347b lim: 6 exec/s: 1182 rss: 59Mb L: 6/6 MS: 5 CopyPart-ShuffleBytes-ChangeASCIIInt-CrossOver-CopyPart-
#3608	REDUCE cov: 1005 ft: 3034 corp: 88/344b lim: 6 exec/s: 1202 rss: 59Mb L: 3/6 MS: 5 PersAutoDict-CMP-PersAutoDict-EraseBytes-ShuffleBytes- DE: "\347\270\212"-"yyY"-"\347\270\212"-
#3619	REDUCE cov: 1005 ft: 3034 corp: 88/343b lim: 6 exec/s: 1206 rss: 59Mb L: 5/6 MS: 1 EraseBytes-
#3705	NEW    cov: 1006 ft: 3035 corp: 89/349b lim: 6 exec/s: 926 rss: 59Mb L: 6/6 MS: 1 CopyPart-
#3781	NEW    cov: 1008 ft: 3054 corp: 90/354b lim: 6 exec/s: 945 rss: 59Mb L: 5/6 MS: 1 CrossOver-
#3827	NEW    cov: 1008 ft: 3090 corp: 91/360b lim: 6 exec/s: 956 rss: 59Mb L: 6/6 MS: 1 CopyPart-
#3833	NEW    cov: 1009 ft: 3091 corp: 92/366b lim: 6 exec/s: 958 rss: 59Mb L: 6/6 MS: 1 ChangeBinInt-
#3864	NEW    cov: 1009 ft: 3092 corp: 93/372b lim: 6 exec/s: 966 rss: 59Mb L: 6/6 MS: 1 CopyPart-
#3915	REDUCE cov: 1010 ft: 3103 corp: 94/378b lim: 6 exec/s: 978 rss: 59Mb L: 6/6 MS: 1 InsertByte-
#4001	REDUCE cov: 1010 ft: 3133 corp: 95/382b lim: 6 exec/s: 1000 rss: 59Mb L: 4/6 MS: 1 EraseBytes-
#4082	NEW    cov: 1010 ft: 3170 corp: 96/387b lim: 6 exec/s: 1020 rss: 59Mb L: 5/6 MS: 1 InsertByte-
#4096	pulse  cov: 1010 ft: 3170 corp: 96/387b lim: 6 exec/s: 1024 rss: 59Mb
#4098	NEW    cov: 1010 ft: 3172 corp: 97/393b lim: 6 exec/s: 1024 rss: 59Mb L: 6/6 MS: 1 CopyPart-
#4146	NEW    cov: 1010 ft: 3191 corp: 98/399b lim: 6 exec/s: 1036 rss: 59Mb L: 6/6 MS: 3 InsertByte-CrossOver-CrossOver-
#4210	NEW    cov: 1010 ft: 3195 corp: 99/404b lim: 6 exec/s: 1052 rss: 59Mb L: 5/6 MS: 4 ChangeBit-ChangeByte-CopyPart-ChangeByte-
#4401	NEW    cov: 1011 ft: 3197 corp: 100/410b lim: 6 exec/s: 1100 rss: 59Mb L: 6/6 MS: 1 InsertByte-
#4416	NEW    cov: 1011 ft: 3198 corp: 101/416b lim: 6 exec/s: 1104 rss: 59Mb L: 6/6 MS: 5 CopyPart-ShuffleBytes-CrossOver-CrossOver-CMP- DE: "Y3"-
#4523	REDUCE cov: 1011 ft: 3198 corp: 101/415b lim: 6 exec/s: 904 rss: 59Mb L: 3/6 MS: 2 ShuffleBytes-EraseBytes-
#4596	NEW    cov: 1011 ft: 3208 corp: 102/421b lim: 6 exec/s: 919 rss: 59Mb L: 6/6 MS: 3 PersAutoDict-CopyPart-ChangeBit- DE: "def"-
#4849	NEW    cov: 1011 ft: 3212 corp: 103/429b lim: 8 exec/s: 969 rss: 59Mb L: 8/8 MS: 3 InsertByte-CrossOver-CopyPart-
#4870	NEW    cov: 1011 ft: 3246 corp: 104/436b lim: 8 exec/s: 974 rss: 59Mb L: 7/8 MS: 1 InsertByte-
#5019	NEW    cov: 1011 ft: 3250 corp: 105/443b lim: 8 exec/s: 1003 rss: 59Mb L: 7/8 MS: 4 InsertByte-ChangeByte-PersAutoDict-InsertRepeatedBytes- DE: "\356\240\243"-
#5031	NEW    cov: 1015 ft: 3280 corp: 106/451b lim: 8 exec/s: 1006 rss: 59Mb L: 8/8 MS: 2 ShuffleBytes-ChangeByte-
#5140	NEW    cov: 1015 ft: 3282 corp: 107/459b lim: 8 exec/s: 1028 rss: 59Mb L: 8/8 MS: 4 ChangeBinInt-CMP-ChangeByte-ShuffleBytes- DE: "not"-
#5172	NEW    cov: 1015 ft: 3300 corp: 108/466b lim: 8 exec/s: 1034 rss: 59Mb L: 7/8 MS: 2 CMP-InsertByte- DE: "if"-
#5173	NEW    cov: 1015 ft: 3301 corp: 109/473b lim: 8 exec/s: 1034 rss: 59Mb L: 7/8 MS: 1 CrossOver-
#5181	NEW    cov: 1015 ft: 3303 corp: 110/479b lim: 8 exec/s: 1036 rss: 59Mb L: 6/8 MS: 3 InsertByte-CopyPart-EraseBytes-
#5472	NEW    cov: 1015 ft: 3307 corp: 111/485b lim: 8 exec/s: 912 rss: 59Mb L: 6/8 MS: 1 CopyPart-
#5493	NEW    cov: 1015 ft: 3312 corp: 112/493b lim: 8 exec/s: 915 rss: 59Mb L: 8/8 MS: 1 CopyPart-
#5590	NEW    cov: 1015 ft: 3319 corp: 113/500b lim: 8 exec/s: 931 rss: 59Mb L: 7/8 MS: 2 ChangeBit-CopyPart-
#5701	NEW    cov: 1015 ft: 3333 corp: 114/506b lim: 8 exec/s: 950 rss: 59Mb L: 6/8 MS: 1 ShuffleBytes-
#5823	NEW    cov: 1015 ft: 3339 corp: 115/513b lim: 8 exec/s: 970 rss: 59Mb L: 7/8 MS: 2 ShuffleBytes-PersAutoDict- DE: "\347\270\212"-
#5929	NEW    cov: 1015 ft: 3349 corp: 116/521b lim: 8 exec/s: 988 rss: 59Mb L: 8/8 MS: 1 CrossOver-
#6059	NEW    cov: 1036 ft: 3370 corp: 117/528b lim: 8 exec/s: 1009 rss: 59Mb L: 7/8 MS: 5 CopyPart-PersAutoDict-CrossOver-PersAutoDict-ChangeBit- DE: "yyY"-"not"-
#6073	NEW    cov: 1036 ft: 3371 corp: 118/536b lim: 8 exec/s: 1012 rss: 59Mb L: 8/8 MS: 4 InsertByte-ChangeBit-ShuffleBytes-InsertByte-
#6085	REDUCE cov: 1036 ft: 3371 corp: 118/535b lim: 8 exec/s: 1014 rss: 59Mb L: 5/8 MS: 2 CrossOver-EraseBytes-
#6136	REDUCE cov: 1036 ft: 3372 corp: 119/541b lim: 8 exec/s: 1022 rss: 59Mb L: 6/8 MS: 1 CopyPart-
#6263	NEW    cov: 1036 ft: 3373 corp: 120/549b lim: 8 exec/s: 1043 rss: 59Mb L: 8/8 MS: 2 ChangeBit-CopyPart-
#6404	NEW    cov: 1036 ft: 3379 corp: 121/557b lim: 8 exec/s: 914 rss: 59Mb L: 8/8 MS: 1 PersAutoDict- DE: "yyu"-
#6493	NEW    cov: 1037 ft: 3389 corp: 122/565b lim: 8 exec/s: 927 rss: 59Mb L: 8/8 MS: 4 ChangeByte-ChangeBit-CopyPart-ChangeByte-
#6590	NEW    cov: 1037 ft: 3395 corp: 123/573b lim: 8 exec/s: 941 rss: 59Mb L: 8/8 MS: 2 CopyPart-CopyPart-
#6751	REDUCE cov: 1037 ft: 3395 corp: 123/571b lim: 8 exec/s: 964 rss: 59Mb L: 4/8 MS: 1 EraseBytes-
#6769	NEW    cov: 1037 ft: 3396 corp: 124/574b lim: 8 exec/s: 967 rss: 59Mb L: 3/8 MS: 3 CopyPart-EraseBytes-ChangeBit-
#6817	REDUCE cov: 1037 ft: 3396 corp: 124/573b lim: 8 exec/s: 973 rss: 59Mb L: 3/8 MS: 3 EraseBytes-CopyPart-ShuffleBytes-
#6840	NEW    cov: 1039 ft: 3398 corp: 125/580b lim: 8 exec/s: 977 rss: 59Mb L: 7/8 MS: 3 ChangeBit-InsertByte-CrossOver-
#6876	NEW    cov: 1159 ft: 3607 corp: 126/586b lim: 8 exec/s: 982 rss: 59Mb L: 6/8 MS: 1 CopyPart-
#6954	NEW    cov: 1159 ft: 3610 corp: 127/593b lim: 8 exec/s: 993 rss: 59Mb L: 7/8 MS: 3 CopyPart-CrossOver-ShuffleBytes-
#6970	REDUCE cov: 1159 ft: 3610 corp: 127/592b lim: 8 exec/s: 995 rss: 59Mb L: 6/8 MS: 1 EraseBytes-
#7041	NEW    cov: 1159 ft: 3611 corp: 128/598b lim: 8 exec/s: 1005 rss: 59Mb L: 6/8 MS: 1 ShuffleBytes-
#7067	REDUCE cov: 1159 ft: 3611 corp: 128/597b lim: 8 exec/s: 1009 rss: 59Mb L: 5/8 MS: 1 EraseBytes-
#7110	NEW    cov: 1159 ft: 3624 corp: 129/605b lim: 8 exec/s: 1015 rss: 59Mb L: 8/8 MS: 3 InsertByte-PersAutoDict-CopyPart- DE: "\347\270\212"-
#7208	REDUCE cov: 1159 ft: 3624 corp: 129/604b lim: 8 exec/s: 901 rss: 59Mb L: 5/8 MS: 3 PersAutoDict-EraseBytes-PersAutoDict- DE: "\356\240\243"-"Y3"-
#7260	NEW    cov: 1159 ft: 3625 corp: 130/612b lim: 8 exec/s: 907 rss: 59Mb L: 8/8 MS: 2 ChangeBit-CopyPart-
#7521	NEW    cov: 1159 ft: 3629 corp: 131/618b lim: 8 exec/s: 940 rss: 59Mb L: 6/8 MS: 1 ShuffleBytes-
#7577	NEW    cov: 1159 ft: 3650 corp: 132/623b lim: 8 exec/s: 947 rss: 59Mb L: 5/8 MS: 1 EraseBytes-
#7608	NEW    cov: 1159 ft: 3671 corp: 133/629b lim: 8 exec/s: 951 rss: 59Mb L: 6/8 MS: 1 InsertByte-
#7652	NEW    cov: 1159 ft: 3673 corp: 134/637b lim: 8 exec/s: 956 rss: 59Mb L: 8/8 MS: 4 InsertRepeatedBytes-PersAutoDict-ChangeBit-ShuffleBytes- DE: "\347\270\212"-
#7708	NEW    cov: 1159 ft: 3683 corp: 135/645b lim: 8 exec/s: 963 rss: 59Mb L: 8/8 MS: 1 CopyPart-
#7755	NEW    cov: 1159 ft: 3684 corp: 136/649b lim: 8 exec/s: 969 rss: 59Mb L: 4/8 MS: 2 CMP-EraseBytes- DE: "def"-
#7873	REDUCE cov: 1159 ft: 3684 corp: 136/647b lim: 8 exec/s: 984 rss: 59Mb L: 3/8 MS: 3 InsertByte-EraseBytes-EraseBytes-
#7960	REDUCE cov: 1159 ft: 3684 corp: 136/645b lim: 8 exec/s: 995 rss: 59Mb L: 3/8 MS: 2 CMP-EraseBytes- DE: "\344\260\243"-
#8192	pulse  cov: 1159 ft: 3684 corp: 136/645b lim: 8 exec/s: 910 rss: 59Mb
#8231	NEW    cov: 1159 ft: 3686 corp: 137/652b lim: 8 exec/s: 914 rss: 59Mb L: 7/8 MS: 1 ChangeByte-
#8365	NEW    cov: 1159 ft: 3692 corp: 138/656b lim: 8 exec/s: 929 rss: 59Mb L: 4/8 MS: 4 ChangeBit-CrossOver-CopyPart-ChangeBit-
#8411	NEW    cov: 1159 ft: 3693 corp: 139/664b lim: 8 exec/s: 934 rss: 59Mb L: 8/8 MS: 1 InsertRepeatedBytes-
#8432	NEW    cov: 1159 ft: 3694 corp: 140/670b lim: 8 exec/s: 936 rss: 59Mb L: 6/8 MS: 1 ChangeByte-
#8435	NEW    cov: 1159 ft: 3696 corp: 141/675b lim: 8 exec/s: 937 rss: 59Mb L: 5/8 MS: 3 EraseBytes-CopyPart-CopyPart-
#8441	REDUCE cov: 1159 ft: 3696 corp: 141/674b lim: 8 exec/s: 937 rss: 59Mb L: 5/8 MS: 1 EraseBytes-
#8617	NEW    cov: 1162 ft: 3700 corp: 142/680b lim: 8 exec/s: 957 rss: 59Mb L: 6/8 MS: 1 PersAutoDict- DE: "\344\260\243"-
#8789	NEW    cov: 1162 ft: 3701 corp: 143/687b lim: 8 exec/s: 976 rss: 59Mb L: 7/8 MS: 2 InsertByte-ChangeByte-
#8940	NEW    cov: 1162 ft: 3702 corp: 144/695b lim: 8 exec/s: 894 rss: 59Mb L: 8/8 MS: 1 CopyPart-
#9166	NEW    cov: 1162 ft: 3705 corp: 145/703b lim: 8 exec/s: 916 rss: 59Mb L: 8/8 MS: 1 CopyPart-
#9252	NEW    cov: 1162 ft: 3710 corp: 146/711b lim: 8 exec/s: 925 rss: 59Mb L: 8/8 MS: 1 CopyPart-
#9252	DONE   cov: 1162 ft: 3710 corp: 146/711b lim: 8 exec/s: 771 rss: 59Mb
###### Recommended dictionary. ######
"\343\250\232" # Uses: 78
"yyu" # Uses: 79
"\001\000" # Uses: 74
"\000\000\000\000" # Uses: 67
"def" # Uses: 80
"\347\270\212" # Uses: 80
"\356\240\243" # Uses: 46
"yyY" # Uses: 45
"Y3" # Uses: 40
"not" # Uses: 23
"if" # Uses: 30
"\344\260\243" # Uses: 12
###### End of recommended dictionary. ######
Done 9252 runs in 12 second(s)
