INFO: Instrumenting minisgl.message
INFO: Instrumenting minisgl.message.backend
INFO: Instrumenting __future__
INFO: Instrumenting torch
INFO: Instrumenting ctypes
INFO: Instrumenting struct
INFO: Instrumenting ctypes._endian
INFO: Instrumenting glob
INFO: Instrumenting platform
INFO: Instrumenting typing_extensions
INFO: Instrumenting torch._utils
INFO: Instrumenting torch._utils_internal
INFO: Instrumenting torch._strobelight
INFO: Instrumenting torch._strobelight.compile_time_profiler
INFO: Instrumenting subprocess
INFO: Instrumenting locale
INFO: Instrumenting _locale
WARNING: It looks like this module is imported by a custom loader. Atheris has experimental support for this. However, it may be incompatible with certain libraries. If you experience unusual errors or poor coverage collection, try atheris.instrument_all() instead, add enable_loader_override=False to instrument_imports(), or file an issue on GitHub.
INFO: Instrumenting signal
INFO: Instrumenting selectors
INFO: Instrumenting datetime
INFO: Instrumenting socket
INFO: Instrumenting torch._strobelight.cli_function_profiler
INFO: Instrumenting timeit
INFO: Instrumenting torch.torch_version
INFO: Instrumenting torch._vendor
INFO: Instrumenting torch._vendor.packaging
INFO: Instrumenting torch._vendor.packaging.version
INFO: Instrumenting torch._vendor.packaging._structures
INFO: Instrumenting torch.version
INFO: Instrumenting numpy
INFO: Instrumenting numpy.version
INFO: Instrumenting numpy._expired_attrs_2_0
INFO: Instrumenting numpy._globals
INFO: Instrumenting numpy._utils
INFO: Instrumenting numpy._utils._convertions
INFO: Instrumenting numpy._distributor_init
INFO: Instrumenting numpy.__config__
INFO: Instrumenting numpy._core
INFO: Instrumenting numpy._core.multiarray
INFO: Instrumenting numpy.exceptions
INFO: Instrumenting numpy._core._exceptions
INFO: Instrumenting numpy._core.printoptions
INFO: Instrumenting contextvars
INFO: Instrumenting numpy.dtypes
INFO: Instrumenting numpy._core.overrides
INFO: Instrumenting numpy._utils._inspect
INFO: Instrumenting numpy._core.umath
INFO: Instrumenting numpy._core.numerictypes
INFO: Instrumenting numbers
INFO: Instrumenting numpy._core._dtype
INFO: Instrumenting numpy._core._string_helpers
INFO: Instrumenting numpy._core._type_aliases
INFO: Instrumenting numpy._core.einsumfunc
INFO: Instrumenting numpy._core.numeric
INFO: Instrumenting numpy._core.shape_base
INFO: Instrumenting numpy._core.fromnumeric
INFO: Instrumenting numpy._core._methods
INFO: Instrumenting pickle
INFO: Instrumenting _compat_pickle
INFO: Instrumenting numpy._core._ufunc_config
INFO: Instrumenting numpy._core._asarray
INFO: Instrumenting numpy._core.arrayprint
INFO: Instrumenting numpy._core.function_base
INFO: Instrumenting numpy._core.getlimits
INFO: Instrumenting numpy._core.memmap
INFO: Instrumenting numpy._core.records
INFO: Instrumenting numpy._core._add_newdocs
INFO: Instrumenting numpy._core._add_newdocs_scalars
INFO: Instrumenting numpy._core._dtype_ctypes
INFO: Instrumenting numpy._core._internal
INFO: Instrumenting numpy._pytesttester
INFO: Instrumenting numpy.lib
INFO: Instrumenting numpy.lib._arraypad_impl
