
============================================================
Evaluating: /root/Tokenizer.scala
============================================================

✓ File exists
✓ Source loaded (10034 characters)

--- Checking Compilation ---
✓ Compilation successful

--- Running Unit Tests ---
[info] welcome to sbt 1.12.1 (Ubuntu Java 21.0.9)
[info] loading project definition from /root/localtest/project
[info] loading settings for project root from build.sbt...
[info] set current project to scala-tokenizer (in build file:/root/localtest/)
[info] compiling 1 Scala source to /root/localtest/target/scala-2.13/test-classes ...
[info] done compiling
[info] TokenizerSpec:
[info] TokenType
[info] - should have correct string values
[info] Token
[info] - should be immutable and create new instances with metadata
[info] TokenContainer
[info] - should store and retrieve items
[info] UniversalTokenizer
[info] - should tokenize null values
[info] - should tokenize datetime
[info] TokenRegistry
[info] - should register and process containers
[info] TokenFunctor
[info] - should map values
[info] JsonTokenizer
[info] - should tokenize JSON values
[info] WhitespaceTokenizer
[info] - should combine multiple options
[info] TokenizerBuilder
[info] - should chain multiple operations fluently
[info] Run completed in 980 milliseconds.
[info] Total number of tests run: 10
[info] Suites: completed 1, aborted 0
[info] Tests: succeeded 10, failed 0, canceled 0, ignored 0, pending 0
[info] All tests passed.
[success] Total time: 12 s, completed Jan 28, 2026, 4:14:48 AM

Tests passed: 10/10

--- Evaluating Code Quality Criteria ---


FUNCTIONALITY_PRESERVATION:
----------------------------------------
Score: 4/5 (GOOD)
  Found 8/9 required components
  Missing components: TokenType
  Found 3/4 key methods
  Suggestions:
    → Implement missing components: TokenType

SCALA_CONVENTIONS:
----------------------------------------
Score: 5/5 (EXCELLENT)
  ✓ camelCase_methods: 40 occurrences
  ✓ PascalCase_classes: 27 occurrences
  ✓ immutable_val: 23 occurrences
  ✓ case_class: 1 occurrences
  ✓ sealed_trait: 1 occurrences
  Suggestions:
    → Consider refactoring: Null usage (prefer Option)
    → Consider refactoring: Explicit return statement (often unnecessary in Scala)

READABILITY:
----------------------------------------
Score: 5/5 (EXCELLENT)
  Total lines: 330
  Scaladoc blocks: 0
  Single-line comments: 33
  Type annotations: 85

PARADIGM_MATCH:
----------------------------------------
Score: 4/5 (GOOD)
  ✓ map: 6 occurrences
  ✓ flatMap: 1 occurrences
  ✓ higher_order_func: 18 occurrences
  ✓ immutable_collections: 10 occurrences
  Immutability ratio (val/total): 82.14%
  Suggestions:
    → Consider reducing mutable variables (5 vars found)
    → Consider using Option instead of null

APPROPRIATE_ABSTRACTIONS:
----------------------------------------
Score: 5/5 (EXCELLENT)
  Traits defined: 4
  ✓ Sealed hierarchies: 1
  Generic type usages: 38
  Objects/Companions: 2
  ✓ Variance annotations: 3
  Suggestions:
    → Consider using type classes for polymorphism

============================================================
EVALUATION SUMMARY
============================================================
Overall Score: 23/25 (92.0%)
Status: ✓ PASSED
============================================================

