
============================================================
Evaluating: /root/Tokenizer.scala
============================================================

✓ File exists
✓ Source loaded (10951 characters)

--- Checking Compilation ---
✓ Compilation successful

--- Running Unit Tests ---
Tests passed: 0/0

--- Evaluating Code Quality Criteria ---


FUNCTIONALITY_PRESERVATION:
----------------------------------------
Score: 4/5 (GOOD)
  Found 9/9 required components
  Found 3/4 key methods

SCALA_CONVENTIONS:
----------------------------------------
Score: 5/5 (EXCELLENT)
  ✓ camelCase_methods: 32 occurrences
  ✓ PascalCase_classes: 22 occurrences
  ✓ immutable_val: 32 occurrences
  ✓ case_class: 2 occurrences
  ✓ sealed_trait: 1 occurrences
  Suggestions:
    → Consider refactoring: Null usage (prefer Option)
    → Consider refactoring: Explicit return statement (often unnecessary in Scala)

READABILITY:
----------------------------------------
Score: 5/5 (EXCELLENT)
  Total lines: 366
  Scaladoc blocks: 0
  Single-line comments: 46
  Type annotations: 85

PARADIGM_MATCH:
----------------------------------------
Score: 4/5 (GOOD)
  ✓ map: 7 occurrences
  ✓ flatMap: 2 occurrences
  ✓ filter: 1 occurrences
  ✓ higher_order_func: 17 occurrences
  ✓ immutable_collections: 11 occurrences
  Suggestions:
    → Consider reducing mutable variables (5 vars found)
    → Consider using Option instead of null

APPROPRIATE_ABSTRACTIONS:
----------------------------------------
Score: 5/5 (EXCELLENT)
  Traits defined: 3
  ✓ Sealed hierarchies: 1
  Generic type usages: 42
  Objects/Companions: 1
  ✓ Variance annotations: 2
  Suggestions:
    → Consider using type classes for polymorphism

============================================================
EVALUATION SUMMARY
============================================================
Overall Score: 23/25 (92.0%)
Status: ❌ NEEDS IMPROVEMENT
============================================================

