INFO: Instrumenting 13580 functions...
INFO: Using built-in libfuzzer
WARNING: Failed to find function "__sanitizer_acquire_crash_state".
WARNING: Failed to find function "__sanitizer_print_stack_trace".
WARNING: Failed to find function "__sanitizer_set_death_callback".
INFO: Running with entropic power schedule (0xFF, 100).
INFO: Seed: 3111174573
INFO: -max_len is not provided; libFuzzer will not generate inputs larger than 4096 bytes
INFO: A corpus is not provided, starting from an empty corpus
#2	INITED cov: 118 ft: 118 corp: 1/1b exec/s: 0 rss: 89Mb
#10	NEW    cov: 481 ft: 491 corp: 2/3b lim: 4 exec/s: 0 rss: 89Mb L: 2/2 MS: 3 ShuffleBytes-InsertByte-ChangeByte-
#16	NEW    cov: 482 ft: 494 corp: 3/6b lim: 4 exec/s: 0 rss: 89Mb L: 3/3 MS: 1 CMP- DE: "\000\000"-
#20	NEW    cov: 500 ft: 537 corp: 4/8b lim: 4 exec/s: 0 rss: 89Mb L: 2/3 MS: 4 ShuffleBytes-CrossOver-CopyPart-ChangeByte-
#25	NEW    cov: 501 ft: 551 corp: 5/11b lim: 4 exec/s: 0 rss: 89Mb L: 3/3 MS: 5 ChangeASCIIInt-CrossOver-InsertByte-ChangeBit-ShuffleBytes-
#33	NEW    cov: 502 ft: 558 corp: 6/15b lim: 4 exec/s: 0 rss: 89Mb L: 4/4 MS: 3 CMP-CopyPart-ChangeBinInt- DE: "\377\377"-
#40	NEW    cov: 502 ft: 568 corp: 7/19b lim: 4 exec/s: 0 rss: 89Mb L: 4/4 MS: 2 ChangeBinInt-CrossOver-
#47	NEW    cov: 503 ft: 569 corp: 8/23b lim: 4 exec/s: 0 rss: 89Mb L: 4/4 MS: 2 CopyPart-ChangeByte-
#65	NEW    cov: 503 ft: 570 corp: 9/27b lim: 4 exec/s: 0 rss: 89Mb L: 4/4 MS: 3 CrossOver-CrossOver-CrossOver-
#69	NEW    cov: 503 ft: 571 corp: 10/31b lim: 4 exec/s: 0 rss: 89Mb L: 4/4 MS: 4 ChangeASCIIInt-ShuffleBytes-ChangeBit-PersAutoDict- DE: "\000\000"-
/app/ipython/IPython/core/inputtransformer2.py:608: UserWarning: `make_tokens_by_line` received a list of lines which do not have lineending markers ('\n', '\r', '\r\n', '\x0b', '\x0c'), behavior will be unspecified
  tokens_by_line = make_tokens_by_line(lines)
#71	NEW    cov: 554 ft: 629 corp: 11/35b lim: 4 exec/s: 0 rss: 89Mb L: 4/4 MS: 2 ShuffleBytes-ChangeByte-
#82	REDUCE cov: 554 ft: 629 corp: 11/34b lim: 4 exec/s: 0 rss: 89Mb L: 3/4 MS: 1 EraseBytes-
#83	NEW    cov: 578 ft: 757 corp: 12/36b lim: 4 exec/s: 0 rss: 89Mb L: 2/4 MS: 1 ChangeBit-
#86	NEW    cov: 578 ft: 759 corp: 13/39b lim: 4 exec/s: 0 rss: 89Mb L: 3/4 MS: 3 EraseBytes-ShuffleBytes-CopyPart-
#89	NEW    cov: 578 ft: 761 corp: 14/43b lim: 4 exec/s: 0 rss: 89Mb L: 4/4 MS: 3 ShuffleBytes-ChangeBinInt-InsertByte-
#95	NEW    cov: 578 ft: 764 corp: 15/47b lim: 4 exec/s: 0 rss: 89Mb L: 4/4 MS: 1 CrossOver-
#96	NEW    cov: 579 ft: 772 corp: 16/50b lim: 4 exec/s: 0 rss: 89Mb L: 3/4 MS: 1 InsertByte-
#112	REDUCE cov: 580 ft: 793 corp: 17/52b lim: 4 exec/s: 0 rss: 89Mb L: 2/4 MS: 1 EraseBytes-
#113	NEW    cov: 580 ft: 797 corp: 18/56b lim: 4 exec/s: 0 rss: 89Mb L: 4/4 MS: 1 ChangeByte-
#116	NEW    cov: 586 ft: 810 corp: 19/60b lim: 4 exec/s: 0 rss: 89Mb L: 4/4 MS: 3 ChangeByte-CMP-ChangeBit- DE: "\377\377"-
#138	NEW    cov: 586 ft: 813 corp: 20/64b lim: 4 exec/s: 0 rss: 89Mb L: 4/4 MS: 2 ShuffleBytes-ChangeByte-
#146	NEW    cov: 587 ft: 821 corp: 21/67b lim: 4 exec/s: 0 rss: 89Mb L: 3/4 MS: 3 ChangeBinInt-EraseBytes-ChangeByte-
#150	REDUCE cov: 589 ft: 842 corp: 22/71b lim: 4 exec/s: 0 rss: 89Mb L: 4/4 MS: 4 PersAutoDict-InsertByte-ChangeBinInt-ChangeByte- DE: "\377\377"-
#191	NEW    cov: 589 ft: 843 corp: 23/75b lim: 4 exec/s: 0 rss: 89Mb L: 4/4 MS: 1 PersAutoDict- DE: "\000\000"-
#192	NEW    cov: 590 ft: 852 corp: 24/77b lim: 4 exec/s: 0 rss: 89Mb L: 2/4 MS: 1 EraseBytes-
#194	NEW    cov: 595 ft: 857 corp: 25/81b lim: 4 exec/s: 0 rss: 89Mb L: 4/4 MS: 2 CopyPart-ChangeByte-
#200	REDUCE cov: 595 ft: 857 corp: 25/80b lim: 4 exec/s: 0 rss: 89Mb L: 3/4 MS: 1 EraseBytes-
#216	NEW    cov: 596 ft: 858 corp: 26/83b lim: 4 exec/s: 0 rss: 89Mb L: 3/4 MS: 1 ChangeBit-
#226	NEW    cov: 596 ft: 859 corp: 27/87b lim: 4 exec/s: 0 rss: 89Mb L: 4/4 MS: 5 InsertByte-CrossOver-ChangeASCIIInt-CopyPart-ShuffleBytes-
#262	NEW    cov: 598 ft: 861 corp: 28/91b lim: 4 exec/s: 0 rss: 89Mb L: 4/4 MS: 1 CrossOver-
#263	NEW    cov: 598 ft: 865 corp: 29/95b lim: 4 exec/s: 0 rss: 89Mb L: 4/4 MS: 1 CopyPart-
#280	NEW    cov: 603 ft: 872 corp: 30/99b lim: 4 exec/s: 0 rss: 89Mb L: 4/4 MS: 2 ChangeBit-ShuffleBytes-
#301	NEW    cov: 604 ft: 873 corp: 31/103b lim: 4 exec/s: 0 rss: 89Mb L: 4/4 MS: 1 PersAutoDict- DE: "\377\377"-
#342	NEW    cov: 604 ft: 880 corp: 32/107b lim: 4 exec/s: 0 rss: 89Mb L: 4/4 MS: 1 CopyPart-
#343	REDUCE cov: 604 ft: 880 corp: 32/106b lim: 4 exec/s: 0 rss: 89Mb L: 2/4 MS: 1 EraseBytes-
#365	REDUCE cov: 604 ft: 882 corp: 33/109b lim: 4 exec/s: 0 rss: 89Mb L: 3/4 MS: 2 ShuffleBytes-InsertByte-
#399	REDUCE cov: 604 ft: 882 corp: 33/108b lim: 4 exec/s: 0 rss: 89Mb L: 3/4 MS: 4 ChangeByte-CrossOver-ChangeByte-EraseBytes-
#403	NEW    cov: 604 ft: 884 corp: 34/112b lim: 4 exec/s: 0 rss: 89Mb L: 4/4 MS: 4 ShuffleBytes-CopyPart-CopyPart-CrossOver-
#427	NEW    cov: 655 ft: 1005 corp: 35/115b lim: 4 exec/s: 0 rss: 89Mb L: 3/4 MS: 4 EraseBytes-InsertByte-InsertByte-ChangeBit-
#474	NEW    cov: 656 ft: 1006 corp: 36/119b lim: 4 exec/s: 0 rss: 89Mb L: 4/4 MS: 2 CrossOver-ChangeByte-
#487	NEW    cov: 656 ft: 1007 corp: 37/123b lim: 4 exec/s: 0 rss: 89Mb L: 4/4 MS: 3 ChangeBinInt-InsertByte-CopyPart-
#511	NEW    cov: 657 ft: 1008 corp: 38/125b lim: 4 exec/s: 0 rss: 89Mb L: 2/4 MS: 4 InsertByte-ChangeBit-EraseBytes-ChangeByte-
#520	REDUCE cov: 657 ft: 1008 corp: 38/124b lim: 4 exec/s: 0 rss: 89Mb L: 2/4 MS: 4 EraseBytes-InsertByte-EraseBytes-ChangeByte-
#556	REDUCE cov: 657 ft: 1008 corp: 38/122b lim: 4 exec/s: 0 rss: 89Mb L: 2/4 MS: 1 EraseBytes-
#597	NEW    cov: 657 ft: 1014 corp: 39/126b lim: 4 exec/s: 0 rss: 89Mb L: 4/4 MS: 1 CopyPart-
#602	NEW    cov: 658 ft: 1015 corp: 40/130b lim: 4 exec/s: 0 rss: 89Mb L: 4/4 MS: 5 ShuffleBytes-ChangeByte-CopyPart-ShuffleBytes-CopyPart-
#670	NEW    cov: 663 ft: 1020 corp: 41/134b lim: 4 exec/s: 0 rss: 89Mb L: 4/4 MS: 3 ChangeASCIIInt-ChangeBinInt-CrossOver-
#696	NEW    cov: 670 ft: 1028 corp: 42/138b lim: 4 exec/s: 0 rss: 89Mb L: 4/4 MS: 1 ChangeBinInt-
#713	REDUCE cov: 672 ft: 1036 corp: 43/141b lim: 4 exec/s: 0 rss: 89Mb L: 3/4 MS: 2 ChangeByte-ShuffleBytes-
#751	NEW    cov: 672 ft: 1040 corp: 44/143b lim: 4 exec/s: 0 rss: 89Mb L: 2/4 MS: 3 CopyPart-CopyPart-EraseBytes-
#797	REDUCE cov: 674 ft: 1042 corp: 45/147b lim: 4 exec/s: 0 rss: 89Mb L: 4/4 MS: 1 PersAutoDict- DE: "\377\377"-
#853	NEW    cov: 674 ft: 1047 corp: 46/151b lim: 4 exec/s: 0 rss: 89Mb L: 4/4 MS: 1 CrossOver-
#879	REDUCE cov: 674 ft: 1047 corp: 46/150b lim: 4 exec/s: 0 rss: 89Mb L: 3/4 MS: 1 EraseBytes-
#920	REDUCE cov: 674 ft: 1047 corp: 46/149b lim: 4 exec/s: 0 rss: 89Mb L: 3/4 MS: 1 EraseBytes-
#1062	REDUCE cov: 676 ft: 1051 corp: 47/153b lim: 4 exec/s: 0 rss: 89Mb L: 4/4 MS: 2 ChangeASCIIInt-CrossOver-
#1094	NEW    cov: 676 ft: 1052 corp: 48/157b lim: 4 exec/s: 0 rss: 89Mb L: 4/4 MS: 2 ChangeBit-CrossOver-
#1168	REDUCE cov: 676 ft: 1052 corp: 48/156b lim: 4 exec/s: 0 rss: 89Mb L: 3/4 MS: 4 PersAutoDict-CrossOver-ShuffleBytes-EraseBytes- DE: "\377\377"-
#1219	NEW    cov: 676 ft: 1056 corp: 49/160b lim: 4 exec/s: 0 rss: 89Mb L: 4/4 MS: 1 ChangeByte-
#1245	REDUCE cov: 676 ft: 1056 corp: 49/158b lim: 4 exec/s: 0 rss: 89Mb L: 2/4 MS: 1 EraseBytes-
#1246	REDUCE cov: 677 ft: 1057 corp: 50/161b lim: 4 exec/s: 0 rss: 89Mb L: 3/4 MS: 1 InsertByte-
#1312	NEW    cov: 677 ft: 1059 corp: 51/165b lim: 4 exec/s: 0 rss: 89Mb L: 4/4 MS: 1 ShuffleBytes-
#1378	REDUCE cov: 677 ft: 1059 corp: 51/164b lim: 4 exec/s: 0 rss: 89Mb L: 2/4 MS: 1 EraseBytes-
#1404	REDUCE cov: 677 ft: 1062 corp: 52/167b lim: 4 exec/s: 0 rss: 89Mb L: 3/4 MS: 1 InsertByte-
#1407	NEW    cov: 677 ft: 1064 corp: 53/171b lim: 4 exec/s: 0 rss: 89Mb L: 4/4 MS: 3 ShuffleBytes-ShuffleBytes-ChangeByte-
#1483	NEW    cov: 677 ft: 1070 corp: 54/175b lim: 4 exec/s: 0 rss: 89Mb L: 4/4 MS: 1 ChangeBit-
#1504	NEW    cov: 677 ft: 1075 corp: 55/179b lim: 4 exec/s: 0 rss: 89Mb L: 4/4 MS: 1 CrossOver-
#1543	NEW    cov: 679 ft: 1077 corp: 56/183b lim: 4 exec/s: 0 rss: 89Mb L: 4/4 MS: 4 ChangeBit-InsertByte-ShuffleBytes-InsertByte-
#1555	NEW    cov: 680 ft: 1078 corp: 57/185b lim: 4 exec/s: 0 rss: 89Mb L: 2/4 MS: 2 ChangeBit-EraseBytes-
#1588	NEW    cov: 681 ft: 1079 corp: 58/189b lim: 4 exec/s: 0 rss: 89Mb L: 4/4 MS: 3 ChangeBinInt-ChangeBinInt-ChangeByte-
#1640	NEW    cov: 681 ft: 1080 corp: 59/192b lim: 4 exec/s: 0 rss: 89Mb L: 3/4 MS: 2 ChangeByte-ChangeBinInt-
#1788	NEW    cov: 681 ft: 1081 corp: 60/195b lim: 4 exec/s: 0 rss: 89Mb L: 3/4 MS: 3 CopyPart-EraseBytes-ChangeBinInt-
#1824	REDUCE cov: 681 ft: 1081 corp: 60/194b lim: 4 exec/s: 0 rss: 89Mb L: 3/4 MS: 1 EraseBytes-
#1882	NEW    cov: 681 ft: 1083 corp: 61/198b lim: 4 exec/s: 0 rss: 89Mb L: 4/4 MS: 3 ChangeBit-ChangeBit-ChangeByte-
#1990	REDUCE cov: 681 ft: 1092 corp: 62/202b lim: 4 exec/s: 0 rss: 89Mb L: 4/4 MS: 3 ShuffleBytes-CopyPart-InsertByte-
#2131	REDUCE cov: 681 ft: 1092 corp: 62/201b lim: 4 exec/s: 0 rss: 89Mb L: 3/4 MS: 1 EraseBytes-
#2157	NEW    cov: 681 ft: 1156 corp: 63/205b lim: 4 exec/s: 0 rss: 89Mb L: 4/4 MS: 1 ChangeByte-
#2183	REDUCE cov: 681 ft: 1156 corp: 63/204b lim: 4 exec/s: 0 rss: 89Mb L: 3/4 MS: 1 EraseBytes-
#2254	NEW    cov: 681 ft: 1172 corp: 64/208b lim: 4 exec/s: 0 rss: 89Mb L: 4/4 MS: 1 CrossOver-
#2380	NEW    cov: 681 ft: 1173 corp: 65/211b lim: 4 exec/s: 0 rss: 89Mb L: 3/4 MS: 1 EraseBytes-
#2461	REDUCE cov: 681 ft: 1173 corp: 65/210b lim: 4 exec/s: 0 rss: 89Mb L: 2/4 MS: 1 EraseBytes-
#2577	NEW    cov: 681 ft: 1175 corp: 66/214b lim: 4 exec/s: 0 rss: 89Mb L: 4/4 MS: 1 ChangeBit-
#2601	REDUCE cov: 681 ft: 1175 corp: 66/213b lim: 4 exec/s: 0 rss: 89Mb L: 3/4 MS: 4 ChangeByte-ShuffleBytes-ChangeByte-EraseBytes-
#2752	NEW    cov: 681 ft: 1176 corp: 67/217b lim: 4 exec/s: 0 rss: 89Mb L: 4/4 MS: 1 ChangeByte-
#2828	NEW    cov: 681 ft: 1178 corp: 68/221b lim: 4 exec/s: 0 rss: 89Mb L: 4/4 MS: 1 ChangeByte-
#2894	NEW    cov: 681 ft: 1180 corp: 69/225b lim: 4 exec/s: 0 rss: 89Mb L: 4/4 MS: 1 CopyPart-
#3100	NEW    cov: 681 ft: 1181 corp: 70/231b lim: 6 exec/s: 0 rss: 89Mb L: 6/6 MS: 1 PersAutoDict- DE: "\000\000"-
#3153	REDUCE cov: 681 ft: 1184 corp: 71/237b lim: 6 exec/s: 0 rss: 89Mb L: 6/6 MS: 3 ShuffleBytes-CrossOver-InsertByte-
#3180	REDUCE cov: 685 ft: 1188 corp: 72/243b lim: 6 exec/s: 0 rss: 89Mb L: 6/6 MS: 2 ChangeByte-CrossOver-
#3198	REDUCE cov: 685 ft: 1188 corp: 72/242b lim: 6 exec/s: 0 rss: 89Mb L: 3/6 MS: 3 CrossOver-ShuffleBytes-CrossOver-
#3221	NEW    cov: 685 ft: 1189 corp: 73/248b lim: 6 exec/s: 0 rss: 89Mb L: 6/6 MS: 3 ChangeBit-CopyPart-InsertByte-
#3285	NEW    cov: 687 ft: 1193 corp: 74/254b lim: 6 exec/s: 0 rss: 89Mb L: 6/6 MS: 4 EraseBytes-CrossOver-ChangeByte-PersAutoDict- DE: "\377\377"-
#3312	NEW    cov: 690 ft: 1236 corp: 75/260b lim: 6 exec/s: 0 rss: 89Mb L: 6/6 MS: 2 ChangeByte-CrossOver-
#3313	NEW    cov: 691 ft: 1246 corp: 76/266b lim: 6 exec/s: 0 rss: 89Mb L: 6/6 MS: 1 ChangeBit-
#3335	NEW    cov: 691 ft: 1247 corp: 77/269b lim: 6 exec/s: 0 rss: 89Mb L: 3/6 MS: 2 ChangeByte-ChangeBit-
#3365	REDUCE cov: 692 ft: 1248 corp: 78/272b lim: 6 exec/s: 0 rss: 89Mb L: 3/6 MS: 5 ChangeByte-InsertByte-EraseBytes-ChangeBit-CopyPart-
#3481	NEW    cov: 692 ft: 1250 corp: 79/277b lim: 6 exec/s: 0 rss: 89Mb L: 5/6 MS: 1 CrossOver-
#3526	NEW    cov: 692 ft: 1258 corp: 80/282b lim: 6 exec/s: 0 rss: 89Mb L: 5/6 MS: 5 ChangeByte-EraseBytes-CopyPart-ShuffleBytes-InsertByte-
#3560	NEW    cov: 692 ft: 1259 corp: 81/288b lim: 6 exec/s: 0 rss: 89Mb L: 6/6 MS: 4 ChangeBinInt-EraseBytes-CrossOver-CrossOver-
#3647	NEW    cov: 692 ft: 1260 corp: 82/294b lim: 6 exec/s: 0 rss: 89Mb L: 6/6 MS: 2 ChangeByte-CrossOver-
#3693	NEW    cov: 692 ft: 1274 corp: 83/300b lim: 6 exec/s: 3693 rss: 89Mb L: 6/6 MS: 1 CopyPart-
#3838	REDUCE cov: 693 ft: 1275 corp: 84/306b lim: 6 exec/s: 3838 rss: 89Mb L: 6/6 MS: 5 PersAutoDict-InsertByte-CopyPart-ChangeBit-CrossOver- DE: "\000\000"-
#3869	REDUCE cov: 693 ft: 1276 corp: 85/311b lim: 6 exec/s: 3869 rss: 89Mb L: 5/6 MS: 1 CopyPart-
#3886	NEW    cov: 695 ft: 1278 corp: 86/314b lim: 6 exec/s: 3886 rss: 89Mb L: 3/6 MS: 2 ShuffleBytes-EraseBytes-
#3977	REDUCE cov: 695 ft: 1278 corp: 86/313b lim: 6 exec/s: 3977 rss: 89Mb L: 3/6 MS: 1 EraseBytes-
#4021	NEW    cov: 697 ft: 1280 corp: 87/319b lim: 6 exec/s: 4021 rss: 89Mb L: 6/6 MS: 4 InsertByte-ShuffleBytes-InsertByte-CrossOver-
#4055	NEW    cov: 697 ft: 1281 corp: 88/325b lim: 6 exec/s: 4055 rss: 89Mb L: 6/6 MS: 4 PersAutoDict-CopyPart-CrossOver-CopyPart- DE: "\377\377"-
#4126	NEW    cov: 697 ft: 1282 corp: 89/331b lim: 6 exec/s: 4126 rss: 89Mb L: 6/6 MS: 1 CrossOver-
#4147	REDUCE cov: 697 ft: 1282 corp: 89/328b lim: 6 exec/s: 4147 rss: 89Mb L: 3/6 MS: 1 EraseBytes-
#4334	NEW    cov: 697 ft: 1285 corp: 90/333b lim: 6 exec/s: 4334 rss: 89Mb L: 5/6 MS: 2 CrossOver-EraseBytes-
#4420	NEW    cov: 697 ft: 1353 corp: 91/339b lim: 6 exec/s: 4420 rss: 89Mb L: 6/6 MS: 1 CopyPart-
#4429	NEW    cov: 697 ft: 1354 corp: 92/345b lim: 6 exec/s: 4429 rss: 89Mb L: 6/6 MS: 4 CrossOver-EraseBytes-ChangeASCIIInt-CrossOver-
#4435	REDUCE cov: 714 ft: 1479 corp: 93/348b lim: 6 exec/s: 4435 rss: 89Mb L: 3/6 MS: 1 CopyPart-
#4486	NEW    cov: 714 ft: 1481 corp: 94/354b lim: 6 exec/s: 4486 rss: 89Mb L: 6/6 MS: 1 CMP- DE: "\001\000"-
#4664	NEW    cov: 714 ft: 1498 corp: 95/358b lim: 6 exec/s: 4664 rss: 89Mb L: 4/6 MS: 3 EraseBytes-ChangeBit-CrossOver-
#4706	NEW    cov: 714 ft: 1499 corp: 96/362b lim: 6 exec/s: 4706 rss: 89Mb L: 4/6 MS: 2 CrossOver-CopyPart-
#4873	REDUCE cov: 714 ft: 1499 corp: 96/361b lim: 6 exec/s: 4873 rss: 89Mb L: 5/6 MS: 2 PersAutoDict-EraseBytes- DE: "\377\377"-
#4943	NEW    cov: 714 ft: 1501 corp: 97/367b lim: 6 exec/s: 4943 rss: 89Mb L: 6/6 MS: 5 ChangeBit-ChangeBit-CopyPart-CopyPart-CrossOver-
#5019	NEW    cov: 714 ft: 1503 corp: 98/373b lim: 6 exec/s: 5019 rss: 89Mb L: 6/6 MS: 1 CrossOver-
#5196	NEW    cov: 715 ft: 1504 corp: 99/378b lim: 6 exec/s: 5196 rss: 89Mb L: 5/6 MS: 2 InsertByte-ChangeByte-
#5202	NEW    cov: 715 ft: 1505 corp: 100/384b lim: 6 exec/s: 5202 rss: 89Mb L: 6/6 MS: 1 CrossOver-
#5468	NEW    cov: 715 ft: 1507 corp: 101/389b lim: 8 exec/s: 5468 rss: 89Mb L: 5/6 MS: 1 EraseBytes-
#5469	NEW    cov: 715 ft: 1509 corp: 102/396b lim: 8 exec/s: 5469 rss: 89Mb L: 7/7 MS: 1 InsertByte-
#5736	NEW    cov: 715 ft: 1512 corp: 103/404b lim: 8 exec/s: 5736 rss: 89Mb L: 8/8 MS: 2 CrossOver-InsertRepeatedBytes-
#5789	NEW    cov: 715 ft: 1513 corp: 104/412b lim: 8 exec/s: 5789 rss: 89Mb L: 8/8 MS: 3 InsertByte-CrossOver-CopyPart-
#5865	NEW    cov: 715 ft: 1517 corp: 105/416b lim: 8 exec/s: 5865 rss: 89Mb L: 4/8 MS: 1 CrossOver-
#5913	NEW    cov: 715 ft: 1532 corp: 106/423b lim: 8 exec/s: 5913 rss: 89Mb L: 7/8 MS: 3 ShuffleBytes-ChangeByte-CopyPart-
#6009	NEW    cov: 719 ft: 1536 corp: 107/429b lim: 8 exec/s: 6009 rss: 89Mb L: 6/8 MS: 1 ShuffleBytes-
#6424	NEW    cov: 719 ft: 1537 corp: 108/440b lim: 11 exec/s: 6424 rss: 89Mb L: 11/11 MS: 5 CrossOver-ChangeBinInt-ChangeBinInt-CMP-ChangeByte- DE: "\000\000\000\000"-
#6565	NEW    cov: 719 ft: 1538 corp: 109/451b lim: 11 exec/s: 6565 rss: 89Mb L: 11/11 MS: 1 InsertRepeatedBytes-
#6585	REDUCE cov: 730 ft: 1741 corp: 110/462b lim: 11 exec/s: 6585 rss: 89Mb L: 11/11 MS: 5 EraseBytes-PersAutoDict-ChangeByte-CrossOver-InsertRepeatedBytes- DE: "\001\000"-
#6666	NEW    cov: 733 ft: 1744 corp: 111/473b lim: 11 exec/s: 6666 rss: 89Mb L: 11/11 MS: 1 ChangeBit-
#6697	REDUCE cov: 733 ft: 1744 corp: 111/472b lim: 11 exec/s: 6697 rss: 89Mb L: 5/11 MS: 1 EraseBytes-
#6819	NEW    cov: 733 ft: 1746 corp: 112/482b lim: 11 exec/s: 6819 rss: 89Mb L: 10/11 MS: 2 CrossOver-CMP- DE: "\377\377"-
#6915	REDUCE cov: 733 ft: 1750 corp: 113/492b lim: 11 exec/s: 3457 rss: 89Mb L: 10/11 MS: 1 InsertRepeatedBytes-
#6944	NEW    cov: 733 ft: 1752 corp: 114/498b lim: 11 exec/s: 3472 rss: 89Mb L: 6/11 MS: 4 ShuffleBytes-EraseBytes-ChangeBit-PersAutoDict- DE: "\001\000"-
#6955	NEW    cov: 733 ft: 1754 corp: 115/504b lim: 11 exec/s: 3477 rss: 89Mb L: 6/11 MS: 1 ChangeByte-
#7159	NEW    cov: 735 ft: 1797 corp: 116/513b lim: 11 exec/s: 3579 rss: 89Mb L: 9/11 MS: 4 CrossOver-ChangeBinInt-PersAutoDict-InsertByte- DE: "\377\377"-
#7165	NEW    cov: 735 ft: 1801 corp: 117/524b lim: 11 exec/s: 3582 rss: 89Mb L: 11/11 MS: 1 InsertRepeatedBytes-
#7252	NEW    cov: 735 ft: 1803 corp: 118/533b lim: 11 exec/s: 3626 rss: 89Mb L: 9/11 MS: 2 PersAutoDict-InsertByte- DE: "\000\000"-
#7276	NEW    cov: 735 ft: 1804 corp: 119/539b lim: 11 exec/s: 3638 rss: 89Mb L: 6/11 MS: 4 ChangeByte-ChangeBit-CrossOver-ChangeByte-
#7313	REDUCE cov: 735 ft: 1804 corp: 119/538b lim: 11 exec/s: 3656 rss: 89Mb L: 3/11 MS: 2 InsertByte-EraseBytes-
#7338	NEW    cov: 735 ft: 1805 corp: 120/541b lim: 11 exec/s: 3669 rss: 89Mb L: 3/11 MS: 5 InsertByte-ChangeByte-ShuffleBytes-ShuffleBytes-ShuffleBytes-
#7424	NEW    cov: 735 ft: 1809 corp: 121/548b lim: 11 exec/s: 3712 rss: 89Mb L: 7/11 MS: 1 CopyPart-
#7461	NEW    cov: 735 ft: 1841 corp: 122/557b lim: 11 exec/s: 3730 rss: 89Mb L: 9/11 MS: 2 CrossOver-CopyPart-
#7626	NEW    cov: 735 ft: 1859 corp: 123/568b lim: 11 exec/s: 3813 rss: 89Mb L: 11/11 MS: 5 InsertByte-CrossOver-ChangeBinInt-CrossOver-CopyPart-
#7638	NEW    cov: 735 ft: 1868 corp: 124/579b lim: 11 exec/s: 3819 rss: 89Mb L: 11/11 MS: 2 CopyPart-CrossOver-
#7814	REDUCE cov: 735 ft: 1868 corp: 124/576b lim: 11 exec/s: 3907 rss: 89Mb L: 8/11 MS: 1 EraseBytes-
#7835	REDUCE cov: 735 ft: 1868 corp: 124/574b lim: 11 exec/s: 3917 rss: 89Mb L: 6/11 MS: 1 EraseBytes-
#7941	NEW    cov: 735 ft: 1869 corp: 125/583b lim: 11 exec/s: 3970 rss: 89Mb L: 9/11 MS: 1 CopyPart-
#7952	NEW    cov: 735 ft: 1877 corp: 126/594b lim: 11 exec/s: 3976 rss: 89Mb L: 11/11 MS: 1 CopyPart-
#8039	NEW    cov: 735 ft: 1878 corp: 127/602b lim: 11 exec/s: 4019 rss: 89Mb L: 8/11 MS: 2 ChangeByte-ChangeBit-
#8170	NEW    cov: 735 ft: 1880 corp: 128/612b lim: 11 exec/s: 4085 rss: 89Mb L: 10/11 MS: 1 InsertRepeatedBytes-
#8192	pulse  cov: 735 ft: 1880 corp: 128/612b lim: 11 exec/s: 4096 rss: 89Mb
#8223	NEW    cov: 735 ft: 1881 corp: 129/622b lim: 11 exec/s: 4111 rss: 89Mb L: 10/11 MS: 3 InsertByte-CopyPart-ChangeByte-
#8345	NEW    cov: 735 ft: 1886 corp: 130/632b lim: 11 exec/s: 4172 rss: 89Mb L: 10/11 MS: 2 ShuffleBytes-ShuffleBytes-
#8406	NEW    cov: 735 ft: 1888 corp: 131/638b lim: 11 exec/s: 4203 rss: 89Mb L: 6/11 MS: 1 CopyPart-
#8697	NEW    cov: 735 ft: 1893 corp: 132/648b lim: 11 exec/s: 4348 rss: 89Mb L: 10/11 MS: 1 CrossOver-
#8823	NEW    cov: 735 ft: 1900 corp: 133/657b lim: 11 exec/s: 4411 rss: 89Mb L: 9/11 MS: 1 CopyPart-
#9020	NEW    cov: 735 ft: 1904 corp: 134/668b lim: 11 exec/s: 4510 rss: 89Mb L: 11/11 MS: 2 CopyPart-CrossOver-
#9266	REDUCE cov: 735 ft: 1904 corp: 134/667b lim: 11 exec/s: 4633 rss: 89Mb L: 9/11 MS: 1 EraseBytes-
#9532	REDUCE cov: 735 ft: 1904 corp: 134/666b lim: 11 exec/s: 3177 rss: 89Mb L: 8/11 MS: 1 EraseBytes-
#9593	REDUCE cov: 735 ft: 1904 corp: 134/665b lim: 11 exec/s: 3197 rss: 89Mb L: 10/11 MS: 1 EraseBytes-
#9874	NEW    cov: 735 ft: 1905 corp: 135/675b lim: 11 exec/s: 3291 rss: 89Mb L: 10/11 MS: 1 ShuffleBytes-
#9888	NEW    cov: 735 ft: 1907 corp: 136/686b lim: 11 exec/s: 3296 rss: 89Mb L: 11/11 MS: 4 ShuffleBytes-ShuffleBytes-ChangeByte-CopyPart-
#9958	NEW    cov: 735 ft: 1908 corp: 137/697b lim: 11 exec/s: 3319 rss: 89Mb L: 11/11 MS: 5 PersAutoDict-ShuffleBytes-ShuffleBytes-InsertRepeatedBytes-ChangeBinInt- DE: "\000\000"-
#10024	NEW    cov: 735 ft: 1910 corp: 138/707b lim: 11 exec/s: 3341 rss: 89Mb L: 10/11 MS: 1 ChangeBinInt-
#10115	NEW    cov: 735 ft: 1912 corp: 139/717b lim: 11 exec/s: 3371 rss: 89Mb L: 10/11 MS: 1 CrossOver-
#10161	NEW    cov: 735 ft: 1992 corp: 140/728b lim: 11 exec/s: 3387 rss: 89Mb L: 11/11 MS: 1 CopyPart-
#10167	NEW    cov: 735 ft: 1999 corp: 141/739b lim: 11 exec/s: 3389 rss: 89Mb L: 11/11 MS: 1 ChangeByte-
#10203	REDUCE cov: 735 ft: 1999 corp: 141/738b lim: 11 exec/s: 3401 rss: 89Mb L: 9/11 MS: 1 EraseBytes-
#10210	NEW    cov: 735 ft: 2004 corp: 142/747b lim: 11 exec/s: 3403 rss: 89Mb L: 9/11 MS: 2 ChangeBinInt-InsertRepeatedBytes-
#10562	NEW    cov: 738 ft: 2010 corp: 143/753b lim: 14 exec/s: 3520 rss: 89Mb L: 6/11 MS: 2 EraseBytes-CrossOver-
#10563	NEW    cov: 738 ft: 2011 corp: 144/763b lim: 14 exec/s: 3521 rss: 89Mb L: 10/11 MS: 1 CMP- DE: "..."-
#10582	NEW    cov: 740 ft: 2014 corp: 145/771b lim: 14 exec/s: 3527 rss: 89Mb L: 8/11 MS: 4 ChangeByte-CMP-ChangeByte-PersAutoDict- DE: "\001\000"-"..."-
#10609	REDUCE cov: 740 ft: 2014 corp: 145/770b lim: 14 exec/s: 3536 rss: 89Mb L: 4/11 MS: 2 EraseBytes-CopyPart-
#10655	NEW    cov: 740 ft: 2016 corp: 146/780b lim: 14 exec/s: 3551 rss: 89Mb L: 10/11 MS: 1 InsertByte-
#10692	NEW    cov: 740 ft: 2018 corp: 147/788b lim: 14 exec/s: 3564 rss: 89Mb L: 8/11 MS: 2 EraseBytes-CopyPart-
#10869	NEW    cov: 740 ft: 2019 corp: 148/798b lim: 14 exec/s: 3623 rss: 89Mb L: 10/11 MS: 2 ChangeByte-CrossOver-
#10890	NEW    cov: 740 ft: 2022 corp: 149/812b lim: 14 exec/s: 3630 rss: 89Mb L: 14/14 MS: 1 CrossOver-
#10937	NEW    cov: 740 ft: 2026 corp: 150/824b lim: 14 exec/s: 3645 rss: 89Mb L: 12/14 MS: 2 InsertByte-PersAutoDict- DE: "\000\000\000\000"-
#10971	NEW    cov: 740 ft: 2027 corp: 151/838b lim: 14 exec/s: 3657 rss: 89Mb L: 14/14 MS: 4 ChangeASCIIInt-InsertByte-CrossOver-CrossOver-
#11042	REDUCE cov: 740 ft: 2027 corp: 151/837b lim: 14 exec/s: 3680 rss: 89Mb L: 5/14 MS: 1 EraseBytes-
#11199	REDUCE cov: 740 ft: 2027 corp: 151/836b lim: 14 exec/s: 3733 rss: 89Mb L: 2/14 MS: 2 CrossOver-EraseBytes-
#11265	NEW    cov: 740 ft: 2029 corp: 152/849b lim: 14 exec/s: 3755 rss: 89Mb L: 13/14 MS: 1 CopyPart-
#11311	NEW    cov: 740 ft: 2042 corp: 153/863b lim: 14 exec/s: 3770 rss: 89Mb L: 14/14 MS: 1 CrossOver-
#11557	NEW    cov: 740 ft: 2043 corp: 154/877b lim: 14 exec/s: 3852 rss: 89Mb L: 14/14 MS: 1 InsertByte-
#11888	NEW    cov: 740 ft: 2049 corp: 155/893b lim: 17 exec/s: 3962 rss: 89Mb L: 16/16 MS: 1 CopyPart-
#12126	NEW    cov: 740 ft: 2050 corp: 156/908b lim: 17 exec/s: 4042 rss: 89Mb L: 15/16 MS: 3 ShuffleBytes-ChangeBit-InsertRepeatedBytes-
#12129	NEW    cov: 743 ft: 2053 corp: 157/925b lim: 17 exec/s: 4043 rss: 89Mb L: 17/17 MS: 3 CMP-InsertRepeatedBytes-CrossOver- DE: "\377\377\377\377"-
#12170	NEW    cov: 743 ft: 2054 corp: 158/938b lim: 17 exec/s: 4056 rss: 89Mb L: 13/17 MS: 1 CopyPart-
#12171	NEW    cov: 743 ft: 2059 corp: 159/954b lim: 17 exec/s: 4057 rss: 89Mb L: 16/17 MS: 1 ChangeByte-
#12298	NEW    cov: 743 ft: 2060 corp: 160/970b lim: 17 exec/s: 4099 rss: 89Mb L: 16/17 MS: 2 PersAutoDict-InsertRepeatedBytes- DE: "\000\000"-
#12449	NEW    cov: 743 ft: 2076 corp: 161/987b lim: 17 exec/s: 3112 rss: 89Mb L: 17/17 MS: 1 CopyPart-
#12455	REDUCE cov: 743 ft: 2081 corp: 162/993b lim: 17 exec/s: 3113 rss: 89Mb L: 6/17 MS: 1 InsertRepeatedBytes-
#12461	NEW    cov: 743 ft: 2082 corp: 163/1010b lim: 17 exec/s: 3115 rss: 89Mb L: 17/17 MS: 1 CMP- DE: ".11"-
#12501	NEW    cov: 743 ft: 2083 corp: 164/1022b lim: 17 exec/s: 3125 rss: 89Mb L: 12/17 MS: 5 CrossOver-InsertByte-ChangeBit-ChangeBinInt-InsertByte-
#12562	NEW    cov: 743 ft: 2085 corp: 165/1035b lim: 17 exec/s: 3140 rss: 89Mb L: 13/17 MS: 1 CopyPart-
#12633	NEW    cov: 743 ft: 2088 corp: 166/1042b lim: 17 exec/s: 3158 rss: 89Mb L: 7/17 MS: 1 CopyPart-
#12707	NEW    cov: 743 ft: 2090 corp: 167/1058b lim: 17 exec/s: 3176 rss: 89Mb L: 16/17 MS: 4 InsertRepeatedBytes-ChangeBinInt-ShuffleBytes-CrossOver-
#12764	NEW    cov: 743 ft: 2093 corp: 168/1066b lim: 17 exec/s: 3191 rss: 89Mb L: 8/17 MS: 2 CrossOver-CopyPart-
#12767	NEW    cov: 743 ft: 2097 corp: 169/1083b lim: 17 exec/s: 3191 rss: 89Mb L: 17/17 MS: 3 CopyPart-ShuffleBytes-InsertByte-
#12788	NEW    cov: 743 ft: 2100 corp: 170/1099b lim: 17 exec/s: 3197 rss: 89Mb L: 16/17 MS: 1 CrossOver-
#12820	NEW    cov: 743 ft: 2103 corp: 171/1113b lim: 17 exec/s: 3205 rss: 89Mb L: 14/17 MS: 2 EraseBytes-CrossOver-
#12928	NEW    cov: 743 ft: 2104 corp: 172/1126b lim: 17 exec/s: 3232 rss: 89Mb L: 13/17 MS: 3 ChangeByte-InsertByte-CopyPart-
#12969	REDUCE cov: 743 ft: 2104 corp: 172/1119b lim: 17 exec/s: 3242 rss: 89Mb L: 10/17 MS: 1 EraseBytes-
#13041	NEW    cov: 743 ft: 2107 corp: 173/1136b lim: 17 exec/s: 3260 rss: 89Mb L: 17/17 MS: 2 ChangeBit-CrossOver-
#13112	NEW    cov: 743 ft: 2114 corp: 174/1150b lim: 17 exec/s: 3278 rss: 89Mb L: 14/17 MS: 1 ShuffleBytes-
#13310	REDUCE cov: 743 ft: 2114 corp: 174/1149b lim: 17 exec/s: 3327 rss: 89Mb L: 8/17 MS: 3 ChangeByte-EraseBytes-CopyPart-
#13442	REDUCE cov: 743 ft: 2114 corp: 174/1147b lim: 17 exec/s: 3360 rss: 89Mb L: 8/17 MS: 2 CopyPart-EraseBytes-
#13488	NEW    cov: 743 ft: 2116 corp: 175/1153b lim: 17 exec/s: 3372 rss: 89Mb L: 6/17 MS: 1 ShuffleBytes-
#13494	NEW    cov: 743 ft: 2124 corp: 176/1166b lim: 17 exec/s: 3373 rss: 89Mb L: 13/17 MS: 1 CopyPart-
#13610	REDUCE cov: 743 ft: 2124 corp: 176/1164b lim: 17 exec/s: 3402 rss: 89Mb L: 14/17 MS: 1 EraseBytes-
#13706	REDUCE cov: 743 ft: 2124 corp: 176/1163b lim: 17 exec/s: 3426 rss: 89Mb L: 15/17 MS: 1 EraseBytes-
#13772	REDUCE cov: 743 ft: 2124 corp: 176/1162b lim: 17 exec/s: 3443 rss: 89Mb L: 10/17 MS: 1 EraseBytes-
#13873	REDUCE cov: 743 ft: 2124 corp: 176/1156b lim: 17 exec/s: 3468 rss: 89Mb L: 10/17 MS: 1 EraseBytes-
#13876	NEW    cov: 743 ft: 2126 corp: 177/1166b lim: 17 exec/s: 3469 rss: 89Mb L: 10/17 MS: 3 CopyPart-ChangeASCIIInt-CrossOver-
#13935	REDUCE cov: 743 ft: 2126 corp: 177/1165b lim: 17 exec/s: 3483 rss: 89Mb L: 3/17 MS: 4 CrossOver-InsertByte-ChangeBit-EraseBytes-
#14136	REDUCE cov: 743 ft: 2126 corp: 177/1164b lim: 17 exec/s: 3534 rss: 89Mb L: 9/17 MS: 1 EraseBytes-
#14144	NEW    cov: 743 ft: 2127 corp: 178/1178b lim: 17 exec/s: 3536 rss: 89Mb L: 14/17 MS: 3 ShuffleBytes-ChangeBit-ChangeBit-
#14325	NEW    cov: 747 ft: 2131 corp: 179/1190b lim: 17 exec/s: 3581 rss: 89Mb L: 12/17 MS: 1 EraseBytes-
#14430	NEW    cov: 747 ft: 2132 corp: 180/1207b lim: 17 exec/s: 3607 rss: 89Mb L: 17/17 MS: 5 InsertRepeatedBytes-ChangeByte-ChangeByte-ChangeBinInt-ChangeBit-
#14431	NEW    cov: 747 ft: 2133 corp: 181/1215b lim: 17 exec/s: 3607 rss: 89Mb L: 8/17 MS: 1 CrossOver-
#14512	NEW    cov: 747 ft: 2134 corp: 182/1232b lim: 17 exec/s: 3628 rss: 89Mb L: 17/17 MS: 1 ShuffleBytes-
#14776	REDUCE cov: 747 ft: 2134 corp: 182/1231b lim: 17 exec/s: 3694 rss: 89Mb L: 10/17 MS: 4 ChangeByte-InsertByte-CopyPart-EraseBytes-
#14788	NEW    cov: 748 ft: 2135 corp: 183/1242b lim: 17 exec/s: 3697 rss: 89Mb L: 11/17 MS: 2 InsertByte-EraseBytes-
#14964	REDUCE cov: 748 ft: 2135 corp: 183/1241b lim: 17 exec/s: 3741 rss: 89Mb L: 16/17 MS: 1 EraseBytes-
#15207	REDUCE cov: 748 ft: 2138 corp: 184/1255b lim: 17 exec/s: 3801 rss: 89Mb L: 14/17 MS: 3 ShuffleBytes-ShuffleBytes-InsertRepeatedBytes-
#15254	NEW    cov: 748 ft: 2139 corp: 185/1270b lim: 17 exec/s: 3813 rss: 89Mb L: 15/17 MS: 2 ChangeBit-InsertByte-
#15263	NEW    cov: 748 ft: 2141 corp: 186/1283b lim: 17 exec/s: 3815 rss: 89Mb L: 13/17 MS: 4 ChangeBinInt-CopyPart-ChangeBinInt-ShuffleBytes-
#15319	REDUCE cov: 748 ft: 2141 corp: 186/1281b lim: 17 exec/s: 3063 rss: 89Mb L: 8/17 MS: 1 EraseBytes-
#15396	REDUCE cov: 748 ft: 2141 corp: 186/1279b lim: 17 exec/s: 3079 rss: 89Mb L: 4/17 MS: 2 EraseBytes-CrossOver-
#15419	NEW    cov: 748 ft: 2142 corp: 187/1288b lim: 17 exec/s: 3083 rss: 89Mb L: 9/17 MS: 3 InsertByte-ChangeASCIIInt-ShuffleBytes-
#15466	REDUCE cov: 748 ft: 2143 corp: 188/1305b lim: 17 exec/s: 3093 rss: 89Mb L: 17/17 MS: 2 CopyPart-CopyPart-
#15743	REDUCE cov: 748 ft: 2143 corp: 188/1304b lim: 17 exec/s: 3148 rss: 89Mb L: 7/17 MS: 2 ChangeByte-EraseBytes-
#15923	NEW    cov: 748 ft: 2145 corp: 189/1321b lim: 17 exec/s: 3184 rss: 89Mb L: 17/17 MS: 5 ChangeBit-CopyPart-CopyPart-CopyPart-InsertByte-
#15931	REDUCE cov: 748 ft: 2145 corp: 189/1320b lim: 17 exec/s: 3186 rss: 89Mb L: 3/17 MS: 3 CrossOver-EraseBytes-CrossOver-
#16097	NEW    cov: 748 ft: 2146 corp: 190/1328b lim: 17 exec/s: 3219 rss: 89Mb L: 8/17 MS: 1 ChangeBit-
#16269	REDUCE cov: 748 ft: 2146 corp: 190/1325b lim: 17 exec/s: 3253 rss: 89Mb L: 10/17 MS: 2 InsertByte-CrossOver-
#16290	NEW    cov: 748 ft: 2154 corp: 191/1341b lim: 17 exec/s: 3258 rss: 89Mb L: 16/17 MS: 1 CopyPart-
#16384	pulse  cov: 748 ft: 2154 corp: 191/1341b lim: 17 exec/s: 3276 rss: 89Mb
#16408	NEW    cov: 748 ft: 2156 corp: 192/1357b lim: 17 exec/s: 3281 rss: 89Mb L: 16/17 MS: 3 ChangeByte-ShuffleBytes-CrossOver-
#16480	NEW    cov: 748 ft: 2157 corp: 193/1374b lim: 17 exec/s: 3296 rss: 89Mb L: 17/17 MS: 2 InsertByte-CrossOver-
#16533	NEW    cov: 748 ft: 2158 corp: 194/1391b lim: 17 exec/s: 3306 rss: 89Mb L: 17/17 MS: 3 CMP-InsertByte-ShuffleBytes- DE: "\377\377"-
#16604	REDUCE cov: 748 ft: 2158 corp: 194/1387b lim: 17 exec/s: 3320 rss: 89Mb L: 5/17 MS: 1 EraseBytes-
#16708	REDUCE cov: 748 ft: 2158 corp: 194/1386b lim: 17 exec/s: 3341 rss: 89Mb L: 9/17 MS: 4 CopyPart-ChangeBinInt-ChangeByte-EraseBytes-
#16754	REDUCE cov: 748 ft: 2158 corp: 194/1385b lim: 17 exec/s: 3350 rss: 89Mb L: 11/17 MS: 1 EraseBytes-
#16893	REDUCE cov: 748 ft: 2158 corp: 194/1384b lim: 17 exec/s: 3378 rss: 89Mb L: 9/17 MS: 4 ChangeBit-ShuffleBytes-ChangeBinInt-CrossOver-
#16946	NEW    cov: 748 ft: 2159 corp: 195/1392b lim: 17 exec/s: 3389 rss: 89Mb L: 8/17 MS: 3 EraseBytes-CopyPart-InsertRepeatedBytes-
#17017	NEW    cov: 748 ft: 2160 corp: 196/1403b lim: 17 exec/s: 3403 rss: 89Mb L: 11/17 MS: 1 ChangeByte-
#17189	REDUCE cov: 748 ft: 2160 corp: 196/1402b lim: 17 exec/s: 3437 rss: 89Mb L: 16/17 MS: 2 PersAutoDict-EraseBytes- DE: "..."-
#17491	REDUCE cov: 748 ft: 2160 corp: 196/1399b lim: 17 exec/s: 3498 rss: 89Mb L: 6/17 MS: 2 EraseBytes-ChangeByte-
#17943	REDUCE cov: 748 ft: 2164 corp: 197/1415b lim: 21 exec/s: 2990 rss: 89Mb L: 16/17 MS: 2 CopyPart-CopyPart-
#17974	NEW    cov: 748 ft: 2165 corp: 198/1434b lim: 21 exec/s: 2995 rss: 89Mb L: 19/19 MS: 1 CopyPart-
#18163	REDUCE cov: 748 ft: 2165 corp: 198/1433b lim: 21 exec/s: 3027 rss: 89Mb L: 15/19 MS: 4 ShuffleBytes-CrossOver-ShuffleBytes-EraseBytes-
#18250	NEW    cov: 748 ft: 2166 corp: 199/1444b lim: 21 exec/s: 3041 rss: 89Mb L: 11/19 MS: 2 InsertByte-CMP- DE: "\000\000"-
#18316	NEW    cov: 748 ft: 2168 corp: 200/1458b lim: 21 exec/s: 3052 rss: 89Mb L: 14/19 MS: 1 ChangeBinInt-
#18376	REDUCE cov: 748 ft: 2168 corp: 200/1457b lim: 21 exec/s: 3062 rss: 89Mb L: 8/19 MS: 5 ChangeBit-ChangeASCIIInt-InsertByte-PersAutoDict-EraseBytes- DE: "..."-
#18564	REDUCE cov: 748 ft: 2168 corp: 200/1453b lim: 21 exec/s: 3094 rss: 89Mb L: 9/19 MS: 3 EraseBytes-PersAutoDict-ChangeByte- DE: "\000\000"-
#18625	NEW    cov: 748 ft: 2175 corp: 201/1467b lim: 21 exec/s: 3104 rss: 89Mb L: 14/19 MS: 1 InsertRepeatedBytes-
#18642	NEW    cov: 748 ft: 2177 corp: 202/1481b lim: 21 exec/s: 3107 rss: 89Mb L: 14/19 MS: 2 ShuffleBytes-ShuffleBytes-
#18653	REDUCE cov: 748 ft: 2177 corp: 202/1478b lim: 21 exec/s: 3108 rss: 89Mb L: 11/19 MS: 1 EraseBytes-
#18984	NEW    cov: 748 ft: 2179 corp: 203/1493b lim: 21 exec/s: 3164 rss: 89Mb L: 15/19 MS: 1 CrossOver-
#19070	NEW    cov: 748 ft: 2182 corp: 204/1505b lim: 21 exec/s: 3178 rss: 89Mb L: 12/19 MS: 1 CrossOver-
#19301	REDUCE cov: 748 ft: 2182 corp: 204/1504b lim: 21 exec/s: 3216 rss: 89Mb L: 16/19 MS: 1 EraseBytes-
#19332	REDUCE cov: 748 ft: 2182 corp: 204/1503b lim: 21 exec/s: 3222 rss: 89Mb L: 18/18 MS: 1 EraseBytes-
#19383	NEW    cov: 748 ft: 2183 corp: 205/1521b lim: 21 exec/s: 3230 rss: 89Mb L: 18/18 MS: 1 InsertByte-
#19436	NEW    cov: 748 ft: 2188 corp: 206/1539b lim: 21 exec/s: 3239 rss: 89Mb L: 18/18 MS: 3 ChangeBit-CopyPart-CopyPart-
#19557	REDUCE cov: 748 ft: 2192 corp: 207/1554b lim: 21 exec/s: 3259 rss: 89Mb L: 15/18 MS: 1 InsertRepeatedBytes-
#19599	NEW    cov: 748 ft: 2196 corp: 208/1572b lim: 21 exec/s: 3266 rss: 89Mb L: 18/18 MS: 2 CMP-CrossOver- DE: ".10"-
#19775	REDUCE cov: 748 ft: 2196 corp: 208/1569b lim: 21 exec/s: 3295 rss: 89Mb L: 7/18 MS: 1 EraseBytes-
#19933	REDUCE cov: 748 ft: 2196 corp: 208/1565b lim: 21 exec/s: 3322 rss: 89Mb L: 11/18 MS: 3 CopyPart-CrossOver-EraseBytes-
#20079	NEW    cov: 748 ft: 2197 corp: 209/1585b lim: 21 exec/s: 3346 rss: 89Mb L: 20/20 MS: 1 CrossOver-
#20380	NEW    cov: 748 ft: 2199 corp: 210/1606b lim: 21 exec/s: 3396 rss: 89Mb L: 21/21 MS: 1 CopyPart-
#20611	NEW    cov: 748 ft: 2200 corp: 211/1622b lim: 21 exec/s: 2944 rss: 89Mb L: 16/21 MS: 1 InsertRepeatedBytes-
#20688	REDUCE cov: 748 ft: 2200 corp: 211/1621b lim: 21 exec/s: 2955 rss: 89Mb L: 8/21 MS: 2 CopyPart-EraseBytes-
#20729	NEW    cov: 748 ft: 2201 corp: 212/1641b lim: 21 exec/s: 2961 rss: 89Mb L: 20/21 MS: 1 ChangeByte-
#20754	NEW    cov: 748 ft: 2206 corp: 213/1661b lim: 21 exec/s: 2964 rss: 89Mb L: 20/21 MS: 5 InsertRepeatedBytes-CopyPart-ChangeBinInt-ChangeByte-ChangeBit-
#20812	REDUCE cov: 748 ft: 2206 corp: 213/1657b lim: 21 exec/s: 2973 rss: 89Mb L: 7/21 MS: 3 ShuffleBytes-InsertByte-EraseBytes-
#21123	REDUCE cov: 748 ft: 2208 corp: 214/1678b lim: 21 exec/s: 3017 rss: 89Mb L: 21/21 MS: 1 CopyPart-
#21142	NEW    cov: 748 ft: 2209 corp: 215/1699b lim: 21 exec/s: 3020 rss: 89Mb L: 21/21 MS: 4 ChangeBinInt-ChangeBinInt-CMP-CopyPart- DE: "\000\000"-
#21408	NEW    cov: 749 ft: 2210 corp: 216/1713b lim: 21 exec/s: 3058 rss: 89Mb L: 14/21 MS: 1 ChangeByte-
#21555	REDUCE cov: 749 ft: 2211 corp: 217/1729b lim: 21 exec/s: 3079 rss: 89Mb L: 16/21 MS: 2 InsertByte-CopyPart-
#21556	REDUCE cov: 749 ft: 2211 corp: 217/1728b lim: 21 exec/s: 3079 rss: 89Mb L: 9/21 MS: 1 EraseBytes-
#21557	REDUCE cov: 749 ft: 2211 corp: 217/1721b lim: 21 exec/s: 3079 rss: 89Mb L: 13/21 MS: 1 EraseBytes-
#21665	REDUCE cov: 749 ft: 2211 corp: 217/1720b lim: 21 exec/s: 3095 rss: 89Mb L: 13/21 MS: 3 ChangeBinInt-InsertRepeatedBytes-EraseBytes-
#21756	REDUCE cov: 749 ft: 2212 corp: 218/1735b lim: 21 exec/s: 3108 rss: 89Mb L: 15/21 MS: 1 ChangeBit-
#21903	REDUCE cov: 749 ft: 2212 corp: 218/1734b lim: 21 exec/s: 3129 rss: 89Mb L: 12/21 MS: 2 ChangeBit-EraseBytes-
#21999	NEW    cov: 749 ft: 2213 corp: 219/1750b lim: 21 exec/s: 3142 rss: 89Mb L: 16/21 MS: 1 CopyPart-
#22066	REDUCE cov: 749 ft: 2213 corp: 219/1749b lim: 21 exec/s: 3152 rss: 89Mb L: 10/21 MS: 2 ChangeBit-EraseBytes-
#22678	NEW    cov: 749 ft: 2214 corp: 220/1761b lim: 25 exec/s: 3239 rss: 89Mb L: 12/21 MS: 2 ChangeByte-InsertByte-
#22771	REDUCE cov: 749 ft: 2214 corp: 220/1760b lim: 25 exec/s: 3253 rss: 89Mb L: 2/21 MS: 3 EraseBytes-ChangeBit-ChangeBinInt-
#22788	NEW    cov: 749 ft: 2215 corp: 221/1776b lim: 25 exec/s: 3255 rss: 89Mb L: 16/21 MS: 2 ShuffleBytes-PersAutoDict- DE: ".10"-
#22887	NEW    cov: 749 ft: 2270 corp: 222/1797b lim: 25 exec/s: 2860 rss: 89Mb L: 21/21 MS: 4 ShuffleBytes-ChangeBit-InsertByte-InsertRepeatedBytes-
#22915	REDUCE cov: 749 ft: 2270 corp: 222/1796b lim: 25 exec/s: 2864 rss: 89Mb L: 13/21 MS: 3 InsertRepeatedBytes-ChangeBit-EraseBytes-
#22931	REDUCE cov: 749 ft: 2270 corp: 222/1795b lim: 25 exec/s: 2866 rss: 89Mb L: 8/21 MS: 1 EraseBytes-
#23058	NEW    cov: 749 ft: 2271 corp: 223/1812b lim: 25 exec/s: 2882 rss: 89Mb L: 17/21 MS: 2 ChangeBinInt-CrossOver-
#23107	NEW    cov: 749 ft: 2272 corp: 224/1831b lim: 25 exec/s: 2888 rss: 89Mb L: 19/21 MS: 4 PersAutoDict-InsertRepeatedBytes-EraseBytes-ChangeBinInt- DE: ".11"-
#23198	REDUCE cov: 749 ft: 2272 corp: 224/1830b lim: 25 exec/s: 2899 rss: 89Mb L: 4/21 MS: 1 EraseBytes-
#23354	NEW    cov: 749 ft: 2274 corp: 225/1840b lim: 25 exec/s: 2919 rss: 89Mb L: 10/21 MS: 1 CopyPart-
#23380	REDUCE cov: 749 ft: 2274 corp: 225/1839b lim: 25 exec/s: 2922 rss: 89Mb L: 7/21 MS: 1 EraseBytes-
#23472	NEW    cov: 749 ft: 2275 corp: 226/1853b lim: 25 exec/s: 2934 rss: 89Mb L: 14/21 MS: 2 InsertByte-CrossOver-
#23788	NEW    cov: 749 ft: 2276 corp: 227/1875b lim: 25 exec/s: 2973 rss: 89Mb L: 22/22 MS: 1 CrossOver-
#23909	REDUCE cov: 749 ft: 2276 corp: 227/1873b lim: 25 exec/s: 2988 rss: 89Mb L: 9/22 MS: 1 EraseBytes-
#24386	NEW    cov: 749 ft: 2277 corp: 228/1890b lim: 29 exec/s: 3048 rss: 89Mb L: 17/22 MS: 2 CopyPart-InsertByte-
#24413	REDUCE cov: 749 ft: 2277 corp: 228/1889b lim: 29 exec/s: 3051 rss: 89Mb L: 15/22 MS: 2 CopyPart-EraseBytes-
#24518	NEW    cov: 749 ft: 2278 corp: 229/1916b lim: 29 exec/s: 3064 rss: 89Mb L: 27/27 MS: 5 InsertRepeatedBytes-InsertRepeatedBytes-ShuffleBytes-CrossOver-CrossOver-
#24614	NEW    cov: 749 ft: 2310 corp: 230/1945b lim: 29 exec/s: 3076 rss: 89Mb L: 29/29 MS: 1 CopyPart-
#24690	NEW    cov: 749 ft: 2312 corp: 231/1969b lim: 29 exec/s: 3086 rss: 89Mb L: 24/29 MS: 1 CopyPart-
#24928	REDUCE cov: 749 ft: 2312 corp: 231/1966b lim: 29 exec/s: 2769 rss: 89Mb L: 8/29 MS: 3 InsertRepeatedBytes-ChangeByte-EraseBytes-
#24954	REDUCE cov: 749 ft: 2312 corp: 231/1960b lim: 29 exec/s: 2772 rss: 89Mb L: 12/29 MS: 1 EraseBytes-
#25000	REDUCE cov: 749 ft: 2312 corp: 231/1957b lim: 29 exec/s: 2777 rss: 89Mb L: 8/29 MS: 1 EraseBytes-
#25271	NEW    cov: 749 ft: 2317 corp: 232/1981b lim: 29 exec/s: 2807 rss: 89Mb L: 24/29 MS: 1 CopyPart-
#25282	NEW    cov: 750 ft: 2321 corp: 233/2006b lim: 29 exec/s: 2809 rss: 89Mb L: 25/29 MS: 1 CopyPart-
#25325	NEW    cov: 750 ft: 2322 corp: 234/2024b lim: 29 exec/s: 2813 rss: 89Mb L: 18/29 MS: 3 EraseBytes-ChangeBinInt-ShuffleBytes-
#25582	NEW    cov: 750 ft: 2324 corp: 235/2052b lim: 29 exec/s: 2842 rss: 89Mb L: 28/29 MS: 2 ChangeByte-CrossOver-
#25624	NEW    cov: 750 ft: 2325 corp: 236/2081b lim: 29 exec/s: 2847 rss: 89Mb L: 29/29 MS: 2 ShuffleBytes-CrossOver-
#25640	REDUCE cov: 750 ft: 2325 corp: 236/2080b lim: 29 exec/s: 2848 rss: 89Mb L: 15/29 MS: 1 EraseBytes-
#25657	NEW    cov: 750 ft: 2326 corp: 237/2102b lim: 29 exec/s: 2850 rss: 89Mb L: 22/29 MS: 2 CopyPart-CopyPart-
#25968	REDUCE cov: 750 ft: 2326 corp: 237/2101b lim: 29 exec/s: 2885 rss: 89Mb L: 13/29 MS: 1 EraseBytes-
#26288	REDUCE cov: 750 ft: 2326 corp: 237/2100b lim: 29 exec/s: 2920 rss: 89Mb L: 7/29 MS: 5 EraseBytes-ChangeBit-InsertByte-ChangeBit-CopyPart-
#26305	REDUCE cov: 750 ft: 2326 corp: 237/2099b lim: 29 exec/s: 2922 rss: 89Mb L: 9/29 MS: 2 ChangeBinInt-EraseBytes-
#26346	REDUCE cov: 750 ft: 2326 corp: 237/2098b lim: 29 exec/s: 2927 rss: 89Mb L: 11/29 MS: 1 EraseBytes-
#26513	NEW    cov: 750 ft: 2328 corp: 238/2126b lim: 29 exec/s: 2651 rss: 89Mb L: 28/29 MS: 2 CrossOver-ShuffleBytes-
#26569	REDUCE cov: 750 ft: 2328 corp: 238/2125b lim: 29 exec/s: 2656 rss: 89Mb L: 17/29 MS: 1 EraseBytes-
#26585	REDUCE cov: 750 ft: 2328 corp: 238/2123b lim: 29 exec/s: 2658 rss: 89Mb L: 13/29 MS: 1 EraseBytes-
#26622	REDUCE cov: 750 ft: 2328 corp: 238/2122b lim: 29 exec/s: 2662 rss: 89Mb L: 24/29 MS: 2 ChangeBit-EraseBytes-
#26629	REDUCE cov: 750 ft: 2330 corp: 239/2149b lim: 29 exec/s: 2662 rss: 89Mb L: 27/29 MS: 2 CopyPart-CopyPart-
#26890	REDUCE cov: 750 ft: 2330 corp: 239/2148b lim: 29 exec/s: 2689 rss: 89Mb L: 12/29 MS: 1 EraseBytes-
#27305	NEW    cov: 751 ft: 2331 corp: 240/2181b lim: 33 exec/s: 2730 rss: 89Mb L: 33/33 MS: 5 InsertRepeatedBytes-ChangeASCIIInt-PersAutoDict-ShuffleBytes-CrossOver- DE: ".10"-
#27531	REDUCE cov: 751 ft: 2331 corp: 240/2180b lim: 33 exec/s: 2753 rss: 89Mb L: 3/33 MS: 1 EraseBytes-
#27613	REDUCE cov: 751 ft: 2332 corp: 241/2211b lim: 33 exec/s: 2761 rss: 89Mb L: 31/33 MS: 2 CopyPart-InsertRepeatedBytes-
#27662	REDUCE cov: 751 ft: 2334 corp: 242/2244b lim: 33 exec/s: 2766 rss: 89Mb L: 33/33 MS: 4 ChangeASCIIInt-CopyPart-CopyPart-CopyPart-
#27759	NEW    cov: 751 ft: 2336 corp: 243/2271b lim: 33 exec/s: 2775 rss: 89Mb L: 27/33 MS: 2 InsertRepeatedBytes-CrossOver-
#27790	NEW    cov: 751 ft: 2349 corp: 244/2296b lim: 33 exec/s: 2779 rss: 89Mb L: 25/33 MS: 1 CopyPart-
#27911	NEW    cov: 751 ft: 2361 corp: 245/2326b lim: 33 exec/s: 2791 rss: 89Mb L: 30/33 MS: 1 CopyPart-
#28011	DONE   cov: 751 ft: 2361 corp: 245/2326b lim: 33 exec/s: 2546 rss: 89Mb
###### Recommended dictionary. ######
"\000\000" # Uses: 550
"\377\377" # Uses: 540
"\001\000" # Uses: 403
"\000\000\000\000" # Uses: 280
"..." # Uses: 208
"\377\377\377\377" # Uses: 186
".11" # Uses: 185
".10" # Uses: 89
###### End of recommended dictionary. ######
Done 28011 runs in 11 second(s)
