INFO: Instrumenting 3671 functions...
INFO: Using built-in libfuzzer
WARNING: Failed to find function "__sanitizer_acquire_crash_state".
WARNING: Failed to find function "__sanitizer_print_stack_trace".
WARNING: Failed to find function "__sanitizer_set_death_callback".
INFO: Running with entropic power schedule (0xFF, 100).
INFO: Seed: 1640940392
INFO: -max_len is not provided; libFuzzer will not generate inputs larger than 4096 bytes
INFO: A corpus is not provided, starting from an empty corpus
#2	INITED cov: 67 ft: 67 corp: 1/1b exec/s: 0 rss: 61Mb
#54	NEW    cov: 280 ft: 290 corp: 2/4b lim: 4 exec/s: 0 rss: 61Mb L: 3/3 MS: 2 InsertByte-InsertByte-
#3949	NEW    cov: 282 ft: 292 corp: 3/35b lim: 38 exec/s: 3949 rss: 61Mb L: 31/31 MS: 5 InsertRepeatedBytes-InsertRepeatedBytes-ShuffleBytes-InsertByte-ChangeBit-
#3967	REDUCE cov: 282 ft: 292 corp: 3/28b lim: 38 exec/s: 3967 rss: 61Mb L: 24/24 MS: 3 ChangeBit-ShuffleBytes-EraseBytes-
#3974	REDUCE cov: 282 ft: 292 corp: 3/19b lim: 38 exec/s: 3974 rss: 61Mb L: 15/15 MS: 2 ChangeBit-EraseBytes-
#4019	REDUCE cov: 283 ft: 293 corp: 4/35b lim: 38 exec/s: 4019 rss: 61Mb L: 16/16 MS: 5 CrossOver-CrossOver-InsertByte-ChangeBit-CrossOver-
#4144	REDUCE cov: 283 ft: 293 corp: 4/34b lim: 38 exec/s: 4144 rss: 61Mb L: 14/16 MS: 5 CopyPart-ChangeBit-ChangeBinInt-ChangeBinInt-EraseBytes-
#4160	REDUCE cov: 283 ft: 293 corp: 4/26b lim: 38 exec/s: 4160 rss: 61Mb L: 8/14 MS: 1 EraseBytes-
#4271	REDUCE cov: 283 ft: 293 corp: 4/24b lim: 38 exec/s: 4271 rss: 61Mb L: 6/14 MS: 1 EraseBytes-
#4323	REDUCE cov: 283 ft: 293 corp: 4/22b lim: 38 exec/s: 4323 rss: 61Mb L: 4/14 MS: 2 CrossOver-EraseBytes-
#4325	REDUCE cov: 283 ft: 293 corp: 4/17b lim: 38 exec/s: 4325 rss: 61Mb L: 9/9 MS: 2 CopyPart-EraseBytes-
#4404	REDUCE cov: 283 ft: 293 corp: 4/13b lim: 38 exec/s: 4404 rss: 61Mb L: 5/5 MS: 4 ChangeByte-ShuffleBytes-ShuffleBytes-EraseBytes-
#4626	REDUCE cov: 283 ft: 293 corp: 4/12b lim: 38 exec/s: 4626 rss: 61Mb L: 3/5 MS: 2 InsertByte-EraseBytes-
#4676	REDUCE cov: 283 ft: 293 corp: 4/10b lim: 38 exec/s: 4676 rss: 61Mb L: 3/3 MS: 5 ShuffleBytes-CopyPart-InsertByte-InsertByte-CrossOver-
#5364	REDUCE cov: 283 ft: 293 corp: 4/9b lim: 43 exec/s: 5364 rss: 61Mb L: 2/3 MS: 3 EraseBytes-ChangeBit-ChangeByte-
==1445== libFuzzer: run interrupted; exiting
