INFO: Instrumenting arrow
INFO: Instrumenting arrow._version
INFO: Instrumenting arrow.api
INFO: Instrumenting datetime
INFO: Instrumenting arrow.arrow
INFO: Instrumenting calendar
INFO: Instrumenting locale
INFO: Instrumenting _locale
WARNING: It looks like this module is imported by a custom loader. Atheris has experimental support for this. However, it may be incompatible with certain libraries. If you experience unusual errors or poor coverage collection, try atheris.instrument_all() instead, add enable_loader_override=False to instrument_imports(), or file an issue on GitHub.
INFO: Instrumenting dateutil
INFO: Instrumenting dateutil._version
INFO: Instrumenting dateutil.tz
INFO: Instrumenting dateutil.tz.tz
INFO: Instrumenting struct
INFO: Instrumenting six
INFO: Instrumenting __future__
INFO: Instrumenting importlib.util
INFO: Instrumenting six.moves
INFO: Instrumenting dateutil.tz._common
INFO: Instrumenting dateutil.tz._factories
INFO: Instrumenting dateutil.tz.win
INFO: Instrumenting dateutil.relativedelta
INFO: Instrumenting dateutil._common
INFO: Instrumenting arrow.formatter
INFO: Instrumenting arrow.locales
INFO: Instrumenting arrow.constants
INFO: Instrumenting arrow.parser
INFO: Instrumenting zoneinfo
INFO: Instrumenting zoneinfo._tzpath
INFO: Instrumenting sysconfig
INFO: Instrumenting _sysconfigdata__linux_x86_64-linux-gnu
INFO: Instrumenting zoneinfo._common
INFO: Instrumenting arrow.util
INFO: Instrumenting dateutil.rrule
INFO: Instrumenting heapq
INFO: Instrumenting arrow.factory
INFO: Instrumenting decimal
INFO: Instrumenting numbers
INFO: Using built-in libfuzzer
WARNING: Failed to find function "__sanitizer_acquire_crash_state".
WARNING: Failed to find function "__sanitizer_print_stack_trace".
WARNING: Failed to find function "__sanitizer_set_death_callback".
INFO: Running with entropic power schedule (0xFF, 100).
INFO: Seed: 1617015856
INFO: -max_len is not provided; libFuzzer will not generate inputs larger than 4096 bytes
INFO: A corpus is not provided, starting from an empty corpus
#2	INITED cov: 13 ft: 13 corp: 1/1b exec/s: 0 rss: 51Mb
#10	NEW    cov: 61 ft: 61 corp: 2/2b lim: 4 exec/s: 0 rss: 51Mb L: 1/1 MS: 3 CrossOver-ChangeByte-ChangeByte-
#32	NEW    cov: 91 ft: 102 corp: 3/4b lim: 4 exec/s: 0 rss: 51Mb L: 2/2 MS: 2 ChangeBinInt-CrossOver-
#57	NEW    cov: 104 ft: 115 corp: 4/7b lim: 4 exec/s: 0 rss: 51Mb L: 3/3 MS: 5 EraseBytes-ChangeBinInt-InsertByte-ShuffleBytes-InsertByte-
#59	NEW    cov: 111 ft: 122 corp: 5/11b lim: 4 exec/s: 0 rss: 51Mb L: 4/4 MS: 2 ChangeByte-InsertByte-
#266	NEW    cov: 184 ft: 200 corp: 6/16b lim: 6 exec/s: 0 rss: 51Mb L: 5/5 MS: 2 ChangeBit-InsertRepeatedBytes-
#274	NEW    cov: 187 ft: 203 corp: 7/22b lim: 6 exec/s: 0 rss: 51Mb L: 6/6 MS: 3 CrossOver-EraseBytes-InsertRepeatedBytes-
#346	NEW    cov: 187 ft: 204 corp: 8/27b lim: 6 exec/s: 0 rss: 51Mb L: 5/6 MS: 2 CopyPart-CopyPart-
#686	NEW    cov: 187 ft: 207 corp: 9/35b lim: 8 exec/s: 0 rss: 51Mb L: 8/8 MS: 5 CMP-EraseBytes-InsertRepeatedBytes-ShuffleBytes-ChangeBit- DE: "\377\377"-
#811	REDUCE cov: 187 ft: 207 corp: 9/34b lim: 8 exec/s: 0 rss: 51Mb L: 5/8 MS: 5 ChangeBinInt-ChangeBit-ChangeBit-CopyPart-EraseBytes-
#1065	REDUCE cov: 187 ft: 207 corp: 9/32b lim: 8 exec/s: 0 rss: 51Mb L: 6/6 MS: 4 CopyPart-CopyPart-PersAutoDict-EraseBytes- DE: "\377\377"-
#1376	REDUCE cov: 187 ft: 207 corp: 9/31b lim: 11 exec/s: 0 rss: 51Mb L: 4/6 MS: 1 EraseBytes-
#1385	NEW    cov: 198 ft: 218 corp: 10/42b lim: 11 exec/s: 0 rss: 51Mb L: 11/11 MS: 4 ChangeBit-InsertRepeatedBytes-ChangeByte-InsertByte-
#1432	NEW    cov: 199 ft: 219 corp: 11/53b lim: 11 exec/s: 0 rss: 51Mb L: 11/11 MS: 2 ChangeBinInt-CopyPart-
#1508	REDUCE cov: 199 ft: 222 corp: 12/63b lim: 11 exec/s: 0 rss: 51Mb L: 10/11 MS: 1 CopyPart-
#1549	REDUCE cov: 199 ft: 222 corp: 12/61b lim: 11 exec/s: 0 rss: 51Mb L: 9/11 MS: 1 EraseBytes-
#1595	NEW    cov: 207 ft: 233 corp: 13/69b lim: 11 exec/s: 0 rss: 51Mb L: 8/11 MS: 1 InsertRepeatedBytes-
#1871	NEW    cov: 236 ft: 281 corp: 14/80b lim: 11 exec/s: 0 rss: 51Mb L: 11/11 MS: 1 CopyPart-
#1897	NEW    cov: 236 ft: 296 corp: 15/91b lim: 11 exec/s: 0 rss: 51Mb L: 11/11 MS: 1 ChangeASCIIInt-
#1952	REDUCE cov: 240 ft: 300 corp: 16/102b lim: 11 exec/s: 0 rss: 51Mb L: 11/11 MS: 5 InsertByte-ShuffleBytes-CrossOver-CopyPart-ChangeByte-
#2103	REDUCE cov: 240 ft: 300 corp: 16/100b lim: 11 exec/s: 0 rss: 51Mb L: 9/11 MS: 1 EraseBytes-
#2154	NEW    cov: 240 ft: 303 corp: 17/110b lim: 11 exec/s: 0 rss: 51Mb L: 10/11 MS: 1 CrossOver-
#2175	NEW    cov: 242 ft: 305 corp: 18/121b lim: 11 exec/s: 0 rss: 51Mb L: 11/11 MS: 1 ChangeBit-
#2420	NEW    cov: 242 ft: 308 corp: 19/132b lim: 11 exec/s: 0 rss: 51Mb L: 11/11 MS: 5 ChangeBit-CopyPart-ChangeBinInt-InsertByte-ChangeBinInt-
#2501	NEW    cov: 243 ft: 309 corp: 20/143b lim: 11 exec/s: 0 rss: 51Mb L: 11/11 MS: 1 CopyPart-
#2591	NEW    cov: 286 ft: 352 corp: 21/154b lim: 11 exec/s: 0 rss: 51Mb L: 11/11 MS: 5 ChangeByte-ChangeBit-CrossOver-ShuffleBytes-ShuffleBytes-
#2707	REDUCE cov: 286 ft: 352 corp: 21/150b lim: 11 exec/s: 0 rss: 51Mb L: 6/11 MS: 1 EraseBytes-
#2990	REDUCE cov: 286 ft: 352 corp: 21/147b lim: 11 exec/s: 0 rss: 51Mb L: 8/11 MS: 3 CopyPart-CopyPart-EraseBytes-
#3016	REDUCE cov: 286 ft: 369 corp: 22/155b lim: 11 exec/s: 0 rss: 51Mb L: 8/11 MS: 1 PersAutoDict- DE: "\377\377"-
#3172	REDUCE cov: 286 ft: 369 corp: 22/154b lim: 11 exec/s: 0 rss: 51Mb L: 7/11 MS: 1 CrossOver-
#3543	NEW    cov: 286 ft: 371 corp: 23/166b lim: 14 exec/s: 0 rss: 51Mb L: 12/12 MS: 1 CopyPart-
#3595	NEW    cov: 288 ft: 385 corp: 24/178b lim: 14 exec/s: 0 rss: 51Mb L: 12/12 MS: 2 ChangeByte-CrossOver-
#3818	REDUCE cov: 289 ft: 389 corp: 25/187b lim: 14 exec/s: 0 rss: 51Mb L: 9/12 MS: 3 ShuffleBytes-ShuffleBytes-InsertRepeatedBytes-
#3926	NEW    cov: 292 ft: 430 corp: 26/196b lim: 14 exec/s: 0 rss: 51Mb L: 9/12 MS: 3 ChangeBinInt-ChangeByte-ChangeBinInt-
#4022	NEW    cov: 292 ft: 432 corp: 27/205b lim: 14 exec/s: 0 rss: 51Mb L: 9/12 MS: 1 ChangeBit-
#4028	NEW    cov: 292 ft: 435 corp: 28/214b lim: 14 exec/s: 0 rss: 51Mb L: 9/12 MS: 1 PersAutoDict- DE: "\377\377"-
#4033	REDUCE cov: 292 ft: 435 corp: 28/213b lim: 14 exec/s: 0 rss: 51Mb L: 8/12 MS: 5 CrossOver-ChangeByte-CrossOver-ChangeBit-InsertRepeatedBytes-
#4049	REDUCE cov: 292 ft: 435 corp: 28/212b lim: 14 exec/s: 0 rss: 51Mb L: 8/12 MS: 1 EraseBytes-
#4150	REDUCE cov: 292 ft: 435 corp: 28/211b lim: 14 exec/s: 0 rss: 51Mb L: 9/12 MS: 1 EraseBytes-
#4196	REDUCE cov: 292 ft: 435 corp: 28/209b lim: 14 exec/s: 0 rss: 51Mb L: 9/12 MS: 1 EraseBytes-
#4397	NEW    cov: 292 ft: 439 corp: 29/221b lim: 14 exec/s: 0 rss: 51Mb L: 12/12 MS: 1 CopyPart-
#4438	REDUCE cov: 292 ft: 439 corp: 29/217b lim: 14 exec/s: 0 rss: 51Mb L: 7/12 MS: 1 EraseBytes-
#4589	NEW    cov: 292 ft: 460 corp: 30/229b lim: 14 exec/s: 0 rss: 51Mb L: 12/12 MS: 1 ChangeByte-
#4666	REDUCE cov: 294 ft: 462 corp: 31/236b lim: 14 exec/s: 0 rss: 51Mb L: 7/12 MS: 2 ChangeByte-CopyPart-
#4707	NEW    cov: 294 ft: 500 corp: 32/250b lim: 14 exec/s: 0 rss: 51Mb L: 14/14 MS: 1 InsertRepeatedBytes-
#4709	REDUCE cov: 299 ft: 505 corp: 33/259b lim: 14 exec/s: 0 rss: 51Mb L: 9/14 MS: 2 ChangeByte-ChangeBit-
#4767	NEW    cov: 299 ft: 508 corp: 34/269b lim: 14 exec/s: 0 rss: 51Mb L: 10/14 MS: 3 CrossOver-ChangeBinInt-ChangeBinInt-
#4803	REDUCE cov: 299 ft: 508 corp: 34/267b lim: 14 exec/s: 0 rss: 51Mb L: 7/14 MS: 1 EraseBytes-
#5149	NEW    cov: 299 ft: 512 corp: 35/284b lim: 17 exec/s: 5149 rss: 51Mb L: 17/17 MS: 1 InsertRepeatedBytes-
#5245	REDUCE cov: 299 ft: 512 corp: 35/280b lim: 17 exec/s: 5245 rss: 51Mb L: 13/14 MS: 1 EraseBytes-
#5284	REDUCE cov: 300 ft: 513 corp: 36/290b lim: 17 exec/s: 5284 rss: 51Mb L: 10/14 MS: 4 ChangeByte-CopyPart-PersAutoDict-ChangeBit- DE: "\377\377"-
#5285	REDUCE cov: 302 ft: 515 corp: 37/300b lim: 17 exec/s: 5285 rss: 51Mb L: 10/14 MS: 1 CrossOver-
#5407	NEW    cov: 304 ft: 517 corp: 38/306b lim: 17 exec/s: 5407 rss: 51Mb L: 6/14 MS: 2 InsertByte-ChangeBinInt-
#5654	NEW    cov: 305 ft: 518 corp: 39/321b lim: 17 exec/s: 5654 rss: 51Mb L: 15/15 MS: 2 ChangeByte-CopyPart-
#5695	REDUCE cov: 305 ft: 518 corp: 39/320b lim: 17 exec/s: 5695 rss: 51Mb L: 5/15 MS: 1 EraseBytes-
#5866	NEW    cov: 307 ft: 520 corp: 40/330b lim: 17 exec/s: 5866 rss: 51Mb L: 10/15 MS: 1 CMP- DE: "YY"-
#5887	NEW    cov: 307 ft: 526 corp: 41/347b lim: 17 exec/s: 5887 rss: 51Mb L: 17/17 MS: 1 CopyPart-
#5940	REDUCE cov: 307 ft: 526 corp: 41/343b lim: 17 exec/s: 5940 rss: 51Mb L: 11/17 MS: 3 EraseBytes-PersAutoDict-ChangeBit- DE: "\377\377"-
#6085	NEW    cov: 308 ft: 527 corp: 42/358b lim: 17 exec/s: 6085 rss: 51Mb L: 15/17 MS: 5 PersAutoDict-CrossOver-InsertByte-ChangeBit-ChangeBinInt- DE: "YY"-
#6272	NEW    cov: 312 ft: 531 corp: 43/375b lim: 17 exec/s: 6272 rss: 51Mb L: 17/17 MS: 2 ChangeByte-InsertRepeatedBytes-
#6343	NEW    cov: 313 ft: 532 corp: 44/391b lim: 17 exec/s: 6343 rss: 51Mb L: 16/17 MS: 1 InsertRepeatedBytes-
#6365	REDUCE cov: 313 ft: 532 corp: 44/390b lim: 17 exec/s: 6365 rss: 51Mb L: 8/17 MS: 2 ChangeBinInt-EraseBytes-
#6641	NEW    cov: 320 ft: 540 corp: 45/406b lim: 17 exec/s: 6641 rss: 51Mb L: 16/17 MS: 1 ChangeByte-
#6732	REDUCE cov: 321 ft: 541 corp: 46/421b lim: 17 exec/s: 6732 rss: 51Mb L: 15/17 MS: 1 InsertRepeatedBytes-
#6763	NEW    cov: 321 ft: 552 corp: 47/434b lim: 17 exec/s: 6763 rss: 51Mb L: 13/17 MS: 1 CopyPart-
#6780	NEW    cov: 322 ft: 559 corp: 48/450b lim: 17 exec/s: 6780 rss: 51Mb L: 16/17 MS: 2 ChangeByte-CopyPart-
#6798	NEW    cov: 322 ft: 560 corp: 49/466b lim: 17 exec/s: 6798 rss: 51Mb L: 16/17 MS: 3 ShuffleBytes-InsertByte-CopyPart-
#6844	NEW    cov: 323 ft: 561 corp: 50/483b lim: 17 exec/s: 6844 rss: 51Mb L: 17/17 MS: 1 CopyPart-
#6878	NEW    cov: 324 ft: 562 corp: 51/494b lim: 17 exec/s: 6878 rss: 51Mb L: 11/17 MS: 4 PersAutoDict-CMP-ChangeBit-InsertRepeatedBytes- DE: "YY"-"DDD"-
#6924	REDUCE cov: 324 ft: 562 corp: 51/492b lim: 17 exec/s: 6924 rss: 51Mb L: 9/17 MS: 1 EraseBytes-
#6957	REDUCE cov: 326 ft: 564 corp: 52/506b lim: 17 exec/s: 6957 rss: 51Mb L: 14/17 MS: 3 InsertByte-ChangeBinInt-CMP- DE: "ZZZ"-
#6963	NEW    cov: 326 ft: 565 corp: 53/523b lim: 17 exec/s: 6963 rss: 51Mb L: 17/17 MS: 1 ShuffleBytes-
#6993	REDUCE cov: 327 ft: 566 corp: 54/532b lim: 17 exec/s: 6993 rss: 51Mb L: 9/17 MS: 5 ChangeBit-InsertRepeatedBytes-EraseBytes-EraseBytes-CMP- DE: "mm"-
#7124	REDUCE cov: 327 ft: 566 corp: 54/530b lim: 17 exec/s: 7124 rss: 51Mb L: 14/17 MS: 1 EraseBytes-
#7153	NEW    cov: 328 ft: 567 corp: 55/545b lim: 17 exec/s: 7153 rss: 51Mb L: 15/17 MS: 4 CrossOver-PersAutoDict-InsertRepeatedBytes-PersAutoDict- DE: "mm"-"DDD"-
#7164	NEW    cov: 329 ft: 568 corp: 56/554b lim: 17 exec/s: 7164 rss: 51Mb L: 9/17 MS: 1 PersAutoDict- DE: "YY"-
#7167	NEW    cov: 329 ft: 569 corp: 57/570b lim: 17 exec/s: 7167 rss: 51Mb L: 16/17 MS: 3 ChangeBinInt-ChangeBit-ChangeByte-
#7168	NEW    cov: 330 ft: 570 corp: 58/585b lim: 17 exec/s: 7168 rss: 51Mb L: 15/17 MS: 1 ChangeBinInt-
#7250	REDUCE cov: 330 ft: 570 corp: 58/583b lim: 17 exec/s: 7250 rss: 51Mb L: 15/17 MS: 2 ChangeBinInt-EraseBytes-
#7261	NEW    cov: 330 ft: 571 corp: 59/598b lim: 17 exec/s: 7261 rss: 51Mb L: 15/17 MS: 1 PersAutoDict- DE: "YY"-
#7313	NEW    cov: 330 ft: 573 corp: 60/611b lim: 17 exec/s: 7313 rss: 51Mb L: 13/17 MS: 2 CopyPart-CopyPart-
#7314	NEW    cov: 331 ft: 574 corp: 61/626b lim: 17 exec/s: 7314 rss: 51Mb L: 15/17 MS: 1 CMP- DE: "\330\206\344\204\252"-
#7483	NEW    cov: 331 ft: 575 corp: 62/642b lim: 17 exec/s: 7483 rss: 51Mb L: 16/17 MS: 4 CopyPart-PersAutoDict-ChangeBit-CopyPart- DE: "ZZZ"-
#7534	NEW    cov: 332 ft: 576 corp: 63/659b lim: 17 exec/s: 7534 rss: 51Mb L: 17/17 MS: 1 CMP- DE: "DD"-
#7563	NEW    cov: 332 ft: 579 corp: 64/674b lim: 17 exec/s: 7563 rss: 51Mb L: 15/17 MS: 4 InsertByte-EraseBytes-PersAutoDict-InsertRepeatedBytes- DE: "YY"-
#7700	NEW    cov: 333 ft: 581 corp: 65/691b lim: 17 exec/s: 7700 rss: 51Mb L: 17/17 MS: 2 ChangeBit-CMP- DE: "SS"-
#7711	NEW    cov: 334 ft: 583 corp: 66/706b lim: 17 exec/s: 7711 rss: 51Mb L: 15/17 MS: 1 CMP- DE: "SSS"-
#7743	NEW    cov: 335 ft: 584 corp: 67/723b lim: 17 exec/s: 7743 rss: 51Mb L: 17/17 MS: 2 PersAutoDict-PersAutoDict- DE: "YY"-"SS"-
#7815	NEW    cov: 337 ft: 586 corp: 68/740b lim: 17 exec/s: 7815 rss: 51Mb L: 17/17 MS: 2 ShuffleBytes-CopyPart-
#7870	NEW    cov: 337 ft: 592 corp: 69/757b lim: 17 exec/s: 7870 rss: 51Mb L: 17/17 MS: 5 InsertByte-ChangeBit-CopyPart-ChangeBit-ShuffleBytes-
#7921	REDUCE cov: 337 ft: 592 corp: 69/754b lim: 17 exec/s: 7921 rss: 51Mb L: 12/17 MS: 1 EraseBytes-
#7932	NEW    cov: 342 ft: 597 corp: 70/771b lim: 17 exec/s: 7932 rss: 51Mb L: 17/17 MS: 1 ChangeByte-
#8070	NEW    cov: 342 ft: 608 corp: 71/783b lim: 17 exec/s: 8070 rss: 51Mb L: 12/17 MS: 3 ChangeASCIIInt-ChangeBinInt-EraseBytes-
#8172	NEW    cov: 342 ft: 609 corp: 72/798b lim: 17 exec/s: 8172 rss: 51Mb L: 15/17 MS: 2 PersAutoDict-CopyPart- DE: "ZZZ"-
#8196	NEW    cov: 342 ft: 610 corp: 73/815b lim: 17 exec/s: 8196 rss: 51Mb L: 17/17 MS: 4 CrossOver-ChangeASCIIInt-ShuffleBytes-ShuffleBytes-
#8432	REDUCE cov: 342 ft: 610 corp: 73/813b lim: 17 exec/s: 8432 rss: 51Mb L: 10/17 MS: 1 EraseBytes-
#8468	REDUCE cov: 342 ft: 611 corp: 74/828b lim: 17 exec/s: 8468 rss: 51Mb L: 15/17 MS: 1 ChangeByte-
#8505	REDUCE cov: 342 ft: 617 corp: 75/845b lim: 17 exec/s: 8505 rss: 51Mb L: 17/17 MS: 2 CrossOver-CopyPart-
#8550	NEW    cov: 343 ft: 618 corp: 76/861b lim: 17 exec/s: 8550 rss: 51Mb L: 16/17 MS: 5 ChangeBit-PersAutoDict-CrossOver-CopyPart-ChangeBinInt- DE: "DD"-
#8660	NEW    cov: 345 ft: 620 corp: 77/878b lim: 17 exec/s: 8660 rss: 51Mb L: 17/17 MS: 5 ChangeBinInt-ShuffleBytes-ShuffleBytes-CMP-ChangeByte- DE: "\001\000"-
#8681	NEW    cov: 345 ft: 622 corp: 78/895b lim: 17 exec/s: 8681 rss: 51Mb L: 17/17 MS: 1 ChangeBinInt-
#8707	REDUCE cov: 345 ft: 622 corp: 78/893b lim: 17 exec/s: 8707 rss: 51Mb L: 15/17 MS: 1 EraseBytes-
#8758	REDUCE cov: 345 ft: 623 corp: 79/908b lim: 17 exec/s: 8758 rss: 51Mb L: 15/17 MS: 1 ShuffleBytes-
#8762	NEW    cov: 347 ft: 625 corp: 80/924b lim: 17 exec/s: 8762 rss: 51Mb L: 16/17 MS: 4 InsertByte-CopyPart-ChangeBit-CopyPart-
#8799	REDUCE cov: 347 ft: 625 corp: 80/921b lim: 17 exec/s: 8799 rss: 51Mb L: 14/17 MS: 2 ChangeByte-CrossOver-
#8821	REDUCE cov: 347 ft: 625 corp: 80/920b lim: 17 exec/s: 8821 rss: 51Mb L: 15/17 MS: 2 ShuffleBytes-EraseBytes-
#8932	REDUCE cov: 347 ft: 625 corp: 80/916b lim: 17 exec/s: 8932 rss: 51Mb L: 13/17 MS: 1 EraseBytes-
#8934	REDUCE cov: 347 ft: 625 corp: 80/915b lim: 17 exec/s: 8934 rss: 51Mb L: 8/17 MS: 2 ShuffleBytes-EraseBytes-
#8955	REDUCE cov: 347 ft: 625 corp: 80/909b lim: 17 exec/s: 8955 rss: 51Mb L: 9/17 MS: 1 EraseBytes-
#8979	NEW    cov: 347 ft: 644 corp: 81/926b lim: 17 exec/s: 8979 rss: 51Mb L: 17/17 MS: 4 ChangeByte-CMP-ShuffleBytes-ShuffleBytes- DE: "SS"-
#9017	NEW    cov: 347 ft: 645 corp: 82/942b lim: 17 exec/s: 9017 rss: 51Mb L: 16/17 MS: 3 ChangeBit-ShuffleBytes-ChangeByte-
#9018	REDUCE cov: 347 ft: 645 corp: 82/938b lim: 17 exec/s: 9018 rss: 51Mb L: 13/17 MS: 1 EraseBytes-
#9123	REDUCE cov: 347 ft: 645 corp: 82/937b lim: 17 exec/s: 9123 rss: 51Mb L: 15/17 MS: 5 EraseBytes-CMP-InsertRepeatedBytes-ChangeBit-CopyPart- DE: "SSS"-
#9149	REDUCE cov: 347 ft: 645 corp: 82/936b lim: 17 exec/s: 9149 rss: 51Mb L: 8/17 MS: 1 EraseBytes-
#9154	REDUCE cov: 347 ft: 645 corp: 82/935b lim: 17 exec/s: 9154 rss: 51Mb L: 14/17 MS: 5 ChangeByte-ChangeBit-CrossOver-ChangeBinInt-EraseBytes-
#9266	REDUCE cov: 347 ft: 645 corp: 82/934b lim: 17 exec/s: 9266 rss: 51Mb L: 13/17 MS: 2 CopyPart-EraseBytes-
#9297	REDUCE cov: 347 ft: 645 corp: 82/933b lim: 17 exec/s: 9297 rss: 51Mb L: 14/17 MS: 1 EraseBytes-
#9333	REDUCE cov: 347 ft: 645 corp: 82/932b lim: 17 exec/s: 9333 rss: 51Mb L: 16/17 MS: 1 EraseBytes-
#9337	REDUCE cov: 347 ft: 646 corp: 83/949b lim: 17 exec/s: 9337 rss: 51Mb L: 17/17 MS: 4 CrossOver-ShuffleBytes-EraseBytes-CopyPart-
#9369	NEW    cov: 348 ft: 647 corp: 84/965b lim: 17 exec/s: 9369 rss: 51Mb L: 16/17 MS: 2 ShuffleBytes-CMP- DE: "ss"-
#9521	NEW    cov: 349 ft: 648 corp: 85/975b lim: 17 exec/s: 9521 rss: 51Mb L: 10/17 MS: 2 PersAutoDict-EraseBytes- DE: "ZZZ"-
#9539	REDUCE cov: 349 ft: 648 corp: 85/973b lim: 17 exec/s: 9539 rss: 51Mb L: 8/17 MS: 3 CopyPart-ChangeBit-EraseBytes-
#9555	REDUCE cov: 349 ft: 671 corp: 86/990b lim: 17 exec/s: 9555 rss: 51Mb L: 17/17 MS: 1 CopyPart-
#9611	REDUCE cov: 349 ft: 671 corp: 86/988b lim: 17 exec/s: 9611 rss: 51Mb L: 13/17 MS: 1 EraseBytes-
#9699	NEW    cov: 349 ft: 672 corp: 87/1004b lim: 17 exec/s: 9699 rss: 51Mb L: 16/17 MS: 3 ChangeBit-ChangeBit-ShuffleBytes-
#9722	NEW    cov: 349 ft: 674 corp: 88/1016b lim: 17 exec/s: 9722 rss: 51Mb L: 12/17 MS: 3 CrossOver-ChangeBit-CrossOver-
#9754	NEW    cov: 349 ft: 675 corp: 89/1033b lim: 17 exec/s: 9754 rss: 51Mb L: 17/17 MS: 2 ChangeBinInt-CMP- DE: "ZZ"-
#9821	NEW    cov: 349 ft: 676 corp: 90/1050b lim: 17 exec/s: 9821 rss: 51Mb L: 17/17 MS: 2 CopyPart-CopyPart-
#9927	REDUCE cov: 349 ft: 676 corp: 90/1049b lim: 17 exec/s: 9927 rss: 51Mb L: 14/17 MS: 1 EraseBytes-
#10029	REDUCE cov: 349 ft: 676 corp: 90/1047b lim: 17 exec/s: 10029 rss: 51Mb L: 15/17 MS: 2 ChangeBit-EraseBytes-
#10040	NEW    cov: 351 ft: 678 corp: 91/1064b lim: 17 exec/s: 10040 rss: 51Mb L: 17/17 MS: 1 CopyPart-
#10081	REDUCE cov: 351 ft: 678 corp: 91/1063b lim: 17 exec/s: 10081 rss: 51Mb L: 16/17 MS: 1 EraseBytes-
#10117	REDUCE cov: 351 ft: 678 corp: 91/1057b lim: 17 exec/s: 10117 rss: 51Mb L: 9/17 MS: 1 EraseBytes-
#10119	NEW    cov: 351 ft: 679 corp: 92/1074b lim: 17 exec/s: 10119 rss: 51Mb L: 17/17 MS: 2 InsertByte-ChangeByte-
#10189	NEW    cov: 356 ft: 684 corp: 93/1089b lim: 17 exec/s: 10189 rss: 51Mb L: 15/17 MS: 5 EraseBytes-EraseBytes-CrossOver-PersAutoDict-CMP- DE: "mm"-"hh"-
#10357	REDUCE cov: 356 ft: 684 corp: 93/1082b lim: 17 exec/s: 10357 rss: 51Mb L: 9/17 MS: 3 PersAutoDict-CopyPart-EraseBytes- DE: "DDD"-
#10388	REDUCE cov: 356 ft: 684 corp: 93/1081b lim: 17 exec/s: 10388 rss: 51Mb L: 16/17 MS: 1 EraseBytes-
#10502	NEW    cov: 356 ft: 685 corp: 94/1091b lim: 17 exec/s: 10502 rss: 51Mb L: 10/17 MS: 4 PersAutoDict-PersAutoDict-ShuffleBytes-ChangeByte- DE: "DDD"-"YY"-
#10594	REDUCE cov: 356 ft: 685 corp: 94/1090b lim: 17 exec/s: 5297 rss: 51Mb L: 13/17 MS: 2 ChangeByte-EraseBytes-
#10618	NEW    cov: 356 ft: 687 corp: 95/1107b lim: 17 exec/s: 5309 rss: 51Mb L: 17/17 MS: 4 ShuffleBytes-ChangeBit-ChangeBit-CopyPart-
#10624	REDUCE cov: 357 ft: 689 corp: 96/1119b lim: 17 exec/s: 5312 rss: 51Mb L: 12/17 MS: 1 InsertRepeatedBytes-
#10762	NEW    cov: 357 ft: 690 corp: 97/1136b lim: 17 exec/s: 5381 rss: 51Mb L: 17/17 MS: 3 CrossOver-PersAutoDict-ShuffleBytes- DE: "mm"-
#10793	NEW    cov: 357 ft: 691 corp: 98/1147b lim: 17 exec/s: 5396 rss: 51Mb L: 11/17 MS: 1 InsertByte-
#11204	NEW    cov: 357 ft: 692 corp: 99/1159b lim: 21 exec/s: 5602 rss: 51Mb L: 12/17 MS: 1 ChangeByte-
#11240	REDUCE cov: 357 ft: 692 corp: 99/1156b lim: 21 exec/s: 5620 rss: 51Mb L: 8/17 MS: 1 EraseBytes-
#11332	NEW    cov: 357 ft: 693 corp: 100/1175b lim: 21 exec/s: 5666 rss: 51Mb L: 19/19 MS: 2 EraseBytes-InsertRepeatedBytes-
#11408	REDUCE cov: 357 ft: 693 corp: 100/1174b lim: 21 exec/s: 5704 rss: 51Mb L: 16/19 MS: 1 EraseBytes-
#11449	REDUCE cov: 357 ft: 693 corp: 100/1173b lim: 21 exec/s: 5724 rss: 51Mb L: 15/19 MS: 1 EraseBytes-
#11461	REDUCE cov: 357 ft: 693 corp: 100/1171b lim: 21 exec/s: 5730 rss: 51Mb L: 9/19 MS: 2 ChangeBit-EraseBytes-
#11568	REDUCE cov: 357 ft: 693 corp: 100/1170b lim: 21 exec/s: 5784 rss: 51Mb L: 12/19 MS: 2 CopyPart-EraseBytes-
#11594	REDUCE cov: 357 ft: 693 corp: 100/1168b lim: 21 exec/s: 5797 rss: 51Mb L: 12/19 MS: 1 EraseBytes-
#11761	NEW    cov: 357 ft: 698 corp: 101/1180b lim: 21 exec/s: 5880 rss: 51Mb L: 12/19 MS: 2 PersAutoDict-ShuffleBytes- DE: "hh"-
#11792	REDUCE cov: 357 ft: 698 corp: 101/1177b lim: 21 exec/s: 5896 rss: 51Mb L: 11/19 MS: 1 EraseBytes-
#11938	NEW    cov: 357 ft: 699 corp: 102/1198b lim: 21 exec/s: 5969 rss: 51Mb L: 21/21 MS: 1 CopyPart-
#12199	REDUCE cov: 357 ft: 700 corp: 103/1212b lim: 21 exec/s: 6099 rss: 51Mb L: 14/21 MS: 1 EraseBytes-
#12236	REDUCE cov: 357 ft: 700 corp: 103/1210b lim: 21 exec/s: 6118 rss: 51Mb L: 12/21 MS: 2 ChangeBit-EraseBytes-
#12263	NEW    cov: 357 ft: 701 corp: 104/1231b lim: 21 exec/s: 6131 rss: 51Mb L: 21/21 MS: 2 InsertRepeatedBytes-CopyPart-
#12585	REDUCE cov: 357 ft: 701 corp: 104/1227b lim: 21 exec/s: 6292 rss: 51Mb L: 12/21 MS: 2 ChangeBinInt-EraseBytes-
#12602	NEW    cov: 357 ft: 702 corp: 105/1241b lim: 21 exec/s: 6301 rss: 51Mb L: 14/21 MS: 2 ChangeByte-CopyPart-
#12730	REDUCE cov: 357 ft: 702 corp: 105/1240b lim: 21 exec/s: 6365 rss: 51Mb L: 15/21 MS: 3 InsertRepeatedBytes-ShuffleBytes-EraseBytes-
#12747	REDUCE cov: 357 ft: 702 corp: 105/1239b lim: 21 exec/s: 6373 rss: 51Mb L: 15/21 MS: 2 EraseBytes-ChangeBit-
#12807	REDUCE cov: 357 ft: 702 corp: 105/1235b lim: 21 exec/s: 6403 rss: 51Mb L: 13/21 MS: 5 ChangeBinInt-ChangeByte-CrossOver-ChangeBit-EraseBytes-
#12903	REDUCE cov: 357 ft: 702 corp: 105/1233b lim: 21 exec/s: 6451 rss: 51Mb L: 13/21 MS: 1 EraseBytes-
#12931	NEW    cov: 357 ft: 703 corp: 106/1253b lim: 21 exec/s: 6465 rss: 51Mb L: 20/21 MS: 3 ShuffleBytes-PersAutoDict-InsertRepeatedBytes- DE: "mm"-
#13072	REDUCE cov: 357 ft: 703 corp: 106/1247b lim: 21 exec/s: 6536 rss: 51Mb L: 10/21 MS: 1 EraseBytes-
#13093	REDUCE cov: 357 ft: 703 corp: 106/1245b lim: 21 exec/s: 6546 rss: 51Mb L: 7/21 MS: 1 EraseBytes-
#13375	NEW    cov: 357 ft: 704 corp: 107/1266b lim: 21 exec/s: 6687 rss: 51Mb L: 21/21 MS: 2 ShuffleBytes-InsertRepeatedBytes-
#13451	REDUCE cov: 357 ft: 704 corp: 107/1265b lim: 21 exec/s: 6725 rss: 51Mb L: 16/21 MS: 1 EraseBytes-
#13877	NEW    cov: 357 ft: 705 corp: 108/1282b lim: 25 exec/s: 6938 rss: 51Mb L: 17/21 MS: 1 CopyPart-
#13905	REDUCE cov: 357 ft: 705 corp: 108/1281b lim: 25 exec/s: 6952 rss: 51Mb L: 20/21 MS: 3 InsertRepeatedBytes-EraseBytes-EraseBytes-
#14140	NEW    cov: 357 ft: 707 corp: 109/1305b lim: 25 exec/s: 7070 rss: 51Mb L: 24/24 MS: 5 ShuffleBytes-InsertRepeatedBytes-ChangeBit-PersAutoDict-CrossOver- DE: "\330\206\344\204\252"-
#14249	REDUCE cov: 357 ft: 707 corp: 109/1300b lim: 25 exec/s: 7124 rss: 51Mb L: 10/24 MS: 4 CrossOver-PersAutoDict-CMP-EraseBytes- DE: "DD"-"\377\377"-
#14530	REDUCE cov: 357 ft: 707 corp: 109/1298b lim: 25 exec/s: 7265 rss: 51Mb L: 8/24 MS: 1 EraseBytes-
#14671	REDUCE cov: 357 ft: 707 corp: 109/1297b lim: 25 exec/s: 7335 rss: 51Mb L: 7/24 MS: 1 EraseBytes-
#14676	NEW    cov: 357 ft: 708 corp: 110/1320b lim: 25 exec/s: 7338 rss: 51Mb L: 23/24 MS: 5 InsertRepeatedBytes-ChangeBinInt-CopyPart-ShuffleBytes-PersAutoDict- DE: "SS"-
#14681	NEW    cov: 357 ft: 713 corp: 111/1344b lim: 25 exec/s: 7340 rss: 51Mb L: 24/24 MS: 5 ChangeByte-CrossOver-PersAutoDict-CopyPart-InsertRepeatedBytes- DE: "ZZ"-
#14685	NEW    cov: 357 ft: 714 corp: 112/1369b lim: 25 exec/s: 7342 rss: 51Mb L: 25/25 MS: 4 ShuffleBytes-ChangeBit-CrossOver-CopyPart-
#14743	REDUCE cov: 357 ft: 715 corp: 113/1394b lim: 25 exec/s: 7371 rss: 51Mb L: 25/25 MS: 3 ChangeBit-PersAutoDict-CopyPart- DE: "DD"-
#14819	NEW    cov: 357 ft: 716 corp: 114/1416b lim: 25 exec/s: 7409 rss: 51Mb L: 22/25 MS: 1 CopyPart-
#15006	REDUCE cov: 357 ft: 716 corp: 114/1413b lim: 25 exec/s: 7503 rss: 51Mb L: 9/25 MS: 2 InsertByte-EraseBytes-
#15195	REDUCE cov: 357 ft: 716 corp: 114/1410b lim: 25 exec/s: 7597 rss: 51Mb L: 12/25 MS: 4 ChangeByte-CrossOver-CopyPart-EraseBytes-
#15241	REDUCE cov: 357 ft: 716 corp: 114/1409b lim: 25 exec/s: 7620 rss: 51Mb L: 16/25 MS: 1 EraseBytes-
#15255	NEW    cov: 357 ft: 718 corp: 115/1433b lim: 25 exec/s: 7627 rss: 51Mb L: 24/25 MS: 4 ChangeBit-PersAutoDict-PersAutoDict-CopyPart- DE: "ss"-"mm"-
#15257	NEW    cov: 357 ft: 723 corp: 116/1458b lim: 25 exec/s: 7628 rss: 51Mb L: 25/25 MS: 2 ChangeByte-CopyPart-
#15373	REDUCE cov: 357 ft: 725 corp: 117/1481b lim: 25 exec/s: 7686 rss: 51Mb L: 23/25 MS: 1 InsertRepeatedBytes-
#15869	REDUCE cov: 357 ft: 725 corp: 117/1480b lim: 29 exec/s: 7934 rss: 51Mb L: 16/25 MS: 1 EraseBytes-
#15955	REDUCE cov: 357 ft: 725 corp: 117/1478b lim: 29 exec/s: 7977 rss: 51Mb L: 10/25 MS: 1 EraseBytes-
#16384	pulse  cov: 357 ft: 725 corp: 117/1478b lim: 33 exec/s: 8192 rss: 51Mb
#16445	REDUCE cov: 362 ft: 730 corp: 118/1488b lim: 33 exec/s: 8222 rss: 51Mb L: 10/25 MS: 5 ChangeBit-PersAutoDict-CopyPart-CMP-CrossOver- DE: "hh"-"\377\377\377\377\377\377\377\007"-
#16519	NEW    cov: 362 ft: 731 corp: 119/1512b lim: 33 exec/s: 8259 rss: 51Mb L: 24/25 MS: 4 InsertByte-InsertByte-ShuffleBytes-CopyPart-
#16723	NEW    cov: 362 ft: 732 corp: 120/1542b lim: 33 exec/s: 8361 rss: 51Mb L: 30/30 MS: 4 ShuffleBytes-InsertByte-InsertByte-CopyPart-
#16825	NEW    cov: 362 ft: 733 corp: 121/1575b lim: 33 exec/s: 8412 rss: 51Mb L: 33/33 MS: 2 ShuffleBytes-CopyPart-
#17026	NEW    cov: 362 ft: 734 corp: 122/1605b lim: 33 exec/s: 8513 rss: 51Mb L: 30/33 MS: 1 CopyPart-
#17086	REDUCE cov: 362 ft: 735 corp: 123/1625b lim: 33 exec/s: 8543 rss: 51Mb L: 20/33 MS: 5 CMP-ChangeBit-ChangeBit-InsertRepeatedBytes-ChangeBinInt- DE: "\002\000\000\000\000\000\000\000"-
#17194	REDUCE cov: 363 ft: 736 corp: 124/1654b lim: 33 exec/s: 8597 rss: 51Mb L: 29/33 MS: 3 CMP-InsertByte-InsertRepeatedBytes- DE: "ZZZ"-
#17309	REDUCE cov: 363 ft: 736 corp: 124/1649b lim: 33 exec/s: 8654 rss: 51Mb L: 20/33 MS: 5 ChangeBit-InsertRepeatedBytes-ShuffleBytes-CMP-EraseBytes- DE: "ss"-
#17330	REDUCE cov: 363 ft: 736 corp: 124/1646b lim: 33 exec/s: 8665 rss: 51Mb L: 22/33 MS: 1 EraseBytes-
#17371	NEW    cov: 363 ft: 737 corp: 125/1663b lim: 33 exec/s: 8685 rss: 51Mb L: 17/33 MS: 1 CopyPart-
#17472	NEW    cov: 363 ft: 776 corp: 126/1692b lim: 33 exec/s: 5824 rss: 51Mb L: 29/33 MS: 1 InsertRepeatedBytes-
#17510	REDUCE cov: 363 ft: 776 corp: 126/1691b lim: 33 exec/s: 5836 rss: 51Mb L: 11/33 MS: 3 ChangeBinInt-InsertByte-EraseBytes-
#17516	REDUCE cov: 363 ft: 777 corp: 127/1720b lim: 33 exec/s: 5838 rss: 51Mb L: 29/33 MS: 1 CopyPart-
#17652	REDUCE cov: 363 ft: 777 corp: 127/1719b lim: 33 exec/s: 5884 rss: 51Mb L: 11/33 MS: 1 EraseBytes-
#17703	REDUCE cov: 363 ft: 777 corp: 127/1716b lim: 33 exec/s: 5901 rss: 51Mb L: 8/33 MS: 1 EraseBytes-
#17866	NEW    cov: 363 ft: 779 corp: 128/1747b lim: 33 exec/s: 5955 rss: 51Mb L: 31/33 MS: 3 InsertByte-PersAutoDict-CopyPart- DE: "ZZZ"-
#17891	NEW    cov: 363 ft: 780 corp: 129/1776b lim: 33 exec/s: 5963 rss: 51Mb L: 29/33 MS: 5 ChangeBit-InsertByte-PersAutoDict-ChangeByte-CopyPart- DE: "YY"-
#17953	REDUCE cov: 363 ft: 780 corp: 129/1775b lim: 33 exec/s: 5984 rss: 51Mb L: 28/33 MS: 2 CrossOver-EraseBytes-
#18000	NEW    cov: 363 ft: 781 corp: 130/1808b lim: 33 exec/s: 6000 rss: 51Mb L: 33/33 MS: 2 ChangeBit-CopyPart-
#18142	REDUCE cov: 370 ft: 788 corp: 131/1825b lim: 33 exec/s: 6047 rss: 51Mb L: 17/33 MS: 2 ChangeBit-CMP- DE: "Do"-
#18168	REDUCE cov: 370 ft: 788 corp: 131/1823b lim: 33 exec/s: 6056 rss: 51Mb L: 22/33 MS: 1 EraseBytes-
#18183	REDUCE cov: 370 ft: 790 corp: 132/1849b lim: 33 exec/s: 6061 rss: 51Mb L: 26/33 MS: 5 InsertByte-ChangeByte-ChangeBit-InsertRepeatedBytes-ChangeByte-
#18216	NEW    cov: 370 ft: 792 corp: 133/1882b lim: 33 exec/s: 6072 rss: 51Mb L: 33/33 MS: 3 InsertRepeatedBytes-CrossOver-CopyPart-
#18327	REDUCE cov: 370 ft: 792 corp: 133/1881b lim: 33 exec/s: 6109 rss: 51Mb L: 12/33 MS: 1 EraseBytes-
#18558	REDUCE cov: 370 ft: 793 corp: 134/1897b lim: 33 exec/s: 6186 rss: 51Mb L: 16/33 MS: 1 CopyPart-
#18604	REDUCE cov: 370 ft: 793 corp: 134/1892b lim: 33 exec/s: 6201 rss: 51Mb L: 28/33 MS: 1 EraseBytes-
#18645	REDUCE cov: 370 ft: 793 corp: 134/1891b lim: 33 exec/s: 6215 rss: 51Mb L: 32/33 MS: 1 EraseBytes-
#18676	REDUCE cov: 370 ft: 799 corp: 135/1918b lim: 33 exec/s: 6225 rss: 51Mb L: 27/33 MS: 1 CopyPart-
#18767	REDUCE cov: 370 ft: 799 corp: 135/1914b lim: 33 exec/s: 6255 rss: 51Mb L: 12/33 MS: 1 EraseBytes-
#18769	REDUCE cov: 370 ft: 799 corp: 135/1913b lim: 33 exec/s: 6256 rss: 51Mb L: 28/33 MS: 2 ShuffleBytes-EraseBytes-
#18805	REDUCE cov: 370 ft: 799 corp: 135/1907b lim: 33 exec/s: 6268 rss: 51Mb L: 24/33 MS: 1 EraseBytes-
#18987	NEW    cov: 370 ft: 800 corp: 136/1929b lim: 33 exec/s: 6329 rss: 51Mb L: 22/33 MS: 2 ChangeByte-InsertRepeatedBytes-
#19164	REDUCE cov: 370 ft: 800 corp: 136/1924b lim: 33 exec/s: 6388 rss: 51Mb L: 20/33 MS: 2 InsertByte-EraseBytes-
#19177	REDUCE cov: 370 ft: 800 corp: 136/1920b lim: 33 exec/s: 6392 rss: 51Mb L: 13/33 MS: 3 InsertByte-ChangeByte-EraseBytes-
#19259	REDUCE cov: 370 ft: 800 corp: 136/1919b lim: 33 exec/s: 6419 rss: 51Mb L: 14/33 MS: 2 ChangeBit-EraseBytes-
#19395	NEW    cov: 370 ft: 801 corp: 137/1936b lim: 33 exec/s: 6465 rss: 51Mb L: 17/33 MS: 1 EraseBytes-
#19452	REDUCE cov: 370 ft: 801 corp: 137/1933b lim: 33 exec/s: 6484 rss: 51Mb L: 14/33 MS: 2 ShuffleBytes-EraseBytes-
#19460	REDUCE cov: 370 ft: 801 corp: 137/1930b lim: 33 exec/s: 6486 rss: 51Mb L: 26/33 MS: 3 InsertRepeatedBytes-ShuffleBytes-EraseBytes-
#19481	REDUCE cov: 370 ft: 801 corp: 137/1929b lim: 33 exec/s: 6493 rss: 51Mb L: 29/33 MS: 1 EraseBytes-
#19612	REDUCE cov: 370 ft: 801 corp: 137/1925b lim: 33 exec/s: 6537 rss: 51Mb L: 24/33 MS: 1 CrossOver-
#19855	REDUCE cov: 370 ft: 801 corp: 137/1922b lim: 33 exec/s: 6618 rss: 51Mb L: 23/33 MS: 3 InsertByte-ShuffleBytes-EraseBytes-
#19868	REDUCE cov: 370 ft: 801 corp: 137/1919b lim: 33 exec/s: 6622 rss: 51Mb L: 20/33 MS: 3 CrossOver-CopyPart-EraseBytes-
#19966	REDUCE cov: 370 ft: 801 corp: 137/1913b lim: 33 exec/s: 6655 rss: 51Mb L: 11/33 MS: 3 InsertByte-InsertByte-EraseBytes-
#20104	REDUCE cov: 371 ft: 802 corp: 138/1940b lim: 33 exec/s: 6701 rss: 51Mb L: 27/33 MS: 3 ChangeBinInt-InsertByte-PersAutoDict- DE: "DDD"-
#20140	NEW    cov: 371 ft: 803 corp: 139/1957b lim: 33 exec/s: 6713 rss: 51Mb L: 17/33 MS: 1 PersAutoDict- DE: "ZZZ"-
#20361	REDUCE cov: 372 ft: 804 corp: 140/1982b lim: 33 exec/s: 6787 rss: 51Mb L: 25/33 MS: 1 InsertByte-
#20412	NEW    cov: 372 ft: 805 corp: 141/2014b lim: 33 exec/s: 6804 rss: 51Mb L: 32/33 MS: 1 CopyPart-
#20436	REDUCE cov: 372 ft: 805 corp: 141/2013b lim: 33 exec/s: 6812 rss: 51Mb L: 22/33 MS: 4 ChangeBinInt-CopyPart-CMP-EraseBytes- DE: "HH"-
#20653	REDUCE cov: 372 ft: 805 corp: 141/2012b lim: 33 exec/s: 6884 rss: 51Mb L: 12/33 MS: 2 ChangeByte-EraseBytes-
#20660	NEW    cov: 372 ft: 806 corp: 142/2039b lim: 33 exec/s: 6886 rss: 51Mb L: 27/33 MS: 2 ChangeBit-InsertRepeatedBytes-
#20711	REDUCE cov: 372 ft: 806 corp: 142/2036b lim: 33 exec/s: 6903 rss: 51Mb L: 28/33 MS: 1 EraseBytes-
#20834	REDUCE cov: 372 ft: 806 corp: 142/2033b lim: 33 exec/s: 6944 rss: 51Mb L: 17/33 MS: 3 ShuffleBytes-InsertRepeatedBytes-EraseBytes-
#21050	REDUCE cov: 372 ft: 806 corp: 142/2032b lim: 33 exec/s: 7016 rss: 51Mb L: 9/33 MS: 1 EraseBytes-
#21067	NEW    cov: 372 ft: 807 corp: 143/2053b lim: 33 exec/s: 7022 rss: 51Mb L: 21/33 MS: 2 ChangeByte-CopyPart-
#21179	NEW    cov: 372 ft: 808 corp: 144/2078b lim: 33 exec/s: 7059 rss: 51Mb L: 25/33 MS: 2 CrossOver-CrossOver-
#21286	REDUCE cov: 372 ft: 808 corp: 144/2074b lim: 33 exec/s: 7095 rss: 51Mb L: 9/33 MS: 2 CopyPart-CrossOver-
#21297	REDUCE cov: 372 ft: 808 corp: 144/2073b lim: 33 exec/s: 7099 rss: 51Mb L: 21/33 MS: 1 EraseBytes-
#21359	REDUCE cov: 372 ft: 809 corp: 145/2093b lim: 33 exec/s: 7119 rss: 51Mb L: 20/33 MS: 2 ShuffleBytes-CopyPart-
#21853	REDUCE cov: 372 ft: 809 corp: 145/2089b lim: 33 exec/s: 7284 rss: 51Mb L: 9/33 MS: 4 ChangeASCIIInt-CopyPart-CMP-EraseBytes- DE: "YY"-
#21874	REDUCE cov: 372 ft: 809 corp: 145/2083b lim: 33 exec/s: 7291 rss: 51Mb L: 11/33 MS: 1 EraseBytes-
#22100	REDUCE cov: 372 ft: 809 corp: 145/2081b lim: 33 exec/s: 7366 rss: 51Mb L: 10/33 MS: 1 EraseBytes-
#22166	REDUCE cov: 372 ft: 809 corp: 145/2076b lim: 33 exec/s: 7388 rss: 51Mb L: 19/33 MS: 1 EraseBytes-
#22217	REDUCE cov: 372 ft: 809 corp: 145/2068b lim: 33 exec/s: 7405 rss: 51Mb L: 19/33 MS: 1 EraseBytes-
#22258	REDUCE cov: 372 ft: 810 corp: 146/2098b lim: 33 exec/s: 7419 rss: 51Mb L: 30/33 MS: 1 CopyPart-
#22319	REDUCE cov: 372 ft: 810 corp: 146/2097b lim: 33 exec/s: 7439 rss: 51Mb L: 19/33 MS: 1 EraseBytes-
#22566	REDUCE cov: 372 ft: 812 corp: 147/2123b lim: 33 exec/s: 7522 rss: 51Mb L: 26/33 MS: 2 CopyPart-InsertRepeatedBytes-
#22583	REDUCE cov: 372 ft: 812 corp: 147/2121b lim: 33 exec/s: 7527 rss: 51Mb L: 13/33 MS: 2 InsertByte-EraseBytes-
#22604	NEW    cov: 372 ft: 814 corp: 148/2150b lim: 33 exec/s: 7534 rss: 51Mb L: 29/33 MS: 1 InsertRepeatedBytes-
#23157	REDUCE cov: 372 ft: 816 corp: 149/2174b lim: 38 exec/s: 7719 rss: 51Mb L: 24/33 MS: 3 InsertByte-ChangeBit-CopyPart-
#23192	REDUCE cov: 372 ft: 817 corp: 150/2212b lim: 38 exec/s: 7730 rss: 51Mb L: 38/38 MS: 5 ShuffleBytes-CMP-PersAutoDict-InsertRepeatedBytes-CopyPart- DE: "\001\000\000\000"-"SSS"-
#23503	NEW    cov: 372 ft: 818 corp: 151/2240b lim: 38 exec/s: 5875 rss: 51Mb L: 28/38 MS: 1 CopyPart-
#23530	REDUCE cov: 372 ft: 818 corp: 151/2239b lim: 38 exec/s: 5882 rss: 51Mb L: 8/38 MS: 2 ChangeBit-EraseBytes-
#23641	REDUCE cov: 372 ft: 818 corp: 151/2235b lim: 38 exec/s: 5910 rss: 51Mb L: 25/38 MS: 1 EraseBytes-
#23687	REDUCE cov: 372 ft: 818 corp: 151/2232b lim: 38 exec/s: 5921 rss: 51Mb L: 22/38 MS: 1 EraseBytes-
#23694	REDUCE cov: 372 ft: 818 corp: 151/2230b lim: 38 exec/s: 5923 rss: 51Mb L: 24/38 MS: 2 CopyPart-EraseBytes-
#23883	REDUCE cov: 372 ft: 818 corp: 151/2229b lim: 38 exec/s: 5970 rss: 51Mb L: 10/38 MS: 4 EraseBytes-InsertByte-InsertByte-InsertByte-
#23949	REDUCE cov: 372 ft: 818 corp: 151/2228b lim: 38 exec/s: 5987 rss: 51Mb L: 18/38 MS: 1 EraseBytes-
#23971	NEW    cov: 372 ft: 819 corp: 152/2258b lim: 38 exec/s: 5992 rss: 51Mb L: 30/38 MS: 2 ChangeByte-CopyPart-
#24067	REDUCE cov: 372 ft: 819 corp: 152/2255b lim: 38 exec/s: 6016 rss: 52Mb L: 13/38 MS: 1 EraseBytes-
#24089	REDUCE cov: 372 ft: 819 corp: 152/2254b lim: 38 exec/s: 6022 rss: 52Mb L: 21/38 MS: 2 InsertByte-EraseBytes-
#24155	REDUCE cov: 372 ft: 819 corp: 152/2250b lim: 38 exec/s: 6038 rss: 52Mb L: 9/38 MS: 1 EraseBytes-
#24638	REDUCE cov: 372 ft: 825 corp: 153/2284b lim: 38 exec/s: 6159 rss: 52Mb L: 34/38 MS: 3 ChangeBit-ChangeBinInt-CrossOver-
#24840	REDUCE cov: 372 ft: 829 corp: 154/2322b lim: 38 exec/s: 6210 rss: 52Mb L: 38/38 MS: 2 ChangeBit-InsertRepeatedBytes-
#24861	REDUCE cov: 373 ft: 830 corp: 155/2330b lim: 38 exec/s: 6215 rss: 52Mb L: 8/38 MS: 1 CrossOver-
#24970	REDUCE cov: 373 ft: 830 corp: 155/2329b lim: 38 exec/s: 6242 rss: 52Mb L: 20/38 MS: 4 CopyPart-InsertByte-CopyPart-EraseBytes-
#25091	REDUCE cov: 373 ft: 830 corp: 155/2323b lim: 38 exec/s: 6272 rss: 52Mb L: 13/38 MS: 1 EraseBytes-
#25227	REDUCE cov: 373 ft: 831 corp: 156/2352b lim: 38 exec/s: 6306 rss: 52Mb L: 29/38 MS: 1 CopyPart-
#25689	NEW    cov: 373 ft: 832 corp: 157/2390b lim: 38 exec/s: 6422 rss: 52Mb L: 38/38 MS: 2 InsertRepeatedBytes-CopyPart-
#25762	REDUCE cov: 373 ft: 832 corp: 157/2388b lim: 38 exec/s: 6440 rss: 52Mb L: 36/38 MS: 3 CMP-CrossOver-EraseBytes- DE: "\000\000\000\000"-
#25908	REDUCE cov: 373 ft: 832 corp: 157/2383b lim: 38 exec/s: 6477 rss: 52Mb L: 12/38 MS: 1 CrossOver-
#26209	REDUCE cov: 373 ft: 832 corp: 157/2381b lim: 38 exec/s: 6552 rss: 52Mb L: 14/38 MS: 1 EraseBytes-
#26307	NEW    cov: 373 ft: 833 corp: 158/2410b lim: 38 exec/s: 6576 rss: 52Mb L: 29/38 MS: 3 CopyPart-ChangeBinInt-ChangeBit-
#26372	REDUCE cov: 373 ft: 833 corp: 158/2409b lim: 38 exec/s: 6593 rss: 52Mb L: 21/38 MS: 5 PersAutoDict-ChangeBinInt-ChangeASCIIInt-ShuffleBytes-EraseBytes- DE: "\001\000"-
#26393	REDUCE cov: 373 ft: 835 corp: 159/2441b lim: 38 exec/s: 6598 rss: 52Mb L: 32/38 MS: 1 CopyPart-
#26408	REDUCE cov: 373 ft: 835 corp: 159/2433b lim: 38 exec/s: 6602 rss: 52Mb L: 24/38 MS: 5 CopyPart-ChangeBinInt-ChangeBinInt-ChangeByte-EraseBytes-
#26532	REDUCE cov: 373 ft: 836 corp: 160/2448b lim: 38 exec/s: 6633 rss: 52Mb L: 15/38 MS: 4 InsertRepeatedBytes-ChangeByte-CrossOver-ShuffleBytes-
#26664	REDUCE cov: 373 ft: 836 corp: 160/2438b lim: 38 exec/s: 6666 rss: 52Mb L: 11/38 MS: 2 ChangeASCIIInt-EraseBytes-
#26702	NEW    cov: 373 ft: 838 corp: 161/2475b lim: 38 exec/s: 6675 rss: 52Mb L: 37/38 MS: 3 CopyPart-CopyPart-CopyPart-
#26708	NEW    cov: 373 ft: 840 corp: 162/2509b lim: 38 exec/s: 6677 rss: 52Mb L: 34/38 MS: 1 CopyPart-
#26859	REDUCE cov: 373 ft: 840 corp: 162/2507b lim: 38 exec/s: 6714 rss: 52Mb L: 18/38 MS: 1 EraseBytes-
#26896	REDUCE cov: 373 ft: 840 corp: 162/2506b lim: 38 exec/s: 6724 rss: 52Mb L: 16/38 MS: 2 InsertByte-EraseBytes-
#26934	REDUCE cov: 373 ft: 841 corp: 163/2544b lim: 38 exec/s: 6733 rss: 52Mb L: 38/38 MS: 3 ChangeBinInt-CMP-CopyPart- DE: "hh"-
#27046	REDUCE cov: 373 ft: 846 corp: 164/2567b lim: 38 exec/s: 6761 rss: 52Mb L: 23/38 MS: 2 ShuffleBytes-CopyPart-
#27052	REDUCE cov: 373 ft: 846 corp: 164/2563b lim: 38 exec/s: 6763 rss: 52Mb L: 32/38 MS: 1 EraseBytes-
#27174	NEW    cov: 373 ft: 851 corp: 165/2594b lim: 38 exec/s: 6793 rss: 52Mb L: 31/38 MS: 2 CrossOver-ShuffleBytes-
#27553	REDUCE cov: 373 ft: 851 corp: 165/2593b lim: 38 exec/s: 6888 rss: 52Mb L: 9/38 MS: 4 CrossOver-CopyPart-EraseBytes-ChangeBinInt-
#27589	REDUCE cov: 373 ft: 851 corp: 165/2589b lim: 38 exec/s: 6897 rss: 52Mb L: 16/38 MS: 1 EraseBytes-
#27590	REDUCE cov: 373 ft: 851 corp: 165/2588b lim: 38 exec/s: 6897 rss: 52Mb L: 15/38 MS: 1 EraseBytes-
#28142	NEW    cov: 373 ft: 852 corp: 166/2626b lim: 43 exec/s: 7035 rss: 52Mb L: 38/38 MS: 2 PersAutoDict-CopyPart- DE: "DDD"-
#28187	NEW    cov: 374 ft: 853 corp: 167/2666b lim: 43 exec/s: 7046 rss: 52Mb L: 40/40 MS: 5 CMP-CMP-CopyPart-ChangeBit-ChangeBinInt- DE: "\001\000"-"\377\377\377\377"-
#28639	NEW    cov: 374 ft: 854 corp: 168/2690b lim: 43 exec/s: 7159 rss: 52Mb L: 24/40 MS: 2 ChangeByte-CopyPart-
#28670	REDUCE cov: 374 ft: 854 corp: 168/2688b lim: 43 exec/s: 7167 rss: 52Mb L: 13/40 MS: 1 EraseBytes-
#28822	REDUCE cov: 374 ft: 854 corp: 168/2684b lim: 43 exec/s: 7205 rss: 52Mb L: 17/40 MS: 2 CrossOver-EraseBytes-
#28827	REDUCE cov: 374 ft: 855 corp: 169/2718b lim: 43 exec/s: 7206 rss: 52Mb L: 34/40 MS: 5 InsertByte-ChangeBit-CopyPart-CopyPart-CrossOver-
#29036	REDUCE cov: 374 ft: 857 corp: 170/2751b lim: 43 exec/s: 7259 rss: 52Mb L: 33/40 MS: 4 ChangeBinInt-InsertRepeatedBytes-EraseBytes-InsertRepeatedBytes-
#29302	REDUCE cov: 374 ft: 857 corp: 170/2749b lim: 43 exec/s: 7325 rss: 52Mb L: 31/40 MS: 1 EraseBytes-
#29926	REDUCE cov: 374 ft: 857 corp: 170/2748b lim: 48 exec/s: 5985 rss: 52Mb L: 18/40 MS: 4 ChangeByte-ChangeBinInt-InsertByte-EraseBytes-
#30177	NEW    cov: 374 ft: 858 corp: 171/2795b lim: 48 exec/s: 6035 rss: 52Mb L: 47/47 MS: 1 CopyPart-
#30281	REDUCE cov: 374 ft: 863 corp: 172/2832b lim: 48 exec/s: 6056 rss: 52Mb L: 37/47 MS: 4 CopyPart-ChangeByte-InsertByte-CrossOver-
#30462	REDUCE cov: 374 ft: 863 corp: 172/2831b lim: 48 exec/s: 6092 rss: 52Mb L: 16/47 MS: 1 EraseBytes-
#30719	REDUCE cov: 374 ft: 863 corp: 172/2823b lim: 48 exec/s: 6143 rss: 52Mb L: 23/47 MS: 2 ChangeByte-EraseBytes-
#30731	REDUCE cov: 374 ft: 865 corp: 173/2860b lim: 48 exec/s: 6146 rss: 52Mb L: 37/47 MS: 2 CMP-CopyPart- DE: "\377\377\377\377"-
#31217	REDUCE cov: 374 ft: 865 corp: 173/2858b lim: 48 exec/s: 6243 rss: 52Mb L: 26/47 MS: 1 EraseBytes-
#31271	REDUCE cov: 374 ft: 865 corp: 173/2853b lim: 48 exec/s: 6254 rss: 52Mb L: 12/47 MS: 4 ChangeBit-ShuffleBytes-PersAutoDict-CrossOver- DE: "HH"-
#31693	NEW    cov: 374 ft: 867 corp: 174/2897b lim: 48 exec/s: 6338 rss: 52Mb L: 44/47 MS: 2 ChangeByte-CopyPart-
#31722	REDUCE cov: 374 ft: 867 corp: 174/2895b lim: 48 exec/s: 6344 rss: 52Mb L: 30/47 MS: 4 ChangeASCIIInt-ChangeASCIIInt-ChangeBit-EraseBytes-
#31991	REDUCE cov: 374 ft: 867 corp: 174/2892b lim: 48 exec/s: 6398 rss: 52Mb L: 13/47 MS: 4 ChangeByte-EraseBytes-ShuffleBytes-CMP- DE: "DD"-
#32004	NEW    cov: 374 ft: 868 corp: 175/2934b lim: 48 exec/s: 6400 rss: 52Mb L: 42/47 MS: 3 ChangeBinInt-ChangeByte-CopyPart-
#32201	REDUCE cov: 374 ft: 869 corp: 176/2981b lim: 48 exec/s: 6440 rss: 52Mb L: 47/47 MS: 2 CrossOver-InsertRepeatedBytes-
#32281	NEW    cov: 374 ft: 886 corp: 177/3029b lim: 48 exec/s: 6456 rss: 52Mb L: 48/48 MS: 5 ShuffleBytes-ChangeBinInt-ChangeByte-CrossOver-CrossOver-
#32598	REDUCE cov: 374 ft: 886 corp: 177/3028b lim: 48 exec/s: 6519 rss: 52Mb L: 11/48 MS: 2 CopyPart-EraseBytes-
#32694	REDUCE cov: 374 ft: 886 corp: 177/3025b lim: 48 exec/s: 6538 rss: 52Mb L: 30/48 MS: 1 EraseBytes-
#32715	NEW    cov: 374 ft: 887 corp: 178/3067b lim: 48 exec/s: 6543 rss: 52Mb L: 42/48 MS: 1 CopyPart-
#32741	REDUCE cov: 374 ft: 887 corp: 178/3059b lim: 48 exec/s: 6548 rss: 52Mb L: 21/48 MS: 1 EraseBytes-
#32768	pulse  cov: 374 ft: 887 corp: 178/3059b lim: 48 exec/s: 6553 rss: 52Mb
#32799	REDUCE cov: 374 ft: 887 corp: 178/3048b lim: 48 exec/s: 6559 rss: 52Mb L: 14/48 MS: 3 EraseBytes-CopyPart-PersAutoDict- DE: "SS"-
#32960	REDUCE cov: 374 ft: 887 corp: 178/3038b lim: 48 exec/s: 6592 rss: 52Mb L: 27/48 MS: 1 EraseBytes-
#33096	REDUCE cov: 374 ft: 887 corp: 178/3035b lim: 48 exec/s: 6619 rss: 52Mb L: 35/48 MS: 1 EraseBytes-
#33174	NEW    cov: 374 ft: 888 corp: 179/3081b lim: 48 exec/s: 6634 rss: 52Mb L: 46/48 MS: 3 ShuffleBytes-EraseBytes-InsertRepeatedBytes-
#33551	REDUCE cov: 374 ft: 888 corp: 179/3080b lim: 48 exec/s: 6710 rss: 52Mb L: 41/48 MS: 2 PersAutoDict-EraseBytes- DE: "mm"-
#34007	REDUCE cov: 374 ft: 890 corp: 180/3117b lim: 48 exec/s: 6801 rss: 52Mb L: 37/48 MS: 1 CopyPart-
#34139	REDUCE cov: 374 ft: 890 corp: 180/3115b lim: 48 exec/s: 6827 rss: 52Mb L: 12/48 MS: 2 ShuffleBytes-EraseBytes-
#34347	NEW    cov: 374 ft: 892 corp: 181/3159b lim: 48 exec/s: 6869 rss: 52Mb L: 44/48 MS: 3 PersAutoDict-CrossOver-CopyPart- DE: "ss"-
#34369	REDUCE cov: 374 ft: 892 corp: 181/3156b lim: 48 exec/s: 6873 rss: 52Mb L: 12/48 MS: 2 ChangeByte-EraseBytes-
#34600	REDUCE cov: 374 ft: 892 corp: 181/3151b lim: 48 exec/s: 6920 rss: 52Mb L: 35/48 MS: 1 EraseBytes-
#34656	REDUCE cov: 374 ft: 892 corp: 181/3150b lim: 48 exec/s: 6931 rss: 52Mb L: 8/48 MS: 1 EraseBytes-
#34894	REDUCE cov: 374 ft: 893 corp: 182/3172b lim: 48 exec/s: 6978 rss: 52Mb L: 22/48 MS: 3 ChangeBit-ChangeByte-InsertRepeatedBytes-
#34903	REDUCE cov: 374 ft: 893 corp: 182/3169b lim: 48 exec/s: 6980 rss: 52Mb L: 35/48 MS: 4 ChangeBit-CopyPart-ShuffleBytes-EraseBytes-
#34939	REDUCE cov: 374 ft: 893 corp: 182/3165b lim: 48 exec/s: 6987 rss: 52Mb L: 37/48 MS: 1 EraseBytes-
#34989	REDUCE cov: 374 ft: 893 corp: 182/3162b lim: 48 exec/s: 6997 rss: 52Mb L: 44/48 MS: 5 ChangeByte-ChangeByte-ChangeBit-ChangeByte-EraseBytes-
#35175	REDUCE cov: 374 ft: 893 corp: 182/3154b lim: 48 exec/s: 7035 rss: 52Mb L: 16/48 MS: 1 EraseBytes-
#35201	NEW    cov: 374 ft: 894 corp: 183/3186b lim: 48 exec/s: 7040 rss: 52Mb L: 32/48 MS: 1 CopyPart-
#35317	REDUCE cov: 374 ft: 894 corp: 183/3185b lim: 48 exec/s: 7063 rss: 52Mb L: 9/48 MS: 1 EraseBytes-
#35388	REDUCE cov: 374 ft: 894 corp: 183/3183b lim: 48 exec/s: 7077 rss: 52Mb L: 30/48 MS: 1 CrossOver-
#35507	REDUCE cov: 374 ft: 895 corp: 184/3231b lim: 48 exec/s: 5917 rss: 52Mb L: 48/48 MS: 4 CopyPart-CopyPart-CrossOver-InsertByte-
#35519	REDUCE cov: 374 ft: 895 corp: 184/3224b lim: 48 exec/s: 5919 rss: 52Mb L: 41/48 MS: 2 ChangeASCIIInt-EraseBytes-
#35543	REDUCE cov: 374 ft: 895 corp: 184/3223b lim: 48 exec/s: 5923 rss: 52Mb L: 13/48 MS: 4 InsertRepeatedBytes-InsertByte-ShuffleBytes-EraseBytes-
#35664	REDUCE cov: 374 ft: 895 corp: 184/3217b lim: 48 exec/s: 5944 rss: 52Mb L: 32/48 MS: 1 EraseBytes-
#35779	REDUCE cov: 374 ft: 895 corp: 184/3214b lim: 48 exec/s: 5963 rss: 52Mb L: 18/48 MS: 5 ShuffleBytes-ShuffleBytes-InsertByte-ShuffleBytes-EraseBytes-
#35927	REDUCE cov: 374 ft: 895 corp: 184/3207b lim: 48 exec/s: 5987 rss: 52Mb L: 39/48 MS: 3 InsertByte-CrossOver-EraseBytes-
#35945	REDUCE cov: 374 ft: 895 corp: 184/3205b lim: 48 exec/s: 5990 rss: 52Mb L: 10/48 MS: 3 ChangeByte-EraseBytes-InsertByte-
#35997	REDUCE cov: 374 ft: 895 corp: 184/3203b lim: 48 exec/s: 5999 rss: 52Mb L: 28/48 MS: 2 CopyPart-EraseBytes-
#36053	NEW    cov: 374 ft: 896 corp: 185/3242b lim: 48 exec/s: 6008 rss: 52Mb L: 39/48 MS: 1 InsertRepeatedBytes-
#36154	REDUCE cov: 374 ft: 896 corp: 185/3241b lim: 48 exec/s: 6025 rss: 52Mb L: 27/48 MS: 1 EraseBytes-
#36322	REDUCE cov: 374 ft: 896 corp: 185/3240b lim: 48 exec/s: 6053 rss: 52Mb L: 37/48 MS: 3 ChangeBit-PersAutoDict-EraseBytes- DE: "SS"-
#36819	REDUCE cov: 374 ft: 896 corp: 185/3238b lim: 48 exec/s: 6136 rss: 52Mb L: 20/48 MS: 2 ChangeBinInt-EraseBytes-
#36868	REDUCE cov: 374 ft: 896 corp: 185/3235b lim: 48 exec/s: 6144 rss: 52Mb L: 10/48 MS: 4 ChangeBinInt-ChangeByte-CMP-EraseBytes- DE: "local"-
#36892	REDUCE cov: 374 ft: 896 corp: 185/3234b lim: 48 exec/s: 6148 rss: 52Mb L: 23/48 MS: 4 CopyPart-CopyPart-ChangeBinInt-EraseBytes-
#36924	REDUCE cov: 374 ft: 896 corp: 185/3233b lim: 48 exec/s: 6154 rss: 52Mb L: 41/48 MS: 2 InsertRepeatedBytes-EraseBytes-
#36935	NEW    cov: 374 ft: 897 corp: 186/3257b lim: 48 exec/s: 6155 rss: 52Mb L: 24/48 MS: 1 CrossOver-
#37182	REDUCE cov: 374 ft: 897 corp: 186/3249b lim: 48 exec/s: 6197 rss: 52Mb L: 39/48 MS: 2 ChangeASCIIInt-EraseBytes-
#37198	REDUCE cov: 374 ft: 897 corp: 186/3248b lim: 48 exec/s: 6199 rss: 52Mb L: 26/48 MS: 1 EraseBytes-
#37205	REDUCE cov: 374 ft: 897 corp: 186/3246b lim: 48 exec/s: 6200 rss: 52Mb L: 8/48 MS: 2 ChangeByte-EraseBytes-
#37286	REDUCE cov: 374 ft: 897 corp: 186/3244b lim: 48 exec/s: 6214 rss: 52Mb L: 13/48 MS: 1 EraseBytes-
#37337	NEW    cov: 374 ft: 898 corp: 187/3275b lim: 48 exec/s: 6222 rss: 52Mb L: 31/48 MS: 1 CopyPart-
#37463	REDUCE cov: 374 ft: 898 corp: 187/3273b lim: 48 exec/s: 6243 rss: 52Mb L: 24/48 MS: 1 EraseBytes-
#37515	REDUCE cov: 374 ft: 898 corp: 187/3270b lim: 48 exec/s: 6252 rss: 52Mb L: 34/48 MS: 2 InsertByte-EraseBytes-
#37666	REDUCE cov: 374 ft: 898 corp: 187/3269b lim: 48 exec/s: 6277 rss: 52Mb L: 12/48 MS: 1 EraseBytes-
#37867	REDUCE cov: 374 ft: 898 corp: 187/3267b lim: 48 exec/s: 6311 rss: 52Mb L: 30/48 MS: 1 EraseBytes-
#38375	REDUCE cov: 374 ft: 898 corp: 187/3265b lim: 53 exec/s: 6395 rss: 52Mb L: 13/48 MS: 3 ShuffleBytes-ChangeBit-EraseBytes-
#38451	REDUCE cov: 374 ft: 898 corp: 187/3264b lim: 53 exec/s: 6408 rss: 52Mb L: 22/48 MS: 1 EraseBytes-
#38567	REDUCE cov: 374 ft: 898 corp: 187/3263b lim: 53 exec/s: 6427 rss: 52Mb L: 15/48 MS: 1 EraseBytes-
#38690	REDUCE cov: 374 ft: 898 corp: 187/3260b lim: 53 exec/s: 6448 rss: 52Mb L: 20/48 MS: 3 CopyPart-CopyPart-EraseBytes-
#38782	REDUCE cov: 374 ft: 898 corp: 187/3259b lim: 53 exec/s: 6463 rss: 52Mb L: 12/48 MS: 2 ShuffleBytes-EraseBytes-
#38968	NEW    cov: 374 ft: 899 corp: 188/3310b lim: 53 exec/s: 6494 rss: 52Mb L: 51/51 MS: 1 CopyPart-
#39170	REDUCE cov: 374 ft: 899 corp: 188/3308b lim: 53 exec/s: 6528 rss: 52Mb L: 8/51 MS: 2 ChangeBit-EraseBytes-
#39361	REDUCE cov: 374 ft: 899 corp: 188/3307b lim: 53 exec/s: 6560 rss: 52Mb L: 18/51 MS: 1 EraseBytes-
#39433	REDUCE cov: 374 ft: 899 corp: 188/3304b lim: 53 exec/s: 6572 rss: 52Mb L: 10/51 MS: 2 ChangeByte-EraseBytes-
#39441	NEW    cov: 374 ft: 916 corp: 189/3344b lim: 53 exec/s: 6573 rss: 52Mb L: 40/51 MS: 3 CopyPart-InsertByte-InsertByte-
#39862	REDUCE cov: 374 ft: 916 corp: 189/3340b lim: 53 exec/s: 6643 rss: 52Mb L: 33/51 MS: 1 EraseBytes-
#40489	NEW    cov: 383 ft: 925 corp: 190/3351b lim: 58 exec/s: 6748 rss: 52Mb L: 11/51 MS: 2 ShuffleBytes-ChangeByte-
#40536	REDUCE cov: 383 ft: 925 corp: 190/3347b lim: 58 exec/s: 6756 rss: 52Mb L: 26/51 MS: 2 ShuffleBytes-EraseBytes-
#40590	NEW    cov: 383 ft: 927 corp: 191/3394b lim: 58 exec/s: 6765 rss: 52Mb L: 47/51 MS: 4 InsertByte-ChangeBinInt-PersAutoDict-CopyPart- DE: "DD"-
#40596	REDUCE cov: 383 ft: 927 corp: 191/3391b lim: 58 exec/s: 6766 rss: 52Mb L: 21/51 MS: 1 EraseBytes-
#40638	REDUCE cov: 383 ft: 927 corp: 191/3388b lim: 58 exec/s: 6773 rss: 52Mb L: 36/51 MS: 2 ChangeByte-EraseBytes-
#40714	REDUCE cov: 383 ft: 928 corp: 192/3431b lim: 58 exec/s: 6785 rss: 52Mb L: 43/51 MS: 1 CMP- DE: "mm"-
#41194	NEW    cov: 383 ft: 929 corp: 193/3475b lim: 58 exec/s: 5884 rss: 52Mb L: 44/51 MS: 5 CrossOver-InsertByte-ChangeBit-CrossOver-CopyPart-
#41435	REDUCE cov: 383 ft: 929 corp: 193/3472b lim: 58 exec/s: 5919 rss: 52Mb L: 9/51 MS: 1 EraseBytes-
#41712	REDUCE cov: 383 ft: 929 corp: 193/3471b lim: 58 exec/s: 5958 rss: 52Mb L: 8/51 MS: 2 InsertByte-EraseBytes-
#41813	REDUCE cov: 383 ft: 936 corp: 194/3520b lim: 58 exec/s: 5973 rss: 52Mb L: 49/51 MS: 1 CopyPart-
#41829	REDUCE cov: 383 ft: 936 corp: 194/3518b lim: 58 exec/s: 5975 rss: 52Mb L: 7/51 MS: 1 EraseBytes-
#41900	REDUCE cov: 383 ft: 936 corp: 194/3512b lim: 58 exec/s: 5985 rss: 52Mb L: 21/51 MS: 1 EraseBytes-
#41943	REDUCE cov: 383 ft: 936 corp: 194/3504b lim: 58 exec/s: 5991 rss: 52Mb L: 36/51 MS: 3 ChangeByte-ChangeByte-EraseBytes-
#41982	REDUCE cov: 383 ft: 938 corp: 195/3544b lim: 58 exec/s: 5997 rss: 52Mb L: 40/51 MS: 4 ShuffleBytes-ChangeBinInt-EraseBytes-CopyPart-
#42408	REDUCE cov: 383 ft: 938 corp: 195/3543b lim: 58 exec/s: 6058 rss: 52Mb L: 25/51 MS: 1 EraseBytes-
#42584	REDUCE cov: 383 ft: 939 corp: 196/3566b lim: 58 exec/s: 6083 rss: 52Mb L: 23/51 MS: 1 CopyPart-
#42712	REDUCE cov: 383 ft: 939 corp: 196/3565b lim: 58 exec/s: 6101 rss: 52Mb L: 30/51 MS: 3 ChangeBit-InsertByte-EraseBytes-
#42768	REDUCE cov: 383 ft: 940 corp: 197/3619b lim: 58 exec/s: 6109 rss: 52Mb L: 54/54 MS: 1 CopyPart-
#42919	REDUCE cov: 383 ft: 940 corp: 197/3618b lim: 58 exec/s: 6131 rss: 52Mb L: 11/54 MS: 1 EraseBytes-
#43807	REDUCE cov: 383 ft: 941 corp: 198/3648b lim: 63 exec/s: 6258 rss: 52Mb L: 30/54 MS: 3 ChangeBit-PersAutoDict-CopyPart- DE: "hh"-
#43963	NEW    cov: 383 ft: 943 corp: 199/3688b lim: 63 exec/s: 6280 rss: 52Mb L: 40/54 MS: 1 CopyPart-
#44072	REDUCE cov: 383 ft: 944 corp: 200/3730b lim: 63 exec/s: 6296 rss: 52Mb L: 42/54 MS: 4 ShuffleBytes-EraseBytes-InsertRepeatedBytes-CopyPart-
#44239	REDUCE cov: 383 ft: 944 corp: 200/3727b lim: 63 exec/s: 6319 rss: 52Mb L: 26/54 MS: 2 ShuffleBytes-EraseBytes-
#44518	REDUCE cov: 383 ft: 944 corp: 200/3726b lim: 63 exec/s: 6359 rss: 52Mb L: 24/54 MS: 4 CMP-EraseBytes-ShuffleBytes-CopyPart- DE: "3\012\000\000\000\000\000\000"-
#45110	REDUCE cov: 383 ft: 946 corp: 201/3750b lim: 68 exec/s: 6444 rss: 52Mb L: 24/54 MS: 2 ChangeByte-CopyPart-
#45211	NEW    cov: 383 ft: 949 corp: 202/3807b lim: 68 exec/s: 6458 rss: 52Mb L: 57/57 MS: 1 CopyPart-
#45242	REDUCE cov: 383 ft: 949 corp: 202/3806b lim: 68 exec/s: 6463 rss: 52Mb L: 13/57 MS: 1 EraseBytes-
#45263	REDUCE cov: 383 ft: 949 corp: 202/3802b lim: 68 exec/s: 6466 rss: 52Mb L: 28/57 MS: 1 EraseBytes-
#45331	REDUCE cov: 383 ft: 949 corp: 202/3795b lim: 68 exec/s: 6475 rss: 52Mb L: 27/57 MS: 3 ChangeBit-ChangeBinInt-EraseBytes-
#45407	REDUCE cov: 383 ft: 949 corp: 202/3794b lim: 68 exec/s: 6486 rss: 52Mb L: 23/57 MS: 1 EraseBytes-
#45443	REDUCE cov: 383 ft: 949 corp: 202/3792b lim: 68 exec/s: 6491 rss: 52Mb L: 11/57 MS: 1 EraseBytes-
#45654	REDUCE cov: 383 ft: 949 corp: 202/3791b lim: 68 exec/s: 6522 rss: 52Mb L: 19/57 MS: 1 EraseBytes-
#45721	NEW    cov: 383 ft: 955 corp: 203/3855b lim: 68 exec/s: 6531 rss: 52Mb L: 64/64 MS: 2 ChangeBit-CopyPart-
#45750	REDUCE cov: 383 ft: 955 corp: 203/3848b lim: 68 exec/s: 6535 rss: 52Mb L: 15/64 MS: 4 InsertByte-CopyPart-EraseBytes-EraseBytes-
#45992	NEW    cov: 385 ft: 957 corp: 204/3855b lim: 68 exec/s: 6570 rss: 52Mb L: 7/64 MS: 2 ChangeBinInt-EraseBytes-
#46048	REDUCE cov: 385 ft: 957 corp: 204/3851b lim: 68 exec/s: 6578 rss: 52Mb L: 30/64 MS: 1 EraseBytes-
#46958	REDUCE cov: 385 ft: 962 corp: 205/3919b lim: 74 exec/s: 5869 rss: 52Mb L: 68/68 MS: 5 ChangeBit-CopyPart-ChangeBinInt-CopyPart-InsertRepeatedBytes-
#47165	REDUCE cov: 385 ft: 962 corp: 205/3915b lim: 74 exec/s: 5895 rss: 52Mb L: 37/68 MS: 2 ShuffleBytes-EraseBytes-
#47386	REDUCE cov: 385 ft: 962 corp: 205/3913b lim: 74 exec/s: 5923 rss: 52Mb L: 23/68 MS: 1 EraseBytes-
#47569	REDUCE cov: 385 ft: 963 corp: 206/3949b lim: 74 exec/s: 5946 rss: 52Mb L: 36/68 MS: 3 ChangeByte-InsertByte-CopyPart-
#47850	REDUCE cov: 385 ft: 963 corp: 206/3946b lim: 74 exec/s: 5981 rss: 52Mb L: 19/68 MS: 1 EraseBytes-
#47887	REDUCE cov: 385 ft: 963 corp: 206/3945b lim: 74 exec/s: 5985 rss: 52Mb L: 34/68 MS: 2 CMP-EraseBytes- DE: "ss"-
#47958	REDUCE cov: 385 ft: 963 corp: 206/3938b lim: 74 exec/s: 5994 rss: 52Mb L: 28/68 MS: 1 EraseBytes-
#48104	REDUCE cov: 385 ft: 963 corp: 206/3934b lim: 74 exec/s: 6013 rss: 52Mb L: 24/68 MS: 1 EraseBytes-
#48222	REDUCE cov: 385 ft: 964 corp: 207/4004b lim: 74 exec/s: 6027 rss: 52Mb L: 70/70 MS: 3 ChangeBit-ChangeBit-CopyPart-
#48277	REDUCE cov: 385 ft: 964 corp: 207/3999b lim: 74 exec/s: 6034 rss: 52Mb L: 25/70 MS: 5 ChangeByte-EraseBytes-ChangeBit-ChangeByte-CopyPart-
#48278	REDUCE cov: 385 ft: 964 corp: 207/3997b lim: 74 exec/s: 6034 rss: 52Mb L: 37/70 MS: 1 EraseBytes-
#48487	NEW    cov: 385 ft: 965 corp: 208/4050b lim: 74 exec/s: 6060 rss: 52Mb L: 53/70 MS: 4 InsertByte-InsertByte-InsertRepeatedBytes-CopyPart-
#48499	REDUCE cov: 385 ft: 965 corp: 208/4048b lim: 74 exec/s: 6062 rss: 52Mb L: 22/70 MS: 2 InsertByte-EraseBytes-
#48821	REDUCE cov: 385 ft: 966 corp: 209/4082b lim: 74 exec/s: 6102 rss: 52Mb L: 34/70 MS: 2 ChangeBit-InsertRepeatedBytes-
#48942	NEW    cov: 385 ft: 967 corp: 210/4155b lim: 74 exec/s: 6117 rss: 52Mb L: 73/73 MS: 1 InsertRepeatedBytes-
#48993	REDUCE cov: 385 ft: 967 corp: 210/4153b lim: 74 exec/s: 6124 rss: 52Mb L: 12/73 MS: 1 EraseBytes-
#48997	NEW    cov: 385 ft: 968 corp: 211/4213b lim: 74 exec/s: 6124 rss: 52Mb L: 60/73 MS: 4 ChangeByte-InsertByte-CrossOver-CrossOver-
#49123	REDUCE cov: 385 ft: 968 corp: 211/4207b lim: 74 exec/s: 6140 rss: 52Mb L: 16/73 MS: 1 EraseBytes-
#49239	REDUCE cov: 385 ft: 968 corp: 211/4206b lim: 74 exec/s: 6154 rss: 52Mb L: 31/73 MS: 1 EraseBytes-
#49796	NEW    cov: 385 ft: 969 corp: 212/4253b lim: 74 exec/s: 6224 rss: 52Mb L: 47/73 MS: 2 ChangeBinInt-CrossOver-
#49900	REDUCE cov: 385 ft: 969 corp: 212/4252b lim: 74 exec/s: 6237 rss: 52Mb L: 8/73 MS: 4 PersAutoDict-CMP-CopyPart-EraseBytes- DE: "\377\377"-"\000\000\000\000"-
#49992	REDUCE cov: 385 ft: 969 corp: 212/4248b lim: 74 exec/s: 6249 rss: 52Mb L: 36/73 MS: 2 PersAutoDict-EraseBytes- DE: "DD"-
#50125	REDUCE cov: 385 ft: 969 corp: 212/4239b lim: 74 exec/s: 6265 rss: 52Mb L: 64/70 MS: 3 CMP-ShuffleBytes-EraseBytes- DE: "\000\000\000\000\000\000\000\000"-
#50311	REDUCE cov: 385 ft: 970 corp: 213/4295b lim: 74 exec/s: 6288 rss: 52Mb L: 56/70 MS: 1 CopyPart-
#50335	NEW    cov: 385 ft: 971 corp: 214/4369b lim: 74 exec/s: 6291 rss: 52Mb L: 74/74 MS: 4 PersAutoDict-CrossOver-ChangeByte-CrossOver- DE: "\330\206\344\204\252"-
#50356	REDUCE cov: 385 ft: 971 corp: 214/4365b lim: 74 exec/s: 6294 rss: 52Mb L: 26/74 MS: 1 EraseBytes-
#50597	REDUCE cov: 385 ft: 971 corp: 214/4363b lim: 74 exec/s: 6324 rss: 52Mb L: 15/74 MS: 1 EraseBytes-
#50634	REDUCE cov: 385 ft: 971 corp: 214/4359b lim: 74 exec/s: 6329 rss: 52Mb L: 19/74 MS: 2 ChangeASCIIInt-EraseBytes-
#50782	NEW    cov: 387 ft: 973 corp: 215/4374b lim: 74 exec/s: 6347 rss: 52Mb L: 15/74 MS: 3 InsertByte-InsertByte-CopyPart-
#50993	REDUCE cov: 387 ft: 973 corp: 215/4369b lim: 74 exec/s: 5665 rss: 52Mb L: 12/74 MS: 1 EraseBytes-
#51149	REDUCE cov: 387 ft: 973 corp: 215/4368b lim: 74 exec/s: 5683 rss: 52Mb L: 24/74 MS: 1 EraseBytes-
#51562	NEW    cov: 387 ft: 974 corp: 216/4428b lim: 74 exec/s: 5729 rss: 52Mb L: 60/74 MS: 3 ChangeBit-ChangeASCIIInt-ShuffleBytes-
#51614	REDUCE cov: 387 ft: 979 corp: 217/4474b lim: 74 exec/s: 5734 rss: 52Mb L: 46/74 MS: 2 ChangeBinInt-InsertRepeatedBytes-
#51677	REDUCE cov: 387 ft: 979 corp: 217/4473b lim: 74 exec/s: 5741 rss: 52Mb L: 35/74 MS: 3 CrossOver-InsertByte-EraseBytes-
#51738	NEW    cov: 388 ft: 980 corp: 218/4484b lim: 74 exec/s: 5748 rss: 52Mb L: 11/74 MS: 1 PersAutoDict- DE: "ZZ"-
#52369	REDUCE cov: 388 ft: 980 corp: 218/4470b lim: 80 exec/s: 5818 rss: 52Mb L: 39/74 MS: 1 EraseBytes-
#52406	REDUCE cov: 388 ft: 980 corp: 218/4469b lim: 80 exec/s: 5822 rss: 52Mb L: 11/74 MS: 2 ChangeBit-EraseBytes-
#52493	REDUCE cov: 388 ft: 980 corp: 218/4461b lim: 80 exec/s: 5832 rss: 52Mb L: 29/74 MS: 2 ChangeBit-EraseBytes-
#52562	NEW    cov: 388 ft: 981 corp: 219/4489b lim: 80 exec/s: 5840 rss: 52Mb L: 28/74 MS: 4 ChangeASCIIInt-ShuffleBytes-CrossOver-ShuffleBytes-
#53438	REDUCE cov: 388 ft: 981 corp: 219/4488b lim: 86 exec/s: 5937 rss: 52Mb L: 20/74 MS: 1 EraseBytes-
#53804	REDUCE cov: 388 ft: 981 corp: 219/4466b lim: 86 exec/s: 5978 rss: 52Mb L: 46/74 MS: 1 EraseBytes-
#54013	REDUCE cov: 388 ft: 981 corp: 219/4464b lim: 86 exec/s: 6001 rss: 52Mb L: 18/74 MS: 4 CMP-ChangeByte-ChangeBit-EraseBytes- DE: "\000\000\000\000\000\000\000\000"-
#54058	REDUCE cov: 388 ft: 982 corp: 220/4540b lim: 86 exec/s: 6006 rss: 52Mb L: 76/76 MS: 5 ShuffleBytes-EraseBytes-EraseBytes-ChangeBinInt-InsertRepeatedBytes-
#54144	REDUCE cov: 388 ft: 982 corp: 220/4539b lim: 86 exec/s: 6016 rss: 52Mb L: 23/76 MS: 1 EraseBytes-
#54462	REDUCE cov: 388 ft: 982 corp: 220/4534b lim: 86 exec/s: 6051 rss: 52Mb L: 71/74 MS: 3 ShuffleBytes-InsertByte-EraseBytes-
#54844	REDUCE cov: 388 ft: 982 corp: 220/4521b lim: 86 exec/s: 6093 rss: 52Mb L: 58/74 MS: 2 InsertRepeatedBytes-EraseBytes-
#54901	REDUCE cov: 388 ft: 982 corp: 220/4517b lim: 86 exec/s: 6100 rss: 52Mb L: 24/74 MS: 2 ChangeBit-EraseBytes-
#55273	REDUCE cov: 388 ft: 982 corp: 220/4515b lim: 86 exec/s: 6141 rss: 52Mb L: 14/74 MS: 2 PersAutoDict-EraseBytes- DE: "HH"-
#55964	REDUCE cov: 388 ft: 984 corp: 221/4545b lim: 92 exec/s: 6218 rss: 52Mb L: 30/74 MS: 1 CopyPart-
#56171	NEW    cov: 389 ft: 985 corp: 222/4560b lim: 92 exec/s: 5617 rss: 52Mb L: 15/74 MS: 2 ShuffleBytes-ChangeBinInt-
#56478	REDUCE cov: 389 ft: 985 corp: 222/4557b lim: 92 exec/s: 5647 rss: 52Mb L: 11/74 MS: 2 CopyPart-EraseBytes-
#56595	REDUCE cov: 389 ft: 985 corp: 222/4555b lim: 92 exec/s: 5659 rss: 52Mb L: 18/74 MS: 2 ShuffleBytes-EraseBytes-
#57156	REDUCE cov: 389 ft: 985 corp: 222/4552b lim: 92 exec/s: 5715 rss: 52Mb L: 14/74 MS: 1 EraseBytes-
#57204	REDUCE cov: 389 ft: 985 corp: 222/4548b lim: 92 exec/s: 5720 rss: 52Mb L: 56/74 MS: 3 ChangeASCIIInt-ShuffleBytes-EraseBytes-
#57205	REDUCE cov: 389 ft: 985 corp: 222/4539b lim: 92 exec/s: 5720 rss: 52Mb L: 48/74 MS: 1 EraseBytes-
#57256	REDUCE cov: 389 ft: 985 corp: 222/4537b lim: 92 exec/s: 5725 rss: 52Mb L: 35/74 MS: 1 EraseBytes-
#57292	REDUCE cov: 389 ft: 985 corp: 222/4536b lim: 92 exec/s: 5729 rss: 52Mb L: 11/74 MS: 1 EraseBytes-
#57306	REDUCE cov: 389 ft: 985 corp: 222/4535b lim: 92 exec/s: 5730 rss: 52Mb L: 17/74 MS: 4 ChangeBit-InsertRepeatedBytes-ChangeBinInt-EraseBytes-
#57368	REDUCE cov: 389 ft: 985 corp: 222/4534b lim: 92 exec/s: 5736 rss: 52Mb L: 30/74 MS: 2 ChangeBinInt-EraseBytes-
#57782	REDUCE cov: 389 ft: 986 corp: 223/4610b lim: 92 exec/s: 5778 rss: 52Mb L: 76/76 MS: 4 ChangeByte-CrossOver-CrossOver-InsertByte-
#58099	REDUCE cov: 389 ft: 986 corp: 223/4606b lim: 92 exec/s: 5809 rss: 52Mb L: 70/76 MS: 2 ChangeASCIIInt-EraseBytes-
#58387	REDUCE cov: 389 ft: 986 corp: 223/4601b lim: 92 exec/s: 5838 rss: 52Mb L: 49/76 MS: 3 ChangeBit-ShuffleBytes-EraseBytes-
#58690	REDUCE cov: 389 ft: 986 corp: 223/4600b lim: 92 exec/s: 5869 rss: 52Mb L: 11/76 MS: 3 ShuffleBytes-ShuffleBytes-EraseBytes-
#58766	REDUCE cov: 389 ft: 986 corp: 223/4598b lim: 92 exec/s: 5876 rss: 52Mb L: 14/76 MS: 1 EraseBytes-
#58784	REDUCE cov: 389 ft: 986 corp: 223/4596b lim: 92 exec/s: 5878 rss: 52Mb L: 8/76 MS: 3 CrossOver-ChangeBinInt-EraseBytes-
#59001	REDUCE cov: 389 ft: 986 corp: 223/4594b lim: 92 exec/s: 5900 rss: 52Mb L: 10/76 MS: 2 CrossOver-EraseBytes-
#59011	REDUCE cov: 389 ft: 986 corp: 223/4584b lim: 92 exec/s: 5901 rss: 52Mb L: 48/76 MS: 5 CopyPart-PersAutoDict-ChangeByte-ChangeBinInt-EraseBytes- DE: "SS"-
#59024	REDUCE cov: 389 ft: 986 corp: 223/4582b lim: 92 exec/s: 5902 rss: 52Mb L: 68/76 MS: 3 PersAutoDict-CopyPart-EraseBytes- DE: "DDD"-
#59026	REDUCE cov: 389 ft: 986 corp: 223/4575b lim: 92 exec/s: 5902 rss: 52Mb L: 37/76 MS: 2 InsertByte-EraseBytes-
#59387	NEW    cov: 389 ft: 991 corp: 224/4663b lim: 92 exec/s: 5938 rss: 52Mb L: 88/88 MS: 1 CopyPart-
#60014	REDUCE cov: 389 ft: 991 corp: 224/4660b lim: 98 exec/s: 6001 rss: 52Mb L: 13/88 MS: 2 ShuffleBytes-EraseBytes-
#60252	REDUCE cov: 389 ft: 991 corp: 224/4657b lim: 98 exec/s: 6025 rss: 52Mb L: 32/88 MS: 3 ChangeBit-PersAutoDict-EraseBytes- DE: "3\012\000\000\000\000\000\000"-
#60377	DONE   cov: 389 ft: 991 corp: 224/4657b lim: 98 exec/s: 5488 rss: 52Mb
###### Recommended dictionary. ######
"\377\377" # Uses: 778
"YY" # Uses: 329
"DDD" # Uses: 280
"ZZZ" # Uses: 273
"mm" # Uses: 263
"\330\206\344\204\252" # Uses: 245
"DD" # Uses: 278
"SS" # Uses: 262
"SSS" # Uses: 236
"\001\000" # Uses: 238
"ss" # Uses: 251
"ZZ" # Uses: 263
"hh" # Uses: 249
"\377\377\377\377\377\377\377\007" # Uses: 181
"\002\000\000\000\000\000\000\000" # Uses: 188
"Do" # Uses: 166
"HH" # Uses: 178
"\001\000\000\000" # Uses: 151
"\000\000\000\000" # Uses: 144
"\377\377\377\377" # Uses: 141
"local" # Uses: 109
"3\012\000\000\000\000\000\000" # Uses: 60
"\000\000\000\000\000\000\000\000" # Uses: 38
###### End of recommended dictionary. ######
Done 60377 runs in 11 second(s)
