INFO: Instrumenting IPython
INFO: Instrumenting IPython.core
INFO: Instrumenting IPython.core.getipython
INFO: Instrumenting IPython.core.release
INFO: Instrumenting IPython.core.application
INFO: Instrumenting IPython.core.crashhandler
INFO: Instrumenting IPython.core.ultratb
INFO: Instrumenting IPython.utils
INFO: Instrumenting IPython.utils.path
INFO: Instrumenting IPython.utils.process
INFO: Instrumenting IPython.utils._process_posix
INFO: Instrumenting IPython.utils._process_common
INFO: Instrumenting IPython.utils.py3compat
INFO: Instrumenting IPython.utils.encoding
INFO: Instrumenting IPython.utils.PyColorize
INFO: Instrumenting IPython.utils.terminal
INFO: Instrumenting IPython.core.display_trap
INFO: Instrumenting IPython.core.doctb
INFO: Instrumenting IPython.core.tbtools
INFO: Instrumenting IPython.core.debugger
INFO: Instrumenting IPython.core.debugger_backport
INFO: Instrumenting IPython.utils.sysinfo
INFO: Instrumenting IPython.utils._sysinfo
INFO: Instrumenting IPython.core.profiledir
INFO: Instrumenting IPython.paths
INFO: Instrumenting IPython.utils.importstring
INFO: Instrumenting IPython.terminal
INFO: Instrumenting IPython.terminal.embed
INFO: Instrumenting IPython.core.compilerop
INFO: Instrumenting IPython.core.magic_arguments
INFO: Instrumenting IPython.core.error
INFO: Instrumenting IPython.utils.decorators
INFO: Instrumenting IPython.utils.docs
INFO: Instrumenting IPython.utils.text
INFO: Instrumenting IPython.core.magic
INFO: Instrumenting IPython.core.oinspect
INFO: Instrumenting IPython.core.page
INFO: Instrumenting IPython.display
INFO: Instrumenting IPython.core.display_functions
INFO: Instrumenting IPython.core.display
INFO: Instrumenting IPython.testing
INFO: Instrumenting IPython.testing.skipdoctest
INFO: Instrumenting IPython.lib
INFO: Instrumenting IPython.lib.display
INFO: Instrumenting IPython.utils.data
INFO: Instrumenting IPython.lib.pretty
INFO: Instrumenting IPython.utils.openpy
INFO: Instrumenting IPython.utils.dir2
INFO: Instrumenting IPython.utils.wildcard
INFO: Instrumenting IPython.core.inputtransformer2
INFO: Instrumenting IPython.utils.tokenutil
INFO: Instrumenting IPython.utils.ipstruct
INFO: Instrumenting IPython.core.interactiveshell
INFO: Instrumenting IPython.external
INFO: Instrumenting IPython.external.pickleshare
INFO: Instrumenting IPython.core.hooks
INFO: Instrumenting IPython.core.prefilter
INFO: Instrumenting IPython.core.autocall
INFO: Instrumenting IPython.core.macro
INFO: Instrumenting IPython.core.splitinput
INFO: Instrumenting IPython.core.alias
INFO: Instrumenting IPython.core.builtin_trap
INFO: Instrumenting IPython.core.displayhook
INFO: Instrumenting IPython.core.history
INFO: Instrumenting IPython.core.displaypub
INFO: Instrumenting IPython.core.events
INFO: Instrumenting IPython.core.extensions
INFO: Instrumenting IPython.core.formatters
INFO: Instrumenting IPython.utils.sentinel
INFO: Instrumenting IPython.core.logger
INFO: Instrumenting IPython.core.payload
INFO: Instrumenting IPython.core.tips
INFO: Instrumenting IPython.core.usage
INFO: Instrumenting IPython.utils.io
INFO: Instrumenting IPython.utils.capture
INFO: Instrumenting IPython.utils.strdispatch
INFO: Instrumenting IPython.utils.syspathcontext
INFO: Instrumenting IPython.core.async_helpers
INFO: Instrumenting IPython.terminal.interactiveshell
INFO: Instrumenting IPython.terminal.debugger
INFO: Instrumenting IPython.core.completer
INFO: Instrumenting IPython.core.guarded_eval
INFO: Instrumenting IPython.core.latex_symbols
INFO: Instrumenting IPython.utils.generics
INFO: Instrumenting IPython.terminal.ptutils
INFO: Instrumenting IPython.terminal.shortcuts
INFO: Instrumenting IPython.terminal.shortcuts.auto_match
INFO: Instrumenting IPython.terminal.shortcuts.auto_suggest
INFO: Instrumenting IPython.terminal.shortcuts.filters
INFO: Instrumenting IPython.terminal.magics
INFO: Instrumenting IPython.lib.clipboard
INFO: Instrumenting IPython.terminal.pt_inputhooks
INFO: Instrumenting IPython.terminal.prompts
INFO: Instrumenting IPython.terminal.ipapp
INFO: Instrumenting IPython.core.magics
INFO: Instrumenting IPython.core.magics.auto
INFO: Instrumenting IPython.core.magics.basic
INFO: Instrumenting IPython.core.magics.code
INFO: Instrumenting IPython.utils.contexts
INFO: Instrumenting IPython.core.magics.config
INFO: Instrumenting IPython.core.magics.display
INFO: Instrumenting IPython.core.magics.execution
INFO: Instrumenting IPython.utils.module_paths
INFO: Instrumenting IPython.utils.timing
INFO: Instrumenting IPython.core.magics.ast_mod
INFO: Instrumenting IPython.core.magics.extension
INFO: Instrumenting IPython.core.magics.history
INFO: Instrumenting IPython.core.magics.logging
INFO: Instrumenting IPython.core.magics.namespace
INFO: Instrumenting IPython.core.magics.osm
INFO: Instrumenting IPython.core.magics.packaging
INFO: Instrumenting IPython.core.magics.pylab
INFO: Instrumenting IPython.core.magics.script
INFO: Instrumenting IPython.core.shellapp
INFO: Instrumenting IPython.extensions
INFO: Instrumenting IPython.extensions.storemagic
INFO: Instrumenting IPython.utils.frame
INFO: Using built-in libfuzzer
WARNING: Failed to find function "__sanitizer_acquire_crash_state".
WARNING: Failed to find function "__sanitizer_print_stack_trace".
WARNING: Failed to find function "__sanitizer_set_death_callback".
INFO: Running with entropic power schedule (0xFF, 100).
INFO: Seed: 2936785569
INFO: -max_len is not provided; libFuzzer will not generate inputs larger than 4096 bytes
INFO: A corpus is not provided, starting from an empty corpus
#2	INITED cov: 85 ft: 85 corp: 1/1b exec/s: 0 rss: 79Mb
#10	NEW    cov: 86 ft: 95 corp: 2/4b lim: 4 exec/s: 0 rss: 79Mb L: 3/3 MS: 3 CrossOver-ChangeBit-InsertByte-
#19	NEW    cov: 86 ft: 96 corp: 3/7b lim: 4 exec/s: 0 rss: 79Mb L: 3/3 MS: 4 CopyPart-ShuffleBytes-ShuffleBytes-CopyPart-
#22	NEW    cov: 88 ft: 119 corp: 4/10b lim: 4 exec/s: 0 rss: 79Mb L: 3/3 MS: 3 ChangeByte-ShuffleBytes-CrossOver-
#23	NEW    cov: 89 ft: 129 corp: 5/13b lim: 4 exec/s: 0 rss: 79Mb L: 3/3 MS: 1 ChangeBinInt-
#24	NEW    cov: 89 ft: 130 corp: 6/17b lim: 4 exec/s: 0 rss: 79Mb L: 4/4 MS: 1 CrossOver-
#37	NEW    cov: 94 ft: 135 corp: 7/21b lim: 4 exec/s: 0 rss: 79Mb L: 4/4 MS: 3 ChangeBit-ChangeByte-ChangeByte-
#42	NEW    cov: 115 ft: 200 corp: 8/24b lim: 4 exec/s: 0 rss: 79Mb L: 3/4 MS: 5 ChangeByte-ChangeByte-CrossOver-ChangeBit-CrossOver-
#45	NEW    cov: 115 ft: 221 corp: 9/26b lim: 4 exec/s: 0 rss: 79Mb L: 2/4 MS: 3 InsertByte-ChangeByte-ChangeByte-
#62	NEW    cov: 116 ft: 222 corp: 10/29b lim: 4 exec/s: 0 rss: 79Mb L: 3/4 MS: 2 ChangeBinInt-CopyPart-
#158	NEW    cov: 117 ft: 228 corp: 11/32b lim: 4 exec/s: 0 rss: 79Mb L: 3/4 MS: 1 ChangeBinInt-
#197	NEW    cov: 117 ft: 240 corp: 12/36b lim: 4 exec/s: 0 rss: 79Mb L: 4/4 MS: 4 ShuffleBytes-InsertByte-ShuffleBytes-ShuffleBytes-
#228	NEW    cov: 117 ft: 241 corp: 13/38b lim: 4 exec/s: 0 rss: 79Mb L: 2/4 MS: 1 EraseBytes-
#240	NEW    cov: 122 ft: 248 corp: 14/41b lim: 4 exec/s: 0 rss: 79Mb L: 3/4 MS: 2 ShuffleBytes-ChangeByte-
#241	NEW    cov: 124 ft: 250 corp: 15/45b lim: 4 exec/s: 0 rss: 79Mb L: 4/4 MS: 1 CrossOver-
#242	NEW    cov: 124 ft: 252 corp: 16/49b lim: 4 exec/s: 0 rss: 79Mb L: 4/4 MS: 1 ShuffleBytes-
#244	NEW    cov: 129 ft: 264 corp: 17/53b lim: 4 exec/s: 0 rss: 79Mb L: 4/4 MS: 2 ShuffleBytes-InsertByte-
#255	NEW    cov: 129 ft: 266 corp: 18/57b lim: 4 exec/s: 0 rss: 79Mb L: 4/4 MS: 1 CopyPart-
#262	NEW    cov: 129 ft: 267 corp: 19/61b lim: 4 exec/s: 0 rss: 79Mb L: 4/4 MS: 2 EraseBytes-InsertByte-
#275	NEW    cov: 135 ft: 282 corp: 20/64b lim: 4 exec/s: 0 rss: 79Mb L: 3/4 MS: 3 CMP-CrossOver-ChangeByte- DE: "\001\000"-
#341	NEW    cov: 135 ft: 286 corp: 21/67b lim: 4 exec/s: 0 rss: 79Mb L: 3/4 MS: 1 ChangeBinInt-
#377	NEW    cov: 135 ft: 288 corp: 22/70b lim: 4 exec/s: 0 rss: 79Mb L: 3/4 MS: 1 CrossOver-
#393	REDUCE cov: 135 ft: 288 corp: 22/69b lim: 4 exec/s: 0 rss: 79Mb L: 3/4 MS: 1 EraseBytes-
#453	NEW    cov: 136 ft: 290 corp: 23/73b lim: 4 exec/s: 0 rss: 79Mb L: 4/4 MS: 5 EraseBytes-ChangeBit-CopyPart-CopyPart-InsertByte-
#469	NEW    cov: 136 ft: 292 corp: 24/77b lim: 4 exec/s: 0 rss: 79Mb L: 4/4 MS: 1 CopyPart-
#483	REDUCE cov: 136 ft: 292 corp: 24/76b lim: 4 exec/s: 0 rss: 79Mb L: 3/4 MS: 4 ChangeBinInt-ChangeBit-EraseBytes-InsertByte-
#513	REDUCE cov: 139 ft: 299 corp: 25/80b lim: 4 exec/s: 0 rss: 79Mb L: 4/4 MS: 5 ChangeByte-InsertByte-ChangeBit-ShuffleBytes-ChangeByte-
#667	REDUCE cov: 139 ft: 299 corp: 25/79b lim: 4 exec/s: 0 rss: 79Mb L: 3/4 MS: 4 PersAutoDict-EraseBytes-CopyPart-InsertByte- DE: "\001\000"-
#685	NEW    cov: 139 ft: 300 corp: 26/83b lim: 4 exec/s: 0 rss: 79Mb L: 4/4 MS: 3 InsertByte-CopyPart-ChangeByte-
#696	NEW    cov: 139 ft: 301 corp: 27/87b lim: 4 exec/s: 0 rss: 79Mb L: 4/4 MS: 1 CrossOver-
#733	NEW    cov: 146 ft: 310 corp: 28/91b lim: 4 exec/s: 0 rss: 79Mb L: 4/4 MS: 2 ShuffleBytes-CrossOver-
#857	NEW    cov: 147 ft: 311 corp: 29/93b lim: 4 exec/s: 0 rss: 79Mb L: 2/4 MS: 4 ChangeBit-EraseBytes-ShuffleBytes-CrossOver-
#883	NEW    cov: 147 ft: 314 corp: 30/97b lim: 4 exec/s: 0 rss: 79Mb L: 4/4 MS: 1 InsertByte-
#891	NEW    cov: 147 ft: 363 corp: 31/101b lim: 4 exec/s: 0 rss: 79Mb L: 4/4 MS: 3 ChangeBit-ShuffleBytes-CrossOver-
#912	NEW    cov: 151 ft: 367 corp: 32/105b lim: 4 exec/s: 0 rss: 79Mb L: 4/4 MS: 1 CopyPart-
#1009	NEW    cov: 151 ft: 379 corp: 33/109b lim: 4 exec/s: 0 rss: 79Mb L: 4/4 MS: 2 ChangeByte-CrossOver-
#1073	NEW    cov: 154 ft: 382 corp: 34/113b lim: 4 exec/s: 0 rss: 79Mb L: 4/4 MS: 4 CrossOver-InsertByte-CopyPart-ShuffleBytes-
#1089	REDUCE cov: 154 ft: 382 corp: 34/112b lim: 4 exec/s: 0 rss: 79Mb L: 3/4 MS: 1 EraseBytes-
#1144	REDUCE cov: 155 ft: 383 corp: 35/115b lim: 4 exec/s: 0 rss: 79Mb L: 3/4 MS: 5 ShuffleBytes-ShuffleBytes-PersAutoDict-ShuffleBytes-ChangeByte- DE: "\001\000"-
#1572	NEW    cov: 155 ft: 384 corp: 36/120b lim: 8 exec/s: 0 rss: 79Mb L: 5/5 MS: 3 CrossOver-ChangeBit-EraseBytes-
#1688	REDUCE cov: 155 ft: 384 corp: 36/119b lim: 8 exec/s: 0 rss: 79Mb L: 3/5 MS: 1 EraseBytes-
#1695	REDUCE cov: 155 ft: 442 corp: 37/124b lim: 8 exec/s: 0 rss: 79Mb L: 5/5 MS: 2 ShuffleBytes-CopyPart-
#1731	NEW    cov: 155 ft: 444 corp: 38/132b lim: 8 exec/s: 0 rss: 79Mb L: 8/8 MS: 1 CopyPart-
#1732	NEW    cov: 155 ft: 463 corp: 39/140b lim: 8 exec/s: 0 rss: 79Mb L: 8/8 MS: 1 CopyPart-
#1736	NEW    cov: 155 ft: 473 corp: 40/148b lim: 8 exec/s: 0 rss: 79Mb L: 8/8 MS: 4 CopyPart-ShuffleBytes-PersAutoDict-ShuffleBytes- DE: "\001\000"-
/app/ipython/IPython/core/inputtransformer2.py:608: UserWarning: `make_tokens_by_line` received a list of lines which do not have lineending markers ('\n', '\r', '\r\n', '\x0b', '\x0c'), behavior will be unspecified
  tokens_by_line = make_tokens_by_line(lines)
#1751	REDUCE cov: 156 ft: 474 corp: 41/155b lim: 8 exec/s: 0 rss: 79Mb L: 7/8 MS: 5 EraseBytes-InsertRepeatedBytes-ChangeBinInt-ChangeByte-ChangeByte-
#1760	NEW    cov: 156 ft: 479 corp: 42/163b lim: 8 exec/s: 0 rss: 79Mb L: 8/8 MS: 4 ChangeBinInt-CrossOver-ShuffleBytes-ShuffleBytes-
#1785	NEW    cov: 156 ft: 482 corp: 43/168b lim: 8 exec/s: 0 rss: 79Mb L: 5/8 MS: 5 CopyPart-ChangeByte-ChangeBit-CopyPart-CrossOver-
#1796	NEW    cov: 156 ft: 486 corp: 44/171b lim: 8 exec/s: 0 rss: 79Mb L: 3/8 MS: 1 ChangeBinInt-
#1835	NEW    cov: 158 ft: 488 corp: 45/178b lim: 8 exec/s: 0 rss: 79Mb L: 7/8 MS: 4 InsertByte-ShuffleBytes-ShuffleBytes-CopyPart-
#1866	NEW    cov: 158 ft: 496 corp: 46/186b lim: 8 exec/s: 0 rss: 79Mb L: 8/8 MS: 1 ShuffleBytes-
#1867	NEW    cov: 158 ft: 497 corp: 47/192b lim: 8 exec/s: 0 rss: 79Mb L: 6/8 MS: 1 CrossOver-
#2016	REDUCE cov: 158 ft: 497 corp: 47/191b lim: 8 exec/s: 0 rss: 79Mb L: 7/8 MS: 4 ShuffleBytes-CrossOver-ChangeBit-EraseBytes-
#2137	REDUCE cov: 158 ft: 497 corp: 47/190b lim: 8 exec/s: 0 rss: 79Mb L: 6/8 MS: 1 EraseBytes-
#2138	NEW    cov: 158 ft: 498 corp: 48/198b lim: 8 exec/s: 0 rss: 79Mb L: 8/8 MS: 1 CrossOver-
#2207	REDUCE cov: 158 ft: 498 corp: 48/197b lim: 8 exec/s: 0 rss: 79Mb L: 5/8 MS: 4 CrossOver-ChangeBit-InsertByte-EraseBytes-
#2249	REDUCE cov: 158 ft: 498 corp: 48/194b lim: 8 exec/s: 0 rss: 79Mb L: 5/8 MS: 2 ShuffleBytes-EraseBytes-
#2294	REDUCE cov: 158 ft: 503 corp: 49/202b lim: 8 exec/s: 0 rss: 79Mb L: 8/8 MS: 5 ChangeByte-ChangeByte-EraseBytes-CopyPart-CopyPart-
#2316	NEW    cov: 159 ft: 504 corp: 50/205b lim: 8 exec/s: 0 rss: 79Mb L: 3/8 MS: 2 ChangeBit-CrossOver-
#2469	NEW    cov: 159 ft: 507 corp: 51/213b lim: 8 exec/s: 0 rss: 79Mb L: 8/8 MS: 3 CopyPart-ShuffleBytes-ChangeByte-
#2508	REDUCE cov: 159 ft: 507 corp: 51/212b lim: 8 exec/s: 0 rss: 79Mb L: 3/8 MS: 4 ChangeBit-InsertByte-ChangeBit-EraseBytes-
#2520	NEW    cov: 159 ft: 513 corp: 52/218b lim: 8 exec/s: 0 rss: 79Mb L: 6/8 MS: 2 ShuffleBytes-CopyPart-
#2558	NEW    cov: 159 ft: 514 corp: 53/226b lim: 8 exec/s: 0 rss: 79Mb L: 8/8 MS: 3 CrossOver-ChangeByte-CrossOver-
#2635	REDUCE cov: 159 ft: 514 corp: 53/225b lim: 8 exec/s: 0 rss: 79Mb L: 7/8 MS: 2 ShuffleBytes-EraseBytes-
#2651	NEW    cov: 161 ft: 526 corp: 54/233b lim: 8 exec/s: 0 rss: 79Mb L: 8/8 MS: 1 ChangeBit-
#2673	REDUCE cov: 161 ft: 526 corp: 54/232b lim: 8 exec/s: 0 rss: 79Mb L: 2/8 MS: 2 CrossOver-EraseBytes-
#2834	REDUCE cov: 161 ft: 528 corp: 55/240b lim: 8 exec/s: 0 rss: 79Mb L: 8/8 MS: 1 CopyPart-
#2892	NEW    cov: 161 ft: 529 corp: 56/244b lim: 8 exec/s: 0 rss: 79Mb L: 4/8 MS: 3 ChangeBit-ShuffleBytes-CopyPart-
#2909	REDUCE cov: 161 ft: 529 corp: 56/241b lim: 8 exec/s: 0 rss: 79Mb L: 4/8 MS: 2 CopyPart-EraseBytes-
#2999	REDUCE cov: 161 ft: 529 corp: 56/240b lim: 8 exec/s: 0 rss: 79Mb L: 3/8 MS: 5 ChangeByte-EraseBytes-ShuffleBytes-ChangeBit-CopyPart-
#3017	NEW    cov: 161 ft: 534 corp: 57/242b lim: 8 exec/s: 0 rss: 79Mb L: 2/8 MS: 3 EraseBytes-ShuffleBytes-ChangeByte-
#3123	REDUCE cov: 161 ft: 534 corp: 57/241b lim: 8 exec/s: 0 rss: 79Mb L: 2/8 MS: 1 EraseBytes-
#3425	REDUCE cov: 161 ft: 534 corp: 57/240b lim: 8 exec/s: 0 rss: 79Mb L: 7/8 MS: 2 ChangeByte-CrossOver-
#3475	NEW    cov: 162 ft: 535 corp: 58/247b lim: 8 exec/s: 0 rss: 79Mb L: 7/8 MS: 5 CopyPart-ChangeByte-CopyPart-PersAutoDict-ChangeByte- DE: "\001\000"-
#3667	REDUCE cov: 162 ft: 535 corp: 58/246b lim: 8 exec/s: 0 rss: 79Mb L: 4/8 MS: 2 ShuffleBytes-EraseBytes-
#3668	REDUCE cov: 162 ft: 535 corp: 58/245b lim: 8 exec/s: 0 rss: 79Mb L: 6/8 MS: 1 EraseBytes-
#3719	REDUCE cov: 162 ft: 536 corp: 59/250b lim: 8 exec/s: 0 rss: 79Mb L: 5/8 MS: 1 CopyPart-
#3811	REDUCE cov: 162 ft: 545 corp: 60/256b lim: 8 exec/s: 0 rss: 79Mb L: 6/8 MS: 2 CrossOver-CopyPart-
#3888	REDUCE cov: 162 ft: 545 corp: 60/252b lim: 8 exec/s: 0 rss: 79Mb L: 2/8 MS: 2 CrossOver-CrossOver-
#4044	REDUCE cov: 162 ft: 545 corp: 60/251b lim: 8 exec/s: 0 rss: 79Mb L: 3/8 MS: 1 EraseBytes-
#4054	NEW    cov: 164 ft: 547 corp: 61/256b lim: 8 exec/s: 0 rss: 79Mb L: 5/8 MS: 5 ChangeBit-ChangeByte-CrossOver-ShuffleBytes-InsertByte-
#4092	REDUCE cov: 164 ft: 548 corp: 62/264b lim: 8 exec/s: 0 rss: 79Mb L: 8/8 MS: 3 CopyPart-ChangeBit-CopyPart-
#4191	REDUCE cov: 164 ft: 548 corp: 62/261b lim: 8 exec/s: 0 rss: 79Mb L: 5/8 MS: 4 PersAutoDict-ChangeBinInt-CrossOver-EraseBytes- DE: "\001\000"-
#4200	NEW    cov: 164 ft: 551 corp: 63/269b lim: 8 exec/s: 0 rss: 79Mb L: 8/8 MS: 4 CrossOver-CrossOver-PersAutoDict-CrossOver- DE: "\001\000"-
#4391	NEW    cov: 164 ft: 552 corp: 64/276b lim: 8 exec/s: 0 rss: 79Mb L: 7/8 MS: 1 CrossOver-
#4427	NEW    cov: 164 ft: 554 corp: 65/283b lim: 8 exec/s: 0 rss: 79Mb L: 7/8 MS: 1 CrossOver-
#4506	REDUCE cov: 164 ft: 554 corp: 65/282b lim: 8 exec/s: 0 rss: 79Mb L: 4/8 MS: 4 ChangeBit-ShuffleBytes-PersAutoDict-EraseBytes- DE: "\001\000"-
#4728	NEW    cov: 164 ft: 558 corp: 66/290b lim: 8 exec/s: 0 rss: 79Mb L: 8/8 MS: 2 ShuffleBytes-ChangeBit-
#4815	NEW    cov: 164 ft: 559 corp: 67/298b lim: 8 exec/s: 0 rss: 79Mb L: 8/8 MS: 2 CrossOver-CrossOver-
#4863	NEW    cov: 165 ft: 560 corp: 68/306b lim: 8 exec/s: 0 rss: 79Mb L: 8/8 MS: 3 CrossOver-ChangeByte-CrossOver-
#4965	NEW    cov: 165 ft: 561 corp: 69/314b lim: 8 exec/s: 0 rss: 79Mb L: 8/8 MS: 2 CopyPart-CopyPart-
#5206	NEW    cov: 165 ft: 566 corp: 70/322b lim: 8 exec/s: 0 rss: 79Mb L: 8/8 MS: 1 CrossOver-
#5259	REDUCE cov: 165 ft: 566 corp: 70/321b lim: 8 exec/s: 0 rss: 79Mb L: 4/8 MS: 3 ChangeByte-ChangeByte-EraseBytes-
#5365	NEW    cov: 165 ft: 567 corp: 71/326b lim: 8 exec/s: 0 rss: 79Mb L: 5/8 MS: 1 CrossOver-
#5541	NEW    cov: 165 ft: 571 corp: 72/334b lim: 8 exec/s: 0 rss: 79Mb L: 8/8 MS: 1 CrossOver-
#5578	REDUCE cov: 165 ft: 571 corp: 72/333b lim: 8 exec/s: 0 rss: 79Mb L: 7/8 MS: 2 PersAutoDict-CrossOver- DE: "\001\000"-
#5589	NEW    cov: 167 ft: 579 corp: 73/341b lim: 8 exec/s: 0 rss: 79Mb L: 8/8 MS: 1 ChangeByte-
#5775	NEW    cov: 167 ft: 581 corp: 74/349b lim: 8 exec/s: 0 rss: 79Mb L: 8/8 MS: 1 CopyPart-
#5816	NEW    cov: 167 ft: 584 corp: 75/357b lim: 8 exec/s: 0 rss: 79Mb L: 8/8 MS: 1 CopyPart-
#5867	NEW    cov: 167 ft: 586 corp: 76/364b lim: 8 exec/s: 0 rss: 79Mb L: 7/8 MS: 1 CopyPart-
#5879	NEW    cov: 167 ft: 588 corp: 77/369b lim: 8 exec/s: 0 rss: 79Mb L: 5/8 MS: 2 EraseBytes-CrossOver-
#6225	REDUCE cov: 167 ft: 589 corp: 78/378b lim: 11 exec/s: 0 rss: 79Mb L: 9/9 MS: 1 CopyPart-
#6289	NEW    cov: 168 ft: 590 corp: 79/387b lim: 11 exec/s: 0 rss: 79Mb L: 9/9 MS: 4 InsertByte-CopyPart-ShuffleBytes-ChangeBinInt-
#6760	REDUCE cov: 168 ft: 590 corp: 79/386b lim: 14 exec/s: 0 rss: 79Mb L: 4/9 MS: 1 EraseBytes-
#6806	REDUCE cov: 168 ft: 592 corp: 80/399b lim: 14 exec/s: 0 rss: 79Mb L: 13/13 MS: 1 CrossOver-
#7137	REDUCE cov: 168 ft: 592 corp: 80/398b lim: 17 exec/s: 0 rss: 79Mb L: 2/13 MS: 1 EraseBytes-
#7138	NEW    cov: 168 ft: 596 corp: 81/411b lim: 17 exec/s: 0 rss: 79Mb L: 13/13 MS: 1 PersAutoDict- DE: "\001\000"-
#7144	NEW    cov: 168 ft: 621 corp: 82/419b lim: 17 exec/s: 0 rss: 79Mb L: 8/13 MS: 1 CopyPart-
#7275	NEW    cov: 168 ft: 623 corp: 83/434b lim: 17 exec/s: 0 rss: 79Mb L: 15/15 MS: 1 PersAutoDict- DE: "\001\000"-
#7280	REDUCE cov: 168 ft: 625 corp: 84/446b lim: 17 exec/s: 0 rss: 79Mb L: 12/15 MS: 5 ChangeBit-ChangeBit-InsertByte-ChangeASCIIInt-CrossOver-
#7321	NEW    cov: 168 ft: 630 corp: 85/459b lim: 17 exec/s: 0 rss: 79Mb L: 13/15 MS: 1 ChangeBinInt-
#7369	NEW    cov: 168 ft: 634 corp: 86/473b lim: 17 exec/s: 0 rss: 79Mb L: 14/15 MS: 3 ChangeByte-ChangeByte-InsertByte-
#7392	NEW    cov: 168 ft: 639 corp: 87/482b lim: 17 exec/s: 0 rss: 79Mb L: 9/15 MS: 3 ShuffleBytes-CopyPart-CrossOver-
#7455	NEW    cov: 168 ft: 660 corp: 88/495b lim: 17 exec/s: 0 rss: 79Mb L: 13/15 MS: 3 EraseBytes-CrossOver-InsertRepeatedBytes-
#7497	NEW    cov: 168 ft: 678 corp: 89/511b lim: 17 exec/s: 0 rss: 79Mb L: 16/16 MS: 2 ChangeBit-CopyPart-
#7546	NEW    cov: 168 ft: 681 corp: 90/528b lim: 17 exec/s: 0 rss: 79Mb L: 17/17 MS: 4 ChangeBinInt-ChangeByte-CrossOver-CopyPart-
#7616	NEW    cov: 170 ft: 683 corp: 91/532b lim: 17 exec/s: 0 rss: 79Mb L: 4/17 MS: 5 CrossOver-ChangeBit-ChangeBit-CrossOver-ChangeByte-
#7654	NEW    cov: 170 ft: 687 corp: 92/549b lim: 17 exec/s: 0 rss: 79Mb L: 17/17 MS: 3 ChangeBinInt-CopyPart-CopyPart-
#7842	NEW    cov: 170 ft: 691 corp: 93/564b lim: 17 exec/s: 0 rss: 79Mb L: 15/17 MS: 3 EraseBytes-ShuffleBytes-CrossOver-
#7884	NEW    cov: 170 ft: 692 corp: 94/579b lim: 17 exec/s: 0 rss: 79Mb L: 15/17 MS: 2 ChangeASCIIInt-CMP- DE: "\377\377"-
#7936	NEW    cov: 170 ft: 694 corp: 95/595b lim: 17 exec/s: 0 rss: 79Mb L: 16/17 MS: 2 CrossOver-CopyPart-
#7942	NEW    cov: 170 ft: 696 corp: 96/611b lim: 17 exec/s: 0 rss: 79Mb L: 16/17 MS: 1 CopyPart-
#7952	NEW    cov: 170 ft: 697 corp: 97/628b lim: 17 exec/s: 0 rss: 79Mb L: 17/17 MS: 5 CopyPart-CrossOver-CrossOver-ChangeBit-InsertByte-
#8131	REDUCE cov: 170 ft: 697 corp: 97/625b lim: 17 exec/s: 0 rss: 79Mb L: 4/17 MS: 4 InsertByte-ChangeBit-ShuffleBytes-EraseBytes-
#8229	NEW    cov: 170 ft: 698 corp: 98/635b lim: 17 exec/s: 0 rss: 79Mb L: 10/17 MS: 3 PersAutoDict-PersAutoDict-ShuffleBytes- DE: "\377\377"-"\377\377"-
#8348	NEW    cov: 170 ft: 699 corp: 99/647b lim: 17 exec/s: 0 rss: 79Mb L: 12/17 MS: 4 ChangeBinInt-InsertRepeatedBytes-ShuffleBytes-ChangeBit-
#8434	REDUCE cov: 170 ft: 699 corp: 99/645b lim: 17 exec/s: 0 rss: 79Mb L: 7/17 MS: 1 EraseBytes-
#8440	REDUCE cov: 170 ft: 700 corp: 100/660b lim: 17 exec/s: 0 rss: 79Mb L: 15/17 MS: 1 CMP- DE: "\015\000\000\000\000\000\000\000"-
#8494	NEW    cov: 170 ft: 703 corp: 101/675b lim: 17 exec/s: 0 rss: 79Mb L: 15/17 MS: 4 ChangeBinInt-EraseBytes-PersAutoDict-ChangeBinInt- DE: "\001\000"-
#8601	REDUCE cov: 170 ft: 704 corp: 102/684b lim: 17 exec/s: 0 rss: 79Mb L: 9/17 MS: 2 ChangeBit-CrossOver-
#8683	NEW    cov: 170 ft: 705 corp: 103/701b lim: 17 exec/s: 0 rss: 79Mb L: 17/17 MS: 2 InsertByte-ShuffleBytes-
#8709	REDUCE cov: 170 ft: 705 corp: 103/697b lim: 17 exec/s: 0 rss: 79Mb L: 11/17 MS: 1 EraseBytes-
#8846	NEW    cov: 170 ft: 713 corp: 104/712b lim: 17 exec/s: 0 rss: 79Mb L: 15/17 MS: 2 CopyPart-InsertRepeatedBytes-
#9047	REDUCE cov: 170 ft: 713 corp: 104/711b lim: 17 exec/s: 0 rss: 79Mb L: 11/17 MS: 1 EraseBytes-
#9147	REDUCE cov: 170 ft: 716 corp: 105/728b lim: 17 exec/s: 0 rss: 79Mb L: 17/17 MS: 5 InsertRepeatedBytes-EraseBytes-PersAutoDict-ChangeBinInt-CopyPart- DE: "\001\000"-
#9198	REDUCE cov: 170 ft: 716 corp: 105/727b lim: 17 exec/s: 0 rss: 79Mb L: 2/17 MS: 1 EraseBytes-
#9249	REDUCE cov: 170 ft: 716 corp: 105/725b lim: 17 exec/s: 0 rss: 79Mb L: 6/17 MS: 1 EraseBytes-
#9291	REDUCE cov: 170 ft: 716 corp: 105/723b lim: 17 exec/s: 0 rss: 79Mb L: 9/17 MS: 2 InsertRepeatedBytes-EraseBytes-
#9342	NEW    cov: 170 ft: 717 corp: 106/738b lim: 17 exec/s: 0 rss: 79Mb L: 15/17 MS: 1 CMP- DE: "\001\000"-
#9368	REDUCE cov: 170 ft: 717 corp: 106/737b lim: 17 exec/s: 0 rss: 79Mb L: 15/17 MS: 1 EraseBytes-
#9444	NEW    cov: 170 ft: 718 corp: 107/754b lim: 17 exec/s: 0 rss: 79Mb L: 17/17 MS: 1 PersAutoDict- DE: "\377\377"-
#9452	REDUCE cov: 170 ft: 718 corp: 107/753b lim: 17 exec/s: 0 rss: 79Mb L: 16/17 MS: 3 CMP-CopyPart-EraseBytes- DE: "\000\000\000\000"-
#9478	NEW    cov: 170 ft: 719 corp: 108/769b lim: 17 exec/s: 0 rss: 79Mb L: 16/17 MS: 1 CopyPart-
#9487	REDUCE cov: 170 ft: 720 corp: 109/779b lim: 17 exec/s: 0 rss: 79Mb L: 10/17 MS: 4 InsertByte-CrossOver-ShuffleBytes-CrossOver-
#9693	NEW    cov: 170 ft: 721 corp: 110/794b lim: 17 exec/s: 0 rss: 79Mb L: 15/17 MS: 1 ChangeByte-
#9724	REDUCE cov: 170 ft: 721 corp: 110/790b lim: 17 exec/s: 0 rss: 79Mb L: 11/17 MS: 1 EraseBytes-
#9865	NEW    cov: 173 ft: 724 corp: 111/805b lim: 17 exec/s: 0 rss: 79Mb L: 15/17 MS: 1 ChangeByte-
Done 10000 in 1 second(s)
