INFO: Instrumenting 5158 functions...
INFO: Using built-in libfuzzer
WARNING: Failed to find function "__sanitizer_acquire_crash_state".
WARNING: Failed to find function "__sanitizer_print_stack_trace".
WARNING: Failed to find function "__sanitizer_set_death_callback".
INFO: Running with entropic power schedule (0xFF, 100).
INFO: Seed: 121524772
INFO: -max_len is not provided; libFuzzer will not generate inputs larger than 4096 bytes
INFO: A corpus is not provided, starting from an empty corpus
#2	INITED cov: 288 ft: 288 corp: 1/1b exec/s: 0 rss: 59Mb
#6	NEW    cov: 306 ft: 394 corp: 2/3b lim: 4 exec/s: 0 rss: 59Mb L: 2/2 MS: 4 ShuffleBytes-ChangeBit-ChangeByte-InsertByte-
#8	NEW    cov: 306 ft: 445 corp: 3/6b lim: 4 exec/s: 0 rss: 59Mb L: 3/3 MS: 2 CopyPart-InsertByte-
#9	NEW    cov: 306 ft: 487 corp: 4/10b lim: 4 exec/s: 0 rss: 59Mb L: 4/4 MS: 1 CrossOver-
#13	NEW    cov: 323 ft: 509 corp: 5/12b lim: 4 exec/s: 0 rss: 59Mb L: 2/4 MS: 4 EraseBytes-ChangeBinInt-ChangeBit-CrossOver-
#18	NEW    cov: 329 ft: 540 corp: 6/14b lim: 4 exec/s: 0 rss: 59Mb L: 2/4 MS: 5 EraseBytes-ShuffleBytes-ChangeBit-CopyPart-ChangeByte-
#22	NEW    cov: 534 ft: 959 corp: 7/16b lim: 4 exec/s: 0 rss: 59Mb L: 2/4 MS: 4 EraseBytes-ShuffleBytes-ChangeBit-CopyPart-
#30	NEW    cov: 545 ft: 972 corp: 8/19b lim: 4 exec/s: 0 rss: 59Mb L: 3/4 MS: 3 CopyPart-CrossOver-InsertByte-
#32	NEW    cov: 545 ft: 982 corp: 9/23b lim: 4 exec/s: 0 rss: 59Mb L: 4/4 MS: 2 InsertByte-ChangeByte-
#35	NEW    cov: 545 ft: 992 corp: 10/27b lim: 4 exec/s: 0 rss: 59Mb L: 4/4 MS: 3 ChangeByte-CopyPart-InsertByte-
#44	NEW    cov: 545 ft: 1003 corp: 11/31b lim: 4 exec/s: 0 rss: 59Mb L: 4/4 MS: 4 ChangeBit-ChangeBinInt-InsertByte-ChangeBinInt-
#47	NEW    cov: 547 ft: 1006 corp: 12/35b lim: 4 exec/s: 0 rss: 59Mb L: 4/4 MS: 3 ChangeBit-ChangeBinInt-ShuffleBytes-
#64	NEW    cov: 547 ft: 1007 corp: 13/39b lim: 4 exec/s: 0 rss: 59Mb L: 4/4 MS: 2 ShuffleBytes-CopyPart-
#76	NEW    cov: 547 ft: 1009 corp: 14/43b lim: 4 exec/s: 0 rss: 59Mb L: 4/4 MS: 2 ShuffleBytes-CopyPart-
#87	NEW    cov: 605 ft: 1202 corp: 15/47b lim: 4 exec/s: 0 rss: 59Mb L: 4/4 MS: 1 CopyPart-
#119	NEW    cov: 605 ft: 1214 corp: 16/50b lim: 4 exec/s: 0 rss: 59Mb L: 3/4 MS: 2 ChangeBit-EraseBytes-
#120	NEW    cov: 618 ft: 1229 corp: 17/54b lim: 4 exec/s: 0 rss: 59Mb L: 4/4 MS: 1 InsertByte-
#121	NEW    cov: 624 ft: 1267 corp: 18/58b lim: 4 exec/s: 0 rss: 59Mb L: 4/4 MS: 1 ChangeByte-
#124	NEW    cov: 624 ft: 1268 corp: 19/62b lim: 4 exec/s: 0 rss: 59Mb L: 4/4 MS: 3 ShuffleBytes-ChangeByte-ShuffleBytes-
#132	REDUCE cov: 624 ft: 1268 corp: 19/61b lim: 4 exec/s: 0 rss: 59Mb L: 3/4 MS: 3 CrossOver-ChangeByte-EraseBytes-
#143	REDUCE cov: 624 ft: 1268 corp: 19/59b lim: 4 exec/s: 0 rss: 59Mb L: 2/4 MS: 1 EraseBytes-
#156	NEW    cov: 624 ft: 1269 corp: 20/63b lim: 4 exec/s: 0 rss: 59Mb L: 4/4 MS: 3 ShuffleBytes-CopyPart-ChangeByte-
#168	NEW    cov: 624 ft: 1271 corp: 21/67b lim: 4 exec/s: 0 rss: 59Mb L: 4/4 MS: 2 ChangeBit-CrossOver-
#195	NEW    cov: 624 ft: 1272 corp: 22/71b lim: 4 exec/s: 0 rss: 59Mb L: 4/4 MS: 2 CopyPart-ChangeASCIIInt-
#197	NEW    cov: 624 ft: 1276 corp: 23/75b lim: 4 exec/s: 0 rss: 59Mb L: 4/4 MS: 2 ChangeASCIIInt-ChangeBinInt-
#203	NEW    cov: 624 ft: 1278 corp: 24/79b lim: 4 exec/s: 0 rss: 59Mb L: 4/4 MS: 1 InsertByte-
#218	NEW    cov: 624 ft: 1280 corp: 25/83b lim: 4 exec/s: 0 rss: 59Mb L: 4/4 MS: 5 ChangeByte-CopyPart-ShuffleBytes-ShuffleBytes-ChangeByte-
#239	NEW    cov: 625 ft: 1281 corp: 26/87b lim: 4 exec/s: 0 rss: 59Mb L: 4/4 MS: 1 ChangeByte-
#248	NEW    cov: 625 ft: 1283 corp: 27/91b lim: 4 exec/s: 0 rss: 59Mb L: 4/4 MS: 4 InsertByte-ChangeByte-CrossOver-ChangeByte-
#259	NEW    cov: 625 ft: 1284 corp: 28/94b lim: 4 exec/s: 0 rss: 59Mb L: 3/4 MS: 1 CrossOver-
#275	NEW    cov: 625 ft: 1285 corp: 29/98b lim: 4 exec/s: 0 rss: 59Mb L: 4/4 MS: 1 InsertByte-
#309	REDUCE cov: 625 ft: 1285 corp: 29/97b lim: 4 exec/s: 0 rss: 59Mb L: 3/4 MS: 4 EraseBytes-CrossOver-CrossOver-InsertByte-
#330	NEW    cov: 625 ft: 1293 corp: 30/101b lim: 4 exec/s: 0 rss: 59Mb L: 4/4 MS: 1 ChangeBit-
#334	NEW    cov: 626 ft: 1465 corp: 31/103b lim: 4 exec/s: 0 rss: 59Mb L: 2/4 MS: 4 ChangeBit-ShuffleBytes-ShuffleBytes-ChangeBit-
#336	NEW    cov: 626 ft: 1466 corp: 32/106b lim: 4 exec/s: 0 rss: 59Mb L: 3/4 MS: 2 ShuffleBytes-InsertByte-
#347	NEW    cov: 641 ft: 1515 corp: 33/110b lim: 4 exec/s: 0 rss: 59Mb L: 4/4 MS: 1 ChangeByte-
#352	NEW    cov: 641 ft: 1517 corp: 34/114b lim: 4 exec/s: 0 rss: 59Mb L: 4/4 MS: 5 ChangeBit-ChangeBinInt-ChangeBit-InsertByte-CrossOver-
#353	REDUCE cov: 641 ft: 1517 corp: 34/113b lim: 4 exec/s: 0 rss: 59Mb L: 3/4 MS: 1 EraseBytes-
#384	REDUCE cov: 641 ft: 1517 corp: 34/112b lim: 4 exec/s: 0 rss: 59Mb L: 3/4 MS: 1 CrossOver-
#433	NEW    cov: 674 ft: 1615 corp: 35/116b lim: 4 exec/s: 0 rss: 59Mb L: 4/4 MS: 4 ChangeBinInt-CrossOver-ChangeBit-CopyPart-
#439	NEW    cov: 674 ft: 1616 corp: 36/120b lim: 4 exec/s: 0 rss: 59Mb L: 4/4 MS: 1 ChangeByte-
#480	NEW    cov: 674 ft: 1617 corp: 37/124b lim: 4 exec/s: 0 rss: 59Mb L: 4/4 MS: 1 ChangeBit-
#553	NEW    cov: 674 ft: 1620 corp: 38/128b lim: 4 exec/s: 0 rss: 59Mb L: 4/4 MS: 3 CopyPart-ChangeASCIIInt-ChangeByte-
#612	NEW    cov: 674 ft: 1621 corp: 39/130b lim: 4 exec/s: 0 rss: 59Mb L: 2/4 MS: 4 CopyPart-CrossOver-EraseBytes-EraseBytes-
#613	REDUCE cov: 674 ft: 1622 corp: 40/132b lim: 4 exec/s: 0 rss: 59Mb L: 2/4 MS: 1 ChangeBit-
#619	NEW    cov: 675 ft: 1623 corp: 41/136b lim: 4 exec/s: 0 rss: 59Mb L: 4/4 MS: 1 CMP- DE: "if"-
#635	NEW    cov: 675 ft: 1639 corp: 42/140b lim: 4 exec/s: 0 rss: 59Mb L: 4/4 MS: 1 PersAutoDict- DE: "if"-
#645	REDUCE cov: 700 ft: 1807 corp: 43/144b lim: 4 exec/s: 0 rss: 59Mb L: 4/4 MS: 5 CopyPart-PersAutoDict-EraseBytes-CrossOver-PersAutoDict- DE: "if"-"if"-
#686	NEW    cov: 757 ft: 1886 corp: 44/148b lim: 4 exec/s: 0 rss: 59Mb L: 4/4 MS: 1 CrossOver-
#694	REDUCE cov: 757 ft: 1886 corp: 44/147b lim: 4 exec/s: 0 rss: 59Mb L: 3/4 MS: 3 ChangeBit-EraseBytes-ChangeBinInt-
#696	NEW    cov: 757 ft: 2139 corp: 45/150b lim: 4 exec/s: 0 rss: 59Mb L: 3/4 MS: 2 CrossOver-CrossOver-
#699	REDUCE cov: 757 ft: 2139 corp: 45/149b lim: 4 exec/s: 0 rss: 59Mb L: 3/4 MS: 3 PersAutoDict-CrossOver-EraseBytes- DE: "if"-
#722	REDUCE cov: 757 ft: 2139 corp: 45/148b lim: 4 exec/s: 0 rss: 59Mb L: 2/4 MS: 3 ChangeBinInt-CrossOver-CrossOver-
#739	NEW    cov: 757 ft: 2154 corp: 46/151b lim: 4 exec/s: 0 rss: 59Mb L: 3/4 MS: 2 ChangeByte-InsertByte-
#762	REDUCE cov: 758 ft: 2155 corp: 47/154b lim: 4 exec/s: 0 rss: 59Mb L: 3/4 MS: 3 CopyPart-ChangeByte-ChangeBinInt-
#806	NEW    cov: 758 ft: 2156 corp: 48/158b lim: 4 exec/s: 0 rss: 59Mb L: 4/4 MS: 4 ChangeByte-EraseBytes-CMP-CrossOver- DE: "is"-
#866	NEW    cov: 773 ft: 2201 corp: 49/162b lim: 4 exec/s: 0 rss: 59Mb L: 4/4 MS: 5 EraseBytes-CrossOver-ChangeByte-CopyPart-CrossOver-
#867	NEW    cov: 773 ft: 2219 corp: 50/165b lim: 4 exec/s: 0 rss: 59Mb L: 3/4 MS: 1 InsertByte-
#868	NEW    cov: 1104 ft: 2556 corp: 51/169b lim: 4 exec/s: 0 rss: 59Mb L: 4/4 MS: 1 ChangeByte-
#884	NEW    cov: 1104 ft: 2557 corp: 52/173b lim: 4 exec/s: 0 rss: 59Mb L: 4/4 MS: 1 ChangeBit-
#961	NEW    cov: 1106 ft: 2564 corp: 53/176b lim: 4 exec/s: 0 rss: 59Mb L: 3/4 MS: 2 ShuffleBytes-CopyPart-
#1098	REDUCE cov: 1106 ft: 2564 corp: 53/175b lim: 4 exec/s: 0 rss: 59Mb L: 3/4 MS: 2 EraseBytes-ChangeByte-
#1133	NEW    cov: 1106 ft: 2565 corp: 54/179b lim: 4 exec/s: 0 rss: 59Mb L: 4/4 MS: 5 ChangeByte-InsertByte-ChangeByte-ChangeBit-ShuffleBytes-
#1287	NEW    cov: 1106 ft: 2567 corp: 55/183b lim: 4 exec/s: 1287 rss: 59Mb L: 4/4 MS: 4 InsertByte-ShuffleBytes-CopyPart-CrossOver-
#1338	REDUCE cov: 1106 ft: 2567 corp: 55/182b lim: 4 exec/s: 1338 rss: 59Mb L: 3/4 MS: 1 EraseBytes-
#1452	REDUCE cov: 1106 ft: 2568 corp: 56/186b lim: 4 exec/s: 1452 rss: 59Mb L: 4/4 MS: 4 ChangeByte-EraseBytes-ChangeByte-CrossOver-
#1463	NEW    cov: 1108 ft: 2570 corp: 57/190b lim: 4 exec/s: 1463 rss: 59Mb L: 4/4 MS: 1 ChangeBit-
#1539	NEW    cov: 1108 ft: 2577 corp: 58/194b lim: 4 exec/s: 1539 rss: 59Mb L: 4/4 MS: 1 ChangeBit-
#1618	REDUCE cov: 1108 ft: 2577 corp: 58/193b lim: 4 exec/s: 1618 rss: 59Mb L: 3/4 MS: 4 ChangeBit-CopyPart-ShuffleBytes-EraseBytes-
#1629	NEW    cov: 1108 ft: 2578 corp: 59/197b lim: 4 exec/s: 1629 rss: 59Mb L: 4/4 MS: 1 InsertByte-
#1802	NEW    cov: 1108 ft: 2579 corp: 60/201b lim: 4 exec/s: 1802 rss: 59Mb L: 4/4 MS: 3 ChangeBit-CopyPart-CrossOver-
#1892	NEW    cov: 1111 ft: 2582 corp: 61/205b lim: 4 exec/s: 1892 rss: 59Mb L: 4/4 MS: 5 ShuffleBytes-ChangeByte-ChangeBit-ChangeBinInt-ChangeBit-
#1911	NEW    cov: 1111 ft: 2613 corp: 62/209b lim: 4 exec/s: 1911 rss: 59Mb L: 4/4 MS: 4 ChangeBit-ChangeBit-ChangeByte-CrossOver-
#2094	REDUCE cov: 1111 ft: 2613 corp: 62/207b lim: 4 exec/s: 2094 rss: 59Mb L: 2/4 MS: 3 ChangeBit-ChangeBit-EraseBytes-
#2115	NEW    cov: 1130 ft: 2636 corp: 63/211b lim: 4 exec/s: 2115 rss: 59Mb L: 4/4 MS: 1 ShuffleBytes-
#2116	REDUCE cov: 1131 ft: 2637 corp: 64/215b lim: 4 exec/s: 2116 rss: 59Mb L: 4/4 MS: 1 CopyPart-
#2177	REDUCE cov: 1131 ft: 2637 corp: 64/214b lim: 4 exec/s: 2177 rss: 59Mb L: 3/4 MS: 1 CrossOver-
#2224	NEW    cov: 1131 ft: 2664 corp: 65/218b lim: 4 exec/s: 2224 rss: 59Mb L: 4/4 MS: 2 ChangeBit-CrossOver-
#2419	REDUCE cov: 1131 ft: 2665 corp: 66/220b lim: 4 exec/s: 1209 rss: 59Mb L: 2/4 MS: 5 InsertByte-EraseBytes-EraseBytes-ChangeBit-InsertByte-
#2490	NEW    cov: 1333 ft: 3103 corp: 67/224b lim: 4 exec/s: 1245 rss: 59Mb L: 4/4 MS: 1 PersAutoDict- DE: "if"-
#2521	NEW    cov: 1335 ft: 3109 corp: 68/228b lim: 4 exec/s: 1260 rss: 59Mb L: 4/4 MS: 1 ChangeBit-
#2582	NEW    cov: 1337 ft: 3111 corp: 69/231b lim: 4 exec/s: 1291 rss: 59Mb L: 3/4 MS: 1 EraseBytes-

 === Uncaught Python exception: ===
KeyError: '~='
Traceback (most recent call last):
  File "/app/black/fuzz.py", line 9, in TestOneInput
    black.format_str(s, mode=black.Mode())
  File "/app/black/src/black/__init__.py", line 1213, in format_str
    dst_contents = _format_str_once(src_contents, mode=mode, lines=lines)
                   ^^^^^^^^^^^^^^^^^^^^^^^^^^^^^^^^^^^^^^^^^^^^^^^^^^^^^^
  File "/app/black/src/black/__init__.py", line 1236, in _format_str_once
    src_node = lib2to3_parse(src_contents.lstrip(), mode.target_versions)
               ^^^^^^^^^^^^^^^^^^^^^^^^^^^^^^^^^^^^^^^^^^^^^^^^^^^^^^^^^^
  File "/app/black/src/black/parsing.py", line 73, in lib2to3_parse
    result = drv.parse_string(src_txt, False)
             ^^^^^^^^^^^^^^^^^^^^^^^^^^^^^^^^
  File "/app/black/src/blib2to3/pgen2/driver.py", line 198, in parse_string
    return self.parse_tokens(tokens, debug)
           ^^^^^^^^^^^^^^^^^^^^^^^^^^^^^^^^
  File "/app/black/src/blib2to3/pgen2/driver.py", line 149, in parse_tokens
    type = grammar.opmap[value]
           ~~~~~~~~~~~~~^^^^^^^
KeyError: '~='

INFO: Instrumentation complete.
Exception ignored in: <function _removeHandlerRef at 0x7fb6e33b3420>
Traceback (most recent call last):
  File "/usr/local/lib/python3.11/logging/__init__.py", line 853, in _removeHandlerRef
TypeError: 'NoneType' object is not callable
==1696== ERROR: libFuzzer: fuzz target exited
SUMMARY: libFuzzer: fuzz target exited
MS: 3 ChangeByte-ChangeBinInt-CrossOver-; base unit: ab85ac0ef820b60cd5b1017c6585b04e0d2ba335
0x85,0x7e,0x3d,
\205~=
artifact_prefix='./'; Test unit written to ./crash-35610510850fecc8c6276ad67c8215600322b0c6
Base64: hX49
