INFO: Instrumenting 3656 functions...
INFO: Using built-in libfuzzer
WARNING: Failed to find function "__sanitizer_acquire_crash_state".
WARNING: Failed to find function "__sanitizer_print_stack_trace".
WARNING: Failed to find function "__sanitizer_set_death_callback".
INFO: Running with entropic power schedule (0xFF, 100).
INFO: Seed: 723024657
INFO: -max_len is not provided; libFuzzer will not generate inputs larger than 4096 bytes
INFO: A corpus is not provided, starting from an empty corpus
#2	INITED cov: 67 ft: 67 corp: 1/1b exec/s: 0 rss: 59Mb
#435	NEW    cov: 280 ft: 290 corp: 2/8b lim: 8 exec/s: 0 rss: 59Mb L: 7/7 MS: 3 ChangeBit-InsertRepeatedBytes-ChangeBit-
#574	NEW    cov: 281 ft: 291 corp: 3/15b lim: 8 exec/s: 0 rss: 59Mb L: 7/7 MS: 4 EraseBytes-EraseBytes-InsertRepeatedBytes-ChangeBit-
#681	REDUCE cov: 281 ft: 291 corp: 3/14b lim: 8 exec/s: 0 rss: 59Mb L: 6/7 MS: 2 CrossOver-CopyPart-
#717	REDUCE cov: 281 ft: 291 corp: 3/13b lim: 8 exec/s: 0 rss: 59Mb L: 5/7 MS: 1 EraseBytes-
#2206	REDUCE cov: 281 ft: 291 corp: 3/12b lim: 21 exec/s: 0 rss: 59Mb L: 4/7 MS: 4 ShuffleBytes-InsertByte-EraseBytes-CopyPart-
#2575	REDUCE cov: 281 ft: 291 corp: 3/11b lim: 21 exec/s: 0 rss: 59Mb L: 3/7 MS: 4 ShuffleBytes-CopyPart-CopyPart-EraseBytes-
#2823	REDUCE cov: 282 ft: 292 corp: 4/15b lim: 21 exec/s: 0 rss: 59Mb L: 4/7 MS: 3 InsertByte-ChangeByte-ChangeByte-
#2829	NEW    cov: 283 ft: 293 corp: 5/19b lim: 21 exec/s: 0 rss: 59Mb L: 4/7 MS: 1 ChangeByte-
#2841	REDUCE cov: 283 ft: 293 corp: 5/18b lim: 21 exec/s: 0 rss: 59Mb L: 3/7 MS: 2 InsertByte-EraseBytes-
#2886	REDUCE cov: 283 ft: 293 corp: 5/17b lim: 21 exec/s: 0 rss: 59Mb L: 3/7 MS: 5 CopyPart-CrossOver-ChangeBinInt-ChangeBit-EraseBytes-
#2899	REDUCE cov: 283 ft: 293 corp: 5/16b lim: 21 exec/s: 0 rss: 59Mb L: 2/7 MS: 3 ChangeByte-ShuffleBytes-EraseBytes-
#3037	REDUCE cov: 283 ft: 293 corp: 5/15b lim: 21 exec/s: 3037 rss: 59Mb L: 2/7 MS: 3 ShuffleBytes-ChangeByte-EraseBytes-
#8192	pulse  cov: 283 ft: 293 corp: 5/15b lim: 68 exec/s: 4096 rss: 59Mb
#16384	pulse  cov: 283 ft: 293 corp: 5/15b lim: 149 exec/s: 4096 rss: 59Mb
#21454	REDUCE cov: 497 ft: 704 corp: 6/19b lim: 198 exec/s: 4290 rss: 59Mb L: 4/7 MS: 2 CopyPart-ChangeBinInt-
#21865	NEW    cov: 508 ft: 842 corp: 7/24b lim: 198 exec/s: 4373 rss: 59Mb L: 5/7 MS: 1 InsertByte-
#22117	NEW    cov: 509 ft: 871 corp: 8/39b lim: 198 exec/s: 4423 rss: 59Mb L: 15/15 MS: 2 CrossOver-CopyPart-
#22308	NEW    cov: 510 ft: 912 corp: 9/56b lim: 198 exec/s: 4461 rss: 59Mb L: 17/17 MS: 1 CrossOver-
#22669	NEW    cov: 510 ft: 933 corp: 10/62b lim: 198 exec/s: 3778 rss: 59Mb L: 6/17 MS: 1 CopyPart-
#24000	NEW    cov: 511 ft: 936 corp: 11/78b lim: 205 exec/s: 4000 rss: 59Mb L: 16/17 MS: 1 InsertByte-
#24252	NEW    cov: 543 ft: 970 corp: 12/83b lim: 205 exec/s: 4042 rss: 59Mb L: 5/17 MS: 2 ChangeBit-EraseBytes-
#24284	NEW    cov: 545 ft: 982 corp: 13/100b lim: 205 exec/s: 4047 rss: 59Mb L: 17/17 MS: 2 ShuffleBytes-ChangeBit-
#24330	NEW    cov: 545 ft: 984 corp: 14/132b lim: 205 exec/s: 4055 rss: 59Mb L: 32/32 MS: 1 CrossOver-
#24840	NEW    cov: 545 ft: 987 corp: 15/143b lim: 205 exec/s: 4140 rss: 59Mb L: 11/32 MS: 5 EraseBytes-InsertByte-ChangeBit-ChangeBinInt-ShuffleBytes-
#24976	NEW    cov: 545 ft: 997 corp: 16/151b lim: 205 exec/s: 4162 rss: 59Mb L: 8/32 MS: 1 CopyPart-
#25549	NEW    cov: 553 ft: 1040 corp: 17/160b lim: 205 exec/s: 3649 rss: 59Mb L: 9/32 MS: 3 ChangeByte-ShuffleBytes-CopyPart-
#26036	NEW    cov: 558 ft: 1078 corp: 18/176b lim: 205 exec/s: 3719 rss: 59Mb L: 16/32 MS: 2 CrossOver-InsertByte-
#26287	NEW    cov: 558 ft: 1083 corp: 19/210b lim: 205 exec/s: 3755 rss: 59Mb L: 34/34 MS: 1 CrossOver-
#26808	NEW    cov: 854 ft: 1678 corp: 20/258b lim: 205 exec/s: 3829 rss: 59Mb L: 48/48 MS: 1 InsertRepeatedBytes-
#26809	NEW    cov: 854 ft: 1693 corp: 21/330b lim: 205 exec/s: 3829 rss: 59Mb L: 72/72 MS: 1 CopyPart-
#27061	REDUCE cov: 854 ft: 1693 corp: 21/300b lim: 205 exec/s: 3865 rss: 59Mb L: 42/48 MS: 2 InsertByte-EraseBytes-
#27558	NEW    cov: 855 ft: 1694 corp: 22/308b lim: 205 exec/s: 3936 rss: 59Mb L: 8/48 MS: 2 ShuffleBytes-EraseBytes-
#27735	REDUCE cov: 855 ft: 1694 corp: 22/297b lim: 205 exec/s: 3962 rss: 59Mb L: 31/48 MS: 2 CMP-EraseBytes- DE: "DD"-
#27958	NEW    cov: 855 ft: 1697 corp: 23/334b lim: 205 exec/s: 3994 rss: 59Mb L: 37/48 MS: 3 ChangeBinInt-CopyPart-CrossOver-
#28514	REDUCE cov: 855 ft: 1697 corp: 23/331b lim: 205 exec/s: 3564 rss: 59Mb L: 28/48 MS: 1 EraseBytes-
#30345	REDUCE cov: 855 ft: 1697 corp: 23/318b lim: 219 exec/s: 3793 rss: 59Mb L: 15/48 MS: 1 EraseBytes-
#31846	NEW    cov: 861 ft: 1738 corp: 24/326b lim: 233 exec/s: 3538 rss: 59Mb L: 8/48 MS: 1 CrossOver-
#31948	NEW    cov: 861 ft: 1927 corp: 25/370b lim: 233 exec/s: 3549 rss: 59Mb L: 44/48 MS: 2 ChangeBit-InsertRepeatedBytes-
#32768	pulse  cov: 861 ft: 1927 corp: 25/370b lim: 240 exec/s: 3640 rss: 59Mb
#35299	REDUCE cov: 861 ft: 1927 corp: 25/366b lim: 261 exec/s: 3529 rss: 59Mb L: 11/48 MS: 1 EraseBytes-
#35306	NEW    cov: 861 ft: 1929 corp: 26/403b lim: 261 exec/s: 3530 rss: 59Mb L: 37/48 MS: 2 ChangeBinInt-ChangeBit-
#37116	DONE   cov: 861 ft: 1929 corp: 26/403b lim: 277 exec/s: 3374 rss: 59Mb
###### Recommended dictionary. ######
"DD" # Uses: 884
###### End of recommended dictionary. ######
Done 37116 runs in 11 second(s)
