INFO: Instrumenting black
INFO: Instrumenting json
INFO: Instrumenting json.decoder
INFO: Instrumenting json.scanner
INFO: Instrumenting json.encoder
INFO: Instrumenting platform
INFO: Instrumenting datetime
INFO: Instrumenting click
INFO: Instrumenting __future__
INFO: Instrumenting click.core
INFO: Instrumenting gettext
INFO: Instrumenting click.types
INFO: Instrumenting click._compat
INFO: Instrumenting click.exceptions
INFO: Instrumenting click.globals
INFO: Instrumenting click.utils
INFO: Instrumenting click._utils
INFO: Instrumenting click.formatting
INFO: Instrumenting click.parser
INFO: Instrumenting click.termui
INFO: Instrumenting click.decorators
INFO: Instrumenting mypy_extensions
INFO: Instrumenting pathspec
INFO: Instrumenting pathspec.gitignore
INFO: Instrumenting pathspec.backend
INFO: Instrumenting pathspec._backends
INFO: Instrumenting pathspec._backends.agg
INFO: Instrumenting pathspec.pattern
INFO: Instrumenting pathspec._typing
INFO: Instrumenting pathspec._backends.hyperscan
INFO: Instrumenting pathspec._backends.hyperscan.base
INFO: Instrumenting pathspec._backends.hyperscan.gitignore
INFO: Instrumenting pathspec.patterns
INFO: Instrumenting pathspec.patterns.gitignore
INFO: Instrumenting pathspec.patterns.gitignore.base
INFO: Instrumenting pathspec.patterns.gitignore.basic
INFO: Instrumenting pathspec.util
INFO: Instrumenting pathspec.patterns.gitignore.spec
INFO: Instrumenting pathspec.patterns.gitwildmatch
INFO: Instrumenting pathspec._backends.hyperscan._base
INFO: Instrumenting pathspec._backends.hyperscan.pathspec
INFO: Instrumenting pathspec._backends._utils
INFO: Instrumenting pathspec._backends.re2
INFO: Instrumenting pathspec._backends.re2.base
INFO: Instrumenting pathspec._backends.re2.gitignore
INFO: Instrumenting pathspec._backends.re2._base
INFO: Instrumenting pathspec._backends.re2.pathspec
INFO: Instrumenting pathspec._backends.simple
INFO: Instrumenting pathspec._backends.simple.gitignore
INFO: Instrumenting pathspec._backends.simple.pathspec
INFO: Instrumenting pathspec.pathspec
INFO: Instrumenting pathspec._meta
INFO: Instrumenting pathspec._version
INFO: Instrumenting _black_version
INFO: Instrumenting black.cache
INFO: Instrumenting hashlib
INFO: Instrumenting pickle
INFO: Instrumenting struct
INFO: Instrumenting _compat_pickle
INFO: Instrumenting platformdirs
INFO: Instrumenting platformdirs.api
INFO: Instrumenting platformdirs.version
INFO: Instrumenting platformdirs.unix
INFO: Instrumenting configparser
INFO: Instrumenting black.mode
INFO: Instrumenting black.const
INFO: Instrumenting black.output
INFO: Instrumenting black.comments
INFO: Instrumenting black.nodes
INFO: Instrumenting black.strings
INFO: Instrumenting black._width_table
INFO: Instrumenting blib2to3
INFO: Instrumenting blib2to3.pytree
INFO: Instrumenting blib2to3.pgen2
INFO: Instrumenting blib2to3.pgen2.grammar
INFO: Instrumenting blib2to3.pgen2.token
INFO: Instrumenting blib2to3.pygram
INFO: Instrumenting blib2to3.pgen2.driver
INFO: Instrumenting pkgutil
INFO: Instrumenting importlib.util
WARNING: It looks like this module is imported by a custom loader. Atheris has experimental support for this. However, it may be incompatible with certain libraries. If you experience unusual errors or poor coverage collection, try atheris.instrument_all() instead, add enable_loader_override=False to instrument_imports(), or file an issue on GitHub.
INFO: Instrumenting blib2to3.pgen2.tokenize
INFO: Instrumenting blib2to3.pgen2.parse
INFO: Instrumenting blib2to3.pgen2.pgen
INFO: Instrumenting black.files
INFO: Instrumenting packaging
INFO: Instrumenting packaging.specifiers
INFO: Instrumenting packaging.utils
INFO: Instrumenting packaging.tags
INFO: Instrumenting subprocess
INFO: Instrumenting locale
INFO: Instrumenting _locale
INFO: Instrumenting signal
INFO: Instrumenting selectors
INFO: Instrumenting sysconfig
INFO: Instrumenting packaging._manylinux
INFO: Instrumenting packaging._elffile
INFO: Instrumenting packaging._musllinux
INFO: Instrumenting packaging.version
INFO: Instrumenting packaging._structures
INFO: Instrumenting tomllib
INFO: Instrumenting tomllib._parser
INFO: Instrumenting tomllib._re
INFO: Instrumenting tomllib._types
INFO: Instrumenting black.handle_ipynb_magics
INFO: Instrumenting secrets
INFO: Instrumenting base64
INFO: Instrumenting hmac
INFO: Instrumenting black.report
INFO: Instrumenting black.linegen
INFO: Instrumenting black.brackets
INFO: Instrumenting black.lines
INFO: Instrumenting black.numerics
INFO: Instrumenting black.trans
INFO: Instrumenting black.rusty
INFO: Instrumenting black.parsing
INFO: Instrumenting black.ranges
INFO: Instrumenting difflib
INFO: Instrumenting heapq
INFO: Using built-in libfuzzer
WARNING: Failed to find function "__sanitizer_acquire_crash_state".
WARNING: Failed to find function "__sanitizer_print_stack_trace".
WARNING: Failed to find function "__sanitizer_set_death_callback".
INFO: Running with entropic power schedule (0xFF, 100).
INFO: Seed: 3342458665
INFO: -max_len is not provided; libFuzzer will not generate inputs larger than 4096 bytes
INFO: A corpus is not provided, starting from an empty corpus
#2	INITED cov: 488 ft: 488 corp: 1/1b exec/s: 0 rss: 58Mb
#6	NEW    cov: 502 ft: 723 corp: 2/4b lim: 4 exec/s: 0 rss: 58Mb L: 3/3 MS: 4 ShuffleBytes-CrossOver-ShuffleBytes-InsertByte-
#14	REDUCE cov: 502 ft: 723 corp: 2/3b lim: 4 exec/s: 0 rss: 58Mb L: 2/2 MS: 3 CrossOver-EraseBytes-CrossOver-
#65	REDUCE cov: 506 ft: 727 corp: 3/7b lim: 4 exec/s: 0 rss: 58Mb L: 4/4 MS: 1 CopyPart-
#131	REDUCE cov: 506 ft: 727 corp: 3/6b lim: 4 exec/s: 0 rss: 58Mb L: 3/3 MS: 1 EraseBytes-
#380	REDUCE cov: 524 ft: 750 corp: 4/11b lim: 6 exec/s: 0 rss: 58Mb L: 5/5 MS: 4 InsertByte-ChangeBit-EraseBytes-InsertRepeatedBytes-
#436	NEW    cov: 530 ft: 807 corp: 5/16b lim: 6 exec/s: 0 rss: 58Mb L: 5/5 MS: 1 ChangeBinInt-
#448	NEW    cov: 531 ft: 844 corp: 6/21b lim: 6 exec/s: 0 rss: 58Mb L: 5/5 MS: 2 CrossOver-ShuffleBytes-
#521	REDUCE cov: 542 ft: 855 corp: 7/27b lim: 6 exec/s: 0 rss: 58Mb L: 6/6 MS: 3 CopyPart-CMP-CopyPart- DE: "if"-
#524	REDUCE cov: 544 ft: 858 corp: 8/33b lim: 6 exec/s: 0 rss: 58Mb L: 6/6 MS: 3 PersAutoDict-ShuffleBytes-CrossOver- DE: "if"-
#525	NEW    cov: 550 ft: 1013 corp: 9/39b lim: 6 exec/s: 0 rss: 58Mb L: 6/6 MS: 1 ShuffleBytes-
#535	NEW    cov: 551 ft: 1020 corp: 10/45b lim: 6 exec/s: 0 rss: 58Mb L: 6/6 MS: 5 ChangeBinInt-EraseBytes-InsertByte-ChangeByte-CopyPart-
#538	NEW    cov: 551 ft: 1022 corp: 11/51b lim: 6 exec/s: 0 rss: 58Mb L: 6/6 MS: 3 ShuffleBytes-ChangeBit-ShuffleBytes-
#542	NEW    cov: 551 ft: 1028 corp: 12/56b lim: 6 exec/s: 0 rss: 58Mb L: 5/6 MS: 4 ChangeByte-ChangeBit-CrossOver-ChangeBinInt-
#586	NEW    cov: 551 ft: 1031 corp: 13/62b lim: 6 exec/s: 0 rss: 58Mb L: 6/6 MS: 4 ChangeBit-ChangeBit-CopyPart-InsertByte-
#600	NEW    cov: 552 ft: 1038 corp: 14/68b lim: 6 exec/s: 0 rss: 58Mb L: 6/6 MS: 4 InsertByte-PersAutoDict-ChangeByte-ShuffleBytes- DE: "if"-
#656	NEW    cov: 552 ft: 1043 corp: 15/74b lim: 6 exec/s: 0 rss: 58Mb L: 6/6 MS: 1 ShuffleBytes-
#670	NEW    cov: 552 ft: 1082 corp: 16/80b lim: 6 exec/s: 0 rss: 58Mb L: 6/6 MS: 4 CrossOver-CopyPart-ChangeByte-ShuffleBytes-
#739	NEW    cov: 555 ft: 1085 corp: 17/86b lim: 6 exec/s: 0 rss: 58Mb L: 6/6 MS: 4 CopyPart-ChangeByte-ChangeBinInt-CopyPart-
#756	NEW    cov: 555 ft: 1088 corp: 18/92b lim: 6 exec/s: 0 rss: 58Mb L: 6/6 MS: 2 ShuffleBytes-ChangeByte-
#818	NEW    cov: 555 ft: 1328 corp: 19/98b lim: 6 exec/s: 0 rss: 58Mb L: 6/6 MS: 2 ChangeBit-ShuffleBytes-
#831	NEW    cov: 555 ft: 1329 corp: 20/104b lim: 6 exec/s: 0 rss: 58Mb L: 6/6 MS: 3 ChangeBit-ChangeByte-ChangeByte-
#858	NEW    cov: 555 ft: 1330 corp: 21/110b lim: 6 exec/s: 0 rss: 58Mb L: 6/6 MS: 2 ChangeBit-ChangeBit-
#908	NEW    cov: 592 ft: 1460 corp: 22/116b lim: 6 exec/s: 0 rss: 58Mb L: 6/6 MS: 5 EraseBytes-ChangeByte-ChangeByte-EraseBytes-CrossOver-
#939	NEW    cov: 592 ft: 1464 corp: 23/122b lim: 6 exec/s: 0 rss: 58Mb L: 6/6 MS: 1 CrossOver-
#1097	NEW    cov: 624 ft: 1575 corp: 24/128b lim: 6 exec/s: 1097 rss: 58Mb L: 6/6 MS: 3 ShuffleBytes-CopyPart-CrossOver-
#1248	NEW    cov: 634 ft: 1588 corp: 25/134b lim: 6 exec/s: 1248 rss: 58Mb L: 6/6 MS: 1 ChangeBit-
#1249	NEW    cov: 634 ft: 1589 corp: 26/140b lim: 6 exec/s: 1249 rss: 58Mb L: 6/6 MS: 1 CopyPart-
#1332	NEW    cov: 646 ft: 1601 corp: 27/145b lim: 6 exec/s: 1332 rss: 58Mb L: 5/6 MS: 3 ChangeBit-EraseBytes-ChangeBit-
#1364	NEW    cov: 651 ft: 1606 corp: 28/151b lim: 6 exec/s: 1364 rss: 58Mb L: 6/6 MS: 2 CrossOver-CrossOver-
#1390	NEW    cov: 651 ft: 1607 corp: 29/157b lim: 6 exec/s: 1390 rss: 58Mb L: 6/6 MS: 1 ChangeBit-
#1440	NEW    cov: 651 ft: 1615 corp: 30/163b lim: 6 exec/s: 1440 rss: 58Mb L: 6/6 MS: 5 ChangeBinInt-PersAutoDict-ChangeByte-CMP-ChangeByte- DE: "if"-"for"-
#1478	NEW    cov: 651 ft: 1618 corp: 31/169b lim: 6 exec/s: 1478 rss: 58Mb L: 6/6 MS: 3 ChangeByte-CrossOver-InsertByte-
#1532	NEW    cov: 651 ft: 1620 corp: 32/175b lim: 6 exec/s: 1532 rss: 58Mb L: 6/6 MS: 4 ChangeBit-CopyPart-EraseBytes-CMP- DE: "\340\251\251"-
#1661	NEW    cov: 652 ft: 1624 corp: 33/181b lim: 6 exec/s: 1661 rss: 58Mb L: 6/6 MS: 4 ShuffleBytes-CrossOver-ShuffleBytes-ChangeByte-
#1723	NEW    cov: 652 ft: 1625 corp: 34/187b lim: 6 exec/s: 1723 rss: 58Mb L: 6/6 MS: 2 ShuffleBytes-ChangeByte-
#1767	NEW    cov: 652 ft: 1626 corp: 35/193b lim: 6 exec/s: 1767 rss: 58Mb L: 6/6 MS: 4 ShuffleBytes-EraseBytes-PersAutoDict-ChangeBit- DE: "\340\251\251"-
#1808	REDUCE cov: 652 ft: 1626 corp: 35/192b lim: 6 exec/s: 1808 rss: 58Mb L: 5/6 MS: 1 EraseBytes-
#1822	NEW    cov: 652 ft: 1628 corp: 36/198b lim: 6 exec/s: 1822 rss: 58Mb L: 6/6 MS: 4 CopyPart-ChangeBit-ChangeByte-PersAutoDict- DE: "if"-
#1908	NEW    cov: 652 ft: 1635 corp: 37/204b lim: 6 exec/s: 1908 rss: 58Mb L: 6/6 MS: 1 ChangeByte-
#2119	NEW    cov: 652 ft: 1637 corp: 38/210b lim: 8 exec/s: 2119 rss: 58Mb L: 6/6 MS: 1 ShuffleBytes-
#2141	NEW    cov: 696 ft: 1861 corp: 39/218b lim: 8 exec/s: 1070 rss: 58Mb L: 8/8 MS: 2 CrossOver-CopyPart-
#2157	NEW    cov: 723 ft: 1898 corp: 40/225b lim: 8 exec/s: 1078 rss: 58Mb L: 7/8 MS: 1 InsertByte-
#2169	NEW    cov: 723 ft: 1905 corp: 41/233b lim: 8 exec/s: 1084 rss: 58Mb L: 8/8 MS: 2 CopyPart-CMP- DE: "in"-
#2190	NEW    cov: 723 ft: 1915 corp: 42/241b lim: 8 exec/s: 1095 rss: 58Mb L: 8/8 MS: 1 PersAutoDict- DE: "in"-
#2192	NEW    cov: 723 ft: 1919 corp: 43/249b lim: 8 exec/s: 1096 rss: 58Mb L: 8/8 MS: 2 InsertByte-InsertByte-
#2194	NEW    cov: 723 ft: 1920 corp: 44/256b lim: 8 exec/s: 1097 rss: 58Mb L: 7/8 MS: 2 ChangeBinInt-CrossOver-
#2202	NEW    cov: 723 ft: 1929 corp: 45/264b lim: 8 exec/s: 1101 rss: 58Mb L: 8/8 MS: 3 CopyPart-CopyPart-InsertByte-
#2272	NEW    cov: 723 ft: 1943 corp: 46/270b lim: 8 exec/s: 1136 rss: 58Mb L: 6/8 MS: 5 ShuffleBytes-ShuffleBytes-ShuffleBytes-EraseBytes-InsertByte-
#2295	NEW    cov: 727 ft: 1947 corp: 47/278b lim: 8 exec/s: 1147 rss: 58Mb L: 8/8 MS: 3 CopyPart-ChangeByte-CrossOver-
#2298	NEW    cov: 727 ft: 1956 corp: 48/286b lim: 8 exec/s: 1149 rss: 58Mb L: 8/8 MS: 3 EraseBytes-PersAutoDict-CrossOver- DE: "if"-
#2313	NEW    cov: 729 ft: 1958 corp: 49/293b lim: 8 exec/s: 1156 rss: 58Mb L: 7/8 MS: 5 CMP-CrossOver-ChangeASCIIInt-ChangeBit-CrossOver- DE: "\0350"-
#2359	NEW    cov: 796 ft: 2048 corp: 50/301b lim: 8 exec/s: 1179 rss: 58Mb L: 8/8 MS: 1 ChangeByte-
#2395	NEW    cov: 800 ft: 2066 corp: 51/309b lim: 8 exec/s: 1197 rss: 58Mb L: 8/8 MS: 1 ShuffleBytes-
#2418	REDUCE cov: 800 ft: 2094 corp: 52/317b lim: 8 exec/s: 1209 rss: 58Mb L: 8/8 MS: 3 InsertByte-InsertRepeatedBytes-CrossOver-
#2455	NEW    cov: 800 ft: 2101 corp: 53/324b lim: 8 exec/s: 1227 rss: 58Mb L: 7/8 MS: 2 InsertByte-ChangeBinInt-
#2470	REDUCE cov: 800 ft: 2103 corp: 54/332b lim: 8 exec/s: 1235 rss: 58Mb L: 8/8 MS: 5 CopyPart-InsertByte-CrossOver-CrossOver-ChangeBinInt-
#2477	NEW    cov: 800 ft: 2106 corp: 55/340b lim: 8 exec/s: 1238 rss: 58Mb L: 8/8 MS: 2 ChangeBit-PersAutoDict- DE: "\0350"-
#2499	NEW    cov: 803 ft: 2118 corp: 56/347b lim: 8 exec/s: 1249 rss: 58Mb L: 7/8 MS: 2 ChangeBit-CopyPart-
#2514	NEW    cov: 803 ft: 2249 corp: 57/355b lim: 8 exec/s: 1257 rss: 58Mb L: 8/8 MS: 5 ChangeBinInt-CopyPart-ChangeBit-InsertByte-InsertByte-
#2520	NEW    cov: 803 ft: 2250 corp: 58/363b lim: 8 exec/s: 1260 rss: 58Mb L: 8/8 MS: 1 CrossOver-
#2543	NEW    cov: 952 ft: 2556 corp: 59/371b lim: 8 exec/s: 1271 rss: 58Mb L: 8/8 MS: 3 EraseBytes-InsertRepeatedBytes-InsertByte-
#2570	NEW    cov: 952 ft: 2557 corp: 60/379b lim: 8 exec/s: 1285 rss: 58Mb L: 8/8 MS: 2 EraseBytes-InsertRepeatedBytes-
#2651	NEW    cov: 956 ft: 2561 corp: 61/385b lim: 8 exec/s: 1325 rss: 58Mb L: 6/8 MS: 1 ChangeBit-
#2661	NEW    cov: 958 ft: 2577 corp: 62/393b lim: 8 exec/s: 1330 rss: 58Mb L: 8/8 MS: 5 EraseBytes-PersAutoDict-InsertByte-CrossOver-CopyPart- DE: "for"-
#2801	NEW    cov: 962 ft: 2630 corp: 63/401b lim: 8 exec/s: 1400 rss: 58Mb L: 8/8 MS: 5 PersAutoDict-CMP-ChangeByte-CrossOver-InsertByte- DE: "in"-"\342\274\257\342\275\246"-
#2844	NEW    cov: 965 ft: 2633 corp: 64/409b lim: 8 exec/s: 1422 rss: 58Mb L: 8/8 MS: 3 EraseBytes-InsertByte-CrossOver-
#2862	NEW    cov: 965 ft: 2637 corp: 65/417b lim: 8 exec/s: 1431 rss: 58Mb L: 8/8 MS: 3 InsertByte-ChangeByte-ChangeByte-
#2884	NEW    cov: 965 ft: 2638 corp: 66/423b lim: 8 exec/s: 1442 rss: 58Mb L: 6/8 MS: 2 InsertByte-EraseBytes-
#2887	NEW    cov: 1006 ft: 2683 corp: 67/429b lim: 8 exec/s: 1443 rss: 58Mb L: 6/8 MS: 3 ChangeBinInt-ShuffleBytes-ShuffleBytes-
#2904	NEW    cov: 1006 ft: 2686 corp: 68/437b lim: 8 exec/s: 1452 rss: 58Mb L: 8/8 MS: 2 ChangeBinInt-CrossOver-
#2921	NEW    cov: 1007 ft: 2809 corp: 69/445b lim: 8 exec/s: 1460 rss: 58Mb L: 8/8 MS: 2 CrossOver-CopyPart-
#3048	NEW    cov: 1008 ft: 2812 corp: 70/452b lim: 8 exec/s: 1016 rss: 58Mb L: 7/8 MS: 2 CopyPart-InsertByte-
#3101	NEW    cov: 1012 ft: 2816 corp: 71/460b lim: 8 exec/s: 1033 rss: 58Mb L: 8/8 MS: 3 ShuffleBytes-PersAutoDict-ChangeByte- DE: "if"-
#3183	REDUCE cov: 1012 ft: 2816 corp: 71/459b lim: 8 exec/s: 1061 rss: 58Mb L: 7/8 MS: 2 EraseBytes-InsertByte-
#3185	NEW    cov: 1020 ft: 2830 corp: 72/467b lim: 8 exec/s: 1061 rss: 58Mb L: 8/8 MS: 2 CrossOver-CopyPart-
#3192	NEW    cov: 1020 ft: 2831 corp: 73/475b lim: 8 exec/s: 1064 rss: 58Mb L: 8/8 MS: 2 ShuffleBytes-ChangeByte-
#3218	NEW    cov: 1020 ft: 2832 corp: 74/482b lim: 8 exec/s: 1072 rss: 58Mb L: 7/8 MS: 1 InsertByte-
#3233	NEW    cov: 1020 ft: 2833 corp: 75/490b lim: 8 exec/s: 1077 rss: 58Mb L: 8/8 MS: 5 ChangeByte-ChangeBinInt-PersAutoDict-CMP-CrossOver- DE: "in"-"\377\377"-
#3329	NEW    cov: 1023 ft: 2862 corp: 76/497b lim: 8 exec/s: 1109 rss: 58Mb L: 7/8 MS: 1 InsertByte-
#3338	NEW    cov: 1075 ft: 2948 corp: 77/503b lim: 8 exec/s: 1112 rss: 58Mb L: 6/8 MS: 4 CMP-EraseBytes-CopyPart-InsertByte- DE: "(\000\000\000\000\000\000\000"-
#3344	NEW    cov: 1100 ft: 2978 corp: 78/511b lim: 8 exec/s: 1114 rss: 58Mb L: 8/8 MS: 1 ChangeByte-
#3397	NEW    cov: 1100 ft: 2979 corp: 79/519b lim: 8 exec/s: 1132 rss: 58Mb L: 8/8 MS: 3 ChangeByte-ChangeBinInt-ChangeByte-
#3401	NEW    cov: 1100 ft: 3021 corp: 80/527b lim: 8 exec/s: 1133 rss: 58Mb L: 8/8 MS: 4 EraseBytes-ChangeBit-CopyPart-CrossOver-
#3487	REDUCE cov: 1100 ft: 3021 corp: 80/526b lim: 8 exec/s: 1162 rss: 58Mb L: 7/8 MS: 1 CrossOver-
#3719	NEW    cov: 1100 ft: 3022 corp: 81/534b lim: 8 exec/s: 929 rss: 58Mb L: 8/8 MS: 2 CrossOver-CrossOver-
#3915	NEW    cov: 1100 ft: 3031 corp: 82/542b lim: 8 exec/s: 978 rss: 58Mb L: 8/8 MS: 1 CopyPart-
#4025	NEW    cov: 1100 ft: 3055 corp: 83/549b lim: 8 exec/s: 1006 rss: 58Mb L: 7/8 MS: 5 CMP-ChangeByte-InsertByte-ChangeByte-CMP- DE: "\000\000"-"\377\377"-
#4096	pulse  cov: 1100 ft: 3055 corp: 83/549b lim: 8 exec/s: 1024 rss: 58Mb
#4197	NEW    cov: 1100 ft: 3056 corp: 84/557b lim: 8 exec/s: 1049 rss: 58Mb L: 8/8 MS: 2 PersAutoDict-PersAutoDict- DE: "for"-"\000\000"-
#4334	NEW    cov: 1100 ft: 3065 corp: 85/565b lim: 8 exec/s: 1083 rss: 58Mb L: 8/8 MS: 2 ChangeByte-ChangeBinInt-
#4412	NEW    cov: 1102 ft: 3067 corp: 86/573b lim: 8 exec/s: 1103 rss: 58Mb L: 8/8 MS: 3 PersAutoDict-ChangeBit-ChangeByte- DE: "in"-
#4544	NEW    cov: 1102 ft: 3069 corp: 87/581b lim: 8 exec/s: 908 rss: 58Mb L: 8/8 MS: 2 CrossOver-PersAutoDict- DE: "\340\251\251"-
#4554	NEW    cov: 1123 ft: 3090 corp: 88/588b lim: 8 exec/s: 910 rss: 58Mb L: 7/8 MS: 5 ChangeBinInt-ChangeBinInt-InsertByte-ShuffleBytes-ChangeBit-
#4635	REDUCE cov: 1123 ft: 3093 corp: 89/596b lim: 8 exec/s: 927 rss: 58Mb L: 8/8 MS: 1 InsertByte-
#4782	REDUCE cov: 1123 ft: 3093 corp: 89/595b lim: 8 exec/s: 956 rss: 58Mb L: 7/8 MS: 2 ShuffleBytes-EraseBytes-
#4889	NEW    cov: 1123 ft: 3095 corp: 90/601b lim: 8 exec/s: 977 rss: 58Mb L: 6/8 MS: 2 CrossOver-ChangeByte-
#5040	NEW    cov: 1131 ft: 3103 corp: 91/609b lim: 8 exec/s: 1008 rss: 58Mb L: 8/8 MS: 1 InsertByte-
#5364	NEW    cov: 1131 ft: 3104 corp: 92/619b lim: 11 exec/s: 894 rss: 58Mb L: 10/10 MS: 4 ShuffleBytes-ChangeBit-ShuffleBytes-PersAutoDict- DE: "if"-
#5487	NEW    cov: 1131 ft: 3137 corp: 93/629b lim: 11 exec/s: 914 rss: 58Mb L: 10/10 MS: 3 ShuffleBytes-ChangeByte-CopyPart-
#5550	NEW    cov: 1131 ft: 3138 corp: 94/640b lim: 11 exec/s: 925 rss: 58Mb L: 11/11 MS: 3 CrossOver-CrossOver-ChangeBinInt-
#5887	NEW    cov: 1131 ft: 3140 corp: 95/654b lim: 14 exec/s: 981 rss: 58Mb L: 14/14 MS: 2 CopyPart-CopyPart-
#6007	NEW    cov: 1131 ft: 3170 corp: 96/665b lim: 14 exec/s: 858 rss: 58Mb L: 11/14 MS: 5 InsertRepeatedBytes-ChangeByte-ShuffleBytes-CopyPart-CopyPart-
#6038	NEW    cov: 1131 ft: 3173 corp: 97/679b lim: 14 exec/s: 862 rss: 58Mb L: 14/14 MS: 1 CrossOver-
#6124	NEW    cov: 1132 ft: 3300 corp: 98/693b lim: 14 exec/s: 874 rss: 58Mb L: 14/14 MS: 1 ShuffleBytes-
#6131	NEW    cov: 1133 ft: 3301 corp: 99/702b lim: 14 exec/s: 875 rss: 58Mb L: 9/14 MS: 2 ChangeByte-CMP- DE: "def"-
#6153	NEW    cov: 1133 ft: 3303 corp: 100/712b lim: 14 exec/s: 879 rss: 58Mb L: 10/14 MS: 2 ChangeBit-CrossOver-
#6309	REDUCE cov: 1133 ft: 3303 corp: 100/711b lim: 14 exec/s: 901 rss: 58Mb L: 7/14 MS: 1 EraseBytes-
#6470	NEW    cov: 1133 ft: 3306 corp: 101/721b lim: 14 exec/s: 924 rss: 58Mb L: 10/14 MS: 1 CopyPart-
#6512	NEW    cov: 1133 ft: 3308 corp: 102/733b lim: 14 exec/s: 930 rss: 58Mb L: 12/14 MS: 2 PersAutoDict-InsertByte- DE: "for"-
#6579	REDUCE cov: 1133 ft: 3337 corp: 103/745b lim: 14 exec/s: 939 rss: 58Mb L: 12/14 MS: 2 InsertByte-CopyPart-
#6769	NEW    cov: 1133 ft: 3340 corp: 104/757b lim: 14 exec/s: 846 rss: 58Mb L: 12/14 MS: 5 InsertRepeatedBytes-ShuffleBytes-CrossOver-EraseBytes-ChangeBinInt-
#6795	NEW    cov: 1135 ft: 3342 corp: 105/765b lim: 14 exec/s: 849 rss: 58Mb L: 8/14 MS: 1 InsertByte-
#6910	NEW    cov: 1135 ft: 3345 corp: 106/776b lim: 14 exec/s: 863 rss: 59Mb L: 11/14 MS: 5 EraseBytes-CrossOver-EraseBytes-PersAutoDict-ChangeBinInt- DE: "\342\274\257\342\275\246"-
#6999	NEW    cov: 1136 ft: 3346 corp: 107/789b lim: 14 exec/s: 874 rss: 59Mb L: 13/14 MS: 4 PersAutoDict-CrossOver-CMP-ChangeByte- DE: "def"-"\000\000"-
#7005	NEW    cov: 1136 ft: 3348 corp: 108/803b lim: 14 exec/s: 875 rss: 59Mb L: 14/14 MS: 1 InsertRepeatedBytes-
#7056	NEW    cov: 1136 ft: 3353 corp: 109/812b lim: 14 exec/s: 882 rss: 59Mb L: 9/14 MS: 1 InsertByte-
#7225	NEW    cov: 1136 ft: 3354 corp: 110/826b lim: 14 exec/s: 903 rss: 59Mb L: 14/14 MS: 4 CopyPart-ChangeBit-CMP-CopyPart- DE: "for"-
#7272	NEW    cov: 1136 ft: 3377 corp: 111/838b lim: 14 exec/s: 909 rss: 59Mb L: 12/14 MS: 2 ChangeBit-CopyPart-
#7357	NEW    cov: 1136 ft: 3380 corp: 112/851b lim: 14 exec/s: 919 rss: 59Mb L: 13/14 MS: 5 InsertByte-InsertRepeatedBytes-ChangeByte-CrossOver-CrossOver-
#7401	NEW    cov: 1150 ft: 3411 corp: 113/861b lim: 14 exec/s: 925 rss: 59Mb L: 10/14 MS: 4 CopyPart-CrossOver-ChangeBinInt-CopyPart-
#7565	NEW    cov: 1150 ft: 3423 corp: 114/872b lim: 14 exec/s: 840 rss: 59Mb L: 11/14 MS: 4 InsertByte-ChangeASCIIInt-ChangeASCIIInt-CMP- DE: "is"-
#7603	NEW    cov: 1157 ft: 3432 corp: 115/882b lim: 14 exec/s: 844 rss: 59Mb L: 10/14 MS: 3 CMP-CrossOver-ShuffleBytes- DE: "\000\000"-
#7616	REDUCE cov: 1158 ft: 3433 corp: 116/893b lim: 14 exec/s: 846 rss: 59Mb L: 11/14 MS: 3 ChangeByte-PersAutoDict-CrossOver- DE: "def"-
#7627	NEW    cov: 1158 ft: 3436 corp: 117/904b lim: 14 exec/s: 847 rss: 59Mb L: 11/14 MS: 1 CopyPart-
#7649	NEW    cov: 1158 ft: 3439 corp: 118/916b lim: 14 exec/s: 849 rss: 59Mb L: 12/14 MS: 2 EraseBytes-CrossOver-
#7796	REDUCE cov: 1158 ft: 3439 corp: 118/915b lim: 14 exec/s: 866 rss: 59Mb L: 13/14 MS: 2 CMP-CrossOver- DE: "\377\377"-
#7874	NEW    cov: 1158 ft: 3450 corp: 119/929b lim: 14 exec/s: 874 rss: 59Mb L: 14/14 MS: 3 InsertRepeatedBytes-CopyPart-CopyPart-
#7906	NEW    cov: 1158 ft: 3451 corp: 120/942b lim: 14 exec/s: 878 rss: 59Mb L: 13/14 MS: 2 CopyPart-CopyPart-
#8008	NEW    cov: 1159 ft: 3453 corp: 121/950b lim: 14 exec/s: 889 rss: 59Mb L: 8/14 MS: 2 CopyPart-CrossOver-
#8140	NEW    cov: 1159 ft: 3509 corp: 122/961b lim: 14 exec/s: 904 rss: 59Mb L: 11/14 MS: 2 ChangeBit-CopyPart-
#8192	pulse  cov: 1159 ft: 3509 corp: 122/961b lim: 14 exec/s: 910 rss: 59Mb
#8213	NEW    cov: 1209 ft: 3575 corp: 123/973b lim: 14 exec/s: 821 rss: 59Mb L: 12/14 MS: 3 InsertByte-CrossOver-ShuffleBytes-
#8308	NEW    cov: 1209 ft: 3587 corp: 124/983b lim: 14 exec/s: 830 rss: 59Mb L: 10/14 MS: 5 ChangeBit-InsertByte-InsertByte-InsertByte-EraseBytes-
#8341	NEW    cov: 1209 ft: 3600 corp: 125/997b lim: 14 exec/s: 834 rss: 59Mb L: 14/14 MS: 3 CopyPart-CopyPart-ShuffleBytes-
#8446	NEW    cov: 1209 ft: 3601 corp: 126/1011b lim: 14 exec/s: 844 rss: 59Mb L: 14/14 MS: 5 ChangeBinInt-InsertRepeatedBytes-ChangeASCIIInt-CMP-CrossOver- DE: "def"-
#8483	NEW    cov: 1209 ft: 3604 corp: 127/1021b lim: 14 exec/s: 848 rss: 59Mb L: 10/14 MS: 2 ChangeBit-CopyPart-
#8555	NEW    cov: 1209 ft: 3605 corp: 128/1031b lim: 14 exec/s: 855 rss: 59Mb L: 10/14 MS: 2 ChangeBit-CopyPart-
#8734	NEW    cov: 1209 ft: 3607 corp: 129/1043b lim: 14 exec/s: 873 rss: 59Mb L: 12/14 MS: 4 CMP-CrossOver-ShuffleBytes-ChangeByte- DE: "\345\205\221\346\271\251"-
#8849	DONE   cov: 1209 ft: 3607 corp: 129/1043b lim: 14 exec/s: 804 rss: 59Mb
###### Recommended dictionary. ######
"if" # Uses: 155
"for" # Uses: 84
"\340\251\251" # Uses: 61
"in" # Uses: 77
"\0350" # Uses: 55
"\342\274\257\342\275\246" # Uses: 38
"\377\377" # Uses: 46
"(\000\000\000\000\000\000\000" # Uses: 17
"\000\000" # Uses: 45
"def" # Uses: 23
"is" # Uses: 12
"\345\205\221\346\271\251" # Uses: 1
###### End of recommended dictionary. ######
Done 8849 runs in 11 second(s)
